Command line invocation:
    /Applications/Xcode.app/Contents/Developer/usr/bin/xcodebuild -project TaxedGmbH_IOS.xcodeproj -scheme TaxedGmbH_IOS -sdk iphoneos -destination generic/platform=iOS clean build

Build settings from command line:
    SDKROOT = iphoneos26.1

Resolve Package Graph


Resolved source packages:
  GTMSessionFetcher: https://github.com/google/gtm-session-fetcher.git @ 3.5.0
  nanopb: https://github.com/firebase/nanopb.git @ 2.30910.0
  GoogleUtilities: https://github.com/google/GoogleUtilities.git @ 8.1.0
  GoogleAdsOnDeviceConversion: https://github.com/googleads/google-ads-on-device-conversion-ios-sdk @ 3.2.0
  SwiftProtobuf: https://github.com/apple/swift-protobuf.git @ 1.28.1
  InteropForGoogle: https://github.com/google/interop-ios-for-google-sdks.git @ 101.0.0
  GoogleAppMeasurement: https://github.com/google/GoogleAppMeasurement.git @ 12.5.0
  abseil: https://github.com/google/abseil-cpp-binary.git @ 1.2024072200.0
  Promises: https://github.com/google/promises.git @ 2.4.0
  AppCheck: https://github.com/google/app-check.git @ 11.2.0
  GoogleDataTransport: https://github.com/google/GoogleDataTransport.git @ 10.1.0
  Firebase: https://github.com/firebase/firebase-ios-sdk @ 12.6.0
  gRPC: https://github.com/google/grpc-binary.git @ 1.69.1
  leveldb: https://github.com/firebase/leveldb.git @ 1.22.5

CreateBuildRequest

SendProjectDescription

CreateBuildOperation

** CLEAN SUCCEEDED **

ComputePackagePrebuildTargetDependencyGraph

Prepare packages

CreateBuildRequest

SendProjectDescription

CreateBuildOperation

ComputeTargetDependencyGraph
note: Building targets in dependency order
note: Target dependency graph (89 targets)
    Target 'TaxedGmbH_IOS' in project 'TaxedGmbH_IOS'
        ➜ Explicit dependency on target 'FirebaseAuth' in project 'Firebase'
        ➜ Explicit dependency on target 'FirebaseFirestore' in project 'Firebase'
        ➜ Explicit dependency on target 'FirebaseAnalytics' in project 'Firebase'
        ➜ Explicit dependency on target 'FirebaseStorage' in project 'Firebase'
        ➜ Explicit dependency on target 'FirebaseFunctions' in project 'Firebase'
        ➜ Explicit dependency on target 'FirebaseMessaging' in project 'Firebase'
    Target 'FirebaseMessaging' in project 'Firebase'
        ➜ Explicit dependency on target 'FirebaseMessaging' in project 'Firebase'
        ➜ Explicit dependency on target 'Firebase_FirebaseMessaging' in project 'Firebase'
        ➜ Explicit dependency on target 'Firebase' in project 'Firebase'
        ➜ Explicit dependency on target 'FirebaseCoreInternal' in project 'Firebase'
        ➜ Explicit dependency on target 'FirebaseCore' in project 'Firebase'
        ➜ Explicit dependency on target 'FirebaseInstallations' in project 'Firebase'
        ➜ Explicit dependency on target 'GULNSData' in project 'GoogleUtilities'
        ➜ Explicit dependency on target 'GULEnvironment' in project 'GoogleUtilities'
        ➜ Explicit dependency on target 'GULLogger' in project 'GoogleUtilities'
        ➜ Explicit dependency on target 'FBLPromises' in project 'Promises'
        ➜ Explicit dependency on target 'GULUserDefaults' in project 'GoogleUtilities'
        ➜ Explicit dependency on target 'GULAppDelegateSwizzler' in project 'GoogleUtilities'
        ➜ Explicit dependency on target 'GULReachability' in project 'GoogleUtilities'
        ➜ Explicit dependency on target 'GoogleDataTransport' in project 'GoogleDataTransport'
        ➜ Explicit dependency on target 'nanopb' in project 'nanopb'
    Target 'FirebaseMessaging' in project 'Firebase'
        ➜ Explicit dependency on target 'Firebase_FirebaseMessaging' in project 'Firebase'
        ➜ Explicit dependency on target 'Firebase' in project 'Firebase'
        ➜ Explicit dependency on target 'FirebaseCoreInternal' in project 'Firebase'
        ➜ Explicit dependency on target 'FirebaseCore' in project 'Firebase'
        ➜ Explicit dependency on target 'FirebaseInstallations' in project 'Firebase'
        ➜ Explicit dependency on target 'GULNSData' in project 'GoogleUtilities'
        ➜ Explicit dependency on target 'GULEnvironment' in project 'GoogleUtilities'
        ➜ Explicit dependency on target 'GULLogger' in project 'GoogleUtilities'
        ➜ Explicit dependency on target 'FBLPromises' in project 'Promises'
        ➜ Explicit dependency on target 'GULUserDefaults' in project 'GoogleUtilities'
        ➜ Explicit dependency on target 'GULAppDelegateSwizzler' in project 'GoogleUtilities'
        ➜ Explicit dependency on target 'GULReachability' in project 'GoogleUtilities'
        ➜ Explicit dependency on target 'GoogleDataTransport' in project 'GoogleDataTransport'
        ➜ Explicit dependency on target 'nanopb' in project 'nanopb'
    Target 'GoogleDataTransport' in project 'GoogleDataTransport'
        ➜ Explicit dependency on target 'GoogleDataTransport' in project 'GoogleDataTransport'
        ➜ Explicit dependency on target 'GoogleDataTransport_GoogleDataTransport' in project 'GoogleDataTransport'
        ➜ Explicit dependency on target 'nanopb' in project 'nanopb'
        ➜ Explicit dependency on target 'FBLPromises' in project 'Promises'
    Target 'GoogleDataTransport' in project 'GoogleDataTransport'
        ➜ Explicit dependency on target 'GoogleDataTransport_GoogleDataTransport' in project 'GoogleDataTransport'
        ➜ Explicit dependency on target 'nanopb' in project 'nanopb'
        ➜ Explicit dependency on target 'FBLPromises' in project 'Promises'
    Target 'GoogleDataTransport_GoogleDataTransport' in project 'GoogleDataTransport' (no dependencies)
    Target 'GULReachability' in project 'GoogleUtilities'
        ➜ Explicit dependency on target 'GoogleUtilities-Reachability' in project 'GoogleUtilities'
        ➜ Explicit dependency on target 'GoogleUtilities_GoogleUtilities-Reachability' in project 'GoogleUtilities'
        ➜ Explicit dependency on target 'third-party-IsAppEncrypted' in project 'GoogleUtilities'
        ➜ Explicit dependency on target 'GoogleUtilities-Environment' in project 'GoogleUtilities'
        ➜ Explicit dependency on target 'GoogleUtilities-Logger' in project 'GoogleUtilities'
    Target 'Firebase_FirebaseMessaging' in project 'Firebase' (no dependencies)
    Target 'FirebaseFunctions' in project 'Firebase'
        ➜ Explicit dependency on target 'FirebaseFunctions' in project 'Firebase'
        ➜ Explicit dependency on target 'FirebaseAppCheckInterop' in project 'Firebase'
        ➜ Explicit dependency on target 'FirebaseAuthInterop' in project 'Firebase'
        ➜ Explicit dependency on target 'Firebase' in project 'Firebase'
        ➜ Explicit dependency on target 'FirebaseCoreInternal' in project 'Firebase'
        ➜ Explicit dependency on target 'FirebaseCore' in project 'Firebase'
        ➜ Explicit dependency on target 'FirebaseCoreExtension' in project 'Firebase'
        ➜ Explicit dependency on target 'FirebaseMessagingInterop' in project 'Firebase'
        ➜ Explicit dependency on target 'FirebaseSharedSwift' in project 'Firebase'
        ➜ Explicit dependency on target 'GULNSData' in project 'GoogleUtilities'
        ➜ Explicit dependency on target 'GULEnvironment' in project 'GoogleUtilities'
        ➜ Explicit dependency on target 'GULLogger' in project 'GoogleUtilities'
        ➜ Explicit dependency on target 'GTMSessionFetcherCore' in project 'GTMSessionFetcher'
    Target 'FirebaseFunctions' in project 'Firebase'
        ➜ Explicit dependency on target 'FirebaseAppCheckInterop' in project 'Firebase'
        ➜ Explicit dependency on target 'FirebaseAuthInterop' in project 'Firebase'
        ➜ Explicit dependency on target 'Firebase' in project 'Firebase'
        ➜ Explicit dependency on target 'FirebaseCoreInternal' in project 'Firebase'
        ➜ Explicit dependency on target 'FirebaseCore' in project 'Firebase'
        ➜ Explicit dependency on target 'FirebaseCoreExtension' in project 'Firebase'
        ➜ Explicit dependency on target 'FirebaseMessagingInterop' in project 'Firebase'
        ➜ Explicit dependency on target 'FirebaseSharedSwift' in project 'Firebase'
        ➜ Explicit dependency on target 'GULNSData' in project 'GoogleUtilities'
        ➜ Explicit dependency on target 'GULEnvironment' in project 'GoogleUtilities'
        ➜ Explicit dependency on target 'GULLogger' in project 'GoogleUtilities'
        ➜ Explicit dependency on target 'GTMSessionFetcherCore' in project 'GTMSessionFetcher'
    Target 'FirebaseMessagingInterop' in project 'Firebase' (no dependencies)
    Target 'FirebaseStorage' in project 'Firebase'
        ➜ Explicit dependency on target 'FirebaseStorage' in project 'Firebase'
        ➜ Explicit dependency on target 'FirebaseAppCheckInterop' in project 'Firebase'
        ➜ Explicit dependency on target 'FirebaseAuthInterop' in project 'Firebase'
        ➜ Explicit dependency on target 'Firebase' in project 'Firebase'
        ➜ Explicit dependency on target 'FirebaseCoreInternal' in project 'Firebase'
        ➜ Explicit dependency on target 'FirebaseCore' in project 'Firebase'
        ➜ Explicit dependency on target 'FirebaseCoreExtension' in project 'Firebase'
        ➜ Explicit dependency on target 'GULNSData' in project 'GoogleUtilities'
        ➜ Explicit dependency on target 'GULEnvironment' in project 'GoogleUtilities'
        ➜ Explicit dependency on target 'GULLogger' in project 'GoogleUtilities'
        ➜ Explicit dependency on target 'GTMSessionFetcherCore' in project 'GTMSessionFetcher'
    Target 'FirebaseStorage' in project 'Firebase'
        ➜ Explicit dependency on target 'FirebaseAppCheckInterop' in project 'Firebase'
        ➜ Explicit dependency on target 'FirebaseAuthInterop' in project 'Firebase'
        ➜ Explicit dependency on target 'Firebase' in project 'Firebase'
        ➜ Explicit dependency on target 'FirebaseCoreInternal' in project 'Firebase'
        ➜ Explicit dependency on target 'FirebaseCore' in project 'Firebase'
        ➜ Explicit dependency on target 'FirebaseCoreExtension' in project 'Firebase'
        ➜ Explicit dependency on target 'GULNSData' in project 'GoogleUtilities'
        ➜ Explicit dependency on target 'GULEnvironment' in project 'GoogleUtilities'
        ➜ Explicit dependency on target 'GULLogger' in project 'GoogleUtilities'
        ➜ Explicit dependency on target 'GTMSessionFetcherCore' in project 'GTMSessionFetcher'
    Target 'FirebaseAnalytics' in project 'Firebase'
        ➜ Explicit dependency on target 'FirebaseAnalyticsTarget' in project 'Firebase'
        ➜ Explicit dependency on target 'Firebase' in project 'Firebase'
        ➜ Explicit dependency on target 'FirebaseCoreInternal' in project 'Firebase'
        ➜ Explicit dependency on target 'FirebaseCore' in project 'Firebase'
        ➜ Explicit dependency on target 'FirebaseInstallations' in project 'Firebase'
        ➜ Explicit dependency on target 'FirebaseAnalyticsWrapper' in project 'Firebase'
        ➜ Explicit dependency on target 'GULNSData' in project 'GoogleUtilities'
        ➜ Explicit dependency on target 'GULEnvironment' in project 'GoogleUtilities'
        ➜ Explicit dependency on target 'GULLogger' in project 'GoogleUtilities'
        ➜ Explicit dependency on target 'FBLPromises' in project 'Promises'
        ➜ Explicit dependency on target 'GULUserDefaults' in project 'GoogleUtilities'
        ➜ Explicit dependency on target 'GoogleAppMeasurement' in project 'GoogleAppMeasurement'
        ➜ Explicit dependency on target 'GULAppDelegateSwizzler' in project 'GoogleUtilities'
        ➜ Explicit dependency on target 'GULMethodSwizzler' in project 'GoogleUtilities'
        ➜ Explicit dependency on target 'GULNetwork' in project 'GoogleUtilities'
        ➜ Explicit dependency on target 'nanopb' in project 'nanopb'
    Target 'FirebaseAnalyticsTarget' in project 'Firebase'
        ➜ Explicit dependency on target 'Firebase' in project 'Firebase'
        ➜ Explicit dependency on target 'FirebaseCoreInternal' in project 'Firebase'
        ➜ Explicit dependency on target 'FirebaseCore' in project 'Firebase'
        ➜ Explicit dependency on target 'FirebaseInstallations' in project 'Firebase'
        ➜ Explicit dependency on target 'FirebaseAnalyticsWrapper' in project 'Firebase'
        ➜ Explicit dependency on target 'GULNSData' in project 'GoogleUtilities'
        ➜ Explicit dependency on target 'GULEnvironment' in project 'GoogleUtilities'
        ➜ Explicit dependency on target 'GULLogger' in project 'GoogleUtilities'
        ➜ Explicit dependency on target 'FBLPromises' in project 'Promises'
        ➜ Explicit dependency on target 'GULUserDefaults' in project 'GoogleUtilities'
        ➜ Explicit dependency on target 'GoogleAppMeasurement' in project 'GoogleAppMeasurement'
        ➜ Explicit dependency on target 'GULAppDelegateSwizzler' in project 'GoogleUtilities'
        ➜ Explicit dependency on target 'GULMethodSwizzler' in project 'GoogleUtilities'
        ➜ Explicit dependency on target 'GULNetwork' in project 'GoogleUtilities'
        ➜ Explicit dependency on target 'nanopb' in project 'nanopb'
    Target 'FirebaseAnalyticsWrapper' in project 'Firebase'
        ➜ Explicit dependency on target 'Firebase' in project 'Firebase'
        ➜ Explicit dependency on target 'FirebaseCoreInternal' in project 'Firebase'
        ➜ Explicit dependency on target 'FirebaseCore' in project 'Firebase'
        ➜ Explicit dependency on target 'FirebaseInstallations' in project 'Firebase'
        ➜ Explicit dependency on target 'GULNSData' in project 'GoogleUtilities'
        ➜ Explicit dependency on target 'GULEnvironment' in project 'GoogleUtilities'
        ➜ Explicit dependency on target 'GULLogger' in project 'GoogleUtilities'
        ➜ Explicit dependency on target 'FBLPromises' in project 'Promises'
        ➜ Explicit dependency on target 'GULUserDefaults' in project 'GoogleUtilities'
        ➜ Explicit dependency on target 'GoogleAppMeasurement' in project 'GoogleAppMeasurement'
        ➜ Explicit dependency on target 'GULAppDelegateSwizzler' in project 'GoogleUtilities'
        ➜ Explicit dependency on target 'GULMethodSwizzler' in project 'GoogleUtilities'
        ➜ Explicit dependency on target 'GULNetwork' in project 'GoogleUtilities'
        ➜ Explicit dependency on target 'nanopb' in project 'nanopb'
    Target 'GoogleAppMeasurement' in project 'GoogleAppMeasurement'
        ➜ Explicit dependency on target 'GoogleAppMeasurementTarget' in project 'GoogleAppMeasurement'
        ➜ Explicit dependency on target 'GULAppDelegateSwizzler' in project 'GoogleUtilities'
        ➜ Explicit dependency on target 'GULMethodSwizzler' in project 'GoogleUtilities'
        ➜ Explicit dependency on target 'GULNSData' in project 'GoogleUtilities'
        ➜ Explicit dependency on target 'GULNetwork' in project 'GoogleUtilities'
        ➜ Explicit dependency on target 'GULLogger' in project 'GoogleUtilities'
        ➜ Explicit dependency on target 'GULEnvironment' in project 'GoogleUtilities'
        ➜ Explicit dependency on target 'nanopb' in project 'nanopb'
        ➜ Explicit dependency on target 'GoogleAdsOnDeviceConversion' in project 'GoogleAdsOnDeviceConversion'
    Target 'GoogleAppMeasurementTarget' in project 'GoogleAppMeasurement'
        ➜ Explicit dependency on target 'GULAppDelegateSwizzler' in project 'GoogleUtilities'
        ➜ Explicit dependency on target 'GULMethodSwizzler' in project 'GoogleUtilities'
        ➜ Explicit dependency on target 'GULNSData' in project 'GoogleUtilities'
        ➜ Explicit dependency on target 'GULNetwork' in project 'GoogleUtilities'
        ➜ Explicit dependency on target 'GULLogger' in project 'GoogleUtilities'
        ➜ Explicit dependency on target 'GULEnvironment' in project 'GoogleUtilities'
        ➜ Explicit dependency on target 'nanopb' in project 'nanopb'
        ➜ Explicit dependency on target 'GoogleAdsOnDeviceConversion' in project 'GoogleAdsOnDeviceConversion'
    Target 'GoogleAdsOnDeviceConversion' in project 'GoogleAdsOnDeviceConversion'
        ➜ Explicit dependency on target 'GoogleAdsOnDeviceConversionTarget' in project 'GoogleAdsOnDeviceConversion'
        ➜ Explicit dependency on target 'GULEnvironment' in project 'GoogleUtilities'
        ➜ Explicit dependency on target 'GULLogger' in project 'GoogleUtilities'
        ➜ Explicit dependency on target 'GULNetwork' in project 'GoogleUtilities'
        ➜ Explicit dependency on target 'nanopb' in project 'nanopb'
    Target 'GoogleAdsOnDeviceConversionTarget' in project 'GoogleAdsOnDeviceConversion'
        ➜ Explicit dependency on target 'GULEnvironment' in project 'GoogleUtilities'
        ➜ Explicit dependency on target 'GULLogger' in project 'GoogleUtilities'
        ➜ Explicit dependency on target 'GULNetwork' in project 'GoogleUtilities'
        ➜ Explicit dependency on target 'nanopb' in project 'nanopb'
    Target 'GULNetwork' in project 'GoogleUtilities'
        ➜ Explicit dependency on target 'GoogleUtilities-Network' in project 'GoogleUtilities'
        ➜ Explicit dependency on target 'GoogleUtilities_GoogleUtilities-Network' in project 'GoogleUtilities'
        ➜ Explicit dependency on target 'third-party-IsAppEncrypted' in project 'GoogleUtilities'
        ➜ Explicit dependency on target 'GoogleUtilities-Environment' in project 'GoogleUtilities'
        ➜ Explicit dependency on target 'GoogleUtilities-Logger' in project 'GoogleUtilities'
        ➜ Explicit dependency on target 'GoogleUtilities-NSData' in project 'GoogleUtilities'
        ➜ Explicit dependency on target 'GoogleUtilities-Reachability' in project 'GoogleUtilities'
    Target 'GULMethodSwizzler' in project 'GoogleUtilities'
        ➜ Explicit dependency on target 'GoogleUtilities-MethodSwizzler' in project 'GoogleUtilities'
        ➜ Explicit dependency on target 'GoogleUtilities_GoogleUtilities-MethodSwizzler' in project 'GoogleUtilities'
        ➜ Explicit dependency on target 'third-party-IsAppEncrypted' in project 'GoogleUtilities'
        ➜ Explicit dependency on target 'GoogleUtilities-Environment' in project 'GoogleUtilities'
        ➜ Explicit dependency on target 'GoogleUtilities-Logger' in project 'GoogleUtilities'
    Target 'GoogleUtilities-MethodSwizzler' in project 'GoogleUtilities'
        ➜ Explicit dependency on target 'GoogleUtilities_GoogleUtilities-MethodSwizzler' in project 'GoogleUtilities'
        ➜ Explicit dependency on target 'third-party-IsAppEncrypted' in project 'GoogleUtilities'
        ➜ Explicit dependency on target 'GoogleUtilities-Environment' in project 'GoogleUtilities'
        ➜ Explicit dependency on target 'GoogleUtilities-Logger' in project 'GoogleUtilities'
    Target 'GoogleUtilities_GoogleUtilities-MethodSwizzler' in project 'GoogleUtilities' (no dependencies)
    Target 'FirebaseInstallations' in project 'Firebase'
        ➜ Explicit dependency on target 'Firebase_FirebaseInstallations' in project 'Firebase'
        ➜ Explicit dependency on target 'Firebase' in project 'Firebase'
        ➜ Explicit dependency on target 'FirebaseCoreInternal' in project 'Firebase'
        ➜ Explicit dependency on target 'FirebaseCore' in project 'Firebase'
        ➜ Explicit dependency on target 'GULNSData' in project 'GoogleUtilities'
        ➜ Explicit dependency on target 'GULEnvironment' in project 'GoogleUtilities'
        ➜ Explicit dependency on target 'GULLogger' in project 'GoogleUtilities'
        ➜ Explicit dependency on target 'FBLPromises' in project 'Promises'
        ➜ Explicit dependency on target 'GULUserDefaults' in project 'GoogleUtilities'
    Target 'GULUserDefaults' in project 'GoogleUtilities'
        ➜ Explicit dependency on target 'GoogleUtilities-UserDefaults' in project 'GoogleUtilities'
        ➜ Explicit dependency on target 'GoogleUtilities_GoogleUtilities-UserDefaults' in project 'GoogleUtilities'
        ➜ Explicit dependency on target 'third-party-IsAppEncrypted' in project 'GoogleUtilities'
        ➜ Explicit dependency on target 'GoogleUtilities-Environment' in project 'GoogleUtilities'
        ➜ Explicit dependency on target 'GoogleUtilities-Logger' in project 'GoogleUtilities'
    Target 'GoogleUtilities-UserDefaults' in project 'GoogleUtilities'
        ➜ Explicit dependency on target 'GoogleUtilities_GoogleUtilities-UserDefaults' in project 'GoogleUtilities'
        ➜ Explicit dependency on target 'third-party-IsAppEncrypted' in project 'GoogleUtilities'
        ➜ Explicit dependency on target 'GoogleUtilities-Environment' in project 'GoogleUtilities'
        ➜ Explicit dependency on target 'GoogleUtilities-Logger' in project 'GoogleUtilities'
    Target 'GoogleUtilities_GoogleUtilities-UserDefaults' in project 'GoogleUtilities' (no dependencies)
    Target 'FBLPromises' in project 'Promises'
        ➜ Explicit dependency on target 'FBLPromises' in project 'Promises'
        ➜ Explicit dependency on target 'Promises_FBLPromises' in project 'Promises'
    Target 'FBLPromises' in project 'Promises'
        ➜ Explicit dependency on target 'Promises_FBLPromises' in project 'Promises'
    Target 'Promises_FBLPromises' in project 'Promises' (no dependencies)
    Target 'Firebase_FirebaseInstallations' in project 'Firebase' (no dependencies)
    Target 'FirebaseFirestore' in project 'Firebase'
        ➜ Explicit dependency on target 'FirebaseFirestoreTarget' in project 'Firebase'
        ➜ Explicit dependency on target 'FirebaseFirestoreInternalWrapper' in project 'Firebase'
        ➜ Explicit dependency on target 'FirebaseAppCheckInterop' in project 'Firebase'
        ➜ Explicit dependency on target 'Firebase' in project 'Firebase'
        ➜ Explicit dependency on target 'FirebaseCoreInternal' in project 'Firebase'
        ➜ Explicit dependency on target 'FirebaseCore' in project 'Firebase'
        ➜ Explicit dependency on target 'FirebaseCoreExtension' in project 'Firebase'
        ➜ Explicit dependency on target 'FirebaseSharedSwift' in project 'Firebase'
        ➜ Explicit dependency on target 'FirebaseFirestore' in project 'Firebase'
        ➜ Explicit dependency on target 'GULNSData' in project 'GoogleUtilities'
        ➜ Explicit dependency on target 'GULEnvironment' in project 'GoogleUtilities'
        ➜ Explicit dependency on target 'GULLogger' in project 'GoogleUtilities'
        ➜ Explicit dependency on target 'abseil' in project 'abseil'
        ➜ Explicit dependency on target 'gRPC-C++' in project 'gRPC'
        ➜ Explicit dependency on target 'nanopb' in project 'nanopb'
        ➜ Explicit dependency on target 'leveldb' in project 'leveldb'
    Target 'FirebaseFirestoreTarget' in project 'Firebase'
        ➜ Explicit dependency on target 'FirebaseFirestoreInternalWrapper' in project 'Firebase'
        ➜ Explicit dependency on target 'FirebaseAppCheckInterop' in project 'Firebase'
        ➜ Explicit dependency on target 'Firebase' in project 'Firebase'
        ➜ Explicit dependency on target 'FirebaseCoreInternal' in project 'Firebase'
        ➜ Explicit dependency on target 'FirebaseCore' in project 'Firebase'
        ➜ Explicit dependency on target 'FirebaseCoreExtension' in project 'Firebase'
        ➜ Explicit dependency on target 'FirebaseSharedSwift' in project 'Firebase'
        ➜ Explicit dependency on target 'FirebaseFirestore' in project 'Firebase'
        ➜ Explicit dependency on target 'GULNSData' in project 'GoogleUtilities'
        ➜ Explicit dependency on target 'GULEnvironment' in project 'GoogleUtilities'
        ➜ Explicit dependency on target 'GULLogger' in project 'GoogleUtilities'
        ➜ Explicit dependency on target 'abseil' in project 'abseil'
        ➜ Explicit dependency on target 'gRPC-C++' in project 'gRPC'
        ➜ Explicit dependency on target 'nanopb' in project 'nanopb'
        ➜ Explicit dependency on target 'leveldb' in project 'leveldb'
    Target 'FirebaseFirestore' in project 'Firebase'
        ➜ Explicit dependency on target 'Firebase_FirebaseFirestore' in project 'Firebase'
        ➜ Explicit dependency on target 'FirebaseFirestoreInternalWrapper' in project 'Firebase'
        ➜ Explicit dependency on target 'FirebaseAppCheckInterop' in project 'Firebase'
        ➜ Explicit dependency on target 'Firebase' in project 'Firebase'
        ➜ Explicit dependency on target 'FirebaseCoreInternal' in project 'Firebase'
        ➜ Explicit dependency on target 'FirebaseCore' in project 'Firebase'
        ➜ Explicit dependency on target 'FirebaseCoreExtension' in project 'Firebase'
        ➜ Explicit dependency on target 'FirebaseSharedSwift' in project 'Firebase'
        ➜ Explicit dependency on target 'GULNSData' in project 'GoogleUtilities'
        ➜ Explicit dependency on target 'GULEnvironment' in project 'GoogleUtilities'
        ➜ Explicit dependency on target 'GULLogger' in project 'GoogleUtilities'
        ➜ Explicit dependency on target 'abseil' in project 'abseil'
        ➜ Explicit dependency on target 'gRPC-C++' in project 'gRPC'
        ➜ Explicit dependency on target 'nanopb' in project 'nanopb'
        ➜ Explicit dependency on target 'leveldb' in project 'leveldb'
    Target 'leveldb' in project 'leveldb'
        ➜ Explicit dependency on target 'leveldb' in project 'leveldb'
        ➜ Explicit dependency on target 'leveldb_leveldb' in project 'leveldb'
    Target 'leveldb' in project 'leveldb'
        ➜ Explicit dependency on target 'leveldb_leveldb' in project 'leveldb'
    Target 'leveldb_leveldb' in project 'leveldb' (no dependencies)
    Target 'nanopb' in project 'nanopb'
        ➜ Explicit dependency on target 'nanopb' in project 'nanopb'
        ➜ Explicit dependency on target 'nanopb_nanopb' in project 'nanopb'
    Target 'nanopb' in project 'nanopb'
        ➜ Explicit dependency on target 'nanopb_nanopb' in project 'nanopb'
    Target 'nanopb_nanopb' in project 'nanopb' (no dependencies)
    Target 'gRPC-C++' in project 'gRPC'
        ➜ Explicit dependency on target 'grpcppWrapper' in project 'gRPC'
        ➜ Explicit dependency on target 'gRPC_grpcppWrapper' in project 'gRPC'
        ➜ Explicit dependency on target 'grpcWrapper' in project 'gRPC'
        ➜ Explicit dependency on target 'opensslWrapper' in project 'gRPC'
        ➜ Explicit dependency on target 'abseil' in project 'abseil'
    Target 'grpcppWrapper' in project 'gRPC'
        ➜ Explicit dependency on target 'gRPC_grpcppWrapper' in project 'gRPC'
        ➜ Explicit dependency on target 'grpcWrapper' in project 'gRPC'
        ➜ Explicit dependency on target 'opensslWrapper' in project 'gRPC'
        ➜ Explicit dependency on target 'abseil' in project 'abseil'
    Target 'opensslWrapper' in project 'gRPC'
        ➜ Explicit dependency on target 'gRPC_opensslWrapper' in project 'gRPC'
    Target 'gRPC_opensslWrapper' in project 'gRPC' (no dependencies)
    Target 'grpcWrapper' in project 'gRPC'
        ➜ Explicit dependency on target 'gRPC_grpcWrapper' in project 'gRPC'
    Target 'gRPC_grpcWrapper' in project 'gRPC' (no dependencies)
    Target 'gRPC_grpcppWrapper' in project 'gRPC' (no dependencies)
    Target 'abseil' in project 'abseil'
        ➜ Explicit dependency on target 'abslWrapper' in project 'abseil'
        ➜ Explicit dependency on target 'abseil_abslWrapper' in project 'abseil'
    Target 'abslWrapper' in project 'abseil'
        ➜ Explicit dependency on target 'abseil_abslWrapper' in project 'abseil'
    Target 'abseil_abslWrapper' in project 'abseil' (no dependencies)
    Target 'Firebase_FirebaseFirestore' in project 'Firebase' (no dependencies)
    Target 'FirebaseSharedSwift' in project 'Firebase' (no dependencies)
    Target 'FirebaseFirestoreInternalWrapper' in project 'Firebase' (no dependencies)
    Target 'FirebaseAuth' in project 'Firebase'
        ➜ Explicit dependency on target 'FirebaseAuth' in project 'Firebase'
        ➜ Explicit dependency on target 'Firebase_FirebaseAuth' in project 'Firebase'
        ➜ Explicit dependency on target 'FirebaseAppCheckInterop' in project 'Firebase'
        ➜ Explicit dependency on target 'FirebaseAuthInterop' in project 'Firebase'
        ➜ Explicit dependency on target 'FirebaseAuthInternal' in project 'Firebase'
        ➜ Explicit dependency on target 'Firebase' in project 'Firebase'
        ➜ Explicit dependency on target 'FirebaseCoreInternal' in project 'Firebase'
        ➜ Explicit dependency on target 'FirebaseCore' in project 'Firebase'
        ➜ Explicit dependency on target 'FirebaseCoreExtension' in project 'Firebase'
        ➜ Explicit dependency on target 'RecaptchaInterop' in project 'InteropForGoogle'
        ➜ Explicit dependency on target 'GULNSData' in project 'GoogleUtilities'
        ➜ Explicit dependency on target 'GULEnvironment' in project 'GoogleUtilities'
        ➜ Explicit dependency on target 'GULLogger' in project 'GoogleUtilities'
        ➜ Explicit dependency on target 'GULAppDelegateSwizzler' in project 'GoogleUtilities'
        ➜ Explicit dependency on target 'GTMSessionFetcherCore' in project 'GTMSessionFetcher'
    Target 'FirebaseAuth' in project 'Firebase'
        ➜ Explicit dependency on target 'Firebase_FirebaseAuth' in project 'Firebase'
        ➜ Explicit dependency on target 'FirebaseAppCheckInterop' in project 'Firebase'
        ➜ Explicit dependency on target 'FirebaseAuthInterop' in project 'Firebase'
        ➜ Explicit dependency on target 'FirebaseAuthInternal' in project 'Firebase'
        ➜ Explicit dependency on target 'Firebase' in project 'Firebase'
        ➜ Explicit dependency on target 'FirebaseCoreInternal' in project 'Firebase'
        ➜ Explicit dependency on target 'FirebaseCore' in project 'Firebase'
        ➜ Explicit dependency on target 'FirebaseCoreExtension' in project 'Firebase'
        ➜ Explicit dependency on target 'RecaptchaInterop' in project 'InteropForGoogle'
        ➜ Explicit dependency on target 'GULNSData' in project 'GoogleUtilities'
        ➜ Explicit dependency on target 'GULEnvironment' in project 'GoogleUtilities'
        ➜ Explicit dependency on target 'GULLogger' in project 'GoogleUtilities'
        ➜ Explicit dependency on target 'GULAppDelegateSwizzler' in project 'GoogleUtilities'
        ➜ Explicit dependency on target 'GTMSessionFetcherCore' in project 'GTMSessionFetcher'
    Target 'GTMSessionFetcherCore' in project 'GTMSessionFetcher'
        ➜ Explicit dependency on target 'GTMSessionFetcherCore' in project 'GTMSessionFetcher'
        ➜ Explicit dependency on target 'GTMSessionFetcher_GTMSessionFetcherCore' in project 'GTMSessionFetcher'
    Target 'GTMSessionFetcherCore' in project 'GTMSessionFetcher'
        ➜ Explicit dependency on target 'GTMSessionFetcher_GTMSessionFetcherCore' in project 'GTMSessionFetcher'
    Target 'GTMSessionFetcher_GTMSessionFetcherCore' in project 'GTMSessionFetcher' (no dependencies)
    Target 'GULAppDelegateSwizzler' in project 'GoogleUtilities'
        ➜ Explicit dependency on target 'GoogleUtilities-AppDelegateSwizzler' in project 'GoogleUtilities'
        ➜ Explicit dependency on target 'GoogleUtilities_GoogleUtilities-AppDelegateSwizzler' in project 'GoogleUtilities'
        ➜ Explicit dependency on target 'third-party-IsAppEncrypted' in project 'GoogleUtilities'
        ➜ Explicit dependency on target 'GoogleUtilities-Environment' in project 'GoogleUtilities'
        ➜ Explicit dependency on target 'GoogleUtilities-Logger' in project 'GoogleUtilities'
        ➜ Explicit dependency on target 'GoogleUtilities-NSData' in project 'GoogleUtilities'
        ➜ Explicit dependency on target 'GoogleUtilities-Reachability' in project 'GoogleUtilities'
        ➜ Explicit dependency on target 'GoogleUtilities-Network' in project 'GoogleUtilities'
    Target 'GoogleUtilities-AppDelegateSwizzler' in project 'GoogleUtilities'
        ➜ Explicit dependency on target 'GoogleUtilities_GoogleUtilities-AppDelegateSwizzler' in project 'GoogleUtilities'
        ➜ Explicit dependency on target 'third-party-IsAppEncrypted' in project 'GoogleUtilities'
        ➜ Explicit dependency on target 'GoogleUtilities-Environment' in project 'GoogleUtilities'
        ➜ Explicit dependency on target 'GoogleUtilities-Logger' in project 'GoogleUtilities'
        ➜ Explicit dependency on target 'GoogleUtilities-NSData' in project 'GoogleUtilities'
        ➜ Explicit dependency on target 'GoogleUtilities-Reachability' in project 'GoogleUtilities'
        ➜ Explicit dependency on target 'GoogleUtilities-Network' in project 'GoogleUtilities'
    Target 'GoogleUtilities-Network' in project 'GoogleUtilities'
        ➜ Explicit dependency on target 'GoogleUtilities_GoogleUtilities-Network' in project 'GoogleUtilities'
        ➜ Explicit dependency on target 'third-party-IsAppEncrypted' in project 'GoogleUtilities'
        ➜ Explicit dependency on target 'GoogleUtilities-Environment' in project 'GoogleUtilities'
        ➜ Explicit dependency on target 'GoogleUtilities-Logger' in project 'GoogleUtilities'
        ➜ Explicit dependency on target 'GoogleUtilities-NSData' in project 'GoogleUtilities'
        ➜ Explicit dependency on target 'GoogleUtilities-Reachability' in project 'GoogleUtilities'
    Target 'GoogleUtilities_GoogleUtilities-Network' in project 'GoogleUtilities' (no dependencies)
    Target 'GoogleUtilities-Reachability' in project 'GoogleUtilities'
        ➜ Explicit dependency on target 'GoogleUtilities_GoogleUtilities-Reachability' in project 'GoogleUtilities'
        ➜ Explicit dependency on target 'third-party-IsAppEncrypted' in project 'GoogleUtilities'
        ➜ Explicit dependency on target 'GoogleUtilities-Environment' in project 'GoogleUtilities'
        ➜ Explicit dependency on target 'GoogleUtilities-Logger' in project 'GoogleUtilities'
    Target 'GoogleUtilities_GoogleUtilities-Reachability' in project 'GoogleUtilities' (no dependencies)
    Target 'GoogleUtilities_GoogleUtilities-AppDelegateSwizzler' in project 'GoogleUtilities' (no dependencies)
    Target 'FirebaseCoreExtension' in project 'Firebase'
        ➜ Explicit dependency on target 'Firebase_FirebaseCoreExtension' in project 'Firebase'
    Target 'Firebase_FirebaseCoreExtension' in project 'Firebase' (no dependencies)
    Target 'FirebaseCore' in project 'Firebase'
        ➜ Explicit dependency on target 'Firebase_FirebaseCore' in project 'Firebase'
        ➜ Explicit dependency on target 'Firebase' in project 'Firebase'
        ➜ Explicit dependency on target 'FirebaseCoreInternal' in project 'Firebase'
        ➜ Explicit dependency on target 'GULNSData' in project 'GoogleUtilities'
        ➜ Explicit dependency on target 'GULEnvironment' in project 'GoogleUtilities'
        ➜ Explicit dependency on target 'GULLogger' in project 'GoogleUtilities'
    Target 'GULLogger' in project 'GoogleUtilities'
        ➜ Explicit dependency on target 'GoogleUtilities-Logger' in project 'GoogleUtilities'
        ➜ Explicit dependency on target 'GoogleUtilities_GoogleUtilities-Logger' in project 'GoogleUtilities'
        ➜ Explicit dependency on target 'third-party-IsAppEncrypted' in project 'GoogleUtilities'
        ➜ Explicit dependency on target 'GoogleUtilities-Environment' in project 'GoogleUtilities'
    Target 'GoogleUtilities-Logger' in project 'GoogleUtilities'
        ➜ Explicit dependency on target 'GoogleUtilities_GoogleUtilities-Logger' in project 'GoogleUtilities'
        ➜ Explicit dependency on target 'third-party-IsAppEncrypted' in project 'GoogleUtilities'
        ➜ Explicit dependency on target 'GoogleUtilities-Environment' in project 'GoogleUtilities'
    Target 'GoogleUtilities_GoogleUtilities-Logger' in project 'GoogleUtilities' (no dependencies)
    Target 'GULEnvironment' in project 'GoogleUtilities'
        ➜ Explicit dependency on target 'GoogleUtilities-Environment' in project 'GoogleUtilities'
        ➜ Explicit dependency on target 'GoogleUtilities_GoogleUtilities-Environment' in project 'GoogleUtilities'
        ➜ Explicit dependency on target 'third-party-IsAppEncrypted' in project 'GoogleUtilities'
    Target 'GoogleUtilities-Environment' in project 'GoogleUtilities'
        ➜ Explicit dependency on target 'GoogleUtilities_GoogleUtilities-Environment' in project 'GoogleUtilities'
        ➜ Explicit dependency on target 'third-party-IsAppEncrypted' in project 'GoogleUtilities'
    Target 'third-party-IsAppEncrypted' in project 'GoogleUtilities' (no dependencies)
    Target 'GoogleUtilities_GoogleUtilities-Environment' in project 'GoogleUtilities' (no dependencies)
    Target 'Firebase_FirebaseCore' in project 'Firebase' (no dependencies)
    Target 'FirebaseCoreInternal' in project 'Firebase'
        ➜ Explicit dependency on target 'Firebase_FirebaseCoreInternal' in project 'Firebase'
        ➜ Explicit dependency on target 'GULNSData' in project 'GoogleUtilities'
    Target 'GULNSData' in project 'GoogleUtilities'
        ➜ Explicit dependency on target 'GoogleUtilities-NSData' in project 'GoogleUtilities'
        ➜ Explicit dependency on target 'GoogleUtilities_GoogleUtilities-NSData' in project 'GoogleUtilities'
    Target 'GoogleUtilities-NSData' in project 'GoogleUtilities'
        ➜ Explicit dependency on target 'GoogleUtilities_GoogleUtilities-NSData' in project 'GoogleUtilities'
    Target 'GoogleUtilities_GoogleUtilities-NSData' in project 'GoogleUtilities' (no dependencies)
    Target 'Firebase_FirebaseCoreInternal' in project 'Firebase' (no dependencies)
    Target 'Firebase' in project 'Firebase' (no dependencies)
    Target 'FirebaseAuthInternal' in project 'Firebase'
        ➜ Explicit dependency on target 'RecaptchaInterop' in project 'InteropForGoogle'
    Target 'RecaptchaInterop' in project 'InteropForGoogle'
        ➜ Explicit dependency on target 'RecaptchaInterop' in project 'InteropForGoogle'
    Target 'RecaptchaInterop' in project 'InteropForGoogle' (no dependencies)
    Target 'FirebaseAuthInterop' in project 'Firebase' (no dependencies)
    Target 'FirebaseAppCheckInterop' in project 'Firebase' (no dependencies)
    Target 'Firebase_FirebaseAuth' in project 'Firebase' (no dependencies)

GatherProvisioningInputs

CreateBuildDescription

ExecuteExternalTool /Applications/Xcode.app/Contents/Developer/Toolchains/XcodeDefault.xctoolchain/usr/bin/clang -v -E -dM -arch arm64 -isysroot /Applications/Xcode.app/Contents/Developer/Platforms/iPhoneOS.platform/Developer/SDKs/iPhoneOS26.1.sdk -x objective-c -c /dev/null

ExecuteExternalTool /Applications/Xcode.app/Contents/Developer/Toolchains/XcodeDefault.xctoolchain/usr/bin/swiftc --version

ExecuteExternalTool /Applications/Xcode.app/Contents/Developer/Toolchains/XcodeDefault.xctoolchain/usr/bin/clang -v -E -dM -isysroot /Applications/Xcode.app/Contents/Developer/Platforms/iPhoneOS.platform/Developer/SDKs/iPhoneOS26.1.sdk -x c -c /dev/null

ExecuteExternalTool /Applications/Xcode.app/Contents/Developer/Toolchains/XcodeDefault.xctoolchain/usr/bin/clang -v -E -dM -arch arm64 -isysroot /Applications/Xcode.app/Contents/Developer/Platforms/iPhoneOS.platform/Developer/SDKs/iPhoneOS26.1.sdk -x c -c /dev/null

ExecuteExternalTool /Applications/Xcode.app/Contents/Developer/usr/bin/actool --print-asset-tag-combinations --output-format xml1 /Users/emanuelflury/github/TaxedGmbH_IOS/TaxedGmbH_IOS/Resources/Assets/Assets.xcassets

ExecuteExternalTool /Applications/Xcode.app/Contents/Developer/usr/bin/actool --version --output-format xml1

ExecuteExternalTool /Applications/Xcode.app/Contents/Developer/Toolchains/XcodeDefault.xctoolchain/usr/bin/ld -version_details

ExecuteExternalTool /Applications/Xcode.app/Contents/Developer/Toolchains/XcodeDefault.xctoolchain/usr/bin/clang -v -E -dM -arch arm64 -isysroot /Applications/Xcode.app/Contents/Developer/Platforms/iPhoneOS.platform/Developer/SDKs/iPhoneOS26.1.sdk -x c++ -c /dev/null

Build description signature: 6a14da3901b242665b5cde80cd8007a2
Build description path: /Users/emanuelflury/Library/Developer/Xcode/DerivedData/TaxedGmbH_IOS-gerngfqzuwudosgobknlgtoawnlj/Build/Intermediates.noindex/XCBuildData/6a14da3901b242665b5cde80cd8007a2.xcbuilddata
ClangStatCache /Applications/Xcode.app/Contents/Developer/Toolchains/XcodeDefault.xctoolchain/usr/bin/clang-stat-cache /Applications/Xcode.app/Contents/Developer/Platforms/iPhoneOS.platform/Developer/SDKs/iPhoneOS26.1.sdk /Users/emanuelflury/Library/Developer/Xcode/DerivedData/SDKStatCaches.noindex/iphoneos26.1-23B77-69b33fc7382b27d9b5d46e82a00f8e78.sdkstatcache
    cd /Users/emanuelflury/github/TaxedGmbH_IOS/TaxedGmbH_IOS.xcodeproj
    /Applications/Xcode.app/Contents/Developer/Toolchains/XcodeDefault.xctoolchain/usr/bin/clang-stat-cache /Applications/Xcode.app/Contents/Developer/Platforms/iPhoneOS.platform/Developer/SDKs/iPhoneOS26.1.sdk -o /Users/emanuelflury/Library/Developer/Xcode/DerivedData/SDKStatCaches.noindex/iphoneos26.1-23B77-69b33fc7382b27d9b5d46e82a00f8e78.sdkstatcache

CreateBuildDirectory /Users/emanuelflury/Library/Developer/Xcode/DerivedData/TaxedGmbH_IOS-gerngfqzuwudosgobknlgtoawnlj/Build/Intermediates.noindex
    cd /Users/emanuelflury/github/TaxedGmbH_IOS/TaxedGmbH_IOS.xcodeproj
    builtin-create-build-directory /Users/emanuelflury/Library/Developer/Xcode/DerivedData/TaxedGmbH_IOS-gerngfqzuwudosgobknlgtoawnlj/Build/Intermediates.noindex

CreateBuildDirectory /Users/emanuelflury/Library/Developer/Xcode/DerivedData/TaxedGmbH_IOS-gerngfqzuwudosgobknlgtoawnlj/Build/Products
    cd /Users/emanuelflury/github/TaxedGmbH_IOS/TaxedGmbH_IOS.xcodeproj
    builtin-create-build-directory /Users/emanuelflury/Library/Developer/Xcode/DerivedData/TaxedGmbH_IOS-gerngfqzuwudosgobknlgtoawnlj/Build/Products

CreateBuildDirectory /Users/emanuelflury/Library/Developer/Xcode/DerivedData/TaxedGmbH_IOS-gerngfqzuwudosgobknlgtoawnlj/Build/Products/Debug-iphoneos
    cd /Users/emanuelflury/github/TaxedGmbH_IOS/TaxedGmbH_IOS.xcodeproj
    builtin-create-build-directory /Users/emanuelflury/Library/Developer/Xcode/DerivedData/TaxedGmbH_IOS-gerngfqzuwudosgobknlgtoawnlj/Build/Products/Debug-iphoneos

CreateBuildDirectory /Users/emanuelflury/Library/Developer/Xcode/DerivedData/TaxedGmbH_IOS-gerngfqzuwudosgobknlgtoawnlj/Build/Intermediates.noindex/SwiftExplicitPrecompiledModules
    cd /Users/emanuelflury/github/TaxedGmbH_IOS/TaxedGmbH_IOS.xcodeproj
    builtin-create-build-directory /Users/emanuelflury/Library/Developer/Xcode/DerivedData/TaxedGmbH_IOS-gerngfqzuwudosgobknlgtoawnlj/Build/Intermediates.noindex/SwiftExplicitPrecompiledModules

CreateBuildDirectory /Users/emanuelflury/Library/Developer/Xcode/DerivedData/TaxedGmbH_IOS-gerngfqzuwudosgobknlgtoawnlj/Build/Intermediates.noindex/ExplicitPrecompiledModules
    cd /Users/emanuelflury/github/TaxedGmbH_IOS/TaxedGmbH_IOS.xcodeproj
    builtin-create-build-directory /Users/emanuelflury/Library/Developer/Xcode/DerivedData/TaxedGmbH_IOS-gerngfqzuwudosgobknlgtoawnlj/Build/Intermediates.noindex/ExplicitPrecompiledModules

CreateBuildDirectory /Users/emanuelflury/Library/Developer/Xcode/DerivedData/TaxedGmbH_IOS-gerngfqzuwudosgobknlgtoawnlj/Build/Intermediates.noindex/EagerLinkingTBDs/Debug-iphoneos
    cd /Users/emanuelflury/github/TaxedGmbH_IOS/TaxedGmbH_IOS.xcodeproj
    builtin-create-build-directory /Users/emanuelflury/Library/Developer/Xcode/DerivedData/TaxedGmbH_IOS-gerngfqzuwudosgobknlgtoawnlj/Build/Intermediates.noindex/EagerLinkingTBDs/Debug-iphoneos

WriteAuxiliaryFile /Users/emanuelflury/Library/Developer/Xcode/DerivedData/TaxedGmbH_IOS-gerngfqzuwudosgobknlgtoawnlj/Build/Intermediates.noindex/TaxedGmbH_IOS.build/Debug-iphoneos/TaxedGmbH_IOS-455a548ebb4bd5c370c51b93d3292e34-VFS-iphoneos/all-product-headers.yaml
    cd /Users/emanuelflury/github/TaxedGmbH_IOS/TaxedGmbH_IOS.xcodeproj
    write-file /Users/emanuelflury/Library/Developer/Xcode/DerivedData/TaxedGmbH_IOS-gerngfqzuwudosgobknlgtoawnlj/Build/Intermediates.noindex/TaxedGmbH_IOS.build/Debug-iphoneos/TaxedGmbH_IOS-455a548ebb4bd5c370c51b93d3292e34-VFS-iphoneos/all-product-headers.yaml

CreateBuildDirectory /Users/emanuelflury/Library/Developer/Xcode/DerivedData/TaxedGmbH_IOS-gerngfqzuwudosgobknlgtoawnlj/Build/Products/Debug-iphoneos/PackageFrameworks
    cd /Users/emanuelflury/github/TaxedGmbH_IOS/TaxedGmbH_IOS.xcodeproj
    builtin-create-build-directory /Users/emanuelflury/Library/Developer/Xcode/DerivedData/TaxedGmbH_IOS-gerngfqzuwudosgobknlgtoawnlj/Build/Products/Debug-iphoneos/PackageFrameworks

MkDir /Users/emanuelflury/Library/Developer/Xcode/DerivedData/TaxedGmbH_IOS-gerngfqzuwudosgobknlgtoawnlj/Build/Products/Debug-iphoneos/abseil_abslWrapper.bundle (in target 'abseil_abslWrapper' from project 'abseil')
    cd /Users/emanuelflury/Library/Developer/Xcode/DerivedData/TaxedGmbH_IOS-gerngfqzuwudosgobknlgtoawnlj/SourcePackages/checkouts/abseil-cpp-binary
    /bin/mkdir -p /Users/emanuelflury/Library/Developer/Xcode/DerivedData/TaxedGmbH_IOS-gerngfqzuwudosgobknlgtoawnlj/Build/Products/Debug-iphoneos/abseil_abslWrapper.bundle

WriteAuxiliaryFile /Users/emanuelflury/Library/Developer/Xcode/DerivedData/TaxedGmbH_IOS-gerngfqzuwudosgobknlgtoawnlj/Build/Intermediates.noindex/abseil.build/Debug-iphoneos/abseil_abslWrapper.build/abseil_abslWrapper.DependencyMetadataFileList (in target 'abseil_abslWrapper' from project 'abseil')
    cd /Users/emanuelflury/Library/Developer/Xcode/DerivedData/TaxedGmbH_IOS-gerngfqzuwudosgobknlgtoawnlj/SourcePackages/checkouts/abseil-cpp-binary
    write-file /Users/emanuelflury/Library/Developer/Xcode/DerivedData/TaxedGmbH_IOS-gerngfqzuwudosgobknlgtoawnlj/Build/Intermediates.noindex/abseil.build/Debug-iphoneos/abseil_abslWrapper.build/abseil_abslWrapper.DependencyMetadataFileList

WriteAuxiliaryFile /Users/emanuelflury/Library/Developer/Xcode/DerivedData/TaxedGmbH_IOS-gerngfqzuwudosgobknlgtoawnlj/Build/Intermediates.noindex/abseil.build/Debug-iphoneos/abseil_abslWrapper.build/abseil_abslWrapper.DependencyStaticMetadataFileList (in target 'abseil_abslWrapper' from project 'abseil')
    cd /Users/emanuelflury/Library/Developer/Xcode/DerivedData/TaxedGmbH_IOS-gerngfqzuwudosgobknlgtoawnlj/SourcePackages/checkouts/abseil-cpp-binary
    write-file /Users/emanuelflury/Library/Developer/Xcode/DerivedData/TaxedGmbH_IOS-gerngfqzuwudosgobknlgtoawnlj/Build/Intermediates.noindex/abseil.build/Debug-iphoneos/abseil_abslWrapper.build/abseil_abslWrapper.DependencyStaticMetadataFileList

WriteAuxiliaryFile /Users/emanuelflury/Library/Developer/Xcode/DerivedData/TaxedGmbH_IOS-gerngfqzuwudosgobknlgtoawnlj/Build/Intermediates.noindex/abseil.build/Debug-iphoneos/abseil_abslWrapper.build/empty-abseil_abslWrapper.plist (in target 'abseil_abslWrapper' from project 'abseil')
    cd /Users/emanuelflury/Library/Developer/Xcode/DerivedData/TaxedGmbH_IOS-gerngfqzuwudosgobknlgtoawnlj/SourcePackages/checkouts/abseil-cpp-binary
    write-file /Users/emanuelflury/Library/Developer/Xcode/DerivedData/TaxedGmbH_IOS-gerngfqzuwudosgobknlgtoawnlj/Build/Intermediates.noindex/abseil.build/Debug-iphoneos/abseil_abslWrapper.build/empty-abseil_abslWrapper.plist

WriteAuxiliaryFile /Users/emanuelflury/Library/Developer/Xcode/DerivedData/TaxedGmbH_IOS-gerngfqzuwudosgobknlgtoawnlj/Build/Intermediates.noindex/gRPC.build/Debug-iphoneos/gRPC_grpcWrapper.build/gRPC_grpcWrapper.DependencyStaticMetadataFileList (in target 'gRPC_grpcWrapper' from project 'gRPC')
    cd /Users/emanuelflury/Library/Developer/Xcode/DerivedData/TaxedGmbH_IOS-gerngfqzuwudosgobknlgtoawnlj/SourcePackages/checkouts/grpc-binary
    write-file /Users/emanuelflury/Library/Developer/Xcode/DerivedData/TaxedGmbH_IOS-gerngfqzuwudosgobknlgtoawnlj/Build/Intermediates.noindex/gRPC.build/Debug-iphoneos/gRPC_grpcWrapper.build/gRPC_grpcWrapper.DependencyStaticMetadataFileList

WriteAuxiliaryFile /Users/emanuelflury/Library/Developer/Xcode/DerivedData/TaxedGmbH_IOS-gerngfqzuwudosgobknlgtoawnlj/Build/Intermediates.noindex/GoogleUtilities.build/Debug-iphoneos/third-party-IsAppEncrypted.build/third-party-IsAppEncrypted.modulemap (in target 'third-party-IsAppEncrypted' from project 'GoogleUtilities')
    cd /Users/emanuelflury/Library/Developer/Xcode/DerivedData/TaxedGmbH_IOS-gerngfqzuwudosgobknlgtoawnlj/SourcePackages/checkouts/GoogleUtilities
    write-file /Users/emanuelflury/Library/Developer/Xcode/DerivedData/TaxedGmbH_IOS-gerngfqzuwudosgobknlgtoawnlj/Build/Intermediates.noindex/GoogleUtilities.build/Debug-iphoneos/third-party-IsAppEncrypted.build/third-party-IsAppEncrypted.modulemap

WriteAuxiliaryFile /Users/emanuelflury/Library/Developer/Xcode/DerivedData/TaxedGmbH_IOS-gerngfqzuwudosgobknlgtoawnlj/Build/Intermediates.noindex/gRPC.build/Debug-iphoneos/gRPC_grpcWrapper.build/gRPC_grpcWrapper.DependencyMetadataFileList (in target 'gRPC_grpcWrapper' from project 'gRPC')
    cd /Users/emanuelflury/Library/Developer/Xcode/DerivedData/TaxedGmbH_IOS-gerngfqzuwudosgobknlgtoawnlj/SourcePackages/checkouts/grpc-binary
    write-file /Users/emanuelflury/Library/Developer/Xcode/DerivedData/TaxedGmbH_IOS-gerngfqzuwudosgobknlgtoawnlj/Build/Intermediates.noindex/gRPC.build/Debug-iphoneos/gRPC_grpcWrapper.build/gRPC_grpcWrapper.DependencyMetadataFileList

WriteAuxiliaryFile /Users/emanuelflury/Library/Developer/Xcode/DerivedData/TaxedGmbH_IOS-gerngfqzuwudosgobknlgtoawnlj/Build/Intermediates.noindex/GoogleUtilities.build/Debug-iphoneos/third-party-IsAppEncrypted.build/third-party-IsAppEncrypted.DependencyStaticMetadataFileList (in target 'third-party-IsAppEncrypted' from project 'GoogleUtilities')
    cd /Users/emanuelflury/Library/Developer/Xcode/DerivedData/TaxedGmbH_IOS-gerngfqzuwudosgobknlgtoawnlj/SourcePackages/checkouts/GoogleUtilities
    write-file /Users/emanuelflury/Library/Developer/Xcode/DerivedData/TaxedGmbH_IOS-gerngfqzuwudosgobknlgtoawnlj/Build/Intermediates.noindex/GoogleUtilities.build/Debug-iphoneos/third-party-IsAppEncrypted.build/third-party-IsAppEncrypted.DependencyStaticMetadataFileList

WriteAuxiliaryFile /Users/emanuelflury/Library/Developer/Xcode/DerivedData/TaxedGmbH_IOS-gerngfqzuwudosgobknlgtoawnlj/Build/Intermediates.noindex/GoogleUtilities.build/Debug-iphoneos/third-party-IsAppEncrypted.build/third-party-IsAppEncrypted.DependencyMetadataFileList (in target 'third-party-IsAppEncrypted' from project 'GoogleUtilities')
    cd /Users/emanuelflury/Library/Developer/Xcode/DerivedData/TaxedGmbH_IOS-gerngfqzuwudosgobknlgtoawnlj/SourcePackages/checkouts/GoogleUtilities
    write-file /Users/emanuelflury/Library/Developer/Xcode/DerivedData/TaxedGmbH_IOS-gerngfqzuwudosgobknlgtoawnlj/Build/Intermediates.noindex/GoogleUtilities.build/Debug-iphoneos/third-party-IsAppEncrypted.build/third-party-IsAppEncrypted.DependencyMetadataFileList

WriteAuxiliaryFile /Users/emanuelflury/Library/Developer/Xcode/DerivedData/TaxedGmbH_IOS-gerngfqzuwudosgobknlgtoawnlj/Build/Intermediates.noindex/GoogleUtilities.build/Debug-iphoneos/third-party-IsAppEncrypted.build/Objects-normal/arm64/third-party-IsAppEncrypted.LinkFileList (in target 'third-party-IsAppEncrypted' from project 'GoogleUtilities')
    cd /Users/emanuelflury/Library/Developer/Xcode/DerivedData/TaxedGmbH_IOS-gerngfqzuwudosgobknlgtoawnlj/SourcePackages/checkouts/GoogleUtilities
    write-file /Users/emanuelflury/Library/Developer/Xcode/DerivedData/TaxedGmbH_IOS-gerngfqzuwudosgobknlgtoawnlj/Build/Intermediates.noindex/GoogleUtilities.build/Debug-iphoneos/third-party-IsAppEncrypted.build/Objects-normal/arm64/third-party-IsAppEncrypted.LinkFileList

WriteAuxiliaryFile /Users/emanuelflury/Library/Developer/Xcode/DerivedData/TaxedGmbH_IOS-gerngfqzuwudosgobknlgtoawnlj/Build/Intermediates.noindex/GoogleUtilities.build/Debug-iphoneos/third-party-IsAppEncrypted.build/Objects-normal/arm64/e6072d4f65d7061329687fe24e3d63a7-common-args.resp (in target 'third-party-IsAppEncrypted' from project 'GoogleUtilities')
    cd /Users/emanuelflury/Library/Developer/Xcode/DerivedData/TaxedGmbH_IOS-gerngfqzuwudosgobknlgtoawnlj/SourcePackages/checkouts/GoogleUtilities
    write-file /Users/emanuelflury/Library/Developer/Xcode/DerivedData/TaxedGmbH_IOS-gerngfqzuwudosgobknlgtoawnlj/Build/Intermediates.noindex/GoogleUtilities.build/Debug-iphoneos/third-party-IsAppEncrypted.build/Objects-normal/arm64/e6072d4f65d7061329687fe24e3d63a7-common-args.resp
-target arm64-apple-ios12.0 '-std=c99' -fobjc-arc -fmodules -gmodules '-fmodules-cache-path=/Users/emanuelflury/Library/Developer/Xcode/DerivedData/ModuleCache.noindex' '-fmodule-name=third_party_IsAppEncrypted' -fpascal-strings -O0 -DSWIFT_PACKAGE '-DDEBUG=1' '-DOBJC_OLD_DISPATCH_PROTOTYPES=1' -isysroot /Applications/Xcode.app/Contents/Developer/Platforms/iPhoneOS.platform/Developer/SDKs/iPhoneOS26.1.sdk -g -fprofile-instr-generate -fcoverage-mapping -I/Users/emanuelflury/Library/Developer/Xcode/DerivedData/TaxedGmbH_IOS-gerngfqzuwudosgobknlgtoawnlj/Build/Products/Debug-iphoneos/include -I/Users/emanuelflury/Library/Developer/Xcode/DerivedData/TaxedGmbH_IOS-gerngfqzuwudosgobknlgtoawnlj/SourcePackages/checkouts/GoogleUtilities/third_party/IsAppEncrypted/Public -I/Users/emanuelflury/Library/Developer/Xcode/DerivedData/TaxedGmbH_IOS-gerngfqzuwudosgobknlgtoawnlj/SourcePackages/checkouts/GoogleUtilities -I/Users/emanuelflury/Library/Developer/Xcode/DerivedData/TaxedGmbH_IOS-gerngfqzuwudosgobknlgtoawnlj/Build/Intermediates.noindex/GoogleUtilities.build/Debug-iphoneos/third-party-IsAppEncrypted.build/DerivedSources-normal/arm64 -I/Users/emanuelflury/Library/Developer/Xcode/DerivedData/TaxedGmbH_IOS-gerngfqzuwudosgobknlgtoawnlj/Build/Intermediates.noindex/GoogleUtilities.build/Debug-iphoneos/third-party-IsAppEncrypted.build/DerivedSources/arm64 -I/Users/emanuelflury/Library/Developer/Xcode/DerivedData/TaxedGmbH_IOS-gerngfqzuwudosgobknlgtoawnlj/Build/Intermediates.noindex/GoogleUtilities.build/Debug-iphoneos/third-party-IsAppEncrypted.build/DerivedSources -F/Users/emanuelflury/Library/Developer/Xcode/DerivedData/TaxedGmbH_IOS-gerngfqzuwudosgobknlgtoawnlj/Build/Products/Debug-iphoneos -iframework /Applications/Xcode.app/Contents/Developer/Platforms/iPhoneOS.platform/Developer/Library/Frameworks -iframework /Applications/Xcode.app/Contents/Developer/Platforms/iPhoneOS.platform/Developer/SDKs/iPhoneOS26.1.sdk/Developer/Library/Frameworks -DXcode

WriteAuxiliaryFile /Users/emanuelflury/Library/Developer/Xcode/DerivedData/TaxedGmbH_IOS-gerngfqzuwudosgobknlgtoawnlj/Build/Intermediates.noindex/nanopb.build/Debug-iphoneos/nanopb_nanopb.build/nanopb_nanopb.DependencyStaticMetadataFileList (in target 'nanopb_nanopb' from project 'nanopb')
    cd /Users/emanuelflury/Library/Developer/Xcode/DerivedData/TaxedGmbH_IOS-gerngfqzuwudosgobknlgtoawnlj/SourcePackages/checkouts/nanopb
    write-file /Users/emanuelflury/Library/Developer/Xcode/DerivedData/TaxedGmbH_IOS-gerngfqzuwudosgobknlgtoawnlj/Build/Intermediates.noindex/nanopb.build/Debug-iphoneos/nanopb_nanopb.build/nanopb_nanopb.DependencyStaticMetadataFileList

WriteAuxiliaryFile /Users/emanuelflury/Library/Developer/Xcode/DerivedData/TaxedGmbH_IOS-gerngfqzuwudosgobknlgtoawnlj/Build/Intermediates.noindex/nanopb.build/Debug-iphoneos/nanopb_nanopb.build/nanopb_nanopb.DependencyMetadataFileList (in target 'nanopb_nanopb' from project 'nanopb')
    cd /Users/emanuelflury/Library/Developer/Xcode/DerivedData/TaxedGmbH_IOS-gerngfqzuwudosgobknlgtoawnlj/SourcePackages/checkouts/nanopb
    write-file /Users/emanuelflury/Library/Developer/Xcode/DerivedData/TaxedGmbH_IOS-gerngfqzuwudosgobknlgtoawnlj/Build/Intermediates.noindex/nanopb.build/Debug-iphoneos/nanopb_nanopb.build/nanopb_nanopb.DependencyMetadataFileList

WriteAuxiliaryFile /Users/emanuelflury/Library/Developer/Xcode/DerivedData/TaxedGmbH_IOS-gerngfqzuwudosgobknlgtoawnlj/Build/Intermediates.noindex/nanopb.build/Debug-iphoneos/nanopb_nanopb.build/empty-nanopb_nanopb.plist (in target 'nanopb_nanopb' from project 'nanopb')
    cd /Users/emanuelflury/Library/Developer/Xcode/DerivedData/TaxedGmbH_IOS-gerngfqzuwudosgobknlgtoawnlj/SourcePackages/checkouts/nanopb
    write-file /Users/emanuelflury/Library/Developer/Xcode/DerivedData/TaxedGmbH_IOS-gerngfqzuwudosgobknlgtoawnlj/Build/Intermediates.noindex/nanopb.build/Debug-iphoneos/nanopb_nanopb.build/empty-nanopb_nanopb.plist

WriteAuxiliaryFile /Users/emanuelflury/Library/Developer/Xcode/DerivedData/TaxedGmbH_IOS-gerngfqzuwudosgobknlgtoawnlj/Build/Intermediates.noindex/nanopb.build/Debug-iphoneos/nanopb.build/nanopb.DependencyMetadataFileList (in target 'nanopb' from project 'nanopb')
    cd /Users/emanuelflury/Library/Developer/Xcode/DerivedData/TaxedGmbH_IOS-gerngfqzuwudosgobknlgtoawnlj/SourcePackages/checkouts/nanopb
    write-file /Users/emanuelflury/Library/Developer/Xcode/DerivedData/TaxedGmbH_IOS-gerngfqzuwudosgobknlgtoawnlj/Build/Intermediates.noindex/nanopb.build/Debug-iphoneos/nanopb.build/nanopb.DependencyMetadataFileList

WriteAuxiliaryFile /Users/emanuelflury/Library/Developer/Xcode/DerivedData/TaxedGmbH_IOS-gerngfqzuwudosgobknlgtoawnlj/Build/Intermediates.noindex/nanopb.build/Debug-iphoneos/nanopb.build/nanopb.DependencyStaticMetadataFileList (in target 'nanopb' from project 'nanopb')
    cd /Users/emanuelflury/Library/Developer/Xcode/DerivedData/TaxedGmbH_IOS-gerngfqzuwudosgobknlgtoawnlj/SourcePackages/checkouts/nanopb
    write-file /Users/emanuelflury/Library/Developer/Xcode/DerivedData/TaxedGmbH_IOS-gerngfqzuwudosgobknlgtoawnlj/Build/Intermediates.noindex/nanopb.build/Debug-iphoneos/nanopb.build/nanopb.DependencyStaticMetadataFileList

WriteAuxiliaryFile /Users/emanuelflury/Library/Developer/Xcode/DerivedData/TaxedGmbH_IOS-gerngfqzuwudosgobknlgtoawnlj/Build/Intermediates.noindex/nanopb.build/Debug-iphoneos/nanopb.build/nanopb.modulemap (in target 'nanopb' from project 'nanopb')
    cd /Users/emanuelflury/Library/Developer/Xcode/DerivedData/TaxedGmbH_IOS-gerngfqzuwudosgobknlgtoawnlj/SourcePackages/checkouts/nanopb
    write-file /Users/emanuelflury/Library/Developer/Xcode/DerivedData/TaxedGmbH_IOS-gerngfqzuwudosgobknlgtoawnlj/Build/Intermediates.noindex/nanopb.build/Debug-iphoneos/nanopb.build/nanopb.modulemap

WriteAuxiliaryFile /Users/emanuelflury/Library/Developer/Xcode/DerivedData/TaxedGmbH_IOS-gerngfqzuwudosgobknlgtoawnlj/Build/Intermediates.noindex/nanopb.build/Debug-iphoneos/nanopb.build/DerivedSources/resource_bundle_accessor.m (in target 'nanopb' from project 'nanopb')
    cd /Users/emanuelflury/Library/Developer/Xcode/DerivedData/TaxedGmbH_IOS-gerngfqzuwudosgobknlgtoawnlj/SourcePackages/checkouts/nanopb
    write-file /Users/emanuelflury/Library/Developer/Xcode/DerivedData/TaxedGmbH_IOS-gerngfqzuwudosgobknlgtoawnlj/Build/Intermediates.noindex/nanopb.build/Debug-iphoneos/nanopb.build/DerivedSources/resource_bundle_accessor.m

WriteAuxiliaryFile /Users/emanuelflury/Library/Developer/Xcode/DerivedData/TaxedGmbH_IOS-gerngfqzuwudosgobknlgtoawnlj/Build/Intermediates.noindex/nanopb.build/Debug-iphoneos/nanopb.build/DerivedSources/resource_bundle_accessor.h (in target 'nanopb' from project 'nanopb')
    cd /Users/emanuelflury/Library/Developer/Xcode/DerivedData/TaxedGmbH_IOS-gerngfqzuwudosgobknlgtoawnlj/SourcePackages/checkouts/nanopb
    write-file /Users/emanuelflury/Library/Developer/Xcode/DerivedData/TaxedGmbH_IOS-gerngfqzuwudosgobknlgtoawnlj/Build/Intermediates.noindex/nanopb.build/Debug-iphoneos/nanopb.build/DerivedSources/resource_bundle_accessor.h

WriteAuxiliaryFile /Users/emanuelflury/Library/Developer/Xcode/DerivedData/TaxedGmbH_IOS-gerngfqzuwudosgobknlgtoawnlj/Build/Intermediates.noindex/nanopb.build/Debug-iphoneos/nanopb.build/Objects-normal/arm64/7187679823f38a2a940e0043cdf9d637-common-args.resp (in target 'nanopb' from project 'nanopb')
    cd /Users/emanuelflury/Library/Developer/Xcode/DerivedData/TaxedGmbH_IOS-gerngfqzuwudosgobknlgtoawnlj/SourcePackages/checkouts/nanopb
    write-file /Users/emanuelflury/Library/Developer/Xcode/DerivedData/TaxedGmbH_IOS-gerngfqzuwudosgobknlgtoawnlj/Build/Intermediates.noindex/nanopb.build/Debug-iphoneos/nanopb.build/Objects-normal/arm64/7187679823f38a2a940e0043cdf9d637-common-args.resp
-target arm64-apple-ios12.0 -fmodules -gmodules '-fmodules-cache-path=/Users/emanuelflury/Library/Developer/Xcode/DerivedData/ModuleCache.noindex' '-fmodule-name=nanopb' -fpascal-strings -O0 -DSWIFT_PACKAGE '-DDEBUG=1' '-DPB_FIELD_32BIT=1' '-DPB_NO_PACKED_STRUCTS=1' '-DPB_ENABLE_MALLOC=1' -isysroot /Applications/Xcode.app/Contents/Developer/Platforms/iPhoneOS.platform/Developer/SDKs/iPhoneOS26.1.sdk -g -fprofile-instr-generate -fcoverage-mapping -I/Users/emanuelflury/Library/Developer/Xcode/DerivedData/TaxedGmbH_IOS-gerngfqzuwudosgobknlgtoawnlj/Build/Products/Debug-iphoneos/include -I/Users/emanuelflury/Library/Developer/Xcode/DerivedData/TaxedGmbH_IOS-gerngfqzuwudosgobknlgtoawnlj/SourcePackages/checkouts/nanopb/spm_headers -I/Users/emanuelflury/Library/Developer/Xcode/DerivedData/TaxedGmbH_IOS-gerngfqzuwudosgobknlgtoawnlj/Build/Intermediates.noindex/nanopb.build/Debug-iphoneos/nanopb.build/DerivedSources-normal/arm64 -I/Users/emanuelflury/Library/Developer/Xcode/DerivedData/TaxedGmbH_IOS-gerngfqzuwudosgobknlgtoawnlj/Build/Intermediates.noindex/nanopb.build/Debug-iphoneos/nanopb.build/DerivedSources/arm64 -I/Users/emanuelflury/Library/Developer/Xcode/DerivedData/TaxedGmbH_IOS-gerngfqzuwudosgobknlgtoawnlj/Build/Intermediates.noindex/nanopb.build/Debug-iphoneos/nanopb.build/DerivedSources -F/Users/emanuelflury/Library/Developer/Xcode/DerivedData/TaxedGmbH_IOS-gerngfqzuwudosgobknlgtoawnlj/Build/Products/Debug-iphoneos -iframework /Applications/Xcode.app/Contents/Developer/Platforms/iPhoneOS.platform/Developer/Library/Frameworks -iframework /Applications/Xcode.app/Contents/Developer/Platforms/iPhoneOS.platform/Developer/SDKs/iPhoneOS26.1.sdk/Developer/Library/Frameworks -DXcode

WriteAuxiliaryFile /Users/emanuelflury/Library/Developer/Xcode/DerivedData/TaxedGmbH_IOS-gerngfqzuwudosgobknlgtoawnlj/Build/Intermediates.noindex/nanopb.build/Debug-iphoneos/nanopb.build/Objects-normal/arm64/e6072d4f65d7061329687fe24e3d63a7-common-args.resp (in target 'nanopb' from project 'nanopb')
    cd /Users/emanuelflury/Library/Developer/Xcode/DerivedData/TaxedGmbH_IOS-gerngfqzuwudosgobknlgtoawnlj/SourcePackages/checkouts/nanopb
    write-file /Users/emanuelflury/Library/Developer/Xcode/DerivedData/TaxedGmbH_IOS-gerngfqzuwudosgobknlgtoawnlj/Build/Intermediates.noindex/nanopb.build/Debug-iphoneos/nanopb.build/Objects-normal/arm64/e6072d4f65d7061329687fe24e3d63a7-common-args.resp
-target arm64-apple-ios12.0 -fobjc-arc -fmodules -gmodules '-fmodules-cache-path=/Users/emanuelflury/Library/Developer/Xcode/DerivedData/ModuleCache.noindex' '-fmodule-name=nanopb' -fpascal-strings -O0 -DSWIFT_PACKAGE '-DDEBUG=1' '-DPB_FIELD_32BIT=1' '-DPB_NO_PACKED_STRUCTS=1' '-DPB_ENABLE_MALLOC=1' '-DOBJC_OLD_DISPATCH_PROTOTYPES=1' -isysroot /Applications/Xcode.app/Contents/Developer/Platforms/iPhoneOS.platform/Developer/SDKs/iPhoneOS26.1.sdk -g -fprofile-instr-generate -fcoverage-mapping -I/Users/emanuelflury/Library/Developer/Xcode/DerivedData/TaxedGmbH_IOS-gerngfqzuwudosgobknlgtoawnlj/Build/Products/Debug-iphoneos/include -I/Users/emanuelflury/Library/Developer/Xcode/DerivedData/TaxedGmbH_IOS-gerngfqzuwudosgobknlgtoawnlj/SourcePackages/checkouts/nanopb/spm_headers -I/Users/emanuelflury/Library/Developer/Xcode/DerivedData/TaxedGmbH_IOS-gerngfqzuwudosgobknlgtoawnlj/Build/Intermediates.noindex/nanopb.build/Debug-iphoneos/nanopb.build/DerivedSources-normal/arm64 -I/Users/emanuelflury/Library/Developer/Xcode/DerivedData/TaxedGmbH_IOS-gerngfqzuwudosgobknlgtoawnlj/Build/Intermediates.noindex/nanopb.build/Debug-iphoneos/nanopb.build/DerivedSources/arm64 -I/Users/emanuelflury/Library/Developer/Xcode/DerivedData/TaxedGmbH_IOS-gerngfqzuwudosgobknlgtoawnlj/Build/Intermediates.noindex/nanopb.build/Debug-iphoneos/nanopb.build/DerivedSources -F/Users/emanuelflury/Library/Developer/Xcode/DerivedData/TaxedGmbH_IOS-gerngfqzuwudosgobknlgtoawnlj/Build/Products/Debug-iphoneos -iframework /Applications/Xcode.app/Contents/Developer/Platforms/iPhoneOS.platform/Developer/Library/Frameworks -iframework /Applications/Xcode.app/Contents/Developer/Platforms/iPhoneOS.platform/Developer/SDKs/iPhoneOS26.1.sdk/Developer/Library/Frameworks -DXcode

WriteAuxiliaryFile /Users/emanuelflury/Library/Developer/Xcode/DerivedData/TaxedGmbH_IOS-gerngfqzuwudosgobknlgtoawnlj/Build/Intermediates.noindex/nanopb.build/Debug-iphoneos/nanopb.build/Objects-normal/arm64/nanopb.LinkFileList (in target 'nanopb' from project 'nanopb')
    cd /Users/emanuelflury/Library/Developer/Xcode/DerivedData/TaxedGmbH_IOS-gerngfqzuwudosgobknlgtoawnlj/SourcePackages/checkouts/nanopb
    write-file /Users/emanuelflury/Library/Developer/Xcode/DerivedData/TaxedGmbH_IOS-gerngfqzuwudosgobknlgtoawnlj/Build/Intermediates.noindex/nanopb.build/Debug-iphoneos/nanopb.build/Objects-normal/arm64/nanopb.LinkFileList

WriteAuxiliaryFile /Users/emanuelflury/Library/Developer/Xcode/DerivedData/TaxedGmbH_IOS-gerngfqzuwudosgobknlgtoawnlj/Build/Intermediates.noindex/leveldb.build/Debug-iphoneos/leveldb_leveldb.build/leveldb_leveldb.DependencyStaticMetadataFileList (in target 'leveldb_leveldb' from project 'leveldb')
    cd /Users/emanuelflury/Library/Developer/Xcode/DerivedData/TaxedGmbH_IOS-gerngfqzuwudosgobknlgtoawnlj/SourcePackages/checkouts/leveldb
    write-file /Users/emanuelflury/Library/Developer/Xcode/DerivedData/TaxedGmbH_IOS-gerngfqzuwudosgobknlgtoawnlj/Build/Intermediates.noindex/leveldb.build/Debug-iphoneos/leveldb_leveldb.build/leveldb_leveldb.DependencyStaticMetadataFileList

WriteAuxiliaryFile /Users/emanuelflury/Library/Developer/Xcode/DerivedData/TaxedGmbH_IOS-gerngfqzuwudosgobknlgtoawnlj/Build/Intermediates.noindex/leveldb.build/Debug-iphoneos/leveldb_leveldb.build/leveldb_leveldb.DependencyMetadataFileList (in target 'leveldb_leveldb' from project 'leveldb')
    cd /Users/emanuelflury/Library/Developer/Xcode/DerivedData/TaxedGmbH_IOS-gerngfqzuwudosgobknlgtoawnlj/SourcePackages/checkouts/leveldb
    write-file /Users/emanuelflury/Library/Developer/Xcode/DerivedData/TaxedGmbH_IOS-gerngfqzuwudosgobknlgtoawnlj/Build/Intermediates.noindex/leveldb.build/Debug-iphoneos/leveldb_leveldb.build/leveldb_leveldb.DependencyMetadataFileList

WriteAuxiliaryFile /Users/emanuelflury/Library/Developer/Xcode/DerivedData/TaxedGmbH_IOS-gerngfqzuwudosgobknlgtoawnlj/Build/Intermediates.noindex/leveldb.build/Debug-iphoneos/leveldb_leveldb.build/empty-leveldb_leveldb.plist (in target 'leveldb_leveldb' from project 'leveldb')
    cd /Users/emanuelflury/Library/Developer/Xcode/DerivedData/TaxedGmbH_IOS-gerngfqzuwudosgobknlgtoawnlj/SourcePackages/checkouts/leveldb
    write-file /Users/emanuelflury/Library/Developer/Xcode/DerivedData/TaxedGmbH_IOS-gerngfqzuwudosgobknlgtoawnlj/Build/Intermediates.noindex/leveldb.build/Debug-iphoneos/leveldb_leveldb.build/empty-leveldb_leveldb.plist

WriteAuxiliaryFile /Users/emanuelflury/Library/Developer/Xcode/DerivedData/TaxedGmbH_IOS-gerngfqzuwudosgobknlgtoawnlj/Build/Intermediates.noindex/leveldb.build/Debug-iphoneos/leveldb.build/leveldb.DependencyStaticMetadataFileList (in target 'leveldb' from project 'leveldb')
    cd /Users/emanuelflury/Library/Developer/Xcode/DerivedData/TaxedGmbH_IOS-gerngfqzuwudosgobknlgtoawnlj/SourcePackages/checkouts/leveldb
    write-file /Users/emanuelflury/Library/Developer/Xcode/DerivedData/TaxedGmbH_IOS-gerngfqzuwudosgobknlgtoawnlj/Build/Intermediates.noindex/leveldb.build/Debug-iphoneos/leveldb.build/leveldb.DependencyStaticMetadataFileList

WriteAuxiliaryFile /Users/emanuelflury/Library/Developer/Xcode/DerivedData/TaxedGmbH_IOS-gerngfqzuwudosgobknlgtoawnlj/Build/Intermediates.noindex/leveldb.build/Debug-iphoneos/leveldb.build/leveldb.DependencyMetadataFileList (in target 'leveldb' from project 'leveldb')
    cd /Users/emanuelflury/Library/Developer/Xcode/DerivedData/TaxedGmbH_IOS-gerngfqzuwudosgobknlgtoawnlj/SourcePackages/checkouts/leveldb
    write-file /Users/emanuelflury/Library/Developer/Xcode/DerivedData/TaxedGmbH_IOS-gerngfqzuwudosgobknlgtoawnlj/Build/Intermediates.noindex/leveldb.build/Debug-iphoneos/leveldb.build/leveldb.DependencyMetadataFileList

WriteAuxiliaryFile /Users/emanuelflury/Library/Developer/Xcode/DerivedData/TaxedGmbH_IOS-gerngfqzuwudosgobknlgtoawnlj/Build/Intermediates.noindex/leveldb.build/Debug-iphoneos/leveldb.build/leveldb.modulemap (in target 'leveldb' from project 'leveldb')
    cd /Users/emanuelflury/Library/Developer/Xcode/DerivedData/TaxedGmbH_IOS-gerngfqzuwudosgobknlgtoawnlj/SourcePackages/checkouts/leveldb
    write-file /Users/emanuelflury/Library/Developer/Xcode/DerivedData/TaxedGmbH_IOS-gerngfqzuwudosgobknlgtoawnlj/Build/Intermediates.noindex/leveldb.build/Debug-iphoneos/leveldb.build/leveldb.modulemap

WriteAuxiliaryFile /Users/emanuelflury/Library/Developer/Xcode/DerivedData/TaxedGmbH_IOS-gerngfqzuwudosgobknlgtoawnlj/Build/Intermediates.noindex/leveldb.build/Debug-iphoneos/leveldb.build/Objects-normal/arm64/e6072d4f65d7061329687fe24e3d63a7-common-args.resp (in target 'leveldb' from project 'leveldb')
    cd /Users/emanuelflury/Library/Developer/Xcode/DerivedData/TaxedGmbH_IOS-gerngfqzuwudosgobknlgtoawnlj/SourcePackages/checkouts/leveldb
    write-file /Users/emanuelflury/Library/Developer/Xcode/DerivedData/TaxedGmbH_IOS-gerngfqzuwudosgobknlgtoawnlj/Build/Intermediates.noindex/leveldb.build/Debug-iphoneos/leveldb.build/Objects-normal/arm64/e6072d4f65d7061329687fe24e3d63a7-common-args.resp
-target arm64-apple-ios12.0 -fobjc-arc -fmodules -gmodules '-fmodules-cache-path=/Users/emanuelflury/Library/Developer/Xcode/DerivedData/ModuleCache.noindex' '-fmodule-name=leveldb' -fpascal-strings -O0 -DSWIFT_PACKAGE '-DDEBUG=1' '-DLEVELDB_IS_BIG_ENDIAN=0' '-DLEVELDB_PLATFORM_POSIX=1' '-DHAVE_FULLFSYNC=1' '-DOBJC_OLD_DISPATCH_PROTOTYPES=1' -isysroot /Applications/Xcode.app/Contents/Developer/Platforms/iPhoneOS.platform/Developer/SDKs/iPhoneOS26.1.sdk -g -fprofile-instr-generate -fcoverage-mapping -I/Users/emanuelflury/Library/Developer/Xcode/DerivedData/TaxedGmbH_IOS-gerngfqzuwudosgobknlgtoawnlj/Build/Products/Debug-iphoneos/include -I/Users/emanuelflury/Library/Developer/Xcode/DerivedData/TaxedGmbH_IOS-gerngfqzuwudosgobknlgtoawnlj/SourcePackages/checkouts/leveldb/include -I/Users/emanuelflury/Library/Developer/Xcode/DerivedData/TaxedGmbH_IOS-gerngfqzuwudosgobknlgtoawnlj/SourcePackages/checkouts/leveldb -I/Users/emanuelflury/Library/Developer/Xcode/DerivedData/TaxedGmbH_IOS-gerngfqzuwudosgobknlgtoawnlj/SourcePackages/checkouts/leveldb/include -I/Users/emanuelflury/Library/Developer/Xcode/DerivedData/TaxedGmbH_IOS-gerngfqzuwudosgobknlgtoawnlj/Build/Intermediates.noindex/leveldb.build/Debug-iphoneos/leveldb.build/DerivedSources-normal/arm64 -I/Users/emanuelflury/Library/Developer/Xcode/DerivedData/TaxedGmbH_IOS-gerngfqzuwudosgobknlgtoawnlj/Build/Intermediates.noindex/leveldb.build/Debug-iphoneos/leveldb.build/DerivedSources/arm64 -I/Users/emanuelflury/Library/Developer/Xcode/DerivedData/TaxedGmbH_IOS-gerngfqzuwudosgobknlgtoawnlj/Build/Intermediates.noindex/leveldb.build/Debug-iphoneos/leveldb.build/DerivedSources -F/Users/emanuelflury/Library/Developer/Xcode/DerivedData/TaxedGmbH_IOS-gerngfqzuwudosgobknlgtoawnlj/Build/Products/Debug-iphoneos -iframework /Applications/Xcode.app/Contents/Developer/Platforms/iPhoneOS.platform/Developer/Library/Frameworks -iframework /Applications/Xcode.app/Contents/Developer/Platforms/iPhoneOS.platform/Developer/SDKs/iPhoneOS26.1.sdk/Developer/Library/Frameworks -DXcode

WriteAuxiliaryFile /Users/emanuelflury/Library/Developer/Xcode/DerivedData/TaxedGmbH_IOS-gerngfqzuwudosgobknlgtoawnlj/Build/Intermediates.noindex/leveldb.build/Debug-iphoneos/leveldb.build/Objects-normal/arm64/leveldb.LinkFileList (in target 'leveldb' from project 'leveldb')
    cd /Users/emanuelflury/Library/Developer/Xcode/DerivedData/TaxedGmbH_IOS-gerngfqzuwudosgobknlgtoawnlj/SourcePackages/checkouts/leveldb
    write-file /Users/emanuelflury/Library/Developer/Xcode/DerivedData/TaxedGmbH_IOS-gerngfqzuwudosgobknlgtoawnlj/Build/Intermediates.noindex/leveldb.build/Debug-iphoneos/leveldb.build/Objects-normal/arm64/leveldb.LinkFileList

WriteAuxiliaryFile /Users/emanuelflury/Library/Developer/Xcode/DerivedData/TaxedGmbH_IOS-gerngfqzuwudosgobknlgtoawnlj/Build/Intermediates.noindex/leveldb.build/Debug-iphoneos/leveldb.build/Objects-normal/arm64/82b82416624d2658e5098eb0a28c15c5-common-args.resp (in target 'leveldb' from project 'leveldb')
    cd /Users/emanuelflury/Library/Developer/Xcode/DerivedData/TaxedGmbH_IOS-gerngfqzuwudosgobknlgtoawnlj/SourcePackages/checkouts/leveldb
    write-file /Users/emanuelflury/Library/Developer/Xcode/DerivedData/TaxedGmbH_IOS-gerngfqzuwudosgobknlgtoawnlj/Build/Intermediates.noindex/leveldb.build/Debug-iphoneos/leveldb.build/Objects-normal/arm64/82b82416624d2658e5098eb0a28c15c5-common-args.resp
-target arm64-apple-ios12.0 '-std=gnu++14' -fmodules -fno-cxx-modules -gmodules '-fmodules-cache-path=/Users/emanuelflury/Library/Developer/Xcode/DerivedData/ModuleCache.noindex' '-fmodule-name=leveldb' '-D_LIBCPP_HARDENING_MODE=_LIBCPP_HARDENING_MODE_DEBUG' -fpascal-strings -O0 -DSWIFT_PACKAGE '-DDEBUG=1' '-DLEVELDB_IS_BIG_ENDIAN=0' '-DLEVELDB_PLATFORM_POSIX=1' '-DHAVE_FULLFSYNC=1' -isysroot /Applications/Xcode.app/Contents/Developer/Platforms/iPhoneOS.platform/Developer/SDKs/iPhoneOS26.1.sdk -g -fvisibility-inlines-hidden -fprofile-instr-generate -fcoverage-mapping -I/Users/emanuelflury/Library/Developer/Xcode/DerivedData/TaxedGmbH_IOS-gerngfqzuwudosgobknlgtoawnlj/Build/Products/Debug-iphoneos/include -I/Users/emanuelflury/Library/Developer/Xcode/DerivedData/TaxedGmbH_IOS-gerngfqzuwudosgobknlgtoawnlj/SourcePackages/checkouts/leveldb/include -I/Users/emanuelflury/Library/Developer/Xcode/DerivedData/TaxedGmbH_IOS-gerngfqzuwudosgobknlgtoawnlj/SourcePackages/checkouts/leveldb -I/Users/emanuelflury/Library/Developer/Xcode/DerivedData/TaxedGmbH_IOS-gerngfqzuwudosgobknlgtoawnlj/SourcePackages/checkouts/leveldb/include -I/Users/emanuelflury/Library/Developer/Xcode/DerivedData/TaxedGmbH_IOS-gerngfqzuwudosgobknlgtoawnlj/Build/Intermediates.noindex/leveldb.build/Debug-iphoneos/leveldb.build/DerivedSources-normal/arm64 -I/Users/emanuelflury/Library/Developer/Xcode/DerivedData/TaxedGmbH_IOS-gerngfqzuwudosgobknlgtoawnlj/Build/Intermediates.noindex/leveldb.build/Debug-iphoneos/leveldb.build/DerivedSources/arm64 -I/Users/emanuelflury/Library/Developer/Xcode/DerivedData/TaxedGmbH_IOS-gerngfqzuwudosgobknlgtoawnlj/Build/Intermediates.noindex/leveldb.build/Debug-iphoneos/leveldb.build/DerivedSources -F/Users/emanuelflury/Library/Developer/Xcode/DerivedData/TaxedGmbH_IOS-gerngfqzuwudosgobknlgtoawnlj/Build/Products/Debug-iphoneos -iframework /Applications/Xcode.app/Contents/Developer/Platforms/iPhoneOS.platform/Developer/Library/Frameworks -iframework /Applications/Xcode.app/Contents/Developer/Platforms/iPhoneOS.platform/Developer/SDKs/iPhoneOS26.1.sdk/Developer/Library/Frameworks -DXcode

WriteAuxiliaryFile /Users/emanuelflury/Library/Developer/Xcode/DerivedData/TaxedGmbH_IOS-gerngfqzuwudosgobknlgtoawnlj/Build/Intermediates.noindex/leveldb.build/Debug-iphoneos/leveldb.build/DerivedSources/resource_bundle_accessor.m (in target 'leveldb' from project 'leveldb')
    cd /Users/emanuelflury/Library/Developer/Xcode/DerivedData/TaxedGmbH_IOS-gerngfqzuwudosgobknlgtoawnlj/SourcePackages/checkouts/leveldb
    write-file /Users/emanuelflury/Library/Developer/Xcode/DerivedData/TaxedGmbH_IOS-gerngfqzuwudosgobknlgtoawnlj/Build/Intermediates.noindex/leveldb.build/Debug-iphoneos/leveldb.build/DerivedSources/resource_bundle_accessor.m

WriteAuxiliaryFile /Users/emanuelflury/Library/Developer/Xcode/DerivedData/TaxedGmbH_IOS-gerngfqzuwudosgobknlgtoawnlj/Build/Intermediates.noindex/leveldb.build/Debug-iphoneos/leveldb.build/DerivedSources/resource_bundle_accessor.h (in target 'leveldb' from project 'leveldb')
    cd /Users/emanuelflury/Library/Developer/Xcode/DerivedData/TaxedGmbH_IOS-gerngfqzuwudosgobknlgtoawnlj/SourcePackages/checkouts/leveldb
    write-file /Users/emanuelflury/Library/Developer/Xcode/DerivedData/TaxedGmbH_IOS-gerngfqzuwudosgobknlgtoawnlj/Build/Intermediates.noindex/leveldb.build/Debug-iphoneos/leveldb.build/DerivedSources/resource_bundle_accessor.h

WriteAuxiliaryFile /Users/emanuelflury/Library/Developer/Xcode/DerivedData/TaxedGmbH_IOS-gerngfqzuwudosgobknlgtoawnlj/Build/Intermediates.noindex/gRPC.build/Debug-iphoneos/gRPC_opensslWrapper.build/gRPC_opensslWrapper.DependencyStaticMetadataFileList (in target 'gRPC_opensslWrapper' from project 'gRPC')
    cd /Users/emanuelflury/Library/Developer/Xcode/DerivedData/TaxedGmbH_IOS-gerngfqzuwudosgobknlgtoawnlj/SourcePackages/checkouts/grpc-binary
    write-file /Users/emanuelflury/Library/Developer/Xcode/DerivedData/TaxedGmbH_IOS-gerngfqzuwudosgobknlgtoawnlj/Build/Intermediates.noindex/gRPC.build/Debug-iphoneos/gRPC_opensslWrapper.build/gRPC_opensslWrapper.DependencyStaticMetadataFileList

WriteAuxiliaryFile /Users/emanuelflury/Library/Developer/Xcode/DerivedData/TaxedGmbH_IOS-gerngfqzuwudosgobknlgtoawnlj/Build/Intermediates.noindex/gRPC.build/Debug-iphoneos/gRPC_opensslWrapper.build/gRPC_opensslWrapper.DependencyMetadataFileList (in target 'gRPC_opensslWrapper' from project 'gRPC')
    cd /Users/emanuelflury/Library/Developer/Xcode/DerivedData/TaxedGmbH_IOS-gerngfqzuwudosgobknlgtoawnlj/SourcePackages/checkouts/grpc-binary
    write-file /Users/emanuelflury/Library/Developer/Xcode/DerivedData/TaxedGmbH_IOS-gerngfqzuwudosgobknlgtoawnlj/Build/Intermediates.noindex/gRPC.build/Debug-iphoneos/gRPC_opensslWrapper.build/gRPC_opensslWrapper.DependencyMetadataFileList

WriteAuxiliaryFile /Users/emanuelflury/Library/Developer/Xcode/DerivedData/TaxedGmbH_IOS-gerngfqzuwudosgobknlgtoawnlj/Build/Intermediates.noindex/gRPC.build/Debug-iphoneos/gRPC_opensslWrapper.build/empty-gRPC_opensslWrapper.plist (in target 'gRPC_opensslWrapper' from project 'gRPC')
    cd /Users/emanuelflury/Library/Developer/Xcode/DerivedData/TaxedGmbH_IOS-gerngfqzuwudosgobknlgtoawnlj/SourcePackages/checkouts/grpc-binary
    write-file /Users/emanuelflury/Library/Developer/Xcode/DerivedData/TaxedGmbH_IOS-gerngfqzuwudosgobknlgtoawnlj/Build/Intermediates.noindex/gRPC.build/Debug-iphoneos/gRPC_opensslWrapper.build/empty-gRPC_opensslWrapper.plist

WriteAuxiliaryFile /Users/emanuelflury/Library/Developer/Xcode/DerivedData/TaxedGmbH_IOS-gerngfqzuwudosgobknlgtoawnlj/Build/Intermediates.noindex/gRPC.build/Debug-iphoneos/gRPC_grpcppWrapper.build/gRPC_grpcppWrapper.DependencyStaticMetadataFileList (in target 'gRPC_grpcppWrapper' from project 'gRPC')
    cd /Users/emanuelflury/Library/Developer/Xcode/DerivedData/TaxedGmbH_IOS-gerngfqzuwudosgobknlgtoawnlj/SourcePackages/checkouts/grpc-binary
    write-file /Users/emanuelflury/Library/Developer/Xcode/DerivedData/TaxedGmbH_IOS-gerngfqzuwudosgobknlgtoawnlj/Build/Intermediates.noindex/gRPC.build/Debug-iphoneos/gRPC_grpcppWrapper.build/gRPC_grpcppWrapper.DependencyStaticMetadataFileList

WriteAuxiliaryFile /Users/emanuelflury/Library/Developer/Xcode/DerivedData/TaxedGmbH_IOS-gerngfqzuwudosgobknlgtoawnlj/Build/Intermediates.noindex/gRPC.build/Debug-iphoneos/gRPC_grpcppWrapper.build/gRPC_grpcppWrapper.DependencyMetadataFileList (in target 'gRPC_grpcppWrapper' from project 'gRPC')
    cd /Users/emanuelflury/Library/Developer/Xcode/DerivedData/TaxedGmbH_IOS-gerngfqzuwudosgobknlgtoawnlj/SourcePackages/checkouts/grpc-binary
    write-file /Users/emanuelflury/Library/Developer/Xcode/DerivedData/TaxedGmbH_IOS-gerngfqzuwudosgobknlgtoawnlj/Build/Intermediates.noindex/gRPC.build/Debug-iphoneos/gRPC_grpcppWrapper.build/gRPC_grpcppWrapper.DependencyMetadataFileList

WriteAuxiliaryFile /Users/emanuelflury/Library/Developer/Xcode/DerivedData/TaxedGmbH_IOS-gerngfqzuwudosgobknlgtoawnlj/Build/Intermediates.noindex/gRPC.build/Debug-iphoneos/gRPC_grpcppWrapper.build/empty-gRPC_grpcppWrapper.plist (in target 'gRPC_grpcppWrapper' from project 'gRPC')
    cd /Users/emanuelflury/Library/Developer/Xcode/DerivedData/TaxedGmbH_IOS-gerngfqzuwudosgobknlgtoawnlj/SourcePackages/checkouts/grpc-binary
    write-file /Users/emanuelflury/Library/Developer/Xcode/DerivedData/TaxedGmbH_IOS-gerngfqzuwudosgobknlgtoawnlj/Build/Intermediates.noindex/gRPC.build/Debug-iphoneos/gRPC_grpcppWrapper.build/empty-gRPC_grpcppWrapper.plist

WriteAuxiliaryFile /Users/emanuelflury/Library/Developer/Xcode/DerivedData/TaxedGmbH_IOS-gerngfqzuwudosgobknlgtoawnlj/Build/Intermediates.noindex/gRPC.build/Debug-iphoneos/gRPC_grpcWrapper.build/empty-gRPC_grpcWrapper.plist (in target 'gRPC_grpcWrapper' from project 'gRPC')
    cd /Users/emanuelflury/Library/Developer/Xcode/DerivedData/TaxedGmbH_IOS-gerngfqzuwudosgobknlgtoawnlj/SourcePackages/checkouts/grpc-binary
    write-file /Users/emanuelflury/Library/Developer/Xcode/DerivedData/TaxedGmbH_IOS-gerngfqzuwudosgobknlgtoawnlj/Build/Intermediates.noindex/gRPC.build/Debug-iphoneos/gRPC_grpcWrapper.build/empty-gRPC_grpcWrapper.plist

WriteAuxiliaryFile /Users/emanuelflury/Library/Developer/Xcode/DerivedData/TaxedGmbH_IOS-gerngfqzuwudosgobknlgtoawnlj/Build/Intermediates.noindex/InteropForGoogle.build/Debug-iphoneos/RecaptchaInterop.build/RecaptchaInterop.DependencyStaticMetadataFileList (in target 'RecaptchaInterop' from project 'InteropForGoogle')
    cd /Users/emanuelflury/Library/Developer/Xcode/DerivedData/TaxedGmbH_IOS-gerngfqzuwudosgobknlgtoawnlj/SourcePackages/checkouts/interop-ios-for-google-sdks
    write-file /Users/emanuelflury/Library/Developer/Xcode/DerivedData/TaxedGmbH_IOS-gerngfqzuwudosgobknlgtoawnlj/Build/Intermediates.noindex/InteropForGoogle.build/Debug-iphoneos/RecaptchaInterop.build/RecaptchaInterop.DependencyStaticMetadataFileList

WriteAuxiliaryFile /Users/emanuelflury/Library/Developer/Xcode/DerivedData/TaxedGmbH_IOS-gerngfqzuwudosgobknlgtoawnlj/Build/Intermediates.noindex/InteropForGoogle.build/Debug-iphoneos/RecaptchaInterop.build/RecaptchaInterop.modulemap (in target 'RecaptchaInterop' from project 'InteropForGoogle')
    cd /Users/emanuelflury/Library/Developer/Xcode/DerivedData/TaxedGmbH_IOS-gerngfqzuwudosgobknlgtoawnlj/SourcePackages/checkouts/interop-ios-for-google-sdks
    write-file /Users/emanuelflury/Library/Developer/Xcode/DerivedData/TaxedGmbH_IOS-gerngfqzuwudosgobknlgtoawnlj/Build/Intermediates.noindex/InteropForGoogle.build/Debug-iphoneos/RecaptchaInterop.build/RecaptchaInterop.modulemap

WriteAuxiliaryFile /Users/emanuelflury/Library/Developer/Xcode/DerivedData/TaxedGmbH_IOS-gerngfqzuwudosgobknlgtoawnlj/Build/Intermediates.noindex/InteropForGoogle.build/Debug-iphoneos/RecaptchaInterop.build/RecaptchaInterop.DependencyMetadataFileList (in target 'RecaptchaInterop' from project 'InteropForGoogle')
    cd /Users/emanuelflury/Library/Developer/Xcode/DerivedData/TaxedGmbH_IOS-gerngfqzuwudosgobknlgtoawnlj/SourcePackages/checkouts/interop-ios-for-google-sdks
    write-file /Users/emanuelflury/Library/Developer/Xcode/DerivedData/TaxedGmbH_IOS-gerngfqzuwudosgobknlgtoawnlj/Build/Intermediates.noindex/InteropForGoogle.build/Debug-iphoneos/RecaptchaInterop.build/RecaptchaInterop.DependencyMetadataFileList

WriteAuxiliaryFile /Users/emanuelflury/Library/Developer/Xcode/DerivedData/TaxedGmbH_IOS-gerngfqzuwudosgobknlgtoawnlj/Build/Intermediates.noindex/InteropForGoogle.build/Debug-iphoneos/RecaptchaInterop.build/Objects-normal/arm64/e6072d4f65d7061329687fe24e3d63a7-common-args.resp (in target 'RecaptchaInterop' from project 'InteropForGoogle')
    cd /Users/emanuelflury/Library/Developer/Xcode/DerivedData/TaxedGmbH_IOS-gerngfqzuwudosgobknlgtoawnlj/SourcePackages/checkouts/interop-ios-for-google-sdks
    write-file /Users/emanuelflury/Library/Developer/Xcode/DerivedData/TaxedGmbH_IOS-gerngfqzuwudosgobknlgtoawnlj/Build/Intermediates.noindex/InteropForGoogle.build/Debug-iphoneos/RecaptchaInterop.build/Objects-normal/arm64/e6072d4f65d7061329687fe24e3d63a7-common-args.resp
-target arm64-apple-ios12.0 -fobjc-arc -fmodules -gmodules '-fmodules-cache-path=/Users/emanuelflury/Library/Developer/Xcode/DerivedData/ModuleCache.noindex' '-fmodule-name=RecaptchaInterop' -fpascal-strings -O0 -DSWIFT_PACKAGE '-DDEBUG=1' '-DOBJC_OLD_DISPATCH_PROTOTYPES=1' -isysroot /Applications/Xcode.app/Contents/Developer/Platforms/iPhoneOS.platform/Developer/SDKs/iPhoneOS26.1.sdk -g -fprofile-instr-generate -fcoverage-mapping -I/Users/emanuelflury/Library/Developer/Xcode/DerivedData/TaxedGmbH_IOS-gerngfqzuwudosgobknlgtoawnlj/Build/Products/Debug-iphoneos/include -I/Users/emanuelflury/Library/Developer/Xcode/DerivedData/TaxedGmbH_IOS-gerngfqzuwudosgobknlgtoawnlj/SourcePackages/checkouts/interop-ios-for-google-sdks/RecaptchaEnterprise/RecaptchaInterop/Public -I/Users/emanuelflury/Library/Developer/Xcode/DerivedData/TaxedGmbH_IOS-gerngfqzuwudosgobknlgtoawnlj/Build/Intermediates.noindex/InteropForGoogle.build/Debug-iphoneos/RecaptchaInterop.build/DerivedSources-normal/arm64 -I/Users/emanuelflury/Library/Developer/Xcode/DerivedData/TaxedGmbH_IOS-gerngfqzuwudosgobknlgtoawnlj/Build/Intermediates.noindex/InteropForGoogle.build/Debug-iphoneos/RecaptchaInterop.build/DerivedSources/arm64 -I/Users/emanuelflury/Library/Developer/Xcode/DerivedData/TaxedGmbH_IOS-gerngfqzuwudosgobknlgtoawnlj/Build/Intermediates.noindex/InteropForGoogle.build/Debug-iphoneos/RecaptchaInterop.build/DerivedSources -F/Users/emanuelflury/Library/Developer/Xcode/DerivedData/TaxedGmbH_IOS-gerngfqzuwudosgobknlgtoawnlj/Build/Products/Debug-iphoneos -iframework /Applications/Xcode.app/Contents/Developer/Platforms/iPhoneOS.platform/Developer/Library/Frameworks -iframework /Applications/Xcode.app/Contents/Developer/Platforms/iPhoneOS.platform/Developer/SDKs/iPhoneOS26.1.sdk/Developer/Library/Frameworks -DXcode

WriteAuxiliaryFile /Users/emanuelflury/Library/Developer/Xcode/DerivedData/TaxedGmbH_IOS-gerngfqzuwudosgobknlgtoawnlj/Build/Intermediates.noindex/InteropForGoogle.build/Debug-iphoneos/RecaptchaInterop.build/Objects-normal/arm64/RecaptchaInterop.LinkFileList (in target 'RecaptchaInterop' from project 'InteropForGoogle')
    cd /Users/emanuelflury/Library/Developer/Xcode/DerivedData/TaxedGmbH_IOS-gerngfqzuwudosgobknlgtoawnlj/SourcePackages/checkouts/interop-ios-for-google-sdks
    write-file /Users/emanuelflury/Library/Developer/Xcode/DerivedData/TaxedGmbH_IOS-gerngfqzuwudosgobknlgtoawnlj/Build/Intermediates.noindex/InteropForGoogle.build/Debug-iphoneos/RecaptchaInterop.build/Objects-normal/arm64/RecaptchaInterop.LinkFileList

WriteAuxiliaryFile /Users/emanuelflury/Library/Developer/Xcode/DerivedData/TaxedGmbH_IOS-gerngfqzuwudosgobknlgtoawnlj/Build/Intermediates.noindex/Promises.build/Debug-iphoneos/Promises_FBLPromises.build/empty-Promises_FBLPromises.plist (in target 'Promises_FBLPromises' from project 'Promises')
    cd /Users/emanuelflury/Library/Developer/Xcode/DerivedData/TaxedGmbH_IOS-gerngfqzuwudosgobknlgtoawnlj/SourcePackages/checkouts/promises
    write-file /Users/emanuelflury/Library/Developer/Xcode/DerivedData/TaxedGmbH_IOS-gerngfqzuwudosgobknlgtoawnlj/Build/Intermediates.noindex/Promises.build/Debug-iphoneos/Promises_FBLPromises.build/empty-Promises_FBLPromises.plist

WriteAuxiliaryFile /Users/emanuelflury/Library/Developer/Xcode/DerivedData/TaxedGmbH_IOS-gerngfqzuwudosgobknlgtoawnlj/Build/Intermediates.noindex/Promises.build/Debug-iphoneos/Promises_FBLPromises.build/Promises_FBLPromises.DependencyStaticMetadataFileList (in target 'Promises_FBLPromises' from project 'Promises')
    cd /Users/emanuelflury/Library/Developer/Xcode/DerivedData/TaxedGmbH_IOS-gerngfqzuwudosgobknlgtoawnlj/SourcePackages/checkouts/promises
    write-file /Users/emanuelflury/Library/Developer/Xcode/DerivedData/TaxedGmbH_IOS-gerngfqzuwudosgobknlgtoawnlj/Build/Intermediates.noindex/Promises.build/Debug-iphoneos/Promises_FBLPromises.build/Promises_FBLPromises.DependencyStaticMetadataFileList

WriteAuxiliaryFile /Users/emanuelflury/Library/Developer/Xcode/DerivedData/TaxedGmbH_IOS-gerngfqzuwudosgobknlgtoawnlj/Build/Intermediates.noindex/Promises.build/Debug-iphoneos/Promises_FBLPromises.build/Promises_FBLPromises.DependencyMetadataFileList (in target 'Promises_FBLPromises' from project 'Promises')
    cd /Users/emanuelflury/Library/Developer/Xcode/DerivedData/TaxedGmbH_IOS-gerngfqzuwudosgobknlgtoawnlj/SourcePackages/checkouts/promises
    write-file /Users/emanuelflury/Library/Developer/Xcode/DerivedData/TaxedGmbH_IOS-gerngfqzuwudosgobknlgtoawnlj/Build/Intermediates.noindex/Promises.build/Debug-iphoneos/Promises_FBLPromises.build/Promises_FBLPromises.DependencyMetadataFileList

WriteAuxiliaryFile /Users/emanuelflury/Library/Developer/Xcode/DerivedData/TaxedGmbH_IOS-gerngfqzuwudosgobknlgtoawnlj/Build/Intermediates.noindex/GoogleUtilities.build/Debug-iphoneos/GoogleUtilities_GoogleUtilities-UserDefaults.build/GoogleUtilities_GoogleUtilities-UserDefaults.DependencyStaticMetadataFileList (in target 'GoogleUtilities_GoogleUtilities-UserDefaults' from project 'GoogleUtilities')
    cd /Users/emanuelflury/Library/Developer/Xcode/DerivedData/TaxedGmbH_IOS-gerngfqzuwudosgobknlgtoawnlj/SourcePackages/checkouts/GoogleUtilities
    write-file /Users/emanuelflury/Library/Developer/Xcode/DerivedData/TaxedGmbH_IOS-gerngfqzuwudosgobknlgtoawnlj/Build/Intermediates.noindex/GoogleUtilities.build/Debug-iphoneos/GoogleUtilities_GoogleUtilities-UserDefaults.build/GoogleUtilities_GoogleUtilities-UserDefaults.DependencyStaticMetadataFileList

WriteAuxiliaryFile /Users/emanuelflury/Library/Developer/Xcode/DerivedData/TaxedGmbH_IOS-gerngfqzuwudosgobknlgtoawnlj/Build/Intermediates.noindex/GoogleUtilities.build/Debug-iphoneos/GoogleUtilities_GoogleUtilities-UserDefaults.build/GoogleUtilities_GoogleUtilities-UserDefaults.DependencyMetadataFileList (in target 'GoogleUtilities_GoogleUtilities-UserDefaults' from project 'GoogleUtilities')
    cd /Users/emanuelflury/Library/Developer/Xcode/DerivedData/TaxedGmbH_IOS-gerngfqzuwudosgobknlgtoawnlj/SourcePackages/checkouts/GoogleUtilities
    write-file /Users/emanuelflury/Library/Developer/Xcode/DerivedData/TaxedGmbH_IOS-gerngfqzuwudosgobknlgtoawnlj/Build/Intermediates.noindex/GoogleUtilities.build/Debug-iphoneos/GoogleUtilities_GoogleUtilities-UserDefaults.build/GoogleUtilities_GoogleUtilities-UserDefaults.DependencyMetadataFileList

WriteAuxiliaryFile /Users/emanuelflury/Library/Developer/Xcode/DerivedData/TaxedGmbH_IOS-gerngfqzuwudosgobknlgtoawnlj/Build/Intermediates.noindex/GoogleUtilities.build/Debug-iphoneos/GoogleUtilities_GoogleUtilities-UserDefaults.build/empty-GoogleUtilities_GoogleUtilities-UserDefaults.plist (in target 'GoogleUtilities_GoogleUtilities-UserDefaults' from project 'GoogleUtilities')
    cd /Users/emanuelflury/Library/Developer/Xcode/DerivedData/TaxedGmbH_IOS-gerngfqzuwudosgobknlgtoawnlj/SourcePackages/checkouts/GoogleUtilities
    write-file /Users/emanuelflury/Library/Developer/Xcode/DerivedData/TaxedGmbH_IOS-gerngfqzuwudosgobknlgtoawnlj/Build/Intermediates.noindex/GoogleUtilities.build/Debug-iphoneos/GoogleUtilities_GoogleUtilities-UserDefaults.build/empty-GoogleUtilities_GoogleUtilities-UserDefaults.plist

WriteAuxiliaryFile /Users/emanuelflury/Library/Developer/Xcode/DerivedData/TaxedGmbH_IOS-gerngfqzuwudosgobknlgtoawnlj/Build/Intermediates.noindex/GoogleUtilities.build/Debug-iphoneos/GoogleUtilities_GoogleUtilities-Reachability.build/GoogleUtilities_GoogleUtilities-Reachability.DependencyStaticMetadataFileList (in target 'GoogleUtilities_GoogleUtilities-Reachability' from project 'GoogleUtilities')
    cd /Users/emanuelflury/Library/Developer/Xcode/DerivedData/TaxedGmbH_IOS-gerngfqzuwudosgobknlgtoawnlj/SourcePackages/checkouts/GoogleUtilities
    write-file /Users/emanuelflury/Library/Developer/Xcode/DerivedData/TaxedGmbH_IOS-gerngfqzuwudosgobknlgtoawnlj/Build/Intermediates.noindex/GoogleUtilities.build/Debug-iphoneos/GoogleUtilities_GoogleUtilities-Reachability.build/GoogleUtilities_GoogleUtilities-Reachability.DependencyStaticMetadataFileList

WriteAuxiliaryFile /Users/emanuelflury/Library/Developer/Xcode/DerivedData/TaxedGmbH_IOS-gerngfqzuwudosgobknlgtoawnlj/Build/Intermediates.noindex/GoogleUtilities.build/Debug-iphoneos/GoogleUtilities_GoogleUtilities-Reachability.build/empty-GoogleUtilities_GoogleUtilities-Reachability.plist (in target 'GoogleUtilities_GoogleUtilities-Reachability' from project 'GoogleUtilities')
    cd /Users/emanuelflury/Library/Developer/Xcode/DerivedData/TaxedGmbH_IOS-gerngfqzuwudosgobknlgtoawnlj/SourcePackages/checkouts/GoogleUtilities
    write-file /Users/emanuelflury/Library/Developer/Xcode/DerivedData/TaxedGmbH_IOS-gerngfqzuwudosgobknlgtoawnlj/Build/Intermediates.noindex/GoogleUtilities.build/Debug-iphoneos/GoogleUtilities_GoogleUtilities-Reachability.build/empty-GoogleUtilities_GoogleUtilities-Reachability.plist

WriteAuxiliaryFile /Users/emanuelflury/Library/Developer/Xcode/DerivedData/TaxedGmbH_IOS-gerngfqzuwudosgobknlgtoawnlj/Build/Intermediates.noindex/GoogleUtilities.build/Debug-iphoneos/GoogleUtilities_GoogleUtilities-Reachability.build/GoogleUtilities_GoogleUtilities-Reachability.DependencyMetadataFileList (in target 'GoogleUtilities_GoogleUtilities-Reachability' from project 'GoogleUtilities')
    cd /Users/emanuelflury/Library/Developer/Xcode/DerivedData/TaxedGmbH_IOS-gerngfqzuwudosgobknlgtoawnlj/SourcePackages/checkouts/GoogleUtilities
    write-file /Users/emanuelflury/Library/Developer/Xcode/DerivedData/TaxedGmbH_IOS-gerngfqzuwudosgobknlgtoawnlj/Build/Intermediates.noindex/GoogleUtilities.build/Debug-iphoneos/GoogleUtilities_GoogleUtilities-Reachability.build/GoogleUtilities_GoogleUtilities-Reachability.DependencyMetadataFileList

WriteAuxiliaryFile /Users/emanuelflury/Library/Developer/Xcode/DerivedData/TaxedGmbH_IOS-gerngfqzuwudosgobknlgtoawnlj/Build/Intermediates.noindex/GoogleUtilities.build/Debug-iphoneos/GoogleUtilities_GoogleUtilities-Network.build/empty-GoogleUtilities_GoogleUtilities-Network.plist (in target 'GoogleUtilities_GoogleUtilities-Network' from project 'GoogleUtilities')
    cd /Users/emanuelflury/Library/Developer/Xcode/DerivedData/TaxedGmbH_IOS-gerngfqzuwudosgobknlgtoawnlj/SourcePackages/checkouts/GoogleUtilities
    write-file /Users/emanuelflury/Library/Developer/Xcode/DerivedData/TaxedGmbH_IOS-gerngfqzuwudosgobknlgtoawnlj/Build/Intermediates.noindex/GoogleUtilities.build/Debug-iphoneos/GoogleUtilities_GoogleUtilities-Network.build/empty-GoogleUtilities_GoogleUtilities-Network.plist

WriteAuxiliaryFile /Users/emanuelflury/Library/Developer/Xcode/DerivedData/TaxedGmbH_IOS-gerngfqzuwudosgobknlgtoawnlj/Build/Intermediates.noindex/GoogleUtilities.build/Debug-iphoneos/GoogleUtilities_GoogleUtilities-Network.build/GoogleUtilities_GoogleUtilities-Network.DependencyStaticMetadataFileList (in target 'GoogleUtilities_GoogleUtilities-Network' from project 'GoogleUtilities')
    cd /Users/emanuelflury/Library/Developer/Xcode/DerivedData/TaxedGmbH_IOS-gerngfqzuwudosgobknlgtoawnlj/SourcePackages/checkouts/GoogleUtilities
    write-file /Users/emanuelflury/Library/Developer/Xcode/DerivedData/TaxedGmbH_IOS-gerngfqzuwudosgobknlgtoawnlj/Build/Intermediates.noindex/GoogleUtilities.build/Debug-iphoneos/GoogleUtilities_GoogleUtilities-Network.build/GoogleUtilities_GoogleUtilities-Network.DependencyStaticMetadataFileList

WriteAuxiliaryFile /Users/emanuelflury/Library/Developer/Xcode/DerivedData/TaxedGmbH_IOS-gerngfqzuwudosgobknlgtoawnlj/Build/Intermediates.noindex/GoogleUtilities.build/Debug-iphoneos/GoogleUtilities_GoogleUtilities-Network.build/GoogleUtilities_GoogleUtilities-Network.DependencyMetadataFileList (in target 'GoogleUtilities_GoogleUtilities-Network' from project 'GoogleUtilities')
    cd /Users/emanuelflury/Library/Developer/Xcode/DerivedData/TaxedGmbH_IOS-gerngfqzuwudosgobknlgtoawnlj/SourcePackages/checkouts/GoogleUtilities
    write-file /Users/emanuelflury/Library/Developer/Xcode/DerivedData/TaxedGmbH_IOS-gerngfqzuwudosgobknlgtoawnlj/Build/Intermediates.noindex/GoogleUtilities.build/Debug-iphoneos/GoogleUtilities_GoogleUtilities-Network.build/GoogleUtilities_GoogleUtilities-Network.DependencyMetadataFileList

WriteAuxiliaryFile /Users/emanuelflury/Library/Developer/Xcode/DerivedData/TaxedGmbH_IOS-gerngfqzuwudosgobknlgtoawnlj/Build/Intermediates.noindex/GoogleUtilities.build/Debug-iphoneos/GoogleUtilities_GoogleUtilities-NSData.build/GoogleUtilities_GoogleUtilities-NSData.DependencyStaticMetadataFileList (in target 'GoogleUtilities_GoogleUtilities-NSData' from project 'GoogleUtilities')
    cd /Users/emanuelflury/Library/Developer/Xcode/DerivedData/TaxedGmbH_IOS-gerngfqzuwudosgobknlgtoawnlj/SourcePackages/checkouts/GoogleUtilities
    write-file /Users/emanuelflury/Library/Developer/Xcode/DerivedData/TaxedGmbH_IOS-gerngfqzuwudosgobknlgtoawnlj/Build/Intermediates.noindex/GoogleUtilities.build/Debug-iphoneos/GoogleUtilities_GoogleUtilities-NSData.build/GoogleUtilities_GoogleUtilities-NSData.DependencyStaticMetadataFileList

WriteAuxiliaryFile /Users/emanuelflury/Library/Developer/Xcode/DerivedData/TaxedGmbH_IOS-gerngfqzuwudosgobknlgtoawnlj/Build/Intermediates.noindex/GoogleUtilities.build/Debug-iphoneos/GoogleUtilities_GoogleUtilities-NSData.build/GoogleUtilities_GoogleUtilities-NSData.DependencyMetadataFileList (in target 'GoogleUtilities_GoogleUtilities-NSData' from project 'GoogleUtilities')
    cd /Users/emanuelflury/Library/Developer/Xcode/DerivedData/TaxedGmbH_IOS-gerngfqzuwudosgobknlgtoawnlj/SourcePackages/checkouts/GoogleUtilities
    write-file /Users/emanuelflury/Library/Developer/Xcode/DerivedData/TaxedGmbH_IOS-gerngfqzuwudosgobknlgtoawnlj/Build/Intermediates.noindex/GoogleUtilities.build/Debug-iphoneos/GoogleUtilities_GoogleUtilities-NSData.build/GoogleUtilities_GoogleUtilities-NSData.DependencyMetadataFileList

WriteAuxiliaryFile /Users/emanuelflury/Library/Developer/Xcode/DerivedData/TaxedGmbH_IOS-gerngfqzuwudosgobknlgtoawnlj/Build/Intermediates.noindex/GoogleUtilities.build/Debug-iphoneos/GoogleUtilities_GoogleUtilities-NSData.build/empty-GoogleUtilities_GoogleUtilities-NSData.plist (in target 'GoogleUtilities_GoogleUtilities-NSData' from project 'GoogleUtilities')
    cd /Users/emanuelflury/Library/Developer/Xcode/DerivedData/TaxedGmbH_IOS-gerngfqzuwudosgobknlgtoawnlj/SourcePackages/checkouts/GoogleUtilities
    write-file /Users/emanuelflury/Library/Developer/Xcode/DerivedData/TaxedGmbH_IOS-gerngfqzuwudosgobknlgtoawnlj/Build/Intermediates.noindex/GoogleUtilities.build/Debug-iphoneos/GoogleUtilities_GoogleUtilities-NSData.build/empty-GoogleUtilities_GoogleUtilities-NSData.plist

WriteAuxiliaryFile /Users/emanuelflury/Library/Developer/Xcode/DerivedData/TaxedGmbH_IOS-gerngfqzuwudosgobknlgtoawnlj/Build/Intermediates.noindex/GoogleUtilities.build/Debug-iphoneos/GoogleUtilities_GoogleUtilities-MethodSwizzler.build/GoogleUtilities_GoogleUtilities-MethodSwizzler.DependencyStaticMetadataFileList (in target 'GoogleUtilities_GoogleUtilities-MethodSwizzler' from project 'GoogleUtilities')
    cd /Users/emanuelflury/Library/Developer/Xcode/DerivedData/TaxedGmbH_IOS-gerngfqzuwudosgobknlgtoawnlj/SourcePackages/checkouts/GoogleUtilities
    write-file /Users/emanuelflury/Library/Developer/Xcode/DerivedData/TaxedGmbH_IOS-gerngfqzuwudosgobknlgtoawnlj/Build/Intermediates.noindex/GoogleUtilities.build/Debug-iphoneos/GoogleUtilities_GoogleUtilities-MethodSwizzler.build/GoogleUtilities_GoogleUtilities-MethodSwizzler.DependencyStaticMetadataFileList

WriteAuxiliaryFile /Users/emanuelflury/Library/Developer/Xcode/DerivedData/TaxedGmbH_IOS-gerngfqzuwudosgobknlgtoawnlj/Build/Intermediates.noindex/GoogleUtilities.build/Debug-iphoneos/GoogleUtilities_GoogleUtilities-MethodSwizzler.build/empty-GoogleUtilities_GoogleUtilities-MethodSwizzler.plist (in target 'GoogleUtilities_GoogleUtilities-MethodSwizzler' from project 'GoogleUtilities')
    cd /Users/emanuelflury/Library/Developer/Xcode/DerivedData/TaxedGmbH_IOS-gerngfqzuwudosgobknlgtoawnlj/SourcePackages/checkouts/GoogleUtilities
    write-file /Users/emanuelflury/Library/Developer/Xcode/DerivedData/TaxedGmbH_IOS-gerngfqzuwudosgobknlgtoawnlj/Build/Intermediates.noindex/GoogleUtilities.build/Debug-iphoneos/GoogleUtilities_GoogleUtilities-MethodSwizzler.build/empty-GoogleUtilities_GoogleUtilities-MethodSwizzler.plist

WriteAuxiliaryFile /Users/emanuelflury/Library/Developer/Xcode/DerivedData/TaxedGmbH_IOS-gerngfqzuwudosgobknlgtoawnlj/Build/Intermediates.noindex/GoogleUtilities.build/Debug-iphoneos/GoogleUtilities_GoogleUtilities-MethodSwizzler.build/GoogleUtilities_GoogleUtilities-MethodSwizzler.DependencyMetadataFileList (in target 'GoogleUtilities_GoogleUtilities-MethodSwizzler' from project 'GoogleUtilities')
    cd /Users/emanuelflury/Library/Developer/Xcode/DerivedData/TaxedGmbH_IOS-gerngfqzuwudosgobknlgtoawnlj/SourcePackages/checkouts/GoogleUtilities
    write-file /Users/emanuelflury/Library/Developer/Xcode/DerivedData/TaxedGmbH_IOS-gerngfqzuwudosgobknlgtoawnlj/Build/Intermediates.noindex/GoogleUtilities.build/Debug-iphoneos/GoogleUtilities_GoogleUtilities-MethodSwizzler.build/GoogleUtilities_GoogleUtilities-MethodSwizzler.DependencyMetadataFileList

WriteAuxiliaryFile /Users/emanuelflury/Library/Developer/Xcode/DerivedData/TaxedGmbH_IOS-gerngfqzuwudosgobknlgtoawnlj/Build/Intermediates.noindex/GoogleUtilities.build/Debug-iphoneos/GoogleUtilities_GoogleUtilities-Logger.build/empty-GoogleUtilities_GoogleUtilities-Logger.plist (in target 'GoogleUtilities_GoogleUtilities-Logger' from project 'GoogleUtilities')
    cd /Users/emanuelflury/Library/Developer/Xcode/DerivedData/TaxedGmbH_IOS-gerngfqzuwudosgobknlgtoawnlj/SourcePackages/checkouts/GoogleUtilities
    write-file /Users/emanuelflury/Library/Developer/Xcode/DerivedData/TaxedGmbH_IOS-gerngfqzuwudosgobknlgtoawnlj/Build/Intermediates.noindex/GoogleUtilities.build/Debug-iphoneos/GoogleUtilities_GoogleUtilities-Logger.build/empty-GoogleUtilities_GoogleUtilities-Logger.plist

WriteAuxiliaryFile /Users/emanuelflury/Library/Developer/Xcode/DerivedData/TaxedGmbH_IOS-gerngfqzuwudosgobknlgtoawnlj/Build/Intermediates.noindex/GoogleUtilities.build/Debug-iphoneos/GoogleUtilities_GoogleUtilities-Logger.build/GoogleUtilities_GoogleUtilities-Logger.DependencyStaticMetadataFileList (in target 'GoogleUtilities_GoogleUtilities-Logger' from project 'GoogleUtilities')
    cd /Users/emanuelflury/Library/Developer/Xcode/DerivedData/TaxedGmbH_IOS-gerngfqzuwudosgobknlgtoawnlj/SourcePackages/checkouts/GoogleUtilities
    write-file /Users/emanuelflury/Library/Developer/Xcode/DerivedData/TaxedGmbH_IOS-gerngfqzuwudosgobknlgtoawnlj/Build/Intermediates.noindex/GoogleUtilities.build/Debug-iphoneos/GoogleUtilities_GoogleUtilities-Logger.build/GoogleUtilities_GoogleUtilities-Logger.DependencyStaticMetadataFileList

WriteAuxiliaryFile /Users/emanuelflury/Library/Developer/Xcode/DerivedData/TaxedGmbH_IOS-gerngfqzuwudosgobknlgtoawnlj/Build/Intermediates.noindex/GoogleUtilities.build/Debug-iphoneos/GoogleUtilities_GoogleUtilities-Logger.build/GoogleUtilities_GoogleUtilities-Logger.DependencyMetadataFileList (in target 'GoogleUtilities_GoogleUtilities-Logger' from project 'GoogleUtilities')
    cd /Users/emanuelflury/Library/Developer/Xcode/DerivedData/TaxedGmbH_IOS-gerngfqzuwudosgobknlgtoawnlj/SourcePackages/checkouts/GoogleUtilities
    write-file /Users/emanuelflury/Library/Developer/Xcode/DerivedData/TaxedGmbH_IOS-gerngfqzuwudosgobknlgtoawnlj/Build/Intermediates.noindex/GoogleUtilities.build/Debug-iphoneos/GoogleUtilities_GoogleUtilities-Logger.build/GoogleUtilities_GoogleUtilities-Logger.DependencyMetadataFileList

WriteAuxiliaryFile /Users/emanuelflury/Library/Developer/Xcode/DerivedData/TaxedGmbH_IOS-gerngfqzuwudosgobknlgtoawnlj/Build/Intermediates.noindex/GoogleUtilities.build/Debug-iphoneos/GoogleUtilities_GoogleUtilities-Environment.build/empty-GoogleUtilities_GoogleUtilities-Environment.plist (in target 'GoogleUtilities_GoogleUtilities-Environment' from project 'GoogleUtilities')
    cd /Users/emanuelflury/Library/Developer/Xcode/DerivedData/TaxedGmbH_IOS-gerngfqzuwudosgobknlgtoawnlj/SourcePackages/checkouts/GoogleUtilities
    write-file /Users/emanuelflury/Library/Developer/Xcode/DerivedData/TaxedGmbH_IOS-gerngfqzuwudosgobknlgtoawnlj/Build/Intermediates.noindex/GoogleUtilities.build/Debug-iphoneos/GoogleUtilities_GoogleUtilities-Environment.build/empty-GoogleUtilities_GoogleUtilities-Environment.plist

WriteAuxiliaryFile /Users/emanuelflury/Library/Developer/Xcode/DerivedData/TaxedGmbH_IOS-gerngfqzuwudosgobknlgtoawnlj/Build/Intermediates.noindex/GoogleUtilities.build/Debug-iphoneos/GoogleUtilities_GoogleUtilities-Environment.build/GoogleUtilities_GoogleUtilities-Environment.DependencyStaticMetadataFileList (in target 'GoogleUtilities_GoogleUtilities-Environment' from project 'GoogleUtilities')
    cd /Users/emanuelflury/Library/Developer/Xcode/DerivedData/TaxedGmbH_IOS-gerngfqzuwudosgobknlgtoawnlj/SourcePackages/checkouts/GoogleUtilities
    write-file /Users/emanuelflury/Library/Developer/Xcode/DerivedData/TaxedGmbH_IOS-gerngfqzuwudosgobknlgtoawnlj/Build/Intermediates.noindex/GoogleUtilities.build/Debug-iphoneos/GoogleUtilities_GoogleUtilities-Environment.build/GoogleUtilities_GoogleUtilities-Environment.DependencyStaticMetadataFileList

WriteAuxiliaryFile /Users/emanuelflury/Library/Developer/Xcode/DerivedData/TaxedGmbH_IOS-gerngfqzuwudosgobknlgtoawnlj/Build/Intermediates.noindex/GoogleUtilities.build/Debug-iphoneos/GoogleUtilities_GoogleUtilities-Environment.build/GoogleUtilities_GoogleUtilities-Environment.DependencyMetadataFileList (in target 'GoogleUtilities_GoogleUtilities-Environment' from project 'GoogleUtilities')
    cd /Users/emanuelflury/Library/Developer/Xcode/DerivedData/TaxedGmbH_IOS-gerngfqzuwudosgobknlgtoawnlj/SourcePackages/checkouts/GoogleUtilities
    write-file /Users/emanuelflury/Library/Developer/Xcode/DerivedData/TaxedGmbH_IOS-gerngfqzuwudosgobknlgtoawnlj/Build/Intermediates.noindex/GoogleUtilities.build/Debug-iphoneos/GoogleUtilities_GoogleUtilities-Environment.build/GoogleUtilities_GoogleUtilities-Environment.DependencyMetadataFileList

WriteAuxiliaryFile /Users/emanuelflury/Library/Developer/Xcode/DerivedData/TaxedGmbH_IOS-gerngfqzuwudosgobknlgtoawnlj/Build/Intermediates.noindex/GoogleUtilities.build/Debug-iphoneos/GoogleUtilities_GoogleUtilities-AppDelegateSwizzler.build/GoogleUtilities_GoogleUtilities-AppDelegateSwizzler.DependencyMetadataFileList (in target 'GoogleUtilities_GoogleUtilities-AppDelegateSwizzler' from project 'GoogleUtilities')
    cd /Users/emanuelflury/Library/Developer/Xcode/DerivedData/TaxedGmbH_IOS-gerngfqzuwudosgobknlgtoawnlj/SourcePackages/checkouts/GoogleUtilities
    write-file /Users/emanuelflury/Library/Developer/Xcode/DerivedData/TaxedGmbH_IOS-gerngfqzuwudosgobknlgtoawnlj/Build/Intermediates.noindex/GoogleUtilities.build/Debug-iphoneos/GoogleUtilities_GoogleUtilities-AppDelegateSwizzler.build/GoogleUtilities_GoogleUtilities-AppDelegateSwizzler.DependencyMetadataFileList

WriteAuxiliaryFile /Users/emanuelflury/Library/Developer/Xcode/DerivedData/TaxedGmbH_IOS-gerngfqzuwudosgobknlgtoawnlj/Build/Intermediates.noindex/GoogleUtilities.build/Debug-iphoneos/GoogleUtilities_GoogleUtilities-AppDelegateSwizzler.build/GoogleUtilities_GoogleUtilities-AppDelegateSwizzler.DependencyStaticMetadataFileList (in target 'GoogleUtilities_GoogleUtilities-AppDelegateSwizzler' from project 'GoogleUtilities')
    cd /Users/emanuelflury/Library/Developer/Xcode/DerivedData/TaxedGmbH_IOS-gerngfqzuwudosgobknlgtoawnlj/SourcePackages/checkouts/GoogleUtilities
    write-file /Users/emanuelflury/Library/Developer/Xcode/DerivedData/TaxedGmbH_IOS-gerngfqzuwudosgobknlgtoawnlj/Build/Intermediates.noindex/GoogleUtilities.build/Debug-iphoneos/GoogleUtilities_GoogleUtilities-AppDelegateSwizzler.build/GoogleUtilities_GoogleUtilities-AppDelegateSwizzler.DependencyStaticMetadataFileList

WriteAuxiliaryFile /Users/emanuelflury/Library/Developer/Xcode/DerivedData/TaxedGmbH_IOS-gerngfqzuwudosgobknlgtoawnlj/Build/Intermediates.noindex/GoogleUtilities.build/Debug-iphoneos/GoogleUtilities_GoogleUtilities-AppDelegateSwizzler.build/empty-GoogleUtilities_GoogleUtilities-AppDelegateSwizzler.plist (in target 'GoogleUtilities_GoogleUtilities-AppDelegateSwizzler' from project 'GoogleUtilities')
    cd /Users/emanuelflury/Library/Developer/Xcode/DerivedData/TaxedGmbH_IOS-gerngfqzuwudosgobknlgtoawnlj/SourcePackages/checkouts/GoogleUtilities
    write-file /Users/emanuelflury/Library/Developer/Xcode/DerivedData/TaxedGmbH_IOS-gerngfqzuwudosgobknlgtoawnlj/Build/Intermediates.noindex/GoogleUtilities.build/Debug-iphoneos/GoogleUtilities_GoogleUtilities-AppDelegateSwizzler.build/empty-GoogleUtilities_GoogleUtilities-AppDelegateSwizzler.plist

WriteAuxiliaryFile /Users/emanuelflury/Library/Developer/Xcode/DerivedData/TaxedGmbH_IOS-gerngfqzuwudosgobknlgtoawnlj/Build/Intermediates.noindex/GoogleUtilities.build/Debug-iphoneos/GoogleUtilities-UserDefaults.build/Objects-normal/arm64/e6072d4f65d7061329687fe24e3d63a7-common-args.resp (in target 'GoogleUtilities-UserDefaults' from project 'GoogleUtilities')
    cd /Users/emanuelflury/Library/Developer/Xcode/DerivedData/TaxedGmbH_IOS-gerngfqzuwudosgobknlgtoawnlj/SourcePackages/checkouts/GoogleUtilities
    write-file /Users/emanuelflury/Library/Developer/Xcode/DerivedData/TaxedGmbH_IOS-gerngfqzuwudosgobknlgtoawnlj/Build/Intermediates.noindex/GoogleUtilities.build/Debug-iphoneos/GoogleUtilities-UserDefaults.build/Objects-normal/arm64/e6072d4f65d7061329687fe24e3d63a7-common-args.resp
-target arm64-apple-ios12.0 '-std=c99' -fobjc-arc -fmodules -gmodules '-fmodules-cache-path=/Users/emanuelflury/Library/Developer/Xcode/DerivedData/ModuleCache.noindex' '-fmodule-name=GoogleUtilities_UserDefaults' -fpascal-strings -O0 -DSWIFT_PACKAGE '-DDEBUG=1' '-DOBJC_OLD_DISPATCH_PROTOTYPES=1' -isysroot /Applications/Xcode.app/Contents/Developer/Platforms/iPhoneOS.platform/Developer/SDKs/iPhoneOS26.1.sdk -g -fprofile-instr-generate -fcoverage-mapping -I/Users/emanuelflury/Library/Developer/Xcode/DerivedData/TaxedGmbH_IOS-gerngfqzuwudosgobknlgtoawnlj/SourcePackages/checkouts/GoogleUtilities/GoogleUtilities/Logger/Public -I/Users/emanuelflury/Library/Developer/Xcode/DerivedData/TaxedGmbH_IOS-gerngfqzuwudosgobknlgtoawnlj/SourcePackages/checkouts/GoogleUtilities/GoogleUtilities/Environment/Public -I/Users/emanuelflury/Library/Developer/Xcode/DerivedData/TaxedGmbH_IOS-gerngfqzuwudosgobknlgtoawnlj/SourcePackages/checkouts/GoogleUtilities/third_party/IsAppEncrypted/Public -I/Users/emanuelflury/Library/Developer/Xcode/DerivedData/TaxedGmbH_IOS-gerngfqzuwudosgobknlgtoawnlj/Build/Products/Debug-iphoneos/include -I/Users/emanuelflury/Library/Developer/Xcode/DerivedData/TaxedGmbH_IOS-gerngfqzuwudosgobknlgtoawnlj/SourcePackages/checkouts/GoogleUtilities/GoogleUtilities/UserDefaults/Public -I/Users/emanuelflury/Library/Developer/Xcode/DerivedData/TaxedGmbH_IOS-gerngfqzuwudosgobknlgtoawnlj/SourcePackages/checkouts/GoogleUtilities -I/Users/emanuelflury/Library/Developer/Xcode/DerivedData/TaxedGmbH_IOS-gerngfqzuwudosgobknlgtoawnlj/Build/Intermediates.noindex/GoogleUtilities.build/Debug-iphoneos/GoogleUtilities-UserDefaults.build/DerivedSources-normal/arm64 -I/Users/emanuelflury/Library/Developer/Xcode/DerivedData/TaxedGmbH_IOS-gerngfqzuwudosgobknlgtoawnlj/Build/Intermediates.noindex/GoogleUtilities.build/Debug-iphoneos/GoogleUtilities-UserDefaults.build/DerivedSources/arm64 -I/Users/emanuelflury/Library/Developer/Xcode/DerivedData/TaxedGmbH_IOS-gerngfqzuwudosgobknlgtoawnlj/Build/Intermediates.noindex/GoogleUtilities.build/Debug-iphoneos/GoogleUtilities-UserDefaults.build/DerivedSources -F/Users/emanuelflury/Library/Developer/Xcode/DerivedData/TaxedGmbH_IOS-gerngfqzuwudosgobknlgtoawnlj/Build/Products/Debug-iphoneos/PackageFrameworks -F/Users/emanuelflury/Library/Developer/Xcode/DerivedData/TaxedGmbH_IOS-gerngfqzuwudosgobknlgtoawnlj/Build/Products/Debug-iphoneos/PackageFrameworks -F/Users/emanuelflury/Library/Developer/Xcode/DerivedData/TaxedGmbH_IOS-gerngfqzuwudosgobknlgtoawnlj/Build/Products/Debug-iphoneos/PackageFrameworks -F/Users/emanuelflury/Library/Developer/Xcode/DerivedData/TaxedGmbH_IOS-gerngfqzuwudosgobknlgtoawnlj/Build/Products/Debug-iphoneos -iframework /Applications/Xcode.app/Contents/Developer/Platforms/iPhoneOS.platform/Developer/Library/Frameworks -iframework /Applications/Xcode.app/Contents/Developer/Platforms/iPhoneOS.platform/Developer/SDKs/iPhoneOS26.1.sdk/Developer/Library/Frameworks '-fmodule-map-file=/Users/emanuelflury/Library/Developer/Xcode/DerivedData/TaxedGmbH_IOS-gerngfqzuwudosgobknlgtoawnlj/Build/Intermediates.noindex/GeneratedModuleMaps-iphoneos/GoogleUtilities-Logger.modulemap' '-fmodule-map-file=/Users/emanuelflury/Library/Developer/Xcode/DerivedData/TaxedGmbH_IOS-gerngfqzuwudosgobknlgtoawnlj/Build/Intermediates.noindex/GeneratedModuleMaps-iphoneos/GoogleUtilities-Environment.modulemap' '-fmodule-map-file=/Users/emanuelflury/Library/Developer/Xcode/DerivedData/TaxedGmbH_IOS-gerngfqzuwudosgobknlgtoawnlj/Build/Intermediates.noindex/GeneratedModuleMaps-iphoneos/third-party-IsAppEncrypted.modulemap' -DXcode

WriteAuxiliaryFile /Users/emanuelflury/Library/Developer/Xcode/DerivedData/TaxedGmbH_IOS-gerngfqzuwudosgobknlgtoawnlj/Build/Intermediates.noindex/GoogleUtilities.build/Debug-iphoneos/GoogleUtilities-UserDefaults.build/Objects-normal/arm64/GoogleUtilities-UserDefaults.LinkFileList (in target 'GoogleUtilities-UserDefaults' from project 'GoogleUtilities')
    cd /Users/emanuelflury/Library/Developer/Xcode/DerivedData/TaxedGmbH_IOS-gerngfqzuwudosgobknlgtoawnlj/SourcePackages/checkouts/GoogleUtilities
    write-file /Users/emanuelflury/Library/Developer/Xcode/DerivedData/TaxedGmbH_IOS-gerngfqzuwudosgobknlgtoawnlj/Build/Intermediates.noindex/GoogleUtilities.build/Debug-iphoneos/GoogleUtilities-UserDefaults.build/Objects-normal/arm64/GoogleUtilities-UserDefaults.LinkFileList

WriteAuxiliaryFile /Users/emanuelflury/Library/Developer/Xcode/DerivedData/TaxedGmbH_IOS-gerngfqzuwudosgobknlgtoawnlj/Build/Intermediates.noindex/GoogleUtilities.build/Debug-iphoneos/GoogleUtilities-UserDefaults.build/GoogleUtilities-UserDefaults.modulemap (in target 'GoogleUtilities-UserDefaults' from project 'GoogleUtilities')
    cd /Users/emanuelflury/Library/Developer/Xcode/DerivedData/TaxedGmbH_IOS-gerngfqzuwudosgobknlgtoawnlj/SourcePackages/checkouts/GoogleUtilities
    write-file /Users/emanuelflury/Library/Developer/Xcode/DerivedData/TaxedGmbH_IOS-gerngfqzuwudosgobknlgtoawnlj/Build/Intermediates.noindex/GoogleUtilities.build/Debug-iphoneos/GoogleUtilities-UserDefaults.build/GoogleUtilities-UserDefaults.modulemap

WriteAuxiliaryFile /Users/emanuelflury/Library/Developer/Xcode/DerivedData/TaxedGmbH_IOS-gerngfqzuwudosgobknlgtoawnlj/Build/Intermediates.noindex/GoogleUtilities.build/Debug-iphoneos/GoogleUtilities-UserDefaults.build/GoogleUtilities-UserDefaults.DependencyStaticMetadataFileList (in target 'GoogleUtilities-UserDefaults' from project 'GoogleUtilities')
    cd /Users/emanuelflury/Library/Developer/Xcode/DerivedData/TaxedGmbH_IOS-gerngfqzuwudosgobknlgtoawnlj/SourcePackages/checkouts/GoogleUtilities
    write-file /Users/emanuelflury/Library/Developer/Xcode/DerivedData/TaxedGmbH_IOS-gerngfqzuwudosgobknlgtoawnlj/Build/Intermediates.noindex/GoogleUtilities.build/Debug-iphoneos/GoogleUtilities-UserDefaults.build/GoogleUtilities-UserDefaults.DependencyStaticMetadataFileList

WriteAuxiliaryFile /Users/emanuelflury/Library/Developer/Xcode/DerivedData/TaxedGmbH_IOS-gerngfqzuwudosgobknlgtoawnlj/Build/Intermediates.noindex/GoogleUtilities.build/Debug-iphoneos/GoogleUtilities-UserDefaults.build/GoogleUtilities-UserDefaults.DependencyMetadataFileList (in target 'GoogleUtilities-UserDefaults' from project 'GoogleUtilities')
    cd /Users/emanuelflury/Library/Developer/Xcode/DerivedData/TaxedGmbH_IOS-gerngfqzuwudosgobknlgtoawnlj/SourcePackages/checkouts/GoogleUtilities
    write-file /Users/emanuelflury/Library/Developer/Xcode/DerivedData/TaxedGmbH_IOS-gerngfqzuwudosgobknlgtoawnlj/Build/Intermediates.noindex/GoogleUtilities.build/Debug-iphoneos/GoogleUtilities-UserDefaults.build/GoogleUtilities-UserDefaults.DependencyMetadataFileList

WriteAuxiliaryFile /Users/emanuelflury/Library/Developer/Xcode/DerivedData/TaxedGmbH_IOS-gerngfqzuwudosgobknlgtoawnlj/Build/Intermediates.noindex/GoogleUtilities.build/Debug-iphoneos/GoogleUtilities-UserDefaults.build/DerivedSources/resource_bundle_accessor.h (in target 'GoogleUtilities-UserDefaults' from project 'GoogleUtilities')
    cd /Users/emanuelflury/Library/Developer/Xcode/DerivedData/TaxedGmbH_IOS-gerngfqzuwudosgobknlgtoawnlj/SourcePackages/checkouts/GoogleUtilities
    write-file /Users/emanuelflury/Library/Developer/Xcode/DerivedData/TaxedGmbH_IOS-gerngfqzuwudosgobknlgtoawnlj/Build/Intermediates.noindex/GoogleUtilities.build/Debug-iphoneos/GoogleUtilities-UserDefaults.build/DerivedSources/resource_bundle_accessor.h

WriteAuxiliaryFile /Users/emanuelflury/Library/Developer/Xcode/DerivedData/TaxedGmbH_IOS-gerngfqzuwudosgobknlgtoawnlj/Build/Intermediates.noindex/GoogleUtilities.build/Debug-iphoneos/GoogleUtilities-UserDefaults.build/DerivedSources/resource_bundle_accessor.m (in target 'GoogleUtilities-UserDefaults' from project 'GoogleUtilities')
    cd /Users/emanuelflury/Library/Developer/Xcode/DerivedData/TaxedGmbH_IOS-gerngfqzuwudosgobknlgtoawnlj/SourcePackages/checkouts/GoogleUtilities
    write-file /Users/emanuelflury/Library/Developer/Xcode/DerivedData/TaxedGmbH_IOS-gerngfqzuwudosgobknlgtoawnlj/Build/Intermediates.noindex/GoogleUtilities.build/Debug-iphoneos/GoogleUtilities-UserDefaults.build/DerivedSources/resource_bundle_accessor.m

WriteAuxiliaryFile /Users/emanuelflury/Library/Developer/Xcode/DerivedData/TaxedGmbH_IOS-gerngfqzuwudosgobknlgtoawnlj/Build/Intermediates.noindex/GoogleUtilities.build/Debug-iphoneos/GoogleUtilities-Reachability.build/Objects-normal/arm64/e6072d4f65d7061329687fe24e3d63a7-common-args.resp (in target 'GoogleUtilities-Reachability' from project 'GoogleUtilities')
    cd /Users/emanuelflury/Library/Developer/Xcode/DerivedData/TaxedGmbH_IOS-gerngfqzuwudosgobknlgtoawnlj/SourcePackages/checkouts/GoogleUtilities
    write-file /Users/emanuelflury/Library/Developer/Xcode/DerivedData/TaxedGmbH_IOS-gerngfqzuwudosgobknlgtoawnlj/Build/Intermediates.noindex/GoogleUtilities.build/Debug-iphoneos/GoogleUtilities-Reachability.build/Objects-normal/arm64/e6072d4f65d7061329687fe24e3d63a7-common-args.resp
-target arm64-apple-ios12.0 '-std=c99' -fobjc-arc -fmodules -gmodules '-fmodules-cache-path=/Users/emanuelflury/Library/Developer/Xcode/DerivedData/ModuleCache.noindex' '-fmodule-name=GoogleUtilities_Reachability' -fpascal-strings -O0 -DSWIFT_PACKAGE '-DDEBUG=1' '-DOBJC_OLD_DISPATCH_PROTOTYPES=1' -isysroot /Applications/Xcode.app/Contents/Developer/Platforms/iPhoneOS.platform/Developer/SDKs/iPhoneOS26.1.sdk -g -fprofile-instr-generate -fcoverage-mapping -I/Users/emanuelflury/Library/Developer/Xcode/DerivedData/TaxedGmbH_IOS-gerngfqzuwudosgobknlgtoawnlj/SourcePackages/checkouts/GoogleUtilities/GoogleUtilities/Logger/Public -I/Users/emanuelflury/Library/Developer/Xcode/DerivedData/TaxedGmbH_IOS-gerngfqzuwudosgobknlgtoawnlj/SourcePackages/checkouts/GoogleUtilities/GoogleUtilities/Environment/Public -I/Users/emanuelflury/Library/Developer/Xcode/DerivedData/TaxedGmbH_IOS-gerngfqzuwudosgobknlgtoawnlj/SourcePackages/checkouts/GoogleUtilities/third_party/IsAppEncrypted/Public -I/Users/emanuelflury/Library/Developer/Xcode/DerivedData/TaxedGmbH_IOS-gerngfqzuwudosgobknlgtoawnlj/Build/Products/Debug-iphoneos/include -I/Users/emanuelflury/Library/Developer/Xcode/DerivedData/TaxedGmbH_IOS-gerngfqzuwudosgobknlgtoawnlj/SourcePackages/checkouts/GoogleUtilities/GoogleUtilities/Reachability/Public -I/Users/emanuelflury/Library/Developer/Xcode/DerivedData/TaxedGmbH_IOS-gerngfqzuwudosgobknlgtoawnlj/SourcePackages/checkouts/GoogleUtilities -I/Users/emanuelflury/Library/Developer/Xcode/DerivedData/TaxedGmbH_IOS-gerngfqzuwudosgobknlgtoawnlj/Build/Intermediates.noindex/GoogleUtilities.build/Debug-iphoneos/GoogleUtilities-Reachability.build/DerivedSources-normal/arm64 -I/Users/emanuelflury/Library/Developer/Xcode/DerivedData/TaxedGmbH_IOS-gerngfqzuwudosgobknlgtoawnlj/Build/Intermediates.noindex/GoogleUtilities.build/Debug-iphoneos/GoogleUtilities-Reachability.build/DerivedSources/arm64 -I/Users/emanuelflury/Library/Developer/Xcode/DerivedData/TaxedGmbH_IOS-gerngfqzuwudosgobknlgtoawnlj/Build/Intermediates.noindex/GoogleUtilities.build/Debug-iphoneos/GoogleUtilities-Reachability.build/DerivedSources -F/Users/emanuelflury/Library/Developer/Xcode/DerivedData/TaxedGmbH_IOS-gerngfqzuwudosgobknlgtoawnlj/Build/Products/Debug-iphoneos/PackageFrameworks -F/Users/emanuelflury/Library/Developer/Xcode/DerivedData/TaxedGmbH_IOS-gerngfqzuwudosgobknlgtoawnlj/Build/Products/Debug-iphoneos/PackageFrameworks -F/Users/emanuelflury/Library/Developer/Xcode/DerivedData/TaxedGmbH_IOS-gerngfqzuwudosgobknlgtoawnlj/Build/Products/Debug-iphoneos/PackageFrameworks -F/Users/emanuelflury/Library/Developer/Xcode/DerivedData/TaxedGmbH_IOS-gerngfqzuwudosgobknlgtoawnlj/Build/Products/Debug-iphoneos -iframework /Applications/Xcode.app/Contents/Developer/Platforms/iPhoneOS.platform/Developer/Library/Frameworks -iframework /Applications/Xcode.app/Contents/Developer/Platforms/iPhoneOS.platform/Developer/SDKs/iPhoneOS26.1.sdk/Developer/Library/Frameworks '-fmodule-map-file=/Users/emanuelflury/Library/Developer/Xcode/DerivedData/TaxedGmbH_IOS-gerngfqzuwudosgobknlgtoawnlj/Build/Intermediates.noindex/GeneratedModuleMaps-iphoneos/GoogleUtilities-Logger.modulemap' '-fmodule-map-file=/Users/emanuelflury/Library/Developer/Xcode/DerivedData/TaxedGmbH_IOS-gerngfqzuwudosgobknlgtoawnlj/Build/Intermediates.noindex/GeneratedModuleMaps-iphoneos/GoogleUtilities-Environment.modulemap' '-fmodule-map-file=/Users/emanuelflury/Library/Developer/Xcode/DerivedData/TaxedGmbH_IOS-gerngfqzuwudosgobknlgtoawnlj/Build/Intermediates.noindex/GeneratedModuleMaps-iphoneos/third-party-IsAppEncrypted.modulemap' -DXcode

WriteAuxiliaryFile /Users/emanuelflury/Library/Developer/Xcode/DerivedData/TaxedGmbH_IOS-gerngfqzuwudosgobknlgtoawnlj/Build/Intermediates.noindex/GoogleUtilities.build/Debug-iphoneos/GoogleUtilities-Reachability.build/GoogleUtilities-Reachability.modulemap (in target 'GoogleUtilities-Reachability' from project 'GoogleUtilities')
    cd /Users/emanuelflury/Library/Developer/Xcode/DerivedData/TaxedGmbH_IOS-gerngfqzuwudosgobknlgtoawnlj/SourcePackages/checkouts/GoogleUtilities
    write-file /Users/emanuelflury/Library/Developer/Xcode/DerivedData/TaxedGmbH_IOS-gerngfqzuwudosgobknlgtoawnlj/Build/Intermediates.noindex/GoogleUtilities.build/Debug-iphoneos/GoogleUtilities-Reachability.build/GoogleUtilities-Reachability.modulemap

WriteAuxiliaryFile /Users/emanuelflury/Library/Developer/Xcode/DerivedData/TaxedGmbH_IOS-gerngfqzuwudosgobknlgtoawnlj/Build/Intermediates.noindex/GoogleUtilities.build/Debug-iphoneos/GoogleUtilities-Reachability.build/Objects-normal/arm64/GoogleUtilities-Reachability.LinkFileList (in target 'GoogleUtilities-Reachability' from project 'GoogleUtilities')
    cd /Users/emanuelflury/Library/Developer/Xcode/DerivedData/TaxedGmbH_IOS-gerngfqzuwudosgobknlgtoawnlj/SourcePackages/checkouts/GoogleUtilities
    write-file /Users/emanuelflury/Library/Developer/Xcode/DerivedData/TaxedGmbH_IOS-gerngfqzuwudosgobknlgtoawnlj/Build/Intermediates.noindex/GoogleUtilities.build/Debug-iphoneos/GoogleUtilities-Reachability.build/Objects-normal/arm64/GoogleUtilities-Reachability.LinkFileList

WriteAuxiliaryFile /Users/emanuelflury/Library/Developer/Xcode/DerivedData/TaxedGmbH_IOS-gerngfqzuwudosgobknlgtoawnlj/Build/Intermediates.noindex/GoogleUtilities.build/Debug-iphoneos/GoogleUtilities-Reachability.build/GoogleUtilities-Reachability.DependencyStaticMetadataFileList (in target 'GoogleUtilities-Reachability' from project 'GoogleUtilities')
    cd /Users/emanuelflury/Library/Developer/Xcode/DerivedData/TaxedGmbH_IOS-gerngfqzuwudosgobknlgtoawnlj/SourcePackages/checkouts/GoogleUtilities
    write-file /Users/emanuelflury/Library/Developer/Xcode/DerivedData/TaxedGmbH_IOS-gerngfqzuwudosgobknlgtoawnlj/Build/Intermediates.noindex/GoogleUtilities.build/Debug-iphoneos/GoogleUtilities-Reachability.build/GoogleUtilities-Reachability.DependencyStaticMetadataFileList

WriteAuxiliaryFile /Users/emanuelflury/Library/Developer/Xcode/DerivedData/TaxedGmbH_IOS-gerngfqzuwudosgobknlgtoawnlj/Build/Intermediates.noindex/GoogleUtilities.build/Debug-iphoneos/GoogleUtilities-Reachability.build/GoogleUtilities-Reachability.DependencyMetadataFileList (in target 'GoogleUtilities-Reachability' from project 'GoogleUtilities')
    cd /Users/emanuelflury/Library/Developer/Xcode/DerivedData/TaxedGmbH_IOS-gerngfqzuwudosgobknlgtoawnlj/SourcePackages/checkouts/GoogleUtilities
    write-file /Users/emanuelflury/Library/Developer/Xcode/DerivedData/TaxedGmbH_IOS-gerngfqzuwudosgobknlgtoawnlj/Build/Intermediates.noindex/GoogleUtilities.build/Debug-iphoneos/GoogleUtilities-Reachability.build/GoogleUtilities-Reachability.DependencyMetadataFileList

WriteAuxiliaryFile /Users/emanuelflury/Library/Developer/Xcode/DerivedData/TaxedGmbH_IOS-gerngfqzuwudosgobknlgtoawnlj/Build/Intermediates.noindex/GoogleUtilities.build/Debug-iphoneos/GoogleUtilities-Reachability.build/DerivedSources/resource_bundle_accessor.m (in target 'GoogleUtilities-Reachability' from project 'GoogleUtilities')
    cd /Users/emanuelflury/Library/Developer/Xcode/DerivedData/TaxedGmbH_IOS-gerngfqzuwudosgobknlgtoawnlj/SourcePackages/checkouts/GoogleUtilities
    write-file /Users/emanuelflury/Library/Developer/Xcode/DerivedData/TaxedGmbH_IOS-gerngfqzuwudosgobknlgtoawnlj/Build/Intermediates.noindex/GoogleUtilities.build/Debug-iphoneos/GoogleUtilities-Reachability.build/DerivedSources/resource_bundle_accessor.m

WriteAuxiliaryFile /Users/emanuelflury/Library/Developer/Xcode/DerivedData/TaxedGmbH_IOS-gerngfqzuwudosgobknlgtoawnlj/Build/Intermediates.noindex/GoogleUtilities.build/Debug-iphoneos/GoogleUtilities-Reachability.build/DerivedSources/resource_bundle_accessor.h (in target 'GoogleUtilities-Reachability' from project 'GoogleUtilities')
    cd /Users/emanuelflury/Library/Developer/Xcode/DerivedData/TaxedGmbH_IOS-gerngfqzuwudosgobknlgtoawnlj/SourcePackages/checkouts/GoogleUtilities
    write-file /Users/emanuelflury/Library/Developer/Xcode/DerivedData/TaxedGmbH_IOS-gerngfqzuwudosgobknlgtoawnlj/Build/Intermediates.noindex/GoogleUtilities.build/Debug-iphoneos/GoogleUtilities-Reachability.build/DerivedSources/resource_bundle_accessor.h

WriteAuxiliaryFile /Users/emanuelflury/Library/Developer/Xcode/DerivedData/TaxedGmbH_IOS-gerngfqzuwudosgobknlgtoawnlj/Build/Intermediates.noindex/GoogleUtilities.build/Debug-iphoneos/GoogleUtilities-Network.build/Objects-normal/arm64/e6072d4f65d7061329687fe24e3d63a7-common-args.resp (in target 'GoogleUtilities-Network' from project 'GoogleUtilities')
    cd /Users/emanuelflury/Library/Developer/Xcode/DerivedData/TaxedGmbH_IOS-gerngfqzuwudosgobknlgtoawnlj/SourcePackages/checkouts/GoogleUtilities
    write-file /Users/emanuelflury/Library/Developer/Xcode/DerivedData/TaxedGmbH_IOS-gerngfqzuwudosgobknlgtoawnlj/Build/Intermediates.noindex/GoogleUtilities.build/Debug-iphoneos/GoogleUtilities-Network.build/Objects-normal/arm64/e6072d4f65d7061329687fe24e3d63a7-common-args.resp
-target arm64-apple-ios12.0 '-std=c99' -fobjc-arc -fmodules -gmodules '-fmodules-cache-path=/Users/emanuelflury/Library/Developer/Xcode/DerivedData/ModuleCache.noindex' '-fmodule-name=GoogleUtilities_Network' -fpascal-strings -O0 -DSWIFT_PACKAGE '-DDEBUG=1' '-DOBJC_OLD_DISPATCH_PROTOTYPES=1' -isysroot /Applications/Xcode.app/Contents/Developer/Platforms/iPhoneOS.platform/Developer/SDKs/iPhoneOS26.1.sdk -g -fprofile-instr-generate -fcoverage-mapping -I/Users/emanuelflury/Library/Developer/Xcode/DerivedData/TaxedGmbH_IOS-gerngfqzuwudosgobknlgtoawnlj/SourcePackages/checkouts/GoogleUtilities/GoogleUtilities/Reachability/Public -I/Users/emanuelflury/Library/Developer/Xcode/DerivedData/TaxedGmbH_IOS-gerngfqzuwudosgobknlgtoawnlj/SourcePackages/checkouts/GoogleUtilities/GoogleUtilities/NSData+zlib/Public -I/Users/emanuelflury/Library/Developer/Xcode/DerivedData/TaxedGmbH_IOS-gerngfqzuwudosgobknlgtoawnlj/SourcePackages/checkouts/GoogleUtilities/GoogleUtilities/Logger/Public -I/Users/emanuelflury/Library/Developer/Xcode/DerivedData/TaxedGmbH_IOS-gerngfqzuwudosgobknlgtoawnlj/SourcePackages/checkouts/GoogleUtilities/GoogleUtilities/Environment/Public -I/Users/emanuelflury/Library/Developer/Xcode/DerivedData/TaxedGmbH_IOS-gerngfqzuwudosgobknlgtoawnlj/SourcePackages/checkouts/GoogleUtilities/third_party/IsAppEncrypted/Public -I/Users/emanuelflury/Library/Developer/Xcode/DerivedData/TaxedGmbH_IOS-gerngfqzuwudosgobknlgtoawnlj/Build/Products/Debug-iphoneos/include -I/Users/emanuelflury/Library/Developer/Xcode/DerivedData/TaxedGmbH_IOS-gerngfqzuwudosgobknlgtoawnlj/SourcePackages/checkouts/GoogleUtilities/GoogleUtilities/Network/Public -I/Users/emanuelflury/Library/Developer/Xcode/DerivedData/TaxedGmbH_IOS-gerngfqzuwudosgobknlgtoawnlj/SourcePackages/checkouts/GoogleUtilities -I/Users/emanuelflury/Library/Developer/Xcode/DerivedData/TaxedGmbH_IOS-gerngfqzuwudosgobknlgtoawnlj/Build/Intermediates.noindex/GoogleUtilities.build/Debug-iphoneos/GoogleUtilities-Network.build/DerivedSources-normal/arm64 -I/Users/emanuelflury/Library/Developer/Xcode/DerivedData/TaxedGmbH_IOS-gerngfqzuwudosgobknlgtoawnlj/Build/Intermediates.noindex/GoogleUtilities.build/Debug-iphoneos/GoogleUtilities-Network.build/DerivedSources/arm64 -I/Users/emanuelflury/Library/Developer/Xcode/DerivedData/TaxedGmbH_IOS-gerngfqzuwudosgobknlgtoawnlj/Build/Intermediates.noindex/GoogleUtilities.build/Debug-iphoneos/GoogleUtilities-Network.build/DerivedSources -F/Users/emanuelflury/Library/Developer/Xcode/DerivedData/TaxedGmbH_IOS-gerngfqzuwudosgobknlgtoawnlj/Build/Products/Debug-iphoneos/PackageFrameworks -F/Users/emanuelflury/Library/Developer/Xcode/DerivedData/TaxedGmbH_IOS-gerngfqzuwudosgobknlgtoawnlj/Build/Products/Debug-iphoneos/PackageFrameworks -F/Users/emanuelflury/Library/Developer/Xcode/DerivedData/TaxedGmbH_IOS-gerngfqzuwudosgobknlgtoawnlj/Build/Products/Debug-iphoneos/PackageFrameworks -F/Users/emanuelflury/Library/Developer/Xcode/DerivedData/TaxedGmbH_IOS-gerngfqzuwudosgobknlgtoawnlj/Build/Products/Debug-iphoneos/PackageFrameworks -F/Users/emanuelflury/Library/Developer/Xcode/DerivedData/TaxedGmbH_IOS-gerngfqzuwudosgobknlgtoawnlj/Build/Products/Debug-iphoneos/PackageFrameworks -F/Users/emanuelflury/Library/Developer/Xcode/DerivedData/TaxedGmbH_IOS-gerngfqzuwudosgobknlgtoawnlj/Build/Products/Debug-iphoneos -iframework /Applications/Xcode.app/Contents/Developer/Platforms/iPhoneOS.platform/Developer/Library/Frameworks -iframework /Applications/Xcode.app/Contents/Developer/Platforms/iPhoneOS.platform/Developer/SDKs/iPhoneOS26.1.sdk/Developer/Library/Frameworks '-fmodule-map-file=/Users/emanuelflury/Library/Developer/Xcode/DerivedData/TaxedGmbH_IOS-gerngfqzuwudosgobknlgtoawnlj/Build/Intermediates.noindex/GeneratedModuleMaps-iphoneos/GoogleUtilities-Reachability.modulemap' '-fmodule-map-file=/Users/emanuelflury/Library/Developer/Xcode/DerivedData/TaxedGmbH_IOS-gerngfqzuwudosgobknlgtoawnlj/Build/Intermediates.noindex/GeneratedModuleMaps-iphoneos/GoogleUtilities-NSData.modulemap' '-fmodule-map-file=/Users/emanuelflury/Library/Developer/Xcode/DerivedData/TaxedGmbH_IOS-gerngfqzuwudosgobknlgtoawnlj/Build/Intermediates.noindex/GeneratedModuleMaps-iphoneos/GoogleUtilities-Logger.modulemap' '-fmodule-map-file=/Users/emanuelflury/Library/Developer/Xcode/DerivedData/TaxedGmbH_IOS-gerngfqzuwudosgobknlgtoawnlj/Build/Intermediates.noindex/GeneratedModuleMaps-iphoneos/GoogleUtilities-Environment.modulemap' '-fmodule-map-file=/Users/emanuelflury/Library/Developer/Xcode/DerivedData/TaxedGmbH_IOS-gerngfqzuwudosgobknlgtoawnlj/Build/Intermediates.noindex/GeneratedModuleMaps-iphoneos/third-party-IsAppEncrypted.modulemap' -DXcode

WriteAuxiliaryFile /Users/emanuelflury/Library/Developer/Xcode/DerivedData/TaxedGmbH_IOS-gerngfqzuwudosgobknlgtoawnlj/Build/Intermediates.noindex/GoogleUtilities.build/Debug-iphoneos/GoogleUtilities-Network.build/Objects-normal/arm64/GoogleUtilities-Network.LinkFileList (in target 'GoogleUtilities-Network' from project 'GoogleUtilities')
    cd /Users/emanuelflury/Library/Developer/Xcode/DerivedData/TaxedGmbH_IOS-gerngfqzuwudosgobknlgtoawnlj/SourcePackages/checkouts/GoogleUtilities
    write-file /Users/emanuelflury/Library/Developer/Xcode/DerivedData/TaxedGmbH_IOS-gerngfqzuwudosgobknlgtoawnlj/Build/Intermediates.noindex/GoogleUtilities.build/Debug-iphoneos/GoogleUtilities-Network.build/Objects-normal/arm64/GoogleUtilities-Network.LinkFileList

WriteAuxiliaryFile /Users/emanuelflury/Library/Developer/Xcode/DerivedData/TaxedGmbH_IOS-gerngfqzuwudosgobknlgtoawnlj/Build/Intermediates.noindex/GoogleUtilities.build/Debug-iphoneos/GoogleUtilities-Network.build/GoogleUtilities-Network.modulemap (in target 'GoogleUtilities-Network' from project 'GoogleUtilities')
    cd /Users/emanuelflury/Library/Developer/Xcode/DerivedData/TaxedGmbH_IOS-gerngfqzuwudosgobknlgtoawnlj/SourcePackages/checkouts/GoogleUtilities
    write-file /Users/emanuelflury/Library/Developer/Xcode/DerivedData/TaxedGmbH_IOS-gerngfqzuwudosgobknlgtoawnlj/Build/Intermediates.noindex/GoogleUtilities.build/Debug-iphoneos/GoogleUtilities-Network.build/GoogleUtilities-Network.modulemap

WriteAuxiliaryFile /Users/emanuelflury/Library/Developer/Xcode/DerivedData/TaxedGmbH_IOS-gerngfqzuwudosgobknlgtoawnlj/Build/Intermediates.noindex/GoogleUtilities.build/Debug-iphoneos/GoogleUtilities-Network.build/GoogleUtilities-Network.DependencyStaticMetadataFileList (in target 'GoogleUtilities-Network' from project 'GoogleUtilities')
    cd /Users/emanuelflury/Library/Developer/Xcode/DerivedData/TaxedGmbH_IOS-gerngfqzuwudosgobknlgtoawnlj/SourcePackages/checkouts/GoogleUtilities
    write-file /Users/emanuelflury/Library/Developer/Xcode/DerivedData/TaxedGmbH_IOS-gerngfqzuwudosgobknlgtoawnlj/Build/Intermediates.noindex/GoogleUtilities.build/Debug-iphoneos/GoogleUtilities-Network.build/GoogleUtilities-Network.DependencyStaticMetadataFileList

WriteAuxiliaryFile /Users/emanuelflury/Library/Developer/Xcode/DerivedData/TaxedGmbH_IOS-gerngfqzuwudosgobknlgtoawnlj/Build/Intermediates.noindex/GoogleUtilities.build/Debug-iphoneos/GoogleUtilities-Network.build/GoogleUtilities-Network.DependencyMetadataFileList (in target 'GoogleUtilities-Network' from project 'GoogleUtilities')
    cd /Users/emanuelflury/Library/Developer/Xcode/DerivedData/TaxedGmbH_IOS-gerngfqzuwudosgobknlgtoawnlj/SourcePackages/checkouts/GoogleUtilities
    write-file /Users/emanuelflury/Library/Developer/Xcode/DerivedData/TaxedGmbH_IOS-gerngfqzuwudosgobknlgtoawnlj/Build/Intermediates.noindex/GoogleUtilities.build/Debug-iphoneos/GoogleUtilities-Network.build/GoogleUtilities-Network.DependencyMetadataFileList

WriteAuxiliaryFile /Users/emanuelflury/Library/Developer/Xcode/DerivedData/TaxedGmbH_IOS-gerngfqzuwudosgobknlgtoawnlj/Build/Intermediates.noindex/GoogleUtilities.build/Debug-iphoneos/GoogleUtilities-Network.build/DerivedSources/resource_bundle_accessor.h (in target 'GoogleUtilities-Network' from project 'GoogleUtilities')
    cd /Users/emanuelflury/Library/Developer/Xcode/DerivedData/TaxedGmbH_IOS-gerngfqzuwudosgobknlgtoawnlj/SourcePackages/checkouts/GoogleUtilities
    write-file /Users/emanuelflury/Library/Developer/Xcode/DerivedData/TaxedGmbH_IOS-gerngfqzuwudosgobknlgtoawnlj/Build/Intermediates.noindex/GoogleUtilities.build/Debug-iphoneos/GoogleUtilities-Network.build/DerivedSources/resource_bundle_accessor.h

WriteAuxiliaryFile /Users/emanuelflury/Library/Developer/Xcode/DerivedData/TaxedGmbH_IOS-gerngfqzuwudosgobknlgtoawnlj/Build/Intermediates.noindex/GoogleUtilities.build/Debug-iphoneos/GoogleUtilities-Network.build/DerivedSources/resource_bundle_accessor.m (in target 'GoogleUtilities-Network' from project 'GoogleUtilities')
    cd /Users/emanuelflury/Library/Developer/Xcode/DerivedData/TaxedGmbH_IOS-gerngfqzuwudosgobknlgtoawnlj/SourcePackages/checkouts/GoogleUtilities
    write-file /Users/emanuelflury/Library/Developer/Xcode/DerivedData/TaxedGmbH_IOS-gerngfqzuwudosgobknlgtoawnlj/Build/Intermediates.noindex/GoogleUtilities.build/Debug-iphoneos/GoogleUtilities-Network.build/DerivedSources/resource_bundle_accessor.m

WriteAuxiliaryFile /Users/emanuelflury/Library/Developer/Xcode/DerivedData/TaxedGmbH_IOS-gerngfqzuwudosgobknlgtoawnlj/Build/Intermediates.noindex/GoogleUtilities.build/Debug-iphoneos/GoogleUtilities-NSData.build/Objects-normal/arm64/e6072d4f65d7061329687fe24e3d63a7-common-args.resp (in target 'GoogleUtilities-NSData' from project 'GoogleUtilities')
    cd /Users/emanuelflury/Library/Developer/Xcode/DerivedData/TaxedGmbH_IOS-gerngfqzuwudosgobknlgtoawnlj/SourcePackages/checkouts/GoogleUtilities
    write-file /Users/emanuelflury/Library/Developer/Xcode/DerivedData/TaxedGmbH_IOS-gerngfqzuwudosgobknlgtoawnlj/Build/Intermediates.noindex/GoogleUtilities.build/Debug-iphoneos/GoogleUtilities-NSData.build/Objects-normal/arm64/e6072d4f65d7061329687fe24e3d63a7-common-args.resp
-target arm64-apple-ios12.0 '-std=c99' -fobjc-arc -fmodules -gmodules '-fmodules-cache-path=/Users/emanuelflury/Library/Developer/Xcode/DerivedData/ModuleCache.noindex' '-fmodule-name=GoogleUtilities_NSData' -fpascal-strings -O0 -DSWIFT_PACKAGE '-DDEBUG=1' '-DOBJC_OLD_DISPATCH_PROTOTYPES=1' -isysroot /Applications/Xcode.app/Contents/Developer/Platforms/iPhoneOS.platform/Developer/SDKs/iPhoneOS26.1.sdk -g -fprofile-instr-generate -fcoverage-mapping -I/Users/emanuelflury/Library/Developer/Xcode/DerivedData/TaxedGmbH_IOS-gerngfqzuwudosgobknlgtoawnlj/Build/Products/Debug-iphoneos/include -I/Users/emanuelflury/Library/Developer/Xcode/DerivedData/TaxedGmbH_IOS-gerngfqzuwudosgobknlgtoawnlj/SourcePackages/checkouts/GoogleUtilities/GoogleUtilities/NSData+zlib/Public -I/Users/emanuelflury/Library/Developer/Xcode/DerivedData/TaxedGmbH_IOS-gerngfqzuwudosgobknlgtoawnlj/SourcePackages/checkouts/GoogleUtilities -I/Users/emanuelflury/Library/Developer/Xcode/DerivedData/TaxedGmbH_IOS-gerngfqzuwudosgobknlgtoawnlj/Build/Intermediates.noindex/GoogleUtilities.build/Debug-iphoneos/GoogleUtilities-NSData.build/DerivedSources-normal/arm64 -I/Users/emanuelflury/Library/Developer/Xcode/DerivedData/TaxedGmbH_IOS-gerngfqzuwudosgobknlgtoawnlj/Build/Intermediates.noindex/GoogleUtilities.build/Debug-iphoneos/GoogleUtilities-NSData.build/DerivedSources/arm64 -I/Users/emanuelflury/Library/Developer/Xcode/DerivedData/TaxedGmbH_IOS-gerngfqzuwudosgobknlgtoawnlj/Build/Intermediates.noindex/GoogleUtilities.build/Debug-iphoneos/GoogleUtilities-NSData.build/DerivedSources -F/Users/emanuelflury/Library/Developer/Xcode/DerivedData/TaxedGmbH_IOS-gerngfqzuwudosgobknlgtoawnlj/Build/Products/Debug-iphoneos -iframework /Applications/Xcode.app/Contents/Developer/Platforms/iPhoneOS.platform/Developer/Library/Frameworks -iframework /Applications/Xcode.app/Contents/Developer/Platforms/iPhoneOS.platform/Developer/SDKs/iPhoneOS26.1.sdk/Developer/Library/Frameworks -DXcode

WriteAuxiliaryFile /Users/emanuelflury/Library/Developer/Xcode/DerivedData/TaxedGmbH_IOS-gerngfqzuwudosgobknlgtoawnlj/Build/Intermediates.noindex/GoogleUtilities.build/Debug-iphoneos/GoogleUtilities-NSData.build/Objects-normal/arm64/GoogleUtilities-NSData.LinkFileList (in target 'GoogleUtilities-NSData' from project 'GoogleUtilities')
    cd /Users/emanuelflury/Library/Developer/Xcode/DerivedData/TaxedGmbH_IOS-gerngfqzuwudosgobknlgtoawnlj/SourcePackages/checkouts/GoogleUtilities
    write-file /Users/emanuelflury/Library/Developer/Xcode/DerivedData/TaxedGmbH_IOS-gerngfqzuwudosgobknlgtoawnlj/Build/Intermediates.noindex/GoogleUtilities.build/Debug-iphoneos/GoogleUtilities-NSData.build/Objects-normal/arm64/GoogleUtilities-NSData.LinkFileList

WriteAuxiliaryFile /Users/emanuelflury/Library/Developer/Xcode/DerivedData/TaxedGmbH_IOS-gerngfqzuwudosgobknlgtoawnlj/Build/Intermediates.noindex/GoogleUtilities.build/Debug-iphoneos/GoogleUtilities-NSData.build/GoogleUtilities-NSData.modulemap (in target 'GoogleUtilities-NSData' from project 'GoogleUtilities')
    cd /Users/emanuelflury/Library/Developer/Xcode/DerivedData/TaxedGmbH_IOS-gerngfqzuwudosgobknlgtoawnlj/SourcePackages/checkouts/GoogleUtilities
    write-file /Users/emanuelflury/Library/Developer/Xcode/DerivedData/TaxedGmbH_IOS-gerngfqzuwudosgobknlgtoawnlj/Build/Intermediates.noindex/GoogleUtilities.build/Debug-iphoneos/GoogleUtilities-NSData.build/GoogleUtilities-NSData.modulemap

WriteAuxiliaryFile /Users/emanuelflury/Library/Developer/Xcode/DerivedData/TaxedGmbH_IOS-gerngfqzuwudosgobknlgtoawnlj/Build/Intermediates.noindex/GoogleUtilities.build/Debug-iphoneos/GoogleUtilities-NSData.build/GoogleUtilities-NSData.DependencyStaticMetadataFileList (in target 'GoogleUtilities-NSData' from project 'GoogleUtilities')
    cd /Users/emanuelflury/Library/Developer/Xcode/DerivedData/TaxedGmbH_IOS-gerngfqzuwudosgobknlgtoawnlj/SourcePackages/checkouts/GoogleUtilities
    write-file /Users/emanuelflury/Library/Developer/Xcode/DerivedData/TaxedGmbH_IOS-gerngfqzuwudosgobknlgtoawnlj/Build/Intermediates.noindex/GoogleUtilities.build/Debug-iphoneos/GoogleUtilities-NSData.build/GoogleUtilities-NSData.DependencyStaticMetadataFileList

WriteAuxiliaryFile /Users/emanuelflury/Library/Developer/Xcode/DerivedData/TaxedGmbH_IOS-gerngfqzuwudosgobknlgtoawnlj/Build/Intermediates.noindex/GoogleUtilities.build/Debug-iphoneos/GoogleUtilities-NSData.build/GoogleUtilities-NSData.DependencyMetadataFileList (in target 'GoogleUtilities-NSData' from project 'GoogleUtilities')
    cd /Users/emanuelflury/Library/Developer/Xcode/DerivedData/TaxedGmbH_IOS-gerngfqzuwudosgobknlgtoawnlj/SourcePackages/checkouts/GoogleUtilities
    write-file /Users/emanuelflury/Library/Developer/Xcode/DerivedData/TaxedGmbH_IOS-gerngfqzuwudosgobknlgtoawnlj/Build/Intermediates.noindex/GoogleUtilities.build/Debug-iphoneos/GoogleUtilities-NSData.build/GoogleUtilities-NSData.DependencyMetadataFileList

WriteAuxiliaryFile /Users/emanuelflury/Library/Developer/Xcode/DerivedData/TaxedGmbH_IOS-gerngfqzuwudosgobknlgtoawnlj/Build/Intermediates.noindex/GoogleUtilities.build/Debug-iphoneos/GoogleUtilities-NSData.build/DerivedSources/resource_bundle_accessor.h (in target 'GoogleUtilities-NSData' from project 'GoogleUtilities')
    cd /Users/emanuelflury/Library/Developer/Xcode/DerivedData/TaxedGmbH_IOS-gerngfqzuwudosgobknlgtoawnlj/SourcePackages/checkouts/GoogleUtilities
    write-file /Users/emanuelflury/Library/Developer/Xcode/DerivedData/TaxedGmbH_IOS-gerngfqzuwudosgobknlgtoawnlj/Build/Intermediates.noindex/GoogleUtilities.build/Debug-iphoneos/GoogleUtilities-NSData.build/DerivedSources/resource_bundle_accessor.h

WriteAuxiliaryFile /Users/emanuelflury/Library/Developer/Xcode/DerivedData/TaxedGmbH_IOS-gerngfqzuwudosgobknlgtoawnlj/Build/Intermediates.noindex/GoogleUtilities.build/Debug-iphoneos/GoogleUtilities-NSData.build/DerivedSources/resource_bundle_accessor.m (in target 'GoogleUtilities-NSData' from project 'GoogleUtilities')
    cd /Users/emanuelflury/Library/Developer/Xcode/DerivedData/TaxedGmbH_IOS-gerngfqzuwudosgobknlgtoawnlj/SourcePackages/checkouts/GoogleUtilities
    write-file /Users/emanuelflury/Library/Developer/Xcode/DerivedData/TaxedGmbH_IOS-gerngfqzuwudosgobknlgtoawnlj/Build/Intermediates.noindex/GoogleUtilities.build/Debug-iphoneos/GoogleUtilities-NSData.build/DerivedSources/resource_bundle_accessor.m

WriteAuxiliaryFile /Users/emanuelflury/Library/Developer/Xcode/DerivedData/TaxedGmbH_IOS-gerngfqzuwudosgobknlgtoawnlj/Build/Intermediates.noindex/GoogleUtilities.build/Debug-iphoneos/GoogleUtilities-MethodSwizzler.build/Objects-normal/arm64/GoogleUtilities-MethodSwizzler.LinkFileList (in target 'GoogleUtilities-MethodSwizzler' from project 'GoogleUtilities')
    cd /Users/emanuelflury/Library/Developer/Xcode/DerivedData/TaxedGmbH_IOS-gerngfqzuwudosgobknlgtoawnlj/SourcePackages/checkouts/GoogleUtilities
    write-file /Users/emanuelflury/Library/Developer/Xcode/DerivedData/TaxedGmbH_IOS-gerngfqzuwudosgobknlgtoawnlj/Build/Intermediates.noindex/GoogleUtilities.build/Debug-iphoneos/GoogleUtilities-MethodSwizzler.build/Objects-normal/arm64/GoogleUtilities-MethodSwizzler.LinkFileList

WriteAuxiliaryFile /Users/emanuelflury/Library/Developer/Xcode/DerivedData/TaxedGmbH_IOS-gerngfqzuwudosgobknlgtoawnlj/Build/Intermediates.noindex/GoogleUtilities.build/Debug-iphoneos/GoogleUtilities-MethodSwizzler.build/Objects-normal/arm64/e6072d4f65d7061329687fe24e3d63a7-common-args.resp (in target 'GoogleUtilities-MethodSwizzler' from project 'GoogleUtilities')
    cd /Users/emanuelflury/Library/Developer/Xcode/DerivedData/TaxedGmbH_IOS-gerngfqzuwudosgobknlgtoawnlj/SourcePackages/checkouts/GoogleUtilities
    write-file /Users/emanuelflury/Library/Developer/Xcode/DerivedData/TaxedGmbH_IOS-gerngfqzuwudosgobknlgtoawnlj/Build/Intermediates.noindex/GoogleUtilities.build/Debug-iphoneos/GoogleUtilities-MethodSwizzler.build/Objects-normal/arm64/e6072d4f65d7061329687fe24e3d63a7-common-args.resp
-target arm64-apple-ios12.0 '-std=c99' -fobjc-arc -fmodules -gmodules '-fmodules-cache-path=/Users/emanuelflury/Library/Developer/Xcode/DerivedData/ModuleCache.noindex' '-fmodule-name=GoogleUtilities_MethodSwizzler' -fpascal-strings -O0 -DSWIFT_PACKAGE '-DDEBUG=1' '-DOBJC_OLD_DISPATCH_PROTOTYPES=1' -isysroot /Applications/Xcode.app/Contents/Developer/Platforms/iPhoneOS.platform/Developer/SDKs/iPhoneOS26.1.sdk -g -fprofile-instr-generate -fcoverage-mapping -I/Users/emanuelflury/Library/Developer/Xcode/DerivedData/TaxedGmbH_IOS-gerngfqzuwudosgobknlgtoawnlj/SourcePackages/checkouts/GoogleUtilities/GoogleUtilities/Logger/Public -I/Users/emanuelflury/Library/Developer/Xcode/DerivedData/TaxedGmbH_IOS-gerngfqzuwudosgobknlgtoawnlj/SourcePackages/checkouts/GoogleUtilities/GoogleUtilities/Environment/Public -I/Users/emanuelflury/Library/Developer/Xcode/DerivedData/TaxedGmbH_IOS-gerngfqzuwudosgobknlgtoawnlj/SourcePackages/checkouts/GoogleUtilities/third_party/IsAppEncrypted/Public -I/Users/emanuelflury/Library/Developer/Xcode/DerivedData/TaxedGmbH_IOS-gerngfqzuwudosgobknlgtoawnlj/Build/Products/Debug-iphoneos/include -I/Users/emanuelflury/Library/Developer/Xcode/DerivedData/TaxedGmbH_IOS-gerngfqzuwudosgobknlgtoawnlj/SourcePackages/checkouts/GoogleUtilities/GoogleUtilities/MethodSwizzler/Public -I/Users/emanuelflury/Library/Developer/Xcode/DerivedData/TaxedGmbH_IOS-gerngfqzuwudosgobknlgtoawnlj/SourcePackages/checkouts/GoogleUtilities -I/Users/emanuelflury/Library/Developer/Xcode/DerivedData/TaxedGmbH_IOS-gerngfqzuwudosgobknlgtoawnlj/Build/Intermediates.noindex/GoogleUtilities.build/Debug-iphoneos/GoogleUtilities-MethodSwizzler.build/DerivedSources-normal/arm64 -I/Users/emanuelflury/Library/Developer/Xcode/DerivedData/TaxedGmbH_IOS-gerngfqzuwudosgobknlgtoawnlj/Build/Intermediates.noindex/GoogleUtilities.build/Debug-iphoneos/GoogleUtilities-MethodSwizzler.build/DerivedSources/arm64 -I/Users/emanuelflury/Library/Developer/Xcode/DerivedData/TaxedGmbH_IOS-gerngfqzuwudosgobknlgtoawnlj/Build/Intermediates.noindex/GoogleUtilities.build/Debug-iphoneos/GoogleUtilities-MethodSwizzler.build/DerivedSources -F/Users/emanuelflury/Library/Developer/Xcode/DerivedData/TaxedGmbH_IOS-gerngfqzuwudosgobknlgtoawnlj/Build/Products/Debug-iphoneos/PackageFrameworks -F/Users/emanuelflury/Library/Developer/Xcode/DerivedData/TaxedGmbH_IOS-gerngfqzuwudosgobknlgtoawnlj/Build/Products/Debug-iphoneos/PackageFrameworks -F/Users/emanuelflury/Library/Developer/Xcode/DerivedData/TaxedGmbH_IOS-gerngfqzuwudosgobknlgtoawnlj/Build/Products/Debug-iphoneos/PackageFrameworks -F/Users/emanuelflury/Library/Developer/Xcode/DerivedData/TaxedGmbH_IOS-gerngfqzuwudosgobknlgtoawnlj/Build/Products/Debug-iphoneos -iframework /Applications/Xcode.app/Contents/Developer/Platforms/iPhoneOS.platform/Developer/Library/Frameworks -iframework /Applications/Xcode.app/Contents/Developer/Platforms/iPhoneOS.platform/Developer/SDKs/iPhoneOS26.1.sdk/Developer/Library/Frameworks '-fmodule-map-file=/Users/emanuelflury/Library/Developer/Xcode/DerivedData/TaxedGmbH_IOS-gerngfqzuwudosgobknlgtoawnlj/Build/Intermediates.noindex/GeneratedModuleMaps-iphoneos/GoogleUtilities-Logger.modulemap' '-fmodule-map-file=/Users/emanuelflury/Library/Developer/Xcode/DerivedData/TaxedGmbH_IOS-gerngfqzuwudosgobknlgtoawnlj/Build/Intermediates.noindex/GeneratedModuleMaps-iphoneos/GoogleUtilities-Environment.modulemap' '-fmodule-map-file=/Users/emanuelflury/Library/Developer/Xcode/DerivedData/TaxedGmbH_IOS-gerngfqzuwudosgobknlgtoawnlj/Build/Intermediates.noindex/GeneratedModuleMaps-iphoneos/third-party-IsAppEncrypted.modulemap' -DXcode

WriteAuxiliaryFile /Users/emanuelflury/Library/Developer/Xcode/DerivedData/TaxedGmbH_IOS-gerngfqzuwudosgobknlgtoawnlj/Build/Intermediates.noindex/GoogleUtilities.build/Debug-iphoneos/GoogleUtilities-MethodSwizzler.build/GoogleUtilities-MethodSwizzler.modulemap (in target 'GoogleUtilities-MethodSwizzler' from project 'GoogleUtilities')
    cd /Users/emanuelflury/Library/Developer/Xcode/DerivedData/TaxedGmbH_IOS-gerngfqzuwudosgobknlgtoawnlj/SourcePackages/checkouts/GoogleUtilities
    write-file /Users/emanuelflury/Library/Developer/Xcode/DerivedData/TaxedGmbH_IOS-gerngfqzuwudosgobknlgtoawnlj/Build/Intermediates.noindex/GoogleUtilities.build/Debug-iphoneos/GoogleUtilities-MethodSwizzler.build/GoogleUtilities-MethodSwizzler.modulemap

WriteAuxiliaryFile /Users/emanuelflury/Library/Developer/Xcode/DerivedData/TaxedGmbH_IOS-gerngfqzuwudosgobknlgtoawnlj/Build/Intermediates.noindex/GoogleUtilities.build/Debug-iphoneos/GoogleUtilities-MethodSwizzler.build/GoogleUtilities-MethodSwizzler.DependencyStaticMetadataFileList (in target 'GoogleUtilities-MethodSwizzler' from project 'GoogleUtilities')
    cd /Users/emanuelflury/Library/Developer/Xcode/DerivedData/TaxedGmbH_IOS-gerngfqzuwudosgobknlgtoawnlj/SourcePackages/checkouts/GoogleUtilities
    write-file /Users/emanuelflury/Library/Developer/Xcode/DerivedData/TaxedGmbH_IOS-gerngfqzuwudosgobknlgtoawnlj/Build/Intermediates.noindex/GoogleUtilities.build/Debug-iphoneos/GoogleUtilities-MethodSwizzler.build/GoogleUtilities-MethodSwizzler.DependencyStaticMetadataFileList

WriteAuxiliaryFile /Users/emanuelflury/Library/Developer/Xcode/DerivedData/TaxedGmbH_IOS-gerngfqzuwudosgobknlgtoawnlj/Build/Intermediates.noindex/GoogleUtilities.build/Debug-iphoneos/GoogleUtilities-MethodSwizzler.build/GoogleUtilities-MethodSwizzler.DependencyMetadataFileList (in target 'GoogleUtilities-MethodSwizzler' from project 'GoogleUtilities')
    cd /Users/emanuelflury/Library/Developer/Xcode/DerivedData/TaxedGmbH_IOS-gerngfqzuwudosgobknlgtoawnlj/SourcePackages/checkouts/GoogleUtilities
    write-file /Users/emanuelflury/Library/Developer/Xcode/DerivedData/TaxedGmbH_IOS-gerngfqzuwudosgobknlgtoawnlj/Build/Intermediates.noindex/GoogleUtilities.build/Debug-iphoneos/GoogleUtilities-MethodSwizzler.build/GoogleUtilities-MethodSwizzler.DependencyMetadataFileList

WriteAuxiliaryFile /Users/emanuelflury/Library/Developer/Xcode/DerivedData/TaxedGmbH_IOS-gerngfqzuwudosgobknlgtoawnlj/Build/Intermediates.noindex/GoogleUtilities.build/Debug-iphoneos/GoogleUtilities-MethodSwizzler.build/DerivedSources/resource_bundle_accessor.m (in target 'GoogleUtilities-MethodSwizzler' from project 'GoogleUtilities')
    cd /Users/emanuelflury/Library/Developer/Xcode/DerivedData/TaxedGmbH_IOS-gerngfqzuwudosgobknlgtoawnlj/SourcePackages/checkouts/GoogleUtilities
    write-file /Users/emanuelflury/Library/Developer/Xcode/DerivedData/TaxedGmbH_IOS-gerngfqzuwudosgobknlgtoawnlj/Build/Intermediates.noindex/GoogleUtilities.build/Debug-iphoneos/GoogleUtilities-MethodSwizzler.build/DerivedSources/resource_bundle_accessor.m

WriteAuxiliaryFile /Users/emanuelflury/Library/Developer/Xcode/DerivedData/TaxedGmbH_IOS-gerngfqzuwudosgobknlgtoawnlj/Build/Intermediates.noindex/GoogleUtilities.build/Debug-iphoneos/GoogleUtilities-MethodSwizzler.build/DerivedSources/resource_bundle_accessor.h (in target 'GoogleUtilities-MethodSwizzler' from project 'GoogleUtilities')
    cd /Users/emanuelflury/Library/Developer/Xcode/DerivedData/TaxedGmbH_IOS-gerngfqzuwudosgobknlgtoawnlj/SourcePackages/checkouts/GoogleUtilities
    write-file /Users/emanuelflury/Library/Developer/Xcode/DerivedData/TaxedGmbH_IOS-gerngfqzuwudosgobknlgtoawnlj/Build/Intermediates.noindex/GoogleUtilities.build/Debug-iphoneos/GoogleUtilities-MethodSwizzler.build/DerivedSources/resource_bundle_accessor.h

WriteAuxiliaryFile /Users/emanuelflury/Library/Developer/Xcode/DerivedData/TaxedGmbH_IOS-gerngfqzuwudosgobknlgtoawnlj/Build/Intermediates.noindex/GoogleUtilities.build/Debug-iphoneos/GoogleUtilities-Logger.build/Objects-normal/arm64/e6072d4f65d7061329687fe24e3d63a7-common-args.resp (in target 'GoogleUtilities-Logger' from project 'GoogleUtilities')
    cd /Users/emanuelflury/Library/Developer/Xcode/DerivedData/TaxedGmbH_IOS-gerngfqzuwudosgobknlgtoawnlj/SourcePackages/checkouts/GoogleUtilities
    write-file /Users/emanuelflury/Library/Developer/Xcode/DerivedData/TaxedGmbH_IOS-gerngfqzuwudosgobknlgtoawnlj/Build/Intermediates.noindex/GoogleUtilities.build/Debug-iphoneos/GoogleUtilities-Logger.build/Objects-normal/arm64/e6072d4f65d7061329687fe24e3d63a7-common-args.resp
-target arm64-apple-ios12.0 '-std=c99' -fobjc-arc -fmodules -gmodules '-fmodules-cache-path=/Users/emanuelflury/Library/Developer/Xcode/DerivedData/ModuleCache.noindex' '-fmodule-name=GoogleUtilities_Logger' -fpascal-strings -O0 -DSWIFT_PACKAGE '-DDEBUG=1' '-DOBJC_OLD_DISPATCH_PROTOTYPES=1' -isysroot /Applications/Xcode.app/Contents/Developer/Platforms/iPhoneOS.platform/Developer/SDKs/iPhoneOS26.1.sdk -g -fprofile-instr-generate -fcoverage-mapping -I/Users/emanuelflury/Library/Developer/Xcode/DerivedData/TaxedGmbH_IOS-gerngfqzuwudosgobknlgtoawnlj/SourcePackages/checkouts/GoogleUtilities/GoogleUtilities/Environment/Public -I/Users/emanuelflury/Library/Developer/Xcode/DerivedData/TaxedGmbH_IOS-gerngfqzuwudosgobknlgtoawnlj/SourcePackages/checkouts/GoogleUtilities/third_party/IsAppEncrypted/Public -I/Users/emanuelflury/Library/Developer/Xcode/DerivedData/TaxedGmbH_IOS-gerngfqzuwudosgobknlgtoawnlj/Build/Products/Debug-iphoneos/include -I/Users/emanuelflury/Library/Developer/Xcode/DerivedData/TaxedGmbH_IOS-gerngfqzuwudosgobknlgtoawnlj/SourcePackages/checkouts/GoogleUtilities/GoogleUtilities/Logger/Public -I/Users/emanuelflury/Library/Developer/Xcode/DerivedData/TaxedGmbH_IOS-gerngfqzuwudosgobknlgtoawnlj/SourcePackages/checkouts/GoogleUtilities -I/Users/emanuelflury/Library/Developer/Xcode/DerivedData/TaxedGmbH_IOS-gerngfqzuwudosgobknlgtoawnlj/Build/Intermediates.noindex/GoogleUtilities.build/Debug-iphoneos/GoogleUtilities-Logger.build/DerivedSources-normal/arm64 -I/Users/emanuelflury/Library/Developer/Xcode/DerivedData/TaxedGmbH_IOS-gerngfqzuwudosgobknlgtoawnlj/Build/Intermediates.noindex/GoogleUtilities.build/Debug-iphoneos/GoogleUtilities-Logger.build/DerivedSources/arm64 -I/Users/emanuelflury/Library/Developer/Xcode/DerivedData/TaxedGmbH_IOS-gerngfqzuwudosgobknlgtoawnlj/Build/Intermediates.noindex/GoogleUtilities.build/Debug-iphoneos/GoogleUtilities-Logger.build/DerivedSources -F/Users/emanuelflury/Library/Developer/Xcode/DerivedData/TaxedGmbH_IOS-gerngfqzuwudosgobknlgtoawnlj/Build/Products/Debug-iphoneos/PackageFrameworks -F/Users/emanuelflury/Library/Developer/Xcode/DerivedData/TaxedGmbH_IOS-gerngfqzuwudosgobknlgtoawnlj/Build/Products/Debug-iphoneos/PackageFrameworks -F/Users/emanuelflury/Library/Developer/Xcode/DerivedData/TaxedGmbH_IOS-gerngfqzuwudosgobknlgtoawnlj/Build/Products/Debug-iphoneos -iframework /Applications/Xcode.app/Contents/Developer/Platforms/iPhoneOS.platform/Developer/Library/Frameworks -iframework /Applications/Xcode.app/Contents/Developer/Platforms/iPhoneOS.platform/Developer/SDKs/iPhoneOS26.1.sdk/Developer/Library/Frameworks '-fmodule-map-file=/Users/emanuelflury/Library/Developer/Xcode/DerivedData/TaxedGmbH_IOS-gerngfqzuwudosgobknlgtoawnlj/Build/Intermediates.noindex/GeneratedModuleMaps-iphoneos/GoogleUtilities-Environment.modulemap' '-fmodule-map-file=/Users/emanuelflury/Library/Developer/Xcode/DerivedData/TaxedGmbH_IOS-gerngfqzuwudosgobknlgtoawnlj/Build/Intermediates.noindex/GeneratedModuleMaps-iphoneos/third-party-IsAppEncrypted.modulemap' -DXcode

WriteAuxiliaryFile /Users/emanuelflury/Library/Developer/Xcode/DerivedData/TaxedGmbH_IOS-gerngfqzuwudosgobknlgtoawnlj/Build/Intermediates.noindex/GoogleUtilities.build/Debug-iphoneos/GoogleUtilities-Logger.build/Objects-normal/arm64/GoogleUtilities-Logger.LinkFileList (in target 'GoogleUtilities-Logger' from project 'GoogleUtilities')
    cd /Users/emanuelflury/Library/Developer/Xcode/DerivedData/TaxedGmbH_IOS-gerngfqzuwudosgobknlgtoawnlj/SourcePackages/checkouts/GoogleUtilities
    write-file /Users/emanuelflury/Library/Developer/Xcode/DerivedData/TaxedGmbH_IOS-gerngfqzuwudosgobknlgtoawnlj/Build/Intermediates.noindex/GoogleUtilities.build/Debug-iphoneos/GoogleUtilities-Logger.build/Objects-normal/arm64/GoogleUtilities-Logger.LinkFileList

WriteAuxiliaryFile /Users/emanuelflury/Library/Developer/Xcode/DerivedData/TaxedGmbH_IOS-gerngfqzuwudosgobknlgtoawnlj/Build/Intermediates.noindex/GoogleUtilities.build/Debug-iphoneos/GoogleUtilities-Logger.build/GoogleUtilities-Logger.modulemap (in target 'GoogleUtilities-Logger' from project 'GoogleUtilities')
    cd /Users/emanuelflury/Library/Developer/Xcode/DerivedData/TaxedGmbH_IOS-gerngfqzuwudosgobknlgtoawnlj/SourcePackages/checkouts/GoogleUtilities
    write-file /Users/emanuelflury/Library/Developer/Xcode/DerivedData/TaxedGmbH_IOS-gerngfqzuwudosgobknlgtoawnlj/Build/Intermediates.noindex/GoogleUtilities.build/Debug-iphoneos/GoogleUtilities-Logger.build/GoogleUtilities-Logger.modulemap

WriteAuxiliaryFile /Users/emanuelflury/Library/Developer/Xcode/DerivedData/TaxedGmbH_IOS-gerngfqzuwudosgobknlgtoawnlj/Build/Intermediates.noindex/GoogleUtilities.build/Debug-iphoneos/GoogleUtilities-Logger.build/GoogleUtilities-Logger.DependencyStaticMetadataFileList (in target 'GoogleUtilities-Logger' from project 'GoogleUtilities')
    cd /Users/emanuelflury/Library/Developer/Xcode/DerivedData/TaxedGmbH_IOS-gerngfqzuwudosgobknlgtoawnlj/SourcePackages/checkouts/GoogleUtilities
    write-file /Users/emanuelflury/Library/Developer/Xcode/DerivedData/TaxedGmbH_IOS-gerngfqzuwudosgobknlgtoawnlj/Build/Intermediates.noindex/GoogleUtilities.build/Debug-iphoneos/GoogleUtilities-Logger.build/GoogleUtilities-Logger.DependencyStaticMetadataFileList

WriteAuxiliaryFile /Users/emanuelflury/Library/Developer/Xcode/DerivedData/TaxedGmbH_IOS-gerngfqzuwudosgobknlgtoawnlj/Build/Intermediates.noindex/GoogleUtilities.build/Debug-iphoneos/GoogleUtilities-Logger.build/GoogleUtilities-Logger.DependencyMetadataFileList (in target 'GoogleUtilities-Logger' from project 'GoogleUtilities')
    cd /Users/emanuelflury/Library/Developer/Xcode/DerivedData/TaxedGmbH_IOS-gerngfqzuwudosgobknlgtoawnlj/SourcePackages/checkouts/GoogleUtilities
    write-file /Users/emanuelflury/Library/Developer/Xcode/DerivedData/TaxedGmbH_IOS-gerngfqzuwudosgobknlgtoawnlj/Build/Intermediates.noindex/GoogleUtilities.build/Debug-iphoneos/GoogleUtilities-Logger.build/GoogleUtilities-Logger.DependencyMetadataFileList

WriteAuxiliaryFile /Users/emanuelflury/Library/Developer/Xcode/DerivedData/TaxedGmbH_IOS-gerngfqzuwudosgobknlgtoawnlj/Build/Intermediates.noindex/GoogleUtilities.build/Debug-iphoneos/GoogleUtilities-Logger.build/DerivedSources/resource_bundle_accessor.m (in target 'GoogleUtilities-Logger' from project 'GoogleUtilities')
    cd /Users/emanuelflury/Library/Developer/Xcode/DerivedData/TaxedGmbH_IOS-gerngfqzuwudosgobknlgtoawnlj/SourcePackages/checkouts/GoogleUtilities
    write-file /Users/emanuelflury/Library/Developer/Xcode/DerivedData/TaxedGmbH_IOS-gerngfqzuwudosgobknlgtoawnlj/Build/Intermediates.noindex/GoogleUtilities.build/Debug-iphoneos/GoogleUtilities-Logger.build/DerivedSources/resource_bundle_accessor.m

WriteAuxiliaryFile /Users/emanuelflury/Library/Developer/Xcode/DerivedData/TaxedGmbH_IOS-gerngfqzuwudosgobknlgtoawnlj/Build/Intermediates.noindex/GoogleUtilities.build/Debug-iphoneos/GoogleUtilities-Logger.build/DerivedSources/resource_bundle_accessor.h (in target 'GoogleUtilities-Logger' from project 'GoogleUtilities')
    cd /Users/emanuelflury/Library/Developer/Xcode/DerivedData/TaxedGmbH_IOS-gerngfqzuwudosgobknlgtoawnlj/SourcePackages/checkouts/GoogleUtilities
    write-file /Users/emanuelflury/Library/Developer/Xcode/DerivedData/TaxedGmbH_IOS-gerngfqzuwudosgobknlgtoawnlj/Build/Intermediates.noindex/GoogleUtilities.build/Debug-iphoneos/GoogleUtilities-Logger.build/DerivedSources/resource_bundle_accessor.h

WriteAuxiliaryFile /Users/emanuelflury/Library/Developer/Xcode/DerivedData/TaxedGmbH_IOS-gerngfqzuwudosgobknlgtoawnlj/Build/Intermediates.noindex/GoogleUtilities.build/Debug-iphoneos/GoogleUtilities-Environment.build/Objects-normal/arm64/e6072d4f65d7061329687fe24e3d63a7-common-args.resp (in target 'GoogleUtilities-Environment' from project 'GoogleUtilities')
    cd /Users/emanuelflury/Library/Developer/Xcode/DerivedData/TaxedGmbH_IOS-gerngfqzuwudosgobknlgtoawnlj/SourcePackages/checkouts/GoogleUtilities
    write-file /Users/emanuelflury/Library/Developer/Xcode/DerivedData/TaxedGmbH_IOS-gerngfqzuwudosgobknlgtoawnlj/Build/Intermediates.noindex/GoogleUtilities.build/Debug-iphoneos/GoogleUtilities-Environment.build/Objects-normal/arm64/e6072d4f65d7061329687fe24e3d63a7-common-args.resp
-target arm64-apple-ios12.0 '-std=c99' -fobjc-arc -fmodules -gmodules '-fmodules-cache-path=/Users/emanuelflury/Library/Developer/Xcode/DerivedData/ModuleCache.noindex' '-fmodule-name=GoogleUtilities_Environment' -fpascal-strings -O0 -DSWIFT_PACKAGE '-DDEBUG=1' '-DOBJC_OLD_DISPATCH_PROTOTYPES=1' -isysroot /Applications/Xcode.app/Contents/Developer/Platforms/iPhoneOS.platform/Developer/SDKs/iPhoneOS26.1.sdk -g -fprofile-instr-generate -fcoverage-mapping -I/Users/emanuelflury/Library/Developer/Xcode/DerivedData/TaxedGmbH_IOS-gerngfqzuwudosgobknlgtoawnlj/SourcePackages/checkouts/GoogleUtilities/third_party/IsAppEncrypted/Public -I/Users/emanuelflury/Library/Developer/Xcode/DerivedData/TaxedGmbH_IOS-gerngfqzuwudosgobknlgtoawnlj/Build/Products/Debug-iphoneos/include -I/Users/emanuelflury/Library/Developer/Xcode/DerivedData/TaxedGmbH_IOS-gerngfqzuwudosgobknlgtoawnlj/SourcePackages/checkouts/GoogleUtilities/GoogleUtilities/Environment/Public -I/Users/emanuelflury/Library/Developer/Xcode/DerivedData/TaxedGmbH_IOS-gerngfqzuwudosgobknlgtoawnlj/SourcePackages/checkouts/GoogleUtilities -I/Users/emanuelflury/Library/Developer/Xcode/DerivedData/TaxedGmbH_IOS-gerngfqzuwudosgobknlgtoawnlj/Build/Intermediates.noindex/GoogleUtilities.build/Debug-iphoneos/GoogleUtilities-Environment.build/DerivedSources-normal/arm64 -I/Users/emanuelflury/Library/Developer/Xcode/DerivedData/TaxedGmbH_IOS-gerngfqzuwudosgobknlgtoawnlj/Build/Intermediates.noindex/GoogleUtilities.build/Debug-iphoneos/GoogleUtilities-Environment.build/DerivedSources/arm64 -I/Users/emanuelflury/Library/Developer/Xcode/DerivedData/TaxedGmbH_IOS-gerngfqzuwudosgobknlgtoawnlj/Build/Intermediates.noindex/GoogleUtilities.build/Debug-iphoneos/GoogleUtilities-Environment.build/DerivedSources -F/Users/emanuelflury/Library/Developer/Xcode/DerivedData/TaxedGmbH_IOS-gerngfqzuwudosgobknlgtoawnlj/Build/Products/Debug-iphoneos/PackageFrameworks -F/Users/emanuelflury/Library/Developer/Xcode/DerivedData/TaxedGmbH_IOS-gerngfqzuwudosgobknlgtoawnlj/Build/Products/Debug-iphoneos -iframework /Applications/Xcode.app/Contents/Developer/Platforms/iPhoneOS.platform/Developer/Library/Frameworks -iframework /Applications/Xcode.app/Contents/Developer/Platforms/iPhoneOS.platform/Developer/SDKs/iPhoneOS26.1.sdk/Developer/Library/Frameworks '-fmodule-map-file=/Users/emanuelflury/Library/Developer/Xcode/DerivedData/TaxedGmbH_IOS-gerngfqzuwudosgobknlgtoawnlj/Build/Intermediates.noindex/GeneratedModuleMaps-iphoneos/third-party-IsAppEncrypted.modulemap' -DXcode

WriteAuxiliaryFile /Users/emanuelflury/Library/Developer/Xcode/DerivedData/TaxedGmbH_IOS-gerngfqzuwudosgobknlgtoawnlj/Build/Intermediates.noindex/GoogleUtilities.build/Debug-iphoneos/GoogleUtilities-Environment.build/Objects-normal/arm64/GoogleUtilities-Environment.LinkFileList (in target 'GoogleUtilities-Environment' from project 'GoogleUtilities')
    cd /Users/emanuelflury/Library/Developer/Xcode/DerivedData/TaxedGmbH_IOS-gerngfqzuwudosgobknlgtoawnlj/SourcePackages/checkouts/GoogleUtilities
    write-file /Users/emanuelflury/Library/Developer/Xcode/DerivedData/TaxedGmbH_IOS-gerngfqzuwudosgobknlgtoawnlj/Build/Intermediates.noindex/GoogleUtilities.build/Debug-iphoneos/GoogleUtilities-Environment.build/Objects-normal/arm64/GoogleUtilities-Environment.LinkFileList

WriteAuxiliaryFile /Users/emanuelflury/Library/Developer/Xcode/DerivedData/TaxedGmbH_IOS-gerngfqzuwudosgobknlgtoawnlj/Build/Intermediates.noindex/GoogleUtilities.build/Debug-iphoneos/GoogleUtilities-Environment.build/GoogleUtilities-Environment.modulemap (in target 'GoogleUtilities-Environment' from project 'GoogleUtilities')
    cd /Users/emanuelflury/Library/Developer/Xcode/DerivedData/TaxedGmbH_IOS-gerngfqzuwudosgobknlgtoawnlj/SourcePackages/checkouts/GoogleUtilities
    write-file /Users/emanuelflury/Library/Developer/Xcode/DerivedData/TaxedGmbH_IOS-gerngfqzuwudosgobknlgtoawnlj/Build/Intermediates.noindex/GoogleUtilities.build/Debug-iphoneos/GoogleUtilities-Environment.build/GoogleUtilities-Environment.modulemap

WriteAuxiliaryFile /Users/emanuelflury/Library/Developer/Xcode/DerivedData/TaxedGmbH_IOS-gerngfqzuwudosgobknlgtoawnlj/Build/Intermediates.noindex/GoogleUtilities.build/Debug-iphoneos/GoogleUtilities-Environment.build/GoogleUtilities-Environment.DependencyStaticMetadataFileList (in target 'GoogleUtilities-Environment' from project 'GoogleUtilities')
    cd /Users/emanuelflury/Library/Developer/Xcode/DerivedData/TaxedGmbH_IOS-gerngfqzuwudosgobknlgtoawnlj/SourcePackages/checkouts/GoogleUtilities
    write-file /Users/emanuelflury/Library/Developer/Xcode/DerivedData/TaxedGmbH_IOS-gerngfqzuwudosgobknlgtoawnlj/Build/Intermediates.noindex/GoogleUtilities.build/Debug-iphoneos/GoogleUtilities-Environment.build/GoogleUtilities-Environment.DependencyStaticMetadataFileList

WriteAuxiliaryFile /Users/emanuelflury/Library/Developer/Xcode/DerivedData/TaxedGmbH_IOS-gerngfqzuwudosgobknlgtoawnlj/Build/Intermediates.noindex/GoogleUtilities.build/Debug-iphoneos/GoogleUtilities-Environment.build/GoogleUtilities-Environment.DependencyMetadataFileList (in target 'GoogleUtilities-Environment' from project 'GoogleUtilities')
    cd /Users/emanuelflury/Library/Developer/Xcode/DerivedData/TaxedGmbH_IOS-gerngfqzuwudosgobknlgtoawnlj/SourcePackages/checkouts/GoogleUtilities
    write-file /Users/emanuelflury/Library/Developer/Xcode/DerivedData/TaxedGmbH_IOS-gerngfqzuwudosgobknlgtoawnlj/Build/Intermediates.noindex/GoogleUtilities.build/Debug-iphoneos/GoogleUtilities-Environment.build/GoogleUtilities-Environment.DependencyMetadataFileList

WriteAuxiliaryFile /Users/emanuelflury/Library/Developer/Xcode/DerivedData/TaxedGmbH_IOS-gerngfqzuwudosgobknlgtoawnlj/Build/Intermediates.noindex/GoogleUtilities.build/Debug-iphoneos/GoogleUtilities-Environment.build/DerivedSources/resource_bundle_accessor.m (in target 'GoogleUtilities-Environment' from project 'GoogleUtilities')
    cd /Users/emanuelflury/Library/Developer/Xcode/DerivedData/TaxedGmbH_IOS-gerngfqzuwudosgobknlgtoawnlj/SourcePackages/checkouts/GoogleUtilities
    write-file /Users/emanuelflury/Library/Developer/Xcode/DerivedData/TaxedGmbH_IOS-gerngfqzuwudosgobknlgtoawnlj/Build/Intermediates.noindex/GoogleUtilities.build/Debug-iphoneos/GoogleUtilities-Environment.build/DerivedSources/resource_bundle_accessor.m

WriteAuxiliaryFile /Users/emanuelflury/Library/Developer/Xcode/DerivedData/TaxedGmbH_IOS-gerngfqzuwudosgobknlgtoawnlj/Build/Intermediates.noindex/GoogleUtilities.build/Debug-iphoneos/GoogleUtilities-Environment.build/DerivedSources/resource_bundle_accessor.h (in target 'GoogleUtilities-Environment' from project 'GoogleUtilities')
    cd /Users/emanuelflury/Library/Developer/Xcode/DerivedData/TaxedGmbH_IOS-gerngfqzuwudosgobknlgtoawnlj/SourcePackages/checkouts/GoogleUtilities
    write-file /Users/emanuelflury/Library/Developer/Xcode/DerivedData/TaxedGmbH_IOS-gerngfqzuwudosgobknlgtoawnlj/Build/Intermediates.noindex/GoogleUtilities.build/Debug-iphoneos/GoogleUtilities-Environment.build/DerivedSources/resource_bundle_accessor.h

WriteAuxiliaryFile /Users/emanuelflury/Library/Developer/Xcode/DerivedData/TaxedGmbH_IOS-gerngfqzuwudosgobknlgtoawnlj/Build/Intermediates.noindex/GoogleUtilities.build/Debug-iphoneos/GoogleUtilities-AppDelegateSwizzler.build/GoogleUtilities-AppDelegateSwizzler.modulemap (in target 'GoogleUtilities-AppDelegateSwizzler' from project 'GoogleUtilities')
    cd /Users/emanuelflury/Library/Developer/Xcode/DerivedData/TaxedGmbH_IOS-gerngfqzuwudosgobknlgtoawnlj/SourcePackages/checkouts/GoogleUtilities
    write-file /Users/emanuelflury/Library/Developer/Xcode/DerivedData/TaxedGmbH_IOS-gerngfqzuwudosgobknlgtoawnlj/Build/Intermediates.noindex/GoogleUtilities.build/Debug-iphoneos/GoogleUtilities-AppDelegateSwizzler.build/GoogleUtilities-AppDelegateSwizzler.modulemap

WriteAuxiliaryFile /Users/emanuelflury/Library/Developer/Xcode/DerivedData/TaxedGmbH_IOS-gerngfqzuwudosgobknlgtoawnlj/Build/Intermediates.noindex/GoogleUtilities.build/Debug-iphoneos/GoogleUtilities-AppDelegateSwizzler.build/Objects-normal/arm64/e6072d4f65d7061329687fe24e3d63a7-common-args.resp (in target 'GoogleUtilities-AppDelegateSwizzler' from project 'GoogleUtilities')
    cd /Users/emanuelflury/Library/Developer/Xcode/DerivedData/TaxedGmbH_IOS-gerngfqzuwudosgobknlgtoawnlj/SourcePackages/checkouts/GoogleUtilities
    write-file /Users/emanuelflury/Library/Developer/Xcode/DerivedData/TaxedGmbH_IOS-gerngfqzuwudosgobknlgtoawnlj/Build/Intermediates.noindex/GoogleUtilities.build/Debug-iphoneos/GoogleUtilities-AppDelegateSwizzler.build/Objects-normal/arm64/e6072d4f65d7061329687fe24e3d63a7-common-args.resp
-target arm64-apple-ios12.0 '-std=c99' -fobjc-arc -fmodules -gmodules '-fmodules-cache-path=/Users/emanuelflury/Library/Developer/Xcode/DerivedData/ModuleCache.noindex' '-fmodule-name=GoogleUtilities_AppDelegateSwizzler' -fpascal-strings -O0 -DSWIFT_PACKAGE '-DDEBUG=1' '-DOBJC_OLD_DISPATCH_PROTOTYPES=1' -isysroot /Applications/Xcode.app/Contents/Developer/Platforms/iPhoneOS.platform/Developer/SDKs/iPhoneOS26.1.sdk -g -fprofile-instr-generate -fcoverage-mapping -I/Users/emanuelflury/Library/Developer/Xcode/DerivedData/TaxedGmbH_IOS-gerngfqzuwudosgobknlgtoawnlj/SourcePackages/checkouts/GoogleUtilities/GoogleUtilities/Network/Public -I/Users/emanuelflury/Library/Developer/Xcode/DerivedData/TaxedGmbH_IOS-gerngfqzuwudosgobknlgtoawnlj/SourcePackages/checkouts/GoogleUtilities/GoogleUtilities/Reachability/Public -I/Users/emanuelflury/Library/Developer/Xcode/DerivedData/TaxedGmbH_IOS-gerngfqzuwudosgobknlgtoawnlj/SourcePackages/checkouts/GoogleUtilities/GoogleUtilities/NSData+zlib/Public -I/Users/emanuelflury/Library/Developer/Xcode/DerivedData/TaxedGmbH_IOS-gerngfqzuwudosgobknlgtoawnlj/SourcePackages/checkouts/GoogleUtilities/GoogleUtilities/Logger/Public -I/Users/emanuelflury/Library/Developer/Xcode/DerivedData/TaxedGmbH_IOS-gerngfqzuwudosgobknlgtoawnlj/SourcePackages/checkouts/GoogleUtilities/GoogleUtilities/Environment/Public -I/Users/emanuelflury/Library/Developer/Xcode/DerivedData/TaxedGmbH_IOS-gerngfqzuwudosgobknlgtoawnlj/SourcePackages/checkouts/GoogleUtilities/third_party/IsAppEncrypted/Public -I/Users/emanuelflury/Library/Developer/Xcode/DerivedData/TaxedGmbH_IOS-gerngfqzuwudosgobknlgtoawnlj/Build/Products/Debug-iphoneos/include -I/Users/emanuelflury/Library/Developer/Xcode/DerivedData/TaxedGmbH_IOS-gerngfqzuwudosgobknlgtoawnlj/SourcePackages/checkouts/GoogleUtilities/GoogleUtilities/AppDelegateSwizzler/Public -I/Users/emanuelflury/Library/Developer/Xcode/DerivedData/TaxedGmbH_IOS-gerngfqzuwudosgobknlgtoawnlj/SourcePackages/checkouts/GoogleUtilities -I/Users/emanuelflury/Library/Developer/Xcode/DerivedData/TaxedGmbH_IOS-gerngfqzuwudosgobknlgtoawnlj/Build/Intermediates.noindex/GoogleUtilities.build/Debug-iphoneos/GoogleUtilities-AppDelegateSwizzler.build/DerivedSources-normal/arm64 -I/Users/emanuelflury/Library/Developer/Xcode/DerivedData/TaxedGmbH_IOS-gerngfqzuwudosgobknlgtoawnlj/Build/Intermediates.noindex/GoogleUtilities.build/Debug-iphoneos/GoogleUtilities-AppDelegateSwizzler.build/DerivedSources/arm64 -I/Users/emanuelflury/Library/Developer/Xcode/DerivedData/TaxedGmbH_IOS-gerngfqzuwudosgobknlgtoawnlj/Build/Intermediates.noindex/GoogleUtilities.build/Debug-iphoneos/GoogleUtilities-AppDelegateSwizzler.build/DerivedSources -F/Users/emanuelflury/Library/Developer/Xcode/DerivedData/TaxedGmbH_IOS-gerngfqzuwudosgobknlgtoawnlj/Build/Products/Debug-iphoneos/PackageFrameworks -F/Users/emanuelflury/Library/Developer/Xcode/DerivedData/TaxedGmbH_IOS-gerngfqzuwudosgobknlgtoawnlj/Build/Products/Debug-iphoneos/PackageFrameworks -F/Users/emanuelflury/Library/Developer/Xcode/DerivedData/TaxedGmbH_IOS-gerngfqzuwudosgobknlgtoawnlj/Build/Products/Debug-iphoneos/PackageFrameworks -F/Users/emanuelflury/Library/Developer/Xcode/DerivedData/TaxedGmbH_IOS-gerngfqzuwudosgobknlgtoawnlj/Build/Products/Debug-iphoneos/PackageFrameworks -F/Users/emanuelflury/Library/Developer/Xcode/DerivedData/TaxedGmbH_IOS-gerngfqzuwudosgobknlgtoawnlj/Build/Products/Debug-iphoneos/PackageFrameworks -F/Users/emanuelflury/Library/Developer/Xcode/DerivedData/TaxedGmbH_IOS-gerngfqzuwudosgobknlgtoawnlj/Build/Products/Debug-iphoneos/PackageFrameworks -F/Users/emanuelflury/Library/Developer/Xcode/DerivedData/TaxedGmbH_IOS-gerngfqzuwudosgobknlgtoawnlj/Build/Products/Debug-iphoneos -iframework /Applications/Xcode.app/Contents/Developer/Platforms/iPhoneOS.platform/Developer/Library/Frameworks -iframework /Applications/Xcode.app/Contents/Developer/Platforms/iPhoneOS.platform/Developer/SDKs/iPhoneOS26.1.sdk/Developer/Library/Frameworks '-fmodule-map-file=/Users/emanuelflury/Library/Developer/Xcode/DerivedData/TaxedGmbH_IOS-gerngfqzuwudosgobknlgtoawnlj/Build/Intermediates.noindex/GeneratedModuleMaps-iphoneos/GoogleUtilities-Network.modulemap' '-fmodule-map-file=/Users/emanuelflury/Library/Developer/Xcode/DerivedData/TaxedGmbH_IOS-gerngfqzuwudosgobknlgtoawnlj/Build/Intermediates.noindex/GeneratedModuleMaps-iphoneos/GoogleUtilities-Reachability.modulemap' '-fmodule-map-file=/Users/emanuelflury/Library/Developer/Xcode/DerivedData/TaxedGmbH_IOS-gerngfqzuwudosgobknlgtoawnlj/Build/Intermediates.noindex/GeneratedModuleMaps-iphoneos/GoogleUtilities-NSData.modulemap' '-fmodule-map-file=/Users/emanuelflury/Library/Developer/Xcode/DerivedData/TaxedGmbH_IOS-gerngfqzuwudosgobknlgtoawnlj/Build/Intermediates.noindex/GeneratedModuleMaps-iphoneos/GoogleUtilities-Logger.modulemap' '-fmodule-map-file=/Users/emanuelflury/Library/Developer/Xcode/DerivedData/TaxedGmbH_IOS-gerngfqzuwudosgobknlgtoawnlj/Build/Intermediates.noindex/GeneratedModuleMaps-iphoneos/GoogleUtilities-Environment.modulemap' '-fmodule-map-file=/Users/emanuelflury/Library/Developer/Xcode/DerivedData/TaxedGmbH_IOS-gerngfqzuwudosgobknlgtoawnlj/Build/Intermediates.noindex/GeneratedModuleMaps-iphoneos/third-party-IsAppEncrypted.modulemap' -DXcode

WriteAuxiliaryFile /Users/emanuelflury/Library/Developer/Xcode/DerivedData/TaxedGmbH_IOS-gerngfqzuwudosgobknlgtoawnlj/Build/Intermediates.noindex/GoogleUtilities.build/Debug-iphoneos/GoogleUtilities-AppDelegateSwizzler.build/Objects-normal/arm64/GoogleUtilities-AppDelegateSwizzler.LinkFileList (in target 'GoogleUtilities-AppDelegateSwizzler' from project 'GoogleUtilities')
    cd /Users/emanuelflury/Library/Developer/Xcode/DerivedData/TaxedGmbH_IOS-gerngfqzuwudosgobknlgtoawnlj/SourcePackages/checkouts/GoogleUtilities
    write-file /Users/emanuelflury/Library/Developer/Xcode/DerivedData/TaxedGmbH_IOS-gerngfqzuwudosgobknlgtoawnlj/Build/Intermediates.noindex/GoogleUtilities.build/Debug-iphoneos/GoogleUtilities-AppDelegateSwizzler.build/Objects-normal/arm64/GoogleUtilities-AppDelegateSwizzler.LinkFileList

WriteAuxiliaryFile /Users/emanuelflury/Library/Developer/Xcode/DerivedData/TaxedGmbH_IOS-gerngfqzuwudosgobknlgtoawnlj/Build/Intermediates.noindex/GoogleUtilities.build/Debug-iphoneos/GoogleUtilities-AppDelegateSwizzler.build/GoogleUtilities-AppDelegateSwizzler.DependencyStaticMetadataFileList (in target 'GoogleUtilities-AppDelegateSwizzler' from project 'GoogleUtilities')
    cd /Users/emanuelflury/Library/Developer/Xcode/DerivedData/TaxedGmbH_IOS-gerngfqzuwudosgobknlgtoawnlj/SourcePackages/checkouts/GoogleUtilities
    write-file /Users/emanuelflury/Library/Developer/Xcode/DerivedData/TaxedGmbH_IOS-gerngfqzuwudosgobknlgtoawnlj/Build/Intermediates.noindex/GoogleUtilities.build/Debug-iphoneos/GoogleUtilities-AppDelegateSwizzler.build/GoogleUtilities-AppDelegateSwizzler.DependencyStaticMetadataFileList

WriteAuxiliaryFile /Users/emanuelflury/Library/Developer/Xcode/DerivedData/TaxedGmbH_IOS-gerngfqzuwudosgobknlgtoawnlj/Build/Intermediates.noindex/GoogleUtilities.build/Debug-iphoneos/GoogleUtilities-AppDelegateSwizzler.build/GoogleUtilities-AppDelegateSwizzler.DependencyMetadataFileList (in target 'GoogleUtilities-AppDelegateSwizzler' from project 'GoogleUtilities')
    cd /Users/emanuelflury/Library/Developer/Xcode/DerivedData/TaxedGmbH_IOS-gerngfqzuwudosgobknlgtoawnlj/SourcePackages/checkouts/GoogleUtilities
    write-file /Users/emanuelflury/Library/Developer/Xcode/DerivedData/TaxedGmbH_IOS-gerngfqzuwudosgobknlgtoawnlj/Build/Intermediates.noindex/GoogleUtilities.build/Debug-iphoneos/GoogleUtilities-AppDelegateSwizzler.build/GoogleUtilities-AppDelegateSwizzler.DependencyMetadataFileList

WriteAuxiliaryFile /Users/emanuelflury/Library/Developer/Xcode/DerivedData/TaxedGmbH_IOS-gerngfqzuwudosgobknlgtoawnlj/Build/Intermediates.noindex/GoogleUtilities.build/Debug-iphoneos/GoogleUtilities-AppDelegateSwizzler.build/DerivedSources/resource_bundle_accessor.m (in target 'GoogleUtilities-AppDelegateSwizzler' from project 'GoogleUtilities')
    cd /Users/emanuelflury/Library/Developer/Xcode/DerivedData/TaxedGmbH_IOS-gerngfqzuwudosgobknlgtoawnlj/SourcePackages/checkouts/GoogleUtilities
    write-file /Users/emanuelflury/Library/Developer/Xcode/DerivedData/TaxedGmbH_IOS-gerngfqzuwudosgobknlgtoawnlj/Build/Intermediates.noindex/GoogleUtilities.build/Debug-iphoneos/GoogleUtilities-AppDelegateSwizzler.build/DerivedSources/resource_bundle_accessor.m

WriteAuxiliaryFile /Users/emanuelflury/Library/Developer/Xcode/DerivedData/TaxedGmbH_IOS-gerngfqzuwudosgobknlgtoawnlj/Build/Intermediates.noindex/GoogleUtilities.build/Debug-iphoneos/GoogleUtilities-AppDelegateSwizzler.build/DerivedSources/resource_bundle_accessor.h (in target 'GoogleUtilities-AppDelegateSwizzler' from project 'GoogleUtilities')
    cd /Users/emanuelflury/Library/Developer/Xcode/DerivedData/TaxedGmbH_IOS-gerngfqzuwudosgobknlgtoawnlj/SourcePackages/checkouts/GoogleUtilities
    write-file /Users/emanuelflury/Library/Developer/Xcode/DerivedData/TaxedGmbH_IOS-gerngfqzuwudosgobknlgtoawnlj/Build/Intermediates.noindex/GoogleUtilities.build/Debug-iphoneos/GoogleUtilities-AppDelegateSwizzler.build/DerivedSources/resource_bundle_accessor.h

WriteAuxiliaryFile /Users/emanuelflury/Library/Developer/Xcode/DerivedData/TaxedGmbH_IOS-gerngfqzuwudosgobknlgtoawnlj/Build/Intermediates.noindex/GoogleDataTransport.build/Debug-iphoneos/GoogleDataTransport_GoogleDataTransport.build/empty-GoogleDataTransport_GoogleDataTransport.plist (in target 'GoogleDataTransport_GoogleDataTransport' from project 'GoogleDataTransport')
    cd /Users/emanuelflury/Library/Developer/Xcode/DerivedData/TaxedGmbH_IOS-gerngfqzuwudosgobknlgtoawnlj/SourcePackages/checkouts/GoogleDataTransport
    write-file /Users/emanuelflury/Library/Developer/Xcode/DerivedData/TaxedGmbH_IOS-gerngfqzuwudosgobknlgtoawnlj/Build/Intermediates.noindex/GoogleDataTransport.build/Debug-iphoneos/GoogleDataTransport_GoogleDataTransport.build/empty-GoogleDataTransport_GoogleDataTransport.plist

WriteAuxiliaryFile /Users/emanuelflury/Library/Developer/Xcode/DerivedData/TaxedGmbH_IOS-gerngfqzuwudosgobknlgtoawnlj/Build/Intermediates.noindex/GoogleDataTransport.build/Debug-iphoneos/GoogleDataTransport_GoogleDataTransport.build/GoogleDataTransport_GoogleDataTransport.DependencyStaticMetadataFileList (in target 'GoogleDataTransport_GoogleDataTransport' from project 'GoogleDataTransport')
    cd /Users/emanuelflury/Library/Developer/Xcode/DerivedData/TaxedGmbH_IOS-gerngfqzuwudosgobknlgtoawnlj/SourcePackages/checkouts/GoogleDataTransport
    write-file /Users/emanuelflury/Library/Developer/Xcode/DerivedData/TaxedGmbH_IOS-gerngfqzuwudosgobknlgtoawnlj/Build/Intermediates.noindex/GoogleDataTransport.build/Debug-iphoneos/GoogleDataTransport_GoogleDataTransport.build/GoogleDataTransport_GoogleDataTransport.DependencyStaticMetadataFileList

WriteAuxiliaryFile /Users/emanuelflury/Library/Developer/Xcode/DerivedData/TaxedGmbH_IOS-gerngfqzuwudosgobknlgtoawnlj/Build/Intermediates.noindex/GoogleDataTransport.build/Debug-iphoneos/GoogleDataTransport_GoogleDataTransport.build/GoogleDataTransport_GoogleDataTransport.DependencyMetadataFileList (in target 'GoogleDataTransport_GoogleDataTransport' from project 'GoogleDataTransport')
    cd /Users/emanuelflury/Library/Developer/Xcode/DerivedData/TaxedGmbH_IOS-gerngfqzuwudosgobknlgtoawnlj/SourcePackages/checkouts/GoogleDataTransport
    write-file /Users/emanuelflury/Library/Developer/Xcode/DerivedData/TaxedGmbH_IOS-gerngfqzuwudosgobknlgtoawnlj/Build/Intermediates.noindex/GoogleDataTransport.build/Debug-iphoneos/GoogleDataTransport_GoogleDataTransport.build/GoogleDataTransport_GoogleDataTransport.DependencyMetadataFileList

WriteAuxiliaryFile /Users/emanuelflury/Library/Developer/Xcode/DerivedData/TaxedGmbH_IOS-gerngfqzuwudosgobknlgtoawnlj/Build/Intermediates.noindex/GoogleDataTransport.build/Debug-iphoneos/GoogleDataTransport.build/Objects-normal/arm64/e6072d4f65d7061329687fe24e3d63a7-common-args.resp (in target 'GoogleDataTransport' from project 'GoogleDataTransport')
    cd /Users/emanuelflury/Library/Developer/Xcode/DerivedData/TaxedGmbH_IOS-gerngfqzuwudosgobknlgtoawnlj/SourcePackages/checkouts/GoogleDataTransport
    write-file /Users/emanuelflury/Library/Developer/Xcode/DerivedData/TaxedGmbH_IOS-gerngfqzuwudosgobknlgtoawnlj/Build/Intermediates.noindex/GoogleDataTransport.build/Debug-iphoneos/GoogleDataTransport.build/Objects-normal/arm64/e6072d4f65d7061329687fe24e3d63a7-common-args.resp
-target arm64-apple-ios12.0 '-std=c99' -fobjc-arc -fmodules -gmodules '-fmodules-cache-path=/Users/emanuelflury/Library/Developer/Xcode/DerivedData/ModuleCache.noindex' '-fmodule-name=GoogleDataTransport' -fpascal-strings -O0 -DSWIFT_PACKAGE '-DDEBUG=1' '-DGDTCOR_VERSION=0.0.1' '-DPB_FIELD_32BIT=1' '-DPB_NO_PACKED_STRUCTS=1' '-DPB_ENABLE_MALLOC=1' '-DOBJC_OLD_DISPATCH_PROTOTYPES=1' -isysroot /Applications/Xcode.app/Contents/Developer/Platforms/iPhoneOS.platform/Developer/SDKs/iPhoneOS26.1.sdk -g -fprofile-instr-generate -fcoverage-mapping -I/Users/emanuelflury/Library/Developer/Xcode/DerivedData/TaxedGmbH_IOS-gerngfqzuwudosgobknlgtoawnlj/SourcePackages/checkouts/nanopb/spm_headers -I/Users/emanuelflury/Library/Developer/Xcode/DerivedData/TaxedGmbH_IOS-gerngfqzuwudosgobknlgtoawnlj/SourcePackages/checkouts/promises/Sources/FBLPromises/include -I/Users/emanuelflury/Library/Developer/Xcode/DerivedData/TaxedGmbH_IOS-gerngfqzuwudosgobknlgtoawnlj/Build/Products/Debug-iphoneos/include -I/Users/emanuelflury/Library/Developer/Xcode/DerivedData/TaxedGmbH_IOS-gerngfqzuwudosgobknlgtoawnlj/SourcePackages/checkouts/GoogleDataTransport/GoogleDataTransport/GDTCORLibrary/Public -I/Users/emanuelflury/Library/Developer/Xcode/DerivedData/TaxedGmbH_IOS-gerngfqzuwudosgobknlgtoawnlj/SourcePackages/checkouts/GoogleDataTransport -I/Users/emanuelflury/Library/Developer/Xcode/DerivedData/TaxedGmbH_IOS-gerngfqzuwudosgobknlgtoawnlj/Build/Intermediates.noindex/GoogleDataTransport.build/Debug-iphoneos/GoogleDataTransport.build/DerivedSources-normal/arm64 -I/Users/emanuelflury/Library/Developer/Xcode/DerivedData/TaxedGmbH_IOS-gerngfqzuwudosgobknlgtoawnlj/Build/Intermediates.noindex/GoogleDataTransport.build/Debug-iphoneos/GoogleDataTransport.build/DerivedSources/arm64 -I/Users/emanuelflury/Library/Developer/Xcode/DerivedData/TaxedGmbH_IOS-gerngfqzuwudosgobknlgtoawnlj/Build/Intermediates.noindex/GoogleDataTransport.build/Debug-iphoneos/GoogleDataTransport.build/DerivedSources -F/Users/emanuelflury/Library/Developer/Xcode/DerivedData/TaxedGmbH_IOS-gerngfqzuwudosgobknlgtoawnlj/Build/Products/Debug-iphoneos/PackageFrameworks -F/Users/emanuelflury/Library/Developer/Xcode/DerivedData/TaxedGmbH_IOS-gerngfqzuwudosgobknlgtoawnlj/Build/Products/Debug-iphoneos/PackageFrameworks -F/Users/emanuelflury/Library/Developer/Xcode/DerivedData/TaxedGmbH_IOS-gerngfqzuwudosgobknlgtoawnlj/Build/Products/Debug-iphoneos -iframework /Applications/Xcode.app/Contents/Developer/Platforms/iPhoneOS.platform/Developer/Library/Frameworks -iframework /Applications/Xcode.app/Contents/Developer/Platforms/iPhoneOS.platform/Developer/SDKs/iPhoneOS26.1.sdk/Developer/Library/Frameworks '-fmodule-map-file=/Users/emanuelflury/Library/Developer/Xcode/DerivedData/TaxedGmbH_IOS-gerngfqzuwudosgobknlgtoawnlj/Build/Intermediates.noindex/GeneratedModuleMaps-iphoneos/nanopb.modulemap' -DXcode

WriteAuxiliaryFile /Users/emanuelflury/Library/Developer/Xcode/DerivedData/TaxedGmbH_IOS-gerngfqzuwudosgobknlgtoawnlj/Build/Intermediates.noindex/GoogleDataTransport.build/Debug-iphoneos/GoogleDataTransport.build/Objects-normal/arm64/GoogleDataTransport.LinkFileList (in target 'GoogleDataTransport' from project 'GoogleDataTransport')
    cd /Users/emanuelflury/Library/Developer/Xcode/DerivedData/TaxedGmbH_IOS-gerngfqzuwudosgobknlgtoawnlj/SourcePackages/checkouts/GoogleDataTransport
    write-file /Users/emanuelflury/Library/Developer/Xcode/DerivedData/TaxedGmbH_IOS-gerngfqzuwudosgobknlgtoawnlj/Build/Intermediates.noindex/GoogleDataTransport.build/Debug-iphoneos/GoogleDataTransport.build/Objects-normal/arm64/GoogleDataTransport.LinkFileList

WriteAuxiliaryFile /Users/emanuelflury/Library/Developer/Xcode/DerivedData/TaxedGmbH_IOS-gerngfqzuwudosgobknlgtoawnlj/Build/Intermediates.noindex/GoogleDataTransport.build/Debug-iphoneos/GoogleDataTransport.build/GoogleDataTransport.modulemap (in target 'GoogleDataTransport' from project 'GoogleDataTransport')
    cd /Users/emanuelflury/Library/Developer/Xcode/DerivedData/TaxedGmbH_IOS-gerngfqzuwudosgobknlgtoawnlj/SourcePackages/checkouts/GoogleDataTransport
    write-file /Users/emanuelflury/Library/Developer/Xcode/DerivedData/TaxedGmbH_IOS-gerngfqzuwudosgobknlgtoawnlj/Build/Intermediates.noindex/GoogleDataTransport.build/Debug-iphoneos/GoogleDataTransport.build/GoogleDataTransport.modulemap

WriteAuxiliaryFile /Users/emanuelflury/Library/Developer/Xcode/DerivedData/TaxedGmbH_IOS-gerngfqzuwudosgobknlgtoawnlj/Build/Intermediates.noindex/GoogleDataTransport.build/Debug-iphoneos/GoogleDataTransport.build/Objects-normal/arm64/7187679823f38a2a940e0043cdf9d637-common-args.resp (in target 'GoogleDataTransport' from project 'GoogleDataTransport')
    cd /Users/emanuelflury/Library/Developer/Xcode/DerivedData/TaxedGmbH_IOS-gerngfqzuwudosgobknlgtoawnlj/SourcePackages/checkouts/GoogleDataTransport
    write-file /Users/emanuelflury/Library/Developer/Xcode/DerivedData/TaxedGmbH_IOS-gerngfqzuwudosgobknlgtoawnlj/Build/Intermediates.noindex/GoogleDataTransport.build/Debug-iphoneos/GoogleDataTransport.build/Objects-normal/arm64/7187679823f38a2a940e0043cdf9d637-common-args.resp
-target arm64-apple-ios12.0 '-std=c99' -fmodules -gmodules '-fmodules-cache-path=/Users/emanuelflury/Library/Developer/Xcode/DerivedData/ModuleCache.noindex' '-fmodule-name=GoogleDataTransport' -fpascal-strings -O0 -DSWIFT_PACKAGE '-DDEBUG=1' '-DGDTCOR_VERSION=0.0.1' '-DPB_FIELD_32BIT=1' '-DPB_NO_PACKED_STRUCTS=1' '-DPB_ENABLE_MALLOC=1' -isysroot /Applications/Xcode.app/Contents/Developer/Platforms/iPhoneOS.platform/Developer/SDKs/iPhoneOS26.1.sdk -g -fprofile-instr-generate -fcoverage-mapping -I/Users/emanuelflury/Library/Developer/Xcode/DerivedData/TaxedGmbH_IOS-gerngfqzuwudosgobknlgtoawnlj/SourcePackages/checkouts/nanopb/spm_headers -I/Users/emanuelflury/Library/Developer/Xcode/DerivedData/TaxedGmbH_IOS-gerngfqzuwudosgobknlgtoawnlj/SourcePackages/checkouts/promises/Sources/FBLPromises/include -I/Users/emanuelflury/Library/Developer/Xcode/DerivedData/TaxedGmbH_IOS-gerngfqzuwudosgobknlgtoawnlj/Build/Products/Debug-iphoneos/include -I/Users/emanuelflury/Library/Developer/Xcode/DerivedData/TaxedGmbH_IOS-gerngfqzuwudosgobknlgtoawnlj/SourcePackages/checkouts/GoogleDataTransport/GoogleDataTransport/GDTCORLibrary/Public -I/Users/emanuelflury/Library/Developer/Xcode/DerivedData/TaxedGmbH_IOS-gerngfqzuwudosgobknlgtoawnlj/SourcePackages/checkouts/GoogleDataTransport -I/Users/emanuelflury/Library/Developer/Xcode/DerivedData/TaxedGmbH_IOS-gerngfqzuwudosgobknlgtoawnlj/Build/Intermediates.noindex/GoogleDataTransport.build/Debug-iphoneos/GoogleDataTransport.build/DerivedSources-normal/arm64 -I/Users/emanuelflury/Library/Developer/Xcode/DerivedData/TaxedGmbH_IOS-gerngfqzuwudosgobknlgtoawnlj/Build/Intermediates.noindex/GoogleDataTransport.build/Debug-iphoneos/GoogleDataTransport.build/DerivedSources/arm64 -I/Users/emanuelflury/Library/Developer/Xcode/DerivedData/TaxedGmbH_IOS-gerngfqzuwudosgobknlgtoawnlj/Build/Intermediates.noindex/GoogleDataTransport.build/Debug-iphoneos/GoogleDataTransport.build/DerivedSources -F/Users/emanuelflury/Library/Developer/Xcode/DerivedData/TaxedGmbH_IOS-gerngfqzuwudosgobknlgtoawnlj/Build/Products/Debug-iphoneos/PackageFrameworks -F/Users/emanuelflury/Library/Developer/Xcode/DerivedData/TaxedGmbH_IOS-gerngfqzuwudosgobknlgtoawnlj/Build/Products/Debug-iphoneos/PackageFrameworks -F/Users/emanuelflury/Library/Developer/Xcode/DerivedData/TaxedGmbH_IOS-gerngfqzuwudosgobknlgtoawnlj/Build/Products/Debug-iphoneos -iframework /Applications/Xcode.app/Contents/Developer/Platforms/iPhoneOS.platform/Developer/Library/Frameworks -iframework /Applications/Xcode.app/Contents/Developer/Platforms/iPhoneOS.platform/Developer/SDKs/iPhoneOS26.1.sdk/Developer/Library/Frameworks '-fmodule-map-file=/Users/emanuelflury/Library/Developer/Xcode/DerivedData/TaxedGmbH_IOS-gerngfqzuwudosgobknlgtoawnlj/Build/Intermediates.noindex/GeneratedModuleMaps-iphoneos/nanopb.modulemap' -DXcode

WriteAuxiliaryFile /Users/emanuelflury/Library/Developer/Xcode/DerivedData/TaxedGmbH_IOS-gerngfqzuwudosgobknlgtoawnlj/Build/Intermediates.noindex/GoogleDataTransport.build/Debug-iphoneos/GoogleDataTransport.build/GoogleDataTransport.DependencyStaticMetadataFileList (in target 'GoogleDataTransport' from project 'GoogleDataTransport')
    cd /Users/emanuelflury/Library/Developer/Xcode/DerivedData/TaxedGmbH_IOS-gerngfqzuwudosgobknlgtoawnlj/SourcePackages/checkouts/GoogleDataTransport
    write-file /Users/emanuelflury/Library/Developer/Xcode/DerivedData/TaxedGmbH_IOS-gerngfqzuwudosgobknlgtoawnlj/Build/Intermediates.noindex/GoogleDataTransport.build/Debug-iphoneos/GoogleDataTransport.build/GoogleDataTransport.DependencyStaticMetadataFileList

WriteAuxiliaryFile /Users/emanuelflury/Library/Developer/Xcode/DerivedData/TaxedGmbH_IOS-gerngfqzuwudosgobknlgtoawnlj/Build/Intermediates.noindex/GoogleDataTransport.build/Debug-iphoneos/GoogleDataTransport.build/GoogleDataTransport.DependencyMetadataFileList (in target 'GoogleDataTransport' from project 'GoogleDataTransport')
    cd /Users/emanuelflury/Library/Developer/Xcode/DerivedData/TaxedGmbH_IOS-gerngfqzuwudosgobknlgtoawnlj/SourcePackages/checkouts/GoogleDataTransport
    write-file /Users/emanuelflury/Library/Developer/Xcode/DerivedData/TaxedGmbH_IOS-gerngfqzuwudosgobknlgtoawnlj/Build/Intermediates.noindex/GoogleDataTransport.build/Debug-iphoneos/GoogleDataTransport.build/GoogleDataTransport.DependencyMetadataFileList

WriteAuxiliaryFile /Users/emanuelflury/Library/Developer/Xcode/DerivedData/TaxedGmbH_IOS-gerngfqzuwudosgobknlgtoawnlj/Build/Intermediates.noindex/GoogleDataTransport.build/Debug-iphoneos/GoogleDataTransport.build/DerivedSources/resource_bundle_accessor.m (in target 'GoogleDataTransport' from project 'GoogleDataTransport')
    cd /Users/emanuelflury/Library/Developer/Xcode/DerivedData/TaxedGmbH_IOS-gerngfqzuwudosgobknlgtoawnlj/SourcePackages/checkouts/GoogleDataTransport
    write-file /Users/emanuelflury/Library/Developer/Xcode/DerivedData/TaxedGmbH_IOS-gerngfqzuwudosgobknlgtoawnlj/Build/Intermediates.noindex/GoogleDataTransport.build/Debug-iphoneos/GoogleDataTransport.build/DerivedSources/resource_bundle_accessor.m

WriteAuxiliaryFile /Users/emanuelflury/Library/Developer/Xcode/DerivedData/TaxedGmbH_IOS-gerngfqzuwudosgobknlgtoawnlj/Build/Intermediates.noindex/GoogleDataTransport.build/Debug-iphoneos/GoogleDataTransport.build/DerivedSources/resource_bundle_accessor.h (in target 'GoogleDataTransport' from project 'GoogleDataTransport')
    cd /Users/emanuelflury/Library/Developer/Xcode/DerivedData/TaxedGmbH_IOS-gerngfqzuwudosgobknlgtoawnlj/SourcePackages/checkouts/GoogleDataTransport
    write-file /Users/emanuelflury/Library/Developer/Xcode/DerivedData/TaxedGmbH_IOS-gerngfqzuwudosgobknlgtoawnlj/Build/Intermediates.noindex/GoogleDataTransport.build/Debug-iphoneos/GoogleDataTransport.build/DerivedSources/resource_bundle_accessor.h

WriteAuxiliaryFile /Users/emanuelflury/Library/Developer/Xcode/DerivedData/TaxedGmbH_IOS-gerngfqzuwudosgobknlgtoawnlj/Build/Intermediates.noindex/GTMSessionFetcher.build/Debug-iphoneos/GTMSessionFetcher_GTMSessionFetcherCore.build/empty-GTMSessionFetcher_GTMSessionFetcherCore.plist (in target 'GTMSessionFetcher_GTMSessionFetcherCore' from project 'GTMSessionFetcher')
    cd /Users/emanuelflury/Library/Developer/Xcode/DerivedData/TaxedGmbH_IOS-gerngfqzuwudosgobknlgtoawnlj/SourcePackages/checkouts/gtm-session-fetcher
    write-file /Users/emanuelflury/Library/Developer/Xcode/DerivedData/TaxedGmbH_IOS-gerngfqzuwudosgobknlgtoawnlj/Build/Intermediates.noindex/GTMSessionFetcher.build/Debug-iphoneos/GTMSessionFetcher_GTMSessionFetcherCore.build/empty-GTMSessionFetcher_GTMSessionFetcherCore.plist

WriteAuxiliaryFile /Users/emanuelflury/Library/Developer/Xcode/DerivedData/TaxedGmbH_IOS-gerngfqzuwudosgobknlgtoawnlj/Build/Intermediates.noindex/GTMSessionFetcher.build/Debug-iphoneos/GTMSessionFetcher_GTMSessionFetcherCore.build/GTMSessionFetcher_GTMSessionFetcherCore.DependencyStaticMetadataFileList (in target 'GTMSessionFetcher_GTMSessionFetcherCore' from project 'GTMSessionFetcher')
    cd /Users/emanuelflury/Library/Developer/Xcode/DerivedData/TaxedGmbH_IOS-gerngfqzuwudosgobknlgtoawnlj/SourcePackages/checkouts/gtm-session-fetcher
    write-file /Users/emanuelflury/Library/Developer/Xcode/DerivedData/TaxedGmbH_IOS-gerngfqzuwudosgobknlgtoawnlj/Build/Intermediates.noindex/GTMSessionFetcher.build/Debug-iphoneos/GTMSessionFetcher_GTMSessionFetcherCore.build/GTMSessionFetcher_GTMSessionFetcherCore.DependencyStaticMetadataFileList

WriteAuxiliaryFile /Users/emanuelflury/Library/Developer/Xcode/DerivedData/TaxedGmbH_IOS-gerngfqzuwudosgobknlgtoawnlj/Build/Intermediates.noindex/GTMSessionFetcher.build/Debug-iphoneos/GTMSessionFetcher_GTMSessionFetcherCore.build/GTMSessionFetcher_GTMSessionFetcherCore.DependencyMetadataFileList (in target 'GTMSessionFetcher_GTMSessionFetcherCore' from project 'GTMSessionFetcher')
    cd /Users/emanuelflury/Library/Developer/Xcode/DerivedData/TaxedGmbH_IOS-gerngfqzuwudosgobknlgtoawnlj/SourcePackages/checkouts/gtm-session-fetcher
    write-file /Users/emanuelflury/Library/Developer/Xcode/DerivedData/TaxedGmbH_IOS-gerngfqzuwudosgobknlgtoawnlj/Build/Intermediates.noindex/GTMSessionFetcher.build/Debug-iphoneos/GTMSessionFetcher_GTMSessionFetcherCore.build/GTMSessionFetcher_GTMSessionFetcherCore.DependencyMetadataFileList

WriteAuxiliaryFile /Users/emanuelflury/Library/Developer/Xcode/DerivedData/TaxedGmbH_IOS-gerngfqzuwudosgobknlgtoawnlj/Build/Intermediates.noindex/GTMSessionFetcher.build/Debug-iphoneos/GTMSessionFetcherCore.build/Objects-normal/arm64/e6072d4f65d7061329687fe24e3d63a7-common-args.resp (in target 'GTMSessionFetcherCore' from project 'GTMSessionFetcher')
    cd /Users/emanuelflury/Library/Developer/Xcode/DerivedData/TaxedGmbH_IOS-gerngfqzuwudosgobknlgtoawnlj/SourcePackages/checkouts/gtm-session-fetcher
    write-file /Users/emanuelflury/Library/Developer/Xcode/DerivedData/TaxedGmbH_IOS-gerngfqzuwudosgobknlgtoawnlj/Build/Intermediates.noindex/GTMSessionFetcher.build/Debug-iphoneos/GTMSessionFetcherCore.build/Objects-normal/arm64/e6072d4f65d7061329687fe24e3d63a7-common-args.resp
-target arm64-apple-ios12.0 -fobjc-arc -fmodules -gmodules '-fmodules-cache-path=/Users/emanuelflury/Library/Developer/Xcode/DerivedData/ModuleCache.noindex' '-fmodule-name=GTMSessionFetcherCore' -fpascal-strings -O0 -DSWIFT_PACKAGE '-DDEBUG=1' '-DOBJC_OLD_DISPATCH_PROTOTYPES=1' -isysroot /Applications/Xcode.app/Contents/Developer/Platforms/iPhoneOS.platform/Developer/SDKs/iPhoneOS26.1.sdk -g -fprofile-instr-generate -fcoverage-mapping -I/Users/emanuelflury/Library/Developer/Xcode/DerivedData/TaxedGmbH_IOS-gerngfqzuwudosgobknlgtoawnlj/Build/Products/Debug-iphoneos/include -I/Users/emanuelflury/Library/Developer/Xcode/DerivedData/TaxedGmbH_IOS-gerngfqzuwudosgobknlgtoawnlj/SourcePackages/checkouts/gtm-session-fetcher/Sources/Core/Public -I/Users/emanuelflury/Library/Developer/Xcode/DerivedData/TaxedGmbH_IOS-gerngfqzuwudosgobknlgtoawnlj/Build/Intermediates.noindex/GTMSessionFetcher.build/Debug-iphoneos/GTMSessionFetcherCore.build/DerivedSources-normal/arm64 -I/Users/emanuelflury/Library/Developer/Xcode/DerivedData/TaxedGmbH_IOS-gerngfqzuwudosgobknlgtoawnlj/Build/Intermediates.noindex/GTMSessionFetcher.build/Debug-iphoneos/GTMSessionFetcherCore.build/DerivedSources/arm64 -I/Users/emanuelflury/Library/Developer/Xcode/DerivedData/TaxedGmbH_IOS-gerngfqzuwudosgobknlgtoawnlj/Build/Intermediates.noindex/GTMSessionFetcher.build/Debug-iphoneos/GTMSessionFetcherCore.build/DerivedSources -F/Users/emanuelflury/Library/Developer/Xcode/DerivedData/TaxedGmbH_IOS-gerngfqzuwudosgobknlgtoawnlj/Build/Products/Debug-iphoneos -iframework /Applications/Xcode.app/Contents/Developer/Platforms/iPhoneOS.platform/Developer/Library/Frameworks -iframework /Applications/Xcode.app/Contents/Developer/Platforms/iPhoneOS.platform/Developer/SDKs/iPhoneOS26.1.sdk/Developer/Library/Frameworks -DXcode

WriteAuxiliaryFile /Users/emanuelflury/Library/Developer/Xcode/DerivedData/TaxedGmbH_IOS-gerngfqzuwudosgobknlgtoawnlj/Build/Intermediates.noindex/GTMSessionFetcher.build/Debug-iphoneos/GTMSessionFetcherCore.build/Objects-normal/arm64/GTMSessionFetcherCore.LinkFileList (in target 'GTMSessionFetcherCore' from project 'GTMSessionFetcher')
    cd /Users/emanuelflury/Library/Developer/Xcode/DerivedData/TaxedGmbH_IOS-gerngfqzuwudosgobknlgtoawnlj/SourcePackages/checkouts/gtm-session-fetcher
    write-file /Users/emanuelflury/Library/Developer/Xcode/DerivedData/TaxedGmbH_IOS-gerngfqzuwudosgobknlgtoawnlj/Build/Intermediates.noindex/GTMSessionFetcher.build/Debug-iphoneos/GTMSessionFetcherCore.build/Objects-normal/arm64/GTMSessionFetcherCore.LinkFileList

WriteAuxiliaryFile /Users/emanuelflury/Library/Developer/Xcode/DerivedData/TaxedGmbH_IOS-gerngfqzuwudosgobknlgtoawnlj/Build/Intermediates.noindex/GTMSessionFetcher.build/Debug-iphoneos/GTMSessionFetcherCore.build/GTMSessionFetcherCore.modulemap (in target 'GTMSessionFetcherCore' from project 'GTMSessionFetcher')
    cd /Users/emanuelflury/Library/Developer/Xcode/DerivedData/TaxedGmbH_IOS-gerngfqzuwudosgobknlgtoawnlj/SourcePackages/checkouts/gtm-session-fetcher
    write-file /Users/emanuelflury/Library/Developer/Xcode/DerivedData/TaxedGmbH_IOS-gerngfqzuwudosgobknlgtoawnlj/Build/Intermediates.noindex/GTMSessionFetcher.build/Debug-iphoneos/GTMSessionFetcherCore.build/GTMSessionFetcherCore.modulemap

WriteAuxiliaryFile /Users/emanuelflury/Library/Developer/Xcode/DerivedData/TaxedGmbH_IOS-gerngfqzuwudosgobknlgtoawnlj/Build/Intermediates.noindex/GTMSessionFetcher.build/Debug-iphoneos/GTMSessionFetcherCore.build/GTMSessionFetcherCore.DependencyStaticMetadataFileList (in target 'GTMSessionFetcherCore' from project 'GTMSessionFetcher')
    cd /Users/emanuelflury/Library/Developer/Xcode/DerivedData/TaxedGmbH_IOS-gerngfqzuwudosgobknlgtoawnlj/SourcePackages/checkouts/gtm-session-fetcher
    write-file /Users/emanuelflury/Library/Developer/Xcode/DerivedData/TaxedGmbH_IOS-gerngfqzuwudosgobknlgtoawnlj/Build/Intermediates.noindex/GTMSessionFetcher.build/Debug-iphoneos/GTMSessionFetcherCore.build/GTMSessionFetcherCore.DependencyStaticMetadataFileList

WriteAuxiliaryFile /Users/emanuelflury/Library/Developer/Xcode/DerivedData/TaxedGmbH_IOS-gerngfqzuwudosgobknlgtoawnlj/Build/Intermediates.noindex/GTMSessionFetcher.build/Debug-iphoneos/GTMSessionFetcherCore.build/GTMSessionFetcherCore.DependencyMetadataFileList (in target 'GTMSessionFetcherCore' from project 'GTMSessionFetcher')
    cd /Users/emanuelflury/Library/Developer/Xcode/DerivedData/TaxedGmbH_IOS-gerngfqzuwudosgobknlgtoawnlj/SourcePackages/checkouts/gtm-session-fetcher
    write-file /Users/emanuelflury/Library/Developer/Xcode/DerivedData/TaxedGmbH_IOS-gerngfqzuwudosgobknlgtoawnlj/Build/Intermediates.noindex/GTMSessionFetcher.build/Debug-iphoneos/GTMSessionFetcherCore.build/GTMSessionFetcherCore.DependencyMetadataFileList

WriteAuxiliaryFile /Users/emanuelflury/Library/Developer/Xcode/DerivedData/TaxedGmbH_IOS-gerngfqzuwudosgobknlgtoawnlj/Build/Intermediates.noindex/GTMSessionFetcher.build/Debug-iphoneos/GTMSessionFetcherCore.build/DerivedSources/resource_bundle_accessor.m (in target 'GTMSessionFetcherCore' from project 'GTMSessionFetcher')
    cd /Users/emanuelflury/Library/Developer/Xcode/DerivedData/TaxedGmbH_IOS-gerngfqzuwudosgobknlgtoawnlj/SourcePackages/checkouts/gtm-session-fetcher
    write-file /Users/emanuelflury/Library/Developer/Xcode/DerivedData/TaxedGmbH_IOS-gerngfqzuwudosgobknlgtoawnlj/Build/Intermediates.noindex/GTMSessionFetcher.build/Debug-iphoneos/GTMSessionFetcherCore.build/DerivedSources/resource_bundle_accessor.m

WriteAuxiliaryFile /Users/emanuelflury/Library/Developer/Xcode/DerivedData/TaxedGmbH_IOS-gerngfqzuwudosgobknlgtoawnlj/Build/Intermediates.noindex/GTMSessionFetcher.build/Debug-iphoneos/GTMSessionFetcherCore.build/DerivedSources/resource_bundle_accessor.h (in target 'GTMSessionFetcherCore' from project 'GTMSessionFetcher')
    cd /Users/emanuelflury/Library/Developer/Xcode/DerivedData/TaxedGmbH_IOS-gerngfqzuwudosgobknlgtoawnlj/SourcePackages/checkouts/gtm-session-fetcher
    write-file /Users/emanuelflury/Library/Developer/Xcode/DerivedData/TaxedGmbH_IOS-gerngfqzuwudosgobknlgtoawnlj/Build/Intermediates.noindex/GTMSessionFetcher.build/Debug-iphoneos/GTMSessionFetcherCore.build/DerivedSources/resource_bundle_accessor.h

WriteAuxiliaryFile /Users/emanuelflury/Library/Developer/Xcode/DerivedData/TaxedGmbH_IOS-gerngfqzuwudosgobknlgtoawnlj/Build/Intermediates.noindex/Firebase.build/Debug-iphoneos/Firebase_FirebaseMessaging.build/empty-Firebase_FirebaseMessaging.plist (in target 'Firebase_FirebaseMessaging' from project 'Firebase')
    cd /Users/emanuelflury/Library/Developer/Xcode/DerivedData/TaxedGmbH_IOS-gerngfqzuwudosgobknlgtoawnlj/SourcePackages/checkouts/firebase-ios-sdk
    write-file /Users/emanuelflury/Library/Developer/Xcode/DerivedData/TaxedGmbH_IOS-gerngfqzuwudosgobknlgtoawnlj/Build/Intermediates.noindex/Firebase.build/Debug-iphoneos/Firebase_FirebaseMessaging.build/empty-Firebase_FirebaseMessaging.plist

WriteAuxiliaryFile /Users/emanuelflury/Library/Developer/Xcode/DerivedData/TaxedGmbH_IOS-gerngfqzuwudosgobknlgtoawnlj/Build/Intermediates.noindex/Firebase.build/Debug-iphoneos/Firebase_FirebaseMessaging.build/Firebase_FirebaseMessaging.DependencyStaticMetadataFileList (in target 'Firebase_FirebaseMessaging' from project 'Firebase')
    cd /Users/emanuelflury/Library/Developer/Xcode/DerivedData/TaxedGmbH_IOS-gerngfqzuwudosgobknlgtoawnlj/SourcePackages/checkouts/firebase-ios-sdk
    write-file /Users/emanuelflury/Library/Developer/Xcode/DerivedData/TaxedGmbH_IOS-gerngfqzuwudosgobknlgtoawnlj/Build/Intermediates.noindex/Firebase.build/Debug-iphoneos/Firebase_FirebaseMessaging.build/Firebase_FirebaseMessaging.DependencyStaticMetadataFileList

WriteAuxiliaryFile /Users/emanuelflury/Library/Developer/Xcode/DerivedData/TaxedGmbH_IOS-gerngfqzuwudosgobknlgtoawnlj/Build/Intermediates.noindex/Firebase.build/Debug-iphoneos/Firebase_FirebaseMessaging.build/Firebase_FirebaseMessaging.DependencyMetadataFileList (in target 'Firebase_FirebaseMessaging' from project 'Firebase')
    cd /Users/emanuelflury/Library/Developer/Xcode/DerivedData/TaxedGmbH_IOS-gerngfqzuwudosgobknlgtoawnlj/SourcePackages/checkouts/firebase-ios-sdk
    write-file /Users/emanuelflury/Library/Developer/Xcode/DerivedData/TaxedGmbH_IOS-gerngfqzuwudosgobknlgtoawnlj/Build/Intermediates.noindex/Firebase.build/Debug-iphoneos/Firebase_FirebaseMessaging.build/Firebase_FirebaseMessaging.DependencyMetadataFileList

WriteAuxiliaryFile /Users/emanuelflury/Library/Developer/Xcode/DerivedData/TaxedGmbH_IOS-gerngfqzuwudosgobknlgtoawnlj/Build/Intermediates.noindex/Firebase.build/Debug-iphoneos/Firebase_FirebaseInstallations.build/Firebase_FirebaseInstallations.DependencyMetadataFileList (in target 'Firebase_FirebaseInstallations' from project 'Firebase')
    cd /Users/emanuelflury/Library/Developer/Xcode/DerivedData/TaxedGmbH_IOS-gerngfqzuwudosgobknlgtoawnlj/SourcePackages/checkouts/firebase-ios-sdk
    write-file /Users/emanuelflury/Library/Developer/Xcode/DerivedData/TaxedGmbH_IOS-gerngfqzuwudosgobknlgtoawnlj/Build/Intermediates.noindex/Firebase.build/Debug-iphoneos/Firebase_FirebaseInstallations.build/Firebase_FirebaseInstallations.DependencyMetadataFileList

WriteAuxiliaryFile /Users/emanuelflury/Library/Developer/Xcode/DerivedData/TaxedGmbH_IOS-gerngfqzuwudosgobknlgtoawnlj/Build/Intermediates.noindex/Firebase.build/Debug-iphoneos/Firebase_FirebaseInstallations.build/Firebase_FirebaseInstallations.DependencyStaticMetadataFileList (in target 'Firebase_FirebaseInstallations' from project 'Firebase')
    cd /Users/emanuelflury/Library/Developer/Xcode/DerivedData/TaxedGmbH_IOS-gerngfqzuwudosgobknlgtoawnlj/SourcePackages/checkouts/firebase-ios-sdk
    write-file /Users/emanuelflury/Library/Developer/Xcode/DerivedData/TaxedGmbH_IOS-gerngfqzuwudosgobknlgtoawnlj/Build/Intermediates.noindex/Firebase.build/Debug-iphoneos/Firebase_FirebaseInstallations.build/Firebase_FirebaseInstallations.DependencyStaticMetadataFileList

WriteAuxiliaryFile /Users/emanuelflury/Library/Developer/Xcode/DerivedData/TaxedGmbH_IOS-gerngfqzuwudosgobknlgtoawnlj/Build/Intermediates.noindex/Firebase.build/Debug-iphoneos/Firebase_FirebaseInstallations.build/empty-Firebase_FirebaseInstallations.plist (in target 'Firebase_FirebaseInstallations' from project 'Firebase')
    cd /Users/emanuelflury/Library/Developer/Xcode/DerivedData/TaxedGmbH_IOS-gerngfqzuwudosgobknlgtoawnlj/SourcePackages/checkouts/firebase-ios-sdk
    write-file /Users/emanuelflury/Library/Developer/Xcode/DerivedData/TaxedGmbH_IOS-gerngfqzuwudosgobknlgtoawnlj/Build/Intermediates.noindex/Firebase.build/Debug-iphoneos/Firebase_FirebaseInstallations.build/empty-Firebase_FirebaseInstallations.plist

WriteAuxiliaryFile /Users/emanuelflury/Library/Developer/Xcode/DerivedData/TaxedGmbH_IOS-gerngfqzuwudosgobknlgtoawnlj/Build/Intermediates.noindex/Firebase.build/Debug-iphoneos/Firebase_FirebaseFirestore.build/Firebase_FirebaseFirestore.DependencyStaticMetadataFileList (in target 'Firebase_FirebaseFirestore' from project 'Firebase')
    cd /Users/emanuelflury/Library/Developer/Xcode/DerivedData/TaxedGmbH_IOS-gerngfqzuwudosgobknlgtoawnlj/SourcePackages/checkouts/firebase-ios-sdk
    write-file /Users/emanuelflury/Library/Developer/Xcode/DerivedData/TaxedGmbH_IOS-gerngfqzuwudosgobknlgtoawnlj/Build/Intermediates.noindex/Firebase.build/Debug-iphoneos/Firebase_FirebaseFirestore.build/Firebase_FirebaseFirestore.DependencyStaticMetadataFileList

WriteAuxiliaryFile /Users/emanuelflury/Library/Developer/Xcode/DerivedData/TaxedGmbH_IOS-gerngfqzuwudosgobknlgtoawnlj/Build/Intermediates.noindex/Firebase.build/Debug-iphoneos/Firebase_FirebaseFirestore.build/empty-Firebase_FirebaseFirestore.plist (in target 'Firebase_FirebaseFirestore' from project 'Firebase')
    cd /Users/emanuelflury/Library/Developer/Xcode/DerivedData/TaxedGmbH_IOS-gerngfqzuwudosgobknlgtoawnlj/SourcePackages/checkouts/firebase-ios-sdk
    write-file /Users/emanuelflury/Library/Developer/Xcode/DerivedData/TaxedGmbH_IOS-gerngfqzuwudosgobknlgtoawnlj/Build/Intermediates.noindex/Firebase.build/Debug-iphoneos/Firebase_FirebaseFirestore.build/empty-Firebase_FirebaseFirestore.plist

WriteAuxiliaryFile /Users/emanuelflury/Library/Developer/Xcode/DerivedData/TaxedGmbH_IOS-gerngfqzuwudosgobknlgtoawnlj/Build/Intermediates.noindex/Firebase.build/Debug-iphoneos/Firebase_FirebaseFirestore.build/Firebase_FirebaseFirestore.DependencyMetadataFileList (in target 'Firebase_FirebaseFirestore' from project 'Firebase')
    cd /Users/emanuelflury/Library/Developer/Xcode/DerivedData/TaxedGmbH_IOS-gerngfqzuwudosgobknlgtoawnlj/SourcePackages/checkouts/firebase-ios-sdk
    write-file /Users/emanuelflury/Library/Developer/Xcode/DerivedData/TaxedGmbH_IOS-gerngfqzuwudosgobknlgtoawnlj/Build/Intermediates.noindex/Firebase.build/Debug-iphoneos/Firebase_FirebaseFirestore.build/Firebase_FirebaseFirestore.DependencyMetadataFileList

WriteAuxiliaryFile /Users/emanuelflury/Library/Developer/Xcode/DerivedData/TaxedGmbH_IOS-gerngfqzuwudosgobknlgtoawnlj/Build/Intermediates.noindex/Firebase.build/Debug-iphoneos/Firebase_FirebaseCoreInternal.build/empty-Firebase_FirebaseCoreInternal.plist (in target 'Firebase_FirebaseCoreInternal' from project 'Firebase')
    cd /Users/emanuelflury/Library/Developer/Xcode/DerivedData/TaxedGmbH_IOS-gerngfqzuwudosgobknlgtoawnlj/SourcePackages/checkouts/firebase-ios-sdk
    write-file /Users/emanuelflury/Library/Developer/Xcode/DerivedData/TaxedGmbH_IOS-gerngfqzuwudosgobknlgtoawnlj/Build/Intermediates.noindex/Firebase.build/Debug-iphoneos/Firebase_FirebaseCoreInternal.build/empty-Firebase_FirebaseCoreInternal.plist

WriteAuxiliaryFile /Users/emanuelflury/Library/Developer/Xcode/DerivedData/TaxedGmbH_IOS-gerngfqzuwudosgobknlgtoawnlj/Build/Intermediates.noindex/Firebase.build/Debug-iphoneos/Firebase_FirebaseCoreInternal.build/Firebase_FirebaseCoreInternal.DependencyStaticMetadataFileList (in target 'Firebase_FirebaseCoreInternal' from project 'Firebase')
    cd /Users/emanuelflury/Library/Developer/Xcode/DerivedData/TaxedGmbH_IOS-gerngfqzuwudosgobknlgtoawnlj/SourcePackages/checkouts/firebase-ios-sdk
    write-file /Users/emanuelflury/Library/Developer/Xcode/DerivedData/TaxedGmbH_IOS-gerngfqzuwudosgobknlgtoawnlj/Build/Intermediates.noindex/Firebase.build/Debug-iphoneos/Firebase_FirebaseCoreInternal.build/Firebase_FirebaseCoreInternal.DependencyStaticMetadataFileList

WriteAuxiliaryFile /Users/emanuelflury/Library/Developer/Xcode/DerivedData/TaxedGmbH_IOS-gerngfqzuwudosgobknlgtoawnlj/Build/Intermediates.noindex/Firebase.build/Debug-iphoneos/Firebase_FirebaseCoreInternal.build/Firebase_FirebaseCoreInternal.DependencyMetadataFileList (in target 'Firebase_FirebaseCoreInternal' from project 'Firebase')
    cd /Users/emanuelflury/Library/Developer/Xcode/DerivedData/TaxedGmbH_IOS-gerngfqzuwudosgobknlgtoawnlj/SourcePackages/checkouts/firebase-ios-sdk
    write-file /Users/emanuelflury/Library/Developer/Xcode/DerivedData/TaxedGmbH_IOS-gerngfqzuwudosgobknlgtoawnlj/Build/Intermediates.noindex/Firebase.build/Debug-iphoneos/Firebase_FirebaseCoreInternal.build/Firebase_FirebaseCoreInternal.DependencyMetadataFileList

WriteAuxiliaryFile /Users/emanuelflury/Library/Developer/Xcode/DerivedData/TaxedGmbH_IOS-gerngfqzuwudosgobknlgtoawnlj/Build/Intermediates.noindex/Firebase.build/Debug-iphoneos/Firebase_FirebaseCoreExtension.build/empty-Firebase_FirebaseCoreExtension.plist (in target 'Firebase_FirebaseCoreExtension' from project 'Firebase')
    cd /Users/emanuelflury/Library/Developer/Xcode/DerivedData/TaxedGmbH_IOS-gerngfqzuwudosgobknlgtoawnlj/SourcePackages/checkouts/firebase-ios-sdk
    write-file /Users/emanuelflury/Library/Developer/Xcode/DerivedData/TaxedGmbH_IOS-gerngfqzuwudosgobknlgtoawnlj/Build/Intermediates.noindex/Firebase.build/Debug-iphoneos/Firebase_FirebaseCoreExtension.build/empty-Firebase_FirebaseCoreExtension.plist

WriteAuxiliaryFile /Users/emanuelflury/Library/Developer/Xcode/DerivedData/TaxedGmbH_IOS-gerngfqzuwudosgobknlgtoawnlj/Build/Intermediates.noindex/Firebase.build/Debug-iphoneos/Firebase_FirebaseCoreExtension.build/Firebase_FirebaseCoreExtension.DependencyStaticMetadataFileList (in target 'Firebase_FirebaseCoreExtension' from project 'Firebase')
    cd /Users/emanuelflury/Library/Developer/Xcode/DerivedData/TaxedGmbH_IOS-gerngfqzuwudosgobknlgtoawnlj/SourcePackages/checkouts/firebase-ios-sdk
    write-file /Users/emanuelflury/Library/Developer/Xcode/DerivedData/TaxedGmbH_IOS-gerngfqzuwudosgobknlgtoawnlj/Build/Intermediates.noindex/Firebase.build/Debug-iphoneos/Firebase_FirebaseCoreExtension.build/Firebase_FirebaseCoreExtension.DependencyStaticMetadataFileList

WriteAuxiliaryFile /Users/emanuelflury/Library/Developer/Xcode/DerivedData/TaxedGmbH_IOS-gerngfqzuwudosgobknlgtoawnlj/Build/Intermediates.noindex/Firebase.build/Debug-iphoneos/Firebase_FirebaseCoreExtension.build/Firebase_FirebaseCoreExtension.DependencyMetadataFileList (in target 'Firebase_FirebaseCoreExtension' from project 'Firebase')
    cd /Users/emanuelflury/Library/Developer/Xcode/DerivedData/TaxedGmbH_IOS-gerngfqzuwudosgobknlgtoawnlj/SourcePackages/checkouts/firebase-ios-sdk
    write-file /Users/emanuelflury/Library/Developer/Xcode/DerivedData/TaxedGmbH_IOS-gerngfqzuwudosgobknlgtoawnlj/Build/Intermediates.noindex/Firebase.build/Debug-iphoneos/Firebase_FirebaseCoreExtension.build/Firebase_FirebaseCoreExtension.DependencyMetadataFileList

WriteAuxiliaryFile /Users/emanuelflury/Library/Developer/Xcode/DerivedData/TaxedGmbH_IOS-gerngfqzuwudosgobknlgtoawnlj/Build/Intermediates.noindex/Firebase.build/Debug-iphoneos/Firebase_FirebaseCore.build/empty-Firebase_FirebaseCore.plist (in target 'Firebase_FirebaseCore' from project 'Firebase')
    cd /Users/emanuelflury/Library/Developer/Xcode/DerivedData/TaxedGmbH_IOS-gerngfqzuwudosgobknlgtoawnlj/SourcePackages/checkouts/firebase-ios-sdk
    write-file /Users/emanuelflury/Library/Developer/Xcode/DerivedData/TaxedGmbH_IOS-gerngfqzuwudosgobknlgtoawnlj/Build/Intermediates.noindex/Firebase.build/Debug-iphoneos/Firebase_FirebaseCore.build/empty-Firebase_FirebaseCore.plist

WriteAuxiliaryFile /Users/emanuelflury/Library/Developer/Xcode/DerivedData/TaxedGmbH_IOS-gerngfqzuwudosgobknlgtoawnlj/Build/Intermediates.noindex/Firebase.build/Debug-iphoneos/Firebase_FirebaseCore.build/Firebase_FirebaseCore.DependencyStaticMetadataFileList (in target 'Firebase_FirebaseCore' from project 'Firebase')
    cd /Users/emanuelflury/Library/Developer/Xcode/DerivedData/TaxedGmbH_IOS-gerngfqzuwudosgobknlgtoawnlj/SourcePackages/checkouts/firebase-ios-sdk
    write-file /Users/emanuelflury/Library/Developer/Xcode/DerivedData/TaxedGmbH_IOS-gerngfqzuwudosgobknlgtoawnlj/Build/Intermediates.noindex/Firebase.build/Debug-iphoneos/Firebase_FirebaseCore.build/Firebase_FirebaseCore.DependencyStaticMetadataFileList

WriteAuxiliaryFile /Users/emanuelflury/Library/Developer/Xcode/DerivedData/TaxedGmbH_IOS-gerngfqzuwudosgobknlgtoawnlj/Build/Intermediates.noindex/Firebase.build/Debug-iphoneos/Firebase_FirebaseCore.build/Firebase_FirebaseCore.DependencyMetadataFileList (in target 'Firebase_FirebaseCore' from project 'Firebase')
    cd /Users/emanuelflury/Library/Developer/Xcode/DerivedData/TaxedGmbH_IOS-gerngfqzuwudosgobknlgtoawnlj/SourcePackages/checkouts/firebase-ios-sdk
    write-file /Users/emanuelflury/Library/Developer/Xcode/DerivedData/TaxedGmbH_IOS-gerngfqzuwudosgobknlgtoawnlj/Build/Intermediates.noindex/Firebase.build/Debug-iphoneos/Firebase_FirebaseCore.build/Firebase_FirebaseCore.DependencyMetadataFileList

WriteAuxiliaryFile /Users/emanuelflury/Library/Developer/Xcode/DerivedData/TaxedGmbH_IOS-gerngfqzuwudosgobknlgtoawnlj/Build/Intermediates.noindex/Firebase.build/Debug-iphoneos/Firebase_FirebaseAuth.build/empty-Firebase_FirebaseAuth.plist (in target 'Firebase_FirebaseAuth' from project 'Firebase')
    cd /Users/emanuelflury/Library/Developer/Xcode/DerivedData/TaxedGmbH_IOS-gerngfqzuwudosgobknlgtoawnlj/SourcePackages/checkouts/firebase-ios-sdk
    write-file /Users/emanuelflury/Library/Developer/Xcode/DerivedData/TaxedGmbH_IOS-gerngfqzuwudosgobknlgtoawnlj/Build/Intermediates.noindex/Firebase.build/Debug-iphoneos/Firebase_FirebaseAuth.build/empty-Firebase_FirebaseAuth.plist

WriteAuxiliaryFile /Users/emanuelflury/Library/Developer/Xcode/DerivedData/TaxedGmbH_IOS-gerngfqzuwudosgobknlgtoawnlj/Build/Intermediates.noindex/Firebase.build/Debug-iphoneos/Firebase_FirebaseAuth.build/Firebase_FirebaseAuth.DependencyStaticMetadataFileList (in target 'Firebase_FirebaseAuth' from project 'Firebase')
    cd /Users/emanuelflury/Library/Developer/Xcode/DerivedData/TaxedGmbH_IOS-gerngfqzuwudosgobknlgtoawnlj/SourcePackages/checkouts/firebase-ios-sdk
    write-file /Users/emanuelflury/Library/Developer/Xcode/DerivedData/TaxedGmbH_IOS-gerngfqzuwudosgobknlgtoawnlj/Build/Intermediates.noindex/Firebase.build/Debug-iphoneos/Firebase_FirebaseAuth.build/Firebase_FirebaseAuth.DependencyStaticMetadataFileList

WriteAuxiliaryFile /Users/emanuelflury/Library/Developer/Xcode/DerivedData/TaxedGmbH_IOS-gerngfqzuwudosgobknlgtoawnlj/Build/Intermediates.noindex/Firebase.build/Debug-iphoneos/Firebase_FirebaseAuth.build/Firebase_FirebaseAuth.DependencyMetadataFileList (in target 'Firebase_FirebaseAuth' from project 'Firebase')
    cd /Users/emanuelflury/Library/Developer/Xcode/DerivedData/TaxedGmbH_IOS-gerngfqzuwudosgobknlgtoawnlj/SourcePackages/checkouts/firebase-ios-sdk
    write-file /Users/emanuelflury/Library/Developer/Xcode/DerivedData/TaxedGmbH_IOS-gerngfqzuwudosgobknlgtoawnlj/Build/Intermediates.noindex/Firebase.build/Debug-iphoneos/Firebase_FirebaseAuth.build/Firebase_FirebaseAuth.DependencyMetadataFileList

Copy /Users/emanuelflury/Library/Developer/Xcode/DerivedData/TaxedGmbH_IOS-gerngfqzuwudosgobknlgtoawnlj/Build/Intermediates.noindex/GeneratedModuleMaps-iphoneos/third-party-IsAppEncrypted.modulemap /Users/emanuelflury/Library/Developer/Xcode/DerivedData/TaxedGmbH_IOS-gerngfqzuwudosgobknlgtoawnlj/Build/Intermediates.noindex/GoogleUtilities.build/Debug-iphoneos/third-party-IsAppEncrypted.build/third-party-IsAppEncrypted.modulemap (in target 'third-party-IsAppEncrypted' from project 'GoogleUtilities')
    cd /Users/emanuelflury/Library/Developer/Xcode/DerivedData/TaxedGmbH_IOS-gerngfqzuwudosgobknlgtoawnlj/SourcePackages/checkouts/GoogleUtilities
    builtin-copy -exclude .DS_Store -exclude CVS -exclude .svn -exclude .git -exclude .hg -resolve-src-symlinks /Users/emanuelflury/Library/Developer/Xcode/DerivedData/TaxedGmbH_IOS-gerngfqzuwudosgobknlgtoawnlj/Build/Intermediates.noindex/GoogleUtilities.build/Debug-iphoneos/third-party-IsAppEncrypted.build/third-party-IsAppEncrypted.modulemap /Users/emanuelflury/Library/Developer/Xcode/DerivedData/TaxedGmbH_IOS-gerngfqzuwudosgobknlgtoawnlj/Build/Intermediates.noindex/GeneratedModuleMaps-iphoneos

WriteAuxiliaryFile /Users/emanuelflury/Library/Developer/Xcode/DerivedData/TaxedGmbH_IOS-gerngfqzuwudosgobknlgtoawnlj/Build/Intermediates.noindex/Firebase.build/Debug-iphoneos/FirebaseStorage.build/Objects-normal/arm64/FirebaseStorage_const_extract_protocols.json (in target 'FirebaseStorage' from project 'Firebase')
    cd /Users/emanuelflury/Library/Developer/Xcode/DerivedData/TaxedGmbH_IOS-gerngfqzuwudosgobknlgtoawnlj/SourcePackages/checkouts/firebase-ios-sdk
    write-file /Users/emanuelflury/Library/Developer/Xcode/DerivedData/TaxedGmbH_IOS-gerngfqzuwudosgobknlgtoawnlj/Build/Intermediates.noindex/Firebase.build/Debug-iphoneos/FirebaseStorage.build/Objects-normal/arm64/FirebaseStorage_const_extract_protocols.json

WriteAuxiliaryFile /Users/emanuelflury/Library/Developer/Xcode/DerivedData/TaxedGmbH_IOS-gerngfqzuwudosgobknlgtoawnlj/Build/Intermediates.noindex/Firebase.build/Debug-iphoneos/FirebaseStorage.build/Objects-normal/arm64/FirebaseStorage.SwiftFileList (in target 'FirebaseStorage' from project 'Firebase')
    cd /Users/emanuelflury/Library/Developer/Xcode/DerivedData/TaxedGmbH_IOS-gerngfqzuwudosgobknlgtoawnlj/SourcePackages/checkouts/firebase-ios-sdk
    write-file /Users/emanuelflury/Library/Developer/Xcode/DerivedData/TaxedGmbH_IOS-gerngfqzuwudosgobknlgtoawnlj/Build/Intermediates.noindex/Firebase.build/Debug-iphoneos/FirebaseStorage.build/Objects-normal/arm64/FirebaseStorage.SwiftFileList

WriteAuxiliaryFile /Users/emanuelflury/Library/Developer/Xcode/DerivedData/TaxedGmbH_IOS-gerngfqzuwudosgobknlgtoawnlj/Build/Intermediates.noindex/Firebase.build/Debug-iphoneos/FirebaseStorage.build/Objects-normal/arm64/FirebaseStorage.SwiftConstValuesFileList (in target 'FirebaseStorage' from project 'Firebase')
    cd /Users/emanuelflury/Library/Developer/Xcode/DerivedData/TaxedGmbH_IOS-gerngfqzuwudosgobknlgtoawnlj/SourcePackages/checkouts/firebase-ios-sdk
    write-file /Users/emanuelflury/Library/Developer/Xcode/DerivedData/TaxedGmbH_IOS-gerngfqzuwudosgobknlgtoawnlj/Build/Intermediates.noindex/Firebase.build/Debug-iphoneos/FirebaseStorage.build/Objects-normal/arm64/FirebaseStorage.SwiftConstValuesFileList

WriteAuxiliaryFile /Users/emanuelflury/Library/Developer/Xcode/DerivedData/TaxedGmbH_IOS-gerngfqzuwudosgobknlgtoawnlj/Build/Intermediates.noindex/Firebase.build/Debug-iphoneos/FirebaseStorage.build/Objects-normal/arm64/FirebaseStorage.LinkFileList (in target 'FirebaseStorage' from project 'Firebase')
    cd /Users/emanuelflury/Library/Developer/Xcode/DerivedData/TaxedGmbH_IOS-gerngfqzuwudosgobknlgtoawnlj/SourcePackages/checkouts/firebase-ios-sdk
    write-file /Users/emanuelflury/Library/Developer/Xcode/DerivedData/TaxedGmbH_IOS-gerngfqzuwudosgobknlgtoawnlj/Build/Intermediates.noindex/Firebase.build/Debug-iphoneos/FirebaseStorage.build/Objects-normal/arm64/FirebaseStorage.LinkFileList

WriteAuxiliaryFile /Users/emanuelflury/Library/Developer/Xcode/DerivedData/TaxedGmbH_IOS-gerngfqzuwudosgobknlgtoawnlj/Build/Intermediates.noindex/Firebase.build/Debug-iphoneos/FirebaseStorage.build/Objects-normal/arm64/FirebaseStorage-OutputFileMap.json (in target 'FirebaseStorage' from project 'Firebase')
    cd /Users/emanuelflury/Library/Developer/Xcode/DerivedData/TaxedGmbH_IOS-gerngfqzuwudosgobknlgtoawnlj/SourcePackages/checkouts/firebase-ios-sdk
    write-file /Users/emanuelflury/Library/Developer/Xcode/DerivedData/TaxedGmbH_IOS-gerngfqzuwudosgobknlgtoawnlj/Build/Intermediates.noindex/Firebase.build/Debug-iphoneos/FirebaseStorage.build/Objects-normal/arm64/FirebaseStorage-OutputFileMap.json

WriteAuxiliaryFile /Users/emanuelflury/Library/Developer/Xcode/DerivedData/TaxedGmbH_IOS-gerngfqzuwudosgobknlgtoawnlj/Build/Intermediates.noindex/Firebase.build/Debug-iphoneos/FirebaseStorage.build/FirebaseStorage.modulemap (in target 'FirebaseStorage' from project 'Firebase')
    cd /Users/emanuelflury/Library/Developer/Xcode/DerivedData/TaxedGmbH_IOS-gerngfqzuwudosgobknlgtoawnlj/SourcePackages/checkouts/firebase-ios-sdk
    write-file /Users/emanuelflury/Library/Developer/Xcode/DerivedData/TaxedGmbH_IOS-gerngfqzuwudosgobknlgtoawnlj/Build/Intermediates.noindex/Firebase.build/Debug-iphoneos/FirebaseStorage.build/FirebaseStorage.modulemap

WriteAuxiliaryFile /Users/emanuelflury/Library/Developer/Xcode/DerivedData/TaxedGmbH_IOS-gerngfqzuwudosgobknlgtoawnlj/Build/Intermediates.noindex/Firebase.build/Debug-iphoneos/FirebaseStorage.build/FirebaseStorage.DependencyStaticMetadataFileList (in target 'FirebaseStorage' from project 'Firebase')
    cd /Users/emanuelflury/Library/Developer/Xcode/DerivedData/TaxedGmbH_IOS-gerngfqzuwudosgobknlgtoawnlj/SourcePackages/checkouts/firebase-ios-sdk
    write-file /Users/emanuelflury/Library/Developer/Xcode/DerivedData/TaxedGmbH_IOS-gerngfqzuwudosgobknlgtoawnlj/Build/Intermediates.noindex/Firebase.build/Debug-iphoneos/FirebaseStorage.build/FirebaseStorage.DependencyStaticMetadataFileList

WriteAuxiliaryFile /Users/emanuelflury/Library/Developer/Xcode/DerivedData/TaxedGmbH_IOS-gerngfqzuwudosgobknlgtoawnlj/Build/Intermediates.noindex/Firebase.build/Debug-iphoneos/FirebaseStorage.build/FirebaseStorage.DependencyMetadataFileList (in target 'FirebaseStorage' from project 'Firebase')
    cd /Users/emanuelflury/Library/Developer/Xcode/DerivedData/TaxedGmbH_IOS-gerngfqzuwudosgobknlgtoawnlj/SourcePackages/checkouts/firebase-ios-sdk
    write-file /Users/emanuelflury/Library/Developer/Xcode/DerivedData/TaxedGmbH_IOS-gerngfqzuwudosgobknlgtoawnlj/Build/Intermediates.noindex/Firebase.build/Debug-iphoneos/FirebaseStorage.build/FirebaseStorage.DependencyMetadataFileList

WriteAuxiliaryFile /Users/emanuelflury/Library/Developer/Xcode/DerivedData/TaxedGmbH_IOS-gerngfqzuwudosgobknlgtoawnlj/Build/Intermediates.noindex/Firebase.build/Debug-iphoneos/FirebaseSharedSwift.build/Objects-normal/arm64/FirebaseSharedSwift_const_extract_protocols.json (in target 'FirebaseSharedSwift' from project 'Firebase')
    cd /Users/emanuelflury/Library/Developer/Xcode/DerivedData/TaxedGmbH_IOS-gerngfqzuwudosgobknlgtoawnlj/SourcePackages/checkouts/firebase-ios-sdk
    write-file /Users/emanuelflury/Library/Developer/Xcode/DerivedData/TaxedGmbH_IOS-gerngfqzuwudosgobknlgtoawnlj/Build/Intermediates.noindex/Firebase.build/Debug-iphoneos/FirebaseSharedSwift.build/Objects-normal/arm64/FirebaseSharedSwift_const_extract_protocols.json

WriteAuxiliaryFile /Users/emanuelflury/Library/Developer/Xcode/DerivedData/TaxedGmbH_IOS-gerngfqzuwudosgobknlgtoawnlj/Build/Intermediates.noindex/Firebase.build/Debug-iphoneos/FirebaseSharedSwift.build/Objects-normal/arm64/FirebaseSharedSwift.SwiftFileList (in target 'FirebaseSharedSwift' from project 'Firebase')
    cd /Users/emanuelflury/Library/Developer/Xcode/DerivedData/TaxedGmbH_IOS-gerngfqzuwudosgobknlgtoawnlj/SourcePackages/checkouts/firebase-ios-sdk
    write-file /Users/emanuelflury/Library/Developer/Xcode/DerivedData/TaxedGmbH_IOS-gerngfqzuwudosgobknlgtoawnlj/Build/Intermediates.noindex/Firebase.build/Debug-iphoneos/FirebaseSharedSwift.build/Objects-normal/arm64/FirebaseSharedSwift.SwiftFileList

WriteAuxiliaryFile /Users/emanuelflury/Library/Developer/Xcode/DerivedData/TaxedGmbH_IOS-gerngfqzuwudosgobknlgtoawnlj/Build/Intermediates.noindex/Firebase.build/Debug-iphoneos/FirebaseSharedSwift.build/Objects-normal/arm64/FirebaseSharedSwift.SwiftConstValuesFileList (in target 'FirebaseSharedSwift' from project 'Firebase')
    cd /Users/emanuelflury/Library/Developer/Xcode/DerivedData/TaxedGmbH_IOS-gerngfqzuwudosgobknlgtoawnlj/SourcePackages/checkouts/firebase-ios-sdk
    write-file /Users/emanuelflury/Library/Developer/Xcode/DerivedData/TaxedGmbH_IOS-gerngfqzuwudosgobknlgtoawnlj/Build/Intermediates.noindex/Firebase.build/Debug-iphoneos/FirebaseSharedSwift.build/Objects-normal/arm64/FirebaseSharedSwift.SwiftConstValuesFileList

WriteAuxiliaryFile /Users/emanuelflury/Library/Developer/Xcode/DerivedData/TaxedGmbH_IOS-gerngfqzuwudosgobknlgtoawnlj/Build/Intermediates.noindex/Firebase.build/Debug-iphoneos/FirebaseSharedSwift.build/Objects-normal/arm64/FirebaseSharedSwift.LinkFileList (in target 'FirebaseSharedSwift' from project 'Firebase')
    cd /Users/emanuelflury/Library/Developer/Xcode/DerivedData/TaxedGmbH_IOS-gerngfqzuwudosgobknlgtoawnlj/SourcePackages/checkouts/firebase-ios-sdk
    write-file /Users/emanuelflury/Library/Developer/Xcode/DerivedData/TaxedGmbH_IOS-gerngfqzuwudosgobknlgtoawnlj/Build/Intermediates.noindex/Firebase.build/Debug-iphoneos/FirebaseSharedSwift.build/Objects-normal/arm64/FirebaseSharedSwift.LinkFileList

WriteAuxiliaryFile /Users/emanuelflury/Library/Developer/Xcode/DerivedData/TaxedGmbH_IOS-gerngfqzuwudosgobknlgtoawnlj/Build/Intermediates.noindex/Firebase.build/Debug-iphoneos/FirebaseSharedSwift.build/FirebaseSharedSwift.modulemap (in target 'FirebaseSharedSwift' from project 'Firebase')
    cd /Users/emanuelflury/Library/Developer/Xcode/DerivedData/TaxedGmbH_IOS-gerngfqzuwudosgobknlgtoawnlj/SourcePackages/checkouts/firebase-ios-sdk
    write-file /Users/emanuelflury/Library/Developer/Xcode/DerivedData/TaxedGmbH_IOS-gerngfqzuwudosgobknlgtoawnlj/Build/Intermediates.noindex/Firebase.build/Debug-iphoneos/FirebaseSharedSwift.build/FirebaseSharedSwift.modulemap

WriteAuxiliaryFile /Users/emanuelflury/Library/Developer/Xcode/DerivedData/TaxedGmbH_IOS-gerngfqzuwudosgobknlgtoawnlj/Build/Intermediates.noindex/Firebase.build/Debug-iphoneos/FirebaseSharedSwift.build/Objects-normal/arm64/FirebaseSharedSwift-OutputFileMap.json (in target 'FirebaseSharedSwift' from project 'Firebase')
    cd /Users/emanuelflury/Library/Developer/Xcode/DerivedData/TaxedGmbH_IOS-gerngfqzuwudosgobknlgtoawnlj/SourcePackages/checkouts/firebase-ios-sdk
    write-file /Users/emanuelflury/Library/Developer/Xcode/DerivedData/TaxedGmbH_IOS-gerngfqzuwudosgobknlgtoawnlj/Build/Intermediates.noindex/Firebase.build/Debug-iphoneos/FirebaseSharedSwift.build/Objects-normal/arm64/FirebaseSharedSwift-OutputFileMap.json

WriteAuxiliaryFile /Users/emanuelflury/Library/Developer/Xcode/DerivedData/TaxedGmbH_IOS-gerngfqzuwudosgobknlgtoawnlj/Build/Intermediates.noindex/Firebase.build/Debug-iphoneos/FirebaseSharedSwift.build/FirebaseSharedSwift.DependencyStaticMetadataFileList (in target 'FirebaseSharedSwift' from project 'Firebase')
    cd /Users/emanuelflury/Library/Developer/Xcode/DerivedData/TaxedGmbH_IOS-gerngfqzuwudosgobknlgtoawnlj/SourcePackages/checkouts/firebase-ios-sdk
    write-file /Users/emanuelflury/Library/Developer/Xcode/DerivedData/TaxedGmbH_IOS-gerngfqzuwudosgobknlgtoawnlj/Build/Intermediates.noindex/Firebase.build/Debug-iphoneos/FirebaseSharedSwift.build/FirebaseSharedSwift.DependencyStaticMetadataFileList

WriteAuxiliaryFile /Users/emanuelflury/Library/Developer/Xcode/DerivedData/TaxedGmbH_IOS-gerngfqzuwudosgobknlgtoawnlj/Build/Intermediates.noindex/Firebase.build/Debug-iphoneos/FirebaseSharedSwift.build/FirebaseSharedSwift.DependencyMetadataFileList (in target 'FirebaseSharedSwift' from project 'Firebase')
    cd /Users/emanuelflury/Library/Developer/Xcode/DerivedData/TaxedGmbH_IOS-gerngfqzuwudosgobknlgtoawnlj/SourcePackages/checkouts/firebase-ios-sdk
    write-file /Users/emanuelflury/Library/Developer/Xcode/DerivedData/TaxedGmbH_IOS-gerngfqzuwudosgobknlgtoawnlj/Build/Intermediates.noindex/Firebase.build/Debug-iphoneos/FirebaseSharedSwift.build/FirebaseSharedSwift.DependencyMetadataFileList

WriteAuxiliaryFile /Users/emanuelflury/Library/Developer/Xcode/DerivedData/TaxedGmbH_IOS-gerngfqzuwudosgobknlgtoawnlj/Build/Intermediates.noindex/Firebase.build/Debug-iphoneos/FirebaseMessagingInterop.build/Objects-normal/arm64/FirebaseMessagingInterop.LinkFileList (in target 'FirebaseMessagingInterop' from project 'Firebase')
    cd /Users/emanuelflury/Library/Developer/Xcode/DerivedData/TaxedGmbH_IOS-gerngfqzuwudosgobknlgtoawnlj/SourcePackages/checkouts/firebase-ios-sdk
    write-file /Users/emanuelflury/Library/Developer/Xcode/DerivedData/TaxedGmbH_IOS-gerngfqzuwudosgobknlgtoawnlj/Build/Intermediates.noindex/Firebase.build/Debug-iphoneos/FirebaseMessagingInterop.build/Objects-normal/arm64/FirebaseMessagingInterop.LinkFileList

WriteAuxiliaryFile /Users/emanuelflury/Library/Developer/Xcode/DerivedData/TaxedGmbH_IOS-gerngfqzuwudosgobknlgtoawnlj/Build/Intermediates.noindex/Firebase.build/Debug-iphoneos/FirebaseMessagingInterop.build/Objects-normal/arm64/e6072d4f65d7061329687fe24e3d63a7-common-args.resp (in target 'FirebaseMessagingInterop' from project 'Firebase')
    cd /Users/emanuelflury/Library/Developer/Xcode/DerivedData/TaxedGmbH_IOS-gerngfqzuwudosgobknlgtoawnlj/SourcePackages/checkouts/firebase-ios-sdk
    write-file /Users/emanuelflury/Library/Developer/Xcode/DerivedData/TaxedGmbH_IOS-gerngfqzuwudosgobknlgtoawnlj/Build/Intermediates.noindex/Firebase.build/Debug-iphoneos/FirebaseMessagingInterop.build/Objects-normal/arm64/e6072d4f65d7061329687fe24e3d63a7-common-args.resp
-target arm64-apple-ios15.0 -fobjc-arc -fmodules -gmodules '-fmodules-cache-path=/Users/emanuelflury/Library/Developer/Xcode/DerivedData/ModuleCache.noindex' '-fmodule-name=FirebaseMessagingInterop' -fpascal-strings -O0 -DSWIFT_PACKAGE '-DDEBUG=1' '-DOBJC_OLD_DISPATCH_PROTOTYPES=1' -isysroot /Applications/Xcode.app/Contents/Developer/Platforms/iPhoneOS.platform/Developer/SDKs/iPhoneOS26.1.sdk -g -fprofile-instr-generate -fcoverage-mapping -I/Users/emanuelflury/Library/Developer/Xcode/DerivedData/TaxedGmbH_IOS-gerngfqzuwudosgobknlgtoawnlj/Build/Products/Debug-iphoneos/include -I/Users/emanuelflury/Library/Developer/Xcode/DerivedData/TaxedGmbH_IOS-gerngfqzuwudosgobknlgtoawnlj/SourcePackages/checkouts/firebase-ios-sdk/FirebaseMessaging/Interop -I/Users/emanuelflury/Library/Developer/Xcode/DerivedData/TaxedGmbH_IOS-gerngfqzuwudosgobknlgtoawnlj/SourcePackages/checkouts/firebase-ios-sdk -I/Users/emanuelflury/Library/Developer/Xcode/DerivedData/TaxedGmbH_IOS-gerngfqzuwudosgobknlgtoawnlj/Build/Intermediates.noindex/Firebase.build/Debug-iphoneos/FirebaseMessagingInterop.build/DerivedSources-normal/arm64 -I/Users/emanuelflury/Library/Developer/Xcode/DerivedData/TaxedGmbH_IOS-gerngfqzuwudosgobknlgtoawnlj/Build/Intermediates.noindex/Firebase.build/Debug-iphoneos/FirebaseMessagingInterop.build/DerivedSources/arm64 -I/Users/emanuelflury/Library/Developer/Xcode/DerivedData/TaxedGmbH_IOS-gerngfqzuwudosgobknlgtoawnlj/Build/Intermediates.noindex/Firebase.build/Debug-iphoneos/FirebaseMessagingInterop.build/DerivedSources -F/Users/emanuelflury/Library/Developer/Xcode/DerivedData/TaxedGmbH_IOS-gerngfqzuwudosgobknlgtoawnlj/Build/Products/Debug-iphoneos -iframework /Applications/Xcode.app/Contents/Developer/Platforms/iPhoneOS.platform/Developer/Library/Frameworks -iframework /Applications/Xcode.app/Contents/Developer/Platforms/iPhoneOS.platform/Developer/SDKs/iPhoneOS26.1.sdk/Developer/Library/Frameworks -DXcode

WriteAuxiliaryFile /Users/emanuelflury/Library/Developer/Xcode/DerivedData/TaxedGmbH_IOS-gerngfqzuwudosgobknlgtoawnlj/Build/Intermediates.noindex/Firebase.build/Debug-iphoneos/FirebaseMessagingInterop.build/FirebaseMessagingInterop.modulemap (in target 'FirebaseMessagingInterop' from project 'Firebase')
    cd /Users/emanuelflury/Library/Developer/Xcode/DerivedData/TaxedGmbH_IOS-gerngfqzuwudosgobknlgtoawnlj/SourcePackages/checkouts/firebase-ios-sdk
    write-file /Users/emanuelflury/Library/Developer/Xcode/DerivedData/TaxedGmbH_IOS-gerngfqzuwudosgobknlgtoawnlj/Build/Intermediates.noindex/Firebase.build/Debug-iphoneos/FirebaseMessagingInterop.build/FirebaseMessagingInterop.modulemap

WriteAuxiliaryFile /Users/emanuelflury/Library/Developer/Xcode/DerivedData/TaxedGmbH_IOS-gerngfqzuwudosgobknlgtoawnlj/Build/Intermediates.noindex/Firebase.build/Debug-iphoneos/FirebaseMessagingInterop.build/FirebaseMessagingInterop.DependencyStaticMetadataFileList (in target 'FirebaseMessagingInterop' from project 'Firebase')
    cd /Users/emanuelflury/Library/Developer/Xcode/DerivedData/TaxedGmbH_IOS-gerngfqzuwudosgobknlgtoawnlj/SourcePackages/checkouts/firebase-ios-sdk
    write-file /Users/emanuelflury/Library/Developer/Xcode/DerivedData/TaxedGmbH_IOS-gerngfqzuwudosgobknlgtoawnlj/Build/Intermediates.noindex/Firebase.build/Debug-iphoneos/FirebaseMessagingInterop.build/FirebaseMessagingInterop.DependencyStaticMetadataFileList

Copy /Users/emanuelflury/Library/Developer/Xcode/DerivedData/TaxedGmbH_IOS-gerngfqzuwudosgobknlgtoawnlj/Build/Intermediates.noindex/GeneratedModuleMaps-iphoneos/nanopb.modulemap /Users/emanuelflury/Library/Developer/Xcode/DerivedData/TaxedGmbH_IOS-gerngfqzuwudosgobknlgtoawnlj/Build/Intermediates.noindex/nanopb.build/Debug-iphoneos/nanopb.build/nanopb.modulemap (in target 'nanopb' from project 'nanopb')
    cd /Users/emanuelflury/Library/Developer/Xcode/DerivedData/TaxedGmbH_IOS-gerngfqzuwudosgobknlgtoawnlj/SourcePackages/checkouts/nanopb
    builtin-copy -exclude .DS_Store -exclude CVS -exclude .svn -exclude .git -exclude .hg -resolve-src-symlinks /Users/emanuelflury/Library/Developer/Xcode/DerivedData/TaxedGmbH_IOS-gerngfqzuwudosgobknlgtoawnlj/Build/Intermediates.noindex/nanopb.build/Debug-iphoneos/nanopb.build/nanopb.modulemap /Users/emanuelflury/Library/Developer/Xcode/DerivedData/TaxedGmbH_IOS-gerngfqzuwudosgobknlgtoawnlj/Build/Intermediates.noindex/GeneratedModuleMaps-iphoneos

Copy /Users/emanuelflury/Library/Developer/Xcode/DerivedData/TaxedGmbH_IOS-gerngfqzuwudosgobknlgtoawnlj/Build/Intermediates.noindex/GeneratedModuleMaps-iphoneos/leveldb.modulemap /Users/emanuelflury/Library/Developer/Xcode/DerivedData/TaxedGmbH_IOS-gerngfqzuwudosgobknlgtoawnlj/Build/Intermediates.noindex/leveldb.build/Debug-iphoneos/leveldb.build/leveldb.modulemap (in target 'leveldb' from project 'leveldb')
    cd /Users/emanuelflury/Library/Developer/Xcode/DerivedData/TaxedGmbH_IOS-gerngfqzuwudosgobknlgtoawnlj/SourcePackages/checkouts/leveldb
    builtin-copy -exclude .DS_Store -exclude CVS -exclude .svn -exclude .git -exclude .hg -resolve-src-symlinks /Users/emanuelflury/Library/Developer/Xcode/DerivedData/TaxedGmbH_IOS-gerngfqzuwudosgobknlgtoawnlj/Build/Intermediates.noindex/leveldb.build/Debug-iphoneos/leveldb.build/leveldb.modulemap /Users/emanuelflury/Library/Developer/Xcode/DerivedData/TaxedGmbH_IOS-gerngfqzuwudosgobknlgtoawnlj/Build/Intermediates.noindex/GeneratedModuleMaps-iphoneos

WriteAuxiliaryFile /Users/emanuelflury/Library/Developer/Xcode/DerivedData/TaxedGmbH_IOS-gerngfqzuwudosgobknlgtoawnlj/Build/Intermediates.noindex/Firebase.build/Debug-iphoneos/FirebaseMessagingInterop.build/FirebaseMessagingInterop.DependencyMetadataFileList (in target 'FirebaseMessagingInterop' from project 'Firebase')
    cd /Users/emanuelflury/Library/Developer/Xcode/DerivedData/TaxedGmbH_IOS-gerngfqzuwudosgobknlgtoawnlj/SourcePackages/checkouts/firebase-ios-sdk
    write-file /Users/emanuelflury/Library/Developer/Xcode/DerivedData/TaxedGmbH_IOS-gerngfqzuwudosgobknlgtoawnlj/Build/Intermediates.noindex/Firebase.build/Debug-iphoneos/FirebaseMessagingInterop.build/FirebaseMessagingInterop.DependencyMetadataFileList

Copy /Users/emanuelflury/Library/Developer/Xcode/DerivedData/TaxedGmbH_IOS-gerngfqzuwudosgobknlgtoawnlj/Build/Intermediates.noindex/GeneratedModuleMaps-iphoneos/RecaptchaInterop.modulemap /Users/emanuelflury/Library/Developer/Xcode/DerivedData/TaxedGmbH_IOS-gerngfqzuwudosgobknlgtoawnlj/Build/Intermediates.noindex/InteropForGoogle.build/Debug-iphoneos/RecaptchaInterop.build/RecaptchaInterop.modulemap (in target 'RecaptchaInterop' from project 'InteropForGoogle')
    cd /Users/emanuelflury/Library/Developer/Xcode/DerivedData/TaxedGmbH_IOS-gerngfqzuwudosgobknlgtoawnlj/SourcePackages/checkouts/interop-ios-for-google-sdks
    builtin-copy -exclude .DS_Store -exclude CVS -exclude .svn -exclude .git -exclude .hg -resolve-src-symlinks /Users/emanuelflury/Library/Developer/Xcode/DerivedData/TaxedGmbH_IOS-gerngfqzuwudosgobknlgtoawnlj/Build/Intermediates.noindex/InteropForGoogle.build/Debug-iphoneos/RecaptchaInterop.build/RecaptchaInterop.modulemap /Users/emanuelflury/Library/Developer/Xcode/DerivedData/TaxedGmbH_IOS-gerngfqzuwudosgobknlgtoawnlj/Build/Intermediates.noindex/GeneratedModuleMaps-iphoneos

WriteAuxiliaryFile /Users/emanuelflury/Library/Developer/Xcode/DerivedData/TaxedGmbH_IOS-gerngfqzuwudosgobknlgtoawnlj/Build/Intermediates.noindex/Firebase.build/Debug-iphoneos/FirebaseMessaging.build/Objects-normal/arm64/e6072d4f65d7061329687fe24e3d63a7-common-args.resp (in target 'FirebaseMessaging' from project 'Firebase')
    cd /Users/emanuelflury/Library/Developer/Xcode/DerivedData/TaxedGmbH_IOS-gerngfqzuwudosgobknlgtoawnlj/SourcePackages/checkouts/firebase-ios-sdk
    write-file /Users/emanuelflury/Library/Developer/Xcode/DerivedData/TaxedGmbH_IOS-gerngfqzuwudosgobknlgtoawnlj/Build/Intermediates.noindex/Firebase.build/Debug-iphoneos/FirebaseMessaging.build/Objects-normal/arm64/e6072d4f65d7061329687fe24e3d63a7-common-args.resp
-target arm64-apple-ios15.0 -fobjc-arc -fmodules -gmodules '-fmodules-cache-path=/Users/emanuelflury/Library/Developer/Xcode/DerivedData/ModuleCache.noindex' '-fmodule-name=FirebaseMessaging' -fpascal-strings -O0 -DSWIFT_PACKAGE '-DDEBUG=1' '-DPB_FIELD_32BIT=1' '-DPB_NO_PACKED_STRUCTS=1' '-DPB_ENABLE_MALLOC=1' '-DOBJC_OLD_DISPATCH_PROTOTYPES=1' -isysroot /Applications/Xcode.app/Contents/Developer/Platforms/iPhoneOS.platform/Developer/SDKs/iPhoneOS26.1.sdk -g -fprofile-instr-generate -fcoverage-mapping -I/Users/emanuelflury/Library/Developer/Xcode/DerivedData/TaxedGmbH_IOS-gerngfqzuwudosgobknlgtoawnlj/SourcePackages/checkouts/promises/Sources/FBLPromises/include -I/Users/emanuelflury/Library/Developer/Xcode/DerivedData/TaxedGmbH_IOS-gerngfqzuwudosgobknlgtoawnlj/SourcePackages/checkouts/GoogleUtilities/GoogleUtilities/UserDefaults/Public -I/Users/emanuelflury/Library/Developer/Xcode/DerivedData/TaxedGmbH_IOS-gerngfqzuwudosgobknlgtoawnlj/SourcePackages/checkouts/GoogleUtilities/GoogleUtilities/Network/Public -I/Users/emanuelflury/Library/Developer/Xcode/DerivedData/TaxedGmbH_IOS-gerngfqzuwudosgobknlgtoawnlj/SourcePackages/checkouts/GoogleUtilities/GoogleUtilities/NSData+zlib/Public -I/Users/emanuelflury/Library/Developer/Xcode/DerivedData/TaxedGmbH_IOS-gerngfqzuwudosgobknlgtoawnlj/SourcePackages/checkouts/GoogleUtilities/GoogleUtilities/AppDelegateSwizzler/Public -I/Users/emanuelflury/Library/Developer/Xcode/DerivedData/TaxedGmbH_IOS-gerngfqzuwudosgobknlgtoawnlj/SourcePackages/checkouts/GoogleUtilities/GoogleUtilities/Logger/Public -I/Users/emanuelflury/Library/Developer/Xcode/DerivedData/TaxedGmbH_IOS-gerngfqzuwudosgobknlgtoawnlj/SourcePackages/checkouts/GoogleUtilities/GoogleUtilities/Environment/Public -I/Users/emanuelflury/Library/Developer/Xcode/DerivedData/TaxedGmbH_IOS-gerngfqzuwudosgobknlgtoawnlj/SourcePackages/checkouts/GoogleUtilities/third_party/IsAppEncrypted/Public -I/Users/emanuelflury/Library/Developer/Xcode/DerivedData/TaxedGmbH_IOS-gerngfqzuwudosgobknlgtoawnlj/SourcePackages/checkouts/GoogleUtilities/GoogleUtilities/Reachability/Public -I/Users/emanuelflury/Library/Developer/Xcode/DerivedData/TaxedGmbH_IOS-gerngfqzuwudosgobknlgtoawnlj/SourcePackages/checkouts/GoogleDataTransport/GoogleDataTransport/GDTCORLibrary/Public -I/Users/emanuelflury/Library/Developer/Xcode/DerivedData/TaxedGmbH_IOS-gerngfqzuwudosgobknlgtoawnlj/SourcePackages/checkouts/nanopb/spm_headers -I/Users/emanuelflury/Library/Developer/Xcode/DerivedData/TaxedGmbH_IOS-gerngfqzuwudosgobknlgtoawnlj/SourcePackages/checkouts/firebase-ios-sdk/FirebaseInstallations/Source/Library/Public -I/Users/emanuelflury/Library/Developer/Xcode/DerivedData/TaxedGmbH_IOS-gerngfqzuwudosgobknlgtoawnlj/SourcePackages/checkouts/firebase-ios-sdk/FirebaseCore/Sources/Public -I/Users/emanuelflury/Library/Developer/Xcode/DerivedData/TaxedGmbH_IOS-gerngfqzuwudosgobknlgtoawnlj/SourcePackages/checkouts/firebase-ios-sdk/CoreOnly/Sources -I/Users/emanuelflury/Library/Developer/Xcode/DerivedData/TaxedGmbH_IOS-gerngfqzuwudosgobknlgtoawnlj/Build/Products/Debug-iphoneos/include -I/Users/emanuelflury/Library/Developer/Xcode/DerivedData/TaxedGmbH_IOS-gerngfqzuwudosgobknlgtoawnlj/SourcePackages/checkouts/firebase-ios-sdk/FirebaseMessaging/Sources/Public -I/Users/emanuelflury/Library/Developer/Xcode/DerivedData/TaxedGmbH_IOS-gerngfqzuwudosgobknlgtoawnlj/SourcePackages/checkouts/firebase-ios-sdk -I/Users/emanuelflury/Library/Developer/Xcode/DerivedData/TaxedGmbH_IOS-gerngfqzuwudosgobknlgtoawnlj/Build/Intermediates.noindex/Firebase.build/Debug-iphoneos/FirebaseMessaging.build/DerivedSources-normal/arm64 -I/Users/emanuelflury/Library/Developer/Xcode/DerivedData/TaxedGmbH_IOS-gerngfqzuwudosgobknlgtoawnlj/Build/Intermediates.noindex/Firebase.build/Debug-iphoneos/FirebaseMessaging.build/DerivedSources/arm64 -I/Users/emanuelflury/Library/Developer/Xcode/DerivedData/TaxedGmbH_IOS-gerngfqzuwudosgobknlgtoawnlj/Build/Intermediates.noindex/Firebase.build/Debug-iphoneos/FirebaseMessaging.build/DerivedSources -F/Users/emanuelflury/Library/Developer/Xcode/DerivedData/TaxedGmbH_IOS-gerngfqzuwudosgobknlgtoawnlj/Build/Products/Debug-iphoneos/PackageFrameworks -F/Users/emanuelflury/Library/Developer/Xcode/DerivedData/TaxedGmbH_IOS-gerngfqzuwudosgobknlgtoawnlj/Build/Products/Debug-iphoneos/PackageFrameworks -F/Users/emanuelflury/Library/Developer/Xcode/DerivedData/TaxedGmbH_IOS-gerngfqzuwudosgobknlgtoawnlj/Build/Products/Debug-iphoneos/PackageFrameworks -F/Users/emanuelflury/Library/Developer/Xcode/DerivedData/TaxedGmbH_IOS-gerngfqzuwudosgobknlgtoawnlj/Build/Products/Debug-iphoneos/PackageFrameworks -F/Users/emanuelflury/Library/Developer/Xcode/DerivedData/TaxedGmbH_IOS-gerngfqzuwudosgobknlgtoawnlj/Build/Products/Debug-iphoneos/PackageFrameworks -F/Users/emanuelflury/Library/Developer/Xcode/DerivedData/TaxedGmbH_IOS-gerngfqzuwudosgobknlgtoawnlj/Build/Products/Debug-iphoneos/PackageFrameworks -F/Users/emanuelflury/Library/Developer/Xcode/DerivedData/TaxedGmbH_IOS-gerngfqzuwudosgobknlgtoawnlj/Build/Products/Debug-iphoneos/PackageFrameworks -F/Users/emanuelflury/Library/Developer/Xcode/DerivedData/TaxedGmbH_IOS-gerngfqzuwudosgobknlgtoawnlj/Build/Products/Debug-iphoneos/PackageFrameworks -F/Users/emanuelflury/Library/Developer/Xcode/DerivedData/TaxedGmbH_IOS-gerngfqzuwudosgobknlgtoawnlj/Build/Products/Debug-iphoneos/PackageFrameworks -F/Users/emanuelflury/Library/Developer/Xcode/DerivedData/TaxedGmbH_IOS-gerngfqzuwudosgobknlgtoawnlj/Build/Products/Debug-iphoneos/PackageFrameworks -F/Users/emanuelflury/Library/Developer/Xcode/DerivedData/TaxedGmbH_IOS-gerngfqzuwudosgobknlgtoawnlj/Build/Products/Debug-iphoneos/PackageFrameworks -F/Users/emanuelflury/Library/Developer/Xcode/DerivedData/TaxedGmbH_IOS-gerngfqzuwudosgobknlgtoawnlj/Build/Products/Debug-iphoneos/PackageFrameworks -F/Users/emanuelflury/Library/Developer/Xcode/DerivedData/TaxedGmbH_IOS-gerngfqzuwudosgobknlgtoawnlj/Build/Products/Debug-iphoneos/PackageFrameworks -F/Users/emanuelflury/Library/Developer/Xcode/DerivedData/TaxedGmbH_IOS-gerngfqzuwudosgobknlgtoawnlj/Build/Products/Debug-iphoneos/PackageFrameworks -F/Users/emanuelflury/Library/Developer/Xcode/DerivedData/TaxedGmbH_IOS-gerngfqzuwudosgobknlgtoawnlj/Build/Products/Debug-iphoneos/PackageFrameworks -F/Users/emanuelflury/Library/Developer/Xcode/DerivedData/TaxedGmbH_IOS-gerngfqzuwudosgobknlgtoawnlj/Build/Products/Debug-iphoneos -iframework /Applications/Xcode.app/Contents/Developer/Platforms/iPhoneOS.platform/Developer/Library/Frameworks -iframework /Applications/Xcode.app/Contents/Developer/Platforms/iPhoneOS.platform/Developer/SDKs/iPhoneOS26.1.sdk/Developer/Library/Frameworks '-fmodule-map-file=/Users/emanuelflury/Library/Developer/Xcode/DerivedData/TaxedGmbH_IOS-gerngfqzuwudosgobknlgtoawnlj/Build/Intermediates.noindex/GeneratedModuleMaps-iphoneos/GoogleUtilities-UserDefaults.modulemap' '-fmodule-map-file=/Users/emanuelflury/Library/Developer/Xcode/DerivedData/TaxedGmbH_IOS-gerngfqzuwudosgobknlgtoawnlj/Build/Intermediates.noindex/GeneratedModuleMaps-iphoneos/GoogleUtilities-Network.modulemap' '-fmodule-map-file=/Users/emanuelflury/Library/Developer/Xcode/DerivedData/TaxedGmbH_IOS-gerngfqzuwudosgobknlgtoawnlj/Build/Intermediates.noindex/GeneratedModuleMaps-iphoneos/GoogleUtilities-NSData.modulemap' '-fmodule-map-file=/Users/emanuelflury/Library/Developer/Xcode/DerivedData/TaxedGmbH_IOS-gerngfqzuwudosgobknlgtoawnlj/Build/Intermediates.noindex/GeneratedModuleMaps-iphoneos/GoogleUtilities-AppDelegateSwizzler.modulemap' '-fmodule-map-file=/Users/emanuelflury/Library/Developer/Xcode/DerivedData/TaxedGmbH_IOS-gerngfqzuwudosgobknlgtoawnlj/Build/Intermediates.noindex/GeneratedModuleMaps-iphoneos/GoogleUtilities-Logger.modulemap' '-fmodule-map-file=/Users/emanuelflury/Library/Developer/Xcode/DerivedData/TaxedGmbH_IOS-gerngfqzuwudosgobknlgtoawnlj/Build/Intermediates.noindex/GeneratedModuleMaps-iphoneos/GoogleUtilities-Environment.modulemap' '-fmodule-map-file=/Users/emanuelflury/Library/Developer/Xcode/DerivedData/TaxedGmbH_IOS-gerngfqzuwudosgobknlgtoawnlj/Build/Intermediates.noindex/GeneratedModuleMaps-iphoneos/third-party-IsAppEncrypted.modulemap' '-fmodule-map-file=/Users/emanuelflury/Library/Developer/Xcode/DerivedData/TaxedGmbH_IOS-gerngfqzuwudosgobknlgtoawnlj/Build/Intermediates.noindex/GeneratedModuleMaps-iphoneos/GoogleUtilities-Reachability.modulemap' '-fmodule-map-file=/Users/emanuelflury/Library/Developer/Xcode/DerivedData/TaxedGmbH_IOS-gerngfqzuwudosgobknlgtoawnlj/Build/Intermediates.noindex/GeneratedModuleMaps-iphoneos/GoogleDataTransport.modulemap' '-fmodule-map-file=/Users/emanuelflury/Library/Developer/Xcode/DerivedData/TaxedGmbH_IOS-gerngfqzuwudosgobknlgtoawnlj/Build/Intermediates.noindex/GeneratedModuleMaps-iphoneos/nanopb.modulemap' '-fmodule-map-file=/Users/emanuelflury/Library/Developer/Xcode/DerivedData/TaxedGmbH_IOS-gerngfqzuwudosgobknlgtoawnlj/Build/Intermediates.noindex/GeneratedModuleMaps-iphoneos/FirebaseInstallations.modulemap' '-fmodule-map-file=/Users/emanuelflury/Library/Developer/Xcode/DerivedData/TaxedGmbH_IOS-gerngfqzuwudosgobknlgtoawnlj/Build/Intermediates.noindex/GeneratedModuleMaps-iphoneos/FirebaseCore.modulemap' '-fmodule-map-file=/Users/emanuelflury/Library/Developer/Xcode/DerivedData/TaxedGmbH_IOS-gerngfqzuwudosgobknlgtoawnlj/Build/Intermediates.noindex/GeneratedModuleMaps-iphoneos/FirebaseCoreInternal.modulemap' -DXcode

WriteAuxiliaryFile /Users/emanuelflury/Library/Developer/Xcode/DerivedData/TaxedGmbH_IOS-gerngfqzuwudosgobknlgtoawnlj/Build/Intermediates.noindex/Firebase.build/Debug-iphoneos/FirebaseMessaging.build/Objects-normal/arm64/FirebaseMessaging.LinkFileList (in target 'FirebaseMessaging' from project 'Firebase')
    cd /Users/emanuelflury/Library/Developer/Xcode/DerivedData/TaxedGmbH_IOS-gerngfqzuwudosgobknlgtoawnlj/SourcePackages/checkouts/firebase-ios-sdk
    write-file /Users/emanuelflury/Library/Developer/Xcode/DerivedData/TaxedGmbH_IOS-gerngfqzuwudosgobknlgtoawnlj/Build/Intermediates.noindex/Firebase.build/Debug-iphoneos/FirebaseMessaging.build/Objects-normal/arm64/FirebaseMessaging.LinkFileList

WriteAuxiliaryFile /Users/emanuelflury/Library/Developer/Xcode/DerivedData/TaxedGmbH_IOS-gerngfqzuwudosgobknlgtoawnlj/Build/Intermediates.noindex/Firebase.build/Debug-iphoneos/FirebaseMessaging.build/Objects-normal/arm64/7187679823f38a2a940e0043cdf9d637-common-args.resp (in target 'FirebaseMessaging' from project 'Firebase')
    cd /Users/emanuelflury/Library/Developer/Xcode/DerivedData/TaxedGmbH_IOS-gerngfqzuwudosgobknlgtoawnlj/SourcePackages/checkouts/firebase-ios-sdk
    write-file /Users/emanuelflury/Library/Developer/Xcode/DerivedData/TaxedGmbH_IOS-gerngfqzuwudosgobknlgtoawnlj/Build/Intermediates.noindex/Firebase.build/Debug-iphoneos/FirebaseMessaging.build/Objects-normal/arm64/7187679823f38a2a940e0043cdf9d637-common-args.resp
-target arm64-apple-ios15.0 -fmodules -gmodules '-fmodules-cache-path=/Users/emanuelflury/Library/Developer/Xcode/DerivedData/ModuleCache.noindex' '-fmodule-name=FirebaseMessaging' -fpascal-strings -O0 -DSWIFT_PACKAGE '-DDEBUG=1' '-DPB_FIELD_32BIT=1' '-DPB_NO_PACKED_STRUCTS=1' '-DPB_ENABLE_MALLOC=1' -isysroot /Applications/Xcode.app/Contents/Developer/Platforms/iPhoneOS.platform/Developer/SDKs/iPhoneOS26.1.sdk -g -fprofile-instr-generate -fcoverage-mapping -I/Users/emanuelflury/Library/Developer/Xcode/DerivedData/TaxedGmbH_IOS-gerngfqzuwudosgobknlgtoawnlj/SourcePackages/checkouts/promises/Sources/FBLPromises/include -I/Users/emanuelflury/Library/Developer/Xcode/DerivedData/TaxedGmbH_IOS-gerngfqzuwudosgobknlgtoawnlj/SourcePackages/checkouts/GoogleUtilities/GoogleUtilities/UserDefaults/Public -I/Users/emanuelflury/Library/Developer/Xcode/DerivedData/TaxedGmbH_IOS-gerngfqzuwudosgobknlgtoawnlj/SourcePackages/checkouts/GoogleUtilities/GoogleUtilities/Network/Public -I/Users/emanuelflury/Library/Developer/Xcode/DerivedData/TaxedGmbH_IOS-gerngfqzuwudosgobknlgtoawnlj/SourcePackages/checkouts/GoogleUtilities/GoogleUtilities/NSData+zlib/Public -I/Users/emanuelflury/Library/Developer/Xcode/DerivedData/TaxedGmbH_IOS-gerngfqzuwudosgobknlgtoawnlj/SourcePackages/checkouts/GoogleUtilities/GoogleUtilities/AppDelegateSwizzler/Public -I/Users/emanuelflury/Library/Developer/Xcode/DerivedData/TaxedGmbH_IOS-gerngfqzuwudosgobknlgtoawnlj/SourcePackages/checkouts/GoogleUtilities/GoogleUtilities/Logger/Public -I/Users/emanuelflury/Library/Developer/Xcode/DerivedData/TaxedGmbH_IOS-gerngfqzuwudosgobknlgtoawnlj/SourcePackages/checkouts/GoogleUtilities/GoogleUtilities/Environment/Public -I/Users/emanuelflury/Library/Developer/Xcode/DerivedData/TaxedGmbH_IOS-gerngfqzuwudosgobknlgtoawnlj/SourcePackages/checkouts/GoogleUtilities/third_party/IsAppEncrypted/Public -I/Users/emanuelflury/Library/Developer/Xcode/DerivedData/TaxedGmbH_IOS-gerngfqzuwudosgobknlgtoawnlj/SourcePackages/checkouts/GoogleUtilities/GoogleUtilities/Reachability/Public -I/Users/emanuelflury/Library/Developer/Xcode/DerivedData/TaxedGmbH_IOS-gerngfqzuwudosgobknlgtoawnlj/SourcePackages/checkouts/GoogleDataTransport/GoogleDataTransport/GDTCORLibrary/Public -I/Users/emanuelflury/Library/Developer/Xcode/DerivedData/TaxedGmbH_IOS-gerngfqzuwudosgobknlgtoawnlj/SourcePackages/checkouts/nanopb/spm_headers -I/Users/emanuelflury/Library/Developer/Xcode/DerivedData/TaxedGmbH_IOS-gerngfqzuwudosgobknlgtoawnlj/SourcePackages/checkouts/firebase-ios-sdk/FirebaseInstallations/Source/Library/Public -I/Users/emanuelflury/Library/Developer/Xcode/DerivedData/TaxedGmbH_IOS-gerngfqzuwudosgobknlgtoawnlj/SourcePackages/checkouts/firebase-ios-sdk/FirebaseCore/Sources/Public -I/Users/emanuelflury/Library/Developer/Xcode/DerivedData/TaxedGmbH_IOS-gerngfqzuwudosgobknlgtoawnlj/SourcePackages/checkouts/firebase-ios-sdk/CoreOnly/Sources -I/Users/emanuelflury/Library/Developer/Xcode/DerivedData/TaxedGmbH_IOS-gerngfqzuwudosgobknlgtoawnlj/Build/Products/Debug-iphoneos/include -I/Users/emanuelflury/Library/Developer/Xcode/DerivedData/TaxedGmbH_IOS-gerngfqzuwudosgobknlgtoawnlj/SourcePackages/checkouts/firebase-ios-sdk/FirebaseMessaging/Sources/Public -I/Users/emanuelflury/Library/Developer/Xcode/DerivedData/TaxedGmbH_IOS-gerngfqzuwudosgobknlgtoawnlj/SourcePackages/checkouts/firebase-ios-sdk -I/Users/emanuelflury/Library/Developer/Xcode/DerivedData/TaxedGmbH_IOS-gerngfqzuwudosgobknlgtoawnlj/Build/Intermediates.noindex/Firebase.build/Debug-iphoneos/FirebaseMessaging.build/DerivedSources-normal/arm64 -I/Users/emanuelflury/Library/Developer/Xcode/DerivedData/TaxedGmbH_IOS-gerngfqzuwudosgobknlgtoawnlj/Build/Intermediates.noindex/Firebase.build/Debug-iphoneos/FirebaseMessaging.build/DerivedSources/arm64 -I/Users/emanuelflury/Library/Developer/Xcode/DerivedData/TaxedGmbH_IOS-gerngfqzuwudosgobknlgtoawnlj/Build/Intermediates.noindex/Firebase.build/Debug-iphoneos/FirebaseMessaging.build/DerivedSources -F/Users/emanuelflury/Library/Developer/Xcode/DerivedData/TaxedGmbH_IOS-gerngfqzuwudosgobknlgtoawnlj/Build/Products/Debug-iphoneos/PackageFrameworks -F/Users/emanuelflury/Library/Developer/Xcode/DerivedData/TaxedGmbH_IOS-gerngfqzuwudosgobknlgtoawnlj/Build/Products/Debug-iphoneos/PackageFrameworks -F/Users/emanuelflury/Library/Developer/Xcode/DerivedData/TaxedGmbH_IOS-gerngfqzuwudosgobknlgtoawnlj/Build/Products/Debug-iphoneos/PackageFrameworks -F/Users/emanuelflury/Library/Developer/Xcode/DerivedData/TaxedGmbH_IOS-gerngfqzuwudosgobknlgtoawnlj/Build/Products/Debug-iphoneos/PackageFrameworks -F/Users/emanuelflury/Library/Developer/Xcode/DerivedData/TaxedGmbH_IOS-gerngfqzuwudosgobknlgtoawnlj/Build/Products/Debug-iphoneos/PackageFrameworks -F/Users/emanuelflury/Library/Developer/Xcode/DerivedData/TaxedGmbH_IOS-gerngfqzuwudosgobknlgtoawnlj/Build/Products/Debug-iphoneos/PackageFrameworks -F/Users/emanuelflury/Library/Developer/Xcode/DerivedData/TaxedGmbH_IOS-gerngfqzuwudosgobknlgtoawnlj/Build/Products/Debug-iphoneos/PackageFrameworks -F/Users/emanuelflury/Library/Developer/Xcode/DerivedData/TaxedGmbH_IOS-gerngfqzuwudosgobknlgtoawnlj/Build/Products/Debug-iphoneos/PackageFrameworks -F/Users/emanuelflury/Library/Developer/Xcode/DerivedData/TaxedGmbH_IOS-gerngfqzuwudosgobknlgtoawnlj/Build/Products/Debug-iphoneos/PackageFrameworks -F/Users/emanuelflury/Library/Developer/Xcode/DerivedData/TaxedGmbH_IOS-gerngfqzuwudosgobknlgtoawnlj/Build/Products/Debug-iphoneos/PackageFrameworks -F/Users/emanuelflury/Library/Developer/Xcode/DerivedData/TaxedGmbH_IOS-gerngfqzuwudosgobknlgtoawnlj/Build/Products/Debug-iphoneos/PackageFrameworks -F/Users/emanuelflury/Library/Developer/Xcode/DerivedData/TaxedGmbH_IOS-gerngfqzuwudosgobknlgtoawnlj/Build/Products/Debug-iphoneos/PackageFrameworks -F/Users/emanuelflury/Library/Developer/Xcode/DerivedData/TaxedGmbH_IOS-gerngfqzuwudosgobknlgtoawnlj/Build/Products/Debug-iphoneos/PackageFrameworks -F/Users/emanuelflury/Library/Developer/Xcode/DerivedData/TaxedGmbH_IOS-gerngfqzuwudosgobknlgtoawnlj/Build/Products/Debug-iphoneos/PackageFrameworks -F/Users/emanuelflury/Library/Developer/Xcode/DerivedData/TaxedGmbH_IOS-gerngfqzuwudosgobknlgtoawnlj/Build/Products/Debug-iphoneos/PackageFrameworks -F/Users/emanuelflury/Library/Developer/Xcode/DerivedData/TaxedGmbH_IOS-gerngfqzuwudosgobknlgtoawnlj/Build/Products/Debug-iphoneos -iframework /Applications/Xcode.app/Contents/Developer/Platforms/iPhoneOS.platform/Developer/Library/Frameworks -iframework /Applications/Xcode.app/Contents/Developer/Platforms/iPhoneOS.platform/Developer/SDKs/iPhoneOS26.1.sdk/Developer/Library/Frameworks '-fmodule-map-file=/Users/emanuelflury/Library/Developer/Xcode/DerivedData/TaxedGmbH_IOS-gerngfqzuwudosgobknlgtoawnlj/Build/Intermediates.noindex/GeneratedModuleMaps-iphoneos/GoogleUtilities-UserDefaults.modulemap' '-fmodule-map-file=/Users/emanuelflury/Library/Developer/Xcode/DerivedData/TaxedGmbH_IOS-gerngfqzuwudosgobknlgtoawnlj/Build/Intermediates.noindex/GeneratedModuleMaps-iphoneos/GoogleUtilities-Network.modulemap' '-fmodule-map-file=/Users/emanuelflury/Library/Developer/Xcode/DerivedData/TaxedGmbH_IOS-gerngfqzuwudosgobknlgtoawnlj/Build/Intermediates.noindex/GeneratedModuleMaps-iphoneos/GoogleUtilities-NSData.modulemap' '-fmodule-map-file=/Users/emanuelflury/Library/Developer/Xcode/DerivedData/TaxedGmbH_IOS-gerngfqzuwudosgobknlgtoawnlj/Build/Intermediates.noindex/GeneratedModuleMaps-iphoneos/GoogleUtilities-AppDelegateSwizzler.modulemap' '-fmodule-map-file=/Users/emanuelflury/Library/Developer/Xcode/DerivedData/TaxedGmbH_IOS-gerngfqzuwudosgobknlgtoawnlj/Build/Intermediates.noindex/GeneratedModuleMaps-iphoneos/GoogleUtilities-Logger.modulemap' '-fmodule-map-file=/Users/emanuelflury/Library/Developer/Xcode/DerivedData/TaxedGmbH_IOS-gerngfqzuwudosgobknlgtoawnlj/Build/Intermediates.noindex/GeneratedModuleMaps-iphoneos/GoogleUtilities-Environment.modulemap' '-fmodule-map-file=/Users/emanuelflury/Library/Developer/Xcode/DerivedData/TaxedGmbH_IOS-gerngfqzuwudosgobknlgtoawnlj/Build/Intermediates.noindex/GeneratedModuleMaps-iphoneos/third-party-IsAppEncrypted.modulemap' '-fmodule-map-file=/Users/emanuelflury/Library/Developer/Xcode/DerivedData/TaxedGmbH_IOS-gerngfqzuwudosgobknlgtoawnlj/Build/Intermediates.noindex/GeneratedModuleMaps-iphoneos/GoogleUtilities-Reachability.modulemap' '-fmodule-map-file=/Users/emanuelflury/Library/Developer/Xcode/DerivedData/TaxedGmbH_IOS-gerngfqzuwudosgobknlgtoawnlj/Build/Intermediates.noindex/GeneratedModuleMaps-iphoneos/GoogleDataTransport.modulemap' '-fmodule-map-file=/Users/emanuelflury/Library/Developer/Xcode/DerivedData/TaxedGmbH_IOS-gerngfqzuwudosgobknlgtoawnlj/Build/Intermediates.noindex/GeneratedModuleMaps-iphoneos/nanopb.modulemap' '-fmodule-map-file=/Users/emanuelflury/Library/Developer/Xcode/DerivedData/TaxedGmbH_IOS-gerngfqzuwudosgobknlgtoawnlj/Build/Intermediates.noindex/GeneratedModuleMaps-iphoneos/FirebaseInstallations.modulemap' '-fmodule-map-file=/Users/emanuelflury/Library/Developer/Xcode/DerivedData/TaxedGmbH_IOS-gerngfqzuwudosgobknlgtoawnlj/Build/Intermediates.noindex/GeneratedModuleMaps-iphoneos/FirebaseCore.modulemap' '-fmodule-map-file=/Users/emanuelflury/Library/Developer/Xcode/DerivedData/TaxedGmbH_IOS-gerngfqzuwudosgobknlgtoawnlj/Build/Intermediates.noindex/GeneratedModuleMaps-iphoneos/FirebaseCoreInternal.modulemap' -DXcode

WriteAuxiliaryFile /Users/emanuelflury/Library/Developer/Xcode/DerivedData/TaxedGmbH_IOS-gerngfqzuwudosgobknlgtoawnlj/Build/Intermediates.noindex/Firebase.build/Debug-iphoneos/FirebaseMessaging.build/FirebaseMessaging.DependencyStaticMetadataFileList (in target 'FirebaseMessaging' from project 'Firebase')
    cd /Users/emanuelflury/Library/Developer/Xcode/DerivedData/TaxedGmbH_IOS-gerngfqzuwudosgobknlgtoawnlj/SourcePackages/checkouts/firebase-ios-sdk
    write-file /Users/emanuelflury/Library/Developer/Xcode/DerivedData/TaxedGmbH_IOS-gerngfqzuwudosgobknlgtoawnlj/Build/Intermediates.noindex/Firebase.build/Debug-iphoneos/FirebaseMessaging.build/FirebaseMessaging.DependencyStaticMetadataFileList

WriteAuxiliaryFile /Users/emanuelflury/Library/Developer/Xcode/DerivedData/TaxedGmbH_IOS-gerngfqzuwudosgobknlgtoawnlj/Build/Intermediates.noindex/Firebase.build/Debug-iphoneos/FirebaseMessaging.build/FirebaseMessaging.modulemap (in target 'FirebaseMessaging' from project 'Firebase')
    cd /Users/emanuelflury/Library/Developer/Xcode/DerivedData/TaxedGmbH_IOS-gerngfqzuwudosgobknlgtoawnlj/SourcePackages/checkouts/firebase-ios-sdk
    write-file /Users/emanuelflury/Library/Developer/Xcode/DerivedData/TaxedGmbH_IOS-gerngfqzuwudosgobknlgtoawnlj/Build/Intermediates.noindex/Firebase.build/Debug-iphoneos/FirebaseMessaging.build/FirebaseMessaging.modulemap

WriteAuxiliaryFile /Users/emanuelflury/Library/Developer/Xcode/DerivedData/TaxedGmbH_IOS-gerngfqzuwudosgobknlgtoawnlj/Build/Intermediates.noindex/Firebase.build/Debug-iphoneos/FirebaseMessaging.build/FirebaseMessaging.DependencyMetadataFileList (in target 'FirebaseMessaging' from project 'Firebase')
    cd /Users/emanuelflury/Library/Developer/Xcode/DerivedData/TaxedGmbH_IOS-gerngfqzuwudosgobknlgtoawnlj/SourcePackages/checkouts/firebase-ios-sdk
    write-file /Users/emanuelflury/Library/Developer/Xcode/DerivedData/TaxedGmbH_IOS-gerngfqzuwudosgobknlgtoawnlj/Build/Intermediates.noindex/Firebase.build/Debug-iphoneos/FirebaseMessaging.build/FirebaseMessaging.DependencyMetadataFileList

WriteAuxiliaryFile /Users/emanuelflury/Library/Developer/Xcode/DerivedData/TaxedGmbH_IOS-gerngfqzuwudosgobknlgtoawnlj/Build/Intermediates.noindex/Firebase.build/Debug-iphoneos/FirebaseMessaging.build/DerivedSources/resource_bundle_accessor.m (in target 'FirebaseMessaging' from project 'Firebase')
    cd /Users/emanuelflury/Library/Developer/Xcode/DerivedData/TaxedGmbH_IOS-gerngfqzuwudosgobknlgtoawnlj/SourcePackages/checkouts/firebase-ios-sdk
    write-file /Users/emanuelflury/Library/Developer/Xcode/DerivedData/TaxedGmbH_IOS-gerngfqzuwudosgobknlgtoawnlj/Build/Intermediates.noindex/Firebase.build/Debug-iphoneos/FirebaseMessaging.build/DerivedSources/resource_bundle_accessor.m

WriteAuxiliaryFile /Users/emanuelflury/Library/Developer/Xcode/DerivedData/TaxedGmbH_IOS-gerngfqzuwudosgobknlgtoawnlj/Build/Intermediates.noindex/Firebase.build/Debug-iphoneos/FirebaseMessaging.build/DerivedSources/resource_bundle_accessor.h (in target 'FirebaseMessaging' from project 'Firebase')
    cd /Users/emanuelflury/Library/Developer/Xcode/DerivedData/TaxedGmbH_IOS-gerngfqzuwudosgobknlgtoawnlj/SourcePackages/checkouts/firebase-ios-sdk
    write-file /Users/emanuelflury/Library/Developer/Xcode/DerivedData/TaxedGmbH_IOS-gerngfqzuwudosgobknlgtoawnlj/Build/Intermediates.noindex/Firebase.build/Debug-iphoneos/FirebaseMessaging.build/DerivedSources/resource_bundle_accessor.h

WriteAuxiliaryFile /Users/emanuelflury/Library/Developer/Xcode/DerivedData/TaxedGmbH_IOS-gerngfqzuwudosgobknlgtoawnlj/Build/Intermediates.noindex/Firebase.build/Debug-iphoneos/FirebaseInstallations.build/FirebaseInstallations.modulemap (in target 'FirebaseInstallations' from project 'Firebase')
    cd /Users/emanuelflury/Library/Developer/Xcode/DerivedData/TaxedGmbH_IOS-gerngfqzuwudosgobknlgtoawnlj/SourcePackages/checkouts/firebase-ios-sdk
    write-file /Users/emanuelflury/Library/Developer/Xcode/DerivedData/TaxedGmbH_IOS-gerngfqzuwudosgobknlgtoawnlj/Build/Intermediates.noindex/Firebase.build/Debug-iphoneos/FirebaseInstallations.build/FirebaseInstallations.modulemap

WriteAuxiliaryFile /Users/emanuelflury/Library/Developer/Xcode/DerivedData/TaxedGmbH_IOS-gerngfqzuwudosgobknlgtoawnlj/Build/Intermediates.noindex/Firebase.build/Debug-iphoneos/FirebaseInstallations.build/FirebaseInstallations.DependencyStaticMetadataFileList (in target 'FirebaseInstallations' from project 'Firebase')
    cd /Users/emanuelflury/Library/Developer/Xcode/DerivedData/TaxedGmbH_IOS-gerngfqzuwudosgobknlgtoawnlj/SourcePackages/checkouts/firebase-ios-sdk
    write-file /Users/emanuelflury/Library/Developer/Xcode/DerivedData/TaxedGmbH_IOS-gerngfqzuwudosgobknlgtoawnlj/Build/Intermediates.noindex/Firebase.build/Debug-iphoneos/FirebaseInstallations.build/FirebaseInstallations.DependencyStaticMetadataFileList

WriteAuxiliaryFile /Users/emanuelflury/Library/Developer/Xcode/DerivedData/TaxedGmbH_IOS-gerngfqzuwudosgobknlgtoawnlj/Build/Intermediates.noindex/Firebase.build/Debug-iphoneos/FirebaseInstallations.build/FirebaseInstallations.DependencyMetadataFileList (in target 'FirebaseInstallations' from project 'Firebase')
    cd /Users/emanuelflury/Library/Developer/Xcode/DerivedData/TaxedGmbH_IOS-gerngfqzuwudosgobknlgtoawnlj/SourcePackages/checkouts/firebase-ios-sdk
    write-file /Users/emanuelflury/Library/Developer/Xcode/DerivedData/TaxedGmbH_IOS-gerngfqzuwudosgobknlgtoawnlj/Build/Intermediates.noindex/Firebase.build/Debug-iphoneos/FirebaseInstallations.build/FirebaseInstallations.DependencyMetadataFileList

WriteAuxiliaryFile /Users/emanuelflury/Library/Developer/Xcode/DerivedData/TaxedGmbH_IOS-gerngfqzuwudosgobknlgtoawnlj/Build/Intermediates.noindex/Firebase.build/Debug-iphoneos/FirebaseInstallations.build/Objects-normal/arm64/FirebaseInstallations.LinkFileList (in target 'FirebaseInstallations' from project 'Firebase')
    cd /Users/emanuelflury/Library/Developer/Xcode/DerivedData/TaxedGmbH_IOS-gerngfqzuwudosgobknlgtoawnlj/SourcePackages/checkouts/firebase-ios-sdk
    write-file /Users/emanuelflury/Library/Developer/Xcode/DerivedData/TaxedGmbH_IOS-gerngfqzuwudosgobknlgtoawnlj/Build/Intermediates.noindex/Firebase.build/Debug-iphoneos/FirebaseInstallations.build/Objects-normal/arm64/FirebaseInstallations.LinkFileList

WriteAuxiliaryFile /Users/emanuelflury/Library/Developer/Xcode/DerivedData/TaxedGmbH_IOS-gerngfqzuwudosgobknlgtoawnlj/Build/Intermediates.noindex/Firebase.build/Debug-iphoneos/FirebaseInstallations.build/Objects-normal/arm64/e6072d4f65d7061329687fe24e3d63a7-common-args.resp (in target 'FirebaseInstallations' from project 'Firebase')
    cd /Users/emanuelflury/Library/Developer/Xcode/DerivedData/TaxedGmbH_IOS-gerngfqzuwudosgobknlgtoawnlj/SourcePackages/checkouts/firebase-ios-sdk
    write-file /Users/emanuelflury/Library/Developer/Xcode/DerivedData/TaxedGmbH_IOS-gerngfqzuwudosgobknlgtoawnlj/Build/Intermediates.noindex/Firebase.build/Debug-iphoneos/FirebaseInstallations.build/Objects-normal/arm64/e6072d4f65d7061329687fe24e3d63a7-common-args.resp
-target arm64-apple-ios15.0 -fobjc-arc -fmodules -gmodules '-fmodules-cache-path=/Users/emanuelflury/Library/Developer/Xcode/DerivedData/ModuleCache.noindex' '-fmodule-name=FirebaseInstallations' -fpascal-strings -O0 -DSWIFT_PACKAGE '-DDEBUG=1' '-DOBJC_OLD_DISPATCH_PROTOTYPES=1' -isysroot /Applications/Xcode.app/Contents/Developer/Platforms/iPhoneOS.platform/Developer/SDKs/iPhoneOS26.1.sdk -g -fprofile-instr-generate -fcoverage-mapping -I/Users/emanuelflury/Library/Developer/Xcode/DerivedData/TaxedGmbH_IOS-gerngfqzuwudosgobknlgtoawnlj/SourcePackages/checkouts/GoogleUtilities/GoogleUtilities/NSData+zlib/Public -I/Users/emanuelflury/Library/Developer/Xcode/DerivedData/TaxedGmbH_IOS-gerngfqzuwudosgobknlgtoawnlj/SourcePackages/checkouts/promises/Sources/FBLPromises/include -I/Users/emanuelflury/Library/Developer/Xcode/DerivedData/TaxedGmbH_IOS-gerngfqzuwudosgobknlgtoawnlj/SourcePackages/checkouts/GoogleUtilities/GoogleUtilities/Logger/Public -I/Users/emanuelflury/Library/Developer/Xcode/DerivedData/TaxedGmbH_IOS-gerngfqzuwudosgobknlgtoawnlj/SourcePackages/checkouts/GoogleUtilities/GoogleUtilities/Environment/Public -I/Users/emanuelflury/Library/Developer/Xcode/DerivedData/TaxedGmbH_IOS-gerngfqzuwudosgobknlgtoawnlj/SourcePackages/checkouts/GoogleUtilities/third_party/IsAppEncrypted/Public -I/Users/emanuelflury/Library/Developer/Xcode/DerivedData/TaxedGmbH_IOS-gerngfqzuwudosgobknlgtoawnlj/SourcePackages/checkouts/GoogleUtilities/GoogleUtilities/UserDefaults/Public -I/Users/emanuelflury/Library/Developer/Xcode/DerivedData/TaxedGmbH_IOS-gerngfqzuwudosgobknlgtoawnlj/SourcePackages/checkouts/firebase-ios-sdk/FirebaseCore/Sources/Public -I/Users/emanuelflury/Library/Developer/Xcode/DerivedData/TaxedGmbH_IOS-gerngfqzuwudosgobknlgtoawnlj/SourcePackages/checkouts/firebase-ios-sdk/CoreOnly/Sources -I/Users/emanuelflury/Library/Developer/Xcode/DerivedData/TaxedGmbH_IOS-gerngfqzuwudosgobknlgtoawnlj/Build/Products/Debug-iphoneos/include -I/Users/emanuelflury/Library/Developer/Xcode/DerivedData/TaxedGmbH_IOS-gerngfqzuwudosgobknlgtoawnlj/SourcePackages/checkouts/firebase-ios-sdk/FirebaseInstallations/Source/Library/Public -I/Users/emanuelflury/Library/Developer/Xcode/DerivedData/TaxedGmbH_IOS-gerngfqzuwudosgobknlgtoawnlj/SourcePackages/checkouts/firebase-ios-sdk -I/Users/emanuelflury/Library/Developer/Xcode/DerivedData/TaxedGmbH_IOS-gerngfqzuwudosgobknlgtoawnlj/Build/Intermediates.noindex/Firebase.build/Debug-iphoneos/FirebaseInstallations.build/DerivedSources-normal/arm64 -I/Users/emanuelflury/Library/Developer/Xcode/DerivedData/TaxedGmbH_IOS-gerngfqzuwudosgobknlgtoawnlj/Build/Intermediates.noindex/Firebase.build/Debug-iphoneos/FirebaseInstallations.build/DerivedSources/arm64 -I/Users/emanuelflury/Library/Developer/Xcode/DerivedData/TaxedGmbH_IOS-gerngfqzuwudosgobknlgtoawnlj/Build/Intermediates.noindex/Firebase.build/Debug-iphoneos/FirebaseInstallations.build/DerivedSources -F/Users/emanuelflury/Library/Developer/Xcode/DerivedData/TaxedGmbH_IOS-gerngfqzuwudosgobknlgtoawnlj/Build/Products/Debug-iphoneos/PackageFrameworks -F/Users/emanuelflury/Library/Developer/Xcode/DerivedData/TaxedGmbH_IOS-gerngfqzuwudosgobknlgtoawnlj/Build/Products/Debug-iphoneos/PackageFrameworks -F/Users/emanuelflury/Library/Developer/Xcode/DerivedData/TaxedGmbH_IOS-gerngfqzuwudosgobknlgtoawnlj/Build/Products/Debug-iphoneos/PackageFrameworks -F/Users/emanuelflury/Library/Developer/Xcode/DerivedData/TaxedGmbH_IOS-gerngfqzuwudosgobknlgtoawnlj/Build/Products/Debug-iphoneos/PackageFrameworks -F/Users/emanuelflury/Library/Developer/Xcode/DerivedData/TaxedGmbH_IOS-gerngfqzuwudosgobknlgtoawnlj/Build/Products/Debug-iphoneos/PackageFrameworks -F/Users/emanuelflury/Library/Developer/Xcode/DerivedData/TaxedGmbH_IOS-gerngfqzuwudosgobknlgtoawnlj/Build/Products/Debug-iphoneos/PackageFrameworks -F/Users/emanuelflury/Library/Developer/Xcode/DerivedData/TaxedGmbH_IOS-gerngfqzuwudosgobknlgtoawnlj/Build/Products/Debug-iphoneos/PackageFrameworks -F/Users/emanuelflury/Library/Developer/Xcode/DerivedData/TaxedGmbH_IOS-gerngfqzuwudosgobknlgtoawnlj/Build/Products/Debug-iphoneos/PackageFrameworks -F/Users/emanuelflury/Library/Developer/Xcode/DerivedData/TaxedGmbH_IOS-gerngfqzuwudosgobknlgtoawnlj/Build/Products/Debug-iphoneos/PackageFrameworks -F/Users/emanuelflury/Library/Developer/Xcode/DerivedData/TaxedGmbH_IOS-gerngfqzuwudosgobknlgtoawnlj/Build/Products/Debug-iphoneos -iframework /Applications/Xcode.app/Contents/Developer/Platforms/iPhoneOS.platform/Developer/Library/Frameworks -iframework /Applications/Xcode.app/Contents/Developer/Platforms/iPhoneOS.platform/Developer/SDKs/iPhoneOS26.1.sdk/Developer/Library/Frameworks '-fmodule-map-file=/Users/emanuelflury/Library/Developer/Xcode/DerivedData/TaxedGmbH_IOS-gerngfqzuwudosgobknlgtoawnlj/Build/Intermediates.noindex/GeneratedModuleMaps-iphoneos/GoogleUtilities-NSData.modulemap' '-fmodule-map-file=/Users/emanuelflury/Library/Developer/Xcode/DerivedData/TaxedGmbH_IOS-gerngfqzuwudosgobknlgtoawnlj/Build/Intermediates.noindex/GeneratedModuleMaps-iphoneos/GoogleUtilities-Logger.modulemap' '-fmodule-map-file=/Users/emanuelflury/Library/Developer/Xcode/DerivedData/TaxedGmbH_IOS-gerngfqzuwudosgobknlgtoawnlj/Build/Intermediates.noindex/GeneratedModuleMaps-iphoneos/GoogleUtilities-Environment.modulemap' '-fmodule-map-file=/Users/emanuelflury/Library/Developer/Xcode/DerivedData/TaxedGmbH_IOS-gerngfqzuwudosgobknlgtoawnlj/Build/Intermediates.noindex/GeneratedModuleMaps-iphoneos/third-party-IsAppEncrypted.modulemap' '-fmodule-map-file=/Users/emanuelflury/Library/Developer/Xcode/DerivedData/TaxedGmbH_IOS-gerngfqzuwudosgobknlgtoawnlj/Build/Intermediates.noindex/GeneratedModuleMaps-iphoneos/GoogleUtilities-UserDefaults.modulemap' '-fmodule-map-file=/Users/emanuelflury/Library/Developer/Xcode/DerivedData/TaxedGmbH_IOS-gerngfqzuwudosgobknlgtoawnlj/Build/Intermediates.noindex/GeneratedModuleMaps-iphoneos/FirebaseCore.modulemap' '-fmodule-map-file=/Users/emanuelflury/Library/Developer/Xcode/DerivedData/TaxedGmbH_IOS-gerngfqzuwudosgobknlgtoawnlj/Build/Intermediates.noindex/GeneratedModuleMaps-iphoneos/FirebaseCoreInternal.modulemap' -DXcode

WriteAuxiliaryFile /Users/emanuelflury/Library/Developer/Xcode/DerivedData/TaxedGmbH_IOS-gerngfqzuwudosgobknlgtoawnlj/Build/Intermediates.noindex/Firebase.build/Debug-iphoneos/FirebaseInstallations.build/DerivedSources/resource_bundle_accessor.m (in target 'FirebaseInstallations' from project 'Firebase')
    cd /Users/emanuelflury/Library/Developer/Xcode/DerivedData/TaxedGmbH_IOS-gerngfqzuwudosgobknlgtoawnlj/SourcePackages/checkouts/firebase-ios-sdk
    write-file /Users/emanuelflury/Library/Developer/Xcode/DerivedData/TaxedGmbH_IOS-gerngfqzuwudosgobknlgtoawnlj/Build/Intermediates.noindex/Firebase.build/Debug-iphoneos/FirebaseInstallations.build/DerivedSources/resource_bundle_accessor.m

WriteAuxiliaryFile /Users/emanuelflury/Library/Developer/Xcode/DerivedData/TaxedGmbH_IOS-gerngfqzuwudosgobknlgtoawnlj/Build/Intermediates.noindex/Firebase.build/Debug-iphoneos/FirebaseInstallations.build/DerivedSources/resource_bundle_accessor.h (in target 'FirebaseInstallations' from project 'Firebase')
    cd /Users/emanuelflury/Library/Developer/Xcode/DerivedData/TaxedGmbH_IOS-gerngfqzuwudosgobknlgtoawnlj/SourcePackages/checkouts/firebase-ios-sdk
    write-file /Users/emanuelflury/Library/Developer/Xcode/DerivedData/TaxedGmbH_IOS-gerngfqzuwudosgobknlgtoawnlj/Build/Intermediates.noindex/Firebase.build/Debug-iphoneos/FirebaseInstallations.build/DerivedSources/resource_bundle_accessor.h

WriteAuxiliaryFile /Users/emanuelflury/Library/Developer/Xcode/DerivedData/TaxedGmbH_IOS-gerngfqzuwudosgobknlgtoawnlj/Build/Intermediates.noindex/Firebase.build/Debug-iphoneos/FirebaseFunctions.build/Objects-normal/arm64/FirebaseFunctions_const_extract_protocols.json (in target 'FirebaseFunctions' from project 'Firebase')
    cd /Users/emanuelflury/Library/Developer/Xcode/DerivedData/TaxedGmbH_IOS-gerngfqzuwudosgobknlgtoawnlj/SourcePackages/checkouts/firebase-ios-sdk
    write-file /Users/emanuelflury/Library/Developer/Xcode/DerivedData/TaxedGmbH_IOS-gerngfqzuwudosgobknlgtoawnlj/Build/Intermediates.noindex/Firebase.build/Debug-iphoneos/FirebaseFunctions.build/Objects-normal/arm64/FirebaseFunctions_const_extract_protocols.json

WriteAuxiliaryFile /Users/emanuelflury/Library/Developer/Xcode/DerivedData/TaxedGmbH_IOS-gerngfqzuwudosgobknlgtoawnlj/Build/Intermediates.noindex/Firebase.build/Debug-iphoneos/FirebaseFunctions.build/Objects-normal/arm64/FirebaseFunctions.SwiftFileList (in target 'FirebaseFunctions' from project 'Firebase')
    cd /Users/emanuelflury/Library/Developer/Xcode/DerivedData/TaxedGmbH_IOS-gerngfqzuwudosgobknlgtoawnlj/SourcePackages/checkouts/firebase-ios-sdk
    write-file /Users/emanuelflury/Library/Developer/Xcode/DerivedData/TaxedGmbH_IOS-gerngfqzuwudosgobknlgtoawnlj/Build/Intermediates.noindex/Firebase.build/Debug-iphoneos/FirebaseFunctions.build/Objects-normal/arm64/FirebaseFunctions.SwiftFileList

WriteAuxiliaryFile /Users/emanuelflury/Library/Developer/Xcode/DerivedData/TaxedGmbH_IOS-gerngfqzuwudosgobknlgtoawnlj/Build/Intermediates.noindex/Firebase.build/Debug-iphoneos/FirebaseFunctions.build/Objects-normal/arm64/FirebaseFunctions.SwiftConstValuesFileList (in target 'FirebaseFunctions' from project 'Firebase')
    cd /Users/emanuelflury/Library/Developer/Xcode/DerivedData/TaxedGmbH_IOS-gerngfqzuwudosgobknlgtoawnlj/SourcePackages/checkouts/firebase-ios-sdk
    write-file /Users/emanuelflury/Library/Developer/Xcode/DerivedData/TaxedGmbH_IOS-gerngfqzuwudosgobknlgtoawnlj/Build/Intermediates.noindex/Firebase.build/Debug-iphoneos/FirebaseFunctions.build/Objects-normal/arm64/FirebaseFunctions.SwiftConstValuesFileList

WriteAuxiliaryFile /Users/emanuelflury/Library/Developer/Xcode/DerivedData/TaxedGmbH_IOS-gerngfqzuwudosgobknlgtoawnlj/Build/Intermediates.noindex/Firebase.build/Debug-iphoneos/FirebaseFunctions.build/Objects-normal/arm64/FirebaseFunctions.LinkFileList (in target 'FirebaseFunctions' from project 'Firebase')
    cd /Users/emanuelflury/Library/Developer/Xcode/DerivedData/TaxedGmbH_IOS-gerngfqzuwudosgobknlgtoawnlj/SourcePackages/checkouts/firebase-ios-sdk
    write-file /Users/emanuelflury/Library/Developer/Xcode/DerivedData/TaxedGmbH_IOS-gerngfqzuwudosgobknlgtoawnlj/Build/Intermediates.noindex/Firebase.build/Debug-iphoneos/FirebaseFunctions.build/Objects-normal/arm64/FirebaseFunctions.LinkFileList

WriteAuxiliaryFile /Users/emanuelflury/Library/Developer/Xcode/DerivedData/TaxedGmbH_IOS-gerngfqzuwudosgobknlgtoawnlj/Build/Intermediates.noindex/Firebase.build/Debug-iphoneos/FirebaseFunctions.build/Objects-normal/arm64/FirebaseFunctions-OutputFileMap.json (in target 'FirebaseFunctions' from project 'Firebase')
    cd /Users/emanuelflury/Library/Developer/Xcode/DerivedData/TaxedGmbH_IOS-gerngfqzuwudosgobknlgtoawnlj/SourcePackages/checkouts/firebase-ios-sdk
    write-file /Users/emanuelflury/Library/Developer/Xcode/DerivedData/TaxedGmbH_IOS-gerngfqzuwudosgobknlgtoawnlj/Build/Intermediates.noindex/Firebase.build/Debug-iphoneos/FirebaseFunctions.build/Objects-normal/arm64/FirebaseFunctions-OutputFileMap.json

WriteAuxiliaryFile /Users/emanuelflury/Library/Developer/Xcode/DerivedData/TaxedGmbH_IOS-gerngfqzuwudosgobknlgtoawnlj/Build/Intermediates.noindex/Firebase.build/Debug-iphoneos/FirebaseFunctions.build/FirebaseFunctions.DependencyStaticMetadataFileList (in target 'FirebaseFunctions' from project 'Firebase')
    cd /Users/emanuelflury/Library/Developer/Xcode/DerivedData/TaxedGmbH_IOS-gerngfqzuwudosgobknlgtoawnlj/SourcePackages/checkouts/firebase-ios-sdk
    write-file /Users/emanuelflury/Library/Developer/Xcode/DerivedData/TaxedGmbH_IOS-gerngfqzuwudosgobknlgtoawnlj/Build/Intermediates.noindex/Firebase.build/Debug-iphoneos/FirebaseFunctions.build/FirebaseFunctions.DependencyStaticMetadataFileList

WriteAuxiliaryFile /Users/emanuelflury/Library/Developer/Xcode/DerivedData/TaxedGmbH_IOS-gerngfqzuwudosgobknlgtoawnlj/Build/Intermediates.noindex/Firebase.build/Debug-iphoneos/FirebaseFunctions.build/FirebaseFunctions.modulemap (in target 'FirebaseFunctions' from project 'Firebase')
    cd /Users/emanuelflury/Library/Developer/Xcode/DerivedData/TaxedGmbH_IOS-gerngfqzuwudosgobknlgtoawnlj/SourcePackages/checkouts/firebase-ios-sdk
    write-file /Users/emanuelflury/Library/Developer/Xcode/DerivedData/TaxedGmbH_IOS-gerngfqzuwudosgobknlgtoawnlj/Build/Intermediates.noindex/Firebase.build/Debug-iphoneos/FirebaseFunctions.build/FirebaseFunctions.modulemap

WriteAuxiliaryFile /Users/emanuelflury/Library/Developer/Xcode/DerivedData/TaxedGmbH_IOS-gerngfqzuwudosgobknlgtoawnlj/Build/Intermediates.noindex/Firebase.build/Debug-iphoneos/FirebaseFunctions.build/FirebaseFunctions.DependencyMetadataFileList (in target 'FirebaseFunctions' from project 'Firebase')
    cd /Users/emanuelflury/Library/Developer/Xcode/DerivedData/TaxedGmbH_IOS-gerngfqzuwudosgobknlgtoawnlj/SourcePackages/checkouts/firebase-ios-sdk
    write-file /Users/emanuelflury/Library/Developer/Xcode/DerivedData/TaxedGmbH_IOS-gerngfqzuwudosgobknlgtoawnlj/Build/Intermediates.noindex/Firebase.build/Debug-iphoneos/FirebaseFunctions.build/FirebaseFunctions.DependencyMetadataFileList

WriteAuxiliaryFile /Users/emanuelflury/Library/Developer/Xcode/DerivedData/TaxedGmbH_IOS-gerngfqzuwudosgobknlgtoawnlj/Build/Intermediates.noindex/Firebase.build/Debug-iphoneos/FirebaseCoreInternal.build/Objects-normal/arm64/FirebaseCoreInternal_const_extract_protocols.json (in target 'FirebaseCoreInternal' from project 'Firebase')
    cd /Users/emanuelflury/Library/Developer/Xcode/DerivedData/TaxedGmbH_IOS-gerngfqzuwudosgobknlgtoawnlj/SourcePackages/checkouts/firebase-ios-sdk
    write-file /Users/emanuelflury/Library/Developer/Xcode/DerivedData/TaxedGmbH_IOS-gerngfqzuwudosgobknlgtoawnlj/Build/Intermediates.noindex/Firebase.build/Debug-iphoneos/FirebaseCoreInternal.build/Objects-normal/arm64/FirebaseCoreInternal_const_extract_protocols.json

WriteAuxiliaryFile /Users/emanuelflury/Library/Developer/Xcode/DerivedData/TaxedGmbH_IOS-gerngfqzuwudosgobknlgtoawnlj/Build/Intermediates.noindex/Firebase.build/Debug-iphoneos/FirebaseCoreInternal.build/Objects-normal/arm64/FirebaseCoreInternal.SwiftFileList (in target 'FirebaseCoreInternal' from project 'Firebase')
    cd /Users/emanuelflury/Library/Developer/Xcode/DerivedData/TaxedGmbH_IOS-gerngfqzuwudosgobknlgtoawnlj/SourcePackages/checkouts/firebase-ios-sdk
    write-file /Users/emanuelflury/Library/Developer/Xcode/DerivedData/TaxedGmbH_IOS-gerngfqzuwudosgobknlgtoawnlj/Build/Intermediates.noindex/Firebase.build/Debug-iphoneos/FirebaseCoreInternal.build/Objects-normal/arm64/FirebaseCoreInternal.SwiftFileList

WriteAuxiliaryFile /Users/emanuelflury/Library/Developer/Xcode/DerivedData/TaxedGmbH_IOS-gerngfqzuwudosgobknlgtoawnlj/Build/Intermediates.noindex/Firebase.build/Debug-iphoneos/FirebaseCoreInternal.build/Objects-normal/arm64/FirebaseCoreInternal.SwiftConstValuesFileList (in target 'FirebaseCoreInternal' from project 'Firebase')
    cd /Users/emanuelflury/Library/Developer/Xcode/DerivedData/TaxedGmbH_IOS-gerngfqzuwudosgobknlgtoawnlj/SourcePackages/checkouts/firebase-ios-sdk
    write-file /Users/emanuelflury/Library/Developer/Xcode/DerivedData/TaxedGmbH_IOS-gerngfqzuwudosgobknlgtoawnlj/Build/Intermediates.noindex/Firebase.build/Debug-iphoneos/FirebaseCoreInternal.build/Objects-normal/arm64/FirebaseCoreInternal.SwiftConstValuesFileList

WriteAuxiliaryFile /Users/emanuelflury/Library/Developer/Xcode/DerivedData/TaxedGmbH_IOS-gerngfqzuwudosgobknlgtoawnlj/Build/Intermediates.noindex/Firebase.build/Debug-iphoneos/FirebaseCoreInternal.build/Objects-normal/arm64/FirebaseCoreInternal.LinkFileList (in target 'FirebaseCoreInternal' from project 'Firebase')
    cd /Users/emanuelflury/Library/Developer/Xcode/DerivedData/TaxedGmbH_IOS-gerngfqzuwudosgobknlgtoawnlj/SourcePackages/checkouts/firebase-ios-sdk
    write-file /Users/emanuelflury/Library/Developer/Xcode/DerivedData/TaxedGmbH_IOS-gerngfqzuwudosgobknlgtoawnlj/Build/Intermediates.noindex/Firebase.build/Debug-iphoneos/FirebaseCoreInternal.build/Objects-normal/arm64/FirebaseCoreInternal.LinkFileList

WriteAuxiliaryFile /Users/emanuelflury/Library/Developer/Xcode/DerivedData/TaxedGmbH_IOS-gerngfqzuwudosgobknlgtoawnlj/Build/Intermediates.noindex/Firebase.build/Debug-iphoneos/FirebaseCoreInternal.build/Objects-normal/arm64/FirebaseCoreInternal-OutputFileMap.json (in target 'FirebaseCoreInternal' from project 'Firebase')
    cd /Users/emanuelflury/Library/Developer/Xcode/DerivedData/TaxedGmbH_IOS-gerngfqzuwudosgobknlgtoawnlj/SourcePackages/checkouts/firebase-ios-sdk
    write-file /Users/emanuelflury/Library/Developer/Xcode/DerivedData/TaxedGmbH_IOS-gerngfqzuwudosgobknlgtoawnlj/Build/Intermediates.noindex/Firebase.build/Debug-iphoneos/FirebaseCoreInternal.build/Objects-normal/arm64/FirebaseCoreInternal-OutputFileMap.json

WriteAuxiliaryFile /Users/emanuelflury/Library/Developer/Xcode/DerivedData/TaxedGmbH_IOS-gerngfqzuwudosgobknlgtoawnlj/Build/Intermediates.noindex/Firebase.build/Debug-iphoneos/FirebaseCoreInternal.build/FirebaseCoreInternal.modulemap (in target 'FirebaseCoreInternal' from project 'Firebase')
    cd /Users/emanuelflury/Library/Developer/Xcode/DerivedData/TaxedGmbH_IOS-gerngfqzuwudosgobknlgtoawnlj/SourcePackages/checkouts/firebase-ios-sdk
    write-file /Users/emanuelflury/Library/Developer/Xcode/DerivedData/TaxedGmbH_IOS-gerngfqzuwudosgobknlgtoawnlj/Build/Intermediates.noindex/Firebase.build/Debug-iphoneos/FirebaseCoreInternal.build/FirebaseCoreInternal.modulemap

WriteAuxiliaryFile /Users/emanuelflury/Library/Developer/Xcode/DerivedData/TaxedGmbH_IOS-gerngfqzuwudosgobknlgtoawnlj/Build/Intermediates.noindex/Firebase.build/Debug-iphoneos/FirebaseCoreInternal.build/FirebaseCoreInternal.DependencyStaticMetadataFileList (in target 'FirebaseCoreInternal' from project 'Firebase')
    cd /Users/emanuelflury/Library/Developer/Xcode/DerivedData/TaxedGmbH_IOS-gerngfqzuwudosgobknlgtoawnlj/SourcePackages/checkouts/firebase-ios-sdk
    write-file /Users/emanuelflury/Library/Developer/Xcode/DerivedData/TaxedGmbH_IOS-gerngfqzuwudosgobknlgtoawnlj/Build/Intermediates.noindex/Firebase.build/Debug-iphoneos/FirebaseCoreInternal.build/FirebaseCoreInternal.DependencyStaticMetadataFileList

WriteAuxiliaryFile /Users/emanuelflury/Library/Developer/Xcode/DerivedData/TaxedGmbH_IOS-gerngfqzuwudosgobknlgtoawnlj/Build/Intermediates.noindex/Firebase.build/Debug-iphoneos/FirebaseCoreInternal.build/FirebaseCoreInternal.DependencyMetadataFileList (in target 'FirebaseCoreInternal' from project 'Firebase')
    cd /Users/emanuelflury/Library/Developer/Xcode/DerivedData/TaxedGmbH_IOS-gerngfqzuwudosgobknlgtoawnlj/SourcePackages/checkouts/firebase-ios-sdk
    write-file /Users/emanuelflury/Library/Developer/Xcode/DerivedData/TaxedGmbH_IOS-gerngfqzuwudosgobknlgtoawnlj/Build/Intermediates.noindex/Firebase.build/Debug-iphoneos/FirebaseCoreInternal.build/FirebaseCoreInternal.DependencyMetadataFileList

WriteAuxiliaryFile /Users/emanuelflury/Library/Developer/Xcode/DerivedData/TaxedGmbH_IOS-gerngfqzuwudosgobknlgtoawnlj/Build/Intermediates.noindex/Firebase.build/Debug-iphoneos/FirebaseCoreInternal.build/DerivedSources/resource_bundle_accessor.swift (in target 'FirebaseCoreInternal' from project 'Firebase')
    cd /Users/emanuelflury/Library/Developer/Xcode/DerivedData/TaxedGmbH_IOS-gerngfqzuwudosgobknlgtoawnlj/SourcePackages/checkouts/firebase-ios-sdk
    write-file /Users/emanuelflury/Library/Developer/Xcode/DerivedData/TaxedGmbH_IOS-gerngfqzuwudosgobknlgtoawnlj/Build/Intermediates.noindex/Firebase.build/Debug-iphoneos/FirebaseCoreInternal.build/DerivedSources/resource_bundle_accessor.swift

WriteAuxiliaryFile /Users/emanuelflury/Library/Developer/Xcode/DerivedData/TaxedGmbH_IOS-gerngfqzuwudosgobknlgtoawnlj/Build/Intermediates.noindex/Firebase.build/Debug-iphoneos/FirebaseCoreExtension.build/FirebaseCoreExtension.modulemap (in target 'FirebaseCoreExtension' from project 'Firebase')
    cd /Users/emanuelflury/Library/Developer/Xcode/DerivedData/TaxedGmbH_IOS-gerngfqzuwudosgobknlgtoawnlj/SourcePackages/checkouts/firebase-ios-sdk
    write-file /Users/emanuelflury/Library/Developer/Xcode/DerivedData/TaxedGmbH_IOS-gerngfqzuwudosgobknlgtoawnlj/Build/Intermediates.noindex/Firebase.build/Debug-iphoneos/FirebaseCoreExtension.build/FirebaseCoreExtension.modulemap

WriteAuxiliaryFile /Users/emanuelflury/Library/Developer/Xcode/DerivedData/TaxedGmbH_IOS-gerngfqzuwudosgobknlgtoawnlj/Build/Intermediates.noindex/Firebase.build/Debug-iphoneos/FirebaseCoreExtension.build/Objects-normal/arm64/e6072d4f65d7061329687fe24e3d63a7-common-args.resp (in target 'FirebaseCoreExtension' from project 'Firebase')
    cd /Users/emanuelflury/Library/Developer/Xcode/DerivedData/TaxedGmbH_IOS-gerngfqzuwudosgobknlgtoawnlj/SourcePackages/checkouts/firebase-ios-sdk
    write-file /Users/emanuelflury/Library/Developer/Xcode/DerivedData/TaxedGmbH_IOS-gerngfqzuwudosgobknlgtoawnlj/Build/Intermediates.noindex/Firebase.build/Debug-iphoneos/FirebaseCoreExtension.build/Objects-normal/arm64/e6072d4f65d7061329687fe24e3d63a7-common-args.resp
-target arm64-apple-ios15.0 -fobjc-arc -fmodules -gmodules '-fmodules-cache-path=/Users/emanuelflury/Library/Developer/Xcode/DerivedData/ModuleCache.noindex' '-fmodule-name=FirebaseCoreExtension' -fpascal-strings -O0 -DSWIFT_PACKAGE '-DDEBUG=1' '-DOBJC_OLD_DISPATCH_PROTOTYPES=1' -isysroot /Applications/Xcode.app/Contents/Developer/Platforms/iPhoneOS.platform/Developer/SDKs/iPhoneOS26.1.sdk -g -fprofile-instr-generate -fcoverage-mapping -I/Users/emanuelflury/Library/Developer/Xcode/DerivedData/TaxedGmbH_IOS-gerngfqzuwudosgobknlgtoawnlj/Build/Products/Debug-iphoneos/include -I/Users/emanuelflury/Library/Developer/Xcode/DerivedData/TaxedGmbH_IOS-gerngfqzuwudosgobknlgtoawnlj/SourcePackages/checkouts/firebase-ios-sdk/FirebaseCore/Extension -I/Users/emanuelflury/Library/Developer/Xcode/DerivedData/TaxedGmbH_IOS-gerngfqzuwudosgobknlgtoawnlj/SourcePackages/checkouts/firebase-ios-sdk -I/Users/emanuelflury/Library/Developer/Xcode/DerivedData/TaxedGmbH_IOS-gerngfqzuwudosgobknlgtoawnlj/Build/Intermediates.noindex/Firebase.build/Debug-iphoneos/FirebaseCoreExtension.build/DerivedSources-normal/arm64 -I/Users/emanuelflury/Library/Developer/Xcode/DerivedData/TaxedGmbH_IOS-gerngfqzuwudosgobknlgtoawnlj/Build/Intermediates.noindex/Firebase.build/Debug-iphoneos/FirebaseCoreExtension.build/DerivedSources/arm64 -I/Users/emanuelflury/Library/Developer/Xcode/DerivedData/TaxedGmbH_IOS-gerngfqzuwudosgobknlgtoawnlj/Build/Intermediates.noindex/Firebase.build/Debug-iphoneos/FirebaseCoreExtension.build/DerivedSources -F/Users/emanuelflury/Library/Developer/Xcode/DerivedData/TaxedGmbH_IOS-gerngfqzuwudosgobknlgtoawnlj/Build/Products/Debug-iphoneos -iframework /Applications/Xcode.app/Contents/Developer/Platforms/iPhoneOS.platform/Developer/Library/Frameworks -iframework /Applications/Xcode.app/Contents/Developer/Platforms/iPhoneOS.platform/Developer/SDKs/iPhoneOS26.1.sdk/Developer/Library/Frameworks -DXcode

WriteAuxiliaryFile /Users/emanuelflury/Library/Developer/Xcode/DerivedData/TaxedGmbH_IOS-gerngfqzuwudosgobknlgtoawnlj/Build/Intermediates.noindex/Firebase.build/Debug-iphoneos/FirebaseCoreExtension.build/Objects-normal/arm64/FirebaseCoreExtension.LinkFileList (in target 'FirebaseCoreExtension' from project 'Firebase')
    cd /Users/emanuelflury/Library/Developer/Xcode/DerivedData/TaxedGmbH_IOS-gerngfqzuwudosgobknlgtoawnlj/SourcePackages/checkouts/firebase-ios-sdk
    write-file /Users/emanuelflury/Library/Developer/Xcode/DerivedData/TaxedGmbH_IOS-gerngfqzuwudosgobknlgtoawnlj/Build/Intermediates.noindex/Firebase.build/Debug-iphoneos/FirebaseCoreExtension.build/Objects-normal/arm64/FirebaseCoreExtension.LinkFileList

WriteAuxiliaryFile /Users/emanuelflury/Library/Developer/Xcode/DerivedData/TaxedGmbH_IOS-gerngfqzuwudosgobknlgtoawnlj/Build/Intermediates.noindex/Firebase.build/Debug-iphoneos/FirebaseCoreExtension.build/FirebaseCoreExtension.DependencyStaticMetadataFileList (in target 'FirebaseCoreExtension' from project 'Firebase')
    cd /Users/emanuelflury/Library/Developer/Xcode/DerivedData/TaxedGmbH_IOS-gerngfqzuwudosgobknlgtoawnlj/SourcePackages/checkouts/firebase-ios-sdk
    write-file /Users/emanuelflury/Library/Developer/Xcode/DerivedData/TaxedGmbH_IOS-gerngfqzuwudosgobknlgtoawnlj/Build/Intermediates.noindex/Firebase.build/Debug-iphoneos/FirebaseCoreExtension.build/FirebaseCoreExtension.DependencyStaticMetadataFileList

WriteAuxiliaryFile /Users/emanuelflury/Library/Developer/Xcode/DerivedData/TaxedGmbH_IOS-gerngfqzuwudosgobknlgtoawnlj/Build/Intermediates.noindex/Firebase.build/Debug-iphoneos/FirebaseCoreExtension.build/FirebaseCoreExtension.DependencyMetadataFileList (in target 'FirebaseCoreExtension' from project 'Firebase')
    cd /Users/emanuelflury/Library/Developer/Xcode/DerivedData/TaxedGmbH_IOS-gerngfqzuwudosgobknlgtoawnlj/SourcePackages/checkouts/firebase-ios-sdk
    write-file /Users/emanuelflury/Library/Developer/Xcode/DerivedData/TaxedGmbH_IOS-gerngfqzuwudosgobknlgtoawnlj/Build/Intermediates.noindex/Firebase.build/Debug-iphoneos/FirebaseCoreExtension.build/FirebaseCoreExtension.DependencyMetadataFileList

WriteAuxiliaryFile /Users/emanuelflury/Library/Developer/Xcode/DerivedData/TaxedGmbH_IOS-gerngfqzuwudosgobknlgtoawnlj/Build/Intermediates.noindex/Firebase.build/Debug-iphoneos/FirebaseCoreExtension.build/DerivedSources/resource_bundle_accessor.m (in target 'FirebaseCoreExtension' from project 'Firebase')
    cd /Users/emanuelflury/Library/Developer/Xcode/DerivedData/TaxedGmbH_IOS-gerngfqzuwudosgobknlgtoawnlj/SourcePackages/checkouts/firebase-ios-sdk
    write-file /Users/emanuelflury/Library/Developer/Xcode/DerivedData/TaxedGmbH_IOS-gerngfqzuwudosgobknlgtoawnlj/Build/Intermediates.noindex/Firebase.build/Debug-iphoneos/FirebaseCoreExtension.build/DerivedSources/resource_bundle_accessor.m

WriteAuxiliaryFile /Users/emanuelflury/Library/Developer/Xcode/DerivedData/TaxedGmbH_IOS-gerngfqzuwudosgobknlgtoawnlj/Build/Intermediates.noindex/Firebase.build/Debug-iphoneos/FirebaseCoreExtension.build/DerivedSources/resource_bundle_accessor.h (in target 'FirebaseCoreExtension' from project 'Firebase')
    cd /Users/emanuelflury/Library/Developer/Xcode/DerivedData/TaxedGmbH_IOS-gerngfqzuwudosgobknlgtoawnlj/SourcePackages/checkouts/firebase-ios-sdk
    write-file /Users/emanuelflury/Library/Developer/Xcode/DerivedData/TaxedGmbH_IOS-gerngfqzuwudosgobknlgtoawnlj/Build/Intermediates.noindex/Firebase.build/Debug-iphoneos/FirebaseCoreExtension.build/DerivedSources/resource_bundle_accessor.h

WriteAuxiliaryFile /Users/emanuelflury/Library/Developer/Xcode/DerivedData/TaxedGmbH_IOS-gerngfqzuwudosgobknlgtoawnlj/Build/Intermediates.noindex/Firebase.build/Debug-iphoneos/FirebaseCore.build/Objects-normal/arm64/e6072d4f65d7061329687fe24e3d63a7-common-args.resp (in target 'FirebaseCore' from project 'Firebase')
    cd /Users/emanuelflury/Library/Developer/Xcode/DerivedData/TaxedGmbH_IOS-gerngfqzuwudosgobknlgtoawnlj/SourcePackages/checkouts/firebase-ios-sdk
    write-file /Users/emanuelflury/Library/Developer/Xcode/DerivedData/TaxedGmbH_IOS-gerngfqzuwudosgobknlgtoawnlj/Build/Intermediates.noindex/Firebase.build/Debug-iphoneos/FirebaseCore.build/Objects-normal/arm64/e6072d4f65d7061329687fe24e3d63a7-common-args.resp
-target arm64-apple-ios15.0 -fobjc-arc -fmodules -gmodules '-fmodules-cache-path=/Users/emanuelflury/Library/Developer/Xcode/DerivedData/ModuleCache.noindex' '-fmodule-name=FirebaseCore' -fpascal-strings -O0 -DSWIFT_PACKAGE '-DDEBUG=1' '-DFirebase_VERSION=12.6.0' '-DOBJC_OLD_DISPATCH_PROTOTYPES=1' -isysroot /Applications/Xcode.app/Contents/Developer/Platforms/iPhoneOS.platform/Developer/SDKs/iPhoneOS26.1.sdk -g -fprofile-instr-generate -fcoverage-mapping -I/Users/emanuelflury/Library/Developer/Xcode/DerivedData/TaxedGmbH_IOS-gerngfqzuwudosgobknlgtoawnlj/SourcePackages/checkouts/GoogleUtilities/GoogleUtilities/NSData+zlib/Public -I/Users/emanuelflury/Library/Developer/Xcode/DerivedData/TaxedGmbH_IOS-gerngfqzuwudosgobknlgtoawnlj/SourcePackages/checkouts/GoogleUtilities/GoogleUtilities/Environment/Public -I/Users/emanuelflury/Library/Developer/Xcode/DerivedData/TaxedGmbH_IOS-gerngfqzuwudosgobknlgtoawnlj/SourcePackages/checkouts/GoogleUtilities/third_party/IsAppEncrypted/Public -I/Users/emanuelflury/Library/Developer/Xcode/DerivedData/TaxedGmbH_IOS-gerngfqzuwudosgobknlgtoawnlj/SourcePackages/checkouts/GoogleUtilities/GoogleUtilities/Logger/Public -I/Users/emanuelflury/Library/Developer/Xcode/DerivedData/TaxedGmbH_IOS-gerngfqzuwudosgobknlgtoawnlj/SourcePackages/checkouts/firebase-ios-sdk/CoreOnly/Sources -I/Users/emanuelflury/Library/Developer/Xcode/DerivedData/TaxedGmbH_IOS-gerngfqzuwudosgobknlgtoawnlj/Build/Products/Debug-iphoneos/include -I/Users/emanuelflury/Library/Developer/Xcode/DerivedData/TaxedGmbH_IOS-gerngfqzuwudosgobknlgtoawnlj/SourcePackages/checkouts/firebase-ios-sdk/FirebaseCore/Sources/Public -I/Users/emanuelflury/Library/Developer/Xcode/DerivedData/TaxedGmbH_IOS-gerngfqzuwudosgobknlgtoawnlj/SourcePackages/checkouts/firebase-ios-sdk -I/Users/emanuelflury/Library/Developer/Xcode/DerivedData/TaxedGmbH_IOS-gerngfqzuwudosgobknlgtoawnlj/Build/Intermediates.noindex/Firebase.build/Debug-iphoneos/FirebaseCore.build/DerivedSources-normal/arm64 -I/Users/emanuelflury/Library/Developer/Xcode/DerivedData/TaxedGmbH_IOS-gerngfqzuwudosgobknlgtoawnlj/Build/Intermediates.noindex/Firebase.build/Debug-iphoneos/FirebaseCore.build/DerivedSources/arm64 -I/Users/emanuelflury/Library/Developer/Xcode/DerivedData/TaxedGmbH_IOS-gerngfqzuwudosgobknlgtoawnlj/Build/Intermediates.noindex/Firebase.build/Debug-iphoneos/FirebaseCore.build/DerivedSources -F/Users/emanuelflury/Library/Developer/Xcode/DerivedData/TaxedGmbH_IOS-gerngfqzuwudosgobknlgtoawnlj/Build/Products/Debug-iphoneos/PackageFrameworks -F/Users/emanuelflury/Library/Developer/Xcode/DerivedData/TaxedGmbH_IOS-gerngfqzuwudosgobknlgtoawnlj/Build/Products/Debug-iphoneos/PackageFrameworks -F/Users/emanuelflury/Library/Developer/Xcode/DerivedData/TaxedGmbH_IOS-gerngfqzuwudosgobknlgtoawnlj/Build/Products/Debug-iphoneos/PackageFrameworks -F/Users/emanuelflury/Library/Developer/Xcode/DerivedData/TaxedGmbH_IOS-gerngfqzuwudosgobknlgtoawnlj/Build/Products/Debug-iphoneos/PackageFrameworks -F/Users/emanuelflury/Library/Developer/Xcode/DerivedData/TaxedGmbH_IOS-gerngfqzuwudosgobknlgtoawnlj/Build/Products/Debug-iphoneos/PackageFrameworks -F/Users/emanuelflury/Library/Developer/Xcode/DerivedData/TaxedGmbH_IOS-gerngfqzuwudosgobknlgtoawnlj/Build/Products/Debug-iphoneos/PackageFrameworks -F/Users/emanuelflury/Library/Developer/Xcode/DerivedData/TaxedGmbH_IOS-gerngfqzuwudosgobknlgtoawnlj/Build/Products/Debug-iphoneos -iframework /Applications/Xcode.app/Contents/Developer/Platforms/iPhoneOS.platform/Developer/Library/Frameworks -iframework /Applications/Xcode.app/Contents/Developer/Platforms/iPhoneOS.platform/Developer/SDKs/iPhoneOS26.1.sdk/Developer/Library/Frameworks '-fmodule-map-file=/Users/emanuelflury/Library/Developer/Xcode/DerivedData/TaxedGmbH_IOS-gerngfqzuwudosgobknlgtoawnlj/Build/Intermediates.noindex/GeneratedModuleMaps-iphoneos/GoogleUtilities-NSData.modulemap' '-fmodule-map-file=/Users/emanuelflury/Library/Developer/Xcode/DerivedData/TaxedGmbH_IOS-gerngfqzuwudosgobknlgtoawnlj/Build/Intermediates.noindex/GeneratedModuleMaps-iphoneos/GoogleUtilities-Environment.modulemap' '-fmodule-map-file=/Users/emanuelflury/Library/Developer/Xcode/DerivedData/TaxedGmbH_IOS-gerngfqzuwudosgobknlgtoawnlj/Build/Intermediates.noindex/GeneratedModuleMaps-iphoneos/third-party-IsAppEncrypted.modulemap' '-fmodule-map-file=/Users/emanuelflury/Library/Developer/Xcode/DerivedData/TaxedGmbH_IOS-gerngfqzuwudosgobknlgtoawnlj/Build/Intermediates.noindex/GeneratedModuleMaps-iphoneos/GoogleUtilities-Logger.modulemap' '-fmodule-map-file=/Users/emanuelflury/Library/Developer/Xcode/DerivedData/TaxedGmbH_IOS-gerngfqzuwudosgobknlgtoawnlj/Build/Intermediates.noindex/GeneratedModuleMaps-iphoneos/FirebaseCoreInternal.modulemap' -DXcode

WriteAuxiliaryFile /Users/emanuelflury/Library/Developer/Xcode/DerivedData/TaxedGmbH_IOS-gerngfqzuwudosgobknlgtoawnlj/Build/Intermediates.noindex/Firebase.build/Debug-iphoneos/FirebaseCore.build/Objects-normal/arm64/FirebaseCore.LinkFileList (in target 'FirebaseCore' from project 'Firebase')
    cd /Users/emanuelflury/Library/Developer/Xcode/DerivedData/TaxedGmbH_IOS-gerngfqzuwudosgobknlgtoawnlj/SourcePackages/checkouts/firebase-ios-sdk
    write-file /Users/emanuelflury/Library/Developer/Xcode/DerivedData/TaxedGmbH_IOS-gerngfqzuwudosgobknlgtoawnlj/Build/Intermediates.noindex/Firebase.build/Debug-iphoneos/FirebaseCore.build/Objects-normal/arm64/FirebaseCore.LinkFileList

WriteAuxiliaryFile /Users/emanuelflury/Library/Developer/Xcode/DerivedData/TaxedGmbH_IOS-gerngfqzuwudosgobknlgtoawnlj/Build/Intermediates.noindex/Firebase.build/Debug-iphoneos/FirebaseCore.build/FirebaseCore.modulemap (in target 'FirebaseCore' from project 'Firebase')
    cd /Users/emanuelflury/Library/Developer/Xcode/DerivedData/TaxedGmbH_IOS-gerngfqzuwudosgobknlgtoawnlj/SourcePackages/checkouts/firebase-ios-sdk
    write-file /Users/emanuelflury/Library/Developer/Xcode/DerivedData/TaxedGmbH_IOS-gerngfqzuwudosgobknlgtoawnlj/Build/Intermediates.noindex/Firebase.build/Debug-iphoneos/FirebaseCore.build/FirebaseCore.modulemap

WriteAuxiliaryFile /Users/emanuelflury/Library/Developer/Xcode/DerivedData/TaxedGmbH_IOS-gerngfqzuwudosgobknlgtoawnlj/Build/Intermediates.noindex/Firebase.build/Debug-iphoneos/FirebaseCore.build/FirebaseCore.DependencyStaticMetadataFileList (in target 'FirebaseCore' from project 'Firebase')
    cd /Users/emanuelflury/Library/Developer/Xcode/DerivedData/TaxedGmbH_IOS-gerngfqzuwudosgobknlgtoawnlj/SourcePackages/checkouts/firebase-ios-sdk
    write-file /Users/emanuelflury/Library/Developer/Xcode/DerivedData/TaxedGmbH_IOS-gerngfqzuwudosgobknlgtoawnlj/Build/Intermediates.noindex/Firebase.build/Debug-iphoneos/FirebaseCore.build/FirebaseCore.DependencyStaticMetadataFileList

WriteAuxiliaryFile /Users/emanuelflury/Library/Developer/Xcode/DerivedData/TaxedGmbH_IOS-gerngfqzuwudosgobknlgtoawnlj/Build/Intermediates.noindex/Firebase.build/Debug-iphoneos/FirebaseCore.build/FirebaseCore.DependencyMetadataFileList (in target 'FirebaseCore' from project 'Firebase')
    cd /Users/emanuelflury/Library/Developer/Xcode/DerivedData/TaxedGmbH_IOS-gerngfqzuwudosgobknlgtoawnlj/SourcePackages/checkouts/firebase-ios-sdk
    write-file /Users/emanuelflury/Library/Developer/Xcode/DerivedData/TaxedGmbH_IOS-gerngfqzuwudosgobknlgtoawnlj/Build/Intermediates.noindex/Firebase.build/Debug-iphoneos/FirebaseCore.build/FirebaseCore.DependencyMetadataFileList

WriteAuxiliaryFile /Users/emanuelflury/Library/Developer/Xcode/DerivedData/TaxedGmbH_IOS-gerngfqzuwudosgobknlgtoawnlj/Build/Intermediates.noindex/Firebase.build/Debug-iphoneos/FirebaseCore.build/DerivedSources/resource_bundle_accessor.m (in target 'FirebaseCore' from project 'Firebase')
    cd /Users/emanuelflury/Library/Developer/Xcode/DerivedData/TaxedGmbH_IOS-gerngfqzuwudosgobknlgtoawnlj/SourcePackages/checkouts/firebase-ios-sdk
    write-file /Users/emanuelflury/Library/Developer/Xcode/DerivedData/TaxedGmbH_IOS-gerngfqzuwudosgobknlgtoawnlj/Build/Intermediates.noindex/Firebase.build/Debug-iphoneos/FirebaseCore.build/DerivedSources/resource_bundle_accessor.m

WriteAuxiliaryFile /Users/emanuelflury/Library/Developer/Xcode/DerivedData/TaxedGmbH_IOS-gerngfqzuwudosgobknlgtoawnlj/Build/Intermediates.noindex/Firebase.build/Debug-iphoneos/FirebaseCore.build/DerivedSources/resource_bundle_accessor.h (in target 'FirebaseCore' from project 'Firebase')
    cd /Users/emanuelflury/Library/Developer/Xcode/DerivedData/TaxedGmbH_IOS-gerngfqzuwudosgobknlgtoawnlj/SourcePackages/checkouts/firebase-ios-sdk
    write-file /Users/emanuelflury/Library/Developer/Xcode/DerivedData/TaxedGmbH_IOS-gerngfqzuwudosgobknlgtoawnlj/Build/Intermediates.noindex/Firebase.build/Debug-iphoneos/FirebaseCore.build/DerivedSources/resource_bundle_accessor.h

WriteAuxiliaryFile /Users/emanuelflury/Library/Developer/Xcode/DerivedData/TaxedGmbH_IOS-gerngfqzuwudosgobknlgtoawnlj/Build/Intermediates.noindex/Firebase.build/Debug-iphoneos/FirebaseAuthInterop.build/Objects-normal/arm64/e6072d4f65d7061329687fe24e3d63a7-common-args.resp (in target 'FirebaseAuthInterop' from project 'Firebase')
    cd /Users/emanuelflury/Library/Developer/Xcode/DerivedData/TaxedGmbH_IOS-gerngfqzuwudosgobknlgtoawnlj/SourcePackages/checkouts/firebase-ios-sdk
    write-file /Users/emanuelflury/Library/Developer/Xcode/DerivedData/TaxedGmbH_IOS-gerngfqzuwudosgobknlgtoawnlj/Build/Intermediates.noindex/Firebase.build/Debug-iphoneos/FirebaseAuthInterop.build/Objects-normal/arm64/e6072d4f65d7061329687fe24e3d63a7-common-args.resp
-target arm64-apple-ios15.0 -fobjc-arc -fmodules -gmodules '-fmodules-cache-path=/Users/emanuelflury/Library/Developer/Xcode/DerivedData/ModuleCache.noindex' '-fmodule-name=FirebaseAuthInterop' -fpascal-strings -O0 -DSWIFT_PACKAGE '-DDEBUG=1' '-DOBJC_OLD_DISPATCH_PROTOTYPES=1' -isysroot /Applications/Xcode.app/Contents/Developer/Platforms/iPhoneOS.platform/Developer/SDKs/iPhoneOS26.1.sdk -g -fprofile-instr-generate -fcoverage-mapping -I/Users/emanuelflury/Library/Developer/Xcode/DerivedData/TaxedGmbH_IOS-gerngfqzuwudosgobknlgtoawnlj/Build/Products/Debug-iphoneos/include -I/Users/emanuelflury/Library/Developer/Xcode/DerivedData/TaxedGmbH_IOS-gerngfqzuwudosgobknlgtoawnlj/SourcePackages/checkouts/firebase-ios-sdk/FirebaseAuth/Interop/Public -I/Users/emanuelflury/Library/Developer/Xcode/DerivedData/TaxedGmbH_IOS-gerngfqzuwudosgobknlgtoawnlj/SourcePackages/checkouts/firebase-ios-sdk -I/Users/emanuelflury/Library/Developer/Xcode/DerivedData/TaxedGmbH_IOS-gerngfqzuwudosgobknlgtoawnlj/Build/Intermediates.noindex/Firebase.build/Debug-iphoneos/FirebaseAuthInterop.build/DerivedSources-normal/arm64 -I/Users/emanuelflury/Library/Developer/Xcode/DerivedData/TaxedGmbH_IOS-gerngfqzuwudosgobknlgtoawnlj/Build/Intermediates.noindex/Firebase.build/Debug-iphoneos/FirebaseAuthInterop.build/DerivedSources/arm64 -I/Users/emanuelflury/Library/Developer/Xcode/DerivedData/TaxedGmbH_IOS-gerngfqzuwudosgobknlgtoawnlj/Build/Intermediates.noindex/Firebase.build/Debug-iphoneos/FirebaseAuthInterop.build/DerivedSources -F/Users/emanuelflury/Library/Developer/Xcode/DerivedData/TaxedGmbH_IOS-gerngfqzuwudosgobknlgtoawnlj/Build/Products/Debug-iphoneos -iframework /Applications/Xcode.app/Contents/Developer/Platforms/iPhoneOS.platform/Developer/Library/Frameworks -iframework /Applications/Xcode.app/Contents/Developer/Platforms/iPhoneOS.platform/Developer/SDKs/iPhoneOS26.1.sdk/Developer/Library/Frameworks -DXcode

WriteAuxiliaryFile /Users/emanuelflury/Library/Developer/Xcode/DerivedData/TaxedGmbH_IOS-gerngfqzuwudosgobknlgtoawnlj/Build/Intermediates.noindex/Firebase.build/Debug-iphoneos/FirebaseAuthInterop.build/Objects-normal/arm64/FirebaseAuthInterop.LinkFileList (in target 'FirebaseAuthInterop' from project 'Firebase')
    cd /Users/emanuelflury/Library/Developer/Xcode/DerivedData/TaxedGmbH_IOS-gerngfqzuwudosgobknlgtoawnlj/SourcePackages/checkouts/firebase-ios-sdk
    write-file /Users/emanuelflury/Library/Developer/Xcode/DerivedData/TaxedGmbH_IOS-gerngfqzuwudosgobknlgtoawnlj/Build/Intermediates.noindex/Firebase.build/Debug-iphoneos/FirebaseAuthInterop.build/Objects-normal/arm64/FirebaseAuthInterop.LinkFileList

WriteAuxiliaryFile /Users/emanuelflury/Library/Developer/Xcode/DerivedData/TaxedGmbH_IOS-gerngfqzuwudosgobknlgtoawnlj/Build/Intermediates.noindex/Firebase.build/Debug-iphoneos/FirebaseAuthInterop.build/FirebaseAuthInterop.modulemap (in target 'FirebaseAuthInterop' from project 'Firebase')
    cd /Users/emanuelflury/Library/Developer/Xcode/DerivedData/TaxedGmbH_IOS-gerngfqzuwudosgobknlgtoawnlj/SourcePackages/checkouts/firebase-ios-sdk
    write-file /Users/emanuelflury/Library/Developer/Xcode/DerivedData/TaxedGmbH_IOS-gerngfqzuwudosgobknlgtoawnlj/Build/Intermediates.noindex/Firebase.build/Debug-iphoneos/FirebaseAuthInterop.build/FirebaseAuthInterop.modulemap

WriteAuxiliaryFile /Users/emanuelflury/Library/Developer/Xcode/DerivedData/TaxedGmbH_IOS-gerngfqzuwudosgobknlgtoawnlj/Build/Intermediates.noindex/Firebase.build/Debug-iphoneos/FirebaseAuthInterop.build/FirebaseAuthInterop.DependencyStaticMetadataFileList (in target 'FirebaseAuthInterop' from project 'Firebase')
    cd /Users/emanuelflury/Library/Developer/Xcode/DerivedData/TaxedGmbH_IOS-gerngfqzuwudosgobknlgtoawnlj/SourcePackages/checkouts/firebase-ios-sdk
    write-file /Users/emanuelflury/Library/Developer/Xcode/DerivedData/TaxedGmbH_IOS-gerngfqzuwudosgobknlgtoawnlj/Build/Intermediates.noindex/Firebase.build/Debug-iphoneos/FirebaseAuthInterop.build/FirebaseAuthInterop.DependencyStaticMetadataFileList

WriteAuxiliaryFile /Users/emanuelflury/Library/Developer/Xcode/DerivedData/TaxedGmbH_IOS-gerngfqzuwudosgobknlgtoawnlj/Build/Intermediates.noindex/Firebase.build/Debug-iphoneos/FirebaseAuthInterop.build/FirebaseAuthInterop.DependencyMetadataFileList (in target 'FirebaseAuthInterop' from project 'Firebase')
    cd /Users/emanuelflury/Library/Developer/Xcode/DerivedData/TaxedGmbH_IOS-gerngfqzuwudosgobknlgtoawnlj/SourcePackages/checkouts/firebase-ios-sdk
    write-file /Users/emanuelflury/Library/Developer/Xcode/DerivedData/TaxedGmbH_IOS-gerngfqzuwudosgobknlgtoawnlj/Build/Intermediates.noindex/Firebase.build/Debug-iphoneos/FirebaseAuthInterop.build/FirebaseAuthInterop.DependencyMetadataFileList

WriteAuxiliaryFile /Users/emanuelflury/Library/Developer/Xcode/DerivedData/TaxedGmbH_IOS-gerngfqzuwudosgobknlgtoawnlj/Build/Intermediates.noindex/Firebase.build/Debug-iphoneos/FirebaseAuthInternal.build/FirebaseAuthInternal.modulemap (in target 'FirebaseAuthInternal' from project 'Firebase')
    cd /Users/emanuelflury/Library/Developer/Xcode/DerivedData/TaxedGmbH_IOS-gerngfqzuwudosgobknlgtoawnlj/SourcePackages/checkouts/firebase-ios-sdk
    write-file /Users/emanuelflury/Library/Developer/Xcode/DerivedData/TaxedGmbH_IOS-gerngfqzuwudosgobknlgtoawnlj/Build/Intermediates.noindex/Firebase.build/Debug-iphoneos/FirebaseAuthInternal.build/FirebaseAuthInternal.modulemap

WriteAuxiliaryFile /Users/emanuelflury/Library/Developer/Xcode/DerivedData/TaxedGmbH_IOS-gerngfqzuwudosgobknlgtoawnlj/Build/Intermediates.noindex/Firebase.build/Debug-iphoneos/FirebaseAuthInternal.build/FirebaseAuthInternal.DependencyStaticMetadataFileList (in target 'FirebaseAuthInternal' from project 'Firebase')
    cd /Users/emanuelflury/Library/Developer/Xcode/DerivedData/TaxedGmbH_IOS-gerngfqzuwudosgobknlgtoawnlj/SourcePackages/checkouts/firebase-ios-sdk
    write-file /Users/emanuelflury/Library/Developer/Xcode/DerivedData/TaxedGmbH_IOS-gerngfqzuwudosgobknlgtoawnlj/Build/Intermediates.noindex/Firebase.build/Debug-iphoneos/FirebaseAuthInternal.build/FirebaseAuthInternal.DependencyStaticMetadataFileList

WriteAuxiliaryFile /Users/emanuelflury/Library/Developer/Xcode/DerivedData/TaxedGmbH_IOS-gerngfqzuwudosgobknlgtoawnlj/Build/Intermediates.noindex/Firebase.build/Debug-iphoneos/FirebaseAuthInternal.build/Objects-normal/arm64/FirebaseAuthInternal.LinkFileList (in target 'FirebaseAuthInternal' from project 'Firebase')
    cd /Users/emanuelflury/Library/Developer/Xcode/DerivedData/TaxedGmbH_IOS-gerngfqzuwudosgobknlgtoawnlj/SourcePackages/checkouts/firebase-ios-sdk
    write-file /Users/emanuelflury/Library/Developer/Xcode/DerivedData/TaxedGmbH_IOS-gerngfqzuwudosgobknlgtoawnlj/Build/Intermediates.noindex/Firebase.build/Debug-iphoneos/FirebaseAuthInternal.build/Objects-normal/arm64/FirebaseAuthInternal.LinkFileList

WriteAuxiliaryFile /Users/emanuelflury/Library/Developer/Xcode/DerivedData/TaxedGmbH_IOS-gerngfqzuwudosgobknlgtoawnlj/Build/Intermediates.noindex/Firebase.build/Debug-iphoneos/FirebaseAuthInternal.build/Objects-normal/arm64/e6072d4f65d7061329687fe24e3d63a7-common-args.resp (in target 'FirebaseAuthInternal' from project 'Firebase')
    cd /Users/emanuelflury/Library/Developer/Xcode/DerivedData/TaxedGmbH_IOS-gerngfqzuwudosgobknlgtoawnlj/SourcePackages/checkouts/firebase-ios-sdk
    write-file /Users/emanuelflury/Library/Developer/Xcode/DerivedData/TaxedGmbH_IOS-gerngfqzuwudosgobknlgtoawnlj/Build/Intermediates.noindex/Firebase.build/Debug-iphoneos/FirebaseAuthInternal.build/Objects-normal/arm64/e6072d4f65d7061329687fe24e3d63a7-common-args.resp
-target arm64-apple-ios15.0 -fobjc-arc -fmodules -gmodules '-fmodules-cache-path=/Users/emanuelflury/Library/Developer/Xcode/DerivedData/ModuleCache.noindex' '-fmodule-name=FirebaseAuthInternal' -fpascal-strings -O0 -DSWIFT_PACKAGE '-DDEBUG=1' '-DOBJC_OLD_DISPATCH_PROTOTYPES=1' -isysroot /Applications/Xcode.app/Contents/Developer/Platforms/iPhoneOS.platform/Developer/SDKs/iPhoneOS26.1.sdk -g -fprofile-instr-generate -fcoverage-mapping -I/Users/emanuelflury/Library/Developer/Xcode/DerivedData/TaxedGmbH_IOS-gerngfqzuwudosgobknlgtoawnlj/SourcePackages/checkouts/interop-ios-for-google-sdks/RecaptchaEnterprise/RecaptchaInterop/Public -I/Users/emanuelflury/Library/Developer/Xcode/DerivedData/TaxedGmbH_IOS-gerngfqzuwudosgobknlgtoawnlj/Build/Products/Debug-iphoneos/include -I/Users/emanuelflury/Library/Developer/Xcode/DerivedData/TaxedGmbH_IOS-gerngfqzuwudosgobknlgtoawnlj/SourcePackages/checkouts/firebase-ios-sdk/FirebaseAuth/Sources/Public -I/Users/emanuelflury/Library/Developer/Xcode/DerivedData/TaxedGmbH_IOS-gerngfqzuwudosgobknlgtoawnlj/SourcePackages/checkouts/firebase-ios-sdk -I/Users/emanuelflury/Library/Developer/Xcode/DerivedData/TaxedGmbH_IOS-gerngfqzuwudosgobknlgtoawnlj/Build/Intermediates.noindex/Firebase.build/Debug-iphoneos/FirebaseAuthInternal.build/DerivedSources-normal/arm64 -I/Users/emanuelflury/Library/Developer/Xcode/DerivedData/TaxedGmbH_IOS-gerngfqzuwudosgobknlgtoawnlj/Build/Intermediates.noindex/Firebase.build/Debug-iphoneos/FirebaseAuthInternal.build/DerivedSources/arm64 -I/Users/emanuelflury/Library/Developer/Xcode/DerivedData/TaxedGmbH_IOS-gerngfqzuwudosgobknlgtoawnlj/Build/Intermediates.noindex/Firebase.build/Debug-iphoneos/FirebaseAuthInternal.build/DerivedSources -F/Users/emanuelflury/Library/Developer/Xcode/DerivedData/TaxedGmbH_IOS-gerngfqzuwudosgobknlgtoawnlj/Build/Products/Debug-iphoneos/PackageFrameworks -F/Users/emanuelflury/Library/Developer/Xcode/DerivedData/TaxedGmbH_IOS-gerngfqzuwudosgobknlgtoawnlj/Build/Products/Debug-iphoneos -iframework /Applications/Xcode.app/Contents/Developer/Platforms/iPhoneOS.platform/Developer/Library/Frameworks -iframework /Applications/Xcode.app/Contents/Developer/Platforms/iPhoneOS.platform/Developer/SDKs/iPhoneOS26.1.sdk/Developer/Library/Frameworks '-fmodule-map-file=/Users/emanuelflury/Library/Developer/Xcode/DerivedData/TaxedGmbH_IOS-gerngfqzuwudosgobknlgtoawnlj/Build/Intermediates.noindex/GeneratedModuleMaps-iphoneos/RecaptchaInterop.modulemap' -DXcode

WriteAuxiliaryFile /Users/emanuelflury/Library/Developer/Xcode/DerivedData/TaxedGmbH_IOS-gerngfqzuwudosgobknlgtoawnlj/Build/Intermediates.noindex/Firebase.build/Debug-iphoneos/FirebaseAuthInternal.build/FirebaseAuthInternal.DependencyMetadataFileList (in target 'FirebaseAuthInternal' from project 'Firebase')
    cd /Users/emanuelflury/Library/Developer/Xcode/DerivedData/TaxedGmbH_IOS-gerngfqzuwudosgobknlgtoawnlj/SourcePackages/checkouts/firebase-ios-sdk
    write-file /Users/emanuelflury/Library/Developer/Xcode/DerivedData/TaxedGmbH_IOS-gerngfqzuwudosgobknlgtoawnlj/Build/Intermediates.noindex/Firebase.build/Debug-iphoneos/FirebaseAuthInternal.build/FirebaseAuthInternal.DependencyMetadataFileList

WriteAuxiliaryFile /Users/emanuelflury/Library/Developer/Xcode/DerivedData/TaxedGmbH_IOS-gerngfqzuwudosgobknlgtoawnlj/Build/Intermediates.noindex/Firebase.build/Debug-iphoneos/FirebaseAuth.build/Objects-normal/arm64/FirebaseAuth_const_extract_protocols.json (in target 'FirebaseAuth' from project 'Firebase')
    cd /Users/emanuelflury/Library/Developer/Xcode/DerivedData/TaxedGmbH_IOS-gerngfqzuwudosgobknlgtoawnlj/SourcePackages/checkouts/firebase-ios-sdk
    write-file /Users/emanuelflury/Library/Developer/Xcode/DerivedData/TaxedGmbH_IOS-gerngfqzuwudosgobknlgtoawnlj/Build/Intermediates.noindex/Firebase.build/Debug-iphoneos/FirebaseAuth.build/Objects-normal/arm64/FirebaseAuth_const_extract_protocols.json

WriteAuxiliaryFile /Users/emanuelflury/Library/Developer/Xcode/DerivedData/TaxedGmbH_IOS-gerngfqzuwudosgobknlgtoawnlj/Build/Intermediates.noindex/Firebase.build/Debug-iphoneos/FirebaseAuth.build/Objects-normal/arm64/FirebaseAuth.SwiftFileList (in target 'FirebaseAuth' from project 'Firebase')
    cd /Users/emanuelflury/Library/Developer/Xcode/DerivedData/TaxedGmbH_IOS-gerngfqzuwudosgobknlgtoawnlj/SourcePackages/checkouts/firebase-ios-sdk
    write-file /Users/emanuelflury/Library/Developer/Xcode/DerivedData/TaxedGmbH_IOS-gerngfqzuwudosgobknlgtoawnlj/Build/Intermediates.noindex/Firebase.build/Debug-iphoneos/FirebaseAuth.build/Objects-normal/arm64/FirebaseAuth.SwiftFileList

WriteAuxiliaryFile /Users/emanuelflury/Library/Developer/Xcode/DerivedData/TaxedGmbH_IOS-gerngfqzuwudosgobknlgtoawnlj/Build/Intermediates.noindex/Firebase.build/Debug-iphoneos/FirebaseAuth.build/Objects-normal/arm64/FirebaseAuth.SwiftConstValuesFileList (in target 'FirebaseAuth' from project 'Firebase')
    cd /Users/emanuelflury/Library/Developer/Xcode/DerivedData/TaxedGmbH_IOS-gerngfqzuwudosgobknlgtoawnlj/SourcePackages/checkouts/firebase-ios-sdk
    write-file /Users/emanuelflury/Library/Developer/Xcode/DerivedData/TaxedGmbH_IOS-gerngfqzuwudosgobknlgtoawnlj/Build/Intermediates.noindex/Firebase.build/Debug-iphoneos/FirebaseAuth.build/Objects-normal/arm64/FirebaseAuth.SwiftConstValuesFileList

WriteAuxiliaryFile /Users/emanuelflury/Library/Developer/Xcode/DerivedData/TaxedGmbH_IOS-gerngfqzuwudosgobknlgtoawnlj/Build/Intermediates.noindex/Firebase.build/Debug-iphoneos/FirebaseAuth.build/Objects-normal/arm64/FirebaseAuth.LinkFileList (in target 'FirebaseAuth' from project 'Firebase')
    cd /Users/emanuelflury/Library/Developer/Xcode/DerivedData/TaxedGmbH_IOS-gerngfqzuwudosgobknlgtoawnlj/SourcePackages/checkouts/firebase-ios-sdk
    write-file /Users/emanuelflury/Library/Developer/Xcode/DerivedData/TaxedGmbH_IOS-gerngfqzuwudosgobknlgtoawnlj/Build/Intermediates.noindex/Firebase.build/Debug-iphoneos/FirebaseAuth.build/Objects-normal/arm64/FirebaseAuth.LinkFileList

WriteAuxiliaryFile /Users/emanuelflury/Library/Developer/Xcode/DerivedData/TaxedGmbH_IOS-gerngfqzuwudosgobknlgtoawnlj/Build/Intermediates.noindex/Firebase.build/Debug-iphoneos/FirebaseAuth.build/Objects-normal/arm64/FirebaseAuth-OutputFileMap.json (in target 'FirebaseAuth' from project 'Firebase')
    cd /Users/emanuelflury/Library/Developer/Xcode/DerivedData/TaxedGmbH_IOS-gerngfqzuwudosgobknlgtoawnlj/SourcePackages/checkouts/firebase-ios-sdk
    write-file /Users/emanuelflury/Library/Developer/Xcode/DerivedData/TaxedGmbH_IOS-gerngfqzuwudosgobknlgtoawnlj/Build/Intermediates.noindex/Firebase.build/Debug-iphoneos/FirebaseAuth.build/Objects-normal/arm64/FirebaseAuth-OutputFileMap.json

Copy /Users/emanuelflury/Library/Developer/Xcode/DerivedData/TaxedGmbH_IOS-gerngfqzuwudosgobknlgtoawnlj/Build/Intermediates.noindex/GeneratedModuleMaps-iphoneos/GoogleUtilities-UserDefaults.modulemap /Users/emanuelflury/Library/Developer/Xcode/DerivedData/TaxedGmbH_IOS-gerngfqzuwudosgobknlgtoawnlj/Build/Intermediates.noindex/GoogleUtilities.build/Debug-iphoneos/GoogleUtilities-UserDefaults.build/GoogleUtilities-UserDefaults.modulemap (in target 'GoogleUtilities-UserDefaults' from project 'GoogleUtilities')
    cd /Users/emanuelflury/Library/Developer/Xcode/DerivedData/TaxedGmbH_IOS-gerngfqzuwudosgobknlgtoawnlj/SourcePackages/checkouts/GoogleUtilities
    builtin-copy -exclude .DS_Store -exclude CVS -exclude .svn -exclude .git -exclude .hg -resolve-src-symlinks /Users/emanuelflury/Library/Developer/Xcode/DerivedData/TaxedGmbH_IOS-gerngfqzuwudosgobknlgtoawnlj/Build/Intermediates.noindex/GoogleUtilities.build/Debug-iphoneos/GoogleUtilities-UserDefaults.build/GoogleUtilities-UserDefaults.modulemap /Users/emanuelflury/Library/Developer/Xcode/DerivedData/TaxedGmbH_IOS-gerngfqzuwudosgobknlgtoawnlj/Build/Intermediates.noindex/GeneratedModuleMaps-iphoneos

WriteAuxiliaryFile /Users/emanuelflury/Library/Developer/Xcode/DerivedData/TaxedGmbH_IOS-gerngfqzuwudosgobknlgtoawnlj/Build/Intermediates.noindex/Firebase.build/Debug-iphoneos/FirebaseAuth.build/FirebaseAuth.modulemap (in target 'FirebaseAuth' from project 'Firebase')
    cd /Users/emanuelflury/Library/Developer/Xcode/DerivedData/TaxedGmbH_IOS-gerngfqzuwudosgobknlgtoawnlj/SourcePackages/checkouts/firebase-ios-sdk
    write-file /Users/emanuelflury/Library/Developer/Xcode/DerivedData/TaxedGmbH_IOS-gerngfqzuwudosgobknlgtoawnlj/Build/Intermediates.noindex/Firebase.build/Debug-iphoneos/FirebaseAuth.build/FirebaseAuth.modulemap

WriteAuxiliaryFile /Users/emanuelflury/Library/Developer/Xcode/DerivedData/TaxedGmbH_IOS-gerngfqzuwudosgobknlgtoawnlj/Build/Intermediates.noindex/Firebase.build/Debug-iphoneos/FirebaseAuth.build/FirebaseAuth.DependencyStaticMetadataFileList (in target 'FirebaseAuth' from project 'Firebase')
    cd /Users/emanuelflury/Library/Developer/Xcode/DerivedData/TaxedGmbH_IOS-gerngfqzuwudosgobknlgtoawnlj/SourcePackages/checkouts/firebase-ios-sdk
    write-file /Users/emanuelflury/Library/Developer/Xcode/DerivedData/TaxedGmbH_IOS-gerngfqzuwudosgobknlgtoawnlj/Build/Intermediates.noindex/Firebase.build/Debug-iphoneos/FirebaseAuth.build/FirebaseAuth.DependencyStaticMetadataFileList

WriteAuxiliaryFile /Users/emanuelflury/Library/Developer/Xcode/DerivedData/TaxedGmbH_IOS-gerngfqzuwudosgobknlgtoawnlj/Build/Intermediates.noindex/Firebase.build/Debug-iphoneos/FirebaseAuth.build/FirebaseAuth.DependencyMetadataFileList (in target 'FirebaseAuth' from project 'Firebase')
    cd /Users/emanuelflury/Library/Developer/Xcode/DerivedData/TaxedGmbH_IOS-gerngfqzuwudosgobknlgtoawnlj/SourcePackages/checkouts/firebase-ios-sdk
    write-file /Users/emanuelflury/Library/Developer/Xcode/DerivedData/TaxedGmbH_IOS-gerngfqzuwudosgobknlgtoawnlj/Build/Intermediates.noindex/Firebase.build/Debug-iphoneos/FirebaseAuth.build/FirebaseAuth.DependencyMetadataFileList

WriteAuxiliaryFile /Users/emanuelflury/Library/Developer/Xcode/DerivedData/TaxedGmbH_IOS-gerngfqzuwudosgobknlgtoawnlj/Build/Intermediates.noindex/Firebase.build/Debug-iphoneos/FirebaseAuth.build/DerivedSources/resource_bundle_accessor.swift (in target 'FirebaseAuth' from project 'Firebase')
    cd /Users/emanuelflury/Library/Developer/Xcode/DerivedData/TaxedGmbH_IOS-gerngfqzuwudosgobknlgtoawnlj/SourcePackages/checkouts/firebase-ios-sdk
    write-file /Users/emanuelflury/Library/Developer/Xcode/DerivedData/TaxedGmbH_IOS-gerngfqzuwudosgobknlgtoawnlj/Build/Intermediates.noindex/Firebase.build/Debug-iphoneos/FirebaseAuth.build/DerivedSources/resource_bundle_accessor.swift

WriteAuxiliaryFile /Users/emanuelflury/Library/Developer/Xcode/DerivedData/TaxedGmbH_IOS-gerngfqzuwudosgobknlgtoawnlj/Build/Intermediates.noindex/Firebase.build/Debug-iphoneos/FirebaseAppCheckInterop.build/Objects-normal/arm64/e6072d4f65d7061329687fe24e3d63a7-common-args.resp (in target 'FirebaseAppCheckInterop' from project 'Firebase')
    cd /Users/emanuelflury/Library/Developer/Xcode/DerivedData/TaxedGmbH_IOS-gerngfqzuwudosgobknlgtoawnlj/SourcePackages/checkouts/firebase-ios-sdk
    write-file /Users/emanuelflury/Library/Developer/Xcode/DerivedData/TaxedGmbH_IOS-gerngfqzuwudosgobknlgtoawnlj/Build/Intermediates.noindex/Firebase.build/Debug-iphoneos/FirebaseAppCheckInterop.build/Objects-normal/arm64/e6072d4f65d7061329687fe24e3d63a7-common-args.resp
-target arm64-apple-ios15.0 -fobjc-arc -fmodules -gmodules '-fmodules-cache-path=/Users/emanuelflury/Library/Developer/Xcode/DerivedData/ModuleCache.noindex' '-fmodule-name=FirebaseAppCheckInterop' -fpascal-strings -O0 -DSWIFT_PACKAGE '-DDEBUG=1' '-DOBJC_OLD_DISPATCH_PROTOTYPES=1' -isysroot /Applications/Xcode.app/Contents/Developer/Platforms/iPhoneOS.platform/Developer/SDKs/iPhoneOS26.1.sdk -g -fprofile-instr-generate -fcoverage-mapping -I/Users/emanuelflury/Library/Developer/Xcode/DerivedData/TaxedGmbH_IOS-gerngfqzuwudosgobknlgtoawnlj/Build/Products/Debug-iphoneos/include -I/Users/emanuelflury/Library/Developer/Xcode/DerivedData/TaxedGmbH_IOS-gerngfqzuwudosgobknlgtoawnlj/SourcePackages/checkouts/firebase-ios-sdk/FirebaseAppCheck/Interop/Public -I/Users/emanuelflury/Library/Developer/Xcode/DerivedData/TaxedGmbH_IOS-gerngfqzuwudosgobknlgtoawnlj/SourcePackages/checkouts/firebase-ios-sdk -I/Users/emanuelflury/Library/Developer/Xcode/DerivedData/TaxedGmbH_IOS-gerngfqzuwudosgobknlgtoawnlj/Build/Intermediates.noindex/Firebase.build/Debug-iphoneos/FirebaseAppCheckInterop.build/DerivedSources-normal/arm64 -I/Users/emanuelflury/Library/Developer/Xcode/DerivedData/TaxedGmbH_IOS-gerngfqzuwudosgobknlgtoawnlj/Build/Intermediates.noindex/Firebase.build/Debug-iphoneos/FirebaseAppCheckInterop.build/DerivedSources/arm64 -I/Users/emanuelflury/Library/Developer/Xcode/DerivedData/TaxedGmbH_IOS-gerngfqzuwudosgobknlgtoawnlj/Build/Intermediates.noindex/Firebase.build/Debug-iphoneos/FirebaseAppCheckInterop.build/DerivedSources -F/Users/emanuelflury/Library/Developer/Xcode/DerivedData/TaxedGmbH_IOS-gerngfqzuwudosgobknlgtoawnlj/Build/Products/Debug-iphoneos -iframework /Applications/Xcode.app/Contents/Developer/Platforms/iPhoneOS.platform/Developer/Library/Frameworks -iframework /Applications/Xcode.app/Contents/Developer/Platforms/iPhoneOS.platform/Developer/SDKs/iPhoneOS26.1.sdk/Developer/Library/Frameworks -DXcode

WriteAuxiliaryFile /Users/emanuelflury/Library/Developer/Xcode/DerivedData/TaxedGmbH_IOS-gerngfqzuwudosgobknlgtoawnlj/Build/Intermediates.noindex/Firebase.build/Debug-iphoneos/FirebaseAppCheckInterop.build/Objects-normal/arm64/FirebaseAppCheckInterop.LinkFileList (in target 'FirebaseAppCheckInterop' from project 'Firebase')
    cd /Users/emanuelflury/Library/Developer/Xcode/DerivedData/TaxedGmbH_IOS-gerngfqzuwudosgobknlgtoawnlj/SourcePackages/checkouts/firebase-ios-sdk
    write-file /Users/emanuelflury/Library/Developer/Xcode/DerivedData/TaxedGmbH_IOS-gerngfqzuwudosgobknlgtoawnlj/Build/Intermediates.noindex/Firebase.build/Debug-iphoneos/FirebaseAppCheckInterop.build/Objects-normal/arm64/FirebaseAppCheckInterop.LinkFileList

WriteAuxiliaryFile /Users/emanuelflury/Library/Developer/Xcode/DerivedData/TaxedGmbH_IOS-gerngfqzuwudosgobknlgtoawnlj/Build/Intermediates.noindex/Firebase.build/Debug-iphoneos/FirebaseAppCheckInterop.build/FirebaseAppCheckInterop.modulemap (in target 'FirebaseAppCheckInterop' from project 'Firebase')
    cd /Users/emanuelflury/Library/Developer/Xcode/DerivedData/TaxedGmbH_IOS-gerngfqzuwudosgobknlgtoawnlj/SourcePackages/checkouts/firebase-ios-sdk
    write-file /Users/emanuelflury/Library/Developer/Xcode/DerivedData/TaxedGmbH_IOS-gerngfqzuwudosgobknlgtoawnlj/Build/Intermediates.noindex/Firebase.build/Debug-iphoneos/FirebaseAppCheckInterop.build/FirebaseAppCheckInterop.modulemap

WriteAuxiliaryFile /Users/emanuelflury/Library/Developer/Xcode/DerivedData/TaxedGmbH_IOS-gerngfqzuwudosgobknlgtoawnlj/Build/Intermediates.noindex/Firebase.build/Debug-iphoneos/FirebaseAppCheckInterop.build/FirebaseAppCheckInterop.DependencyStaticMetadataFileList (in target 'FirebaseAppCheckInterop' from project 'Firebase')
    cd /Users/emanuelflury/Library/Developer/Xcode/DerivedData/TaxedGmbH_IOS-gerngfqzuwudosgobknlgtoawnlj/SourcePackages/checkouts/firebase-ios-sdk
    write-file /Users/emanuelflury/Library/Developer/Xcode/DerivedData/TaxedGmbH_IOS-gerngfqzuwudosgobknlgtoawnlj/Build/Intermediates.noindex/Firebase.build/Debug-iphoneos/FirebaseAppCheckInterop.build/FirebaseAppCheckInterop.DependencyStaticMetadataFileList

WriteAuxiliaryFile /Users/emanuelflury/Library/Developer/Xcode/DerivedData/TaxedGmbH_IOS-gerngfqzuwudosgobknlgtoawnlj/Build/Intermediates.noindex/Firebase.build/Debug-iphoneos/FirebaseAppCheckInterop.build/FirebaseAppCheckInterop.DependencyMetadataFileList (in target 'FirebaseAppCheckInterop' from project 'Firebase')
    cd /Users/emanuelflury/Library/Developer/Xcode/DerivedData/TaxedGmbH_IOS-gerngfqzuwudosgobknlgtoawnlj/SourcePackages/checkouts/firebase-ios-sdk
    write-file /Users/emanuelflury/Library/Developer/Xcode/DerivedData/TaxedGmbH_IOS-gerngfqzuwudosgobknlgtoawnlj/Build/Intermediates.noindex/Firebase.build/Debug-iphoneos/FirebaseAppCheckInterop.build/FirebaseAppCheckInterop.DependencyMetadataFileList

WriteAuxiliaryFile /Users/emanuelflury/Library/Developer/Xcode/DerivedData/TaxedGmbH_IOS-gerngfqzuwudosgobknlgtoawnlj/Build/Intermediates.noindex/Firebase.build/Debug-iphoneos/Firebase.build/Firebase.DependencyStaticMetadataFileList (in target 'Firebase' from project 'Firebase')
    cd /Users/emanuelflury/Library/Developer/Xcode/DerivedData/TaxedGmbH_IOS-gerngfqzuwudosgobknlgtoawnlj/SourcePackages/checkouts/firebase-ios-sdk
    write-file /Users/emanuelflury/Library/Developer/Xcode/DerivedData/TaxedGmbH_IOS-gerngfqzuwudosgobknlgtoawnlj/Build/Intermediates.noindex/Firebase.build/Debug-iphoneos/Firebase.build/Firebase.DependencyStaticMetadataFileList

WriteAuxiliaryFile /Users/emanuelflury/Library/Developer/Xcode/DerivedData/TaxedGmbH_IOS-gerngfqzuwudosgobknlgtoawnlj/Build/Intermediates.noindex/Firebase.build/Debug-iphoneos/Firebase.build/Firebase.DependencyMetadataFileList (in target 'Firebase' from project 'Firebase')
    cd /Users/emanuelflury/Library/Developer/Xcode/DerivedData/TaxedGmbH_IOS-gerngfqzuwudosgobknlgtoawnlj/SourcePackages/checkouts/firebase-ios-sdk
    write-file /Users/emanuelflury/Library/Developer/Xcode/DerivedData/TaxedGmbH_IOS-gerngfqzuwudosgobknlgtoawnlj/Build/Intermediates.noindex/Firebase.build/Debug-iphoneos/Firebase.build/Firebase.DependencyMetadataFileList

WriteAuxiliaryFile /Users/emanuelflury/Library/Developer/Xcode/DerivedData/TaxedGmbH_IOS-gerngfqzuwudosgobknlgtoawnlj/Build/Intermediates.noindex/Firebase.build/Debug-iphoneos/Firebase.build/Objects-normal/arm64/Firebase.LinkFileList (in target 'Firebase' from project 'Firebase')
    cd /Users/emanuelflury/Library/Developer/Xcode/DerivedData/TaxedGmbH_IOS-gerngfqzuwudosgobknlgtoawnlj/SourcePackages/checkouts/firebase-ios-sdk
    write-file /Users/emanuelflury/Library/Developer/Xcode/DerivedData/TaxedGmbH_IOS-gerngfqzuwudosgobknlgtoawnlj/Build/Intermediates.noindex/Firebase.build/Debug-iphoneos/Firebase.build/Objects-normal/arm64/Firebase.LinkFileList

WriteAuxiliaryFile /Users/emanuelflury/Library/Developer/Xcode/DerivedData/TaxedGmbH_IOS-gerngfqzuwudosgobknlgtoawnlj/Build/Intermediates.noindex/Firebase.build/Debug-iphoneos/Firebase.build/Objects-normal/arm64/e6072d4f65d7061329687fe24e3d63a7-common-args.resp (in target 'Firebase' from project 'Firebase')
    cd /Users/emanuelflury/Library/Developer/Xcode/DerivedData/TaxedGmbH_IOS-gerngfqzuwudosgobknlgtoawnlj/SourcePackages/checkouts/firebase-ios-sdk
    write-file /Users/emanuelflury/Library/Developer/Xcode/DerivedData/TaxedGmbH_IOS-gerngfqzuwudosgobknlgtoawnlj/Build/Intermediates.noindex/Firebase.build/Debug-iphoneos/Firebase.build/Objects-normal/arm64/e6072d4f65d7061329687fe24e3d63a7-common-args.resp
-target arm64-apple-ios15.0 -fobjc-arc -fmodules -gmodules '-fmodules-cache-path=/Users/emanuelflury/Library/Developer/Xcode/DerivedData/ModuleCache.noindex' '-fmodule-name=Firebase' -fpascal-strings -O0 -DSWIFT_PACKAGE '-DDEBUG=1' '-DOBJC_OLD_DISPATCH_PROTOTYPES=1' -isysroot /Applications/Xcode.app/Contents/Developer/Platforms/iPhoneOS.platform/Developer/SDKs/iPhoneOS26.1.sdk -g -fprofile-instr-generate -fcoverage-mapping -I/Users/emanuelflury/Library/Developer/Xcode/DerivedData/TaxedGmbH_IOS-gerngfqzuwudosgobknlgtoawnlj/Build/Products/Debug-iphoneos/include -I/Users/emanuelflury/Library/Developer/Xcode/DerivedData/TaxedGmbH_IOS-gerngfqzuwudosgobknlgtoawnlj/SourcePackages/checkouts/firebase-ios-sdk/CoreOnly/Sources -I/Users/emanuelflury/Library/Developer/Xcode/DerivedData/TaxedGmbH_IOS-gerngfqzuwudosgobknlgtoawnlj/Build/Intermediates.noindex/Firebase.build/Debug-iphoneos/Firebase.build/DerivedSources-normal/arm64 -I/Users/emanuelflury/Library/Developer/Xcode/DerivedData/TaxedGmbH_IOS-gerngfqzuwudosgobknlgtoawnlj/Build/Intermediates.noindex/Firebase.build/Debug-iphoneos/Firebase.build/DerivedSources/arm64 -I/Users/emanuelflury/Library/Developer/Xcode/DerivedData/TaxedGmbH_IOS-gerngfqzuwudosgobknlgtoawnlj/Build/Intermediates.noindex/Firebase.build/Debug-iphoneos/Firebase.build/DerivedSources -F/Users/emanuelflury/Library/Developer/Xcode/DerivedData/TaxedGmbH_IOS-gerngfqzuwudosgobknlgtoawnlj/Build/Products/Debug-iphoneos -iframework /Applications/Xcode.app/Contents/Developer/Platforms/iPhoneOS.platform/Developer/Library/Frameworks -iframework /Applications/Xcode.app/Contents/Developer/Platforms/iPhoneOS.platform/Developer/SDKs/iPhoneOS26.1.sdk/Developer/Library/Frameworks -DXcode

WriteAuxiliaryFile /Users/emanuelflury/Library/Developer/Xcode/DerivedData/TaxedGmbH_IOS-gerngfqzuwudosgobknlgtoawnlj/Build/Intermediates.noindex/Promises.build/Debug-iphoneos/FBLPromises.build/Objects-normal/arm64/e6072d4f65d7061329687fe24e3d63a7-common-args.resp (in target 'FBLPromises' from project 'Promises')
    cd /Users/emanuelflury/Library/Developer/Xcode/DerivedData/TaxedGmbH_IOS-gerngfqzuwudosgobknlgtoawnlj/SourcePackages/checkouts/promises
    write-file /Users/emanuelflury/Library/Developer/Xcode/DerivedData/TaxedGmbH_IOS-gerngfqzuwudosgobknlgtoawnlj/Build/Intermediates.noindex/Promises.build/Debug-iphoneos/FBLPromises.build/Objects-normal/arm64/e6072d4f65d7061329687fe24e3d63a7-common-args.resp
-target arm64-apple-ios12.0 -fobjc-arc -fmodules -gmodules '-fmodules-cache-path=/Users/emanuelflury/Library/Developer/Xcode/DerivedData/ModuleCache.noindex' '-fmodule-name=FBLPromises' -fpascal-strings -O0 -DSWIFT_PACKAGE '-DDEBUG=1' '-DOBJC_OLD_DISPATCH_PROTOTYPES=1' -isysroot /Applications/Xcode.app/Contents/Developer/Platforms/iPhoneOS.platform/Developer/SDKs/iPhoneOS26.1.sdk -g -fprofile-instr-generate -fcoverage-mapping -I/Users/emanuelflury/Library/Developer/Xcode/DerivedData/TaxedGmbH_IOS-gerngfqzuwudosgobknlgtoawnlj/Build/Products/Debug-iphoneos/include -I/Users/emanuelflury/Library/Developer/Xcode/DerivedData/TaxedGmbH_IOS-gerngfqzuwudosgobknlgtoawnlj/SourcePackages/checkouts/promises/Sources/FBLPromises/include -I/Users/emanuelflury/Library/Developer/Xcode/DerivedData/TaxedGmbH_IOS-gerngfqzuwudosgobknlgtoawnlj/Build/Intermediates.noindex/Promises.build/Debug-iphoneos/FBLPromises.build/DerivedSources-normal/arm64 -I/Users/emanuelflury/Library/Developer/Xcode/DerivedData/TaxedGmbH_IOS-gerngfqzuwudosgobknlgtoawnlj/Build/Intermediates.noindex/Promises.build/Debug-iphoneos/FBLPromises.build/DerivedSources/arm64 -I/Users/emanuelflury/Library/Developer/Xcode/DerivedData/TaxedGmbH_IOS-gerngfqzuwudosgobknlgtoawnlj/Build/Intermediates.noindex/Promises.build/Debug-iphoneos/FBLPromises.build/DerivedSources -F/Users/emanuelflury/Library/Developer/Xcode/DerivedData/TaxedGmbH_IOS-gerngfqzuwudosgobknlgtoawnlj/Build/Products/Debug-iphoneos -iframework /Applications/Xcode.app/Contents/Developer/Platforms/iPhoneOS.platform/Developer/Library/Frameworks -iframework /Applications/Xcode.app/Contents/Developer/Platforms/iPhoneOS.platform/Developer/SDKs/iPhoneOS26.1.sdk/Developer/Library/Frameworks -DXcode

WriteAuxiliaryFile /Users/emanuelflury/Library/Developer/Xcode/DerivedData/TaxedGmbH_IOS-gerngfqzuwudosgobknlgtoawnlj/Build/Intermediates.noindex/Promises.build/Debug-iphoneos/FBLPromises.build/Objects-normal/arm64/FBLPromises.LinkFileList (in target 'FBLPromises' from project 'Promises')
    cd /Users/emanuelflury/Library/Developer/Xcode/DerivedData/TaxedGmbH_IOS-gerngfqzuwudosgobknlgtoawnlj/SourcePackages/checkouts/promises
    write-file /Users/emanuelflury/Library/Developer/Xcode/DerivedData/TaxedGmbH_IOS-gerngfqzuwudosgobknlgtoawnlj/Build/Intermediates.noindex/Promises.build/Debug-iphoneos/FBLPromises.build/Objects-normal/arm64/FBLPromises.LinkFileList

WriteAuxiliaryFile /Users/emanuelflury/Library/Developer/Xcode/DerivedData/TaxedGmbH_IOS-gerngfqzuwudosgobknlgtoawnlj/Build/Intermediates.noindex/Promises.build/Debug-iphoneos/FBLPromises.build/FBLPromises.DependencyStaticMetadataFileList (in target 'FBLPromises' from project 'Promises')
    cd /Users/emanuelflury/Library/Developer/Xcode/DerivedData/TaxedGmbH_IOS-gerngfqzuwudosgobknlgtoawnlj/SourcePackages/checkouts/promises
    write-file /Users/emanuelflury/Library/Developer/Xcode/DerivedData/TaxedGmbH_IOS-gerngfqzuwudosgobknlgtoawnlj/Build/Intermediates.noindex/Promises.build/Debug-iphoneos/FBLPromises.build/FBLPromises.DependencyStaticMetadataFileList

WriteAuxiliaryFile /Users/emanuelflury/Library/Developer/Xcode/DerivedData/TaxedGmbH_IOS-gerngfqzuwudosgobknlgtoawnlj/Build/Intermediates.noindex/Promises.build/Debug-iphoneos/FBLPromises.build/FBLPromises.DependencyMetadataFileList (in target 'FBLPromises' from project 'Promises')
    cd /Users/emanuelflury/Library/Developer/Xcode/DerivedData/TaxedGmbH_IOS-gerngfqzuwudosgobknlgtoawnlj/SourcePackages/checkouts/promises
    write-file /Users/emanuelflury/Library/Developer/Xcode/DerivedData/TaxedGmbH_IOS-gerngfqzuwudosgobknlgtoawnlj/Build/Intermediates.noindex/Promises.build/Debug-iphoneos/FBLPromises.build/FBLPromises.DependencyMetadataFileList

WriteAuxiliaryFile /Users/emanuelflury/Library/Developer/Xcode/DerivedData/TaxedGmbH_IOS-gerngfqzuwudosgobknlgtoawnlj/Build/Intermediates.noindex/Promises.build/Debug-iphoneos/FBLPromises.build/DerivedSources/resource_bundle_accessor.m (in target 'FBLPromises' from project 'Promises')
    cd /Users/emanuelflury/Library/Developer/Xcode/DerivedData/TaxedGmbH_IOS-gerngfqzuwudosgobknlgtoawnlj/SourcePackages/checkouts/promises
    write-file /Users/emanuelflury/Library/Developer/Xcode/DerivedData/TaxedGmbH_IOS-gerngfqzuwudosgobknlgtoawnlj/Build/Intermediates.noindex/Promises.build/Debug-iphoneos/FBLPromises.build/DerivedSources/resource_bundle_accessor.m

WriteAuxiliaryFile /Users/emanuelflury/Library/Developer/Xcode/DerivedData/TaxedGmbH_IOS-gerngfqzuwudosgobknlgtoawnlj/Build/Intermediates.noindex/Promises.build/Debug-iphoneos/FBLPromises.build/DerivedSources/resource_bundle_accessor.h (in target 'FBLPromises' from project 'Promises')
    cd /Users/emanuelflury/Library/Developer/Xcode/DerivedData/TaxedGmbH_IOS-gerngfqzuwudosgobknlgtoawnlj/SourcePackages/checkouts/promises
    write-file /Users/emanuelflury/Library/Developer/Xcode/DerivedData/TaxedGmbH_IOS-gerngfqzuwudosgobknlgtoawnlj/Build/Intermediates.noindex/Promises.build/Debug-iphoneos/FBLPromises.build/DerivedSources/resource_bundle_accessor.h

MkDir /Users/emanuelflury/Library/Developer/Xcode/DerivedData/TaxedGmbH_IOS-gerngfqzuwudosgobknlgtoawnlj/Build/Products/Debug-iphoneos/nanopb_nanopb.bundle (in target 'nanopb_nanopb' from project 'nanopb')
    cd /Users/emanuelflury/Library/Developer/Xcode/DerivedData/TaxedGmbH_IOS-gerngfqzuwudosgobknlgtoawnlj/SourcePackages/checkouts/nanopb
    /bin/mkdir -p /Users/emanuelflury/Library/Developer/Xcode/DerivedData/TaxedGmbH_IOS-gerngfqzuwudosgobknlgtoawnlj/Build/Products/Debug-iphoneos/nanopb_nanopb.bundle

MkDir /Users/emanuelflury/Library/Developer/Xcode/DerivedData/TaxedGmbH_IOS-gerngfqzuwudosgobknlgtoawnlj/Build/Products/Debug-iphoneos/leveldb_leveldb.bundle (in target 'leveldb_leveldb' from project 'leveldb')
    cd /Users/emanuelflury/Library/Developer/Xcode/DerivedData/TaxedGmbH_IOS-gerngfqzuwudosgobknlgtoawnlj/SourcePackages/checkouts/leveldb
    /bin/mkdir -p /Users/emanuelflury/Library/Developer/Xcode/DerivedData/TaxedGmbH_IOS-gerngfqzuwudosgobknlgtoawnlj/Build/Products/Debug-iphoneos/leveldb_leveldb.bundle

MkDir /Users/emanuelflury/Library/Developer/Xcode/DerivedData/TaxedGmbH_IOS-gerngfqzuwudosgobknlgtoawnlj/Build/Products/Debug-iphoneos/gRPC_opensslWrapper.bundle (in target 'gRPC_opensslWrapper' from project 'gRPC')
    cd /Users/emanuelflury/Library/Developer/Xcode/DerivedData/TaxedGmbH_IOS-gerngfqzuwudosgobknlgtoawnlj/SourcePackages/checkouts/grpc-binary
    /bin/mkdir -p /Users/emanuelflury/Library/Developer/Xcode/DerivedData/TaxedGmbH_IOS-gerngfqzuwudosgobknlgtoawnlj/Build/Products/Debug-iphoneos/gRPC_opensslWrapper.bundle

MkDir /Users/emanuelflury/Library/Developer/Xcode/DerivedData/TaxedGmbH_IOS-gerngfqzuwudosgobknlgtoawnlj/Build/Products/Debug-iphoneos/gRPC_grpcppWrapper.bundle (in target 'gRPC_grpcppWrapper' from project 'gRPC')
    cd /Users/emanuelflury/Library/Developer/Xcode/DerivedData/TaxedGmbH_IOS-gerngfqzuwudosgobknlgtoawnlj/SourcePackages/checkouts/grpc-binary
    /bin/mkdir -p /Users/emanuelflury/Library/Developer/Xcode/DerivedData/TaxedGmbH_IOS-gerngfqzuwudosgobknlgtoawnlj/Build/Products/Debug-iphoneos/gRPC_grpcppWrapper.bundle

MkDir /Users/emanuelflury/Library/Developer/Xcode/DerivedData/TaxedGmbH_IOS-gerngfqzuwudosgobknlgtoawnlj/Build/Products/Debug-iphoneos/gRPC_grpcWrapper.bundle (in target 'gRPC_grpcWrapper' from project 'gRPC')
    cd /Users/emanuelflury/Library/Developer/Xcode/DerivedData/TaxedGmbH_IOS-gerngfqzuwudosgobknlgtoawnlj/SourcePackages/checkouts/grpc-binary
    /bin/mkdir -p /Users/emanuelflury/Library/Developer/Xcode/DerivedData/TaxedGmbH_IOS-gerngfqzuwudosgobknlgtoawnlj/Build/Products/Debug-iphoneos/gRPC_grpcWrapper.bundle

MkDir /Users/emanuelflury/Library/Developer/Xcode/DerivedData/TaxedGmbH_IOS-gerngfqzuwudosgobknlgtoawnlj/Build/Products/Debug-iphoneos/Promises_FBLPromises.bundle (in target 'Promises_FBLPromises' from project 'Promises')
    cd /Users/emanuelflury/Library/Developer/Xcode/DerivedData/TaxedGmbH_IOS-gerngfqzuwudosgobknlgtoawnlj/SourcePackages/checkouts/promises
    /bin/mkdir -p /Users/emanuelflury/Library/Developer/Xcode/DerivedData/TaxedGmbH_IOS-gerngfqzuwudosgobknlgtoawnlj/Build/Products/Debug-iphoneos/Promises_FBLPromises.bundle

MkDir /Users/emanuelflury/Library/Developer/Xcode/DerivedData/TaxedGmbH_IOS-gerngfqzuwudosgobknlgtoawnlj/Build/Products/Debug-iphoneos/GoogleUtilities_GoogleUtilities-UserDefaults.bundle (in target 'GoogleUtilities_GoogleUtilities-UserDefaults' from project 'GoogleUtilities')
    cd /Users/emanuelflury/Library/Developer/Xcode/DerivedData/TaxedGmbH_IOS-gerngfqzuwudosgobknlgtoawnlj/SourcePackages/checkouts/GoogleUtilities
    /bin/mkdir -p /Users/emanuelflury/Library/Developer/Xcode/DerivedData/TaxedGmbH_IOS-gerngfqzuwudosgobknlgtoawnlj/Build/Products/Debug-iphoneos/GoogleUtilities_GoogleUtilities-UserDefaults.bundle

MkDir /Users/emanuelflury/Library/Developer/Xcode/DerivedData/TaxedGmbH_IOS-gerngfqzuwudosgobknlgtoawnlj/Build/Products/Debug-iphoneos/GoogleUtilities_GoogleUtilities-Reachability.bundle (in target 'GoogleUtilities_GoogleUtilities-Reachability' from project 'GoogleUtilities')
    cd /Users/emanuelflury/Library/Developer/Xcode/DerivedData/TaxedGmbH_IOS-gerngfqzuwudosgobknlgtoawnlj/SourcePackages/checkouts/GoogleUtilities
    /bin/mkdir -p /Users/emanuelflury/Library/Developer/Xcode/DerivedData/TaxedGmbH_IOS-gerngfqzuwudosgobknlgtoawnlj/Build/Products/Debug-iphoneos/GoogleUtilities_GoogleUtilities-Reachability.bundle

MkDir /Users/emanuelflury/Library/Developer/Xcode/DerivedData/TaxedGmbH_IOS-gerngfqzuwudosgobknlgtoawnlj/Build/Products/Debug-iphoneos/GoogleUtilities_GoogleUtilities-Network.bundle (in target 'GoogleUtilities_GoogleUtilities-Network' from project 'GoogleUtilities')
    cd /Users/emanuelflury/Library/Developer/Xcode/DerivedData/TaxedGmbH_IOS-gerngfqzuwudosgobknlgtoawnlj/SourcePackages/checkouts/GoogleUtilities
    /bin/mkdir -p /Users/emanuelflury/Library/Developer/Xcode/DerivedData/TaxedGmbH_IOS-gerngfqzuwudosgobknlgtoawnlj/Build/Products/Debug-iphoneos/GoogleUtilities_GoogleUtilities-Network.bundle

MkDir /Users/emanuelflury/Library/Developer/Xcode/DerivedData/TaxedGmbH_IOS-gerngfqzuwudosgobknlgtoawnlj/Build/Products/Debug-iphoneos/GoogleUtilities_GoogleUtilities-NSData.bundle (in target 'GoogleUtilities_GoogleUtilities-NSData' from project 'GoogleUtilities')
    cd /Users/emanuelflury/Library/Developer/Xcode/DerivedData/TaxedGmbH_IOS-gerngfqzuwudosgobknlgtoawnlj/SourcePackages/checkouts/GoogleUtilities
    /bin/mkdir -p /Users/emanuelflury/Library/Developer/Xcode/DerivedData/TaxedGmbH_IOS-gerngfqzuwudosgobknlgtoawnlj/Build/Products/Debug-iphoneos/GoogleUtilities_GoogleUtilities-NSData.bundle

MkDir /Users/emanuelflury/Library/Developer/Xcode/DerivedData/TaxedGmbH_IOS-gerngfqzuwudosgobknlgtoawnlj/Build/Products/Debug-iphoneos/GoogleUtilities_GoogleUtilities-MethodSwizzler.bundle (in target 'GoogleUtilities_GoogleUtilities-MethodSwizzler' from project 'GoogleUtilities')
    cd /Users/emanuelflury/Library/Developer/Xcode/DerivedData/TaxedGmbH_IOS-gerngfqzuwudosgobknlgtoawnlj/SourcePackages/checkouts/GoogleUtilities
    /bin/mkdir -p /Users/emanuelflury/Library/Developer/Xcode/DerivedData/TaxedGmbH_IOS-gerngfqzuwudosgobknlgtoawnlj/Build/Products/Debug-iphoneos/GoogleUtilities_GoogleUtilities-MethodSwizzler.bundle

MkDir /Users/emanuelflury/Library/Developer/Xcode/DerivedData/TaxedGmbH_IOS-gerngfqzuwudosgobknlgtoawnlj/Build/Products/Debug-iphoneos/GoogleUtilities_GoogleUtilities-Logger.bundle (in target 'GoogleUtilities_GoogleUtilities-Logger' from project 'GoogleUtilities')
    cd /Users/emanuelflury/Library/Developer/Xcode/DerivedData/TaxedGmbH_IOS-gerngfqzuwudosgobknlgtoawnlj/SourcePackages/checkouts/GoogleUtilities
    /bin/mkdir -p /Users/emanuelflury/Library/Developer/Xcode/DerivedData/TaxedGmbH_IOS-gerngfqzuwudosgobknlgtoawnlj/Build/Products/Debug-iphoneos/GoogleUtilities_GoogleUtilities-Logger.bundle

MkDir /Users/emanuelflury/Library/Developer/Xcode/DerivedData/TaxedGmbH_IOS-gerngfqzuwudosgobknlgtoawnlj/Build/Products/Debug-iphoneos/GoogleUtilities_GoogleUtilities-Environment.bundle (in target 'GoogleUtilities_GoogleUtilities-Environment' from project 'GoogleUtilities')
    cd /Users/emanuelflury/Library/Developer/Xcode/DerivedData/TaxedGmbH_IOS-gerngfqzuwudosgobknlgtoawnlj/SourcePackages/checkouts/GoogleUtilities
    /bin/mkdir -p /Users/emanuelflury/Library/Developer/Xcode/DerivedData/TaxedGmbH_IOS-gerngfqzuwudosgobknlgtoawnlj/Build/Products/Debug-iphoneos/GoogleUtilities_GoogleUtilities-Environment.bundle

MkDir /Users/emanuelflury/Library/Developer/Xcode/DerivedData/TaxedGmbH_IOS-gerngfqzuwudosgobknlgtoawnlj/Build/Products/Debug-iphoneos/GoogleUtilities_GoogleUtilities-AppDelegateSwizzler.bundle (in target 'GoogleUtilities_GoogleUtilities-AppDelegateSwizzler' from project 'GoogleUtilities')
    cd /Users/emanuelflury/Library/Developer/Xcode/DerivedData/TaxedGmbH_IOS-gerngfqzuwudosgobknlgtoawnlj/SourcePackages/checkouts/GoogleUtilities
    /bin/mkdir -p /Users/emanuelflury/Library/Developer/Xcode/DerivedData/TaxedGmbH_IOS-gerngfqzuwudosgobknlgtoawnlj/Build/Products/Debug-iphoneos/GoogleUtilities_GoogleUtilities-AppDelegateSwizzler.bundle

MkDir /Users/emanuelflury/Library/Developer/Xcode/DerivedData/TaxedGmbH_IOS-gerngfqzuwudosgobknlgtoawnlj/Build/Products/Debug-iphoneos/GoogleDataTransport_GoogleDataTransport.bundle (in target 'GoogleDataTransport_GoogleDataTransport' from project 'GoogleDataTransport')
    cd /Users/emanuelflury/Library/Developer/Xcode/DerivedData/TaxedGmbH_IOS-gerngfqzuwudosgobknlgtoawnlj/SourcePackages/checkouts/GoogleDataTransport
    /bin/mkdir -p /Users/emanuelflury/Library/Developer/Xcode/DerivedData/TaxedGmbH_IOS-gerngfqzuwudosgobknlgtoawnlj/Build/Products/Debug-iphoneos/GoogleDataTransport_GoogleDataTransport.bundle

MkDir /Users/emanuelflury/Library/Developer/Xcode/DerivedData/TaxedGmbH_IOS-gerngfqzuwudosgobknlgtoawnlj/Build/Products/Debug-iphoneos/GTMSessionFetcher_GTMSessionFetcherCore.bundle (in target 'GTMSessionFetcher_GTMSessionFetcherCore' from project 'GTMSessionFetcher')
    cd /Users/emanuelflury/Library/Developer/Xcode/DerivedData/TaxedGmbH_IOS-gerngfqzuwudosgobknlgtoawnlj/SourcePackages/checkouts/gtm-session-fetcher
    /bin/mkdir -p /Users/emanuelflury/Library/Developer/Xcode/DerivedData/TaxedGmbH_IOS-gerngfqzuwudosgobknlgtoawnlj/Build/Products/Debug-iphoneos/GTMSessionFetcher_GTMSessionFetcherCore.bundle

MkDir /Users/emanuelflury/Library/Developer/Xcode/DerivedData/TaxedGmbH_IOS-gerngfqzuwudosgobknlgtoawnlj/Build/Products/Debug-iphoneos/Firebase_FirebaseMessaging.bundle (in target 'Firebase_FirebaseMessaging' from project 'Firebase')
    cd /Users/emanuelflury/Library/Developer/Xcode/DerivedData/TaxedGmbH_IOS-gerngfqzuwudosgobknlgtoawnlj/SourcePackages/checkouts/firebase-ios-sdk
    /bin/mkdir -p /Users/emanuelflury/Library/Developer/Xcode/DerivedData/TaxedGmbH_IOS-gerngfqzuwudosgobknlgtoawnlj/Build/Products/Debug-iphoneos/Firebase_FirebaseMessaging.bundle

MkDir /Users/emanuelflury/Library/Developer/Xcode/DerivedData/TaxedGmbH_IOS-gerngfqzuwudosgobknlgtoawnlj/Build/Products/Debug-iphoneos/Firebase_FirebaseInstallations.bundle (in target 'Firebase_FirebaseInstallations' from project 'Firebase')
    cd /Users/emanuelflury/Library/Developer/Xcode/DerivedData/TaxedGmbH_IOS-gerngfqzuwudosgobknlgtoawnlj/SourcePackages/checkouts/firebase-ios-sdk
    /bin/mkdir -p /Users/emanuelflury/Library/Developer/Xcode/DerivedData/TaxedGmbH_IOS-gerngfqzuwudosgobknlgtoawnlj/Build/Products/Debug-iphoneos/Firebase_FirebaseInstallations.bundle

MkDir /Users/emanuelflury/Library/Developer/Xcode/DerivedData/TaxedGmbH_IOS-gerngfqzuwudosgobknlgtoawnlj/Build/Products/Debug-iphoneos/Firebase_FirebaseFirestore.bundle (in target 'Firebase_FirebaseFirestore' from project 'Firebase')
    cd /Users/emanuelflury/Library/Developer/Xcode/DerivedData/TaxedGmbH_IOS-gerngfqzuwudosgobknlgtoawnlj/SourcePackages/checkouts/firebase-ios-sdk
    /bin/mkdir -p /Users/emanuelflury/Library/Developer/Xcode/DerivedData/TaxedGmbH_IOS-gerngfqzuwudosgobknlgtoawnlj/Build/Products/Debug-iphoneos/Firebase_FirebaseFirestore.bundle

MkDir /Users/emanuelflury/Library/Developer/Xcode/DerivedData/TaxedGmbH_IOS-gerngfqzuwudosgobknlgtoawnlj/Build/Products/Debug-iphoneos/Firebase_FirebaseCoreInternal.bundle (in target 'Firebase_FirebaseCoreInternal' from project 'Firebase')
    cd /Users/emanuelflury/Library/Developer/Xcode/DerivedData/TaxedGmbH_IOS-gerngfqzuwudosgobknlgtoawnlj/SourcePackages/checkouts/firebase-ios-sdk
    /bin/mkdir -p /Users/emanuelflury/Library/Developer/Xcode/DerivedData/TaxedGmbH_IOS-gerngfqzuwudosgobknlgtoawnlj/Build/Products/Debug-iphoneos/Firebase_FirebaseCoreInternal.bundle

MkDir /Users/emanuelflury/Library/Developer/Xcode/DerivedData/TaxedGmbH_IOS-gerngfqzuwudosgobknlgtoawnlj/Build/Products/Debug-iphoneos/Firebase_FirebaseCoreExtension.bundle (in target 'Firebase_FirebaseCoreExtension' from project 'Firebase')
    cd /Users/emanuelflury/Library/Developer/Xcode/DerivedData/TaxedGmbH_IOS-gerngfqzuwudosgobknlgtoawnlj/SourcePackages/checkouts/firebase-ios-sdk
    /bin/mkdir -p /Users/emanuelflury/Library/Developer/Xcode/DerivedData/TaxedGmbH_IOS-gerngfqzuwudosgobknlgtoawnlj/Build/Products/Debug-iphoneos/Firebase_FirebaseCoreExtension.bundle

MkDir /Users/emanuelflury/Library/Developer/Xcode/DerivedData/TaxedGmbH_IOS-gerngfqzuwudosgobknlgtoawnlj/Build/Products/Debug-iphoneos/Firebase_FirebaseCore.bundle (in target 'Firebase_FirebaseCore' from project 'Firebase')
    cd /Users/emanuelflury/Library/Developer/Xcode/DerivedData/TaxedGmbH_IOS-gerngfqzuwudosgobknlgtoawnlj/SourcePackages/checkouts/firebase-ios-sdk
    /bin/mkdir -p /Users/emanuelflury/Library/Developer/Xcode/DerivedData/TaxedGmbH_IOS-gerngfqzuwudosgobknlgtoawnlj/Build/Products/Debug-iphoneos/Firebase_FirebaseCore.bundle

MkDir /Users/emanuelflury/Library/Developer/Xcode/DerivedData/TaxedGmbH_IOS-gerngfqzuwudosgobknlgtoawnlj/Build/Products/Debug-iphoneos/Firebase_FirebaseAuth.bundle (in target 'Firebase_FirebaseAuth' from project 'Firebase')
    cd /Users/emanuelflury/Library/Developer/Xcode/DerivedData/TaxedGmbH_IOS-gerngfqzuwudosgobknlgtoawnlj/SourcePackages/checkouts/firebase-ios-sdk
    /bin/mkdir -p /Users/emanuelflury/Library/Developer/Xcode/DerivedData/TaxedGmbH_IOS-gerngfqzuwudosgobknlgtoawnlj/Build/Products/Debug-iphoneos/Firebase_FirebaseAuth.bundle

Copy /Users/emanuelflury/Library/Developer/Xcode/DerivedData/TaxedGmbH_IOS-gerngfqzuwudosgobknlgtoawnlj/Build/Intermediates.noindex/GeneratedModuleMaps-iphoneos/GoogleUtilities-Reachability.modulemap /Users/emanuelflury/Library/Developer/Xcode/DerivedData/TaxedGmbH_IOS-gerngfqzuwudosgobknlgtoawnlj/Build/Intermediates.noindex/GoogleUtilities.build/Debug-iphoneos/GoogleUtilities-Reachability.build/GoogleUtilities-Reachability.modulemap (in target 'GoogleUtilities-Reachability' from project 'GoogleUtilities')
    cd /Users/emanuelflury/Library/Developer/Xcode/DerivedData/TaxedGmbH_IOS-gerngfqzuwudosgobknlgtoawnlj/SourcePackages/checkouts/GoogleUtilities
    builtin-copy -exclude .DS_Store -exclude CVS -exclude .svn -exclude .git -exclude .hg -resolve-src-symlinks /Users/emanuelflury/Library/Developer/Xcode/DerivedData/TaxedGmbH_IOS-gerngfqzuwudosgobknlgtoawnlj/Build/Intermediates.noindex/GoogleUtilities.build/Debug-iphoneos/GoogleUtilities-Reachability.build/GoogleUtilities-Reachability.modulemap /Users/emanuelflury/Library/Developer/Xcode/DerivedData/TaxedGmbH_IOS-gerngfqzuwudosgobknlgtoawnlj/Build/Intermediates.noindex/GeneratedModuleMaps-iphoneos

Copy /Users/emanuelflury/Library/Developer/Xcode/DerivedData/TaxedGmbH_IOS-gerngfqzuwudosgobknlgtoawnlj/Build/Intermediates.noindex/GeneratedModuleMaps-iphoneos/GoogleUtilities-Network.modulemap /Users/emanuelflury/Library/Developer/Xcode/DerivedData/TaxedGmbH_IOS-gerngfqzuwudosgobknlgtoawnlj/Build/Intermediates.noindex/GoogleUtilities.build/Debug-iphoneos/GoogleUtilities-Network.build/GoogleUtilities-Network.modulemap (in target 'GoogleUtilities-Network' from project 'GoogleUtilities')
    cd /Users/emanuelflury/Library/Developer/Xcode/DerivedData/TaxedGmbH_IOS-gerngfqzuwudosgobknlgtoawnlj/SourcePackages/checkouts/GoogleUtilities
    builtin-copy -exclude .DS_Store -exclude CVS -exclude .svn -exclude .git -exclude .hg -resolve-src-symlinks /Users/emanuelflury/Library/Developer/Xcode/DerivedData/TaxedGmbH_IOS-gerngfqzuwudosgobknlgtoawnlj/Build/Intermediates.noindex/GoogleUtilities.build/Debug-iphoneos/GoogleUtilities-Network.build/GoogleUtilities-Network.modulemap /Users/emanuelflury/Library/Developer/Xcode/DerivedData/TaxedGmbH_IOS-gerngfqzuwudosgobknlgtoawnlj/Build/Intermediates.noindex/GeneratedModuleMaps-iphoneos

Copy /Users/emanuelflury/Library/Developer/Xcode/DerivedData/TaxedGmbH_IOS-gerngfqzuwudosgobknlgtoawnlj/Build/Intermediates.noindex/GeneratedModuleMaps-iphoneos/GoogleUtilities-NSData.modulemap /Users/emanuelflury/Library/Developer/Xcode/DerivedData/TaxedGmbH_IOS-gerngfqzuwudosgobknlgtoawnlj/Build/Intermediates.noindex/GoogleUtilities.build/Debug-iphoneos/GoogleUtilities-NSData.build/GoogleUtilities-NSData.modulemap (in target 'GoogleUtilities-NSData' from project 'GoogleUtilities')
    cd /Users/emanuelflury/Library/Developer/Xcode/DerivedData/TaxedGmbH_IOS-gerngfqzuwudosgobknlgtoawnlj/SourcePackages/checkouts/GoogleUtilities
    builtin-copy -exclude .DS_Store -exclude CVS -exclude .svn -exclude .git -exclude .hg -resolve-src-symlinks /Users/emanuelflury/Library/Developer/Xcode/DerivedData/TaxedGmbH_IOS-gerngfqzuwudosgobknlgtoawnlj/Build/Intermediates.noindex/GoogleUtilities.build/Debug-iphoneos/GoogleUtilities-NSData.build/GoogleUtilities-NSData.modulemap /Users/emanuelflury/Library/Developer/Xcode/DerivedData/TaxedGmbH_IOS-gerngfqzuwudosgobknlgtoawnlj/Build/Intermediates.noindex/GeneratedModuleMaps-iphoneos

Copy /Users/emanuelflury/Library/Developer/Xcode/DerivedData/TaxedGmbH_IOS-gerngfqzuwudosgobknlgtoawnlj/Build/Intermediates.noindex/GeneratedModuleMaps-iphoneos/GoogleUtilities-MethodSwizzler.modulemap /Users/emanuelflury/Library/Developer/Xcode/DerivedData/TaxedGmbH_IOS-gerngfqzuwudosgobknlgtoawnlj/Build/Intermediates.noindex/GoogleUtilities.build/Debug-iphoneos/GoogleUtilities-MethodSwizzler.build/GoogleUtilities-MethodSwizzler.modulemap (in target 'GoogleUtilities-MethodSwizzler' from project 'GoogleUtilities')
    cd /Users/emanuelflury/Library/Developer/Xcode/DerivedData/TaxedGmbH_IOS-gerngfqzuwudosgobknlgtoawnlj/SourcePackages/checkouts/GoogleUtilities
    builtin-copy -exclude .DS_Store -exclude CVS -exclude .svn -exclude .git -exclude .hg -resolve-src-symlinks /Users/emanuelflury/Library/Developer/Xcode/DerivedData/TaxedGmbH_IOS-gerngfqzuwudosgobknlgtoawnlj/Build/Intermediates.noindex/GoogleUtilities.build/Debug-iphoneos/GoogleUtilities-MethodSwizzler.build/GoogleUtilities-MethodSwizzler.modulemap /Users/emanuelflury/Library/Developer/Xcode/DerivedData/TaxedGmbH_IOS-gerngfqzuwudosgobknlgtoawnlj/Build/Intermediates.noindex/GeneratedModuleMaps-iphoneos

Copy /Users/emanuelflury/Library/Developer/Xcode/DerivedData/TaxedGmbH_IOS-gerngfqzuwudosgobknlgtoawnlj/Build/Intermediates.noindex/GeneratedModuleMaps-iphoneos/GoogleUtilities-Logger.modulemap /Users/emanuelflury/Library/Developer/Xcode/DerivedData/TaxedGmbH_IOS-gerngfqzuwudosgobknlgtoawnlj/Build/Intermediates.noindex/GoogleUtilities.build/Debug-iphoneos/GoogleUtilities-Logger.build/GoogleUtilities-Logger.modulemap (in target 'GoogleUtilities-Logger' from project 'GoogleUtilities')
    cd /Users/emanuelflury/Library/Developer/Xcode/DerivedData/TaxedGmbH_IOS-gerngfqzuwudosgobknlgtoawnlj/SourcePackages/checkouts/GoogleUtilities
    builtin-copy -exclude .DS_Store -exclude CVS -exclude .svn -exclude .git -exclude .hg -resolve-src-symlinks /Users/emanuelflury/Library/Developer/Xcode/DerivedData/TaxedGmbH_IOS-gerngfqzuwudosgobknlgtoawnlj/Build/Intermediates.noindex/GoogleUtilities.build/Debug-iphoneos/GoogleUtilities-Logger.build/GoogleUtilities-Logger.modulemap /Users/emanuelflury/Library/Developer/Xcode/DerivedData/TaxedGmbH_IOS-gerngfqzuwudosgobknlgtoawnlj/Build/Intermediates.noindex/GeneratedModuleMaps-iphoneos

Copy /Users/emanuelflury/Library/Developer/Xcode/DerivedData/TaxedGmbH_IOS-gerngfqzuwudosgobknlgtoawnlj/Build/Intermediates.noindex/GeneratedModuleMaps-iphoneos/GoogleUtilities-Environment.modulemap /Users/emanuelflury/Library/Developer/Xcode/DerivedData/TaxedGmbH_IOS-gerngfqzuwudosgobknlgtoawnlj/Build/Intermediates.noindex/GoogleUtilities.build/Debug-iphoneos/GoogleUtilities-Environment.build/GoogleUtilities-Environment.modulemap (in target 'GoogleUtilities-Environment' from project 'GoogleUtilities')
    cd /Users/emanuelflury/Library/Developer/Xcode/DerivedData/TaxedGmbH_IOS-gerngfqzuwudosgobknlgtoawnlj/SourcePackages/checkouts/GoogleUtilities
    builtin-copy -exclude .DS_Store -exclude CVS -exclude .svn -exclude .git -exclude .hg -resolve-src-symlinks /Users/emanuelflury/Library/Developer/Xcode/DerivedData/TaxedGmbH_IOS-gerngfqzuwudosgobknlgtoawnlj/Build/Intermediates.noindex/GoogleUtilities.build/Debug-iphoneos/GoogleUtilities-Environment.build/GoogleUtilities-Environment.modulemap /Users/emanuelflury/Library/Developer/Xcode/DerivedData/TaxedGmbH_IOS-gerngfqzuwudosgobknlgtoawnlj/Build/Intermediates.noindex/GeneratedModuleMaps-iphoneos

Copy /Users/emanuelflury/Library/Developer/Xcode/DerivedData/TaxedGmbH_IOS-gerngfqzuwudosgobknlgtoawnlj/Build/Intermediates.noindex/GeneratedModuleMaps-iphoneos/GoogleUtilities-AppDelegateSwizzler.modulemap /Users/emanuelflury/Library/Developer/Xcode/DerivedData/TaxedGmbH_IOS-gerngfqzuwudosgobknlgtoawnlj/Build/Intermediates.noindex/GoogleUtilities.build/Debug-iphoneos/GoogleUtilities-AppDelegateSwizzler.build/GoogleUtilities-AppDelegateSwizzler.modulemap (in target 'GoogleUtilities-AppDelegateSwizzler' from project 'GoogleUtilities')
    cd /Users/emanuelflury/Library/Developer/Xcode/DerivedData/TaxedGmbH_IOS-gerngfqzuwudosgobknlgtoawnlj/SourcePackages/checkouts/GoogleUtilities
    builtin-copy -exclude .DS_Store -exclude CVS -exclude .svn -exclude .git -exclude .hg -resolve-src-symlinks /Users/emanuelflury/Library/Developer/Xcode/DerivedData/TaxedGmbH_IOS-gerngfqzuwudosgobknlgtoawnlj/Build/Intermediates.noindex/GoogleUtilities.build/Debug-iphoneos/GoogleUtilities-AppDelegateSwizzler.build/GoogleUtilities-AppDelegateSwizzler.modulemap /Users/emanuelflury/Library/Developer/Xcode/DerivedData/TaxedGmbH_IOS-gerngfqzuwudosgobknlgtoawnlj/Build/Intermediates.noindex/GeneratedModuleMaps-iphoneos

Copy /Users/emanuelflury/Library/Developer/Xcode/DerivedData/TaxedGmbH_IOS-gerngfqzuwudosgobknlgtoawnlj/Build/Intermediates.noindex/GeneratedModuleMaps-iphoneos/GTMSessionFetcherCore.modulemap /Users/emanuelflury/Library/Developer/Xcode/DerivedData/TaxedGmbH_IOS-gerngfqzuwudosgobknlgtoawnlj/Build/Intermediates.noindex/GTMSessionFetcher.build/Debug-iphoneos/GTMSessionFetcherCore.build/GTMSessionFetcherCore.modulemap (in target 'GTMSessionFetcherCore' from project 'GTMSessionFetcher')
    cd /Users/emanuelflury/Library/Developer/Xcode/DerivedData/TaxedGmbH_IOS-gerngfqzuwudosgobknlgtoawnlj/SourcePackages/checkouts/gtm-session-fetcher
    builtin-copy -exclude .DS_Store -exclude CVS -exclude .svn -exclude .git -exclude .hg -resolve-src-symlinks /Users/emanuelflury/Library/Developer/Xcode/DerivedData/TaxedGmbH_IOS-gerngfqzuwudosgobknlgtoawnlj/Build/Intermediates.noindex/GTMSessionFetcher.build/Debug-iphoneos/GTMSessionFetcherCore.build/GTMSessionFetcherCore.modulemap /Users/emanuelflury/Library/Developer/Xcode/DerivedData/TaxedGmbH_IOS-gerngfqzuwudosgobknlgtoawnlj/Build/Intermediates.noindex/GeneratedModuleMaps-iphoneos

Copy /Users/emanuelflury/Library/Developer/Xcode/DerivedData/TaxedGmbH_IOS-gerngfqzuwudosgobknlgtoawnlj/Build/Intermediates.noindex/GeneratedModuleMaps-iphoneos/GoogleDataTransport.modulemap /Users/emanuelflury/Library/Developer/Xcode/DerivedData/TaxedGmbH_IOS-gerngfqzuwudosgobknlgtoawnlj/Build/Intermediates.noindex/GoogleDataTransport.build/Debug-iphoneos/GoogleDataTransport.build/GoogleDataTransport.modulemap (in target 'GoogleDataTransport' from project 'GoogleDataTransport')
    cd /Users/emanuelflury/Library/Developer/Xcode/DerivedData/TaxedGmbH_IOS-gerngfqzuwudosgobknlgtoawnlj/SourcePackages/checkouts/GoogleDataTransport
    builtin-copy -exclude .DS_Store -exclude CVS -exclude .svn -exclude .git -exclude .hg -resolve-src-symlinks /Users/emanuelflury/Library/Developer/Xcode/DerivedData/TaxedGmbH_IOS-gerngfqzuwudosgobknlgtoawnlj/Build/Intermediates.noindex/GoogleDataTransport.build/Debug-iphoneos/GoogleDataTransport.build/GoogleDataTransport.modulemap /Users/emanuelflury/Library/Developer/Xcode/DerivedData/TaxedGmbH_IOS-gerngfqzuwudosgobknlgtoawnlj/Build/Intermediates.noindex/GeneratedModuleMaps-iphoneos

Copy /Users/emanuelflury/Library/Developer/Xcode/DerivedData/TaxedGmbH_IOS-gerngfqzuwudosgobknlgtoawnlj/Build/Intermediates.noindex/GeneratedModuleMaps-iphoneos/FirebaseStorage.modulemap /Users/emanuelflury/Library/Developer/Xcode/DerivedData/TaxedGmbH_IOS-gerngfqzuwudosgobknlgtoawnlj/Build/Intermediates.noindex/Firebase.build/Debug-iphoneos/FirebaseStorage.build/FirebaseStorage.modulemap (in target 'FirebaseStorage' from project 'Firebase')
    cd /Users/emanuelflury/Library/Developer/Xcode/DerivedData/TaxedGmbH_IOS-gerngfqzuwudosgobknlgtoawnlj/SourcePackages/checkouts/firebase-ios-sdk
    builtin-copy -exclude .DS_Store -exclude CVS -exclude .svn -exclude .git -exclude .hg -resolve-src-symlinks /Users/emanuelflury/Library/Developer/Xcode/DerivedData/TaxedGmbH_IOS-gerngfqzuwudosgobknlgtoawnlj/Build/Intermediates.noindex/Firebase.build/Debug-iphoneos/FirebaseStorage.build/FirebaseStorage.modulemap /Users/emanuelflury/Library/Developer/Xcode/DerivedData/TaxedGmbH_IOS-gerngfqzuwudosgobknlgtoawnlj/Build/Intermediates.noindex/GeneratedModuleMaps-iphoneos

Copy /Users/emanuelflury/Library/Developer/Xcode/DerivedData/TaxedGmbH_IOS-gerngfqzuwudosgobknlgtoawnlj/Build/Intermediates.noindex/GeneratedModuleMaps-iphoneos/FirebaseMessagingInterop.modulemap /Users/emanuelflury/Library/Developer/Xcode/DerivedData/TaxedGmbH_IOS-gerngfqzuwudosgobknlgtoawnlj/Build/Intermediates.noindex/Firebase.build/Debug-iphoneos/FirebaseMessagingInterop.build/FirebaseMessagingInterop.modulemap (in target 'FirebaseMessagingInterop' from project 'Firebase')
    cd /Users/emanuelflury/Library/Developer/Xcode/DerivedData/TaxedGmbH_IOS-gerngfqzuwudosgobknlgtoawnlj/SourcePackages/checkouts/firebase-ios-sdk
    builtin-copy -exclude .DS_Store -exclude CVS -exclude .svn -exclude .git -exclude .hg -resolve-src-symlinks /Users/emanuelflury/Library/Developer/Xcode/DerivedData/TaxedGmbH_IOS-gerngfqzuwudosgobknlgtoawnlj/Build/Intermediates.noindex/Firebase.build/Debug-iphoneos/FirebaseMessagingInterop.build/FirebaseMessagingInterop.modulemap /Users/emanuelflury/Library/Developer/Xcode/DerivedData/TaxedGmbH_IOS-gerngfqzuwudosgobknlgtoawnlj/Build/Intermediates.noindex/GeneratedModuleMaps-iphoneos

Copy /Users/emanuelflury/Library/Developer/Xcode/DerivedData/TaxedGmbH_IOS-gerngfqzuwudosgobknlgtoawnlj/Build/Intermediates.noindex/GeneratedModuleMaps-iphoneos/FirebaseSharedSwift.modulemap /Users/emanuelflury/Library/Developer/Xcode/DerivedData/TaxedGmbH_IOS-gerngfqzuwudosgobknlgtoawnlj/Build/Intermediates.noindex/Firebase.build/Debug-iphoneos/FirebaseSharedSwift.build/FirebaseSharedSwift.modulemap (in target 'FirebaseSharedSwift' from project 'Firebase')
    cd /Users/emanuelflury/Library/Developer/Xcode/DerivedData/TaxedGmbH_IOS-gerngfqzuwudosgobknlgtoawnlj/SourcePackages/checkouts/firebase-ios-sdk
    builtin-copy -exclude .DS_Store -exclude CVS -exclude .svn -exclude .git -exclude .hg -resolve-src-symlinks /Users/emanuelflury/Library/Developer/Xcode/DerivedData/TaxedGmbH_IOS-gerngfqzuwudosgobknlgtoawnlj/Build/Intermediates.noindex/Firebase.build/Debug-iphoneos/FirebaseSharedSwift.build/FirebaseSharedSwift.modulemap /Users/emanuelflury/Library/Developer/Xcode/DerivedData/TaxedGmbH_IOS-gerngfqzuwudosgobknlgtoawnlj/Build/Intermediates.noindex/GeneratedModuleMaps-iphoneos

Copy /Users/emanuelflury/Library/Developer/Xcode/DerivedData/TaxedGmbH_IOS-gerngfqzuwudosgobknlgtoawnlj/Build/Intermediates.noindex/GeneratedModuleMaps-iphoneos/FirebaseInstallations.modulemap /Users/emanuelflury/Library/Developer/Xcode/DerivedData/TaxedGmbH_IOS-gerngfqzuwudosgobknlgtoawnlj/Build/Intermediates.noindex/Firebase.build/Debug-iphoneos/FirebaseInstallations.build/FirebaseInstallations.modulemap (in target 'FirebaseInstallations' from project 'Firebase')
    cd /Users/emanuelflury/Library/Developer/Xcode/DerivedData/TaxedGmbH_IOS-gerngfqzuwudosgobknlgtoawnlj/SourcePackages/checkouts/firebase-ios-sdk
    builtin-copy -exclude .DS_Store -exclude CVS -exclude .svn -exclude .git -exclude .hg -resolve-src-symlinks /Users/emanuelflury/Library/Developer/Xcode/DerivedData/TaxedGmbH_IOS-gerngfqzuwudosgobknlgtoawnlj/Build/Intermediates.noindex/Firebase.build/Debug-iphoneos/FirebaseInstallations.build/FirebaseInstallations.modulemap /Users/emanuelflury/Library/Developer/Xcode/DerivedData/TaxedGmbH_IOS-gerngfqzuwudosgobknlgtoawnlj/Build/Intermediates.noindex/GeneratedModuleMaps-iphoneos

Copy /Users/emanuelflury/Library/Developer/Xcode/DerivedData/TaxedGmbH_IOS-gerngfqzuwudosgobknlgtoawnlj/Build/Intermediates.noindex/GeneratedModuleMaps-iphoneos/FirebaseFunctions.modulemap /Users/emanuelflury/Library/Developer/Xcode/DerivedData/TaxedGmbH_IOS-gerngfqzuwudosgobknlgtoawnlj/Build/Intermediates.noindex/Firebase.build/Debug-iphoneos/FirebaseFunctions.build/FirebaseFunctions.modulemap (in target 'FirebaseFunctions' from project 'Firebase')
    cd /Users/emanuelflury/Library/Developer/Xcode/DerivedData/TaxedGmbH_IOS-gerngfqzuwudosgobknlgtoawnlj/SourcePackages/checkouts/firebase-ios-sdk
    builtin-copy -exclude .DS_Store -exclude CVS -exclude .svn -exclude .git -exclude .hg -resolve-src-symlinks /Users/emanuelflury/Library/Developer/Xcode/DerivedData/TaxedGmbH_IOS-gerngfqzuwudosgobknlgtoawnlj/Build/Intermediates.noindex/Firebase.build/Debug-iphoneos/FirebaseFunctions.build/FirebaseFunctions.modulemap /Users/emanuelflury/Library/Developer/Xcode/DerivedData/TaxedGmbH_IOS-gerngfqzuwudosgobknlgtoawnlj/Build/Intermediates.noindex/GeneratedModuleMaps-iphoneos

Copy /Users/emanuelflury/Library/Developer/Xcode/DerivedData/TaxedGmbH_IOS-gerngfqzuwudosgobknlgtoawnlj/Build/Intermediates.noindex/GeneratedModuleMaps-iphoneos/FirebaseMessaging.modulemap /Users/emanuelflury/Library/Developer/Xcode/DerivedData/TaxedGmbH_IOS-gerngfqzuwudosgobknlgtoawnlj/Build/Intermediates.noindex/Firebase.build/Debug-iphoneos/FirebaseMessaging.build/FirebaseMessaging.modulemap (in target 'FirebaseMessaging' from project 'Firebase')
    cd /Users/emanuelflury/Library/Developer/Xcode/DerivedData/TaxedGmbH_IOS-gerngfqzuwudosgobknlgtoawnlj/SourcePackages/checkouts/firebase-ios-sdk
    builtin-copy -exclude .DS_Store -exclude CVS -exclude .svn -exclude .git -exclude .hg -resolve-src-symlinks /Users/emanuelflury/Library/Developer/Xcode/DerivedData/TaxedGmbH_IOS-gerngfqzuwudosgobknlgtoawnlj/Build/Intermediates.noindex/Firebase.build/Debug-iphoneos/FirebaseMessaging.build/FirebaseMessaging.modulemap /Users/emanuelflury/Library/Developer/Xcode/DerivedData/TaxedGmbH_IOS-gerngfqzuwudosgobknlgtoawnlj/Build/Intermediates.noindex/GeneratedModuleMaps-iphoneos

Copy /Users/emanuelflury/Library/Developer/Xcode/DerivedData/TaxedGmbH_IOS-gerngfqzuwudosgobknlgtoawnlj/Build/Intermediates.noindex/GeneratedModuleMaps-iphoneos/FirebaseCore.modulemap /Users/emanuelflury/Library/Developer/Xcode/DerivedData/TaxedGmbH_IOS-gerngfqzuwudosgobknlgtoawnlj/Build/Intermediates.noindex/Firebase.build/Debug-iphoneos/FirebaseCore.build/FirebaseCore.modulemap (in target 'FirebaseCore' from project 'Firebase')
    cd /Users/emanuelflury/Library/Developer/Xcode/DerivedData/TaxedGmbH_IOS-gerngfqzuwudosgobknlgtoawnlj/SourcePackages/checkouts/firebase-ios-sdk
    builtin-copy -exclude .DS_Store -exclude CVS -exclude .svn -exclude .git -exclude .hg -resolve-src-symlinks /Users/emanuelflury/Library/Developer/Xcode/DerivedData/TaxedGmbH_IOS-gerngfqzuwudosgobknlgtoawnlj/Build/Intermediates.noindex/Firebase.build/Debug-iphoneos/FirebaseCore.build/FirebaseCore.modulemap /Users/emanuelflury/Library/Developer/Xcode/DerivedData/TaxedGmbH_IOS-gerngfqzuwudosgobknlgtoawnlj/Build/Intermediates.noindex/GeneratedModuleMaps-iphoneos

Copy /Users/emanuelflury/Library/Developer/Xcode/DerivedData/TaxedGmbH_IOS-gerngfqzuwudosgobknlgtoawnlj/Build/Intermediates.noindex/GeneratedModuleMaps-iphoneos/FirebaseCoreExtension.modulemap /Users/emanuelflury/Library/Developer/Xcode/DerivedData/TaxedGmbH_IOS-gerngfqzuwudosgobknlgtoawnlj/Build/Intermediates.noindex/Firebase.build/Debug-iphoneos/FirebaseCoreExtension.build/FirebaseCoreExtension.modulemap (in target 'FirebaseCoreExtension' from project 'Firebase')
    cd /Users/emanuelflury/Library/Developer/Xcode/DerivedData/TaxedGmbH_IOS-gerngfqzuwudosgobknlgtoawnlj/SourcePackages/checkouts/firebase-ios-sdk
    builtin-copy -exclude .DS_Store -exclude CVS -exclude .svn -exclude .git -exclude .hg -resolve-src-symlinks /Users/emanuelflury/Library/Developer/Xcode/DerivedData/TaxedGmbH_IOS-gerngfqzuwudosgobknlgtoawnlj/Build/Intermediates.noindex/Firebase.build/Debug-iphoneos/FirebaseCoreExtension.build/FirebaseCoreExtension.modulemap /Users/emanuelflury/Library/Developer/Xcode/DerivedData/TaxedGmbH_IOS-gerngfqzuwudosgobknlgtoawnlj/Build/Intermediates.noindex/GeneratedModuleMaps-iphoneos

Copy /Users/emanuelflury/Library/Developer/Xcode/DerivedData/TaxedGmbH_IOS-gerngfqzuwudosgobknlgtoawnlj/Build/Intermediates.noindex/GeneratedModuleMaps-iphoneos/FirebaseCoreInternal.modulemap /Users/emanuelflury/Library/Developer/Xcode/DerivedData/TaxedGmbH_IOS-gerngfqzuwudosgobknlgtoawnlj/Build/Intermediates.noindex/Firebase.build/Debug-iphoneos/FirebaseCoreInternal.build/FirebaseCoreInternal.modulemap (in target 'FirebaseCoreInternal' from project 'Firebase')
    cd /Users/emanuelflury/Library/Developer/Xcode/DerivedData/TaxedGmbH_IOS-gerngfqzuwudosgobknlgtoawnlj/SourcePackages/checkouts/firebase-ios-sdk
    builtin-copy -exclude .DS_Store -exclude CVS -exclude .svn -exclude .git -exclude .hg -resolve-src-symlinks /Users/emanuelflury/Library/Developer/Xcode/DerivedData/TaxedGmbH_IOS-gerngfqzuwudosgobknlgtoawnlj/Build/Intermediates.noindex/Firebase.build/Debug-iphoneos/FirebaseCoreInternal.build/FirebaseCoreInternal.modulemap /Users/emanuelflury/Library/Developer/Xcode/DerivedData/TaxedGmbH_IOS-gerngfqzuwudosgobknlgtoawnlj/Build/Intermediates.noindex/GeneratedModuleMaps-iphoneos

Copy /Users/emanuelflury/Library/Developer/Xcode/DerivedData/TaxedGmbH_IOS-gerngfqzuwudosgobknlgtoawnlj/Build/Intermediates.noindex/GeneratedModuleMaps-iphoneos/FirebaseAuthInterop.modulemap /Users/emanuelflury/Library/Developer/Xcode/DerivedData/TaxedGmbH_IOS-gerngfqzuwudosgobknlgtoawnlj/Build/Intermediates.noindex/Firebase.build/Debug-iphoneos/FirebaseAuthInterop.build/FirebaseAuthInterop.modulemap (in target 'FirebaseAuthInterop' from project 'Firebase')
    cd /Users/emanuelflury/Library/Developer/Xcode/DerivedData/TaxedGmbH_IOS-gerngfqzuwudosgobknlgtoawnlj/SourcePackages/checkouts/firebase-ios-sdk
    builtin-copy -exclude .DS_Store -exclude CVS -exclude .svn -exclude .git -exclude .hg -resolve-src-symlinks /Users/emanuelflury/Library/Developer/Xcode/DerivedData/TaxedGmbH_IOS-gerngfqzuwudosgobknlgtoawnlj/Build/Intermediates.noindex/Firebase.build/Debug-iphoneos/FirebaseAuthInterop.build/FirebaseAuthInterop.modulemap /Users/emanuelflury/Library/Developer/Xcode/DerivedData/TaxedGmbH_IOS-gerngfqzuwudosgobknlgtoawnlj/Build/Intermediates.noindex/GeneratedModuleMaps-iphoneos

Copy /Users/emanuelflury/Library/Developer/Xcode/DerivedData/TaxedGmbH_IOS-gerngfqzuwudosgobknlgtoawnlj/Build/Intermediates.noindex/GeneratedModuleMaps-iphoneos/FirebaseAuthInternal.modulemap /Users/emanuelflury/Library/Developer/Xcode/DerivedData/TaxedGmbH_IOS-gerngfqzuwudosgobknlgtoawnlj/Build/Intermediates.noindex/Firebase.build/Debug-iphoneos/FirebaseAuthInternal.build/FirebaseAuthInternal.modulemap (in target 'FirebaseAuthInternal' from project 'Firebase')
    cd /Users/emanuelflury/Library/Developer/Xcode/DerivedData/TaxedGmbH_IOS-gerngfqzuwudosgobknlgtoawnlj/SourcePackages/checkouts/firebase-ios-sdk
    builtin-copy -exclude .DS_Store -exclude CVS -exclude .svn -exclude .git -exclude .hg -resolve-src-symlinks /Users/emanuelflury/Library/Developer/Xcode/DerivedData/TaxedGmbH_IOS-gerngfqzuwudosgobknlgtoawnlj/Build/Intermediates.noindex/Firebase.build/Debug-iphoneos/FirebaseAuthInternal.build/FirebaseAuthInternal.modulemap /Users/emanuelflury/Library/Developer/Xcode/DerivedData/TaxedGmbH_IOS-gerngfqzuwudosgobknlgtoawnlj/Build/Intermediates.noindex/GeneratedModuleMaps-iphoneos

ProcessXCFramework /Users/emanuelflury/Library/Developer/Xcode/DerivedData/TaxedGmbH_IOS-gerngfqzuwudosgobknlgtoawnlj/SourcePackages/artifacts/google-ads-on-device-conversion-ios-sdk/GoogleAdsOnDeviceConversion/GoogleAdsOnDeviceConversion.xcframework /Users/emanuelflury/Library/Developer/Xcode/DerivedData/TaxedGmbH_IOS-gerngfqzuwudosgobknlgtoawnlj/Build/Products/Debug-iphoneos/GoogleAdsOnDeviceConversion.framework ios
    cd /Users/emanuelflury/github/TaxedGmbH_IOS/TaxedGmbH_IOS.xcodeproj
    builtin-process-xcframework --xcframework /Users/emanuelflury/Library/Developer/Xcode/DerivedData/TaxedGmbH_IOS-gerngfqzuwudosgobknlgtoawnlj/SourcePackages/artifacts/google-ads-on-device-conversion-ios-sdk/GoogleAdsOnDeviceConversion/GoogleAdsOnDeviceConversion.xcframework --platform ios --target-path /Users/emanuelflury/Library/Developer/Xcode/DerivedData/TaxedGmbH_IOS-gerngfqzuwudosgobknlgtoawnlj/Build/Products/Debug-iphoneos
/Users/emanuelflury/Library/Developer/Xcode/DerivedData/TaxedGmbH_IOS-gerngfqzuwudosgobknlgtoawnlj/SourcePackages/artifacts/google-ads-on-device-conversion-ios-sdk/GoogleAdsOnDeviceConversion/GoogleAdsOnDeviceConversion.xcframework:1:1: note: The identity of “GoogleAdsOnDeviceConversion.xcframework” is not recorded in your project.

Copy /Users/emanuelflury/Library/Developer/Xcode/DerivedData/TaxedGmbH_IOS-gerngfqzuwudosgobknlgtoawnlj/Build/Intermediates.noindex/GeneratedModuleMaps-iphoneos/FirebaseAuth.modulemap /Users/emanuelflury/Library/Developer/Xcode/DerivedData/TaxedGmbH_IOS-gerngfqzuwudosgobknlgtoawnlj/Build/Intermediates.noindex/Firebase.build/Debug-iphoneos/FirebaseAuth.build/FirebaseAuth.modulemap (in target 'FirebaseAuth' from project 'Firebase')
    cd /Users/emanuelflury/Library/Developer/Xcode/DerivedData/TaxedGmbH_IOS-gerngfqzuwudosgobknlgtoawnlj/SourcePackages/checkouts/firebase-ios-sdk
    builtin-copy -exclude .DS_Store -exclude CVS -exclude .svn -exclude .git -exclude .hg -resolve-src-symlinks /Users/emanuelflury/Library/Developer/Xcode/DerivedData/TaxedGmbH_IOS-gerngfqzuwudosgobknlgtoawnlj/Build/Intermediates.noindex/Firebase.build/Debug-iphoneos/FirebaseAuth.build/FirebaseAuth.modulemap /Users/emanuelflury/Library/Developer/Xcode/DerivedData/TaxedGmbH_IOS-gerngfqzuwudosgobknlgtoawnlj/Build/Intermediates.noindex/GeneratedModuleMaps-iphoneos

Copy /Users/emanuelflury/Library/Developer/Xcode/DerivedData/TaxedGmbH_IOS-gerngfqzuwudosgobknlgtoawnlj/Build/Intermediates.noindex/GeneratedModuleMaps-iphoneos/FirebaseAppCheckInterop.modulemap /Users/emanuelflury/Library/Developer/Xcode/DerivedData/TaxedGmbH_IOS-gerngfqzuwudosgobknlgtoawnlj/Build/Intermediates.noindex/Firebase.build/Debug-iphoneos/FirebaseAppCheckInterop.build/FirebaseAppCheckInterop.modulemap (in target 'FirebaseAppCheckInterop' from project 'Firebase')
    cd /Users/emanuelflury/Library/Developer/Xcode/DerivedData/TaxedGmbH_IOS-gerngfqzuwudosgobknlgtoawnlj/SourcePackages/checkouts/firebase-ios-sdk
    builtin-copy -exclude .DS_Store -exclude CVS -exclude .svn -exclude .git -exclude .hg -resolve-src-symlinks /Users/emanuelflury/Library/Developer/Xcode/DerivedData/TaxedGmbH_IOS-gerngfqzuwudosgobknlgtoawnlj/Build/Intermediates.noindex/Firebase.build/Debug-iphoneos/FirebaseAppCheckInterop.build/FirebaseAppCheckInterop.modulemap /Users/emanuelflury/Library/Developer/Xcode/DerivedData/TaxedGmbH_IOS-gerngfqzuwudosgobknlgtoawnlj/Build/Intermediates.noindex/GeneratedModuleMaps-iphoneos

WriteAuxiliaryFile /Users/emanuelflury/Library/Developer/Xcode/DerivedData/TaxedGmbH_IOS-gerngfqzuwudosgobknlgtoawnlj/Build/Intermediates.noindex/GoogleAdsOnDeviceConversion.build/Debug-iphoneos/GoogleAdsOnDeviceConversionTarget.build/GoogleAdsOnDeviceConversionTarget.DependencyMetadataFileList (in target 'GoogleAdsOnDeviceConversionTarget' from project 'GoogleAdsOnDeviceConversion')
    cd /Users/emanuelflury/Library/Developer/Xcode/DerivedData/TaxedGmbH_IOS-gerngfqzuwudosgobknlgtoawnlj/SourcePackages/checkouts/google-ads-on-device-conversion-ios-sdk
    write-file /Users/emanuelflury/Library/Developer/Xcode/DerivedData/TaxedGmbH_IOS-gerngfqzuwudosgobknlgtoawnlj/Build/Intermediates.noindex/GoogleAdsOnDeviceConversion.build/Debug-iphoneos/GoogleAdsOnDeviceConversionTarget.build/GoogleAdsOnDeviceConversionTarget.DependencyMetadataFileList

WriteAuxiliaryFile /Users/emanuelflury/Library/Developer/Xcode/DerivedData/TaxedGmbH_IOS-gerngfqzuwudosgobknlgtoawnlj/Build/Intermediates.noindex/GoogleAdsOnDeviceConversion.build/Debug-iphoneos/GoogleAdsOnDeviceConversionTarget.build/GoogleAdsOnDeviceConversionTarget.DependencyStaticMetadataFileList (in target 'GoogleAdsOnDeviceConversionTarget' from project 'GoogleAdsOnDeviceConversion')
    cd /Users/emanuelflury/Library/Developer/Xcode/DerivedData/TaxedGmbH_IOS-gerngfqzuwudosgobknlgtoawnlj/SourcePackages/checkouts/google-ads-on-device-conversion-ios-sdk
    write-file /Users/emanuelflury/Library/Developer/Xcode/DerivedData/TaxedGmbH_IOS-gerngfqzuwudosgobknlgtoawnlj/Build/Intermediates.noindex/GoogleAdsOnDeviceConversion.build/Debug-iphoneos/GoogleAdsOnDeviceConversionTarget.build/GoogleAdsOnDeviceConversionTarget.DependencyStaticMetadataFileList

WriteAuxiliaryFile /Users/emanuelflury/Library/Developer/Xcode/DerivedData/TaxedGmbH_IOS-gerngfqzuwudosgobknlgtoawnlj/Build/Intermediates.noindex/GoogleAdsOnDeviceConversion.build/Debug-iphoneos/GoogleAdsOnDeviceConversionTarget.build/GoogleAdsOnDeviceConversionTarget.modulemap (in target 'GoogleAdsOnDeviceConversionTarget' from project 'GoogleAdsOnDeviceConversion')
    cd /Users/emanuelflury/Library/Developer/Xcode/DerivedData/TaxedGmbH_IOS-gerngfqzuwudosgobknlgtoawnlj/SourcePackages/checkouts/google-ads-on-device-conversion-ios-sdk
    write-file /Users/emanuelflury/Library/Developer/Xcode/DerivedData/TaxedGmbH_IOS-gerngfqzuwudosgobknlgtoawnlj/Build/Intermediates.noindex/GoogleAdsOnDeviceConversion.build/Debug-iphoneos/GoogleAdsOnDeviceConversionTarget.build/GoogleAdsOnDeviceConversionTarget.modulemap

WriteAuxiliaryFile /Users/emanuelflury/Library/Developer/Xcode/DerivedData/TaxedGmbH_IOS-gerngfqzuwudosgobknlgtoawnlj/Build/Intermediates.noindex/GoogleAdsOnDeviceConversion.build/Debug-iphoneos/GoogleAdsOnDeviceConversionTarget.build/Objects-normal/arm64/e6072d4f65d7061329687fe24e3d63a7-common-args.resp (in target 'GoogleAdsOnDeviceConversionTarget' from project 'GoogleAdsOnDeviceConversion')
    cd /Users/emanuelflury/Library/Developer/Xcode/DerivedData/TaxedGmbH_IOS-gerngfqzuwudosgobknlgtoawnlj/SourcePackages/checkouts/google-ads-on-device-conversion-ios-sdk
    write-file /Users/emanuelflury/Library/Developer/Xcode/DerivedData/TaxedGmbH_IOS-gerngfqzuwudosgobknlgtoawnlj/Build/Intermediates.noindex/GoogleAdsOnDeviceConversion.build/Debug-iphoneos/GoogleAdsOnDeviceConversionTarget.build/Objects-normal/arm64/e6072d4f65d7061329687fe24e3d63a7-common-args.resp
-target arm64-apple-ios12.0 '-std=c99' -fobjc-arc -fmodules -gmodules '-fmodules-cache-path=/Users/emanuelflury/Library/Developer/Xcode/DerivedData/ModuleCache.noindex' '-fmodule-name=GoogleAdsOnDeviceConversionTarget' -fpascal-strings -O0 -DSWIFT_PACKAGE '-DDEBUG=1' '-DOBJC_OLD_DISPATCH_PROTOTYPES=1' -isysroot /Applications/Xcode.app/Contents/Developer/Platforms/iPhoneOS.platform/Developer/SDKs/iPhoneOS26.1.sdk -g -fprofile-instr-generate -fcoverage-mapping -I/Users/emanuelflury/Library/Developer/Xcode/DerivedData/TaxedGmbH_IOS-gerngfqzuwudosgobknlgtoawnlj/SourcePackages/checkouts/GoogleUtilities/GoogleUtilities/Reachability/Public -I/Users/emanuelflury/Library/Developer/Xcode/DerivedData/TaxedGmbH_IOS-gerngfqzuwudosgobknlgtoawnlj/SourcePackages/checkouts/GoogleUtilities/GoogleUtilities/NSData+zlib/Public -I/Users/emanuelflury/Library/Developer/Xcode/DerivedData/TaxedGmbH_IOS-gerngfqzuwudosgobknlgtoawnlj/SourcePackages/checkouts/GoogleUtilities/GoogleUtilities/Logger/Public -I/Users/emanuelflury/Library/Developer/Xcode/DerivedData/TaxedGmbH_IOS-gerngfqzuwudosgobknlgtoawnlj/SourcePackages/checkouts/GoogleUtilities/GoogleUtilities/Environment/Public -I/Users/emanuelflury/Library/Developer/Xcode/DerivedData/TaxedGmbH_IOS-gerngfqzuwudosgobknlgtoawnlj/SourcePackages/checkouts/GoogleUtilities/third_party/IsAppEncrypted/Public -I/Users/emanuelflury/Library/Developer/Xcode/DerivedData/TaxedGmbH_IOS-gerngfqzuwudosgobknlgtoawnlj/SourcePackages/checkouts/GoogleUtilities/GoogleUtilities/Network/Public -I/Users/emanuelflury/Library/Developer/Xcode/DerivedData/TaxedGmbH_IOS-gerngfqzuwudosgobknlgtoawnlj/SourcePackages/checkouts/nanopb/spm_headers -I/Users/emanuelflury/Library/Developer/Xcode/DerivedData/TaxedGmbH_IOS-gerngfqzuwudosgobknlgtoawnlj/Build/Products/Debug-iphoneos/include -I/Users/emanuelflury/Library/Developer/Xcode/DerivedData/TaxedGmbH_IOS-gerngfqzuwudosgobknlgtoawnlj/SourcePackages/checkouts/google-ads-on-device-conversion-ios-sdk/GoogleAdsOnDeviceConversionWrapper/include -I/Users/emanuelflury/Library/Developer/Xcode/DerivedData/TaxedGmbH_IOS-gerngfqzuwudosgobknlgtoawnlj/Build/Intermediates.noindex/GoogleAdsOnDeviceConversion.build/Debug-iphoneos/GoogleAdsOnDeviceConversionTarget.build/DerivedSources-normal/arm64 -I/Users/emanuelflury/Library/Developer/Xcode/DerivedData/TaxedGmbH_IOS-gerngfqzuwudosgobknlgtoawnlj/Build/Intermediates.noindex/GoogleAdsOnDeviceConversion.build/Debug-iphoneos/GoogleAdsOnDeviceConversionTarget.build/DerivedSources/arm64 -I/Users/emanuelflury/Library/Developer/Xcode/DerivedData/TaxedGmbH_IOS-gerngfqzuwudosgobknlgtoawnlj/Build/Intermediates.noindex/GoogleAdsOnDeviceConversion.build/Debug-iphoneos/GoogleAdsOnDeviceConversionTarget.build/DerivedSources -F/Users/emanuelflury/Library/Developer/Xcode/DerivedData/TaxedGmbH_IOS-gerngfqzuwudosgobknlgtoawnlj/Build/Products/Debug-iphoneos/PackageFrameworks -F/Users/emanuelflury/Library/Developer/Xcode/DerivedData/TaxedGmbH_IOS-gerngfqzuwudosgobknlgtoawnlj/Build/Products/Debug-iphoneos/PackageFrameworks -F/Users/emanuelflury/Library/Developer/Xcode/DerivedData/TaxedGmbH_IOS-gerngfqzuwudosgobknlgtoawnlj/Build/Products/Debug-iphoneos/PackageFrameworks -F/Users/emanuelflury/Library/Developer/Xcode/DerivedData/TaxedGmbH_IOS-gerngfqzuwudosgobknlgtoawnlj/Build/Products/Debug-iphoneos/PackageFrameworks -F/Users/emanuelflury/Library/Developer/Xcode/DerivedData/TaxedGmbH_IOS-gerngfqzuwudosgobknlgtoawnlj/Build/Products/Debug-iphoneos/PackageFrameworks -F/Users/emanuelflury/Library/Developer/Xcode/DerivedData/TaxedGmbH_IOS-gerngfqzuwudosgobknlgtoawnlj/Build/Products/Debug-iphoneos/PackageFrameworks -F/Users/emanuelflury/Library/Developer/Xcode/DerivedData/TaxedGmbH_IOS-gerngfqzuwudosgobknlgtoawnlj/Build/Products/Debug-iphoneos/PackageFrameworks -F/Users/emanuelflury/Library/Developer/Xcode/DerivedData/TaxedGmbH_IOS-gerngfqzuwudosgobknlgtoawnlj/Build/Products/Debug-iphoneos -iframework /Applications/Xcode.app/Contents/Developer/Platforms/iPhoneOS.platform/Developer/Library/Frameworks -iframework /Applications/Xcode.app/Contents/Developer/Platforms/iPhoneOS.platform/Developer/SDKs/iPhoneOS26.1.sdk/Developer/Library/Frameworks '-fmodule-map-file=/Users/emanuelflury/Library/Developer/Xcode/DerivedData/TaxedGmbH_IOS-gerngfqzuwudosgobknlgtoawnlj/Build/Intermediates.noindex/GeneratedModuleMaps-iphoneos/GoogleUtilities-Reachability.modulemap' '-fmodule-map-file=/Users/emanuelflury/Library/Developer/Xcode/DerivedData/TaxedGmbH_IOS-gerngfqzuwudosgobknlgtoawnlj/Build/Intermediates.noindex/GeneratedModuleMaps-iphoneos/GoogleUtilities-NSData.modulemap' '-fmodule-map-file=/Users/emanuelflury/Library/Developer/Xcode/DerivedData/TaxedGmbH_IOS-gerngfqzuwudosgobknlgtoawnlj/Build/Intermediates.noindex/GeneratedModuleMaps-iphoneos/GoogleUtilities-Logger.modulemap' '-fmodule-map-file=/Users/emanuelflury/Library/Developer/Xcode/DerivedData/TaxedGmbH_IOS-gerngfqzuwudosgobknlgtoawnlj/Build/Intermediates.noindex/GeneratedModuleMaps-iphoneos/GoogleUtilities-Environment.modulemap' '-fmodule-map-file=/Users/emanuelflury/Library/Developer/Xcode/DerivedData/TaxedGmbH_IOS-gerngfqzuwudosgobknlgtoawnlj/Build/Intermediates.noindex/GeneratedModuleMaps-iphoneos/third-party-IsAppEncrypted.modulemap' '-fmodule-map-file=/Users/emanuelflury/Library/Developer/Xcode/DerivedData/TaxedGmbH_IOS-gerngfqzuwudosgobknlgtoawnlj/Build/Intermediates.noindex/GeneratedModuleMaps-iphoneos/GoogleUtilities-Network.modulemap' '-fmodule-map-file=/Users/emanuelflury/Library/Developer/Xcode/DerivedData/TaxedGmbH_IOS-gerngfqzuwudosgobknlgtoawnlj/Build/Intermediates.noindex/GeneratedModuleMaps-iphoneos/nanopb.modulemap' -DXcode
WriteAuxiliaryFile /Users/emanuelflury/Library/Developer/Xcode/DerivedData/TaxedGmbH_IOS-gerngfqzuwudosgobknlgtoawnlj/Build/Intermediates.noindex/GoogleAdsOnDeviceConversion.build/Debug-iphoneos/GoogleAdsOnDeviceConversionTarget.build/Objects-normal/arm64/GoogleAdsOnDeviceConversionTarget.LinkFileList (in target 'GoogleAdsOnDeviceConversionTarget' from project 'GoogleAdsOnDeviceConversion')
    cd /Users/emanuelflury/Library/Developer/Xcode/DerivedData/TaxedGmbH_IOS-gerngfqzuwudosgobknlgtoawnlj/SourcePackages/checkouts/google-ads-on-device-conversion-ios-sdk
    write-file /Users/emanuelflury/Library/Developer/Xcode/DerivedData/TaxedGmbH_IOS-gerngfqzuwudosgobknlgtoawnlj/Build/Intermediates.noindex/GoogleAdsOnDeviceConversion.build/Debug-iphoneos/GoogleAdsOnDeviceConversionTarget.build/Objects-normal/arm64/GoogleAdsOnDeviceConversionTarget.LinkFileList

ScanDependencies /Users/emanuelflury/Library/Developer/Xcode/DerivedData/TaxedGmbH_IOS-gerngfqzuwudosgobknlgtoawnlj/Build/Intermediates.noindex/Firebase.build/Debug-iphoneos/FirebaseAppCheckInterop.build/Objects-normal/arm64/dummy.o /Users/emanuelflury/Library/Developer/Xcode/DerivedData/TaxedGmbH_IOS-gerngfqzuwudosgobknlgtoawnlj/SourcePackages/checkouts/firebase-ios-sdk/FirebaseAppCheck/Interop/dummy.m normal arm64 objective-c com.apple.compilers.llvm.clang.1_0.compiler (in target 'FirebaseAppCheckInterop' from project 'Firebase')
    cd /Users/emanuelflury/github/TaxedGmbH_IOS/TaxedGmbH_IOS.xcodeproj
    
    Using response file: /Users/emanuelflury/Library/Developer/Xcode/DerivedData/TaxedGmbH_IOS-gerngfqzuwudosgobknlgtoawnlj/Build/Intermediates.noindex/Firebase.build/Debug-iphoneos/FirebaseAppCheckInterop.build/Objects-normal/arm64/e6072d4f65d7061329687fe24e3d63a7-common-args.resp
    
    builtin-ScanDependencies -o /Users/emanuelflury/Library/Developer/Xcode/DerivedData/TaxedGmbH_IOS-gerngfqzuwudosgobknlgtoawnlj/Build/Intermediates.noindex/Firebase.build/Debug-iphoneos/FirebaseAppCheckInterop.build/Objects-normal/arm64/dummy.o.scan -- /Applications/Xcode.app/Contents/Developer/Toolchains/XcodeDefault.xctoolchain/usr/bin/clang -x objective-c -ivfsstatcache /Users/emanuelflury/Library/Developer/Xcode/DerivedData/SDKStatCaches.noindex/iphoneos26.1-23B77-69b33fc7382b27d9b5d46e82a00f8e78.sdkstatcache -fmessage-length\=0 -fdiagnostics-show-note-include-stack -fmacro-backtrace-limit\=0 -fno-color-diagnostics -fmodules-prune-interval\=86400 -fmodules-prune-after\=345600 -fbuild-session-file\=/Users/emanuelflury/Library/Developer/Xcode/DerivedData/ModuleCache.noindex/Session.modulevalidation -fmodules-validate-once-per-build-session -Wnon-modular-include-in-framework-module -Werror\=non-modular-include-in-framework-module -Wno-trigraphs -Wno-missing-field-initializers -Wno-missing-prototypes -Wno-return-type -Wno-implicit-atomic-properties -Wno-objc-interface-ivars -Wno-arc-repeated-use-of-weak -Wno-missing-braces -Wparentheses -Wswitch -Wno-unused-function -Wno-unused-label -Wno-unused-parameter -Wno-unused-variable -Wunused-value -Wno-empty-body -Wno-uninitialized -Wno-unknown-pragmas -w -Wno-shadow -Wno-four-char-constants -Wno-conversion -Wno-constant-conversion -Wno-int-conversion -Wno-bool-conversion -Wno-enum-conversion -Wno-float-conversion -Wno-non-literal-null-conversion -Wno-objc-literal-conversion -Wshorten-64-to-32 -Wpointer-sign -Wno-newline-eof -Wno-selector -Wno-strict-selector-match -Wno-undeclared-selector -Wno-deprecated-implementations -Wno-implicit-fallthrough -fstrict-aliasing -Wprotocol -Wdeprecated-declarations -Wno-sign-conversion -Wno-infinite-recursion -Wno-comma -Wno-block-capture-autoreleasing -Wno-strict-prototypes -Wno-semicolon-before-method-body -index-store-path /Users/emanuelflury/Library/Developer/Xcode/DerivedData/TaxedGmbH_IOS-gerngfqzuwudosgobknlgtoawnlj/Index.noindex/DataStore @/Users/emanuelflury/Library/Developer/Xcode/DerivedData/TaxedGmbH_IOS-gerngfqzuwudosgobknlgtoawnlj/Build/Intermediates.noindex/Firebase.build/Debug-iphoneos/FirebaseAppCheckInterop.build/Objects-normal/arm64/e6072d4f65d7061329687fe24e3d63a7-common-args.resp -MMD -MT dependencies -MF /Users/emanuelflury/Library/Developer/Xcode/DerivedData/TaxedGmbH_IOS-gerngfqzuwudosgobknlgtoawnlj/Build/Intermediates.noindex/Firebase.build/Debug-iphoneos/FirebaseAppCheckInterop.build/Objects-normal/arm64/dummy.d --serialize-diagnostics /Users/emanuelflury/Library/Developer/Xcode/DerivedData/TaxedGmbH_IOS-gerngfqzuwudosgobknlgtoawnlj/Build/Intermediates.noindex/Firebase.build/Debug-iphoneos/FirebaseAppCheckInterop.build/Objects-normal/arm64/dummy.dia -c /Users/emanuelflury/Library/Developer/Xcode/DerivedData/TaxedGmbH_IOS-gerngfqzuwudosgobknlgtoawnlj/SourcePackages/checkouts/firebase-ios-sdk/FirebaseAppCheck/Interop/dummy.m -o /Users/emanuelflury/Library/Developer/Xcode/DerivedData/TaxedGmbH_IOS-gerngfqzuwudosgobknlgtoawnlj/Build/Intermediates.noindex/Firebase.build/Debug-iphoneos/FirebaseAppCheckInterop.build/Objects-normal/arm64/dummy.o -index-unit-output-path /Firebase.build/Debug-iphoneos/FirebaseAppCheckInterop.build/Objects-normal/arm64/dummy.o

ScanDependencies /Users/emanuelflury/Library/Developer/Xcode/DerivedData/TaxedGmbH_IOS-gerngfqzuwudosgobknlgtoawnlj/Build/Intermediates.noindex/Firebase.build/Debug-iphoneos/FirebaseAuthInterop.build/Objects-normal/arm64/dummy.o /Users/emanuelflury/Library/Developer/Xcode/DerivedData/TaxedGmbH_IOS-gerngfqzuwudosgobknlgtoawnlj/SourcePackages/checkouts/firebase-ios-sdk/FirebaseAuth/Interop/dummy.m normal arm64 objective-c com.apple.compilers.llvm.clang.1_0.compiler (in target 'FirebaseAuthInterop' from project 'Firebase')
    cd /Users/emanuelflury/github/TaxedGmbH_IOS/TaxedGmbH_IOS.xcodeproj
    
    Using response file: /Users/emanuelflury/Library/Developer/Xcode/DerivedData/TaxedGmbH_IOS-gerngfqzuwudosgobknlgtoawnlj/Build/Intermediates.noindex/Firebase.build/Debug-iphoneos/FirebaseAuthInterop.build/Objects-normal/arm64/e6072d4f65d7061329687fe24e3d63a7-common-args.resp
    
    builtin-ScanDependencies -o /Users/emanuelflury/Library/Developer/Xcode/DerivedData/TaxedGmbH_IOS-gerngfqzuwudosgobknlgtoawnlj/Build/Intermediates.noindex/Firebase.build/Debug-iphoneos/FirebaseAuthInterop.build/Objects-normal/arm64/dummy.o.scan -- /Applications/Xcode.app/Contents/Developer/Toolchains/XcodeDefault.xctoolchain/usr/bin/clang -x objective-c -ivfsstatcache /Users/emanuelflury/Library/Developer/Xcode/DerivedData/SDKStatCaches.noindex/iphoneos26.1-23B77-69b33fc7382b27d9b5d46e82a00f8e78.sdkstatcache -fmessage-length\=0 -fdiagnostics-show-note-include-stack -fmacro-backtrace-limit\=0 -fno-color-diagnostics -fmodules-prune-interval\=86400 -fmodules-prune-after\=345600 -fbuild-session-file\=/Users/emanuelflury/Library/Developer/Xcode/DerivedData/ModuleCache.noindex/Session.modulevalidation -fmodules-validate-once-per-build-session -Wnon-modular-include-in-framework-module -Werror\=non-modular-include-in-framework-module -Wno-trigraphs -Wno-missing-field-initializers -Wno-missing-prototypes -Wno-return-type -Wno-implicit-atomic-properties -Wno-objc-interface-ivars -Wno-arc-repeated-use-of-weak -Wno-missing-braces -Wparentheses -Wswitch -Wno-unused-function -Wno-unused-label -Wno-unused-parameter -Wno-unused-variable -Wunused-value -Wno-empty-body -Wno-uninitialized -Wno-unknown-pragmas -w -Wno-shadow -Wno-four-char-constants -Wno-conversion -Wno-constant-conversion -Wno-int-conversion -Wno-bool-conversion -Wno-enum-conversion -Wno-float-conversion -Wno-non-literal-null-conversion -Wno-objc-literal-conversion -Wshorten-64-to-32 -Wpointer-sign -Wno-newline-eof -Wno-selector -Wno-strict-selector-match -Wno-undeclared-selector -Wno-deprecated-implementations -Wno-implicit-fallthrough -fstrict-aliasing -Wprotocol -Wdeprecated-declarations -Wno-sign-conversion -Wno-infinite-recursion -Wno-comma -Wno-block-capture-autoreleasing -Wno-strict-prototypes -Wno-semicolon-before-method-body -index-store-path /Users/emanuelflury/Library/Developer/Xcode/DerivedData/TaxedGmbH_IOS-gerngfqzuwudosgobknlgtoawnlj/Index.noindex/DataStore @/Users/emanuelflury/Library/Developer/Xcode/DerivedData/TaxedGmbH_IOS-gerngfqzuwudosgobknlgtoawnlj/Build/Intermediates.noindex/Firebase.build/Debug-iphoneos/FirebaseAuthInterop.build/Objects-normal/arm64/e6072d4f65d7061329687fe24e3d63a7-common-args.resp -MMD -MT dependencies -MF /Users/emanuelflury/Library/Developer/Xcode/DerivedData/TaxedGmbH_IOS-gerngfqzuwudosgobknlgtoawnlj/Build/Intermediates.noindex/Firebase.build/Debug-iphoneos/FirebaseAuthInterop.build/Objects-normal/arm64/dummy.d --serialize-diagnostics /Users/emanuelflury/Library/Developer/Xcode/DerivedData/TaxedGmbH_IOS-gerngfqzuwudosgobknlgtoawnlj/Build/Intermediates.noindex/Firebase.build/Debug-iphoneos/FirebaseAuthInterop.build/Objects-normal/arm64/dummy.dia -c /Users/emanuelflury/Library/Developer/Xcode/DerivedData/TaxedGmbH_IOS-gerngfqzuwudosgobknlgtoawnlj/SourcePackages/checkouts/firebase-ios-sdk/FirebaseAuth/Interop/dummy.m -o /Users/emanuelflury/Library/Developer/Xcode/DerivedData/TaxedGmbH_IOS-gerngfqzuwudosgobknlgtoawnlj/Build/Intermediates.noindex/Firebase.build/Debug-iphoneos/FirebaseAuthInterop.build/Objects-normal/arm64/dummy.o -index-unit-output-path /Firebase.build/Debug-iphoneos/FirebaseAuthInterop.build/Objects-normal/arm64/dummy.o

ScanDependencies /Users/emanuelflury/Library/Developer/Xcode/DerivedData/TaxedGmbH_IOS-gerngfqzuwudosgobknlgtoawnlj/Build/Intermediates.noindex/Firebase.build/Debug-iphoneos/Firebase.build/Objects-normal/arm64/dummy.o /Users/emanuelflury/Library/Developer/Xcode/DerivedData/TaxedGmbH_IOS-gerngfqzuwudosgobknlgtoawnlj/SourcePackages/checkouts/firebase-ios-sdk/CoreOnly/Sources/dummy.m normal arm64 objective-c com.apple.compilers.llvm.clang.1_0.compiler (in target 'Firebase' from project 'Firebase')
    cd /Users/emanuelflury/github/TaxedGmbH_IOS/TaxedGmbH_IOS.xcodeproj
    
    Using response file: /Users/emanuelflury/Library/Developer/Xcode/DerivedData/TaxedGmbH_IOS-gerngfqzuwudosgobknlgtoawnlj/Build/Intermediates.noindex/Firebase.build/Debug-iphoneos/Firebase.build/Objects-normal/arm64/e6072d4f65d7061329687fe24e3d63a7-common-args.resp
    
    builtin-ScanDependencies -o /Users/emanuelflury/Library/Developer/Xcode/DerivedData/TaxedGmbH_IOS-gerngfqzuwudosgobknlgtoawnlj/Build/Intermediates.noindex/Firebase.build/Debug-iphoneos/Firebase.build/Objects-normal/arm64/dummy.o.scan -- /Applications/Xcode.app/Contents/Developer/Toolchains/XcodeDefault.xctoolchain/usr/bin/clang -x objective-c -ivfsstatcache /Users/emanuelflury/Library/Developer/Xcode/DerivedData/SDKStatCaches.noindex/iphoneos26.1-23B77-69b33fc7382b27d9b5d46e82a00f8e78.sdkstatcache -fmessage-length\=0 -fdiagnostics-show-note-include-stack -fmacro-backtrace-limit\=0 -fno-color-diagnostics -fmodules-prune-interval\=86400 -fmodules-prune-after\=345600 -fbuild-session-file\=/Users/emanuelflury/Library/Developer/Xcode/DerivedData/ModuleCache.noindex/Session.modulevalidation -fmodules-validate-once-per-build-session -Wnon-modular-include-in-framework-module -Werror\=non-modular-include-in-framework-module -Wno-trigraphs -Wno-missing-field-initializers -Wno-missing-prototypes -Wno-return-type -Wno-implicit-atomic-properties -Wno-objc-interface-ivars -Wno-arc-repeated-use-of-weak -Wno-missing-braces -Wparentheses -Wswitch -Wno-unused-function -Wno-unused-label -Wno-unused-parameter -Wno-unused-variable -Wunused-value -Wno-empty-body -Wno-uninitialized -Wno-unknown-pragmas -w -Wno-shadow -Wno-four-char-constants -Wno-conversion -Wno-constant-conversion -Wno-int-conversion -Wno-bool-conversion -Wno-enum-conversion -Wno-float-conversion -Wno-non-literal-null-conversion -Wno-objc-literal-conversion -Wshorten-64-to-32 -Wpointer-sign -Wno-newline-eof -Wno-selector -Wno-strict-selector-match -Wno-undeclared-selector -Wno-deprecated-implementations -Wno-implicit-fallthrough -fstrict-aliasing -Wprotocol -Wdeprecated-declarations -Wno-sign-conversion -Wno-infinite-recursion -Wno-comma -Wno-block-capture-autoreleasing -Wno-strict-prototypes -Wno-semicolon-before-method-body -index-store-path /Users/emanuelflury/Library/Developer/Xcode/DerivedData/TaxedGmbH_IOS-gerngfqzuwudosgobknlgtoawnlj/Index.noindex/DataStore @/Users/emanuelflury/Library/Developer/Xcode/DerivedData/TaxedGmbH_IOS-gerngfqzuwudosgobknlgtoawnlj/Build/Intermediates.noindex/Firebase.build/Debug-iphoneos/Firebase.build/Objects-normal/arm64/e6072d4f65d7061329687fe24e3d63a7-common-args.resp -MMD -MT dependencies -MF /Users/emanuelflury/Library/Developer/Xcode/DerivedData/TaxedGmbH_IOS-gerngfqzuwudosgobknlgtoawnlj/Build/Intermediates.noindex/Firebase.build/Debug-iphoneos/Firebase.build/Objects-normal/arm64/dummy.d --serialize-diagnostics /Users/emanuelflury/Library/Developer/Xcode/DerivedData/TaxedGmbH_IOS-gerngfqzuwudosgobknlgtoawnlj/Build/Intermediates.noindex/Firebase.build/Debug-iphoneos/Firebase.build/Objects-normal/arm64/dummy.dia -c /Users/emanuelflury/Library/Developer/Xcode/DerivedData/TaxedGmbH_IOS-gerngfqzuwudosgobknlgtoawnlj/SourcePackages/checkouts/firebase-ios-sdk/CoreOnly/Sources/dummy.m -o /Users/emanuelflury/Library/Developer/Xcode/DerivedData/TaxedGmbH_IOS-gerngfqzuwudosgobknlgtoawnlj/Build/Intermediates.noindex/Firebase.build/Debug-iphoneos/Firebase.build/Objects-normal/arm64/dummy.o -index-unit-output-path /Firebase.build/Debug-iphoneos/Firebase.build/Objects-normal/arm64/dummy.o

ScanDependencies /Users/emanuelflury/Library/Developer/Xcode/DerivedData/TaxedGmbH_IOS-gerngfqzuwudosgobknlgtoawnlj/Build/Intermediates.noindex/GoogleUtilities.build/Debug-iphoneos/third-party-IsAppEncrypted.build/Objects-normal/arm64/IsAppEncrypted.o /Users/emanuelflury/Library/Developer/Xcode/DerivedData/TaxedGmbH_IOS-gerngfqzuwudosgobknlgtoawnlj/SourcePackages/checkouts/GoogleUtilities/third_party/IsAppEncrypted/IsAppEncrypted.m normal arm64 objective-c com.apple.compilers.llvm.clang.1_0.compiler (in target 'third-party-IsAppEncrypted' from project 'GoogleUtilities')
    cd /Users/emanuelflury/github/TaxedGmbH_IOS/TaxedGmbH_IOS.xcodeproj
    
    Using response file: /Users/emanuelflury/Library/Developer/Xcode/DerivedData/TaxedGmbH_IOS-gerngfqzuwudosgobknlgtoawnlj/Build/Intermediates.noindex/GoogleUtilities.build/Debug-iphoneos/third-party-IsAppEncrypted.build/Objects-normal/arm64/e6072d4f65d7061329687fe24e3d63a7-common-args.resp
    
    builtin-ScanDependencies -o /Users/emanuelflury/Library/Developer/Xcode/DerivedData/TaxedGmbH_IOS-gerngfqzuwudosgobknlgtoawnlj/Build/Intermediates.noindex/GoogleUtilities.build/Debug-iphoneos/third-party-IsAppEncrypted.build/Objects-normal/arm64/IsAppEncrypted.o.scan -- /Applications/Xcode.app/Contents/Developer/Toolchains/XcodeDefault.xctoolchain/usr/bin/clang -x objective-c -ivfsstatcache /Users/emanuelflury/Library/Developer/Xcode/DerivedData/SDKStatCaches.noindex/iphoneos26.1-23B77-69b33fc7382b27d9b5d46e82a00f8e78.sdkstatcache -fmessage-length\=0 -fdiagnostics-show-note-include-stack -fmacro-backtrace-limit\=0 -fno-color-diagnostics -fmodules-prune-interval\=86400 -fmodules-prune-after\=345600 -fbuild-session-file\=/Users/emanuelflury/Library/Developer/Xcode/DerivedData/ModuleCache.noindex/Session.modulevalidation -fmodules-validate-once-per-build-session -Wnon-modular-include-in-framework-module -Werror\=non-modular-include-in-framework-module -Wno-trigraphs -Wno-missing-field-initializers -Wno-missing-prototypes -Wno-return-type -Wno-implicit-atomic-properties -Wno-objc-interface-ivars -Wno-arc-repeated-use-of-weak -Wno-missing-braces -Wparentheses -Wswitch -Wno-unused-function -Wno-unused-label -Wno-unused-parameter -Wno-unused-variable -Wunused-value -Wno-empty-body -Wno-uninitialized -Wno-unknown-pragmas -w -Wno-shadow -Wno-four-char-constants -Wno-conversion -Wno-constant-conversion -Wno-int-conversion -Wno-bool-conversion -Wno-enum-conversion -Wno-float-conversion -Wno-non-literal-null-conversion -Wno-objc-literal-conversion -Wshorten-64-to-32 -Wpointer-sign -Wno-newline-eof -Wno-selector -Wno-strict-selector-match -Wno-undeclared-selector -Wno-deprecated-implementations -Wno-implicit-fallthrough -fstrict-aliasing -Wprotocol -Wdeprecated-declarations -Wno-sign-conversion -Wno-infinite-recursion -Wno-comma -Wno-block-capture-autoreleasing -Wno-strict-prototypes -Wno-semicolon-before-method-body -index-store-path /Users/emanuelflury/Library/Developer/Xcode/DerivedData/TaxedGmbH_IOS-gerngfqzuwudosgobknlgtoawnlj/Index.noindex/DataStore @/Users/emanuelflury/Library/Developer/Xcode/DerivedData/TaxedGmbH_IOS-gerngfqzuwudosgobknlgtoawnlj/Build/Intermediates.noindex/GoogleUtilities.build/Debug-iphoneos/third-party-IsAppEncrypted.build/Objects-normal/arm64/e6072d4f65d7061329687fe24e3d63a7-common-args.resp -MMD -MT dependencies -MF /Users/emanuelflury/Library/Developer/Xcode/DerivedData/TaxedGmbH_IOS-gerngfqzuwudosgobknlgtoawnlj/Build/Intermediates.noindex/GoogleUtilities.build/Debug-iphoneos/third-party-IsAppEncrypted.build/Objects-normal/arm64/IsAppEncrypted.d --serialize-diagnostics /Users/emanuelflury/Library/Developer/Xcode/DerivedData/TaxedGmbH_IOS-gerngfqzuwudosgobknlgtoawnlj/Build/Intermediates.noindex/GoogleUtilities.build/Debug-iphoneos/third-party-IsAppEncrypted.build/Objects-normal/arm64/IsAppEncrypted.dia -c /Users/emanuelflury/Library/Developer/Xcode/DerivedData/TaxedGmbH_IOS-gerngfqzuwudosgobknlgtoawnlj/SourcePackages/checkouts/GoogleUtilities/third_party/IsAppEncrypted/IsAppEncrypted.m -o /Users/emanuelflury/Library/Developer/Xcode/DerivedData/TaxedGmbH_IOS-gerngfqzuwudosgobknlgtoawnlj/Build/Intermediates.noindex/GoogleUtilities.build/Debug-iphoneos/third-party-IsAppEncrypted.build/Objects-normal/arm64/IsAppEncrypted.o -index-unit-output-path /GoogleUtilities.build/Debug-iphoneos/third-party-IsAppEncrypted.build/Objects-normal/arm64/IsAppEncrypted.o

ProcessInfoPlistFile /Users/emanuelflury/Library/Developer/Xcode/DerivedData/TaxedGmbH_IOS-gerngfqzuwudosgobknlgtoawnlj/Build/Products/Debug-iphoneos/abseil_abslWrapper.bundle/Info.plist /Users/emanuelflury/Library/Developer/Xcode/DerivedData/TaxedGmbH_IOS-gerngfqzuwudosgobknlgtoawnlj/Build/Intermediates.noindex/abseil.build/Debug-iphoneos/abseil_abslWrapper.build/empty-abseil_abslWrapper.plist (in target 'abseil_abslWrapper' from project 'abseil')
    cd /Users/emanuelflury/Library/Developer/Xcode/DerivedData/TaxedGmbH_IOS-gerngfqzuwudosgobknlgtoawnlj/SourcePackages/checkouts/abseil-cpp-binary
    builtin-infoPlistUtility /Users/emanuelflury/Library/Developer/Xcode/DerivedData/TaxedGmbH_IOS-gerngfqzuwudosgobknlgtoawnlj/Build/Intermediates.noindex/abseil.build/Debug-iphoneos/abseil_abslWrapper.build/empty-abseil_abslWrapper.plist -producttype com.apple.product-type.bundle -expandbuildsettings -format binary -platform iphoneos -requiredArchitecture arm64 -o /Users/emanuelflury/Library/Developer/Xcode/DerivedData/TaxedGmbH_IOS-gerngfqzuwudosgobknlgtoawnlj/Build/Products/Debug-iphoneos/abseil_abslWrapper.bundle/Info.plist

CpResource /Users/emanuelflury/Library/Developer/Xcode/DerivedData/TaxedGmbH_IOS-gerngfqzuwudosgobknlgtoawnlj/Build/Products/Debug-iphoneos/abseil_abslWrapper.bundle/PrivacyInfo.xcprivacy /Users/emanuelflury/Library/Developer/Xcode/DerivedData/TaxedGmbH_IOS-gerngfqzuwudosgobknlgtoawnlj/SourcePackages/checkouts/abseil-cpp-binary/absl-Wrapper/Resources/PrivacyInfo.xcprivacy (in target 'abseil_abslWrapper' from project 'abseil')
    cd /Users/emanuelflury/Library/Developer/Xcode/DerivedData/TaxedGmbH_IOS-gerngfqzuwudosgobknlgtoawnlj/SourcePackages/checkouts/abseil-cpp-binary
    builtin-copy -exclude .DS_Store -exclude CVS -exclude .svn -exclude .git -exclude .hg -resolve-src-symlinks /Users/emanuelflury/Library/Developer/Xcode/DerivedData/TaxedGmbH_IOS-gerngfqzuwudosgobknlgtoawnlj/SourcePackages/checkouts/abseil-cpp-binary/absl-Wrapper/Resources/PrivacyInfo.xcprivacy /Users/emanuelflury/Library/Developer/Xcode/DerivedData/TaxedGmbH_IOS-gerngfqzuwudosgobknlgtoawnlj/Build/Products/Debug-iphoneos/abseil_abslWrapper.bundle

ScanDependencies /Users/emanuelflury/Library/Developer/Xcode/DerivedData/TaxedGmbH_IOS-gerngfqzuwudosgobknlgtoawnlj/Build/Intermediates.noindex/InteropForGoogle.build/Debug-iphoneos/RecaptchaInterop.build/Objects-normal/arm64/placeholder.o /Users/emanuelflury/Library/Developer/Xcode/DerivedData/TaxedGmbH_IOS-gerngfqzuwudosgobknlgtoawnlj/SourcePackages/checkouts/interop-ios-for-google-sdks/RecaptchaEnterprise/RecaptchaInterop/placeholder.m normal arm64 objective-c com.apple.compilers.llvm.clang.1_0.compiler (in target 'RecaptchaInterop' from project 'InteropForGoogle')
    cd /Users/emanuelflury/github/TaxedGmbH_IOS/TaxedGmbH_IOS.xcodeproj
    
    Using response file: /Users/emanuelflury/Library/Developer/Xcode/DerivedData/TaxedGmbH_IOS-gerngfqzuwudosgobknlgtoawnlj/Build/Intermediates.noindex/InteropForGoogle.build/Debug-iphoneos/RecaptchaInterop.build/Objects-normal/arm64/e6072d4f65d7061329687fe24e3d63a7-common-args.resp
    
    builtin-ScanDependencies -o /Users/emanuelflury/Library/Developer/Xcode/DerivedData/TaxedGmbH_IOS-gerngfqzuwudosgobknlgtoawnlj/Build/Intermediates.noindex/InteropForGoogle.build/Debug-iphoneos/RecaptchaInterop.build/Objects-normal/arm64/placeholder.o.scan -- /Applications/Xcode.app/Contents/Developer/Toolchains/XcodeDefault.xctoolchain/usr/bin/clang -x objective-c -ivfsstatcache /Users/emanuelflury/Library/Developer/Xcode/DerivedData/SDKStatCaches.noindex/iphoneos26.1-23B77-69b33fc7382b27d9b5d46e82a00f8e78.sdkstatcache -fmessage-length\=0 -fdiagnostics-show-note-include-stack -fmacro-backtrace-limit\=0 -fno-color-diagnostics -fmodules-prune-interval\=86400 -fmodules-prune-after\=345600 -fbuild-session-file\=/Users/emanuelflury/Library/Developer/Xcode/DerivedData/ModuleCache.noindex/Session.modulevalidation -fmodules-validate-once-per-build-session -Wnon-modular-include-in-framework-module -Werror\=non-modular-include-in-framework-module -Wno-trigraphs -Wno-missing-field-initializers -Wno-missing-prototypes -Wno-return-type -Wno-implicit-atomic-properties -Wno-objc-interface-ivars -Wno-arc-repeated-use-of-weak -Wno-missing-braces -Wparentheses -Wswitch -Wno-unused-function -Wno-unused-label -Wno-unused-parameter -Wno-unused-variable -Wunused-value -Wno-empty-body -Wno-uninitialized -Wno-unknown-pragmas -w -Wno-shadow -Wno-four-char-constants -Wno-conversion -Wno-constant-conversion -Wno-int-conversion -Wno-bool-conversion -Wno-enum-conversion -Wno-float-conversion -Wno-non-literal-null-conversion -Wno-objc-literal-conversion -Wshorten-64-to-32 -Wpointer-sign -Wno-newline-eof -Wno-selector -Wno-strict-selector-match -Wno-undeclared-selector -Wno-deprecated-implementations -Wno-implicit-fallthrough -fstrict-aliasing -Wprotocol -Wdeprecated-declarations -Wno-sign-conversion -Wno-infinite-recursion -Wno-comma -Wno-block-capture-autoreleasing -Wno-strict-prototypes -Wno-semicolon-before-method-body -index-store-path /Users/emanuelflury/Library/Developer/Xcode/DerivedData/TaxedGmbH_IOS-gerngfqzuwudosgobknlgtoawnlj/Index.noindex/DataStore @/Users/emanuelflury/Library/Developer/Xcode/DerivedData/TaxedGmbH_IOS-gerngfqzuwudosgobknlgtoawnlj/Build/Intermediates.noindex/InteropForGoogle.build/Debug-iphoneos/RecaptchaInterop.build/Objects-normal/arm64/e6072d4f65d7061329687fe24e3d63a7-common-args.resp -MMD -MT dependencies -MF /Users/emanuelflury/Library/Developer/Xcode/DerivedData/TaxedGmbH_IOS-gerngfqzuwudosgobknlgtoawnlj/Build/Intermediates.noindex/InteropForGoogle.build/Debug-iphoneos/RecaptchaInterop.build/Objects-normal/arm64/placeholder.d --serialize-diagnostics /Users/emanuelflury/Library/Developer/Xcode/DerivedData/TaxedGmbH_IOS-gerngfqzuwudosgobknlgtoawnlj/Build/Intermediates.noindex/InteropForGoogle.build/Debug-iphoneos/RecaptchaInterop.build/Objects-normal/arm64/placeholder.dia -c /Users/emanuelflury/Library/Developer/Xcode/DerivedData/TaxedGmbH_IOS-gerngfqzuwudosgobknlgtoawnlj/SourcePackages/checkouts/interop-ios-for-google-sdks/RecaptchaEnterprise/RecaptchaInterop/placeholder.m -o /Users/emanuelflury/Library/Developer/Xcode/DerivedData/TaxedGmbH_IOS-gerngfqzuwudosgobknlgtoawnlj/Build/Intermediates.noindex/InteropForGoogle.build/Debug-iphoneos/RecaptchaInterop.build/Objects-normal/arm64/placeholder.o -index-unit-output-path /InteropForGoogle.build/Debug-iphoneos/RecaptchaInterop.build/Objects-normal/arm64/placeholder.o

ScanDependencies /Users/emanuelflury/Library/Developer/Xcode/DerivedData/TaxedGmbH_IOS-gerngfqzuwudosgobknlgtoawnlj/Build/Intermediates.noindex/Firebase.build/Debug-iphoneos/FirebaseMessagingInterop.build/Objects-normal/arm64/dummy.o /Users/emanuelflury/Library/Developer/Xcode/DerivedData/TaxedGmbH_IOS-gerngfqzuwudosgobknlgtoawnlj/SourcePackages/checkouts/firebase-ios-sdk/FirebaseMessaging/Interop/dummy.m normal arm64 objective-c com.apple.compilers.llvm.clang.1_0.compiler (in target 'FirebaseMessagingInterop' from project 'Firebase')
    cd /Users/emanuelflury/github/TaxedGmbH_IOS/TaxedGmbH_IOS.xcodeproj
    
    Using response file: /Users/emanuelflury/Library/Developer/Xcode/DerivedData/TaxedGmbH_IOS-gerngfqzuwudosgobknlgtoawnlj/Build/Intermediates.noindex/Firebase.build/Debug-iphoneos/FirebaseMessagingInterop.build/Objects-normal/arm64/e6072d4f65d7061329687fe24e3d63a7-common-args.resp
    
    builtin-ScanDependencies -o /Users/emanuelflury/Library/Developer/Xcode/DerivedData/TaxedGmbH_IOS-gerngfqzuwudosgobknlgtoawnlj/Build/Intermediates.noindex/Firebase.build/Debug-iphoneos/FirebaseMessagingInterop.build/Objects-normal/arm64/dummy.o.scan -- /Applications/Xcode.app/Contents/Developer/Toolchains/XcodeDefault.xctoolchain/usr/bin/clang -x objective-c -ivfsstatcache /Users/emanuelflury/Library/Developer/Xcode/DerivedData/SDKStatCaches.noindex/iphoneos26.1-23B77-69b33fc7382b27d9b5d46e82a00f8e78.sdkstatcache -fmessage-length\=0 -fdiagnostics-show-note-include-stack -fmacro-backtrace-limit\=0 -fno-color-diagnostics -fmodules-prune-interval\=86400 -fmodules-prune-after\=345600 -fbuild-session-file\=/Users/emanuelflury/Library/Developer/Xcode/DerivedData/ModuleCache.noindex/Session.modulevalidation -fmodules-validate-once-per-build-session -Wnon-modular-include-in-framework-module -Werror\=non-modular-include-in-framework-module -Wno-trigraphs -Wno-missing-field-initializers -Wno-missing-prototypes -Wno-return-type -Wno-implicit-atomic-properties -Wno-objc-interface-ivars -Wno-arc-repeated-use-of-weak -Wno-missing-braces -Wparentheses -Wswitch -Wno-unused-function -Wno-unused-label -Wno-unused-parameter -Wno-unused-variable -Wunused-value -Wno-empty-body -Wno-uninitialized -Wno-unknown-pragmas -w -Wno-shadow -Wno-four-char-constants -Wno-conversion -Wno-constant-conversion -Wno-int-conversion -Wno-bool-conversion -Wno-enum-conversion -Wno-float-conversion -Wno-non-literal-null-conversion -Wno-objc-literal-conversion -Wshorten-64-to-32 -Wpointer-sign -Wno-newline-eof -Wno-selector -Wno-strict-selector-match -Wno-undeclared-selector -Wno-deprecated-implementations -Wno-implicit-fallthrough -fstrict-aliasing -Wprotocol -Wdeprecated-declarations -Wno-sign-conversion -Wno-infinite-recursion -Wno-comma -Wno-block-capture-autoreleasing -Wno-strict-prototypes -Wno-semicolon-before-method-body -index-store-path /Users/emanuelflury/Library/Developer/Xcode/DerivedData/TaxedGmbH_IOS-gerngfqzuwudosgobknlgtoawnlj/Index.noindex/DataStore @/Users/emanuelflury/Library/Developer/Xcode/DerivedData/TaxedGmbH_IOS-gerngfqzuwudosgobknlgtoawnlj/Build/Intermediates.noindex/Firebase.build/Debug-iphoneos/FirebaseMessagingInterop.build/Objects-normal/arm64/e6072d4f65d7061329687fe24e3d63a7-common-args.resp -MMD -MT dependencies -MF /Users/emanuelflury/Library/Developer/Xcode/DerivedData/TaxedGmbH_IOS-gerngfqzuwudosgobknlgtoawnlj/Build/Intermediates.noindex/Firebase.build/Debug-iphoneos/FirebaseMessagingInterop.build/Objects-normal/arm64/dummy.d --serialize-diagnostics /Users/emanuelflury/Library/Developer/Xcode/DerivedData/TaxedGmbH_IOS-gerngfqzuwudosgobknlgtoawnlj/Build/Intermediates.noindex/Firebase.build/Debug-iphoneos/FirebaseMessagingInterop.build/Objects-normal/arm64/dummy.dia -c /Users/emanuelflury/Library/Developer/Xcode/DerivedData/TaxedGmbH_IOS-gerngfqzuwudosgobknlgtoawnlj/SourcePackages/checkouts/firebase-ios-sdk/FirebaseMessaging/Interop/dummy.m -o /Users/emanuelflury/Library/Developer/Xcode/DerivedData/TaxedGmbH_IOS-gerngfqzuwudosgobknlgtoawnlj/Build/Intermediates.noindex/Firebase.build/Debug-iphoneos/FirebaseMessagingInterop.build/Objects-normal/arm64/dummy.o -index-unit-output-path /Firebase.build/Debug-iphoneos/FirebaseMessagingInterop.build/Objects-normal/arm64/dummy.o

ProcessXCFramework /Users/emanuelflury/Library/Developer/Xcode/DerivedData/TaxedGmbH_IOS-gerngfqzuwudosgobknlgtoawnlj/SourcePackages/artifacts/googleappmeasurement/GoogleAppMeasurementIdentitySupport/GoogleAppMeasurementIdentitySupport.xcframework /Users/emanuelflury/Library/Developer/Xcode/DerivedData/TaxedGmbH_IOS-gerngfqzuwudosgobknlgtoawnlj/Build/Products/Debug-iphoneos/GoogleAppMeasurementIdentitySupport.framework ios
    cd /Users/emanuelflury/github/TaxedGmbH_IOS/TaxedGmbH_IOS.xcodeproj
    builtin-process-xcframework --xcframework /Users/emanuelflury/Library/Developer/Xcode/DerivedData/TaxedGmbH_IOS-gerngfqzuwudosgobknlgtoawnlj/SourcePackages/artifacts/googleappmeasurement/GoogleAppMeasurementIdentitySupport/GoogleAppMeasurementIdentitySupport.xcframework --platform ios --target-path /Users/emanuelflury/Library/Developer/Xcode/DerivedData/TaxedGmbH_IOS-gerngfqzuwudosgobknlgtoawnlj/Build/Products/Debug-iphoneos
/Users/emanuelflury/Library/Developer/Xcode/DerivedData/TaxedGmbH_IOS-gerngfqzuwudosgobknlgtoawnlj/SourcePackages/artifacts/googleappmeasurement/GoogleAppMeasurementIdentitySupport/GoogleAppMeasurementIdentitySupport.xcframework:1:1: note: The identity of “GoogleAppMeasurementIdentitySupport.xcframework” is not recorded in your project.

ProcessXCFramework /Users/emanuelflury/Library/Developer/Xcode/DerivedData/TaxedGmbH_IOS-gerngfqzuwudosgobknlgtoawnlj/SourcePackages/artifacts/googleappmeasurement/GoogleAppMeasurement/GoogleAppMeasurement.xcframework /Users/emanuelflury/Library/Developer/Xcode/DerivedData/TaxedGmbH_IOS-gerngfqzuwudosgobknlgtoawnlj/Build/Products/Debug-iphoneos/GoogleAppMeasurement.framework ios
    cd /Users/emanuelflury/github/TaxedGmbH_IOS/TaxedGmbH_IOS.xcodeproj
    builtin-process-xcframework --xcframework /Users/emanuelflury/Library/Developer/Xcode/DerivedData/TaxedGmbH_IOS-gerngfqzuwudosgobknlgtoawnlj/SourcePackages/artifacts/googleappmeasurement/GoogleAppMeasurement/GoogleAppMeasurement.xcframework --platform ios --target-path /Users/emanuelflury/Library/Developer/Xcode/DerivedData/TaxedGmbH_IOS-gerngfqzuwudosgobknlgtoawnlj/Build/Products/Debug-iphoneos
/Users/emanuelflury/Library/Developer/Xcode/DerivedData/TaxedGmbH_IOS-gerngfqzuwudosgobknlgtoawnlj/SourcePackages/artifacts/googleappmeasurement/GoogleAppMeasurement/GoogleAppMeasurement.xcframework:1:1: note: The identity of “GoogleAppMeasurement.xcframework” is not recorded in your project.

SwiftDriver FirebaseSharedSwift normal arm64 com.apple.xcode.tools.swift.compiler (in target 'FirebaseSharedSwift' from project 'Firebase')
    cd /Users/emanuelflury/github/TaxedGmbH_IOS/TaxedGmbH_IOS.xcodeproj
    builtin-SwiftDriver -- /Applications/Xcode.app/Contents/Developer/Toolchains/XcodeDefault.xctoolchain/usr/bin/swiftc -module-name FirebaseSharedSwift -Onone -enforce-exclusivity\=checked @/Users/emanuelflury/Library/Developer/Xcode/DerivedData/TaxedGmbH_IOS-gerngfqzuwudosgobknlgtoawnlj/Build/Intermediates.noindex/Firebase.build/Debug-iphoneos/FirebaseSharedSwift.build/Objects-normal/arm64/FirebaseSharedSwift.SwiftFileList -DSWIFT_PACKAGE -DDEBUG -DSWIFT_MODULE_RESOURCE_BUNDLE_UNAVAILABLE -DXcode -plugin-path /Applications/Xcode.app/Contents/Developer/Toolchains/XcodeDefault.xctoolchain/usr/lib/swift/host/plugins/testing -enable-experimental-feature DebugDescriptionMacro -sdk /Applications/Xcode.app/Contents/Developer/Platforms/iPhoneOS.platform/Developer/SDKs/iPhoneOS26.1.sdk -target arm64-apple-ios15.0 -g -module-cache-path /Users/emanuelflury/Library/Developer/Xcode/DerivedData/ModuleCache.noindex -Xfrontend -serialize-debugging-options -profile-coverage-mapping -profile-generate -enable-testing -suppress-warnings -index-store-path /Users/emanuelflury/Library/Developer/Xcode/DerivedData/TaxedGmbH_IOS-gerngfqzuwudosgobknlgtoawnlj/Index.noindex/DataStore -Xcc -D_LIBCPP_HARDENING_MODE\=_LIBCPP_HARDENING_MODE_DEBUG -swift-version 5 -I /Users/emanuelflury/Library/Developer/Xcode/DerivedData/TaxedGmbH_IOS-gerngfqzuwudosgobknlgtoawnlj/Build/Products/Debug-iphoneos -Isystem /Applications/Xcode.app/Contents/Developer/Platforms/iPhoneOS.platform/Developer/usr/lib -F /Users/emanuelflury/Library/Developer/Xcode/DerivedData/TaxedGmbH_IOS-gerngfqzuwudosgobknlgtoawnlj/Build/Products/Debug-iphoneos -F /Applications/Xcode.app/Contents/Developer/Platforms/iPhoneOS.platform/Developer/Library/Frameworks -F /Applications/Xcode.app/Contents/Developer/Platforms/iPhoneOS.platform/Developer/SDKs/iPhoneOS26.1.sdk/Developer/Library/Frameworks -c -j12 -enable-batch-mode -incremental -Xcc -ivfsstatcache -Xcc /Users/emanuelflury/Library/Developer/Xcode/DerivedData/SDKStatCaches.noindex/iphoneos26.1-23B77-69b33fc7382b27d9b5d46e82a00f8e78.sdkstatcache -output-file-map /Users/emanuelflury/Library/Developer/Xcode/DerivedData/TaxedGmbH_IOS-gerngfqzuwudosgobknlgtoawnlj/Build/Intermediates.noindex/Firebase.build/Debug-iphoneos/FirebaseSharedSwift.build/Objects-normal/arm64/FirebaseSharedSwift-OutputFileMap.json -use-frontend-parseable-output -save-temps -no-color-diagnostics -explicit-module-build -module-cache-path /Users/emanuelflury/Library/Developer/Xcode/DerivedData/TaxedGmbH_IOS-gerngfqzuwudosgobknlgtoawnlj/Build/Intermediates.noindex/SwiftExplicitPrecompiledModules -clang-scanner-module-cache-path /Users/emanuelflury/Library/Developer/Xcode/DerivedData/ModuleCache.noindex -sdk-module-cache-path /Users/emanuelflury/Library/Developer/Xcode/DerivedData/ModuleCache.noindex -serialize-diagnostics -emit-dependencies -emit-module -emit-module-path /Users/emanuelflury/Library/Developer/Xcode/DerivedData/TaxedGmbH_IOS-gerngfqzuwudosgobknlgtoawnlj/Build/Intermediates.noindex/Firebase.build/Debug-iphoneos/FirebaseSharedSwift.build/Objects-normal/arm64/FirebaseSharedSwift.swiftmodule -user-module-version 12.6.0 -validate-clang-modules-once -clang-build-session-file /Users/emanuelflury/Library/Developer/Xcode/DerivedData/ModuleCache.noindex/Session.modulevalidation -package-name firebase_ios_sdk -Xcc -I/Users/emanuelflury/Library/Developer/Xcode/DerivedData/TaxedGmbH_IOS-gerngfqzuwudosgobknlgtoawnlj/Build/Intermediates.noindex/Firebase.build/Debug-iphoneos/FirebaseSharedSwift.build/swift-overrides.hmap -emit-const-values -Xfrontend -const-gather-protocols-file -Xfrontend /Users/emanuelflury/Library/Developer/Xcode/DerivedData/TaxedGmbH_IOS-gerngfqzuwudosgobknlgtoawnlj/Build/Intermediates.noindex/Firebase.build/Debug-iphoneos/FirebaseSharedSwift.build/Objects-normal/arm64/FirebaseSharedSwift_const_extract_protocols.json -Xcc -I/Users/emanuelflury/Library/Developer/Xcode/DerivedData/TaxedGmbH_IOS-gerngfqzuwudosgobknlgtoawnlj/Build/Products/Debug-iphoneos/include -Xcc -I/Users/emanuelflury/Library/Developer/Xcode/DerivedData/TaxedGmbH_IOS-gerngfqzuwudosgobknlgtoawnlj/Build/Intermediates.noindex/Firebase.build/Debug-iphoneos/FirebaseSharedSwift.build/DerivedSources-normal/arm64 -Xcc -I/Users/emanuelflury/Library/Developer/Xcode/DerivedData/TaxedGmbH_IOS-gerngfqzuwudosgobknlgtoawnlj/Build/Intermediates.noindex/Firebase.build/Debug-iphoneos/FirebaseSharedSwift.build/DerivedSources/arm64 -Xcc -I/Users/emanuelflury/Library/Developer/Xcode/DerivedData/TaxedGmbH_IOS-gerngfqzuwudosgobknlgtoawnlj/Build/Intermediates.noindex/Firebase.build/Debug-iphoneos/FirebaseSharedSwift.build/DerivedSources -Xcc -DSWIFT_PACKAGE -Xcc -DDEBUG\=1 -emit-objc-header -emit-objc-header-path /Users/emanuelflury/Library/Developer/Xcode/DerivedData/TaxedGmbH_IOS-gerngfqzuwudosgobknlgtoawnlj/Build/Intermediates.noindex/Firebase.build/Debug-iphoneos/FirebaseSharedSwift.build/Objects-normal/arm64/FirebaseSharedSwift-Swift.h -working-directory /Users/emanuelflury/github/TaxedGmbH_IOS/TaxedGmbH_IOS.xcodeproj -experimental-emit-module-separately -disable-cmo

CompileC /Users/emanuelflury/Library/Developer/Xcode/DerivedData/TaxedGmbH_IOS-gerngfqzuwudosgobknlgtoawnlj/Build/Intermediates.noindex/InteropForGoogle.build/Debug-iphoneos/RecaptchaInterop.build/Objects-normal/arm64/placeholder.o /Users/emanuelflury/Library/Developer/Xcode/DerivedData/TaxedGmbH_IOS-gerngfqzuwudosgobknlgtoawnlj/SourcePackages/checkouts/interop-ios-for-google-sdks/RecaptchaEnterprise/RecaptchaInterop/placeholder.m normal arm64 objective-c com.apple.compilers.llvm.clang.1_0.compiler (in target 'RecaptchaInterop' from project 'InteropForGoogle')
    cd /Users/emanuelflury/github/TaxedGmbH_IOS/TaxedGmbH_IOS.xcodeproj
    
    Using response file: /Users/emanuelflury/Library/Developer/Xcode/DerivedData/TaxedGmbH_IOS-gerngfqzuwudosgobknlgtoawnlj/Build/Intermediates.noindex/InteropForGoogle.build/Debug-iphoneos/RecaptchaInterop.build/Objects-normal/arm64/e6072d4f65d7061329687fe24e3d63a7-common-args.resp
    
    /Applications/Xcode.app/Contents/Developer/Toolchains/XcodeDefault.xctoolchain/usr/bin/clang -x objective-c -ivfsstatcache /Users/emanuelflury/Library/Developer/Xcode/DerivedData/SDKStatCaches.noindex/iphoneos26.1-23B77-69b33fc7382b27d9b5d46e82a00f8e78.sdkstatcache -fmessage-length\=0 -fdiagnostics-show-note-include-stack -fmacro-backtrace-limit\=0 -fno-color-diagnostics -fmodules-prune-interval\=86400 -fmodules-prune-after\=345600 -fbuild-session-file\=/Users/emanuelflury/Library/Developer/Xcode/DerivedData/ModuleCache.noindex/Session.modulevalidation -fmodules-validate-once-per-build-session -Wnon-modular-include-in-framework-module -Werror\=non-modular-include-in-framework-module -Wno-trigraphs -Wno-missing-field-initializers -Wno-missing-prototypes -Wno-return-type -Wno-implicit-atomic-properties -Wno-objc-interface-ivars -Wno-arc-repeated-use-of-weak -Wno-missing-braces -Wparentheses -Wswitch -Wno-unused-function -Wno-unused-label -Wno-unused-parameter -Wno-unused-variable -Wunused-value -Wno-empty-body -Wno-uninitialized -Wno-unknown-pragmas -w -Wno-shadow -Wno-four-char-constants -Wno-conversion -Wno-constant-conversion -Wno-int-conversion -Wno-bool-conversion -Wno-enum-conversion -Wno-float-conversion -Wno-non-literal-null-conversion -Wno-objc-literal-conversion -Wshorten-64-to-32 -Wpointer-sign -Wno-newline-eof -Wno-selector -Wno-strict-selector-match -Wno-undeclared-selector -Wno-deprecated-implementations -Wno-implicit-fallthrough -fstrict-aliasing -Wprotocol -Wdeprecated-declarations -Wno-sign-conversion -Wno-infinite-recursion -Wno-comma -Wno-block-capture-autoreleasing -Wno-strict-prototypes -Wno-semicolon-before-method-body -index-store-path /Users/emanuelflury/Library/Developer/Xcode/DerivedData/TaxedGmbH_IOS-gerngfqzuwudosgobknlgtoawnlj/Index.noindex/DataStore @/Users/emanuelflury/Library/Developer/Xcode/DerivedData/TaxedGmbH_IOS-gerngfqzuwudosgobknlgtoawnlj/Build/Intermediates.noindex/InteropForGoogle.build/Debug-iphoneos/RecaptchaInterop.build/Objects-normal/arm64/e6072d4f65d7061329687fe24e3d63a7-common-args.resp -MMD -MT dependencies -MF /Users/emanuelflury/Library/Developer/Xcode/DerivedData/TaxedGmbH_IOS-gerngfqzuwudosgobknlgtoawnlj/Build/Intermediates.noindex/InteropForGoogle.build/Debug-iphoneos/RecaptchaInterop.build/Objects-normal/arm64/placeholder.d --serialize-diagnostics /Users/emanuelflury/Library/Developer/Xcode/DerivedData/TaxedGmbH_IOS-gerngfqzuwudosgobknlgtoawnlj/Build/Intermediates.noindex/InteropForGoogle.build/Debug-iphoneos/RecaptchaInterop.build/Objects-normal/arm64/placeholder.dia -c /Users/emanuelflury/Library/Developer/Xcode/DerivedData/TaxedGmbH_IOS-gerngfqzuwudosgobknlgtoawnlj/SourcePackages/checkouts/interop-ios-for-google-sdks/RecaptchaEnterprise/RecaptchaInterop/placeholder.m -o /Users/emanuelflury/Library/Developer/Xcode/DerivedData/TaxedGmbH_IOS-gerngfqzuwudosgobknlgtoawnlj/Build/Intermediates.noindex/InteropForGoogle.build/Debug-iphoneos/RecaptchaInterop.build/Objects-normal/arm64/placeholder.o -index-unit-output-path /InteropForGoogle.build/Debug-iphoneos/RecaptchaInterop.build/Objects-normal/arm64/placeholder.o

CompileC /Users/emanuelflury/Library/Developer/Xcode/DerivedData/TaxedGmbH_IOS-gerngfqzuwudosgobknlgtoawnlj/Build/Intermediates.noindex/Firebase.build/Debug-iphoneos/FirebaseMessagingInterop.build/Objects-normal/arm64/dummy.o /Users/emanuelflury/Library/Developer/Xcode/DerivedData/TaxedGmbH_IOS-gerngfqzuwudosgobknlgtoawnlj/SourcePackages/checkouts/firebase-ios-sdk/FirebaseMessaging/Interop/dummy.m normal arm64 objective-c com.apple.compilers.llvm.clang.1_0.compiler (in target 'FirebaseMessagingInterop' from project 'Firebase')
    cd /Users/emanuelflury/github/TaxedGmbH_IOS/TaxedGmbH_IOS.xcodeproj
    
    Using response file: /Users/emanuelflury/Library/Developer/Xcode/DerivedData/TaxedGmbH_IOS-gerngfqzuwudosgobknlgtoawnlj/Build/Intermediates.noindex/Firebase.build/Debug-iphoneos/FirebaseMessagingInterop.build/Objects-normal/arm64/e6072d4f65d7061329687fe24e3d63a7-common-args.resp
    
    /Applications/Xcode.app/Contents/Developer/Toolchains/XcodeDefault.xctoolchain/usr/bin/clang -x objective-c -ivfsstatcache /Users/emanuelflury/Library/Developer/Xcode/DerivedData/SDKStatCaches.noindex/iphoneos26.1-23B77-69b33fc7382b27d9b5d46e82a00f8e78.sdkstatcache -fmessage-length\=0 -fdiagnostics-show-note-include-stack -fmacro-backtrace-limit\=0 -fno-color-diagnostics -fmodules-prune-interval\=86400 -fmodules-prune-after\=345600 -fbuild-session-file\=/Users/emanuelflury/Library/Developer/Xcode/DerivedData/ModuleCache.noindex/Session.modulevalidation -fmodules-validate-once-per-build-session -Wnon-modular-include-in-framework-module -Werror\=non-modular-include-in-framework-module -Wno-trigraphs -Wno-missing-field-initializers -Wno-missing-prototypes -Wno-return-type -Wno-implicit-atomic-properties -Wno-objc-interface-ivars -Wno-arc-repeated-use-of-weak -Wno-missing-braces -Wparentheses -Wswitch -Wno-unused-function -Wno-unused-label -Wno-unused-parameter -Wno-unused-variable -Wunused-value -Wno-empty-body -Wno-uninitialized -Wno-unknown-pragmas -w -Wno-shadow -Wno-four-char-constants -Wno-conversion -Wno-constant-conversion -Wno-int-conversion -Wno-bool-conversion -Wno-enum-conversion -Wno-float-conversion -Wno-non-literal-null-conversion -Wno-objc-literal-conversion -Wshorten-64-to-32 -Wpointer-sign -Wno-newline-eof -Wno-selector -Wno-strict-selector-match -Wno-undeclared-selector -Wno-deprecated-implementations -Wno-implicit-fallthrough -fstrict-aliasing -Wprotocol -Wdeprecated-declarations -Wno-sign-conversion -Wno-infinite-recursion -Wno-comma -Wno-block-capture-autoreleasing -Wno-strict-prototypes -Wno-semicolon-before-method-body -index-store-path /Users/emanuelflury/Library/Developer/Xcode/DerivedData/TaxedGmbH_IOS-gerngfqzuwudosgobknlgtoawnlj/Index.noindex/DataStore @/Users/emanuelflury/Library/Developer/Xcode/DerivedData/TaxedGmbH_IOS-gerngfqzuwudosgobknlgtoawnlj/Build/Intermediates.noindex/Firebase.build/Debug-iphoneos/FirebaseMessagingInterop.build/Objects-normal/arm64/e6072d4f65d7061329687fe24e3d63a7-common-args.resp -MMD -MT dependencies -MF /Users/emanuelflury/Library/Developer/Xcode/DerivedData/TaxedGmbH_IOS-gerngfqzuwudosgobknlgtoawnlj/Build/Intermediates.noindex/Firebase.build/Debug-iphoneos/FirebaseMessagingInterop.build/Objects-normal/arm64/dummy.d --serialize-diagnostics /Users/emanuelflury/Library/Developer/Xcode/DerivedData/TaxedGmbH_IOS-gerngfqzuwudosgobknlgtoawnlj/Build/Intermediates.noindex/Firebase.build/Debug-iphoneos/FirebaseMessagingInterop.build/Objects-normal/arm64/dummy.dia -c /Users/emanuelflury/Library/Developer/Xcode/DerivedData/TaxedGmbH_IOS-gerngfqzuwudosgobknlgtoawnlj/SourcePackages/checkouts/firebase-ios-sdk/FirebaseMessaging/Interop/dummy.m -o /Users/emanuelflury/Library/Developer/Xcode/DerivedData/TaxedGmbH_IOS-gerngfqzuwudosgobknlgtoawnlj/Build/Intermediates.noindex/Firebase.build/Debug-iphoneos/FirebaseMessagingInterop.build/Objects-normal/arm64/dummy.o -index-unit-output-path /Firebase.build/Debug-iphoneos/FirebaseMessagingInterop.build/Objects-normal/arm64/dummy.o

CompileC /Users/emanuelflury/Library/Developer/Xcode/DerivedData/TaxedGmbH_IOS-gerngfqzuwudosgobknlgtoawnlj/Build/Intermediates.noindex/Firebase.build/Debug-iphoneos/FirebaseAuthInterop.build/Objects-normal/arm64/dummy.o /Users/emanuelflury/Library/Developer/Xcode/DerivedData/TaxedGmbH_IOS-gerngfqzuwudosgobknlgtoawnlj/SourcePackages/checkouts/firebase-ios-sdk/FirebaseAuth/Interop/dummy.m normal arm64 objective-c com.apple.compilers.llvm.clang.1_0.compiler (in target 'FirebaseAuthInterop' from project 'Firebase')
    cd /Users/emanuelflury/github/TaxedGmbH_IOS/TaxedGmbH_IOS.xcodeproj
    
    Using response file: /Users/emanuelflury/Library/Developer/Xcode/DerivedData/TaxedGmbH_IOS-gerngfqzuwudosgobknlgtoawnlj/Build/Intermediates.noindex/Firebase.build/Debug-iphoneos/FirebaseAuthInterop.build/Objects-normal/arm64/e6072d4f65d7061329687fe24e3d63a7-common-args.resp
    
    /Applications/Xcode.app/Contents/Developer/Toolchains/XcodeDefault.xctoolchain/usr/bin/clang -x objective-c -ivfsstatcache /Users/emanuelflury/Library/Developer/Xcode/DerivedData/SDKStatCaches.noindex/iphoneos26.1-23B77-69b33fc7382b27d9b5d46e82a00f8e78.sdkstatcache -fmessage-length\=0 -fdiagnostics-show-note-include-stack -fmacro-backtrace-limit\=0 -fno-color-diagnostics -fmodules-prune-interval\=86400 -fmodules-prune-after\=345600 -fbuild-session-file\=/Users/emanuelflury/Library/Developer/Xcode/DerivedData/ModuleCache.noindex/Session.modulevalidation -fmodules-validate-once-per-build-session -Wnon-modular-include-in-framework-module -Werror\=non-modular-include-in-framework-module -Wno-trigraphs -Wno-missing-field-initializers -Wno-missing-prototypes -Wno-return-type -Wno-implicit-atomic-properties -Wno-objc-interface-ivars -Wno-arc-repeated-use-of-weak -Wno-missing-braces -Wparentheses -Wswitch -Wno-unused-function -Wno-unused-label -Wno-unused-parameter -Wno-unused-variable -Wunused-value -Wno-empty-body -Wno-uninitialized -Wno-unknown-pragmas -w -Wno-shadow -Wno-four-char-constants -Wno-conversion -Wno-constant-conversion -Wno-int-conversion -Wno-bool-conversion -Wno-enum-conversion -Wno-float-conversion -Wno-non-literal-null-conversion -Wno-objc-literal-conversion -Wshorten-64-to-32 -Wpointer-sign -Wno-newline-eof -Wno-selector -Wno-strict-selector-match -Wno-undeclared-selector -Wno-deprecated-implementations -Wno-implicit-fallthrough -fstrict-aliasing -Wprotocol -Wdeprecated-declarations -Wno-sign-conversion -Wno-infinite-recursion -Wno-comma -Wno-block-capture-autoreleasing -Wno-strict-prototypes -Wno-semicolon-before-method-body -index-store-path /Users/emanuelflury/Library/Developer/Xcode/DerivedData/TaxedGmbH_IOS-gerngfqzuwudosgobknlgtoawnlj/Index.noindex/DataStore @/Users/emanuelflury/Library/Developer/Xcode/DerivedData/TaxedGmbH_IOS-gerngfqzuwudosgobknlgtoawnlj/Build/Intermediates.noindex/Firebase.build/Debug-iphoneos/FirebaseAuthInterop.build/Objects-normal/arm64/e6072d4f65d7061329687fe24e3d63a7-common-args.resp -MMD -MT dependencies -MF /Users/emanuelflury/Library/Developer/Xcode/DerivedData/TaxedGmbH_IOS-gerngfqzuwudosgobknlgtoawnlj/Build/Intermediates.noindex/Firebase.build/Debug-iphoneos/FirebaseAuthInterop.build/Objects-normal/arm64/dummy.d --serialize-diagnostics /Users/emanuelflury/Library/Developer/Xcode/DerivedData/TaxedGmbH_IOS-gerngfqzuwudosgobknlgtoawnlj/Build/Intermediates.noindex/Firebase.build/Debug-iphoneos/FirebaseAuthInterop.build/Objects-normal/arm64/dummy.dia -c /Users/emanuelflury/Library/Developer/Xcode/DerivedData/TaxedGmbH_IOS-gerngfqzuwudosgobknlgtoawnlj/SourcePackages/checkouts/firebase-ios-sdk/FirebaseAuth/Interop/dummy.m -o /Users/emanuelflury/Library/Developer/Xcode/DerivedData/TaxedGmbH_IOS-gerngfqzuwudosgobknlgtoawnlj/Build/Intermediates.noindex/Firebase.build/Debug-iphoneos/FirebaseAuthInterop.build/Objects-normal/arm64/dummy.o -index-unit-output-path /Firebase.build/Debug-iphoneos/FirebaseAuthInterop.build/Objects-normal/arm64/dummy.o

CompileC /Users/emanuelflury/Library/Developer/Xcode/DerivedData/TaxedGmbH_IOS-gerngfqzuwudosgobknlgtoawnlj/Build/Intermediates.noindex/Firebase.build/Debug-iphoneos/FirebaseAppCheckInterop.build/Objects-normal/arm64/dummy.o /Users/emanuelflury/Library/Developer/Xcode/DerivedData/TaxedGmbH_IOS-gerngfqzuwudosgobknlgtoawnlj/SourcePackages/checkouts/firebase-ios-sdk/FirebaseAppCheck/Interop/dummy.m normal arm64 objective-c com.apple.compilers.llvm.clang.1_0.compiler (in target 'FirebaseAppCheckInterop' from project 'Firebase')
    cd /Users/emanuelflury/github/TaxedGmbH_IOS/TaxedGmbH_IOS.xcodeproj
    
    Using response file: /Users/emanuelflury/Library/Developer/Xcode/DerivedData/TaxedGmbH_IOS-gerngfqzuwudosgobknlgtoawnlj/Build/Intermediates.noindex/Firebase.build/Debug-iphoneos/FirebaseAppCheckInterop.build/Objects-normal/arm64/e6072d4f65d7061329687fe24e3d63a7-common-args.resp
    
    /Applications/Xcode.app/Contents/Developer/Toolchains/XcodeDefault.xctoolchain/usr/bin/clang -x objective-c -ivfsstatcache /Users/emanuelflury/Library/Developer/Xcode/DerivedData/SDKStatCaches.noindex/iphoneos26.1-23B77-69b33fc7382b27d9b5d46e82a00f8e78.sdkstatcache -fmessage-length\=0 -fdiagnostics-show-note-include-stack -fmacro-backtrace-limit\=0 -fno-color-diagnostics -fmodules-prune-interval\=86400 -fmodules-prune-after\=345600 -fbuild-session-file\=/Users/emanuelflury/Library/Developer/Xcode/DerivedData/ModuleCache.noindex/Session.modulevalidation -fmodules-validate-once-per-build-session -Wnon-modular-include-in-framework-module -Werror\=non-modular-include-in-framework-module -Wno-trigraphs -Wno-missing-field-initializers -Wno-missing-prototypes -Wno-return-type -Wno-implicit-atomic-properties -Wno-objc-interface-ivars -Wno-arc-repeated-use-of-weak -Wno-missing-braces -Wparentheses -Wswitch -Wno-unused-function -Wno-unused-label -Wno-unused-parameter -Wno-unused-variable -Wunused-value -Wno-empty-body -Wno-uninitialized -Wno-unknown-pragmas -w -Wno-shadow -Wno-four-char-constants -Wno-conversion -Wno-constant-conversion -Wno-int-conversion -Wno-bool-conversion -Wno-enum-conversion -Wno-float-conversion -Wno-non-literal-null-conversion -Wno-objc-literal-conversion -Wshorten-64-to-32 -Wpointer-sign -Wno-newline-eof -Wno-selector -Wno-strict-selector-match -Wno-undeclared-selector -Wno-deprecated-implementations -Wno-implicit-fallthrough -fstrict-aliasing -Wprotocol -Wdeprecated-declarations -Wno-sign-conversion -Wno-infinite-recursion -Wno-comma -Wno-block-capture-autoreleasing -Wno-strict-prototypes -Wno-semicolon-before-method-body -index-store-path /Users/emanuelflury/Library/Developer/Xcode/DerivedData/TaxedGmbH_IOS-gerngfqzuwudosgobknlgtoawnlj/Index.noindex/DataStore @/Users/emanuelflury/Library/Developer/Xcode/DerivedData/TaxedGmbH_IOS-gerngfqzuwudosgobknlgtoawnlj/Build/Intermediates.noindex/Firebase.build/Debug-iphoneos/FirebaseAppCheckInterop.build/Objects-normal/arm64/e6072d4f65d7061329687fe24e3d63a7-common-args.resp -MMD -MT dependencies -MF /Users/emanuelflury/Library/Developer/Xcode/DerivedData/TaxedGmbH_IOS-gerngfqzuwudosgobknlgtoawnlj/Build/Intermediates.noindex/Firebase.build/Debug-iphoneos/FirebaseAppCheckInterop.build/Objects-normal/arm64/dummy.d --serialize-diagnostics /Users/emanuelflury/Library/Developer/Xcode/DerivedData/TaxedGmbH_IOS-gerngfqzuwudosgobknlgtoawnlj/Build/Intermediates.noindex/Firebase.build/Debug-iphoneos/FirebaseAppCheckInterop.build/Objects-normal/arm64/dummy.dia -c /Users/emanuelflury/Library/Developer/Xcode/DerivedData/TaxedGmbH_IOS-gerngfqzuwudosgobknlgtoawnlj/SourcePackages/checkouts/firebase-ios-sdk/FirebaseAppCheck/Interop/dummy.m -o /Users/emanuelflury/Library/Developer/Xcode/DerivedData/TaxedGmbH_IOS-gerngfqzuwudosgobknlgtoawnlj/Build/Intermediates.noindex/Firebase.build/Debug-iphoneos/FirebaseAppCheckInterop.build/Objects-normal/arm64/dummy.o -index-unit-output-path /Firebase.build/Debug-iphoneos/FirebaseAppCheckInterop.build/Objects-normal/arm64/dummy.o

CompileC /Users/emanuelflury/Library/Developer/Xcode/DerivedData/TaxedGmbH_IOS-gerngfqzuwudosgobknlgtoawnlj/Build/Intermediates.noindex/Firebase.build/Debug-iphoneos/Firebase.build/Objects-normal/arm64/dummy.o /Users/emanuelflury/Library/Developer/Xcode/DerivedData/TaxedGmbH_IOS-gerngfqzuwudosgobknlgtoawnlj/SourcePackages/checkouts/firebase-ios-sdk/CoreOnly/Sources/dummy.m normal arm64 objective-c com.apple.compilers.llvm.clang.1_0.compiler (in target 'Firebase' from project 'Firebase')
    cd /Users/emanuelflury/github/TaxedGmbH_IOS/TaxedGmbH_IOS.xcodeproj
    
    Using response file: /Users/emanuelflury/Library/Developer/Xcode/DerivedData/TaxedGmbH_IOS-gerngfqzuwudosgobknlgtoawnlj/Build/Intermediates.noindex/Firebase.build/Debug-iphoneos/Firebase.build/Objects-normal/arm64/e6072d4f65d7061329687fe24e3d63a7-common-args.resp
    
    /Applications/Xcode.app/Contents/Developer/Toolchains/XcodeDefault.xctoolchain/usr/bin/clang -x objective-c -ivfsstatcache /Users/emanuelflury/Library/Developer/Xcode/DerivedData/SDKStatCaches.noindex/iphoneos26.1-23B77-69b33fc7382b27d9b5d46e82a00f8e78.sdkstatcache -fmessage-length\=0 -fdiagnostics-show-note-include-stack -fmacro-backtrace-limit\=0 -fno-color-diagnostics -fmodules-prune-interval\=86400 -fmodules-prune-after\=345600 -fbuild-session-file\=/Users/emanuelflury/Library/Developer/Xcode/DerivedData/ModuleCache.noindex/Session.modulevalidation -fmodules-validate-once-per-build-session -Wnon-modular-include-in-framework-module -Werror\=non-modular-include-in-framework-module -Wno-trigraphs -Wno-missing-field-initializers -Wno-missing-prototypes -Wno-return-type -Wno-implicit-atomic-properties -Wno-objc-interface-ivars -Wno-arc-repeated-use-of-weak -Wno-missing-braces -Wparentheses -Wswitch -Wno-unused-function -Wno-unused-label -Wno-unused-parameter -Wno-unused-variable -Wunused-value -Wno-empty-body -Wno-uninitialized -Wno-unknown-pragmas -w -Wno-shadow -Wno-four-char-constants -Wno-conversion -Wno-constant-conversion -Wno-int-conversion -Wno-bool-conversion -Wno-enum-conversion -Wno-float-conversion -Wno-non-literal-null-conversion -Wno-objc-literal-conversion -Wshorten-64-to-32 -Wpointer-sign -Wno-newline-eof -Wno-selector -Wno-strict-selector-match -Wno-undeclared-selector -Wno-deprecated-implementations -Wno-implicit-fallthrough -fstrict-aliasing -Wprotocol -Wdeprecated-declarations -Wno-sign-conversion -Wno-infinite-recursion -Wno-comma -Wno-block-capture-autoreleasing -Wno-strict-prototypes -Wno-semicolon-before-method-body -index-store-path /Users/emanuelflury/Library/Developer/Xcode/DerivedData/TaxedGmbH_IOS-gerngfqzuwudosgobknlgtoawnlj/Index.noindex/DataStore @/Users/emanuelflury/Library/Developer/Xcode/DerivedData/TaxedGmbH_IOS-gerngfqzuwudosgobknlgtoawnlj/Build/Intermediates.noindex/Firebase.build/Debug-iphoneos/Firebase.build/Objects-normal/arm64/e6072d4f65d7061329687fe24e3d63a7-common-args.resp -MMD -MT dependencies -MF /Users/emanuelflury/Library/Developer/Xcode/DerivedData/TaxedGmbH_IOS-gerngfqzuwudosgobknlgtoawnlj/Build/Intermediates.noindex/Firebase.build/Debug-iphoneos/Firebase.build/Objects-normal/arm64/dummy.d --serialize-diagnostics /Users/emanuelflury/Library/Developer/Xcode/DerivedData/TaxedGmbH_IOS-gerngfqzuwudosgobknlgtoawnlj/Build/Intermediates.noindex/Firebase.build/Debug-iphoneos/Firebase.build/Objects-normal/arm64/dummy.dia -c /Users/emanuelflury/Library/Developer/Xcode/DerivedData/TaxedGmbH_IOS-gerngfqzuwudosgobknlgtoawnlj/SourcePackages/checkouts/firebase-ios-sdk/CoreOnly/Sources/dummy.m -o /Users/emanuelflury/Library/Developer/Xcode/DerivedData/TaxedGmbH_IOS-gerngfqzuwudosgobknlgtoawnlj/Build/Intermediates.noindex/Firebase.build/Debug-iphoneos/Firebase.build/Objects-normal/arm64/dummy.o -index-unit-output-path /Firebase.build/Debug-iphoneos/Firebase.build/Objects-normal/arm64/dummy.o

ProcessInfoPlistFile /Users/emanuelflury/Library/Developer/Xcode/DerivedData/TaxedGmbH_IOS-gerngfqzuwudosgobknlgtoawnlj/Build/Products/Debug-iphoneos/nanopb_nanopb.bundle/Info.plist /Users/emanuelflury/Library/Developer/Xcode/DerivedData/TaxedGmbH_IOS-gerngfqzuwudosgobknlgtoawnlj/Build/Intermediates.noindex/nanopb.build/Debug-iphoneos/nanopb_nanopb.build/empty-nanopb_nanopb.plist (in target 'nanopb_nanopb' from project 'nanopb')
    cd /Users/emanuelflury/Library/Developer/Xcode/DerivedData/TaxedGmbH_IOS-gerngfqzuwudosgobknlgtoawnlj/SourcePackages/checkouts/nanopb
    builtin-infoPlistUtility /Users/emanuelflury/Library/Developer/Xcode/DerivedData/TaxedGmbH_IOS-gerngfqzuwudosgobknlgtoawnlj/Build/Intermediates.noindex/nanopb.build/Debug-iphoneos/nanopb_nanopb.build/empty-nanopb_nanopb.plist -producttype com.apple.product-type.bundle -expandbuildsettings -format binary -platform iphoneos -requiredArchitecture arm64 -o /Users/emanuelflury/Library/Developer/Xcode/DerivedData/TaxedGmbH_IOS-gerngfqzuwudosgobknlgtoawnlj/Build/Products/Debug-iphoneos/nanopb_nanopb.bundle/Info.plist

CpResource /Users/emanuelflury/Library/Developer/Xcode/DerivedData/TaxedGmbH_IOS-gerngfqzuwudosgobknlgtoawnlj/Build/Products/Debug-iphoneos/nanopb_nanopb.bundle/PrivacyInfo.xcprivacy /Users/emanuelflury/Library/Developer/Xcode/DerivedData/TaxedGmbH_IOS-gerngfqzuwudosgobknlgtoawnlj/SourcePackages/checkouts/nanopb/spm_resources/PrivacyInfo.xcprivacy (in target 'nanopb_nanopb' from project 'nanopb')
    cd /Users/emanuelflury/Library/Developer/Xcode/DerivedData/TaxedGmbH_IOS-gerngfqzuwudosgobknlgtoawnlj/SourcePackages/checkouts/nanopb
    builtin-copy -exclude .DS_Store -exclude CVS -exclude .svn -exclude .git -exclude .hg -resolve-src-symlinks /Users/emanuelflury/Library/Developer/Xcode/DerivedData/TaxedGmbH_IOS-gerngfqzuwudosgobknlgtoawnlj/SourcePackages/checkouts/nanopb/spm_resources/PrivacyInfo.xcprivacy /Users/emanuelflury/Library/Developer/Xcode/DerivedData/TaxedGmbH_IOS-gerngfqzuwudosgobknlgtoawnlj/Build/Products/Debug-iphoneos/nanopb_nanopb.bundle

ProcessInfoPlistFile /Users/emanuelflury/Library/Developer/Xcode/DerivedData/TaxedGmbH_IOS-gerngfqzuwudosgobknlgtoawnlj/Build/Products/Debug-iphoneos/leveldb_leveldb.bundle/Info.plist /Users/emanuelflury/Library/Developer/Xcode/DerivedData/TaxedGmbH_IOS-gerngfqzuwudosgobknlgtoawnlj/Build/Intermediates.noindex/leveldb.build/Debug-iphoneos/leveldb_leveldb.build/empty-leveldb_leveldb.plist (in target 'leveldb_leveldb' from project 'leveldb')
    cd /Users/emanuelflury/Library/Developer/Xcode/DerivedData/TaxedGmbH_IOS-gerngfqzuwudosgobknlgtoawnlj/SourcePackages/checkouts/leveldb
    builtin-infoPlistUtility /Users/emanuelflury/Library/Developer/Xcode/DerivedData/TaxedGmbH_IOS-gerngfqzuwudosgobknlgtoawnlj/Build/Intermediates.noindex/leveldb.build/Debug-iphoneos/leveldb_leveldb.build/empty-leveldb_leveldb.plist -producttype com.apple.product-type.bundle -expandbuildsettings -format binary -platform iphoneos -requiredArchitecture arm64 -o /Users/emanuelflury/Library/Developer/Xcode/DerivedData/TaxedGmbH_IOS-gerngfqzuwudosgobknlgtoawnlj/Build/Products/Debug-iphoneos/leveldb_leveldb.bundle/Info.plist

CpResource /Users/emanuelflury/Library/Developer/Xcode/DerivedData/TaxedGmbH_IOS-gerngfqzuwudosgobknlgtoawnlj/Build/Products/Debug-iphoneos/leveldb_leveldb.bundle/PrivacyInfo.xcprivacy /Users/emanuelflury/Library/Developer/Xcode/DerivedData/TaxedGmbH_IOS-gerngfqzuwudosgobknlgtoawnlj/SourcePackages/checkouts/leveldb/Resources/PrivacyInfo.xcprivacy (in target 'leveldb_leveldb' from project 'leveldb')
    cd /Users/emanuelflury/Library/Developer/Xcode/DerivedData/TaxedGmbH_IOS-gerngfqzuwudosgobknlgtoawnlj/SourcePackages/checkouts/leveldb
    builtin-copy -exclude .DS_Store -exclude CVS -exclude .svn -exclude .git -exclude .hg -resolve-src-symlinks /Users/emanuelflury/Library/Developer/Xcode/DerivedData/TaxedGmbH_IOS-gerngfqzuwudosgobknlgtoawnlj/SourcePackages/checkouts/leveldb/Resources/PrivacyInfo.xcprivacy /Users/emanuelflury/Library/Developer/Xcode/DerivedData/TaxedGmbH_IOS-gerngfqzuwudosgobknlgtoawnlj/Build/Products/Debug-iphoneos/leveldb_leveldb.bundle

ProcessInfoPlistFile /Users/emanuelflury/Library/Developer/Xcode/DerivedData/TaxedGmbH_IOS-gerngfqzuwudosgobknlgtoawnlj/Build/Products/Debug-iphoneos/gRPC_opensslWrapper.bundle/Info.plist /Users/emanuelflury/Library/Developer/Xcode/DerivedData/TaxedGmbH_IOS-gerngfqzuwudosgobknlgtoawnlj/Build/Intermediates.noindex/gRPC.build/Debug-iphoneos/gRPC_opensslWrapper.build/empty-gRPC_opensslWrapper.plist (in target 'gRPC_opensslWrapper' from project 'gRPC')
    cd /Users/emanuelflury/Library/Developer/Xcode/DerivedData/TaxedGmbH_IOS-gerngfqzuwudosgobknlgtoawnlj/SourcePackages/checkouts/grpc-binary
    builtin-infoPlistUtility /Users/emanuelflury/Library/Developer/Xcode/DerivedData/TaxedGmbH_IOS-gerngfqzuwudosgobknlgtoawnlj/Build/Intermediates.noindex/gRPC.build/Debug-iphoneos/gRPC_opensslWrapper.build/empty-gRPC_opensslWrapper.plist -producttype com.apple.product-type.bundle -expandbuildsettings -format binary -platform iphoneos -requiredArchitecture arm64 -o /Users/emanuelflury/Library/Developer/Xcode/DerivedData/TaxedGmbH_IOS-gerngfqzuwudosgobknlgtoawnlj/Build/Products/Debug-iphoneos/gRPC_opensslWrapper.bundle/Info.plist

CpResource /Users/emanuelflury/Library/Developer/Xcode/DerivedData/TaxedGmbH_IOS-gerngfqzuwudosgobknlgtoawnlj/Build/Products/Debug-iphoneos/gRPC_opensslWrapper.bundle/PrivacyInfo.xcprivacy /Users/emanuelflury/Library/Developer/Xcode/DerivedData/TaxedGmbH_IOS-gerngfqzuwudosgobknlgtoawnlj/SourcePackages/checkouts/grpc-binary/openssl-grpc-Wrapper/Resources/PrivacyInfo.xcprivacy (in target 'gRPC_opensslWrapper' from project 'gRPC')
    cd /Users/emanuelflury/Library/Developer/Xcode/DerivedData/TaxedGmbH_IOS-gerngfqzuwudosgobknlgtoawnlj/SourcePackages/checkouts/grpc-binary
    builtin-copy -exclude .DS_Store -exclude CVS -exclude .svn -exclude .git -exclude .hg -resolve-src-symlinks /Users/emanuelflury/Library/Developer/Xcode/DerivedData/TaxedGmbH_IOS-gerngfqzuwudosgobknlgtoawnlj/SourcePackages/checkouts/grpc-binary/openssl-grpc-Wrapper/Resources/PrivacyInfo.xcprivacy /Users/emanuelflury/Library/Developer/Xcode/DerivedData/TaxedGmbH_IOS-gerngfqzuwudosgobknlgtoawnlj/Build/Products/Debug-iphoneos/gRPC_opensslWrapper.bundle

ProcessInfoPlistFile /Users/emanuelflury/Library/Developer/Xcode/DerivedData/TaxedGmbH_IOS-gerngfqzuwudosgobknlgtoawnlj/Build/Products/Debug-iphoneos/gRPC_grpcppWrapper.bundle/Info.plist /Users/emanuelflury/Library/Developer/Xcode/DerivedData/TaxedGmbH_IOS-gerngfqzuwudosgobknlgtoawnlj/Build/Intermediates.noindex/gRPC.build/Debug-iphoneos/gRPC_grpcppWrapper.build/empty-gRPC_grpcppWrapper.plist (in target 'gRPC_grpcppWrapper' from project 'gRPC')
    cd /Users/emanuelflury/Library/Developer/Xcode/DerivedData/TaxedGmbH_IOS-gerngfqzuwudosgobknlgtoawnlj/SourcePackages/checkouts/grpc-binary
    builtin-infoPlistUtility /Users/emanuelflury/Library/Developer/Xcode/DerivedData/TaxedGmbH_IOS-gerngfqzuwudosgobknlgtoawnlj/Build/Intermediates.noindex/gRPC.build/Debug-iphoneos/gRPC_grpcppWrapper.build/empty-gRPC_grpcppWrapper.plist -producttype com.apple.product-type.bundle -expandbuildsettings -format binary -platform iphoneos -requiredArchitecture arm64 -o /Users/emanuelflury/Library/Developer/Xcode/DerivedData/TaxedGmbH_IOS-gerngfqzuwudosgobknlgtoawnlj/Build/Products/Debug-iphoneos/gRPC_grpcppWrapper.bundle/Info.plist

CpResource /Users/emanuelflury/Library/Developer/Xcode/DerivedData/TaxedGmbH_IOS-gerngfqzuwudosgobknlgtoawnlj/Build/Products/Debug-iphoneos/gRPC_grpcppWrapper.bundle/PrivacyInfo.xcprivacy /Users/emanuelflury/Library/Developer/Xcode/DerivedData/TaxedGmbH_IOS-gerngfqzuwudosgobknlgtoawnlj/SourcePackages/checkouts/grpc-binary/grpcpp-Wrapper/Resources/PrivacyInfo.xcprivacy (in target 'gRPC_grpcppWrapper' from project 'gRPC')
    cd /Users/emanuelflury/Library/Developer/Xcode/DerivedData/TaxedGmbH_IOS-gerngfqzuwudosgobknlgtoawnlj/SourcePackages/checkouts/grpc-binary
    builtin-copy -exclude .DS_Store -exclude CVS -exclude .svn -exclude .git -exclude .hg -resolve-src-symlinks /Users/emanuelflury/Library/Developer/Xcode/DerivedData/TaxedGmbH_IOS-gerngfqzuwudosgobknlgtoawnlj/SourcePackages/checkouts/grpc-binary/grpcpp-Wrapper/Resources/PrivacyInfo.xcprivacy /Users/emanuelflury/Library/Developer/Xcode/DerivedData/TaxedGmbH_IOS-gerngfqzuwudosgobknlgtoawnlj/Build/Products/Debug-iphoneos/gRPC_grpcppWrapper.bundle

ProcessInfoPlistFile /Users/emanuelflury/Library/Developer/Xcode/DerivedData/TaxedGmbH_IOS-gerngfqzuwudosgobknlgtoawnlj/Build/Products/Debug-iphoneos/gRPC_grpcWrapper.bundle/Info.plist /Users/emanuelflury/Library/Developer/Xcode/DerivedData/TaxedGmbH_IOS-gerngfqzuwudosgobknlgtoawnlj/Build/Intermediates.noindex/gRPC.build/Debug-iphoneos/gRPC_grpcWrapper.build/empty-gRPC_grpcWrapper.plist (in target 'gRPC_grpcWrapper' from project 'gRPC')
    cd /Users/emanuelflury/Library/Developer/Xcode/DerivedData/TaxedGmbH_IOS-gerngfqzuwudosgobknlgtoawnlj/SourcePackages/checkouts/grpc-binary
    builtin-infoPlistUtility /Users/emanuelflury/Library/Developer/Xcode/DerivedData/TaxedGmbH_IOS-gerngfqzuwudosgobknlgtoawnlj/Build/Intermediates.noindex/gRPC.build/Debug-iphoneos/gRPC_grpcWrapper.build/empty-gRPC_grpcWrapper.plist -producttype com.apple.product-type.bundle -expandbuildsettings -format binary -platform iphoneos -requiredArchitecture arm64 -o /Users/emanuelflury/Library/Developer/Xcode/DerivedData/TaxedGmbH_IOS-gerngfqzuwudosgobknlgtoawnlj/Build/Products/Debug-iphoneos/gRPC_grpcWrapper.bundle/Info.plist

CpResource /Users/emanuelflury/Library/Developer/Xcode/DerivedData/TaxedGmbH_IOS-gerngfqzuwudosgobknlgtoawnlj/Build/Products/Debug-iphoneos/gRPC_grpcWrapper.bundle/PrivacyInfo.xcprivacy /Users/emanuelflury/Library/Developer/Xcode/DerivedData/TaxedGmbH_IOS-gerngfqzuwudosgobknlgtoawnlj/SourcePackages/checkouts/grpc-binary/grpc-Wrapper/Resources/PrivacyInfo.xcprivacy (in target 'gRPC_grpcWrapper' from project 'gRPC')
    cd /Users/emanuelflury/Library/Developer/Xcode/DerivedData/TaxedGmbH_IOS-gerngfqzuwudosgobknlgtoawnlj/SourcePackages/checkouts/grpc-binary
    builtin-copy -exclude .DS_Store -exclude CVS -exclude .svn -exclude .git -exclude .hg -resolve-src-symlinks /Users/emanuelflury/Library/Developer/Xcode/DerivedData/TaxedGmbH_IOS-gerngfqzuwudosgobknlgtoawnlj/SourcePackages/checkouts/grpc-binary/grpc-Wrapper/Resources/PrivacyInfo.xcprivacy /Users/emanuelflury/Library/Developer/Xcode/DerivedData/TaxedGmbH_IOS-gerngfqzuwudosgobknlgtoawnlj/Build/Products/Debug-iphoneos/gRPC_grpcWrapper.bundle

ProcessInfoPlistFile /Users/emanuelflury/Library/Developer/Xcode/DerivedData/TaxedGmbH_IOS-gerngfqzuwudosgobknlgtoawnlj/Build/Products/Debug-iphoneos/Promises_FBLPromises.bundle/Info.plist /Users/emanuelflury/Library/Developer/Xcode/DerivedData/TaxedGmbH_IOS-gerngfqzuwudosgobknlgtoawnlj/Build/Intermediates.noindex/Promises.build/Debug-iphoneos/Promises_FBLPromises.build/empty-Promises_FBLPromises.plist (in target 'Promises_FBLPromises' from project 'Promises')
    cd /Users/emanuelflury/Library/Developer/Xcode/DerivedData/TaxedGmbH_IOS-gerngfqzuwudosgobknlgtoawnlj/SourcePackages/checkouts/promises
    builtin-infoPlistUtility /Users/emanuelflury/Library/Developer/Xcode/DerivedData/TaxedGmbH_IOS-gerngfqzuwudosgobknlgtoawnlj/Build/Intermediates.noindex/Promises.build/Debug-iphoneos/Promises_FBLPromises.build/empty-Promises_FBLPromises.plist -producttype com.apple.product-type.bundle -expandbuildsettings -format binary -platform iphoneos -requiredArchitecture arm64 -o /Users/emanuelflury/Library/Developer/Xcode/DerivedData/TaxedGmbH_IOS-gerngfqzuwudosgobknlgtoawnlj/Build/Products/Debug-iphoneos/Promises_FBLPromises.bundle/Info.plist

CpResource /Users/emanuelflury/Library/Developer/Xcode/DerivedData/TaxedGmbH_IOS-gerngfqzuwudosgobknlgtoawnlj/Build/Products/Debug-iphoneos/Promises_FBLPromises.bundle/PrivacyInfo.xcprivacy /Users/emanuelflury/Library/Developer/Xcode/DerivedData/TaxedGmbH_IOS-gerngfqzuwudosgobknlgtoawnlj/SourcePackages/checkouts/promises/Sources/FBLPromises/Resources/PrivacyInfo.xcprivacy (in target 'Promises_FBLPromises' from project 'Promises')
    cd /Users/emanuelflury/Library/Developer/Xcode/DerivedData/TaxedGmbH_IOS-gerngfqzuwudosgobknlgtoawnlj/SourcePackages/checkouts/promises
    builtin-copy -exclude .DS_Store -exclude CVS -exclude .svn -exclude .git -exclude .hg -resolve-src-symlinks /Users/emanuelflury/Library/Developer/Xcode/DerivedData/TaxedGmbH_IOS-gerngfqzuwudosgobknlgtoawnlj/SourcePackages/checkouts/promises/Sources/FBLPromises/Resources/PrivacyInfo.xcprivacy /Users/emanuelflury/Library/Developer/Xcode/DerivedData/TaxedGmbH_IOS-gerngfqzuwudosgobknlgtoawnlj/Build/Products/Debug-iphoneos/Promises_FBLPromises.bundle

ProcessInfoPlistFile /Users/emanuelflury/Library/Developer/Xcode/DerivedData/TaxedGmbH_IOS-gerngfqzuwudosgobknlgtoawnlj/Build/Products/Debug-iphoneos/GoogleUtilities_GoogleUtilities-UserDefaults.bundle/Info.plist /Users/emanuelflury/Library/Developer/Xcode/DerivedData/TaxedGmbH_IOS-gerngfqzuwudosgobknlgtoawnlj/Build/Intermediates.noindex/GoogleUtilities.build/Debug-iphoneos/GoogleUtilities_GoogleUtilities-UserDefaults.build/empty-GoogleUtilities_GoogleUtilities-UserDefaults.plist (in target 'GoogleUtilities_GoogleUtilities-UserDefaults' from project 'GoogleUtilities')
    cd /Users/emanuelflury/Library/Developer/Xcode/DerivedData/TaxedGmbH_IOS-gerngfqzuwudosgobknlgtoawnlj/SourcePackages/checkouts/GoogleUtilities
    builtin-infoPlistUtility /Users/emanuelflury/Library/Developer/Xcode/DerivedData/TaxedGmbH_IOS-gerngfqzuwudosgobknlgtoawnlj/Build/Intermediates.noindex/GoogleUtilities.build/Debug-iphoneos/GoogleUtilities_GoogleUtilities-UserDefaults.build/empty-GoogleUtilities_GoogleUtilities-UserDefaults.plist -producttype com.apple.product-type.bundle -expandbuildsettings -format binary -platform iphoneos -requiredArchitecture arm64 -o /Users/emanuelflury/Library/Developer/Xcode/DerivedData/TaxedGmbH_IOS-gerngfqzuwudosgobknlgtoawnlj/Build/Products/Debug-iphoneos/GoogleUtilities_GoogleUtilities-UserDefaults.bundle/Info.plist

CpResource /Users/emanuelflury/Library/Developer/Xcode/DerivedData/TaxedGmbH_IOS-gerngfqzuwudosgobknlgtoawnlj/Build/Products/Debug-iphoneos/GoogleUtilities_GoogleUtilities-UserDefaults.bundle/PrivacyInfo.xcprivacy /Users/emanuelflury/Library/Developer/Xcode/DerivedData/TaxedGmbH_IOS-gerngfqzuwudosgobknlgtoawnlj/SourcePackages/checkouts/GoogleUtilities/GoogleUtilities/UserDefaults/Resources/PrivacyInfo.xcprivacy (in target 'GoogleUtilities_GoogleUtilities-UserDefaults' from project 'GoogleUtilities')
    cd /Users/emanuelflury/Library/Developer/Xcode/DerivedData/TaxedGmbH_IOS-gerngfqzuwudosgobknlgtoawnlj/SourcePackages/checkouts/GoogleUtilities
    builtin-copy -exclude .DS_Store -exclude CVS -exclude .svn -exclude .git -exclude .hg -resolve-src-symlinks /Users/emanuelflury/Library/Developer/Xcode/DerivedData/TaxedGmbH_IOS-gerngfqzuwudosgobknlgtoawnlj/SourcePackages/checkouts/GoogleUtilities/GoogleUtilities/UserDefaults/Resources/PrivacyInfo.xcprivacy /Users/emanuelflury/Library/Developer/Xcode/DerivedData/TaxedGmbH_IOS-gerngfqzuwudosgobknlgtoawnlj/Build/Products/Debug-iphoneos/GoogleUtilities_GoogleUtilities-UserDefaults.bundle

ProcessInfoPlistFile /Users/emanuelflury/Library/Developer/Xcode/DerivedData/TaxedGmbH_IOS-gerngfqzuwudosgobknlgtoawnlj/Build/Products/Debug-iphoneos/GoogleUtilities_GoogleUtilities-Reachability.bundle/Info.plist /Users/emanuelflury/Library/Developer/Xcode/DerivedData/TaxedGmbH_IOS-gerngfqzuwudosgobknlgtoawnlj/Build/Intermediates.noindex/GoogleUtilities.build/Debug-iphoneos/GoogleUtilities_GoogleUtilities-Reachability.build/empty-GoogleUtilities_GoogleUtilities-Reachability.plist (in target 'GoogleUtilities_GoogleUtilities-Reachability' from project 'GoogleUtilities')
    cd /Users/emanuelflury/Library/Developer/Xcode/DerivedData/TaxedGmbH_IOS-gerngfqzuwudosgobknlgtoawnlj/SourcePackages/checkouts/GoogleUtilities
    builtin-infoPlistUtility /Users/emanuelflury/Library/Developer/Xcode/DerivedData/TaxedGmbH_IOS-gerngfqzuwudosgobknlgtoawnlj/Build/Intermediates.noindex/GoogleUtilities.build/Debug-iphoneos/GoogleUtilities_GoogleUtilities-Reachability.build/empty-GoogleUtilities_GoogleUtilities-Reachability.plist -producttype com.apple.product-type.bundle -expandbuildsettings -format binary -platform iphoneos -requiredArchitecture arm64 -o /Users/emanuelflury/Library/Developer/Xcode/DerivedData/TaxedGmbH_IOS-gerngfqzuwudosgobknlgtoawnlj/Build/Products/Debug-iphoneos/GoogleUtilities_GoogleUtilities-Reachability.bundle/Info.plist

CpResource /Users/emanuelflury/Library/Developer/Xcode/DerivedData/TaxedGmbH_IOS-gerngfqzuwudosgobknlgtoawnlj/Build/Products/Debug-iphoneos/GoogleUtilities_GoogleUtilities-Reachability.bundle/PrivacyInfo.xcprivacy /Users/emanuelflury/Library/Developer/Xcode/DerivedData/TaxedGmbH_IOS-gerngfqzuwudosgobknlgtoawnlj/SourcePackages/checkouts/GoogleUtilities/GoogleUtilities/Reachability/Resources/PrivacyInfo.xcprivacy (in target 'GoogleUtilities_GoogleUtilities-Reachability' from project 'GoogleUtilities')
    cd /Users/emanuelflury/Library/Developer/Xcode/DerivedData/TaxedGmbH_IOS-gerngfqzuwudosgobknlgtoawnlj/SourcePackages/checkouts/GoogleUtilities
    builtin-copy -exclude .DS_Store -exclude CVS -exclude .svn -exclude .git -exclude .hg -resolve-src-symlinks /Users/emanuelflury/Library/Developer/Xcode/DerivedData/TaxedGmbH_IOS-gerngfqzuwudosgobknlgtoawnlj/SourcePackages/checkouts/GoogleUtilities/GoogleUtilities/Reachability/Resources/PrivacyInfo.xcprivacy /Users/emanuelflury/Library/Developer/Xcode/DerivedData/TaxedGmbH_IOS-gerngfqzuwudosgobknlgtoawnlj/Build/Products/Debug-iphoneos/GoogleUtilities_GoogleUtilities-Reachability.bundle

CpResource /Users/emanuelflury/Library/Developer/Xcode/DerivedData/TaxedGmbH_IOS-gerngfqzuwudosgobknlgtoawnlj/Build/Products/Debug-iphoneos/GoogleUtilities_GoogleUtilities-Network.bundle/PrivacyInfo.xcprivacy /Users/emanuelflury/Library/Developer/Xcode/DerivedData/TaxedGmbH_IOS-gerngfqzuwudosgobknlgtoawnlj/SourcePackages/checkouts/GoogleUtilities/GoogleUtilities/Network/Resources/PrivacyInfo.xcprivacy (in target 'GoogleUtilities_GoogleUtilities-Network' from project 'GoogleUtilities')
    cd /Users/emanuelflury/Library/Developer/Xcode/DerivedData/TaxedGmbH_IOS-gerngfqzuwudosgobknlgtoawnlj/SourcePackages/checkouts/GoogleUtilities
    builtin-copy -exclude .DS_Store -exclude CVS -exclude .svn -exclude .git -exclude .hg -resolve-src-symlinks /Users/emanuelflury/Library/Developer/Xcode/DerivedData/TaxedGmbH_IOS-gerngfqzuwudosgobknlgtoawnlj/SourcePackages/checkouts/GoogleUtilities/GoogleUtilities/Network/Resources/PrivacyInfo.xcprivacy /Users/emanuelflury/Library/Developer/Xcode/DerivedData/TaxedGmbH_IOS-gerngfqzuwudosgobknlgtoawnlj/Build/Products/Debug-iphoneos/GoogleUtilities_GoogleUtilities-Network.bundle

ProcessInfoPlistFile /Users/emanuelflury/Library/Developer/Xcode/DerivedData/TaxedGmbH_IOS-gerngfqzuwudosgobknlgtoawnlj/Build/Products/Debug-iphoneos/GoogleUtilities_GoogleUtilities-Network.bundle/Info.plist /Users/emanuelflury/Library/Developer/Xcode/DerivedData/TaxedGmbH_IOS-gerngfqzuwudosgobknlgtoawnlj/Build/Intermediates.noindex/GoogleUtilities.build/Debug-iphoneos/GoogleUtilities_GoogleUtilities-Network.build/empty-GoogleUtilities_GoogleUtilities-Network.plist (in target 'GoogleUtilities_GoogleUtilities-Network' from project 'GoogleUtilities')
    cd /Users/emanuelflury/Library/Developer/Xcode/DerivedData/TaxedGmbH_IOS-gerngfqzuwudosgobknlgtoawnlj/SourcePackages/checkouts/GoogleUtilities
    builtin-infoPlistUtility /Users/emanuelflury/Library/Developer/Xcode/DerivedData/TaxedGmbH_IOS-gerngfqzuwudosgobknlgtoawnlj/Build/Intermediates.noindex/GoogleUtilities.build/Debug-iphoneos/GoogleUtilities_GoogleUtilities-Network.build/empty-GoogleUtilities_GoogleUtilities-Network.plist -producttype com.apple.product-type.bundle -expandbuildsettings -format binary -platform iphoneos -requiredArchitecture arm64 -o /Users/emanuelflury/Library/Developer/Xcode/DerivedData/TaxedGmbH_IOS-gerngfqzuwudosgobknlgtoawnlj/Build/Products/Debug-iphoneos/GoogleUtilities_GoogleUtilities-Network.bundle/Info.plist

ProcessInfoPlistFile /Users/emanuelflury/Library/Developer/Xcode/DerivedData/TaxedGmbH_IOS-gerngfqzuwudosgobknlgtoawnlj/Build/Products/Debug-iphoneos/GoogleUtilities_GoogleUtilities-NSData.bundle/Info.plist /Users/emanuelflury/Library/Developer/Xcode/DerivedData/TaxedGmbH_IOS-gerngfqzuwudosgobknlgtoawnlj/Build/Intermediates.noindex/GoogleUtilities.build/Debug-iphoneos/GoogleUtilities_GoogleUtilities-NSData.build/empty-GoogleUtilities_GoogleUtilities-NSData.plist (in target 'GoogleUtilities_GoogleUtilities-NSData' from project 'GoogleUtilities')
    cd /Users/emanuelflury/Library/Developer/Xcode/DerivedData/TaxedGmbH_IOS-gerngfqzuwudosgobknlgtoawnlj/SourcePackages/checkouts/GoogleUtilities
    builtin-infoPlistUtility /Users/emanuelflury/Library/Developer/Xcode/DerivedData/TaxedGmbH_IOS-gerngfqzuwudosgobknlgtoawnlj/Build/Intermediates.noindex/GoogleUtilities.build/Debug-iphoneos/GoogleUtilities_GoogleUtilities-NSData.build/empty-GoogleUtilities_GoogleUtilities-NSData.plist -producttype com.apple.product-type.bundle -expandbuildsettings -format binary -platform iphoneos -requiredArchitecture arm64 -o /Users/emanuelflury/Library/Developer/Xcode/DerivedData/TaxedGmbH_IOS-gerngfqzuwudosgobknlgtoawnlj/Build/Products/Debug-iphoneos/GoogleUtilities_GoogleUtilities-NSData.bundle/Info.plist

ProcessInfoPlistFile /Users/emanuelflury/Library/Developer/Xcode/DerivedData/TaxedGmbH_IOS-gerngfqzuwudosgobknlgtoawnlj/Build/Products/Debug-iphoneos/GoogleUtilities_GoogleUtilities-MethodSwizzler.bundle/Info.plist /Users/emanuelflury/Library/Developer/Xcode/DerivedData/TaxedGmbH_IOS-gerngfqzuwudosgobknlgtoawnlj/Build/Intermediates.noindex/GoogleUtilities.build/Debug-iphoneos/GoogleUtilities_GoogleUtilities-MethodSwizzler.build/empty-GoogleUtilities_GoogleUtilities-MethodSwizzler.plist (in target 'GoogleUtilities_GoogleUtilities-MethodSwizzler' from project 'GoogleUtilities')
    cd /Users/emanuelflury/Library/Developer/Xcode/DerivedData/TaxedGmbH_IOS-gerngfqzuwudosgobknlgtoawnlj/SourcePackages/checkouts/GoogleUtilities
    builtin-infoPlistUtility /Users/emanuelflury/Library/Developer/Xcode/DerivedData/TaxedGmbH_IOS-gerngfqzuwudosgobknlgtoawnlj/Build/Intermediates.noindex/GoogleUtilities.build/Debug-iphoneos/GoogleUtilities_GoogleUtilities-MethodSwizzler.build/empty-GoogleUtilities_GoogleUtilities-MethodSwizzler.plist -producttype com.apple.product-type.bundle -expandbuildsettings -format binary -platform iphoneos -requiredArchitecture arm64 -o /Users/emanuelflury/Library/Developer/Xcode/DerivedData/TaxedGmbH_IOS-gerngfqzuwudosgobknlgtoawnlj/Build/Products/Debug-iphoneos/GoogleUtilities_GoogleUtilities-MethodSwizzler.bundle/Info.plist

CpResource /Users/emanuelflury/Library/Developer/Xcode/DerivedData/TaxedGmbH_IOS-gerngfqzuwudosgobknlgtoawnlj/Build/Products/Debug-iphoneos/GoogleUtilities_GoogleUtilities-NSData.bundle/PrivacyInfo.xcprivacy /Users/emanuelflury/Library/Developer/Xcode/DerivedData/TaxedGmbH_IOS-gerngfqzuwudosgobknlgtoawnlj/SourcePackages/checkouts/GoogleUtilities/GoogleUtilities/NSData+zlib/Resources/PrivacyInfo.xcprivacy (in target 'GoogleUtilities_GoogleUtilities-NSData' from project 'GoogleUtilities')
    cd /Users/emanuelflury/Library/Developer/Xcode/DerivedData/TaxedGmbH_IOS-gerngfqzuwudosgobknlgtoawnlj/SourcePackages/checkouts/GoogleUtilities
    builtin-copy -exclude .DS_Store -exclude CVS -exclude .svn -exclude .git -exclude .hg -resolve-src-symlinks /Users/emanuelflury/Library/Developer/Xcode/DerivedData/TaxedGmbH_IOS-gerngfqzuwudosgobknlgtoawnlj/SourcePackages/checkouts/GoogleUtilities/GoogleUtilities/NSData+zlib/Resources/PrivacyInfo.xcprivacy /Users/emanuelflury/Library/Developer/Xcode/DerivedData/TaxedGmbH_IOS-gerngfqzuwudosgobknlgtoawnlj/Build/Products/Debug-iphoneos/GoogleUtilities_GoogleUtilities-NSData.bundle

CpResource /Users/emanuelflury/Library/Developer/Xcode/DerivedData/TaxedGmbH_IOS-gerngfqzuwudosgobknlgtoawnlj/Build/Products/Debug-iphoneos/GoogleUtilities_GoogleUtilities-MethodSwizzler.bundle/PrivacyInfo.xcprivacy /Users/emanuelflury/Library/Developer/Xcode/DerivedData/TaxedGmbH_IOS-gerngfqzuwudosgobknlgtoawnlj/SourcePackages/checkouts/GoogleUtilities/GoogleUtilities/MethodSwizzler/Resources/PrivacyInfo.xcprivacy (in target 'GoogleUtilities_GoogleUtilities-MethodSwizzler' from project 'GoogleUtilities')
    cd /Users/emanuelflury/Library/Developer/Xcode/DerivedData/TaxedGmbH_IOS-gerngfqzuwudosgobknlgtoawnlj/SourcePackages/checkouts/GoogleUtilities
    builtin-copy -exclude .DS_Store -exclude CVS -exclude .svn -exclude .git -exclude .hg -resolve-src-symlinks /Users/emanuelflury/Library/Developer/Xcode/DerivedData/TaxedGmbH_IOS-gerngfqzuwudosgobknlgtoawnlj/SourcePackages/checkouts/GoogleUtilities/GoogleUtilities/MethodSwizzler/Resources/PrivacyInfo.xcprivacy /Users/emanuelflury/Library/Developer/Xcode/DerivedData/TaxedGmbH_IOS-gerngfqzuwudosgobknlgtoawnlj/Build/Products/Debug-iphoneos/GoogleUtilities_GoogleUtilities-MethodSwizzler.bundle

ProcessInfoPlistFile /Users/emanuelflury/Library/Developer/Xcode/DerivedData/TaxedGmbH_IOS-gerngfqzuwudosgobknlgtoawnlj/Build/Products/Debug-iphoneos/GoogleUtilities_GoogleUtilities-Logger.bundle/Info.plist /Users/emanuelflury/Library/Developer/Xcode/DerivedData/TaxedGmbH_IOS-gerngfqzuwudosgobknlgtoawnlj/Build/Intermediates.noindex/GoogleUtilities.build/Debug-iphoneos/GoogleUtilities_GoogleUtilities-Logger.build/empty-GoogleUtilities_GoogleUtilities-Logger.plist (in target 'GoogleUtilities_GoogleUtilities-Logger' from project 'GoogleUtilities')
    cd /Users/emanuelflury/Library/Developer/Xcode/DerivedData/TaxedGmbH_IOS-gerngfqzuwudosgobknlgtoawnlj/SourcePackages/checkouts/GoogleUtilities
    builtin-infoPlistUtility /Users/emanuelflury/Library/Developer/Xcode/DerivedData/TaxedGmbH_IOS-gerngfqzuwudosgobknlgtoawnlj/Build/Intermediates.noindex/GoogleUtilities.build/Debug-iphoneos/GoogleUtilities_GoogleUtilities-Logger.build/empty-GoogleUtilities_GoogleUtilities-Logger.plist -producttype com.apple.product-type.bundle -expandbuildsettings -format binary -platform iphoneos -requiredArchitecture arm64 -o /Users/emanuelflury/Library/Developer/Xcode/DerivedData/TaxedGmbH_IOS-gerngfqzuwudosgobknlgtoawnlj/Build/Products/Debug-iphoneos/GoogleUtilities_GoogleUtilities-Logger.bundle/Info.plist

CpResource /Users/emanuelflury/Library/Developer/Xcode/DerivedData/TaxedGmbH_IOS-gerngfqzuwudosgobknlgtoawnlj/Build/Products/Debug-iphoneos/GoogleUtilities_GoogleUtilities-Logger.bundle/PrivacyInfo.xcprivacy /Users/emanuelflury/Library/Developer/Xcode/DerivedData/TaxedGmbH_IOS-gerngfqzuwudosgobknlgtoawnlj/SourcePackages/checkouts/GoogleUtilities/GoogleUtilities/Logger/Resources/PrivacyInfo.xcprivacy (in target 'GoogleUtilities_GoogleUtilities-Logger' from project 'GoogleUtilities')
    cd /Users/emanuelflury/Library/Developer/Xcode/DerivedData/TaxedGmbH_IOS-gerngfqzuwudosgobknlgtoawnlj/SourcePackages/checkouts/GoogleUtilities
    builtin-copy -exclude .DS_Store -exclude CVS -exclude .svn -exclude .git -exclude .hg -resolve-src-symlinks /Users/emanuelflury/Library/Developer/Xcode/DerivedData/TaxedGmbH_IOS-gerngfqzuwudosgobknlgtoawnlj/SourcePackages/checkouts/GoogleUtilities/GoogleUtilities/Logger/Resources/PrivacyInfo.xcprivacy /Users/emanuelflury/Library/Developer/Xcode/DerivedData/TaxedGmbH_IOS-gerngfqzuwudosgobknlgtoawnlj/Build/Products/Debug-iphoneos/GoogleUtilities_GoogleUtilities-Logger.bundle

ProcessInfoPlistFile /Users/emanuelflury/Library/Developer/Xcode/DerivedData/TaxedGmbH_IOS-gerngfqzuwudosgobknlgtoawnlj/Build/Products/Debug-iphoneos/GoogleUtilities_GoogleUtilities-Environment.bundle/Info.plist /Users/emanuelflury/Library/Developer/Xcode/DerivedData/TaxedGmbH_IOS-gerngfqzuwudosgobknlgtoawnlj/Build/Intermediates.noindex/GoogleUtilities.build/Debug-iphoneos/GoogleUtilities_GoogleUtilities-Environment.build/empty-GoogleUtilities_GoogleUtilities-Environment.plist (in target 'GoogleUtilities_GoogleUtilities-Environment' from project 'GoogleUtilities')
    cd /Users/emanuelflury/Library/Developer/Xcode/DerivedData/TaxedGmbH_IOS-gerngfqzuwudosgobknlgtoawnlj/SourcePackages/checkouts/GoogleUtilities
    builtin-infoPlistUtility /Users/emanuelflury/Library/Developer/Xcode/DerivedData/TaxedGmbH_IOS-gerngfqzuwudosgobknlgtoawnlj/Build/Intermediates.noindex/GoogleUtilities.build/Debug-iphoneos/GoogleUtilities_GoogleUtilities-Environment.build/empty-GoogleUtilities_GoogleUtilities-Environment.plist -producttype com.apple.product-type.bundle -expandbuildsettings -format binary -platform iphoneos -requiredArchitecture arm64 -o /Users/emanuelflury/Library/Developer/Xcode/DerivedData/TaxedGmbH_IOS-gerngfqzuwudosgobknlgtoawnlj/Build/Products/Debug-iphoneos/GoogleUtilities_GoogleUtilities-Environment.bundle/Info.plist

CpResource /Users/emanuelflury/Library/Developer/Xcode/DerivedData/TaxedGmbH_IOS-gerngfqzuwudosgobknlgtoawnlj/Build/Products/Debug-iphoneos/GoogleUtilities_GoogleUtilities-Environment.bundle/PrivacyInfo.xcprivacy /Users/emanuelflury/Library/Developer/Xcode/DerivedData/TaxedGmbH_IOS-gerngfqzuwudosgobknlgtoawnlj/SourcePackages/checkouts/GoogleUtilities/GoogleUtilities/Environment/Resources/PrivacyInfo.xcprivacy (in target 'GoogleUtilities_GoogleUtilities-Environment' from project 'GoogleUtilities')
    cd /Users/emanuelflury/Library/Developer/Xcode/DerivedData/TaxedGmbH_IOS-gerngfqzuwudosgobknlgtoawnlj/SourcePackages/checkouts/GoogleUtilities
    builtin-copy -exclude .DS_Store -exclude CVS -exclude .svn -exclude .git -exclude .hg -resolve-src-symlinks /Users/emanuelflury/Library/Developer/Xcode/DerivedData/TaxedGmbH_IOS-gerngfqzuwudosgobknlgtoawnlj/SourcePackages/checkouts/GoogleUtilities/GoogleUtilities/Environment/Resources/PrivacyInfo.xcprivacy /Users/emanuelflury/Library/Developer/Xcode/DerivedData/TaxedGmbH_IOS-gerngfqzuwudosgobknlgtoawnlj/Build/Products/Debug-iphoneos/GoogleUtilities_GoogleUtilities-Environment.bundle

ProcessInfoPlistFile /Users/emanuelflury/Library/Developer/Xcode/DerivedData/TaxedGmbH_IOS-gerngfqzuwudosgobknlgtoawnlj/Build/Products/Debug-iphoneos/GoogleUtilities_GoogleUtilities-AppDelegateSwizzler.bundle/Info.plist /Users/emanuelflury/Library/Developer/Xcode/DerivedData/TaxedGmbH_IOS-gerngfqzuwudosgobknlgtoawnlj/Build/Intermediates.noindex/GoogleUtilities.build/Debug-iphoneos/GoogleUtilities_GoogleUtilities-AppDelegateSwizzler.build/empty-GoogleUtilities_GoogleUtilities-AppDelegateSwizzler.plist (in target 'GoogleUtilities_GoogleUtilities-AppDelegateSwizzler' from project 'GoogleUtilities')
    cd /Users/emanuelflury/Library/Developer/Xcode/DerivedData/TaxedGmbH_IOS-gerngfqzuwudosgobknlgtoawnlj/SourcePackages/checkouts/GoogleUtilities
    builtin-infoPlistUtility /Users/emanuelflury/Library/Developer/Xcode/DerivedData/TaxedGmbH_IOS-gerngfqzuwudosgobknlgtoawnlj/Build/Intermediates.noindex/GoogleUtilities.build/Debug-iphoneos/GoogleUtilities_GoogleUtilities-AppDelegateSwizzler.build/empty-GoogleUtilities_GoogleUtilities-AppDelegateSwizzler.plist -producttype com.apple.product-type.bundle -expandbuildsettings -format binary -platform iphoneos -requiredArchitecture arm64 -o /Users/emanuelflury/Library/Developer/Xcode/DerivedData/TaxedGmbH_IOS-gerngfqzuwudosgobknlgtoawnlj/Build/Products/Debug-iphoneos/GoogleUtilities_GoogleUtilities-AppDelegateSwizzler.bundle/Info.plist

CpResource /Users/emanuelflury/Library/Developer/Xcode/DerivedData/TaxedGmbH_IOS-gerngfqzuwudosgobknlgtoawnlj/Build/Products/Debug-iphoneos/GoogleUtilities_GoogleUtilities-AppDelegateSwizzler.bundle/PrivacyInfo.xcprivacy /Users/emanuelflury/Library/Developer/Xcode/DerivedData/TaxedGmbH_IOS-gerngfqzuwudosgobknlgtoawnlj/SourcePackages/checkouts/GoogleUtilities/GoogleUtilities/AppDelegateSwizzler/Resources/PrivacyInfo.xcprivacy (in target 'GoogleUtilities_GoogleUtilities-AppDelegateSwizzler' from project 'GoogleUtilities')
    cd /Users/emanuelflury/Library/Developer/Xcode/DerivedData/TaxedGmbH_IOS-gerngfqzuwudosgobknlgtoawnlj/SourcePackages/checkouts/GoogleUtilities
    builtin-copy -exclude .DS_Store -exclude CVS -exclude .svn -exclude .git -exclude .hg -resolve-src-symlinks /Users/emanuelflury/Library/Developer/Xcode/DerivedData/TaxedGmbH_IOS-gerngfqzuwudosgobknlgtoawnlj/SourcePackages/checkouts/GoogleUtilities/GoogleUtilities/AppDelegateSwizzler/Resources/PrivacyInfo.xcprivacy /Users/emanuelflury/Library/Developer/Xcode/DerivedData/TaxedGmbH_IOS-gerngfqzuwudosgobknlgtoawnlj/Build/Products/Debug-iphoneos/GoogleUtilities_GoogleUtilities-AppDelegateSwizzler.bundle

ProcessInfoPlistFile /Users/emanuelflury/Library/Developer/Xcode/DerivedData/TaxedGmbH_IOS-gerngfqzuwudosgobknlgtoawnlj/Build/Products/Debug-iphoneos/GoogleDataTransport_GoogleDataTransport.bundle/Info.plist /Users/emanuelflury/Library/Developer/Xcode/DerivedData/TaxedGmbH_IOS-gerngfqzuwudosgobknlgtoawnlj/Build/Intermediates.noindex/GoogleDataTransport.build/Debug-iphoneos/GoogleDataTransport_GoogleDataTransport.build/empty-GoogleDataTransport_GoogleDataTransport.plist (in target 'GoogleDataTransport_GoogleDataTransport' from project 'GoogleDataTransport')
    cd /Users/emanuelflury/Library/Developer/Xcode/DerivedData/TaxedGmbH_IOS-gerngfqzuwudosgobknlgtoawnlj/SourcePackages/checkouts/GoogleDataTransport
    builtin-infoPlistUtility /Users/emanuelflury/Library/Developer/Xcode/DerivedData/TaxedGmbH_IOS-gerngfqzuwudosgobknlgtoawnlj/Build/Intermediates.noindex/GoogleDataTransport.build/Debug-iphoneos/GoogleDataTransport_GoogleDataTransport.build/empty-GoogleDataTransport_GoogleDataTransport.plist -producttype com.apple.product-type.bundle -expandbuildsettings -format binary -platform iphoneos -requiredArchitecture arm64 -o /Users/emanuelflury/Library/Developer/Xcode/DerivedData/TaxedGmbH_IOS-gerngfqzuwudosgobknlgtoawnlj/Build/Products/Debug-iphoneos/GoogleDataTransport_GoogleDataTransport.bundle/Info.plist

CpResource /Users/emanuelflury/Library/Developer/Xcode/DerivedData/TaxedGmbH_IOS-gerngfqzuwudosgobknlgtoawnlj/Build/Products/Debug-iphoneos/GoogleDataTransport_GoogleDataTransport.bundle/PrivacyInfo.xcprivacy /Users/emanuelflury/Library/Developer/Xcode/DerivedData/TaxedGmbH_IOS-gerngfqzuwudosgobknlgtoawnlj/SourcePackages/checkouts/GoogleDataTransport/GoogleDataTransport/Resources/PrivacyInfo.xcprivacy (in target 'GoogleDataTransport_GoogleDataTransport' from project 'GoogleDataTransport')
    cd /Users/emanuelflury/Library/Developer/Xcode/DerivedData/TaxedGmbH_IOS-gerngfqzuwudosgobknlgtoawnlj/SourcePackages/checkouts/GoogleDataTransport
    builtin-copy -exclude .DS_Store -exclude CVS -exclude .svn -exclude .git -exclude .hg -resolve-src-symlinks /Users/emanuelflury/Library/Developer/Xcode/DerivedData/TaxedGmbH_IOS-gerngfqzuwudosgobknlgtoawnlj/SourcePackages/checkouts/GoogleDataTransport/GoogleDataTransport/Resources/PrivacyInfo.xcprivacy /Users/emanuelflury/Library/Developer/Xcode/DerivedData/TaxedGmbH_IOS-gerngfqzuwudosgobknlgtoawnlj/Build/Products/Debug-iphoneos/GoogleDataTransport_GoogleDataTransport.bundle

ProcessInfoPlistFile /Users/emanuelflury/Library/Developer/Xcode/DerivedData/TaxedGmbH_IOS-gerngfqzuwudosgobknlgtoawnlj/Build/Products/Debug-iphoneos/GTMSessionFetcher_GTMSessionFetcherCore.bundle/Info.plist /Users/emanuelflury/Library/Developer/Xcode/DerivedData/TaxedGmbH_IOS-gerngfqzuwudosgobknlgtoawnlj/Build/Intermediates.noindex/GTMSessionFetcher.build/Debug-iphoneos/GTMSessionFetcher_GTMSessionFetcherCore.build/empty-GTMSessionFetcher_GTMSessionFetcherCore.plist (in target 'GTMSessionFetcher_GTMSessionFetcherCore' from project 'GTMSessionFetcher')
    cd /Users/emanuelflury/Library/Developer/Xcode/DerivedData/TaxedGmbH_IOS-gerngfqzuwudosgobknlgtoawnlj/SourcePackages/checkouts/gtm-session-fetcher
    builtin-infoPlistUtility /Users/emanuelflury/Library/Developer/Xcode/DerivedData/TaxedGmbH_IOS-gerngfqzuwudosgobknlgtoawnlj/Build/Intermediates.noindex/GTMSessionFetcher.build/Debug-iphoneos/GTMSessionFetcher_GTMSessionFetcherCore.build/empty-GTMSessionFetcher_GTMSessionFetcherCore.plist -producttype com.apple.product-type.bundle -expandbuildsettings -format binary -platform iphoneos -requiredArchitecture arm64 -o /Users/emanuelflury/Library/Developer/Xcode/DerivedData/TaxedGmbH_IOS-gerngfqzuwudosgobknlgtoawnlj/Build/Products/Debug-iphoneos/GTMSessionFetcher_GTMSessionFetcherCore.bundle/Info.plist

CpResource /Users/emanuelflury/Library/Developer/Xcode/DerivedData/TaxedGmbH_IOS-gerngfqzuwudosgobknlgtoawnlj/Build/Products/Debug-iphoneos/GTMSessionFetcher_GTMSessionFetcherCore.bundle/PrivacyInfo.xcprivacy /Users/emanuelflury/Library/Developer/Xcode/DerivedData/TaxedGmbH_IOS-gerngfqzuwudosgobknlgtoawnlj/SourcePackages/checkouts/gtm-session-fetcher/Sources/Core/Resources/PrivacyInfo.xcprivacy (in target 'GTMSessionFetcher_GTMSessionFetcherCore' from project 'GTMSessionFetcher')
    cd /Users/emanuelflury/Library/Developer/Xcode/DerivedData/TaxedGmbH_IOS-gerngfqzuwudosgobknlgtoawnlj/SourcePackages/checkouts/gtm-session-fetcher
    builtin-copy -exclude .DS_Store -exclude CVS -exclude .svn -exclude .git -exclude .hg -resolve-src-symlinks /Users/emanuelflury/Library/Developer/Xcode/DerivedData/TaxedGmbH_IOS-gerngfqzuwudosgobknlgtoawnlj/SourcePackages/checkouts/gtm-session-fetcher/Sources/Core/Resources/PrivacyInfo.xcprivacy /Users/emanuelflury/Library/Developer/Xcode/DerivedData/TaxedGmbH_IOS-gerngfqzuwudosgobknlgtoawnlj/Build/Products/Debug-iphoneos/GTMSessionFetcher_GTMSessionFetcherCore.bundle

Copy /Users/emanuelflury/Library/Developer/Xcode/DerivedData/TaxedGmbH_IOS-gerngfqzuwudosgobknlgtoawnlj/Build/Intermediates.noindex/GeneratedModuleMaps-iphoneos/GoogleAdsOnDeviceConversionTarget.modulemap /Users/emanuelflury/Library/Developer/Xcode/DerivedData/TaxedGmbH_IOS-gerngfqzuwudosgobknlgtoawnlj/Build/Intermediates.noindex/GoogleAdsOnDeviceConversion.build/Debug-iphoneos/GoogleAdsOnDeviceConversionTarget.build/GoogleAdsOnDeviceConversionTarget.modulemap (in target 'GoogleAdsOnDeviceConversionTarget' from project 'GoogleAdsOnDeviceConversion')
    cd /Users/emanuelflury/Library/Developer/Xcode/DerivedData/TaxedGmbH_IOS-gerngfqzuwudosgobknlgtoawnlj/SourcePackages/checkouts/google-ads-on-device-conversion-ios-sdk
    builtin-copy -exclude .DS_Store -exclude CVS -exclude .svn -exclude .git -exclude .hg -resolve-src-symlinks /Users/emanuelflury/Library/Developer/Xcode/DerivedData/TaxedGmbH_IOS-gerngfqzuwudosgobknlgtoawnlj/Build/Intermediates.noindex/GoogleAdsOnDeviceConversion.build/Debug-iphoneos/GoogleAdsOnDeviceConversionTarget.build/GoogleAdsOnDeviceConversionTarget.modulemap /Users/emanuelflury/Library/Developer/Xcode/DerivedData/TaxedGmbH_IOS-gerngfqzuwudosgobknlgtoawnlj/Build/Intermediates.noindex/GeneratedModuleMaps-iphoneos

ProcessInfoPlistFile /Users/emanuelflury/Library/Developer/Xcode/DerivedData/TaxedGmbH_IOS-gerngfqzuwudosgobknlgtoawnlj/Build/Products/Debug-iphoneos/Firebase_FirebaseMessaging.bundle/Info.plist /Users/emanuelflury/Library/Developer/Xcode/DerivedData/TaxedGmbH_IOS-gerngfqzuwudosgobknlgtoawnlj/Build/Intermediates.noindex/Firebase.build/Debug-iphoneos/Firebase_FirebaseMessaging.build/empty-Firebase_FirebaseMessaging.plist (in target 'Firebase_FirebaseMessaging' from project 'Firebase')
    cd /Users/emanuelflury/Library/Developer/Xcode/DerivedData/TaxedGmbH_IOS-gerngfqzuwudosgobknlgtoawnlj/SourcePackages/checkouts/firebase-ios-sdk
    builtin-infoPlistUtility /Users/emanuelflury/Library/Developer/Xcode/DerivedData/TaxedGmbH_IOS-gerngfqzuwudosgobknlgtoawnlj/Build/Intermediates.noindex/Firebase.build/Debug-iphoneos/Firebase_FirebaseMessaging.build/empty-Firebase_FirebaseMessaging.plist -producttype com.apple.product-type.bundle -expandbuildsettings -format binary -platform iphoneos -requiredArchitecture arm64 -o /Users/emanuelflury/Library/Developer/Xcode/DerivedData/TaxedGmbH_IOS-gerngfqzuwudosgobknlgtoawnlj/Build/Products/Debug-iphoneos/Firebase_FirebaseMessaging.bundle/Info.plist

CpResource /Users/emanuelflury/Library/Developer/Xcode/DerivedData/TaxedGmbH_IOS-gerngfqzuwudosgobknlgtoawnlj/Build/Products/Debug-iphoneos/Firebase_FirebaseMessaging.bundle/PrivacyInfo.xcprivacy /Users/emanuelflury/Library/Developer/Xcode/DerivedData/TaxedGmbH_IOS-gerngfqzuwudosgobknlgtoawnlj/SourcePackages/checkouts/firebase-ios-sdk/FirebaseMessaging/Sources/Resources/PrivacyInfo.xcprivacy (in target 'Firebase_FirebaseMessaging' from project 'Firebase')
    cd /Users/emanuelflury/Library/Developer/Xcode/DerivedData/TaxedGmbH_IOS-gerngfqzuwudosgobknlgtoawnlj/SourcePackages/checkouts/firebase-ios-sdk
    builtin-copy -exclude .DS_Store -exclude CVS -exclude .svn -exclude .git -exclude .hg -resolve-src-symlinks /Users/emanuelflury/Library/Developer/Xcode/DerivedData/TaxedGmbH_IOS-gerngfqzuwudosgobknlgtoawnlj/SourcePackages/checkouts/firebase-ios-sdk/FirebaseMessaging/Sources/Resources/PrivacyInfo.xcprivacy /Users/emanuelflury/Library/Developer/Xcode/DerivedData/TaxedGmbH_IOS-gerngfqzuwudosgobknlgtoawnlj/Build/Products/Debug-iphoneos/Firebase_FirebaseMessaging.bundle

ProcessInfoPlistFile /Users/emanuelflury/Library/Developer/Xcode/DerivedData/TaxedGmbH_IOS-gerngfqzuwudosgobknlgtoawnlj/Build/Products/Debug-iphoneos/Firebase_FirebaseInstallations.bundle/Info.plist /Users/emanuelflury/Library/Developer/Xcode/DerivedData/TaxedGmbH_IOS-gerngfqzuwudosgobknlgtoawnlj/Build/Intermediates.noindex/Firebase.build/Debug-iphoneos/Firebase_FirebaseInstallations.build/empty-Firebase_FirebaseInstallations.plist (in target 'Firebase_FirebaseInstallations' from project 'Firebase')
    cd /Users/emanuelflury/Library/Developer/Xcode/DerivedData/TaxedGmbH_IOS-gerngfqzuwudosgobknlgtoawnlj/SourcePackages/checkouts/firebase-ios-sdk
    builtin-infoPlistUtility /Users/emanuelflury/Library/Developer/Xcode/DerivedData/TaxedGmbH_IOS-gerngfqzuwudosgobknlgtoawnlj/Build/Intermediates.noindex/Firebase.build/Debug-iphoneos/Firebase_FirebaseInstallations.build/empty-Firebase_FirebaseInstallations.plist -producttype com.apple.product-type.bundle -expandbuildsettings -format binary -platform iphoneos -requiredArchitecture arm64 -o /Users/emanuelflury/Library/Developer/Xcode/DerivedData/TaxedGmbH_IOS-gerngfqzuwudosgobknlgtoawnlj/Build/Products/Debug-iphoneos/Firebase_FirebaseInstallations.bundle/Info.plist

CpResource /Users/emanuelflury/Library/Developer/Xcode/DerivedData/TaxedGmbH_IOS-gerngfqzuwudosgobknlgtoawnlj/Build/Products/Debug-iphoneos/Firebase_FirebaseInstallations.bundle/PrivacyInfo.xcprivacy /Users/emanuelflury/Library/Developer/Xcode/DerivedData/TaxedGmbH_IOS-gerngfqzuwudosgobknlgtoawnlj/SourcePackages/checkouts/firebase-ios-sdk/FirebaseInstallations/Source/Library/Resources/PrivacyInfo.xcprivacy (in target 'Firebase_FirebaseInstallations' from project 'Firebase')
    cd /Users/emanuelflury/Library/Developer/Xcode/DerivedData/TaxedGmbH_IOS-gerngfqzuwudosgobknlgtoawnlj/SourcePackages/checkouts/firebase-ios-sdk
    builtin-copy -exclude .DS_Store -exclude CVS -exclude .svn -exclude .git -exclude .hg -resolve-src-symlinks /Users/emanuelflury/Library/Developer/Xcode/DerivedData/TaxedGmbH_IOS-gerngfqzuwudosgobknlgtoawnlj/SourcePackages/checkouts/firebase-ios-sdk/FirebaseInstallations/Source/Library/Resources/PrivacyInfo.xcprivacy /Users/emanuelflury/Library/Developer/Xcode/DerivedData/TaxedGmbH_IOS-gerngfqzuwudosgobknlgtoawnlj/Build/Products/Debug-iphoneos/Firebase_FirebaseInstallations.bundle

ProcessInfoPlistFile /Users/emanuelflury/Library/Developer/Xcode/DerivedData/TaxedGmbH_IOS-gerngfqzuwudosgobknlgtoawnlj/Build/Products/Debug-iphoneos/Firebase_FirebaseFirestore.bundle/Info.plist /Users/emanuelflury/Library/Developer/Xcode/DerivedData/TaxedGmbH_IOS-gerngfqzuwudosgobknlgtoawnlj/Build/Intermediates.noindex/Firebase.build/Debug-iphoneos/Firebase_FirebaseFirestore.build/empty-Firebase_FirebaseFirestore.plist (in target 'Firebase_FirebaseFirestore' from project 'Firebase')
    cd /Users/emanuelflury/Library/Developer/Xcode/DerivedData/TaxedGmbH_IOS-gerngfqzuwudosgobknlgtoawnlj/SourcePackages/checkouts/firebase-ios-sdk
    builtin-infoPlistUtility /Users/emanuelflury/Library/Developer/Xcode/DerivedData/TaxedGmbH_IOS-gerngfqzuwudosgobknlgtoawnlj/Build/Intermediates.noindex/Firebase.build/Debug-iphoneos/Firebase_FirebaseFirestore.build/empty-Firebase_FirebaseFirestore.plist -producttype com.apple.product-type.bundle -expandbuildsettings -format binary -platform iphoneos -requiredArchitecture arm64 -o /Users/emanuelflury/Library/Developer/Xcode/DerivedData/TaxedGmbH_IOS-gerngfqzuwudosgobknlgtoawnlj/Build/Products/Debug-iphoneos/Firebase_FirebaseFirestore.bundle/Info.plist

CpResource /Users/emanuelflury/Library/Developer/Xcode/DerivedData/TaxedGmbH_IOS-gerngfqzuwudosgobknlgtoawnlj/Build/Products/Debug-iphoneos/Firebase_FirebaseFirestore.bundle/PrivacyInfo.xcprivacy /Users/emanuelflury/Library/Developer/Xcode/DerivedData/TaxedGmbH_IOS-gerngfqzuwudosgobknlgtoawnlj/SourcePackages/checkouts/firebase-ios-sdk/Firestore/Swift/Source/Resources/PrivacyInfo.xcprivacy (in target 'Firebase_FirebaseFirestore' from project 'Firebase')
    cd /Users/emanuelflury/Library/Developer/Xcode/DerivedData/TaxedGmbH_IOS-gerngfqzuwudosgobknlgtoawnlj/SourcePackages/checkouts/firebase-ios-sdk
    builtin-copy -exclude .DS_Store -exclude CVS -exclude .svn -exclude .git -exclude .hg -resolve-src-symlinks /Users/emanuelflury/Library/Developer/Xcode/DerivedData/TaxedGmbH_IOS-gerngfqzuwudosgobknlgtoawnlj/SourcePackages/checkouts/firebase-ios-sdk/Firestore/Swift/Source/Resources/PrivacyInfo.xcprivacy /Users/emanuelflury/Library/Developer/Xcode/DerivedData/TaxedGmbH_IOS-gerngfqzuwudosgobknlgtoawnlj/Build/Products/Debug-iphoneos/Firebase_FirebaseFirestore.bundle

ProcessInfoPlistFile /Users/emanuelflury/Library/Developer/Xcode/DerivedData/TaxedGmbH_IOS-gerngfqzuwudosgobknlgtoawnlj/Build/Products/Debug-iphoneos/Firebase_FirebaseCoreInternal.bundle/Info.plist /Users/emanuelflury/Library/Developer/Xcode/DerivedData/TaxedGmbH_IOS-gerngfqzuwudosgobknlgtoawnlj/Build/Intermediates.noindex/Firebase.build/Debug-iphoneos/Firebase_FirebaseCoreInternal.build/empty-Firebase_FirebaseCoreInternal.plist (in target 'Firebase_FirebaseCoreInternal' from project 'Firebase')
    cd /Users/emanuelflury/Library/Developer/Xcode/DerivedData/TaxedGmbH_IOS-gerngfqzuwudosgobknlgtoawnlj/SourcePackages/checkouts/firebase-ios-sdk
    builtin-infoPlistUtility /Users/emanuelflury/Library/Developer/Xcode/DerivedData/TaxedGmbH_IOS-gerngfqzuwudosgobknlgtoawnlj/Build/Intermediates.noindex/Firebase.build/Debug-iphoneos/Firebase_FirebaseCoreInternal.build/empty-Firebase_FirebaseCoreInternal.plist -producttype com.apple.product-type.bundle -expandbuildsettings -format binary -platform iphoneos -requiredArchitecture arm64 -o /Users/emanuelflury/Library/Developer/Xcode/DerivedData/TaxedGmbH_IOS-gerngfqzuwudosgobknlgtoawnlj/Build/Products/Debug-iphoneos/Firebase_FirebaseCoreInternal.bundle/Info.plist

CpResource /Users/emanuelflury/Library/Developer/Xcode/DerivedData/TaxedGmbH_IOS-gerngfqzuwudosgobknlgtoawnlj/Build/Products/Debug-iphoneos/Firebase_FirebaseCoreInternal.bundle/PrivacyInfo.xcprivacy /Users/emanuelflury/Library/Developer/Xcode/DerivedData/TaxedGmbH_IOS-gerngfqzuwudosgobknlgtoawnlj/SourcePackages/checkouts/firebase-ios-sdk/FirebaseCore/Internal/Sources/Resources/PrivacyInfo.xcprivacy (in target 'Firebase_FirebaseCoreInternal' from project 'Firebase')
    cd /Users/emanuelflury/Library/Developer/Xcode/DerivedData/TaxedGmbH_IOS-gerngfqzuwudosgobknlgtoawnlj/SourcePackages/checkouts/firebase-ios-sdk
    builtin-copy -exclude .DS_Store -exclude CVS -exclude .svn -exclude .git -exclude .hg -resolve-src-symlinks /Users/emanuelflury/Library/Developer/Xcode/DerivedData/TaxedGmbH_IOS-gerngfqzuwudosgobknlgtoawnlj/SourcePackages/checkouts/firebase-ios-sdk/FirebaseCore/Internal/Sources/Resources/PrivacyInfo.xcprivacy /Users/emanuelflury/Library/Developer/Xcode/DerivedData/TaxedGmbH_IOS-gerngfqzuwudosgobknlgtoawnlj/Build/Products/Debug-iphoneos/Firebase_FirebaseCoreInternal.bundle

ProcessInfoPlistFile /Users/emanuelflury/Library/Developer/Xcode/DerivedData/TaxedGmbH_IOS-gerngfqzuwudosgobknlgtoawnlj/Build/Products/Debug-iphoneos/Firebase_FirebaseCoreExtension.bundle/Info.plist /Users/emanuelflury/Library/Developer/Xcode/DerivedData/TaxedGmbH_IOS-gerngfqzuwudosgobknlgtoawnlj/Build/Intermediates.noindex/Firebase.build/Debug-iphoneos/Firebase_FirebaseCoreExtension.build/empty-Firebase_FirebaseCoreExtension.plist (in target 'Firebase_FirebaseCoreExtension' from project 'Firebase')
    cd /Users/emanuelflury/Library/Developer/Xcode/DerivedData/TaxedGmbH_IOS-gerngfqzuwudosgobknlgtoawnlj/SourcePackages/checkouts/firebase-ios-sdk
    builtin-infoPlistUtility /Users/emanuelflury/Library/Developer/Xcode/DerivedData/TaxedGmbH_IOS-gerngfqzuwudosgobknlgtoawnlj/Build/Intermediates.noindex/Firebase.build/Debug-iphoneos/Firebase_FirebaseCoreExtension.build/empty-Firebase_FirebaseCoreExtension.plist -producttype com.apple.product-type.bundle -expandbuildsettings -format binary -platform iphoneos -requiredArchitecture arm64 -o /Users/emanuelflury/Library/Developer/Xcode/DerivedData/TaxedGmbH_IOS-gerngfqzuwudosgobknlgtoawnlj/Build/Products/Debug-iphoneos/Firebase_FirebaseCoreExtension.bundle/Info.plist

CpResource /Users/emanuelflury/Library/Developer/Xcode/DerivedData/TaxedGmbH_IOS-gerngfqzuwudosgobknlgtoawnlj/Build/Products/Debug-iphoneos/Firebase_FirebaseCoreExtension.bundle/PrivacyInfo.xcprivacy /Users/emanuelflury/Library/Developer/Xcode/DerivedData/TaxedGmbH_IOS-gerngfqzuwudosgobknlgtoawnlj/SourcePackages/checkouts/firebase-ios-sdk/FirebaseCore/Extension/Resources/PrivacyInfo.xcprivacy (in target 'Firebase_FirebaseCoreExtension' from project 'Firebase')
    cd /Users/emanuelflury/Library/Developer/Xcode/DerivedData/TaxedGmbH_IOS-gerngfqzuwudosgobknlgtoawnlj/SourcePackages/checkouts/firebase-ios-sdk
    builtin-copy -exclude .DS_Store -exclude CVS -exclude .svn -exclude .git -exclude .hg -resolve-src-symlinks /Users/emanuelflury/Library/Developer/Xcode/DerivedData/TaxedGmbH_IOS-gerngfqzuwudosgobknlgtoawnlj/SourcePackages/checkouts/firebase-ios-sdk/FirebaseCore/Extension/Resources/PrivacyInfo.xcprivacy /Users/emanuelflury/Library/Developer/Xcode/DerivedData/TaxedGmbH_IOS-gerngfqzuwudosgobknlgtoawnlj/Build/Products/Debug-iphoneos/Firebase_FirebaseCoreExtension.bundle

ProcessInfoPlistFile /Users/emanuelflury/Library/Developer/Xcode/DerivedData/TaxedGmbH_IOS-gerngfqzuwudosgobknlgtoawnlj/Build/Products/Debug-iphoneos/Firebase_FirebaseCore.bundle/Info.plist /Users/emanuelflury/Library/Developer/Xcode/DerivedData/TaxedGmbH_IOS-gerngfqzuwudosgobknlgtoawnlj/Build/Intermediates.noindex/Firebase.build/Debug-iphoneos/Firebase_FirebaseCore.build/empty-Firebase_FirebaseCore.plist (in target 'Firebase_FirebaseCore' from project 'Firebase')
    cd /Users/emanuelflury/Library/Developer/Xcode/DerivedData/TaxedGmbH_IOS-gerngfqzuwudosgobknlgtoawnlj/SourcePackages/checkouts/firebase-ios-sdk
    builtin-infoPlistUtility /Users/emanuelflury/Library/Developer/Xcode/DerivedData/TaxedGmbH_IOS-gerngfqzuwudosgobknlgtoawnlj/Build/Intermediates.noindex/Firebase.build/Debug-iphoneos/Firebase_FirebaseCore.build/empty-Firebase_FirebaseCore.plist -producttype com.apple.product-type.bundle -expandbuildsettings -format binary -platform iphoneos -requiredArchitecture arm64 -o /Users/emanuelflury/Library/Developer/Xcode/DerivedData/TaxedGmbH_IOS-gerngfqzuwudosgobknlgtoawnlj/Build/Products/Debug-iphoneos/Firebase_FirebaseCore.bundle/Info.plist

CpResource /Users/emanuelflury/Library/Developer/Xcode/DerivedData/TaxedGmbH_IOS-gerngfqzuwudosgobknlgtoawnlj/Build/Products/Debug-iphoneos/Firebase_FirebaseCore.bundle/PrivacyInfo.xcprivacy /Users/emanuelflury/Library/Developer/Xcode/DerivedData/TaxedGmbH_IOS-gerngfqzuwudosgobknlgtoawnlj/SourcePackages/checkouts/firebase-ios-sdk/FirebaseCore/Sources/Resources/PrivacyInfo.xcprivacy (in target 'Firebase_FirebaseCore' from project 'Firebase')
    cd /Users/emanuelflury/Library/Developer/Xcode/DerivedData/TaxedGmbH_IOS-gerngfqzuwudosgobknlgtoawnlj/SourcePackages/checkouts/firebase-ios-sdk
    builtin-copy -exclude .DS_Store -exclude CVS -exclude .svn -exclude .git -exclude .hg -resolve-src-symlinks /Users/emanuelflury/Library/Developer/Xcode/DerivedData/TaxedGmbH_IOS-gerngfqzuwudosgobknlgtoawnlj/SourcePackages/checkouts/firebase-ios-sdk/FirebaseCore/Sources/Resources/PrivacyInfo.xcprivacy /Users/emanuelflury/Library/Developer/Xcode/DerivedData/TaxedGmbH_IOS-gerngfqzuwudosgobknlgtoawnlj/Build/Products/Debug-iphoneos/Firebase_FirebaseCore.bundle

ProcessInfoPlistFile /Users/emanuelflury/Library/Developer/Xcode/DerivedData/TaxedGmbH_IOS-gerngfqzuwudosgobknlgtoawnlj/Build/Products/Debug-iphoneos/Firebase_FirebaseAuth.bundle/Info.plist /Users/emanuelflury/Library/Developer/Xcode/DerivedData/TaxedGmbH_IOS-gerngfqzuwudosgobknlgtoawnlj/Build/Intermediates.noindex/Firebase.build/Debug-iphoneos/Firebase_FirebaseAuth.build/empty-Firebase_FirebaseAuth.plist (in target 'Firebase_FirebaseAuth' from project 'Firebase')
    cd /Users/emanuelflury/Library/Developer/Xcode/DerivedData/TaxedGmbH_IOS-gerngfqzuwudosgobknlgtoawnlj/SourcePackages/checkouts/firebase-ios-sdk
    builtin-infoPlistUtility /Users/emanuelflury/Library/Developer/Xcode/DerivedData/TaxedGmbH_IOS-gerngfqzuwudosgobknlgtoawnlj/Build/Intermediates.noindex/Firebase.build/Debug-iphoneos/Firebase_FirebaseAuth.build/empty-Firebase_FirebaseAuth.plist -producttype com.apple.product-type.bundle -expandbuildsettings -format binary -platform iphoneos -requiredArchitecture arm64 -o /Users/emanuelflury/Library/Developer/Xcode/DerivedData/TaxedGmbH_IOS-gerngfqzuwudosgobknlgtoawnlj/Build/Products/Debug-iphoneos/Firebase_FirebaseAuth.bundle/Info.plist

CpResource /Users/emanuelflury/Library/Developer/Xcode/DerivedData/TaxedGmbH_IOS-gerngfqzuwudosgobknlgtoawnlj/Build/Products/Debug-iphoneos/Firebase_FirebaseAuth.bundle/PrivacyInfo.xcprivacy /Users/emanuelflury/Library/Developer/Xcode/DerivedData/TaxedGmbH_IOS-gerngfqzuwudosgobknlgtoawnlj/SourcePackages/checkouts/firebase-ios-sdk/FirebaseAuth/Sources/Resources/PrivacyInfo.xcprivacy (in target 'Firebase_FirebaseAuth' from project 'Firebase')
    cd /Users/emanuelflury/Library/Developer/Xcode/DerivedData/TaxedGmbH_IOS-gerngfqzuwudosgobknlgtoawnlj/SourcePackages/checkouts/firebase-ios-sdk
    builtin-copy -exclude .DS_Store -exclude CVS -exclude .svn -exclude .git -exclude .hg -resolve-src-symlinks /Users/emanuelflury/Library/Developer/Xcode/DerivedData/TaxedGmbH_IOS-gerngfqzuwudosgobknlgtoawnlj/SourcePackages/checkouts/firebase-ios-sdk/FirebaseAuth/Sources/Resources/PrivacyInfo.xcprivacy /Users/emanuelflury/Library/Developer/Xcode/DerivedData/TaxedGmbH_IOS-gerngfqzuwudosgobknlgtoawnlj/Build/Products/Debug-iphoneos/Firebase_FirebaseAuth.bundle

ScanDependencies /Users/emanuelflury/Library/Developer/Xcode/DerivedData/TaxedGmbH_IOS-gerngfqzuwudosgobknlgtoawnlj/Build/Intermediates.noindex/Promises.build/Debug-iphoneos/FBLPromises.build/Objects-normal/arm64/FBLPromiseError.o /Users/emanuelflury/Library/Developer/Xcode/DerivedData/TaxedGmbH_IOS-gerngfqzuwudosgobknlgtoawnlj/SourcePackages/checkouts/promises/Sources/FBLPromises/FBLPromiseError.m normal arm64 objective-c com.apple.compilers.llvm.clang.1_0.compiler (in target 'FBLPromises' from project 'Promises')
    cd /Users/emanuelflury/github/TaxedGmbH_IOS/TaxedGmbH_IOS.xcodeproj
    
    Using response file: /Users/emanuelflury/Library/Developer/Xcode/DerivedData/TaxedGmbH_IOS-gerngfqzuwudosgobknlgtoawnlj/Build/Intermediates.noindex/Promises.build/Debug-iphoneos/FBLPromises.build/Objects-normal/arm64/e6072d4f65d7061329687fe24e3d63a7-common-args.resp
    
    builtin-ScanDependencies -o /Users/emanuelflury/Library/Developer/Xcode/DerivedData/TaxedGmbH_IOS-gerngfqzuwudosgobknlgtoawnlj/Build/Intermediates.noindex/Promises.build/Debug-iphoneos/FBLPromises.build/Objects-normal/arm64/FBLPromiseError.o.scan -- /Applications/Xcode.app/Contents/Developer/Toolchains/XcodeDefault.xctoolchain/usr/bin/clang -x objective-c -ivfsstatcache /Users/emanuelflury/Library/Developer/Xcode/DerivedData/SDKStatCaches.noindex/iphoneos26.1-23B77-69b33fc7382b27d9b5d46e82a00f8e78.sdkstatcache -fmessage-length\=0 -fdiagnostics-show-note-include-stack -fmacro-backtrace-limit\=0 -fno-color-diagnostics -fmodules-prune-interval\=86400 -fmodules-prune-after\=345600 -fbuild-session-file\=/Users/emanuelflury/Library/Developer/Xcode/DerivedData/ModuleCache.noindex/Session.modulevalidation -fmodules-validate-once-per-build-session -Wnon-modular-include-in-framework-module -Werror\=non-modular-include-in-framework-module -Wno-trigraphs -Wno-missing-field-initializers -Wno-missing-prototypes -Wno-return-type -Wno-implicit-atomic-properties -Wno-objc-interface-ivars -Wno-arc-repeated-use-of-weak -Wno-missing-braces -Wparentheses -Wswitch -Wno-unused-function -Wno-unused-label -Wno-unused-parameter -Wno-unused-variable -Wunused-value -Wno-empty-body -Wno-uninitialized -Wno-unknown-pragmas -w -Wno-shadow -Wno-four-char-constants -Wno-conversion -Wno-constant-conversion -Wno-int-conversion -Wno-bool-conversion -Wno-enum-conversion -Wno-float-conversion -Wno-non-literal-null-conversion -Wno-objc-literal-conversion -Wshorten-64-to-32 -Wpointer-sign -Wno-newline-eof -Wno-selector -Wno-strict-selector-match -Wno-undeclared-selector -Wno-deprecated-implementations -Wno-implicit-fallthrough -fstrict-aliasing -Wprotocol -Wdeprecated-declarations -Wno-sign-conversion -Wno-infinite-recursion -Wno-comma -Wno-block-capture-autoreleasing -Wno-strict-prototypes -Wno-semicolon-before-method-body -index-store-path /Users/emanuelflury/Library/Developer/Xcode/DerivedData/TaxedGmbH_IOS-gerngfqzuwudosgobknlgtoawnlj/Index.noindex/DataStore @/Users/emanuelflury/Library/Developer/Xcode/DerivedData/TaxedGmbH_IOS-gerngfqzuwudosgobknlgtoawnlj/Build/Intermediates.noindex/Promises.build/Debug-iphoneos/FBLPromises.build/Objects-normal/arm64/e6072d4f65d7061329687fe24e3d63a7-common-args.resp -include /Users/emanuelflury/Library/Developer/Xcode/DerivedData/TaxedGmbH_IOS-gerngfqzuwudosgobknlgtoawnlj/Build/Intermediates.noindex/Promises.build/Debug-iphoneos/FBLPromises.build/DerivedSources/resource_bundle_accessor.h -MMD -MT dependencies -MF /Users/emanuelflury/Library/Developer/Xcode/DerivedData/TaxedGmbH_IOS-gerngfqzuwudosgobknlgtoawnlj/Build/Intermediates.noindex/Promises.build/Debug-iphoneos/FBLPromises.build/Objects-normal/arm64/FBLPromiseError.d --serialize-diagnostics /Users/emanuelflury/Library/Developer/Xcode/DerivedData/TaxedGmbH_IOS-gerngfqzuwudosgobknlgtoawnlj/Build/Intermediates.noindex/Promises.build/Debug-iphoneos/FBLPromises.build/Objects-normal/arm64/FBLPromiseError.dia -c /Users/emanuelflury/Library/Developer/Xcode/DerivedData/TaxedGmbH_IOS-gerngfqzuwudosgobknlgtoawnlj/SourcePackages/checkouts/promises/Sources/FBLPromises/FBLPromiseError.m -o /Users/emanuelflury/Library/Developer/Xcode/DerivedData/TaxedGmbH_IOS-gerngfqzuwudosgobknlgtoawnlj/Build/Intermediates.noindex/Promises.build/Debug-iphoneos/FBLPromises.build/Objects-normal/arm64/FBLPromiseError.o -index-unit-output-path /Promises.build/Debug-iphoneos/FBLPromises.build/Objects-normal/arm64/FBLPromiseError.o

ScanDependencies /Users/emanuelflury/Library/Developer/Xcode/DerivedData/TaxedGmbH_IOS-gerngfqzuwudosgobknlgtoawnlj/Build/Intermediates.noindex/Promises.build/Debug-iphoneos/FBLPromises.build/Objects-normal/arm64/FBLPromise.o /Users/emanuelflury/Library/Developer/Xcode/DerivedData/TaxedGmbH_IOS-gerngfqzuwudosgobknlgtoawnlj/SourcePackages/checkouts/promises/Sources/FBLPromises/FBLPromise.m normal arm64 objective-c com.apple.compilers.llvm.clang.1_0.compiler (in target 'FBLPromises' from project 'Promises')
    cd /Users/emanuelflury/github/TaxedGmbH_IOS/TaxedGmbH_IOS.xcodeproj
    
    Using response file: /Users/emanuelflury/Library/Developer/Xcode/DerivedData/TaxedGmbH_IOS-gerngfqzuwudosgobknlgtoawnlj/Build/Intermediates.noindex/Promises.build/Debug-iphoneos/FBLPromises.build/Objects-normal/arm64/e6072d4f65d7061329687fe24e3d63a7-common-args.resp
    
    builtin-ScanDependencies -o /Users/emanuelflury/Library/Developer/Xcode/DerivedData/TaxedGmbH_IOS-gerngfqzuwudosgobknlgtoawnlj/Build/Intermediates.noindex/Promises.build/Debug-iphoneos/FBLPromises.build/Objects-normal/arm64/FBLPromise.o.scan -- /Applications/Xcode.app/Contents/Developer/Toolchains/XcodeDefault.xctoolchain/usr/bin/clang -x objective-c -ivfsstatcache /Users/emanuelflury/Library/Developer/Xcode/DerivedData/SDKStatCaches.noindex/iphoneos26.1-23B77-69b33fc7382b27d9b5d46e82a00f8e78.sdkstatcache -fmessage-length\=0 -fdiagnostics-show-note-include-stack -fmacro-backtrace-limit\=0 -fno-color-diagnostics -fmodules-prune-interval\=86400 -fmodules-prune-after\=345600 -fbuild-session-file\=/Users/emanuelflury/Library/Developer/Xcode/DerivedData/ModuleCache.noindex/Session.modulevalidation -fmodules-validate-once-per-build-session -Wnon-modular-include-in-framework-module -Werror\=non-modular-include-in-framework-module -Wno-trigraphs -Wno-missing-field-initializers -Wno-missing-prototypes -Wno-return-type -Wno-implicit-atomic-properties -Wno-objc-interface-ivars -Wno-arc-repeated-use-of-weak -Wno-missing-braces -Wparentheses -Wswitch -Wno-unused-function -Wno-unused-label -Wno-unused-parameter -Wno-unused-variable -Wunused-value -Wno-empty-body -Wno-uninitialized -Wno-unknown-pragmas -w -Wno-shadow -Wno-four-char-constants -Wno-conversion -Wno-constant-conversion -Wno-int-conversion -Wno-bool-conversion -Wno-enum-conversion -Wno-float-conversion -Wno-non-literal-null-conversion -Wno-objc-literal-conversion -Wshorten-64-to-32 -Wpointer-sign -Wno-newline-eof -Wno-selector -Wno-strict-selector-match -Wno-undeclared-selector -Wno-deprecated-implementations -Wno-implicit-fallthrough -fstrict-aliasing -Wprotocol -Wdeprecated-declarations -Wno-sign-conversion -Wno-infinite-recursion -Wno-comma -Wno-block-capture-autoreleasing -Wno-strict-prototypes -Wno-semicolon-before-method-body -index-store-path /Users/emanuelflury/Library/Developer/Xcode/DerivedData/TaxedGmbH_IOS-gerngfqzuwudosgobknlgtoawnlj/Index.noindex/DataStore @/Users/emanuelflury/Library/Developer/Xcode/DerivedData/TaxedGmbH_IOS-gerngfqzuwudosgobknlgtoawnlj/Build/Intermediates.noindex/Promises.build/Debug-iphoneos/FBLPromises.build/Objects-normal/arm64/e6072d4f65d7061329687fe24e3d63a7-common-args.resp -include /Users/emanuelflury/Library/Developer/Xcode/DerivedData/TaxedGmbH_IOS-gerngfqzuwudosgobknlgtoawnlj/Build/Intermediates.noindex/Promises.build/Debug-iphoneos/FBLPromises.build/DerivedSources/resource_bundle_accessor.h -MMD -MT dependencies -MF /Users/emanuelflury/Library/Developer/Xcode/DerivedData/TaxedGmbH_IOS-gerngfqzuwudosgobknlgtoawnlj/Build/Intermediates.noindex/Promises.build/Debug-iphoneos/FBLPromises.build/Objects-normal/arm64/FBLPromise.d --serialize-diagnostics /Users/emanuelflury/Library/Developer/Xcode/DerivedData/TaxedGmbH_IOS-gerngfqzuwudosgobknlgtoawnlj/Build/Intermediates.noindex/Promises.build/Debug-iphoneos/FBLPromises.build/Objects-normal/arm64/FBLPromise.dia -c /Users/emanuelflury/Library/Developer/Xcode/DerivedData/TaxedGmbH_IOS-gerngfqzuwudosgobknlgtoawnlj/SourcePackages/checkouts/promises/Sources/FBLPromises/FBLPromise.m -o /Users/emanuelflury/Library/Developer/Xcode/DerivedData/TaxedGmbH_IOS-gerngfqzuwudosgobknlgtoawnlj/Build/Intermediates.noindex/Promises.build/Debug-iphoneos/FBLPromises.build/Objects-normal/arm64/FBLPromise.o -index-unit-output-path /Promises.build/Debug-iphoneos/FBLPromises.build/Objects-normal/arm64/FBLPromise.o

ScanDependencies /Users/emanuelflury/Library/Developer/Xcode/DerivedData/TaxedGmbH_IOS-gerngfqzuwudosgobknlgtoawnlj/Build/Intermediates.noindex/Firebase.build/Debug-iphoneos/FirebaseCoreExtension.build/Objects-normal/arm64/resource_bundle_accessor.o /Users/emanuelflury/Library/Developer/Xcode/DerivedData/TaxedGmbH_IOS-gerngfqzuwudosgobknlgtoawnlj/Build/Intermediates.noindex/Firebase.build/Debug-iphoneos/FirebaseCoreExtension.build/DerivedSources/resource_bundle_accessor.m normal arm64 objective-c com.apple.compilers.llvm.clang.1_0.compiler (in target 'FirebaseCoreExtension' from project 'Firebase')
    cd /Users/emanuelflury/github/TaxedGmbH_IOS/TaxedGmbH_IOS.xcodeproj
    
    Using response file: /Users/emanuelflury/Library/Developer/Xcode/DerivedData/TaxedGmbH_IOS-gerngfqzuwudosgobknlgtoawnlj/Build/Intermediates.noindex/Firebase.build/Debug-iphoneos/FirebaseCoreExtension.build/Objects-normal/arm64/e6072d4f65d7061329687fe24e3d63a7-common-args.resp
    
    builtin-ScanDependencies -o /Users/emanuelflury/Library/Developer/Xcode/DerivedData/TaxedGmbH_IOS-gerngfqzuwudosgobknlgtoawnlj/Build/Intermediates.noindex/Firebase.build/Debug-iphoneos/FirebaseCoreExtension.build/Objects-normal/arm64/resource_bundle_accessor.o.scan -- /Applications/Xcode.app/Contents/Developer/Toolchains/XcodeDefault.xctoolchain/usr/bin/clang -x objective-c -ivfsstatcache /Users/emanuelflury/Library/Developer/Xcode/DerivedData/SDKStatCaches.noindex/iphoneos26.1-23B77-69b33fc7382b27d9b5d46e82a00f8e78.sdkstatcache -fmessage-length\=0 -fdiagnostics-show-note-include-stack -fmacro-backtrace-limit\=0 -fno-color-diagnostics -fmodules-prune-interval\=86400 -fmodules-prune-after\=345600 -fbuild-session-file\=/Users/emanuelflury/Library/Developer/Xcode/DerivedData/ModuleCache.noindex/Session.modulevalidation -fmodules-validate-once-per-build-session -Wnon-modular-include-in-framework-module -Werror\=non-modular-include-in-framework-module -Wno-trigraphs -Wno-missing-field-initializers -Wno-missing-prototypes -Wno-return-type -Wno-implicit-atomic-properties -Wno-objc-interface-ivars -Wno-arc-repeated-use-of-weak -Wno-missing-braces -Wparentheses -Wswitch -Wno-unused-function -Wno-unused-label -Wno-unused-parameter -Wno-unused-variable -Wunused-value -Wno-empty-body -Wno-uninitialized -Wno-unknown-pragmas -w -Wno-shadow -Wno-four-char-constants -Wno-conversion -Wno-constant-conversion -Wno-int-conversion -Wno-bool-conversion -Wno-enum-conversion -Wno-float-conversion -Wno-non-literal-null-conversion -Wno-objc-literal-conversion -Wshorten-64-to-32 -Wpointer-sign -Wno-newline-eof -Wno-selector -Wno-strict-selector-match -Wno-undeclared-selector -Wno-deprecated-implementations -Wno-implicit-fallthrough -fstrict-aliasing -Wprotocol -Wdeprecated-declarations -Wno-sign-conversion -Wno-infinite-recursion -Wno-comma -Wno-block-capture-autoreleasing -Wno-strict-prototypes -Wno-semicolon-before-method-body -index-store-path /Users/emanuelflury/Library/Developer/Xcode/DerivedData/TaxedGmbH_IOS-gerngfqzuwudosgobknlgtoawnlj/Index.noindex/DataStore @/Users/emanuelflury/Library/Developer/Xcode/DerivedData/TaxedGmbH_IOS-gerngfqzuwudosgobknlgtoawnlj/Build/Intermediates.noindex/Firebase.build/Debug-iphoneos/FirebaseCoreExtension.build/Objects-normal/arm64/e6072d4f65d7061329687fe24e3d63a7-common-args.resp -include /Users/emanuelflury/Library/Developer/Xcode/DerivedData/TaxedGmbH_IOS-gerngfqzuwudosgobknlgtoawnlj/Build/Intermediates.noindex/Firebase.build/Debug-iphoneos/FirebaseCoreExtension.build/DerivedSources/resource_bundle_accessor.h -MMD -MT dependencies -MF /Users/emanuelflury/Library/Developer/Xcode/DerivedData/TaxedGmbH_IOS-gerngfqzuwudosgobknlgtoawnlj/Build/Intermediates.noindex/Firebase.build/Debug-iphoneos/FirebaseCoreExtension.build/Objects-normal/arm64/resource_bundle_accessor.d --serialize-diagnostics /Users/emanuelflury/Library/Developer/Xcode/DerivedData/TaxedGmbH_IOS-gerngfqzuwudosgobknlgtoawnlj/Build/Intermediates.noindex/Firebase.build/Debug-iphoneos/FirebaseCoreExtension.build/Objects-normal/arm64/resource_bundle_accessor.dia -c /Users/emanuelflury/Library/Developer/Xcode/DerivedData/TaxedGmbH_IOS-gerngfqzuwudosgobknlgtoawnlj/Build/Intermediates.noindex/Firebase.build/Debug-iphoneos/FirebaseCoreExtension.build/DerivedSources/resource_bundle_accessor.m -o /Users/emanuelflury/Library/Developer/Xcode/DerivedData/TaxedGmbH_IOS-gerngfqzuwudosgobknlgtoawnlj/Build/Intermediates.noindex/Firebase.build/Debug-iphoneos/FirebaseCoreExtension.build/Objects-normal/arm64/resource_bundle_accessor.o -index-unit-output-path /Firebase.build/Debug-iphoneos/FirebaseCoreExtension.build/Objects-normal/arm64/resource_bundle_accessor.o

ScanDependencies /Users/emanuelflury/Library/Developer/Xcode/DerivedData/TaxedGmbH_IOS-gerngfqzuwudosgobknlgtoawnlj/Build/Intermediates.noindex/Firebase.build/Debug-iphoneos/FirebaseCoreExtension.build/Objects-normal/arm64/dummy.o /Users/emanuelflury/Library/Developer/Xcode/DerivedData/TaxedGmbH_IOS-gerngfqzuwudosgobknlgtoawnlj/SourcePackages/checkouts/firebase-ios-sdk/FirebaseCore/Extension/dummy.m normal arm64 objective-c com.apple.compilers.llvm.clang.1_0.compiler (in target 'FirebaseCoreExtension' from project 'Firebase')
    cd /Users/emanuelflury/github/TaxedGmbH_IOS/TaxedGmbH_IOS.xcodeproj
    
    Using response file: /Users/emanuelflury/Library/Developer/Xcode/DerivedData/TaxedGmbH_IOS-gerngfqzuwudosgobknlgtoawnlj/Build/Intermediates.noindex/Firebase.build/Debug-iphoneos/FirebaseCoreExtension.build/Objects-normal/arm64/e6072d4f65d7061329687fe24e3d63a7-common-args.resp
    
    builtin-ScanDependencies -o /Users/emanuelflury/Library/Developer/Xcode/DerivedData/TaxedGmbH_IOS-gerngfqzuwudosgobknlgtoawnlj/Build/Intermediates.noindex/Firebase.build/Debug-iphoneos/FirebaseCoreExtension.build/Objects-normal/arm64/dummy.o.scan -- /Applications/Xcode.app/Contents/Developer/Toolchains/XcodeDefault.xctoolchain/usr/bin/clang -x objective-c -ivfsstatcache /Users/emanuelflury/Library/Developer/Xcode/DerivedData/SDKStatCaches.noindex/iphoneos26.1-23B77-69b33fc7382b27d9b5d46e82a00f8e78.sdkstatcache -fmessage-length\=0 -fdiagnostics-show-note-include-stack -fmacro-backtrace-limit\=0 -fno-color-diagnostics -fmodules-prune-interval\=86400 -fmodules-prune-after\=345600 -fbuild-session-file\=/Users/emanuelflury/Library/Developer/Xcode/DerivedData/ModuleCache.noindex/Session.modulevalidation -fmodules-validate-once-per-build-session -Wnon-modular-include-in-framework-module -Werror\=non-modular-include-in-framework-module -Wno-trigraphs -Wno-missing-field-initializers -Wno-missing-prototypes -Wno-return-type -Wno-implicit-atomic-properties -Wno-objc-interface-ivars -Wno-arc-repeated-use-of-weak -Wno-missing-braces -Wparentheses -Wswitch -Wno-unused-function -Wno-unused-label -Wno-unused-parameter -Wno-unused-variable -Wunused-value -Wno-empty-body -Wno-uninitialized -Wno-unknown-pragmas -w -Wno-shadow -Wno-four-char-constants -Wno-conversion -Wno-constant-conversion -Wno-int-conversion -Wno-bool-conversion -Wno-enum-conversion -Wno-float-conversion -Wno-non-literal-null-conversion -Wno-objc-literal-conversion -Wshorten-64-to-32 -Wpointer-sign -Wno-newline-eof -Wno-selector -Wno-strict-selector-match -Wno-undeclared-selector -Wno-deprecated-implementations -Wno-implicit-fallthrough -fstrict-aliasing -Wprotocol -Wdeprecated-declarations -Wno-sign-conversion -Wno-infinite-recursion -Wno-comma -Wno-block-capture-autoreleasing -Wno-strict-prototypes -Wno-semicolon-before-method-body -index-store-path /Users/emanuelflury/Library/Developer/Xcode/DerivedData/TaxedGmbH_IOS-gerngfqzuwudosgobknlgtoawnlj/Index.noindex/DataStore @/Users/emanuelflury/Library/Developer/Xcode/DerivedData/TaxedGmbH_IOS-gerngfqzuwudosgobknlgtoawnlj/Build/Intermediates.noindex/Firebase.build/Debug-iphoneos/FirebaseCoreExtension.build/Objects-normal/arm64/e6072d4f65d7061329687fe24e3d63a7-common-args.resp -include /Users/emanuelflury/Library/Developer/Xcode/DerivedData/TaxedGmbH_IOS-gerngfqzuwudosgobknlgtoawnlj/Build/Intermediates.noindex/Firebase.build/Debug-iphoneos/FirebaseCoreExtension.build/DerivedSources/resource_bundle_accessor.h -MMD -MT dependencies -MF /Users/emanuelflury/Library/Developer/Xcode/DerivedData/TaxedGmbH_IOS-gerngfqzuwudosgobknlgtoawnlj/Build/Intermediates.noindex/Firebase.build/Debug-iphoneos/FirebaseCoreExtension.build/Objects-normal/arm64/dummy.d --serialize-diagnostics /Users/emanuelflury/Library/Developer/Xcode/DerivedData/TaxedGmbH_IOS-gerngfqzuwudosgobknlgtoawnlj/Build/Intermediates.noindex/Firebase.build/Debug-iphoneos/FirebaseCoreExtension.build/Objects-normal/arm64/dummy.dia -c /Users/emanuelflury/Library/Developer/Xcode/DerivedData/TaxedGmbH_IOS-gerngfqzuwudosgobknlgtoawnlj/SourcePackages/checkouts/firebase-ios-sdk/FirebaseCore/Extension/dummy.m -o /Users/emanuelflury/Library/Developer/Xcode/DerivedData/TaxedGmbH_IOS-gerngfqzuwudosgobknlgtoawnlj/Build/Intermediates.noindex/Firebase.build/Debug-iphoneos/FirebaseCoreExtension.build/Objects-normal/arm64/dummy.o -index-unit-output-path /Firebase.build/Debug-iphoneos/FirebaseCoreExtension.build/Objects-normal/arm64/dummy.o

ScanDependencies /Users/emanuelflury/Library/Developer/Xcode/DerivedData/TaxedGmbH_IOS-gerngfqzuwudosgobknlgtoawnlj/Build/Intermediates.noindex/Promises.build/Debug-iphoneos/FBLPromises.build/Objects-normal/arm64/resource_bundle_accessor.o /Users/emanuelflury/Library/Developer/Xcode/DerivedData/TaxedGmbH_IOS-gerngfqzuwudosgobknlgtoawnlj/Build/Intermediates.noindex/Promises.build/Debug-iphoneos/FBLPromises.build/DerivedSources/resource_bundle_accessor.m normal arm64 objective-c com.apple.compilers.llvm.clang.1_0.compiler (in target 'FBLPromises' from project 'Promises')
    cd /Users/emanuelflury/github/TaxedGmbH_IOS/TaxedGmbH_IOS.xcodeproj
    
    Using response file: /Users/emanuelflury/Library/Developer/Xcode/DerivedData/TaxedGmbH_IOS-gerngfqzuwudosgobknlgtoawnlj/Build/Intermediates.noindex/Promises.build/Debug-iphoneos/FBLPromises.build/Objects-normal/arm64/e6072d4f65d7061329687fe24e3d63a7-common-args.resp
    
    builtin-ScanDependencies -o /Users/emanuelflury/Library/Developer/Xcode/DerivedData/TaxedGmbH_IOS-gerngfqzuwudosgobknlgtoawnlj/Build/Intermediates.noindex/Promises.build/Debug-iphoneos/FBLPromises.build/Objects-normal/arm64/resource_bundle_accessor.o.scan -- /Applications/Xcode.app/Contents/Developer/Toolchains/XcodeDefault.xctoolchain/usr/bin/clang -x objective-c -ivfsstatcache /Users/emanuelflury/Library/Developer/Xcode/DerivedData/SDKStatCaches.noindex/iphoneos26.1-23B77-69b33fc7382b27d9b5d46e82a00f8e78.sdkstatcache -fmessage-length\=0 -fdiagnostics-show-note-include-stack -fmacro-backtrace-limit\=0 -fno-color-diagnostics -fmodules-prune-interval\=86400 -fmodules-prune-after\=345600 -fbuild-session-file\=/Users/emanuelflury/Library/Developer/Xcode/DerivedData/ModuleCache.noindex/Session.modulevalidation -fmodules-validate-once-per-build-session -Wnon-modular-include-in-framework-module -Werror\=non-modular-include-in-framework-module -Wno-trigraphs -Wno-missing-field-initializers -Wno-missing-prototypes -Wno-return-type -Wno-implicit-atomic-properties -Wno-objc-interface-ivars -Wno-arc-repeated-use-of-weak -Wno-missing-braces -Wparentheses -Wswitch -Wno-unused-function -Wno-unused-label -Wno-unused-parameter -Wno-unused-variable -Wunused-value -Wno-empty-body -Wno-uninitialized -Wno-unknown-pragmas -w -Wno-shadow -Wno-four-char-constants -Wno-conversion -Wno-constant-conversion -Wno-int-conversion -Wno-bool-conversion -Wno-enum-conversion -Wno-float-conversion -Wno-non-literal-null-conversion -Wno-objc-literal-conversion -Wshorten-64-to-32 -Wpointer-sign -Wno-newline-eof -Wno-selector -Wno-strict-selector-match -Wno-undeclared-selector -Wno-deprecated-implementations -Wno-implicit-fallthrough -fstrict-aliasing -Wprotocol -Wdeprecated-declarations -Wno-sign-conversion -Wno-infinite-recursion -Wno-comma -Wno-block-capture-autoreleasing -Wno-strict-prototypes -Wno-semicolon-before-method-body -index-store-path /Users/emanuelflury/Library/Developer/Xcode/DerivedData/TaxedGmbH_IOS-gerngfqzuwudosgobknlgtoawnlj/Index.noindex/DataStore @/Users/emanuelflury/Library/Developer/Xcode/DerivedData/TaxedGmbH_IOS-gerngfqzuwudosgobknlgtoawnlj/Build/Intermediates.noindex/Promises.build/Debug-iphoneos/FBLPromises.build/Objects-normal/arm64/e6072d4f65d7061329687fe24e3d63a7-common-args.resp -include /Users/emanuelflury/Library/Developer/Xcode/DerivedData/TaxedGmbH_IOS-gerngfqzuwudosgobknlgtoawnlj/Build/Intermediates.noindex/Promises.build/Debug-iphoneos/FBLPromises.build/DerivedSources/resource_bundle_accessor.h -MMD -MT dependencies -MF /Users/emanuelflury/Library/Developer/Xcode/DerivedData/TaxedGmbH_IOS-gerngfqzuwudosgobknlgtoawnlj/Build/Intermediates.noindex/Promises.build/Debug-iphoneos/FBLPromises.build/Objects-normal/arm64/resource_bundle_accessor.d --serialize-diagnostics /Users/emanuelflury/Library/Developer/Xcode/DerivedData/TaxedGmbH_IOS-gerngfqzuwudosgobknlgtoawnlj/Build/Intermediates.noindex/Promises.build/Debug-iphoneos/FBLPromises.build/Objects-normal/arm64/resource_bundle_accessor.dia -c /Users/emanuelflury/Library/Developer/Xcode/DerivedData/TaxedGmbH_IOS-gerngfqzuwudosgobknlgtoawnlj/Build/Intermediates.noindex/Promises.build/Debug-iphoneos/FBLPromises.build/DerivedSources/resource_bundle_accessor.m -o /Users/emanuelflury/Library/Developer/Xcode/DerivedData/TaxedGmbH_IOS-gerngfqzuwudosgobknlgtoawnlj/Build/Intermediates.noindex/Promises.build/Debug-iphoneos/FBLPromises.build/Objects-normal/arm64/resource_bundle_accessor.o -index-unit-output-path /Promises.build/Debug-iphoneos/FBLPromises.build/Objects-normal/arm64/resource_bundle_accessor.o

ScanDependencies /Users/emanuelflury/Library/Developer/Xcode/DerivedData/TaxedGmbH_IOS-gerngfqzuwudosgobknlgtoawnlj/Build/Intermediates.noindex/Promises.build/Debug-iphoneos/FBLPromises.build/Objects-normal/arm64/FBLPromise+Wrap.o /Users/emanuelflury/Library/Developer/Xcode/DerivedData/TaxedGmbH_IOS-gerngfqzuwudosgobknlgtoawnlj/SourcePackages/checkouts/promises/Sources/FBLPromises/FBLPromise+Wrap.m normal arm64 objective-c com.apple.compilers.llvm.clang.1_0.compiler (in target 'FBLPromises' from project 'Promises')
    cd /Users/emanuelflury/github/TaxedGmbH_IOS/TaxedGmbH_IOS.xcodeproj
    
    Using response file: /Users/emanuelflury/Library/Developer/Xcode/DerivedData/TaxedGmbH_IOS-gerngfqzuwudosgobknlgtoawnlj/Build/Intermediates.noindex/Promises.build/Debug-iphoneos/FBLPromises.build/Objects-normal/arm64/e6072d4f65d7061329687fe24e3d63a7-common-args.resp
    
    builtin-ScanDependencies -o /Users/emanuelflury/Library/Developer/Xcode/DerivedData/TaxedGmbH_IOS-gerngfqzuwudosgobknlgtoawnlj/Build/Intermediates.noindex/Promises.build/Debug-iphoneos/FBLPromises.build/Objects-normal/arm64/FBLPromise+Wrap.o.scan -- /Applications/Xcode.app/Contents/Developer/Toolchains/XcodeDefault.xctoolchain/usr/bin/clang -x objective-c -ivfsstatcache /Users/emanuelflury/Library/Developer/Xcode/DerivedData/SDKStatCaches.noindex/iphoneos26.1-23B77-69b33fc7382b27d9b5d46e82a00f8e78.sdkstatcache -fmessage-length\=0 -fdiagnostics-show-note-include-stack -fmacro-backtrace-limit\=0 -fno-color-diagnostics -fmodules-prune-interval\=86400 -fmodules-prune-after\=345600 -fbuild-session-file\=/Users/emanuelflury/Library/Developer/Xcode/DerivedData/ModuleCache.noindex/Session.modulevalidation -fmodules-validate-once-per-build-session -Wnon-modular-include-in-framework-module -Werror\=non-modular-include-in-framework-module -Wno-trigraphs -Wno-missing-field-initializers -Wno-missing-prototypes -Wno-return-type -Wno-implicit-atomic-properties -Wno-objc-interface-ivars -Wno-arc-repeated-use-of-weak -Wno-missing-braces -Wparentheses -Wswitch -Wno-unused-function -Wno-unused-label -Wno-unused-parameter -Wno-unused-variable -Wunused-value -Wno-empty-body -Wno-uninitialized -Wno-unknown-pragmas -w -Wno-shadow -Wno-four-char-constants -Wno-conversion -Wno-constant-conversion -Wno-int-conversion -Wno-bool-conversion -Wno-enum-conversion -Wno-float-conversion -Wno-non-literal-null-conversion -Wno-objc-literal-conversion -Wshorten-64-to-32 -Wpointer-sign -Wno-newline-eof -Wno-selector -Wno-strict-selector-match -Wno-undeclared-selector -Wno-deprecated-implementations -Wno-implicit-fallthrough -fstrict-aliasing -Wprotocol -Wdeprecated-declarations -Wno-sign-conversion -Wno-infinite-recursion -Wno-comma -Wno-block-capture-autoreleasing -Wno-strict-prototypes -Wno-semicolon-before-method-body -index-store-path /Users/emanuelflury/Library/Developer/Xcode/DerivedData/TaxedGmbH_IOS-gerngfqzuwudosgobknlgtoawnlj/Index.noindex/DataStore @/Users/emanuelflury/Library/Developer/Xcode/DerivedData/TaxedGmbH_IOS-gerngfqzuwudosgobknlgtoawnlj/Build/Intermediates.noindex/Promises.build/Debug-iphoneos/FBLPromises.build/Objects-normal/arm64/e6072d4f65d7061329687fe24e3d63a7-common-args.resp -include /Users/emanuelflury/Library/Developer/Xcode/DerivedData/TaxedGmbH_IOS-gerngfqzuwudosgobknlgtoawnlj/Build/Intermediates.noindex/Promises.build/Debug-iphoneos/FBLPromises.build/DerivedSources/resource_bundle_accessor.h -MMD -MT dependencies -MF /Users/emanuelflury/Library/Developer/Xcode/DerivedData/TaxedGmbH_IOS-gerngfqzuwudosgobknlgtoawnlj/Build/Intermediates.noindex/Promises.build/Debug-iphoneos/FBLPromises.build/Objects-normal/arm64/FBLPromise+Wrap.d --serialize-diagnostics /Users/emanuelflury/Library/Developer/Xcode/DerivedData/TaxedGmbH_IOS-gerngfqzuwudosgobknlgtoawnlj/Build/Intermediates.noindex/Promises.build/Debug-iphoneos/FBLPromises.build/Objects-normal/arm64/FBLPromise+Wrap.dia -c /Users/emanuelflury/Library/Developer/Xcode/DerivedData/TaxedGmbH_IOS-gerngfqzuwudosgobknlgtoawnlj/SourcePackages/checkouts/promises/Sources/FBLPromises/FBLPromise+Wrap.m -o /Users/emanuelflury/Library/Developer/Xcode/DerivedData/TaxedGmbH_IOS-gerngfqzuwudosgobknlgtoawnlj/Build/Intermediates.noindex/Promises.build/Debug-iphoneos/FBLPromises.build/Objects-normal/arm64/FBLPromise+Wrap.o -index-unit-output-path /Promises.build/Debug-iphoneos/FBLPromises.build/Objects-normal/arm64/FBLPromise+Wrap.o

ScanDependencies /Users/emanuelflury/Library/Developer/Xcode/DerivedData/TaxedGmbH_IOS-gerngfqzuwudosgobknlgtoawnlj/Build/Intermediates.noindex/Promises.build/Debug-iphoneos/FBLPromises.build/Objects-normal/arm64/FBLPromise+Validate.o /Users/emanuelflury/Library/Developer/Xcode/DerivedData/TaxedGmbH_IOS-gerngfqzuwudosgobknlgtoawnlj/SourcePackages/checkouts/promises/Sources/FBLPromises/FBLPromise+Validate.m normal arm64 objective-c com.apple.compilers.llvm.clang.1_0.compiler (in target 'FBLPromises' from project 'Promises')
    cd /Users/emanuelflury/github/TaxedGmbH_IOS/TaxedGmbH_IOS.xcodeproj
    
    Using response file: /Users/emanuelflury/Library/Developer/Xcode/DerivedData/TaxedGmbH_IOS-gerngfqzuwudosgobknlgtoawnlj/Build/Intermediates.noindex/Promises.build/Debug-iphoneos/FBLPromises.build/Objects-normal/arm64/e6072d4f65d7061329687fe24e3d63a7-common-args.resp
    
    builtin-ScanDependencies -o /Users/emanuelflury/Library/Developer/Xcode/DerivedData/TaxedGmbH_IOS-gerngfqzuwudosgobknlgtoawnlj/Build/Intermediates.noindex/Promises.build/Debug-iphoneos/FBLPromises.build/Objects-normal/arm64/FBLPromise+Validate.o.scan -- /Applications/Xcode.app/Contents/Developer/Toolchains/XcodeDefault.xctoolchain/usr/bin/clang -x objective-c -ivfsstatcache /Users/emanuelflury/Library/Developer/Xcode/DerivedData/SDKStatCaches.noindex/iphoneos26.1-23B77-69b33fc7382b27d9b5d46e82a00f8e78.sdkstatcache -fmessage-length\=0 -fdiagnostics-show-note-include-stack -fmacro-backtrace-limit\=0 -fno-color-diagnostics -fmodules-prune-interval\=86400 -fmodules-prune-after\=345600 -fbuild-session-file\=/Users/emanuelflury/Library/Developer/Xcode/DerivedData/ModuleCache.noindex/Session.modulevalidation -fmodules-validate-once-per-build-session -Wnon-modular-include-in-framework-module -Werror\=non-modular-include-in-framework-module -Wno-trigraphs -Wno-missing-field-initializers -Wno-missing-prototypes -Wno-return-type -Wno-implicit-atomic-properties -Wno-objc-interface-ivars -Wno-arc-repeated-use-of-weak -Wno-missing-braces -Wparentheses -Wswitch -Wno-unused-function -Wno-unused-label -Wno-unused-parameter -Wno-unused-variable -Wunused-value -Wno-empty-body -Wno-uninitialized -Wno-unknown-pragmas -w -Wno-shadow -Wno-four-char-constants -Wno-conversion -Wno-constant-conversion -Wno-int-conversion -Wno-bool-conversion -Wno-enum-conversion -Wno-float-conversion -Wno-non-literal-null-conversion -Wno-objc-literal-conversion -Wshorten-64-to-32 -Wpointer-sign -Wno-newline-eof -Wno-selector -Wno-strict-selector-match -Wno-undeclared-selector -Wno-deprecated-implementations -Wno-implicit-fallthrough -fstrict-aliasing -Wprotocol -Wdeprecated-declarations -Wno-sign-conversion -Wno-infinite-recursion -Wno-comma -Wno-block-capture-autoreleasing -Wno-strict-prototypes -Wno-semicolon-before-method-body -index-store-path /Users/emanuelflury/Library/Developer/Xcode/DerivedData/TaxedGmbH_IOS-gerngfqzuwudosgobknlgtoawnlj/Index.noindex/DataStore @/Users/emanuelflury/Library/Developer/Xcode/DerivedData/TaxedGmbH_IOS-gerngfqzuwudosgobknlgtoawnlj/Build/Intermediates.noindex/Promises.build/Debug-iphoneos/FBLPromises.build/Objects-normal/arm64/e6072d4f65d7061329687fe24e3d63a7-common-args.resp -include /Users/emanuelflury/Library/Developer/Xcode/DerivedData/TaxedGmbH_IOS-gerngfqzuwudosgobknlgtoawnlj/Build/Intermediates.noindex/Promises.build/Debug-iphoneos/FBLPromises.build/DerivedSources/resource_bundle_accessor.h -MMD -MT dependencies -MF /Users/emanuelflury/Library/Developer/Xcode/DerivedData/TaxedGmbH_IOS-gerngfqzuwudosgobknlgtoawnlj/Build/Intermediates.noindex/Promises.build/Debug-iphoneos/FBLPromises.build/Objects-normal/arm64/FBLPromise+Validate.d --serialize-diagnostics /Users/emanuelflury/Library/Developer/Xcode/DerivedData/TaxedGmbH_IOS-gerngfqzuwudosgobknlgtoawnlj/Build/Intermediates.noindex/Promises.build/Debug-iphoneos/FBLPromises.build/Objects-normal/arm64/FBLPromise+Validate.dia -c /Users/emanuelflury/Library/Developer/Xcode/DerivedData/TaxedGmbH_IOS-gerngfqzuwudosgobknlgtoawnlj/SourcePackages/checkouts/promises/Sources/FBLPromises/FBLPromise+Validate.m -o /Users/emanuelflury/Library/Developer/Xcode/DerivedData/TaxedGmbH_IOS-gerngfqzuwudosgobknlgtoawnlj/Build/Intermediates.noindex/Promises.build/Debug-iphoneos/FBLPromises.build/Objects-normal/arm64/FBLPromise+Validate.o -index-unit-output-path /Promises.build/Debug-iphoneos/FBLPromises.build/Objects-normal/arm64/FBLPromise+Validate.o

ScanDependencies /Users/emanuelflury/Library/Developer/Xcode/DerivedData/TaxedGmbH_IOS-gerngfqzuwudosgobknlgtoawnlj/Build/Intermediates.noindex/Promises.build/Debug-iphoneos/FBLPromises.build/Objects-normal/arm64/FBLPromise+Timeout.o /Users/emanuelflury/Library/Developer/Xcode/DerivedData/TaxedGmbH_IOS-gerngfqzuwudosgobknlgtoawnlj/SourcePackages/checkouts/promises/Sources/FBLPromises/FBLPromise+Timeout.m normal arm64 objective-c com.apple.compilers.llvm.clang.1_0.compiler (in target 'FBLPromises' from project 'Promises')
    cd /Users/emanuelflury/github/TaxedGmbH_IOS/TaxedGmbH_IOS.xcodeproj
    
    Using response file: /Users/emanuelflury/Library/Developer/Xcode/DerivedData/TaxedGmbH_IOS-gerngfqzuwudosgobknlgtoawnlj/Build/Intermediates.noindex/Promises.build/Debug-iphoneos/FBLPromises.build/Objects-normal/arm64/e6072d4f65d7061329687fe24e3d63a7-common-args.resp
    
    builtin-ScanDependencies -o /Users/emanuelflury/Library/Developer/Xcode/DerivedData/TaxedGmbH_IOS-gerngfqzuwudosgobknlgtoawnlj/Build/Intermediates.noindex/Promises.build/Debug-iphoneos/FBLPromises.build/Objects-normal/arm64/FBLPromise+Timeout.o.scan -- /Applications/Xcode.app/Contents/Developer/Toolchains/XcodeDefault.xctoolchain/usr/bin/clang -x objective-c -ivfsstatcache /Users/emanuelflury/Library/Developer/Xcode/DerivedData/SDKStatCaches.noindex/iphoneos26.1-23B77-69b33fc7382b27d9b5d46e82a00f8e78.sdkstatcache -fmessage-length\=0 -fdiagnostics-show-note-include-stack -fmacro-backtrace-limit\=0 -fno-color-diagnostics -fmodules-prune-interval\=86400 -fmodules-prune-after\=345600 -fbuild-session-file\=/Users/emanuelflury/Library/Developer/Xcode/DerivedData/ModuleCache.noindex/Session.modulevalidation -fmodules-validate-once-per-build-session -Wnon-modular-include-in-framework-module -Werror\=non-modular-include-in-framework-module -Wno-trigraphs -Wno-missing-field-initializers -Wno-missing-prototypes -Wno-return-type -Wno-implicit-atomic-properties -Wno-objc-interface-ivars -Wno-arc-repeated-use-of-weak -Wno-missing-braces -Wparentheses -Wswitch -Wno-unused-function -Wno-unused-label -Wno-unused-parameter -Wno-unused-variable -Wunused-value -Wno-empty-body -Wno-uninitialized -Wno-unknown-pragmas -w -Wno-shadow -Wno-four-char-constants -Wno-conversion -Wno-constant-conversion -Wno-int-conversion -Wno-bool-conversion -Wno-enum-conversion -Wno-float-conversion -Wno-non-literal-null-conversion -Wno-objc-literal-conversion -Wshorten-64-to-32 -Wpointer-sign -Wno-newline-eof -Wno-selector -Wno-strict-selector-match -Wno-undeclared-selector -Wno-deprecated-implementations -Wno-implicit-fallthrough -fstrict-aliasing -Wprotocol -Wdeprecated-declarations -Wno-sign-conversion -Wno-infinite-recursion -Wno-comma -Wno-block-capture-autoreleasing -Wno-strict-prototypes -Wno-semicolon-before-method-body -index-store-path /Users/emanuelflury/Library/Developer/Xcode/DerivedData/TaxedGmbH_IOS-gerngfqzuwudosgobknlgtoawnlj/Index.noindex/DataStore @/Users/emanuelflury/Library/Developer/Xcode/DerivedData/TaxedGmbH_IOS-gerngfqzuwudosgobknlgtoawnlj/Build/Intermediates.noindex/Promises.build/Debug-iphoneos/FBLPromises.build/Objects-normal/arm64/e6072d4f65d7061329687fe24e3d63a7-common-args.resp -include /Users/emanuelflury/Library/Developer/Xcode/DerivedData/TaxedGmbH_IOS-gerngfqzuwudosgobknlgtoawnlj/Build/Intermediates.noindex/Promises.build/Debug-iphoneos/FBLPromises.build/DerivedSources/resource_bundle_accessor.h -MMD -MT dependencies -MF /Users/emanuelflury/Library/Developer/Xcode/DerivedData/TaxedGmbH_IOS-gerngfqzuwudosgobknlgtoawnlj/Build/Intermediates.noindex/Promises.build/Debug-iphoneos/FBLPromises.build/Objects-normal/arm64/FBLPromise+Timeout.d --serialize-diagnostics /Users/emanuelflury/Library/Developer/Xcode/DerivedData/TaxedGmbH_IOS-gerngfqzuwudosgobknlgtoawnlj/Build/Intermediates.noindex/Promises.build/Debug-iphoneos/FBLPromises.build/Objects-normal/arm64/FBLPromise+Timeout.dia -c /Users/emanuelflury/Library/Developer/Xcode/DerivedData/TaxedGmbH_IOS-gerngfqzuwudosgobknlgtoawnlj/SourcePackages/checkouts/promises/Sources/FBLPromises/FBLPromise+Timeout.m -o /Users/emanuelflury/Library/Developer/Xcode/DerivedData/TaxedGmbH_IOS-gerngfqzuwudosgobknlgtoawnlj/Build/Intermediates.noindex/Promises.build/Debug-iphoneos/FBLPromises.build/Objects-normal/arm64/FBLPromise+Timeout.o -index-unit-output-path /Promises.build/Debug-iphoneos/FBLPromises.build/Objects-normal/arm64/FBLPromise+Timeout.o

ScanDependencies /Users/emanuelflury/Library/Developer/Xcode/DerivedData/TaxedGmbH_IOS-gerngfqzuwudosgobknlgtoawnlj/Build/Intermediates.noindex/Promises.build/Debug-iphoneos/FBLPromises.build/Objects-normal/arm64/FBLPromise+Then.o /Users/emanuelflury/Library/Developer/Xcode/DerivedData/TaxedGmbH_IOS-gerngfqzuwudosgobknlgtoawnlj/SourcePackages/checkouts/promises/Sources/FBLPromises/FBLPromise+Then.m normal arm64 objective-c com.apple.compilers.llvm.clang.1_0.compiler (in target 'FBLPromises' from project 'Promises')
    cd /Users/emanuelflury/github/TaxedGmbH_IOS/TaxedGmbH_IOS.xcodeproj
    
    Using response file: /Users/emanuelflury/Library/Developer/Xcode/DerivedData/TaxedGmbH_IOS-gerngfqzuwudosgobknlgtoawnlj/Build/Intermediates.noindex/Promises.build/Debug-iphoneos/FBLPromises.build/Objects-normal/arm64/e6072d4f65d7061329687fe24e3d63a7-common-args.resp
    
    builtin-ScanDependencies -o /Users/emanuelflury/Library/Developer/Xcode/DerivedData/TaxedGmbH_IOS-gerngfqzuwudosgobknlgtoawnlj/Build/Intermediates.noindex/Promises.build/Debug-iphoneos/FBLPromises.build/Objects-normal/arm64/FBLPromise+Then.o.scan -- /Applications/Xcode.app/Contents/Developer/Toolchains/XcodeDefault.xctoolchain/usr/bin/clang -x objective-c -ivfsstatcache /Users/emanuelflury/Library/Developer/Xcode/DerivedData/SDKStatCaches.noindex/iphoneos26.1-23B77-69b33fc7382b27d9b5d46e82a00f8e78.sdkstatcache -fmessage-length\=0 -fdiagnostics-show-note-include-stack -fmacro-backtrace-limit\=0 -fno-color-diagnostics -fmodules-prune-interval\=86400 -fmodules-prune-after\=345600 -fbuild-session-file\=/Users/emanuelflury/Library/Developer/Xcode/DerivedData/ModuleCache.noindex/Session.modulevalidation -fmodules-validate-once-per-build-session -Wnon-modular-include-in-framework-module -Werror\=non-modular-include-in-framework-module -Wno-trigraphs -Wno-missing-field-initializers -Wno-missing-prototypes -Wno-return-type -Wno-implicit-atomic-properties -Wno-objc-interface-ivars -Wno-arc-repeated-use-of-weak -Wno-missing-braces -Wparentheses -Wswitch -Wno-unused-function -Wno-unused-label -Wno-unused-parameter -Wno-unused-variable -Wunused-value -Wno-empty-body -Wno-uninitialized -Wno-unknown-pragmas -w -Wno-shadow -Wno-four-char-constants -Wno-conversion -Wno-constant-conversion -Wno-int-conversion -Wno-bool-conversion -Wno-enum-conversion -Wno-float-conversion -Wno-non-literal-null-conversion -Wno-objc-literal-conversion -Wshorten-64-to-32 -Wpointer-sign -Wno-newline-eof -Wno-selector -Wno-strict-selector-match -Wno-undeclared-selector -Wno-deprecated-implementations -Wno-implicit-fallthrough -fstrict-aliasing -Wprotocol -Wdeprecated-declarations -Wno-sign-conversion -Wno-infinite-recursion -Wno-comma -Wno-block-capture-autoreleasing -Wno-strict-prototypes -Wno-semicolon-before-method-body -index-store-path /Users/emanuelflury/Library/Developer/Xcode/DerivedData/TaxedGmbH_IOS-gerngfqzuwudosgobknlgtoawnlj/Index.noindex/DataStore @/Users/emanuelflury/Library/Developer/Xcode/DerivedData/TaxedGmbH_IOS-gerngfqzuwudosgobknlgtoawnlj/Build/Intermediates.noindex/Promises.build/Debug-iphoneos/FBLPromises.build/Objects-normal/arm64/e6072d4f65d7061329687fe24e3d63a7-common-args.resp -include /Users/emanuelflury/Library/Developer/Xcode/DerivedData/TaxedGmbH_IOS-gerngfqzuwudosgobknlgtoawnlj/Build/Intermediates.noindex/Promises.build/Debug-iphoneos/FBLPromises.build/DerivedSources/resource_bundle_accessor.h -MMD -MT dependencies -MF /Users/emanuelflury/Library/Developer/Xcode/DerivedData/TaxedGmbH_IOS-gerngfqzuwudosgobknlgtoawnlj/Build/Intermediates.noindex/Promises.build/Debug-iphoneos/FBLPromises.build/Objects-normal/arm64/FBLPromise+Then.d --serialize-diagnostics /Users/emanuelflury/Library/Developer/Xcode/DerivedData/TaxedGmbH_IOS-gerngfqzuwudosgobknlgtoawnlj/Build/Intermediates.noindex/Promises.build/Debug-iphoneos/FBLPromises.build/Objects-normal/arm64/FBLPromise+Then.dia -c /Users/emanuelflury/Library/Developer/Xcode/DerivedData/TaxedGmbH_IOS-gerngfqzuwudosgobknlgtoawnlj/SourcePackages/checkouts/promises/Sources/FBLPromises/FBLPromise+Then.m -o /Users/emanuelflury/Library/Developer/Xcode/DerivedData/TaxedGmbH_IOS-gerngfqzuwudosgobknlgtoawnlj/Build/Intermediates.noindex/Promises.build/Debug-iphoneos/FBLPromises.build/Objects-normal/arm64/FBLPromise+Then.o -index-unit-output-path /Promises.build/Debug-iphoneos/FBLPromises.build/Objects-normal/arm64/FBLPromise+Then.o

ScanDependencies /Users/emanuelflury/Library/Developer/Xcode/DerivedData/TaxedGmbH_IOS-gerngfqzuwudosgobknlgtoawnlj/Build/Intermediates.noindex/Promises.build/Debug-iphoneos/FBLPromises.build/Objects-normal/arm64/FBLPromise+Testing.o /Users/emanuelflury/Library/Developer/Xcode/DerivedData/TaxedGmbH_IOS-gerngfqzuwudosgobknlgtoawnlj/SourcePackages/checkouts/promises/Sources/FBLPromises/FBLPromise+Testing.m normal arm64 objective-c com.apple.compilers.llvm.clang.1_0.compiler (in target 'FBLPromises' from project 'Promises')
    cd /Users/emanuelflury/github/TaxedGmbH_IOS/TaxedGmbH_IOS.xcodeproj
    
    Using response file: /Users/emanuelflury/Library/Developer/Xcode/DerivedData/TaxedGmbH_IOS-gerngfqzuwudosgobknlgtoawnlj/Build/Intermediates.noindex/Promises.build/Debug-iphoneos/FBLPromises.build/Objects-normal/arm64/e6072d4f65d7061329687fe24e3d63a7-common-args.resp
    
    builtin-ScanDependencies -o /Users/emanuelflury/Library/Developer/Xcode/DerivedData/TaxedGmbH_IOS-gerngfqzuwudosgobknlgtoawnlj/Build/Intermediates.noindex/Promises.build/Debug-iphoneos/FBLPromises.build/Objects-normal/arm64/FBLPromise+Testing.o.scan -- /Applications/Xcode.app/Contents/Developer/Toolchains/XcodeDefault.xctoolchain/usr/bin/clang -x objective-c -ivfsstatcache /Users/emanuelflury/Library/Developer/Xcode/DerivedData/SDKStatCaches.noindex/iphoneos26.1-23B77-69b33fc7382b27d9b5d46e82a00f8e78.sdkstatcache -fmessage-length\=0 -fdiagnostics-show-note-include-stack -fmacro-backtrace-limit\=0 -fno-color-diagnostics -fmodules-prune-interval\=86400 -fmodules-prune-after\=345600 -fbuild-session-file\=/Users/emanuelflury/Library/Developer/Xcode/DerivedData/ModuleCache.noindex/Session.modulevalidation -fmodules-validate-once-per-build-session -Wnon-modular-include-in-framework-module -Werror\=non-modular-include-in-framework-module -Wno-trigraphs -Wno-missing-field-initializers -Wno-missing-prototypes -Wno-return-type -Wno-implicit-atomic-properties -Wno-objc-interface-ivars -Wno-arc-repeated-use-of-weak -Wno-missing-braces -Wparentheses -Wswitch -Wno-unused-function -Wno-unused-label -Wno-unused-parameter -Wno-unused-variable -Wunused-value -Wno-empty-body -Wno-uninitialized -Wno-unknown-pragmas -w -Wno-shadow -Wno-four-char-constants -Wno-conversion -Wno-constant-conversion -Wno-int-conversion -Wno-bool-conversion -Wno-enum-conversion -Wno-float-conversion -Wno-non-literal-null-conversion -Wno-objc-literal-conversion -Wshorten-64-to-32 -Wpointer-sign -Wno-newline-eof -Wno-selector -Wno-strict-selector-match -Wno-undeclared-selector -Wno-deprecated-implementations -Wno-implicit-fallthrough -fstrict-aliasing -Wprotocol -Wdeprecated-declarations -Wno-sign-conversion -Wno-infinite-recursion -Wno-comma -Wno-block-capture-autoreleasing -Wno-strict-prototypes -Wno-semicolon-before-method-body -index-store-path /Users/emanuelflury/Library/Developer/Xcode/DerivedData/TaxedGmbH_IOS-gerngfqzuwudosgobknlgtoawnlj/Index.noindex/DataStore @/Users/emanuelflury/Library/Developer/Xcode/DerivedData/TaxedGmbH_IOS-gerngfqzuwudosgobknlgtoawnlj/Build/Intermediates.noindex/Promises.build/Debug-iphoneos/FBLPromises.build/Objects-normal/arm64/e6072d4f65d7061329687fe24e3d63a7-common-args.resp -include /Users/emanuelflury/Library/Developer/Xcode/DerivedData/TaxedGmbH_IOS-gerngfqzuwudosgobknlgtoawnlj/Build/Intermediates.noindex/Promises.build/Debug-iphoneos/FBLPromises.build/DerivedSources/resource_bundle_accessor.h -MMD -MT dependencies -MF /Users/emanuelflury/Library/Developer/Xcode/DerivedData/TaxedGmbH_IOS-gerngfqzuwudosgobknlgtoawnlj/Build/Intermediates.noindex/Promises.build/Debug-iphoneos/FBLPromises.build/Objects-normal/arm64/FBLPromise+Testing.d --serialize-diagnostics /Users/emanuelflury/Library/Developer/Xcode/DerivedData/TaxedGmbH_IOS-gerngfqzuwudosgobknlgtoawnlj/Build/Intermediates.noindex/Promises.build/Debug-iphoneos/FBLPromises.build/Objects-normal/arm64/FBLPromise+Testing.dia -c /Users/emanuelflury/Library/Developer/Xcode/DerivedData/TaxedGmbH_IOS-gerngfqzuwudosgobknlgtoawnlj/SourcePackages/checkouts/promises/Sources/FBLPromises/FBLPromise+Testing.m -o /Users/emanuelflury/Library/Developer/Xcode/DerivedData/TaxedGmbH_IOS-gerngfqzuwudosgobknlgtoawnlj/Build/Intermediates.noindex/Promises.build/Debug-iphoneos/FBLPromises.build/Objects-normal/arm64/FBLPromise+Testing.o -index-unit-output-path /Promises.build/Debug-iphoneos/FBLPromises.build/Objects-normal/arm64/FBLPromise+Testing.o

ScanDependencies /Users/emanuelflury/Library/Developer/Xcode/DerivedData/TaxedGmbH_IOS-gerngfqzuwudosgobknlgtoawnlj/Build/Intermediates.noindex/Promises.build/Debug-iphoneos/FBLPromises.build/Objects-normal/arm64/FBLPromise+Retry.o /Users/emanuelflury/Library/Developer/Xcode/DerivedData/TaxedGmbH_IOS-gerngfqzuwudosgobknlgtoawnlj/SourcePackages/checkouts/promises/Sources/FBLPromises/FBLPromise+Retry.m normal arm64 objective-c com.apple.compilers.llvm.clang.1_0.compiler (in target 'FBLPromises' from project 'Promises')
    cd /Users/emanuelflury/github/TaxedGmbH_IOS/TaxedGmbH_IOS.xcodeproj
    
    Using response file: /Users/emanuelflury/Library/Developer/Xcode/DerivedData/TaxedGmbH_IOS-gerngfqzuwudosgobknlgtoawnlj/Build/Intermediates.noindex/Promises.build/Debug-iphoneos/FBLPromises.build/Objects-normal/arm64/e6072d4f65d7061329687fe24e3d63a7-common-args.resp
    
    builtin-ScanDependencies -o /Users/emanuelflury/Library/Developer/Xcode/DerivedData/TaxedGmbH_IOS-gerngfqzuwudosgobknlgtoawnlj/Build/Intermediates.noindex/Promises.build/Debug-iphoneos/FBLPromises.build/Objects-normal/arm64/FBLPromise+Retry.o.scan -- /Applications/Xcode.app/Contents/Developer/Toolchains/XcodeDefault.xctoolchain/usr/bin/clang -x objective-c -ivfsstatcache /Users/emanuelflury/Library/Developer/Xcode/DerivedData/SDKStatCaches.noindex/iphoneos26.1-23B77-69b33fc7382b27d9b5d46e82a00f8e78.sdkstatcache -fmessage-length\=0 -fdiagnostics-show-note-include-stack -fmacro-backtrace-limit\=0 -fno-color-diagnostics -fmodules-prune-interval\=86400 -fmodules-prune-after\=345600 -fbuild-session-file\=/Users/emanuelflury/Library/Developer/Xcode/DerivedData/ModuleCache.noindex/Session.modulevalidation -fmodules-validate-once-per-build-session -Wnon-modular-include-in-framework-module -Werror\=non-modular-include-in-framework-module -Wno-trigraphs -Wno-missing-field-initializers -Wno-missing-prototypes -Wno-return-type -Wno-implicit-atomic-properties -Wno-objc-interface-ivars -Wno-arc-repeated-use-of-weak -Wno-missing-braces -Wparentheses -Wswitch -Wno-unused-function -Wno-unused-label -Wno-unused-parameter -Wno-unused-variable -Wunused-value -Wno-empty-body -Wno-uninitialized -Wno-unknown-pragmas -w -Wno-shadow -Wno-four-char-constants -Wno-conversion -Wno-constant-conversion -Wno-int-conversion -Wno-bool-conversion -Wno-enum-conversion -Wno-float-conversion -Wno-non-literal-null-conversion -Wno-objc-literal-conversion -Wshorten-64-to-32 -Wpointer-sign -Wno-newline-eof -Wno-selector -Wno-strict-selector-match -Wno-undeclared-selector -Wno-deprecated-implementations -Wno-implicit-fallthrough -fstrict-aliasing -Wprotocol -Wdeprecated-declarations -Wno-sign-conversion -Wno-infinite-recursion -Wno-comma -Wno-block-capture-autoreleasing -Wno-strict-prototypes -Wno-semicolon-before-method-body -index-store-path /Users/emanuelflury/Library/Developer/Xcode/DerivedData/TaxedGmbH_IOS-gerngfqzuwudosgobknlgtoawnlj/Index.noindex/DataStore @/Users/emanuelflury/Library/Developer/Xcode/DerivedData/TaxedGmbH_IOS-gerngfqzuwudosgobknlgtoawnlj/Build/Intermediates.noindex/Promises.build/Debug-iphoneos/FBLPromises.build/Objects-normal/arm64/e6072d4f65d7061329687fe24e3d63a7-common-args.resp -include /Users/emanuelflury/Library/Developer/Xcode/DerivedData/TaxedGmbH_IOS-gerngfqzuwudosgobknlgtoawnlj/Build/Intermediates.noindex/Promises.build/Debug-iphoneos/FBLPromises.build/DerivedSources/resource_bundle_accessor.h -MMD -MT dependencies -MF /Users/emanuelflury/Library/Developer/Xcode/DerivedData/TaxedGmbH_IOS-gerngfqzuwudosgobknlgtoawnlj/Build/Intermediates.noindex/Promises.build/Debug-iphoneos/FBLPromises.build/Objects-normal/arm64/FBLPromise+Retry.d --serialize-diagnostics /Users/emanuelflury/Library/Developer/Xcode/DerivedData/TaxedGmbH_IOS-gerngfqzuwudosgobknlgtoawnlj/Build/Intermediates.noindex/Promises.build/Debug-iphoneos/FBLPromises.build/Objects-normal/arm64/FBLPromise+Retry.dia -c /Users/emanuelflury/Library/Developer/Xcode/DerivedData/TaxedGmbH_IOS-gerngfqzuwudosgobknlgtoawnlj/SourcePackages/checkouts/promises/Sources/FBLPromises/FBLPromise+Retry.m -o /Users/emanuelflury/Library/Developer/Xcode/DerivedData/TaxedGmbH_IOS-gerngfqzuwudosgobknlgtoawnlj/Build/Intermediates.noindex/Promises.build/Debug-iphoneos/FBLPromises.build/Objects-normal/arm64/FBLPromise+Retry.o -index-unit-output-path /Promises.build/Debug-iphoneos/FBLPromises.build/Objects-normal/arm64/FBLPromise+Retry.o

ScanDependencies /Users/emanuelflury/Library/Developer/Xcode/DerivedData/TaxedGmbH_IOS-gerngfqzuwudosgobknlgtoawnlj/Build/Intermediates.noindex/Promises.build/Debug-iphoneos/FBLPromises.build/Objects-normal/arm64/FBLPromise+Reduce.o /Users/emanuelflury/Library/Developer/Xcode/DerivedData/TaxedGmbH_IOS-gerngfqzuwudosgobknlgtoawnlj/SourcePackages/checkouts/promises/Sources/FBLPromises/FBLPromise+Reduce.m normal arm64 objective-c com.apple.compilers.llvm.clang.1_0.compiler (in target 'FBLPromises' from project 'Promises')
    cd /Users/emanuelflury/github/TaxedGmbH_IOS/TaxedGmbH_IOS.xcodeproj
    
    Using response file: /Users/emanuelflury/Library/Developer/Xcode/DerivedData/TaxedGmbH_IOS-gerngfqzuwudosgobknlgtoawnlj/Build/Intermediates.noindex/Promises.build/Debug-iphoneos/FBLPromises.build/Objects-normal/arm64/e6072d4f65d7061329687fe24e3d63a7-common-args.resp
    
    builtin-ScanDependencies -o /Users/emanuelflury/Library/Developer/Xcode/DerivedData/TaxedGmbH_IOS-gerngfqzuwudosgobknlgtoawnlj/Build/Intermediates.noindex/Promises.build/Debug-iphoneos/FBLPromises.build/Objects-normal/arm64/FBLPromise+Reduce.o.scan -- /Applications/Xcode.app/Contents/Developer/Toolchains/XcodeDefault.xctoolchain/usr/bin/clang -x objective-c -ivfsstatcache /Users/emanuelflury/Library/Developer/Xcode/DerivedData/SDKStatCaches.noindex/iphoneos26.1-23B77-69b33fc7382b27d9b5d46e82a00f8e78.sdkstatcache -fmessage-length\=0 -fdiagnostics-show-note-include-stack -fmacro-backtrace-limit\=0 -fno-color-diagnostics -fmodules-prune-interval\=86400 -fmodules-prune-after\=345600 -fbuild-session-file\=/Users/emanuelflury/Library/Developer/Xcode/DerivedData/ModuleCache.noindex/Session.modulevalidation -fmodules-validate-once-per-build-session -Wnon-modular-include-in-framework-module -Werror\=non-modular-include-in-framework-module -Wno-trigraphs -Wno-missing-field-initializers -Wno-missing-prototypes -Wno-return-type -Wno-implicit-atomic-properties -Wno-objc-interface-ivars -Wno-arc-repeated-use-of-weak -Wno-missing-braces -Wparentheses -Wswitch -Wno-unused-function -Wno-unused-label -Wno-unused-parameter -Wno-unused-variable -Wunused-value -Wno-empty-body -Wno-uninitialized -Wno-unknown-pragmas -w -Wno-shadow -Wno-four-char-constants -Wno-conversion -Wno-constant-conversion -Wno-int-conversion -Wno-bool-conversion -Wno-enum-conversion -Wno-float-conversion -Wno-non-literal-null-conversion -Wno-objc-literal-conversion -Wshorten-64-to-32 -Wpointer-sign -Wno-newline-eof -Wno-selector -Wno-strict-selector-match -Wno-undeclared-selector -Wno-deprecated-implementations -Wno-implicit-fallthrough -fstrict-aliasing -Wprotocol -Wdeprecated-declarations -Wno-sign-conversion -Wno-infinite-recursion -Wno-comma -Wno-block-capture-autoreleasing -Wno-strict-prototypes -Wno-semicolon-before-method-body -index-store-path /Users/emanuelflury/Library/Developer/Xcode/DerivedData/TaxedGmbH_IOS-gerngfqzuwudosgobknlgtoawnlj/Index.noindex/DataStore @/Users/emanuelflury/Library/Developer/Xcode/DerivedData/TaxedGmbH_IOS-gerngfqzuwudosgobknlgtoawnlj/Build/Intermediates.noindex/Promises.build/Debug-iphoneos/FBLPromises.build/Objects-normal/arm64/e6072d4f65d7061329687fe24e3d63a7-common-args.resp -include /Users/emanuelflury/Library/Developer/Xcode/DerivedData/TaxedGmbH_IOS-gerngfqzuwudosgobknlgtoawnlj/Build/Intermediates.noindex/Promises.build/Debug-iphoneos/FBLPromises.build/DerivedSources/resource_bundle_accessor.h -MMD -MT dependencies -MF /Users/emanuelflury/Library/Developer/Xcode/DerivedData/TaxedGmbH_IOS-gerngfqzuwudosgobknlgtoawnlj/Build/Intermediates.noindex/Promises.build/Debug-iphoneos/FBLPromises.build/Objects-normal/arm64/FBLPromise+Reduce.d --serialize-diagnostics /Users/emanuelflury/Library/Developer/Xcode/DerivedData/TaxedGmbH_IOS-gerngfqzuwudosgobknlgtoawnlj/Build/Intermediates.noindex/Promises.build/Debug-iphoneos/FBLPromises.build/Objects-normal/arm64/FBLPromise+Reduce.dia -c /Users/emanuelflury/Library/Developer/Xcode/DerivedData/TaxedGmbH_IOS-gerngfqzuwudosgobknlgtoawnlj/SourcePackages/checkouts/promises/Sources/FBLPromises/FBLPromise+Reduce.m -o /Users/emanuelflury/Library/Developer/Xcode/DerivedData/TaxedGmbH_IOS-gerngfqzuwudosgobknlgtoawnlj/Build/Intermediates.noindex/Promises.build/Debug-iphoneos/FBLPromises.build/Objects-normal/arm64/FBLPromise+Reduce.o -index-unit-output-path /Promises.build/Debug-iphoneos/FBLPromises.build/Objects-normal/arm64/FBLPromise+Reduce.o

ScanDependencies /Users/emanuelflury/Library/Developer/Xcode/DerivedData/TaxedGmbH_IOS-gerngfqzuwudosgobknlgtoawnlj/Build/Intermediates.noindex/Promises.build/Debug-iphoneos/FBLPromises.build/Objects-normal/arm64/FBLPromise+Race.o /Users/emanuelflury/Library/Developer/Xcode/DerivedData/TaxedGmbH_IOS-gerngfqzuwudosgobknlgtoawnlj/SourcePackages/checkouts/promises/Sources/FBLPromises/FBLPromise+Race.m normal arm64 objective-c com.apple.compilers.llvm.clang.1_0.compiler (in target 'FBLPromises' from project 'Promises')
    cd /Users/emanuelflury/github/TaxedGmbH_IOS/TaxedGmbH_IOS.xcodeproj
    
    Using response file: /Users/emanuelflury/Library/Developer/Xcode/DerivedData/TaxedGmbH_IOS-gerngfqzuwudosgobknlgtoawnlj/Build/Intermediates.noindex/Promises.build/Debug-iphoneos/FBLPromises.build/Objects-normal/arm64/e6072d4f65d7061329687fe24e3d63a7-common-args.resp
    
    builtin-ScanDependencies -o /Users/emanuelflury/Library/Developer/Xcode/DerivedData/TaxedGmbH_IOS-gerngfqzuwudosgobknlgtoawnlj/Build/Intermediates.noindex/Promises.build/Debug-iphoneos/FBLPromises.build/Objects-normal/arm64/FBLPromise+Race.o.scan -- /Applications/Xcode.app/Contents/Developer/Toolchains/XcodeDefault.xctoolchain/usr/bin/clang -x objective-c -ivfsstatcache /Users/emanuelflury/Library/Developer/Xcode/DerivedData/SDKStatCaches.noindex/iphoneos26.1-23B77-69b33fc7382b27d9b5d46e82a00f8e78.sdkstatcache -fmessage-length\=0 -fdiagnostics-show-note-include-stack -fmacro-backtrace-limit\=0 -fno-color-diagnostics -fmodules-prune-interval\=86400 -fmodules-prune-after\=345600 -fbuild-session-file\=/Users/emanuelflury/Library/Developer/Xcode/DerivedData/ModuleCache.noindex/Session.modulevalidation -fmodules-validate-once-per-build-session -Wnon-modular-include-in-framework-module -Werror\=non-modular-include-in-framework-module -Wno-trigraphs -Wno-missing-field-initializers -Wno-missing-prototypes -Wno-return-type -Wno-implicit-atomic-properties -Wno-objc-interface-ivars -Wno-arc-repeated-use-of-weak -Wno-missing-braces -Wparentheses -Wswitch -Wno-unused-function -Wno-unused-label -Wno-unused-parameter -Wno-unused-variable -Wunused-value -Wno-empty-body -Wno-uninitialized -Wno-unknown-pragmas -w -Wno-shadow -Wno-four-char-constants -Wno-conversion -Wno-constant-conversion -Wno-int-conversion -Wno-bool-conversion -Wno-enum-conversion -Wno-float-conversion -Wno-non-literal-null-conversion -Wno-objc-literal-conversion -Wshorten-64-to-32 -Wpointer-sign -Wno-newline-eof -Wno-selector -Wno-strict-selector-match -Wno-undeclared-selector -Wno-deprecated-implementations -Wno-implicit-fallthrough -fstrict-aliasing -Wprotocol -Wdeprecated-declarations -Wno-sign-conversion -Wno-infinite-recursion -Wno-comma -Wno-block-capture-autoreleasing -Wno-strict-prototypes -Wno-semicolon-before-method-body -index-store-path /Users/emanuelflury/Library/Developer/Xcode/DerivedData/TaxedGmbH_IOS-gerngfqzuwudosgobknlgtoawnlj/Index.noindex/DataStore @/Users/emanuelflury/Library/Developer/Xcode/DerivedData/TaxedGmbH_IOS-gerngfqzuwudosgobknlgtoawnlj/Build/Intermediates.noindex/Promises.build/Debug-iphoneos/FBLPromises.build/Objects-normal/arm64/e6072d4f65d7061329687fe24e3d63a7-common-args.resp -include /Users/emanuelflury/Library/Developer/Xcode/DerivedData/TaxedGmbH_IOS-gerngfqzuwudosgobknlgtoawnlj/Build/Intermediates.noindex/Promises.build/Debug-iphoneos/FBLPromises.build/DerivedSources/resource_bundle_accessor.h -MMD -MT dependencies -MF /Users/emanuelflury/Library/Developer/Xcode/DerivedData/TaxedGmbH_IOS-gerngfqzuwudosgobknlgtoawnlj/Build/Intermediates.noindex/Promises.build/Debug-iphoneos/FBLPromises.build/Objects-normal/arm64/FBLPromise+Race.d --serialize-diagnostics /Users/emanuelflury/Library/Developer/Xcode/DerivedData/TaxedGmbH_IOS-gerngfqzuwudosgobknlgtoawnlj/Build/Intermediates.noindex/Promises.build/Debug-iphoneos/FBLPromises.build/Objects-normal/arm64/FBLPromise+Race.dia -c /Users/emanuelflury/Library/Developer/Xcode/DerivedData/TaxedGmbH_IOS-gerngfqzuwudosgobknlgtoawnlj/SourcePackages/checkouts/promises/Sources/FBLPromises/FBLPromise+Race.m -o /Users/emanuelflury/Library/Developer/Xcode/DerivedData/TaxedGmbH_IOS-gerngfqzuwudosgobknlgtoawnlj/Build/Intermediates.noindex/Promises.build/Debug-iphoneos/FBLPromises.build/Objects-normal/arm64/FBLPromise+Race.o -index-unit-output-path /Promises.build/Debug-iphoneos/FBLPromises.build/Objects-normal/arm64/FBLPromise+Race.o

ScanDependencies /Users/emanuelflury/Library/Developer/Xcode/DerivedData/TaxedGmbH_IOS-gerngfqzuwudosgobknlgtoawnlj/Build/Intermediates.noindex/Promises.build/Debug-iphoneos/FBLPromises.build/Objects-normal/arm64/FBLPromise+Recover.o /Users/emanuelflury/Library/Developer/Xcode/DerivedData/TaxedGmbH_IOS-gerngfqzuwudosgobknlgtoawnlj/SourcePackages/checkouts/promises/Sources/FBLPromises/FBLPromise+Recover.m normal arm64 objective-c com.apple.compilers.llvm.clang.1_0.compiler (in target 'FBLPromises' from project 'Promises')
    cd /Users/emanuelflury/github/TaxedGmbH_IOS/TaxedGmbH_IOS.xcodeproj
    
    Using response file: /Users/emanuelflury/Library/Developer/Xcode/DerivedData/TaxedGmbH_IOS-gerngfqzuwudosgobknlgtoawnlj/Build/Intermediates.noindex/Promises.build/Debug-iphoneos/FBLPromises.build/Objects-normal/arm64/e6072d4f65d7061329687fe24e3d63a7-common-args.resp
    
    builtin-ScanDependencies -o /Users/emanuelflury/Library/Developer/Xcode/DerivedData/TaxedGmbH_IOS-gerngfqzuwudosgobknlgtoawnlj/Build/Intermediates.noindex/Promises.build/Debug-iphoneos/FBLPromises.build/Objects-normal/arm64/FBLPromise+Recover.o.scan -- /Applications/Xcode.app/Contents/Developer/Toolchains/XcodeDefault.xctoolchain/usr/bin/clang -x objective-c -ivfsstatcache /Users/emanuelflury/Library/Developer/Xcode/DerivedData/SDKStatCaches.noindex/iphoneos26.1-23B77-69b33fc7382b27d9b5d46e82a00f8e78.sdkstatcache -fmessage-length\=0 -fdiagnostics-show-note-include-stack -fmacro-backtrace-limit\=0 -fno-color-diagnostics -fmodules-prune-interval\=86400 -fmodules-prune-after\=345600 -fbuild-session-file\=/Users/emanuelflury/Library/Developer/Xcode/DerivedData/ModuleCache.noindex/Session.modulevalidation -fmodules-validate-once-per-build-session -Wnon-modular-include-in-framework-module -Werror\=non-modular-include-in-framework-module -Wno-trigraphs -Wno-missing-field-initializers -Wno-missing-prototypes -Wno-return-type -Wno-implicit-atomic-properties -Wno-objc-interface-ivars -Wno-arc-repeated-use-of-weak -Wno-missing-braces -Wparentheses -Wswitch -Wno-unused-function -Wno-unused-label -Wno-unused-parameter -Wno-unused-variable -Wunused-value -Wno-empty-body -Wno-uninitialized -Wno-unknown-pragmas -w -Wno-shadow -Wno-four-char-constants -Wno-conversion -Wno-constant-conversion -Wno-int-conversion -Wno-bool-conversion -Wno-enum-conversion -Wno-float-conversion -Wno-non-literal-null-conversion -Wno-objc-literal-conversion -Wshorten-64-to-32 -Wpointer-sign -Wno-newline-eof -Wno-selector -Wno-strict-selector-match -Wno-undeclared-selector -Wno-deprecated-implementations -Wno-implicit-fallthrough -fstrict-aliasing -Wprotocol -Wdeprecated-declarations -Wno-sign-conversion -Wno-infinite-recursion -Wno-comma -Wno-block-capture-autoreleasing -Wno-strict-prototypes -Wno-semicolon-before-method-body -index-store-path /Users/emanuelflury/Library/Developer/Xcode/DerivedData/TaxedGmbH_IOS-gerngfqzuwudosgobknlgtoawnlj/Index.noindex/DataStore @/Users/emanuelflury/Library/Developer/Xcode/DerivedData/TaxedGmbH_IOS-gerngfqzuwudosgobknlgtoawnlj/Build/Intermediates.noindex/Promises.build/Debug-iphoneos/FBLPromises.build/Objects-normal/arm64/e6072d4f65d7061329687fe24e3d63a7-common-args.resp -include /Users/emanuelflury/Library/Developer/Xcode/DerivedData/TaxedGmbH_IOS-gerngfqzuwudosgobknlgtoawnlj/Build/Intermediates.noindex/Promises.build/Debug-iphoneos/FBLPromises.build/DerivedSources/resource_bundle_accessor.h -MMD -MT dependencies -MF /Users/emanuelflury/Library/Developer/Xcode/DerivedData/TaxedGmbH_IOS-gerngfqzuwudosgobknlgtoawnlj/Build/Intermediates.noindex/Promises.build/Debug-iphoneos/FBLPromises.build/Objects-normal/arm64/FBLPromise+Recover.d --serialize-diagnostics /Users/emanuelflury/Library/Developer/Xcode/DerivedData/TaxedGmbH_IOS-gerngfqzuwudosgobknlgtoawnlj/Build/Intermediates.noindex/Promises.build/Debug-iphoneos/FBLPromises.build/Objects-normal/arm64/FBLPromise+Recover.dia -c /Users/emanuelflury/Library/Developer/Xcode/DerivedData/TaxedGmbH_IOS-gerngfqzuwudosgobknlgtoawnlj/SourcePackages/checkouts/promises/Sources/FBLPromises/FBLPromise+Recover.m -o /Users/emanuelflury/Library/Developer/Xcode/DerivedData/TaxedGmbH_IOS-gerngfqzuwudosgobknlgtoawnlj/Build/Intermediates.noindex/Promises.build/Debug-iphoneos/FBLPromises.build/Objects-normal/arm64/FBLPromise+Recover.o -index-unit-output-path /Promises.build/Debug-iphoneos/FBLPromises.build/Objects-normal/arm64/FBLPromise+Recover.o

ScanDependencies /Users/emanuelflury/Library/Developer/Xcode/DerivedData/TaxedGmbH_IOS-gerngfqzuwudosgobknlgtoawnlj/Build/Intermediates.noindex/Promises.build/Debug-iphoneos/FBLPromises.build/Objects-normal/arm64/FBLPromise+Do.o /Users/emanuelflury/Library/Developer/Xcode/DerivedData/TaxedGmbH_IOS-gerngfqzuwudosgobknlgtoawnlj/SourcePackages/checkouts/promises/Sources/FBLPromises/FBLPromise+Do.m normal arm64 objective-c com.apple.compilers.llvm.clang.1_0.compiler (in target 'FBLPromises' from project 'Promises')
    cd /Users/emanuelflury/github/TaxedGmbH_IOS/TaxedGmbH_IOS.xcodeproj
    
    Using response file: /Users/emanuelflury/Library/Developer/Xcode/DerivedData/TaxedGmbH_IOS-gerngfqzuwudosgobknlgtoawnlj/Build/Intermediates.noindex/Promises.build/Debug-iphoneos/FBLPromises.build/Objects-normal/arm64/e6072d4f65d7061329687fe24e3d63a7-common-args.resp
    
    builtin-ScanDependencies -o /Users/emanuelflury/Library/Developer/Xcode/DerivedData/TaxedGmbH_IOS-gerngfqzuwudosgobknlgtoawnlj/Build/Intermediates.noindex/Promises.build/Debug-iphoneos/FBLPromises.build/Objects-normal/arm64/FBLPromise+Do.o.scan -- /Applications/Xcode.app/Contents/Developer/Toolchains/XcodeDefault.xctoolchain/usr/bin/clang -x objective-c -ivfsstatcache /Users/emanuelflury/Library/Developer/Xcode/DerivedData/SDKStatCaches.noindex/iphoneos26.1-23B77-69b33fc7382b27d9b5d46e82a00f8e78.sdkstatcache -fmessage-length\=0 -fdiagnostics-show-note-include-stack -fmacro-backtrace-limit\=0 -fno-color-diagnostics -fmodules-prune-interval\=86400 -fmodules-prune-after\=345600 -fbuild-session-file\=/Users/emanuelflury/Library/Developer/Xcode/DerivedData/ModuleCache.noindex/Session.modulevalidation -fmodules-validate-once-per-build-session -Wnon-modular-include-in-framework-module -Werror\=non-modular-include-in-framework-module -Wno-trigraphs -Wno-missing-field-initializers -Wno-missing-prototypes -Wno-return-type -Wno-implicit-atomic-properties -Wno-objc-interface-ivars -Wno-arc-repeated-use-of-weak -Wno-missing-braces -Wparentheses -Wswitch -Wno-unused-function -Wno-unused-label -Wno-unused-parameter -Wno-unused-variable -Wunused-value -Wno-empty-body -Wno-uninitialized -Wno-unknown-pragmas -w -Wno-shadow -Wno-four-char-constants -Wno-conversion -Wno-constant-conversion -Wno-int-conversion -Wno-bool-conversion -Wno-enum-conversion -Wno-float-conversion -Wno-non-literal-null-conversion -Wno-objc-literal-conversion -Wshorten-64-to-32 -Wpointer-sign -Wno-newline-eof -Wno-selector -Wno-strict-selector-match -Wno-undeclared-selector -Wno-deprecated-implementations -Wno-implicit-fallthrough -fstrict-aliasing -Wprotocol -Wdeprecated-declarations -Wno-sign-conversion -Wno-infinite-recursion -Wno-comma -Wno-block-capture-autoreleasing -Wno-strict-prototypes -Wno-semicolon-before-method-body -index-store-path /Users/emanuelflury/Library/Developer/Xcode/DerivedData/TaxedGmbH_IOS-gerngfqzuwudosgobknlgtoawnlj/Index.noindex/DataStore @/Users/emanuelflury/Library/Developer/Xcode/DerivedData/TaxedGmbH_IOS-gerngfqzuwudosgobknlgtoawnlj/Build/Intermediates.noindex/Promises.build/Debug-iphoneos/FBLPromises.build/Objects-normal/arm64/e6072d4f65d7061329687fe24e3d63a7-common-args.resp -include /Users/emanuelflury/Library/Developer/Xcode/DerivedData/TaxedGmbH_IOS-gerngfqzuwudosgobknlgtoawnlj/Build/Intermediates.noindex/Promises.build/Debug-iphoneos/FBLPromises.build/DerivedSources/resource_bundle_accessor.h -MMD -MT dependencies -MF /Users/emanuelflury/Library/Developer/Xcode/DerivedData/TaxedGmbH_IOS-gerngfqzuwudosgobknlgtoawnlj/Build/Intermediates.noindex/Promises.build/Debug-iphoneos/FBLPromises.build/Objects-normal/arm64/FBLPromise+Do.d --serialize-diagnostics /Users/emanuelflury/Library/Developer/Xcode/DerivedData/TaxedGmbH_IOS-gerngfqzuwudosgobknlgtoawnlj/Build/Intermediates.noindex/Promises.build/Debug-iphoneos/FBLPromises.build/Objects-normal/arm64/FBLPromise+Do.dia -c /Users/emanuelflury/Library/Developer/Xcode/DerivedData/TaxedGmbH_IOS-gerngfqzuwudosgobknlgtoawnlj/SourcePackages/checkouts/promises/Sources/FBLPromises/FBLPromise+Do.m -o /Users/emanuelflury/Library/Developer/Xcode/DerivedData/TaxedGmbH_IOS-gerngfqzuwudosgobknlgtoawnlj/Build/Intermediates.noindex/Promises.build/Debug-iphoneos/FBLPromises.build/Objects-normal/arm64/FBLPromise+Do.o -index-unit-output-path /Promises.build/Debug-iphoneos/FBLPromises.build/Objects-normal/arm64/FBLPromise+Do.o

ScanDependencies /Users/emanuelflury/Library/Developer/Xcode/DerivedData/TaxedGmbH_IOS-gerngfqzuwudosgobknlgtoawnlj/Build/Intermediates.noindex/Promises.build/Debug-iphoneos/FBLPromises.build/Objects-normal/arm64/FBLPromise+Delay.o /Users/emanuelflury/Library/Developer/Xcode/DerivedData/TaxedGmbH_IOS-gerngfqzuwudosgobknlgtoawnlj/SourcePackages/checkouts/promises/Sources/FBLPromises/FBLPromise+Delay.m normal arm64 objective-c com.apple.compilers.llvm.clang.1_0.compiler (in target 'FBLPromises' from project 'Promises')
    cd /Users/emanuelflury/github/TaxedGmbH_IOS/TaxedGmbH_IOS.xcodeproj
    
    Using response file: /Users/emanuelflury/Library/Developer/Xcode/DerivedData/TaxedGmbH_IOS-gerngfqzuwudosgobknlgtoawnlj/Build/Intermediates.noindex/Promises.build/Debug-iphoneos/FBLPromises.build/Objects-normal/arm64/e6072d4f65d7061329687fe24e3d63a7-common-args.resp
    
    builtin-ScanDependencies -o /Users/emanuelflury/Library/Developer/Xcode/DerivedData/TaxedGmbH_IOS-gerngfqzuwudosgobknlgtoawnlj/Build/Intermediates.noindex/Promises.build/Debug-iphoneos/FBLPromises.build/Objects-normal/arm64/FBLPromise+Delay.o.scan -- /Applications/Xcode.app/Contents/Developer/Toolchains/XcodeDefault.xctoolchain/usr/bin/clang -x objective-c -ivfsstatcache /Users/emanuelflury/Library/Developer/Xcode/DerivedData/SDKStatCaches.noindex/iphoneos26.1-23B77-69b33fc7382b27d9b5d46e82a00f8e78.sdkstatcache -fmessage-length\=0 -fdiagnostics-show-note-include-stack -fmacro-backtrace-limit\=0 -fno-color-diagnostics -fmodules-prune-interval\=86400 -fmodules-prune-after\=345600 -fbuild-session-file\=/Users/emanuelflury/Library/Developer/Xcode/DerivedData/ModuleCache.noindex/Session.modulevalidation -fmodules-validate-once-per-build-session -Wnon-modular-include-in-framework-module -Werror\=non-modular-include-in-framework-module -Wno-trigraphs -Wno-missing-field-initializers -Wno-missing-prototypes -Wno-return-type -Wno-implicit-atomic-properties -Wno-objc-interface-ivars -Wno-arc-repeated-use-of-weak -Wno-missing-braces -Wparentheses -Wswitch -Wno-unused-function -Wno-unused-label -Wno-unused-parameter -Wno-unused-variable -Wunused-value -Wno-empty-body -Wno-uninitialized -Wno-unknown-pragmas -w -Wno-shadow -Wno-four-char-constants -Wno-conversion -Wno-constant-conversion -Wno-int-conversion -Wno-bool-conversion -Wno-enum-conversion -Wno-float-conversion -Wno-non-literal-null-conversion -Wno-objc-literal-conversion -Wshorten-64-to-32 -Wpointer-sign -Wno-newline-eof -Wno-selector -Wno-strict-selector-match -Wno-undeclared-selector -Wno-deprecated-implementations -Wno-implicit-fallthrough -fstrict-aliasing -Wprotocol -Wdeprecated-declarations -Wno-sign-conversion -Wno-infinite-recursion -Wno-comma -Wno-block-capture-autoreleasing -Wno-strict-prototypes -Wno-semicolon-before-method-body -index-store-path /Users/emanuelflury/Library/Developer/Xcode/DerivedData/TaxedGmbH_IOS-gerngfqzuwudosgobknlgtoawnlj/Index.noindex/DataStore @/Users/emanuelflury/Library/Developer/Xcode/DerivedData/TaxedGmbH_IOS-gerngfqzuwudosgobknlgtoawnlj/Build/Intermediates.noindex/Promises.build/Debug-iphoneos/FBLPromises.build/Objects-normal/arm64/e6072d4f65d7061329687fe24e3d63a7-common-args.resp -include /Users/emanuelflury/Library/Developer/Xcode/DerivedData/TaxedGmbH_IOS-gerngfqzuwudosgobknlgtoawnlj/Build/Intermediates.noindex/Promises.build/Debug-iphoneos/FBLPromises.build/DerivedSources/resource_bundle_accessor.h -MMD -MT dependencies -MF /Users/emanuelflury/Library/Developer/Xcode/DerivedData/TaxedGmbH_IOS-gerngfqzuwudosgobknlgtoawnlj/Build/Intermediates.noindex/Promises.build/Debug-iphoneos/FBLPromises.build/Objects-normal/arm64/FBLPromise+Delay.d --serialize-diagnostics /Users/emanuelflury/Library/Developer/Xcode/DerivedData/TaxedGmbH_IOS-gerngfqzuwudosgobknlgtoawnlj/Build/Intermediates.noindex/Promises.build/Debug-iphoneos/FBLPromises.build/Objects-normal/arm64/FBLPromise+Delay.dia -c /Users/emanuelflury/Library/Developer/Xcode/DerivedData/TaxedGmbH_IOS-gerngfqzuwudosgobknlgtoawnlj/SourcePackages/checkouts/promises/Sources/FBLPromises/FBLPromise+Delay.m -o /Users/emanuelflury/Library/Developer/Xcode/DerivedData/TaxedGmbH_IOS-gerngfqzuwudosgobknlgtoawnlj/Build/Intermediates.noindex/Promises.build/Debug-iphoneos/FBLPromises.build/Objects-normal/arm64/FBLPromise+Delay.o -index-unit-output-path /Promises.build/Debug-iphoneos/FBLPromises.build/Objects-normal/arm64/FBLPromise+Delay.o

ScanDependencies /Users/emanuelflury/Library/Developer/Xcode/DerivedData/TaxedGmbH_IOS-gerngfqzuwudosgobknlgtoawnlj/Build/Intermediates.noindex/Promises.build/Debug-iphoneos/FBLPromises.build/Objects-normal/arm64/FBLPromise+Await.o /Users/emanuelflury/Library/Developer/Xcode/DerivedData/TaxedGmbH_IOS-gerngfqzuwudosgobknlgtoawnlj/SourcePackages/checkouts/promises/Sources/FBLPromises/FBLPromise+Await.m normal arm64 objective-c com.apple.compilers.llvm.clang.1_0.compiler (in target 'FBLPromises' from project 'Promises')
    cd /Users/emanuelflury/github/TaxedGmbH_IOS/TaxedGmbH_IOS.xcodeproj
    
    Using response file: /Users/emanuelflury/Library/Developer/Xcode/DerivedData/TaxedGmbH_IOS-gerngfqzuwudosgobknlgtoawnlj/Build/Intermediates.noindex/Promises.build/Debug-iphoneos/FBLPromises.build/Objects-normal/arm64/e6072d4f65d7061329687fe24e3d63a7-common-args.resp
    
    builtin-ScanDependencies -o /Users/emanuelflury/Library/Developer/Xcode/DerivedData/TaxedGmbH_IOS-gerngfqzuwudosgobknlgtoawnlj/Build/Intermediates.noindex/Promises.build/Debug-iphoneos/FBLPromises.build/Objects-normal/arm64/FBLPromise+Await.o.scan -- /Applications/Xcode.app/Contents/Developer/Toolchains/XcodeDefault.xctoolchain/usr/bin/clang -x objective-c -ivfsstatcache /Users/emanuelflury/Library/Developer/Xcode/DerivedData/SDKStatCaches.noindex/iphoneos26.1-23B77-69b33fc7382b27d9b5d46e82a00f8e78.sdkstatcache -fmessage-length\=0 -fdiagnostics-show-note-include-stack -fmacro-backtrace-limit\=0 -fno-color-diagnostics -fmodules-prune-interval\=86400 -fmodules-prune-after\=345600 -fbuild-session-file\=/Users/emanuelflury/Library/Developer/Xcode/DerivedData/ModuleCache.noindex/Session.modulevalidation -fmodules-validate-once-per-build-session -Wnon-modular-include-in-framework-module -Werror\=non-modular-include-in-framework-module -Wno-trigraphs -Wno-missing-field-initializers -Wno-missing-prototypes -Wno-return-type -Wno-implicit-atomic-properties -Wno-objc-interface-ivars -Wno-arc-repeated-use-of-weak -Wno-missing-braces -Wparentheses -Wswitch -Wno-unused-function -Wno-unused-label -Wno-unused-parameter -Wno-unused-variable -Wunused-value -Wno-empty-body -Wno-uninitialized -Wno-unknown-pragmas -w -Wno-shadow -Wno-four-char-constants -Wno-conversion -Wno-constant-conversion -Wno-int-conversion -Wno-bool-conversion -Wno-enum-conversion -Wno-float-conversion -Wno-non-literal-null-conversion -Wno-objc-literal-conversion -Wshorten-64-to-32 -Wpointer-sign -Wno-newline-eof -Wno-selector -Wno-strict-selector-match -Wno-undeclared-selector -Wno-deprecated-implementations -Wno-implicit-fallthrough -fstrict-aliasing -Wprotocol -Wdeprecated-declarations -Wno-sign-conversion -Wno-infinite-recursion -Wno-comma -Wno-block-capture-autoreleasing -Wno-strict-prototypes -Wno-semicolon-before-method-body -index-store-path /Users/emanuelflury/Library/Developer/Xcode/DerivedData/TaxedGmbH_IOS-gerngfqzuwudosgobknlgtoawnlj/Index.noindex/DataStore @/Users/emanuelflury/Library/Developer/Xcode/DerivedData/TaxedGmbH_IOS-gerngfqzuwudosgobknlgtoawnlj/Build/Intermediates.noindex/Promises.build/Debug-iphoneos/FBLPromises.build/Objects-normal/arm64/e6072d4f65d7061329687fe24e3d63a7-common-args.resp -include /Users/emanuelflury/Library/Developer/Xcode/DerivedData/TaxedGmbH_IOS-gerngfqzuwudosgobknlgtoawnlj/Build/Intermediates.noindex/Promises.build/Debug-iphoneos/FBLPromises.build/DerivedSources/resource_bundle_accessor.h -MMD -MT dependencies -MF /Users/emanuelflury/Library/Developer/Xcode/DerivedData/TaxedGmbH_IOS-gerngfqzuwudosgobknlgtoawnlj/Build/Intermediates.noindex/Promises.build/Debug-iphoneos/FBLPromises.build/Objects-normal/arm64/FBLPromise+Await.d --serialize-diagnostics /Users/emanuelflury/Library/Developer/Xcode/DerivedData/TaxedGmbH_IOS-gerngfqzuwudosgobknlgtoawnlj/Build/Intermediates.noindex/Promises.build/Debug-iphoneos/FBLPromises.build/Objects-normal/arm64/FBLPromise+Await.dia -c /Users/emanuelflury/Library/Developer/Xcode/DerivedData/TaxedGmbH_IOS-gerngfqzuwudosgobknlgtoawnlj/SourcePackages/checkouts/promises/Sources/FBLPromises/FBLPromise+Await.m -o /Users/emanuelflury/Library/Developer/Xcode/DerivedData/TaxedGmbH_IOS-gerngfqzuwudosgobknlgtoawnlj/Build/Intermediates.noindex/Promises.build/Debug-iphoneos/FBLPromises.build/Objects-normal/arm64/FBLPromise+Await.o -index-unit-output-path /Promises.build/Debug-iphoneos/FBLPromises.build/Objects-normal/arm64/FBLPromise+Await.o

ScanDependencies /Users/emanuelflury/Library/Developer/Xcode/DerivedData/TaxedGmbH_IOS-gerngfqzuwudosgobknlgtoawnlj/Build/Intermediates.noindex/Promises.build/Debug-iphoneos/FBLPromises.build/Objects-normal/arm64/FBLPromise+Catch.o /Users/emanuelflury/Library/Developer/Xcode/DerivedData/TaxedGmbH_IOS-gerngfqzuwudosgobknlgtoawnlj/SourcePackages/checkouts/promises/Sources/FBLPromises/FBLPromise+Catch.m normal arm64 objective-c com.apple.compilers.llvm.clang.1_0.compiler (in target 'FBLPromises' from project 'Promises')
    cd /Users/emanuelflury/github/TaxedGmbH_IOS/TaxedGmbH_IOS.xcodeproj
    
    Using response file: /Users/emanuelflury/Library/Developer/Xcode/DerivedData/TaxedGmbH_IOS-gerngfqzuwudosgobknlgtoawnlj/Build/Intermediates.noindex/Promises.build/Debug-iphoneos/FBLPromises.build/Objects-normal/arm64/e6072d4f65d7061329687fe24e3d63a7-common-args.resp
    
    builtin-ScanDependencies -o /Users/emanuelflury/Library/Developer/Xcode/DerivedData/TaxedGmbH_IOS-gerngfqzuwudosgobknlgtoawnlj/Build/Intermediates.noindex/Promises.build/Debug-iphoneos/FBLPromises.build/Objects-normal/arm64/FBLPromise+Catch.o.scan -- /Applications/Xcode.app/Contents/Developer/Toolchains/XcodeDefault.xctoolchain/usr/bin/clang -x objective-c -ivfsstatcache /Users/emanuelflury/Library/Developer/Xcode/DerivedData/SDKStatCaches.noindex/iphoneos26.1-23B77-69b33fc7382b27d9b5d46e82a00f8e78.sdkstatcache -fmessage-length\=0 -fdiagnostics-show-note-include-stack -fmacro-backtrace-limit\=0 -fno-color-diagnostics -fmodules-prune-interval\=86400 -fmodules-prune-after\=345600 -fbuild-session-file\=/Users/emanuelflury/Library/Developer/Xcode/DerivedData/ModuleCache.noindex/Session.modulevalidation -fmodules-validate-once-per-build-session -Wnon-modular-include-in-framework-module -Werror\=non-modular-include-in-framework-module -Wno-trigraphs -Wno-missing-field-initializers -Wno-missing-prototypes -Wno-return-type -Wno-implicit-atomic-properties -Wno-objc-interface-ivars -Wno-arc-repeated-use-of-weak -Wno-missing-braces -Wparentheses -Wswitch -Wno-unused-function -Wno-unused-label -Wno-unused-parameter -Wno-unused-variable -Wunused-value -Wno-empty-body -Wno-uninitialized -Wno-unknown-pragmas -w -Wno-shadow -Wno-four-char-constants -Wno-conversion -Wno-constant-conversion -Wno-int-conversion -Wno-bool-conversion -Wno-enum-conversion -Wno-float-conversion -Wno-non-literal-null-conversion -Wno-objc-literal-conversion -Wshorten-64-to-32 -Wpointer-sign -Wno-newline-eof -Wno-selector -Wno-strict-selector-match -Wno-undeclared-selector -Wno-deprecated-implementations -Wno-implicit-fallthrough -fstrict-aliasing -Wprotocol -Wdeprecated-declarations -Wno-sign-conversion -Wno-infinite-recursion -Wno-comma -Wno-block-capture-autoreleasing -Wno-strict-prototypes -Wno-semicolon-before-method-body -index-store-path /Users/emanuelflury/Library/Developer/Xcode/DerivedData/TaxedGmbH_IOS-gerngfqzuwudosgobknlgtoawnlj/Index.noindex/DataStore @/Users/emanuelflury/Library/Developer/Xcode/DerivedData/TaxedGmbH_IOS-gerngfqzuwudosgobknlgtoawnlj/Build/Intermediates.noindex/Promises.build/Debug-iphoneos/FBLPromises.build/Objects-normal/arm64/e6072d4f65d7061329687fe24e3d63a7-common-args.resp -include /Users/emanuelflury/Library/Developer/Xcode/DerivedData/TaxedGmbH_IOS-gerngfqzuwudosgobknlgtoawnlj/Build/Intermediates.noindex/Promises.build/Debug-iphoneos/FBLPromises.build/DerivedSources/resource_bundle_accessor.h -MMD -MT dependencies -MF /Users/emanuelflury/Library/Developer/Xcode/DerivedData/TaxedGmbH_IOS-gerngfqzuwudosgobknlgtoawnlj/Build/Intermediates.noindex/Promises.build/Debug-iphoneos/FBLPromises.build/Objects-normal/arm64/FBLPromise+Catch.d --serialize-diagnostics /Users/emanuelflury/Library/Developer/Xcode/DerivedData/TaxedGmbH_IOS-gerngfqzuwudosgobknlgtoawnlj/Build/Intermediates.noindex/Promises.build/Debug-iphoneos/FBLPromises.build/Objects-normal/arm64/FBLPromise+Catch.dia -c /Users/emanuelflury/Library/Developer/Xcode/DerivedData/TaxedGmbH_IOS-gerngfqzuwudosgobknlgtoawnlj/SourcePackages/checkouts/promises/Sources/FBLPromises/FBLPromise+Catch.m -o /Users/emanuelflury/Library/Developer/Xcode/DerivedData/TaxedGmbH_IOS-gerngfqzuwudosgobknlgtoawnlj/Build/Intermediates.noindex/Promises.build/Debug-iphoneos/FBLPromises.build/Objects-normal/arm64/FBLPromise+Catch.o -index-unit-output-path /Promises.build/Debug-iphoneos/FBLPromises.build/Objects-normal/arm64/FBLPromise+Catch.o

ScanDependencies /Users/emanuelflury/Library/Developer/Xcode/DerivedData/TaxedGmbH_IOS-gerngfqzuwudosgobknlgtoawnlj/Build/Intermediates.noindex/Promises.build/Debug-iphoneos/FBLPromises.build/Objects-normal/arm64/FBLPromise+Async.o /Users/emanuelflury/Library/Developer/Xcode/DerivedData/TaxedGmbH_IOS-gerngfqzuwudosgobknlgtoawnlj/SourcePackages/checkouts/promises/Sources/FBLPromises/FBLPromise+Async.m normal arm64 objective-c com.apple.compilers.llvm.clang.1_0.compiler (in target 'FBLPromises' from project 'Promises')
    cd /Users/emanuelflury/github/TaxedGmbH_IOS/TaxedGmbH_IOS.xcodeproj
    
    Using response file: /Users/emanuelflury/Library/Developer/Xcode/DerivedData/TaxedGmbH_IOS-gerngfqzuwudosgobknlgtoawnlj/Build/Intermediates.noindex/Promises.build/Debug-iphoneos/FBLPromises.build/Objects-normal/arm64/e6072d4f65d7061329687fe24e3d63a7-common-args.resp
    
    builtin-ScanDependencies -o /Users/emanuelflury/Library/Developer/Xcode/DerivedData/TaxedGmbH_IOS-gerngfqzuwudosgobknlgtoawnlj/Build/Intermediates.noindex/Promises.build/Debug-iphoneos/FBLPromises.build/Objects-normal/arm64/FBLPromise+Async.o.scan -- /Applications/Xcode.app/Contents/Developer/Toolchains/XcodeDefault.xctoolchain/usr/bin/clang -x objective-c -ivfsstatcache /Users/emanuelflury/Library/Developer/Xcode/DerivedData/SDKStatCaches.noindex/iphoneos26.1-23B77-69b33fc7382b27d9b5d46e82a00f8e78.sdkstatcache -fmessage-length\=0 -fdiagnostics-show-note-include-stack -fmacro-backtrace-limit\=0 -fno-color-diagnostics -fmodules-prune-interval\=86400 -fmodules-prune-after\=345600 -fbuild-session-file\=/Users/emanuelflury/Library/Developer/Xcode/DerivedData/ModuleCache.noindex/Session.modulevalidation -fmodules-validate-once-per-build-session -Wnon-modular-include-in-framework-module -Werror\=non-modular-include-in-framework-module -Wno-trigraphs -Wno-missing-field-initializers -Wno-missing-prototypes -Wno-return-type -Wno-implicit-atomic-properties -Wno-objc-interface-ivars -Wno-arc-repeated-use-of-weak -Wno-missing-braces -Wparentheses -Wswitch -Wno-unused-function -Wno-unused-label -Wno-unused-parameter -Wno-unused-variable -Wunused-value -Wno-empty-body -Wno-uninitialized -Wno-unknown-pragmas -w -Wno-shadow -Wno-four-char-constants -Wno-conversion -Wno-constant-conversion -Wno-int-conversion -Wno-bool-conversion -Wno-enum-conversion -Wno-float-conversion -Wno-non-literal-null-conversion -Wno-objc-literal-conversion -Wshorten-64-to-32 -Wpointer-sign -Wno-newline-eof -Wno-selector -Wno-strict-selector-match -Wno-undeclared-selector -Wno-deprecated-implementations -Wno-implicit-fallthrough -fstrict-aliasing -Wprotocol -Wdeprecated-declarations -Wno-sign-conversion -Wno-infinite-recursion -Wno-comma -Wno-block-capture-autoreleasing -Wno-strict-prototypes -Wno-semicolon-before-method-body -index-store-path /Users/emanuelflury/Library/Developer/Xcode/DerivedData/TaxedGmbH_IOS-gerngfqzuwudosgobknlgtoawnlj/Index.noindex/DataStore @/Users/emanuelflury/Library/Developer/Xcode/DerivedData/TaxedGmbH_IOS-gerngfqzuwudosgobknlgtoawnlj/Build/Intermediates.noindex/Promises.build/Debug-iphoneos/FBLPromises.build/Objects-normal/arm64/e6072d4f65d7061329687fe24e3d63a7-common-args.resp -include /Users/emanuelflury/Library/Developer/Xcode/DerivedData/TaxedGmbH_IOS-gerngfqzuwudosgobknlgtoawnlj/Build/Intermediates.noindex/Promises.build/Debug-iphoneos/FBLPromises.build/DerivedSources/resource_bundle_accessor.h -MMD -MT dependencies -MF /Users/emanuelflury/Library/Developer/Xcode/DerivedData/TaxedGmbH_IOS-gerngfqzuwudosgobknlgtoawnlj/Build/Intermediates.noindex/Promises.build/Debug-iphoneos/FBLPromises.build/Objects-normal/arm64/FBLPromise+Async.d --serialize-diagnostics /Users/emanuelflury/Library/Developer/Xcode/DerivedData/TaxedGmbH_IOS-gerngfqzuwudosgobknlgtoawnlj/Build/Intermediates.noindex/Promises.build/Debug-iphoneos/FBLPromises.build/Objects-normal/arm64/FBLPromise+Async.dia -c /Users/emanuelflury/Library/Developer/Xcode/DerivedData/TaxedGmbH_IOS-gerngfqzuwudosgobknlgtoawnlj/SourcePackages/checkouts/promises/Sources/FBLPromises/FBLPromise+Async.m -o /Users/emanuelflury/Library/Developer/Xcode/DerivedData/TaxedGmbH_IOS-gerngfqzuwudosgobknlgtoawnlj/Build/Intermediates.noindex/Promises.build/Debug-iphoneos/FBLPromises.build/Objects-normal/arm64/FBLPromise+Async.o -index-unit-output-path /Promises.build/Debug-iphoneos/FBLPromises.build/Objects-normal/arm64/FBLPromise+Async.o

ScanDependencies /Users/emanuelflury/Library/Developer/Xcode/DerivedData/TaxedGmbH_IOS-gerngfqzuwudosgobknlgtoawnlj/Build/Intermediates.noindex/Promises.build/Debug-iphoneos/FBLPromises.build/Objects-normal/arm64/FBLPromise+Any.o /Users/emanuelflury/Library/Developer/Xcode/DerivedData/TaxedGmbH_IOS-gerngfqzuwudosgobknlgtoawnlj/SourcePackages/checkouts/promises/Sources/FBLPromises/FBLPromise+Any.m normal arm64 objective-c com.apple.compilers.llvm.clang.1_0.compiler (in target 'FBLPromises' from project 'Promises')
    cd /Users/emanuelflury/github/TaxedGmbH_IOS/TaxedGmbH_IOS.xcodeproj
    
    Using response file: /Users/emanuelflury/Library/Developer/Xcode/DerivedData/TaxedGmbH_IOS-gerngfqzuwudosgobknlgtoawnlj/Build/Intermediates.noindex/Promises.build/Debug-iphoneos/FBLPromises.build/Objects-normal/arm64/e6072d4f65d7061329687fe24e3d63a7-common-args.resp
    
    builtin-ScanDependencies -o /Users/emanuelflury/Library/Developer/Xcode/DerivedData/TaxedGmbH_IOS-gerngfqzuwudosgobknlgtoawnlj/Build/Intermediates.noindex/Promises.build/Debug-iphoneos/FBLPromises.build/Objects-normal/arm64/FBLPromise+Any.o.scan -- /Applications/Xcode.app/Contents/Developer/Toolchains/XcodeDefault.xctoolchain/usr/bin/clang -x objective-c -ivfsstatcache /Users/emanuelflury/Library/Developer/Xcode/DerivedData/SDKStatCaches.noindex/iphoneos26.1-23B77-69b33fc7382b27d9b5d46e82a00f8e78.sdkstatcache -fmessage-length\=0 -fdiagnostics-show-note-include-stack -fmacro-backtrace-limit\=0 -fno-color-diagnostics -fmodules-prune-interval\=86400 -fmodules-prune-after\=345600 -fbuild-session-file\=/Users/emanuelflury/Library/Developer/Xcode/DerivedData/ModuleCache.noindex/Session.modulevalidation -fmodules-validate-once-per-build-session -Wnon-modular-include-in-framework-module -Werror\=non-modular-include-in-framework-module -Wno-trigraphs -Wno-missing-field-initializers -Wno-missing-prototypes -Wno-return-type -Wno-implicit-atomic-properties -Wno-objc-interface-ivars -Wno-arc-repeated-use-of-weak -Wno-missing-braces -Wparentheses -Wswitch -Wno-unused-function -Wno-unused-label -Wno-unused-parameter -Wno-unused-variable -Wunused-value -Wno-empty-body -Wno-uninitialized -Wno-unknown-pragmas -w -Wno-shadow -Wno-four-char-constants -Wno-conversion -Wno-constant-conversion -Wno-int-conversion -Wno-bool-conversion -Wno-enum-conversion -Wno-float-conversion -Wno-non-literal-null-conversion -Wno-objc-literal-conversion -Wshorten-64-to-32 -Wpointer-sign -Wno-newline-eof -Wno-selector -Wno-strict-selector-match -Wno-undeclared-selector -Wno-deprecated-implementations -Wno-implicit-fallthrough -fstrict-aliasing -Wprotocol -Wdeprecated-declarations -Wno-sign-conversion -Wno-infinite-recursion -Wno-comma -Wno-block-capture-autoreleasing -Wno-strict-prototypes -Wno-semicolon-before-method-body -index-store-path /Users/emanuelflury/Library/Developer/Xcode/DerivedData/TaxedGmbH_IOS-gerngfqzuwudosgobknlgtoawnlj/Index.noindex/DataStore @/Users/emanuelflury/Library/Developer/Xcode/DerivedData/TaxedGmbH_IOS-gerngfqzuwudosgobknlgtoawnlj/Build/Intermediates.noindex/Promises.build/Debug-iphoneos/FBLPromises.build/Objects-normal/arm64/e6072d4f65d7061329687fe24e3d63a7-common-args.resp -include /Users/emanuelflury/Library/Developer/Xcode/DerivedData/TaxedGmbH_IOS-gerngfqzuwudosgobknlgtoawnlj/Build/Intermediates.noindex/Promises.build/Debug-iphoneos/FBLPromises.build/DerivedSources/resource_bundle_accessor.h -MMD -MT dependencies -MF /Users/emanuelflury/Library/Developer/Xcode/DerivedData/TaxedGmbH_IOS-gerngfqzuwudosgobknlgtoawnlj/Build/Intermediates.noindex/Promises.build/Debug-iphoneos/FBLPromises.build/Objects-normal/arm64/FBLPromise+Any.d --serialize-diagnostics /Users/emanuelflury/Library/Developer/Xcode/DerivedData/TaxedGmbH_IOS-gerngfqzuwudosgobknlgtoawnlj/Build/Intermediates.noindex/Promises.build/Debug-iphoneos/FBLPromises.build/Objects-normal/arm64/FBLPromise+Any.dia -c /Users/emanuelflury/Library/Developer/Xcode/DerivedData/TaxedGmbH_IOS-gerngfqzuwudosgobknlgtoawnlj/SourcePackages/checkouts/promises/Sources/FBLPromises/FBLPromise+Any.m -o /Users/emanuelflury/Library/Developer/Xcode/DerivedData/TaxedGmbH_IOS-gerngfqzuwudosgobknlgtoawnlj/Build/Intermediates.noindex/Promises.build/Debug-iphoneos/FBLPromises.build/Objects-normal/arm64/FBLPromise+Any.o -index-unit-output-path /Promises.build/Debug-iphoneos/FBLPromises.build/Objects-normal/arm64/FBLPromise+Any.o

ScanDependencies /Users/emanuelflury/Library/Developer/Xcode/DerivedData/TaxedGmbH_IOS-gerngfqzuwudosgobknlgtoawnlj/Build/Intermediates.noindex/Promises.build/Debug-iphoneos/FBLPromises.build/Objects-normal/arm64/FBLPromise+Always.o /Users/emanuelflury/Library/Developer/Xcode/DerivedData/TaxedGmbH_IOS-gerngfqzuwudosgobknlgtoawnlj/SourcePackages/checkouts/promises/Sources/FBLPromises/FBLPromise+Always.m normal arm64 objective-c com.apple.compilers.llvm.clang.1_0.compiler (in target 'FBLPromises' from project 'Promises')
    cd /Users/emanuelflury/github/TaxedGmbH_IOS/TaxedGmbH_IOS.xcodeproj
    
    Using response file: /Users/emanuelflury/Library/Developer/Xcode/DerivedData/TaxedGmbH_IOS-gerngfqzuwudosgobknlgtoawnlj/Build/Intermediates.noindex/Promises.build/Debug-iphoneos/FBLPromises.build/Objects-normal/arm64/e6072d4f65d7061329687fe24e3d63a7-common-args.resp
    
    builtin-ScanDependencies -o /Users/emanuelflury/Library/Developer/Xcode/DerivedData/TaxedGmbH_IOS-gerngfqzuwudosgobknlgtoawnlj/Build/Intermediates.noindex/Promises.build/Debug-iphoneos/FBLPromises.build/Objects-normal/arm64/FBLPromise+Always.o.scan -- /Applications/Xcode.app/Contents/Developer/Toolchains/XcodeDefault.xctoolchain/usr/bin/clang -x objective-c -ivfsstatcache /Users/emanuelflury/Library/Developer/Xcode/DerivedData/SDKStatCaches.noindex/iphoneos26.1-23B77-69b33fc7382b27d9b5d46e82a00f8e78.sdkstatcache -fmessage-length\=0 -fdiagnostics-show-note-include-stack -fmacro-backtrace-limit\=0 -fno-color-diagnostics -fmodules-prune-interval\=86400 -fmodules-prune-after\=345600 -fbuild-session-file\=/Users/emanuelflury/Library/Developer/Xcode/DerivedData/ModuleCache.noindex/Session.modulevalidation -fmodules-validate-once-per-build-session -Wnon-modular-include-in-framework-module -Werror\=non-modular-include-in-framework-module -Wno-trigraphs -Wno-missing-field-initializers -Wno-missing-prototypes -Wno-return-type -Wno-implicit-atomic-properties -Wno-objc-interface-ivars -Wno-arc-repeated-use-of-weak -Wno-missing-braces -Wparentheses -Wswitch -Wno-unused-function -Wno-unused-label -Wno-unused-parameter -Wno-unused-variable -Wunused-value -Wno-empty-body -Wno-uninitialized -Wno-unknown-pragmas -w -Wno-shadow -Wno-four-char-constants -Wno-conversion -Wno-constant-conversion -Wno-int-conversion -Wno-bool-conversion -Wno-enum-conversion -Wno-float-conversion -Wno-non-literal-null-conversion -Wno-objc-literal-conversion -Wshorten-64-to-32 -Wpointer-sign -Wno-newline-eof -Wno-selector -Wno-strict-selector-match -Wno-undeclared-selector -Wno-deprecated-implementations -Wno-implicit-fallthrough -fstrict-aliasing -Wprotocol -Wdeprecated-declarations -Wno-sign-conversion -Wno-infinite-recursion -Wno-comma -Wno-block-capture-autoreleasing -Wno-strict-prototypes -Wno-semicolon-before-method-body -index-store-path /Users/emanuelflury/Library/Developer/Xcode/DerivedData/TaxedGmbH_IOS-gerngfqzuwudosgobknlgtoawnlj/Index.noindex/DataStore @/Users/emanuelflury/Library/Developer/Xcode/DerivedData/TaxedGmbH_IOS-gerngfqzuwudosgobknlgtoawnlj/Build/Intermediates.noindex/Promises.build/Debug-iphoneos/FBLPromises.build/Objects-normal/arm64/e6072d4f65d7061329687fe24e3d63a7-common-args.resp -include /Users/emanuelflury/Library/Developer/Xcode/DerivedData/TaxedGmbH_IOS-gerngfqzuwudosgobknlgtoawnlj/Build/Intermediates.noindex/Promises.build/Debug-iphoneos/FBLPromises.build/DerivedSources/resource_bundle_accessor.h -MMD -MT dependencies -MF /Users/emanuelflury/Library/Developer/Xcode/DerivedData/TaxedGmbH_IOS-gerngfqzuwudosgobknlgtoawnlj/Build/Intermediates.noindex/Promises.build/Debug-iphoneos/FBLPromises.build/Objects-normal/arm64/FBLPromise+Always.d --serialize-diagnostics /Users/emanuelflury/Library/Developer/Xcode/DerivedData/TaxedGmbH_IOS-gerngfqzuwudosgobknlgtoawnlj/Build/Intermediates.noindex/Promises.build/Debug-iphoneos/FBLPromises.build/Objects-normal/arm64/FBLPromise+Always.dia -c /Users/emanuelflury/Library/Developer/Xcode/DerivedData/TaxedGmbH_IOS-gerngfqzuwudosgobknlgtoawnlj/SourcePackages/checkouts/promises/Sources/FBLPromises/FBLPromise+Always.m -o /Users/emanuelflury/Library/Developer/Xcode/DerivedData/TaxedGmbH_IOS-gerngfqzuwudosgobknlgtoawnlj/Build/Intermediates.noindex/Promises.build/Debug-iphoneos/FBLPromises.build/Objects-normal/arm64/FBLPromise+Always.o -index-unit-output-path /Promises.build/Debug-iphoneos/FBLPromises.build/Objects-normal/arm64/FBLPromise+Always.o

ScanDependencies /Users/emanuelflury/Library/Developer/Xcode/DerivedData/TaxedGmbH_IOS-gerngfqzuwudosgobknlgtoawnlj/Build/Intermediates.noindex/Promises.build/Debug-iphoneos/FBLPromises.build/Objects-normal/arm64/FBLPromise+All.o /Users/emanuelflury/Library/Developer/Xcode/DerivedData/TaxedGmbH_IOS-gerngfqzuwudosgobknlgtoawnlj/SourcePackages/checkouts/promises/Sources/FBLPromises/FBLPromise+All.m normal arm64 objective-c com.apple.compilers.llvm.clang.1_0.compiler (in target 'FBLPromises' from project 'Promises')
    cd /Users/emanuelflury/github/TaxedGmbH_IOS/TaxedGmbH_IOS.xcodeproj
    
    Using response file: /Users/emanuelflury/Library/Developer/Xcode/DerivedData/TaxedGmbH_IOS-gerngfqzuwudosgobknlgtoawnlj/Build/Intermediates.noindex/Promises.build/Debug-iphoneos/FBLPromises.build/Objects-normal/arm64/e6072d4f65d7061329687fe24e3d63a7-common-args.resp
    
    builtin-ScanDependencies -o /Users/emanuelflury/Library/Developer/Xcode/DerivedData/TaxedGmbH_IOS-gerngfqzuwudosgobknlgtoawnlj/Build/Intermediates.noindex/Promises.build/Debug-iphoneos/FBLPromises.build/Objects-normal/arm64/FBLPromise+All.o.scan -- /Applications/Xcode.app/Contents/Developer/Toolchains/XcodeDefault.xctoolchain/usr/bin/clang -x objective-c -ivfsstatcache /Users/emanuelflury/Library/Developer/Xcode/DerivedData/SDKStatCaches.noindex/iphoneos26.1-23B77-69b33fc7382b27d9b5d46e82a00f8e78.sdkstatcache -fmessage-length\=0 -fdiagnostics-show-note-include-stack -fmacro-backtrace-limit\=0 -fno-color-diagnostics -fmodules-prune-interval\=86400 -fmodules-prune-after\=345600 -fbuild-session-file\=/Users/emanuelflury/Library/Developer/Xcode/DerivedData/ModuleCache.noindex/Session.modulevalidation -fmodules-validate-once-per-build-session -Wnon-modular-include-in-framework-module -Werror\=non-modular-include-in-framework-module -Wno-trigraphs -Wno-missing-field-initializers -Wno-missing-prototypes -Wno-return-type -Wno-implicit-atomic-properties -Wno-objc-interface-ivars -Wno-arc-repeated-use-of-weak -Wno-missing-braces -Wparentheses -Wswitch -Wno-unused-function -Wno-unused-label -Wno-unused-parameter -Wno-unused-variable -Wunused-value -Wno-empty-body -Wno-uninitialized -Wno-unknown-pragmas -w -Wno-shadow -Wno-four-char-constants -Wno-conversion -Wno-constant-conversion -Wno-int-conversion -Wno-bool-conversion -Wno-enum-conversion -Wno-float-conversion -Wno-non-literal-null-conversion -Wno-objc-literal-conversion -Wshorten-64-to-32 -Wpointer-sign -Wno-newline-eof -Wno-selector -Wno-strict-selector-match -Wno-undeclared-selector -Wno-deprecated-implementations -Wno-implicit-fallthrough -fstrict-aliasing -Wprotocol -Wdeprecated-declarations -Wno-sign-conversion -Wno-infinite-recursion -Wno-comma -Wno-block-capture-autoreleasing -Wno-strict-prototypes -Wno-semicolon-before-method-body -index-store-path /Users/emanuelflury/Library/Developer/Xcode/DerivedData/TaxedGmbH_IOS-gerngfqzuwudosgobknlgtoawnlj/Index.noindex/DataStore @/Users/emanuelflury/Library/Developer/Xcode/DerivedData/TaxedGmbH_IOS-gerngfqzuwudosgobknlgtoawnlj/Build/Intermediates.noindex/Promises.build/Debug-iphoneos/FBLPromises.build/Objects-normal/arm64/e6072d4f65d7061329687fe24e3d63a7-common-args.resp -include /Users/emanuelflury/Library/Developer/Xcode/DerivedData/TaxedGmbH_IOS-gerngfqzuwudosgobknlgtoawnlj/Build/Intermediates.noindex/Promises.build/Debug-iphoneos/FBLPromises.build/DerivedSources/resource_bundle_accessor.h -MMD -MT dependencies -MF /Users/emanuelflury/Library/Developer/Xcode/DerivedData/TaxedGmbH_IOS-gerngfqzuwudosgobknlgtoawnlj/Build/Intermediates.noindex/Promises.build/Debug-iphoneos/FBLPromises.build/Objects-normal/arm64/FBLPromise+All.d --serialize-diagnostics /Users/emanuelflury/Library/Developer/Xcode/DerivedData/TaxedGmbH_IOS-gerngfqzuwudosgobknlgtoawnlj/Build/Intermediates.noindex/Promises.build/Debug-iphoneos/FBLPromises.build/Objects-normal/arm64/FBLPromise+All.dia -c /Users/emanuelflury/Library/Developer/Xcode/DerivedData/TaxedGmbH_IOS-gerngfqzuwudosgobknlgtoawnlj/SourcePackages/checkouts/promises/Sources/FBLPromises/FBLPromise+All.m -o /Users/emanuelflury/Library/Developer/Xcode/DerivedData/TaxedGmbH_IOS-gerngfqzuwudosgobknlgtoawnlj/Build/Intermediates.noindex/Promises.build/Debug-iphoneos/FBLPromises.build/Objects-normal/arm64/FBLPromise+All.o -index-unit-output-path /Promises.build/Debug-iphoneos/FBLPromises.build/Objects-normal/arm64/FBLPromise+All.o

Ld /Users/emanuelflury/Library/Developer/Xcode/DerivedData/TaxedGmbH_IOS-gerngfqzuwudosgobknlgtoawnlj/Build/Products/Debug-iphoneos/RecaptchaInterop.o normal (in target 'RecaptchaInterop' from project 'InteropForGoogle')
    cd /Users/emanuelflury/Library/Developer/Xcode/DerivedData/TaxedGmbH_IOS-gerngfqzuwudosgobknlgtoawnlj/SourcePackages/checkouts/interop-ios-for-google-sdks
    /Applications/Xcode.app/Contents/Developer/Toolchains/XcodeDefault.xctoolchain/usr/bin/clang -Xlinker -reproducible -target arm64-apple-ios12.0 -r -isysroot /Applications/Xcode.app/Contents/Developer/Platforms/iPhoneOS.platform/Developer/SDKs/iPhoneOS26.1.sdk -O0 -w -L/Users/emanuelflury/Library/Developer/Xcode/DerivedData/TaxedGmbH_IOS-gerngfqzuwudosgobknlgtoawnlj/Build/Intermediates.noindex/EagerLinkingTBDs/Debug-iphoneos -L/Users/emanuelflury/Library/Developer/Xcode/DerivedData/TaxedGmbH_IOS-gerngfqzuwudosgobknlgtoawnlj/Build/Products/Debug-iphoneos -L/Applications/Xcode.app/Contents/Developer/Platforms/iPhoneOS.platform/Developer/usr/lib -F/Users/emanuelflury/Library/Developer/Xcode/DerivedData/TaxedGmbH_IOS-gerngfqzuwudosgobknlgtoawnlj/Build/Intermediates.noindex/EagerLinkingTBDs/Debug-iphoneos -F/Users/emanuelflury/Library/Developer/Xcode/DerivedData/TaxedGmbH_IOS-gerngfqzuwudosgobknlgtoawnlj/Build/Products/Debug-iphoneos -iframework /Applications/Xcode.app/Contents/Developer/Platforms/iPhoneOS.platform/Developer/Library/Frameworks -iframework /Applications/Xcode.app/Contents/Developer/Platforms/iPhoneOS.platform/Developer/SDKs/iPhoneOS26.1.sdk/Developer/Library/Frameworks -filelist /Users/emanuelflury/Library/Developer/Xcode/DerivedData/TaxedGmbH_IOS-gerngfqzuwudosgobknlgtoawnlj/Build/Intermediates.noindex/InteropForGoogle.build/Debug-iphoneos/RecaptchaInterop.build/Objects-normal/arm64/RecaptchaInterop.LinkFileList -nostdlib -Xlinker -object_path_lto -Xlinker /Users/emanuelflury/Library/Developer/Xcode/DerivedData/TaxedGmbH_IOS-gerngfqzuwudosgobknlgtoawnlj/Build/Intermediates.noindex/InteropForGoogle.build/Debug-iphoneos/RecaptchaInterop.build/Objects-normal/arm64/RecaptchaInterop_lto.o -rdynamic -Xlinker -no_deduplicate -Xlinker -debug_variant -Xlinker -dependency_info -Xlinker /Users/emanuelflury/Library/Developer/Xcode/DerivedData/TaxedGmbH_IOS-gerngfqzuwudosgobknlgtoawnlj/Build/Intermediates.noindex/InteropForGoogle.build/Debug-iphoneos/RecaptchaInterop.build/Objects-normal/arm64/RecaptchaInterop_dependency_info.dat -fobjc-arc -fobjc-link-runtime -o /Users/emanuelflury/Library/Developer/Xcode/DerivedData/TaxedGmbH_IOS-gerngfqzuwudosgobknlgtoawnlj/Build/Products/Debug-iphoneos/RecaptchaInterop.o

Ld /Users/emanuelflury/Library/Developer/Xcode/DerivedData/TaxedGmbH_IOS-gerngfqzuwudosgobknlgtoawnlj/Build/Products/Debug-iphoneos/FirebaseMessagingInterop.o normal (in target 'FirebaseMessagingInterop' from project 'Firebase')
    cd /Users/emanuelflury/Library/Developer/Xcode/DerivedData/TaxedGmbH_IOS-gerngfqzuwudosgobknlgtoawnlj/SourcePackages/checkouts/firebase-ios-sdk
    /Applications/Xcode.app/Contents/Developer/Toolchains/XcodeDefault.xctoolchain/usr/bin/clang -Xlinker -reproducible -target arm64-apple-ios15.0 -r -isysroot /Applications/Xcode.app/Contents/Developer/Platforms/iPhoneOS.platform/Developer/SDKs/iPhoneOS26.1.sdk -O0 -w -L/Users/emanuelflury/Library/Developer/Xcode/DerivedData/TaxedGmbH_IOS-gerngfqzuwudosgobknlgtoawnlj/Build/Intermediates.noindex/EagerLinkingTBDs/Debug-iphoneos -L/Users/emanuelflury/Library/Developer/Xcode/DerivedData/TaxedGmbH_IOS-gerngfqzuwudosgobknlgtoawnlj/Build/Products/Debug-iphoneos -L/Applications/Xcode.app/Contents/Developer/Platforms/iPhoneOS.platform/Developer/usr/lib -F/Users/emanuelflury/Library/Developer/Xcode/DerivedData/TaxedGmbH_IOS-gerngfqzuwudosgobknlgtoawnlj/Build/Intermediates.noindex/EagerLinkingTBDs/Debug-iphoneos -F/Users/emanuelflury/Library/Developer/Xcode/DerivedData/TaxedGmbH_IOS-gerngfqzuwudosgobknlgtoawnlj/Build/Products/Debug-iphoneos -iframework /Applications/Xcode.app/Contents/Developer/Platforms/iPhoneOS.platform/Developer/Library/Frameworks -iframework /Applications/Xcode.app/Contents/Developer/Platforms/iPhoneOS.platform/Developer/SDKs/iPhoneOS26.1.sdk/Developer/Library/Frameworks -filelist /Users/emanuelflury/Library/Developer/Xcode/DerivedData/TaxedGmbH_IOS-gerngfqzuwudosgobknlgtoawnlj/Build/Intermediates.noindex/Firebase.build/Debug-iphoneos/FirebaseMessagingInterop.build/Objects-normal/arm64/FirebaseMessagingInterop.LinkFileList -nostdlib -Xlinker -object_path_lto -Xlinker /Users/emanuelflury/Library/Developer/Xcode/DerivedData/TaxedGmbH_IOS-gerngfqzuwudosgobknlgtoawnlj/Build/Intermediates.noindex/Firebase.build/Debug-iphoneos/FirebaseMessagingInterop.build/Objects-normal/arm64/FirebaseMessagingInterop_lto.o -rdynamic -Xlinker -no_deduplicate -Xlinker -debug_variant -Xlinker -dependency_info -Xlinker /Users/emanuelflury/Library/Developer/Xcode/DerivedData/TaxedGmbH_IOS-gerngfqzuwudosgobknlgtoawnlj/Build/Intermediates.noindex/Firebase.build/Debug-iphoneos/FirebaseMessagingInterop.build/Objects-normal/arm64/FirebaseMessagingInterop_dependency_info.dat -fobjc-arc -fobjc-link-runtime -o /Users/emanuelflury/Library/Developer/Xcode/DerivedData/TaxedGmbH_IOS-gerngfqzuwudosgobknlgtoawnlj/Build/Products/Debug-iphoneos/FirebaseMessagingInterop.o

Ld /Users/emanuelflury/Library/Developer/Xcode/DerivedData/TaxedGmbH_IOS-gerngfqzuwudosgobknlgtoawnlj/Build/Products/Debug-iphoneos/FirebaseAuthInterop.o normal (in target 'FirebaseAuthInterop' from project 'Firebase')
    cd /Users/emanuelflury/Library/Developer/Xcode/DerivedData/TaxedGmbH_IOS-gerngfqzuwudosgobknlgtoawnlj/SourcePackages/checkouts/firebase-ios-sdk
    /Applications/Xcode.app/Contents/Developer/Toolchains/XcodeDefault.xctoolchain/usr/bin/clang -Xlinker -reproducible -target arm64-apple-ios15.0 -r -isysroot /Applications/Xcode.app/Contents/Developer/Platforms/iPhoneOS.platform/Developer/SDKs/iPhoneOS26.1.sdk -O0 -w -L/Users/emanuelflury/Library/Developer/Xcode/DerivedData/TaxedGmbH_IOS-gerngfqzuwudosgobknlgtoawnlj/Build/Intermediates.noindex/EagerLinkingTBDs/Debug-iphoneos -L/Users/emanuelflury/Library/Developer/Xcode/DerivedData/TaxedGmbH_IOS-gerngfqzuwudosgobknlgtoawnlj/Build/Products/Debug-iphoneos -L/Applications/Xcode.app/Contents/Developer/Platforms/iPhoneOS.platform/Developer/usr/lib -F/Users/emanuelflury/Library/Developer/Xcode/DerivedData/TaxedGmbH_IOS-gerngfqzuwudosgobknlgtoawnlj/Build/Intermediates.noindex/EagerLinkingTBDs/Debug-iphoneos -F/Users/emanuelflury/Library/Developer/Xcode/DerivedData/TaxedGmbH_IOS-gerngfqzuwudosgobknlgtoawnlj/Build/Products/Debug-iphoneos -iframework /Applications/Xcode.app/Contents/Developer/Platforms/iPhoneOS.platform/Developer/Library/Frameworks -iframework /Applications/Xcode.app/Contents/Developer/Platforms/iPhoneOS.platform/Developer/SDKs/iPhoneOS26.1.sdk/Developer/Library/Frameworks -filelist /Users/emanuelflury/Library/Developer/Xcode/DerivedData/TaxedGmbH_IOS-gerngfqzuwudosgobknlgtoawnlj/Build/Intermediates.noindex/Firebase.build/Debug-iphoneos/FirebaseAuthInterop.build/Objects-normal/arm64/FirebaseAuthInterop.LinkFileList -nostdlib -Xlinker -object_path_lto -Xlinker /Users/emanuelflury/Library/Developer/Xcode/DerivedData/TaxedGmbH_IOS-gerngfqzuwudosgobknlgtoawnlj/Build/Intermediates.noindex/Firebase.build/Debug-iphoneos/FirebaseAuthInterop.build/Objects-normal/arm64/FirebaseAuthInterop_lto.o -rdynamic -Xlinker -no_deduplicate -Xlinker -debug_variant -Xlinker -dependency_info -Xlinker /Users/emanuelflury/Library/Developer/Xcode/DerivedData/TaxedGmbH_IOS-gerngfqzuwudosgobknlgtoawnlj/Build/Intermediates.noindex/Firebase.build/Debug-iphoneos/FirebaseAuthInterop.build/Objects-normal/arm64/FirebaseAuthInterop_dependency_info.dat -fobjc-arc -fobjc-link-runtime -o /Users/emanuelflury/Library/Developer/Xcode/DerivedData/TaxedGmbH_IOS-gerngfqzuwudosgobknlgtoawnlj/Build/Products/Debug-iphoneos/FirebaseAuthInterop.o

Ld /Users/emanuelflury/Library/Developer/Xcode/DerivedData/TaxedGmbH_IOS-gerngfqzuwudosgobknlgtoawnlj/Build/Products/Debug-iphoneos/FirebaseAppCheckInterop.o normal (in target 'FirebaseAppCheckInterop' from project 'Firebase')
    cd /Users/emanuelflury/Library/Developer/Xcode/DerivedData/TaxedGmbH_IOS-gerngfqzuwudosgobknlgtoawnlj/SourcePackages/checkouts/firebase-ios-sdk
    /Applications/Xcode.app/Contents/Developer/Toolchains/XcodeDefault.xctoolchain/usr/bin/clang -Xlinker -reproducible -target arm64-apple-ios15.0 -r -isysroot /Applications/Xcode.app/Contents/Developer/Platforms/iPhoneOS.platform/Developer/SDKs/iPhoneOS26.1.sdk -O0 -w -L/Users/emanuelflury/Library/Developer/Xcode/DerivedData/TaxedGmbH_IOS-gerngfqzuwudosgobknlgtoawnlj/Build/Intermediates.noindex/EagerLinkingTBDs/Debug-iphoneos -L/Users/emanuelflury/Library/Developer/Xcode/DerivedData/TaxedGmbH_IOS-gerngfqzuwudosgobknlgtoawnlj/Build/Products/Debug-iphoneos -L/Applications/Xcode.app/Contents/Developer/Platforms/iPhoneOS.platform/Developer/usr/lib -F/Users/emanuelflury/Library/Developer/Xcode/DerivedData/TaxedGmbH_IOS-gerngfqzuwudosgobknlgtoawnlj/Build/Intermediates.noindex/EagerLinkingTBDs/Debug-iphoneos -F/Users/emanuelflury/Library/Developer/Xcode/DerivedData/TaxedGmbH_IOS-gerngfqzuwudosgobknlgtoawnlj/Build/Products/Debug-iphoneos -iframework /Applications/Xcode.app/Contents/Developer/Platforms/iPhoneOS.platform/Developer/Library/Frameworks -iframework /Applications/Xcode.app/Contents/Developer/Platforms/iPhoneOS.platform/Developer/SDKs/iPhoneOS26.1.sdk/Developer/Library/Frameworks -filelist /Users/emanuelflury/Library/Developer/Xcode/DerivedData/TaxedGmbH_IOS-gerngfqzuwudosgobknlgtoawnlj/Build/Intermediates.noindex/Firebase.build/Debug-iphoneos/FirebaseAppCheckInterop.build/Objects-normal/arm64/FirebaseAppCheckInterop.LinkFileList -nostdlib -Xlinker -object_path_lto -Xlinker /Users/emanuelflury/Library/Developer/Xcode/DerivedData/TaxedGmbH_IOS-gerngfqzuwudosgobknlgtoawnlj/Build/Intermediates.noindex/Firebase.build/Debug-iphoneos/FirebaseAppCheckInterop.build/Objects-normal/arm64/FirebaseAppCheckInterop_lto.o -rdynamic -Xlinker -no_deduplicate -Xlinker -debug_variant -Xlinker -dependency_info -Xlinker /Users/emanuelflury/Library/Developer/Xcode/DerivedData/TaxedGmbH_IOS-gerngfqzuwudosgobknlgtoawnlj/Build/Intermediates.noindex/Firebase.build/Debug-iphoneos/FirebaseAppCheckInterop.build/Objects-normal/arm64/FirebaseAppCheckInterop_dependency_info.dat -fobjc-arc -fobjc-link-runtime -o /Users/emanuelflury/Library/Developer/Xcode/DerivedData/TaxedGmbH_IOS-gerngfqzuwudosgobknlgtoawnlj/Build/Products/Debug-iphoneos/FirebaseAppCheckInterop.o

Ld /Users/emanuelflury/Library/Developer/Xcode/DerivedData/TaxedGmbH_IOS-gerngfqzuwudosgobknlgtoawnlj/Build/Products/Debug-iphoneos/Firebase.o normal (in target 'Firebase' from project 'Firebase')
    cd /Users/emanuelflury/Library/Developer/Xcode/DerivedData/TaxedGmbH_IOS-gerngfqzuwudosgobknlgtoawnlj/SourcePackages/checkouts/firebase-ios-sdk
    /Applications/Xcode.app/Contents/Developer/Toolchains/XcodeDefault.xctoolchain/usr/bin/clang -Xlinker -reproducible -target arm64-apple-ios15.0 -r -isysroot /Applications/Xcode.app/Contents/Developer/Platforms/iPhoneOS.platform/Developer/SDKs/iPhoneOS26.1.sdk -O0 -w -L/Users/emanuelflury/Library/Developer/Xcode/DerivedData/TaxedGmbH_IOS-gerngfqzuwudosgobknlgtoawnlj/Build/Intermediates.noindex/EagerLinkingTBDs/Debug-iphoneos -L/Users/emanuelflury/Library/Developer/Xcode/DerivedData/TaxedGmbH_IOS-gerngfqzuwudosgobknlgtoawnlj/Build/Products/Debug-iphoneos -L/Applications/Xcode.app/Contents/Developer/Platforms/iPhoneOS.platform/Developer/usr/lib -F/Users/emanuelflury/Library/Developer/Xcode/DerivedData/TaxedGmbH_IOS-gerngfqzuwudosgobknlgtoawnlj/Build/Intermediates.noindex/EagerLinkingTBDs/Debug-iphoneos -F/Users/emanuelflury/Library/Developer/Xcode/DerivedData/TaxedGmbH_IOS-gerngfqzuwudosgobknlgtoawnlj/Build/Products/Debug-iphoneos -iframework /Applications/Xcode.app/Contents/Developer/Platforms/iPhoneOS.platform/Developer/Library/Frameworks -iframework /Applications/Xcode.app/Contents/Developer/Platforms/iPhoneOS.platform/Developer/SDKs/iPhoneOS26.1.sdk/Developer/Library/Frameworks -filelist /Users/emanuelflury/Library/Developer/Xcode/DerivedData/TaxedGmbH_IOS-gerngfqzuwudosgobknlgtoawnlj/Build/Intermediates.noindex/Firebase.build/Debug-iphoneos/Firebase.build/Objects-normal/arm64/Firebase.LinkFileList -nostdlib -Xlinker -object_path_lto -Xlinker /Users/emanuelflury/Library/Developer/Xcode/DerivedData/TaxedGmbH_IOS-gerngfqzuwudosgobknlgtoawnlj/Build/Intermediates.noindex/Firebase.build/Debug-iphoneos/Firebase.build/Objects-normal/arm64/Firebase_lto.o -rdynamic -Xlinker -no_deduplicate -Xlinker -debug_variant -Xlinker -dependency_info -Xlinker /Users/emanuelflury/Library/Developer/Xcode/DerivedData/TaxedGmbH_IOS-gerngfqzuwudosgobknlgtoawnlj/Build/Intermediates.noindex/Firebase.build/Debug-iphoneos/Firebase.build/Objects-normal/arm64/Firebase_dependency_info.dat -fobjc-arc -fobjc-link-runtime -o /Users/emanuelflury/Library/Developer/Xcode/DerivedData/TaxedGmbH_IOS-gerngfqzuwudosgobknlgtoawnlj/Build/Products/Debug-iphoneos/Firebase.o

PrecompileModule /Users/emanuelflury/Library/Developer/Xcode/DerivedData/TaxedGmbH_IOS-gerngfqzuwudosgobknlgtoawnlj/Build/Intermediates.noindex/ExplicitPrecompiledModules/_Builtin_stddef-48CNOU6XP83SPVPVWPI3UR4G8.scan
    cd /
    builtin-precompileModule /Users/emanuelflury/Library/Developer/Xcode/DerivedData/TaxedGmbH_IOS-gerngfqzuwudosgobknlgtoawnlj/Build/Intermediates.noindex/ExplicitPrecompiledModules/_Builtin_stddef-48CNOU6XP83SPVPVWPI3UR4G8.scan

PrecompileModule /Users/emanuelflury/Library/Developer/Xcode/DerivedData/TaxedGmbH_IOS-gerngfqzuwudosgobknlgtoawnlj/Build/Intermediates.noindex/ExplicitPrecompiledModules/ptrcheck-3S7XTILCVGBBTL1Q58G3X0P1T.scan
    cd /
    builtin-precompileModule /Users/emanuelflury/Library/Developer/Xcode/DerivedData/TaxedGmbH_IOS-gerngfqzuwudosgobknlgtoawnlj/Build/Intermediates.noindex/ExplicitPrecompiledModules/ptrcheck-3S7XTILCVGBBTL1Q58G3X0P1T.scan

PrecompileModule /Users/emanuelflury/Library/Developer/Xcode/DerivedData/TaxedGmbH_IOS-gerngfqzuwudosgobknlgtoawnlj/Build/Intermediates.noindex/ExplicitPrecompiledModules/_Builtin_stdarg-3NGL08OWNCZ3J2H7HX38TPVJL.scan
    cd /
    builtin-precompileModule /Users/emanuelflury/Library/Developer/Xcode/DerivedData/TaxedGmbH_IOS-gerngfqzuwudosgobknlgtoawnlj/Build/Intermediates.noindex/ExplicitPrecompiledModules/_Builtin_stdarg-3NGL08OWNCZ3J2H7HX38TPVJL.scan

SwiftEmitModule normal arm64 Emitting\ module\ for\ FirebaseSharedSwift (in target 'FirebaseSharedSwift' from project 'Firebase')

EmitSwiftModule normal arm64 (in target 'FirebaseSharedSwift' from project 'Firebase')
    cd /Users/emanuelflury/github/TaxedGmbH_IOS/TaxedGmbH_IOS.xcodeproj
    

PrecompileModule /Users/emanuelflury/Library/Developer/Xcode/DerivedData/TaxedGmbH_IOS-gerngfqzuwudosgobknlgtoawnlj/Build/Intermediates.noindex/ExplicitPrecompiledModules/_Builtin_stdbool-66EO4V4VZ13PQW110Q75CGAIV.scan
    cd /
    builtin-precompileModule /Users/emanuelflury/Library/Developer/Xcode/DerivedData/TaxedGmbH_IOS-gerngfqzuwudosgobknlgtoawnlj/Build/Intermediates.noindex/ExplicitPrecompiledModules/_Builtin_stdbool-66EO4V4VZ13PQW110Q75CGAIV.scan

PrecompileModule /Users/emanuelflury/Library/Developer/Xcode/DerivedData/TaxedGmbH_IOS-gerngfqzuwudosgobknlgtoawnlj/Build/Intermediates.noindex/ExplicitPrecompiledModules/_AvailabilityInternal-6WYAOGPFU28IU2QWM2DZB3W4N.scan
    cd /
    builtin-precompileModule /Users/emanuelflury/Library/Developer/Xcode/DerivedData/TaxedGmbH_IOS-gerngfqzuwudosgobknlgtoawnlj/Build/Intermediates.noindex/ExplicitPrecompiledModules/_AvailabilityInternal-6WYAOGPFU28IU2QWM2DZB3W4N.scan

SwiftCompile normal arm64 Compiling\ FirebaseDataEncoder.swift /Users/emanuelflury/Library/Developer/Xcode/DerivedData/TaxedGmbH_IOS-gerngfqzuwudosgobknlgtoawnlj/SourcePackages/checkouts/firebase-ios-sdk/FirebaseSharedSwift/Sources/third_party/FirebaseDataEncoder/FirebaseDataEncoder.swift (in target 'FirebaseSharedSwift' from project 'Firebase')
SwiftCompile normal arm64 /Users/emanuelflury/Library/Developer/Xcode/DerivedData/TaxedGmbH_IOS-gerngfqzuwudosgobknlgtoawnlj/SourcePackages/checkouts/firebase-ios-sdk/FirebaseSharedSwift/Sources/third_party/FirebaseDataEncoder/FirebaseDataEncoder.swift (in target 'FirebaseSharedSwift' from project 'Firebase')
    cd /Users/emanuelflury/github/TaxedGmbH_IOS/TaxedGmbH_IOS.xcodeproj
    

SwiftCompile normal arm64 Compiling\ FirebaseRemoteConfigValueDecoding.swift /Users/emanuelflury/Library/Developer/Xcode/DerivedData/TaxedGmbH_IOS-gerngfqzuwudosgobknlgtoawnlj/SourcePackages/checkouts/firebase-ios-sdk/FirebaseSharedSwift/Sources/FirebaseRemoteConfigValueDecoding.swift (in target 'FirebaseSharedSwift' from project 'Firebase')

SwiftCompile normal arm64 /Users/emanuelflury/Library/Developer/Xcode/DerivedData/TaxedGmbH_IOS-gerngfqzuwudosgobknlgtoawnlj/SourcePackages/checkouts/firebase-ios-sdk/FirebaseSharedSwift/Sources/FirebaseRemoteConfigValueDecoding.swift (in target 'FirebaseSharedSwift' from project 'Firebase')
    cd /Users/emanuelflury/github/TaxedGmbH_IOS/TaxedGmbH_IOS.xcodeproj
    

ScanDependencies /Users/emanuelflury/Library/Developer/Xcode/DerivedData/TaxedGmbH_IOS-gerngfqzuwudosgobknlgtoawnlj/Build/Intermediates.noindex/nanopb.build/Debug-iphoneos/nanopb.build/Objects-normal/arm64/pb_encode.o /Users/emanuelflury/Library/Developer/Xcode/DerivedData/TaxedGmbH_IOS-gerngfqzuwudosgobknlgtoawnlj/SourcePackages/checkouts/nanopb/pb_encode.c normal arm64 c com.apple.compilers.llvm.clang.1_0.compiler (in target 'nanopb' from project 'nanopb')
    cd /Users/emanuelflury/github/TaxedGmbH_IOS/TaxedGmbH_IOS.xcodeproj
    
    Using response file: /Users/emanuelflury/Library/Developer/Xcode/DerivedData/TaxedGmbH_IOS-gerngfqzuwudosgobknlgtoawnlj/Build/Intermediates.noindex/nanopb.build/Debug-iphoneos/nanopb.build/Objects-normal/arm64/7187679823f38a2a940e0043cdf9d637-common-args.resp
    
    builtin-ScanDependencies -o /Users/emanuelflury/Library/Developer/Xcode/DerivedData/TaxedGmbH_IOS-gerngfqzuwudosgobknlgtoawnlj/Build/Intermediates.noindex/nanopb.build/Debug-iphoneos/nanopb.build/Objects-normal/arm64/pb_encode.o.scan -- /Applications/Xcode.app/Contents/Developer/Toolchains/XcodeDefault.xctoolchain/usr/bin/clang -x c -ivfsstatcache /Users/emanuelflury/Library/Developer/Xcode/DerivedData/SDKStatCaches.noindex/iphoneos26.1-23B77-69b33fc7382b27d9b5d46e82a00f8e78.sdkstatcache -fmessage-length\=0 -fdiagnostics-show-note-include-stack -fmacro-backtrace-limit\=0 -fno-color-diagnostics -fmodules-prune-interval\=86400 -fmodules-prune-after\=345600 -fbuild-session-file\=/Users/emanuelflury/Library/Developer/Xcode/DerivedData/ModuleCache.noindex/Session.modulevalidation -fmodules-validate-once-per-build-session -Wnon-modular-include-in-framework-module -Werror\=non-modular-include-in-framework-module -Wno-trigraphs -Wno-missing-field-initializers -Wno-missing-prototypes -Wno-return-type -Wno-missing-braces -Wparentheses -Wswitch -Wno-unused-function -Wno-unused-label -Wno-unused-parameter -Wno-unused-variable -Wunused-value -Wno-empty-body -Wno-uninitialized -Wno-unknown-pragmas -w -Wno-shadow -Wno-four-char-constants -Wno-conversion -Wno-constant-conversion -Wno-int-conversion -Wno-bool-conversion -Wno-enum-conversion -Wno-float-conversion -Wno-non-literal-null-conversion -Wno-objc-literal-conversion -Wshorten-64-to-32 -Wpointer-sign -Wno-newline-eof -Wno-implicit-fallthrough -fstrict-aliasing -Wdeprecated-declarations -Wno-sign-conversion -Wno-infinite-recursion -Wno-comma -Wno-block-capture-autoreleasing -Wno-strict-prototypes -Wno-semicolon-before-method-body -index-store-path /Users/emanuelflury/Library/Developer/Xcode/DerivedData/TaxedGmbH_IOS-gerngfqzuwudosgobknlgtoawnlj/Index.noindex/DataStore @/Users/emanuelflury/Library/Developer/Xcode/DerivedData/TaxedGmbH_IOS-gerngfqzuwudosgobknlgtoawnlj/Build/Intermediates.noindex/nanopb.build/Debug-iphoneos/nanopb.build/Objects-normal/arm64/7187679823f38a2a940e0043cdf9d637-common-args.resp -MMD -MT dependencies -MF /Users/emanuelflury/Library/Developer/Xcode/DerivedData/TaxedGmbH_IOS-gerngfqzuwudosgobknlgtoawnlj/Build/Intermediates.noindex/nanopb.build/Debug-iphoneos/nanopb.build/Objects-normal/arm64/pb_encode.d --serialize-diagnostics /Users/emanuelflury/Library/Developer/Xcode/DerivedData/TaxedGmbH_IOS-gerngfqzuwudosgobknlgtoawnlj/Build/Intermediates.noindex/nanopb.build/Debug-iphoneos/nanopb.build/Objects-normal/arm64/pb_encode.dia -c /Users/emanuelflury/Library/Developer/Xcode/DerivedData/TaxedGmbH_IOS-gerngfqzuwudosgobknlgtoawnlj/SourcePackages/checkouts/nanopb/pb_encode.c -o /Users/emanuelflury/Library/Developer/Xcode/DerivedData/TaxedGmbH_IOS-gerngfqzuwudosgobknlgtoawnlj/Build/Intermediates.noindex/nanopb.build/Debug-iphoneos/nanopb.build/Objects-normal/arm64/pb_encode.o -index-unit-output-path /nanopb.build/Debug-iphoneos/nanopb.build/Objects-normal/arm64/pb_encode.o

ScanDependencies /Users/emanuelflury/Library/Developer/Xcode/DerivedData/TaxedGmbH_IOS-gerngfqzuwudosgobknlgtoawnlj/Build/Intermediates.noindex/nanopb.build/Debug-iphoneos/nanopb.build/Objects-normal/arm64/resource_bundle_accessor.o /Users/emanuelflury/Library/Developer/Xcode/DerivedData/TaxedGmbH_IOS-gerngfqzuwudosgobknlgtoawnlj/Build/Intermediates.noindex/nanopb.build/Debug-iphoneos/nanopb.build/DerivedSources/resource_bundle_accessor.m normal arm64 objective-c com.apple.compilers.llvm.clang.1_0.compiler (in target 'nanopb' from project 'nanopb')
    cd /Users/emanuelflury/github/TaxedGmbH_IOS/TaxedGmbH_IOS.xcodeproj
    
    Using response file: /Users/emanuelflury/Library/Developer/Xcode/DerivedData/TaxedGmbH_IOS-gerngfqzuwudosgobknlgtoawnlj/Build/Intermediates.noindex/nanopb.build/Debug-iphoneos/nanopb.build/Objects-normal/arm64/e6072d4f65d7061329687fe24e3d63a7-common-args.resp
    
    builtin-ScanDependencies -o /Users/emanuelflury/Library/Developer/Xcode/DerivedData/TaxedGmbH_IOS-gerngfqzuwudosgobknlgtoawnlj/Build/Intermediates.noindex/nanopb.build/Debug-iphoneos/nanopb.build/Objects-normal/arm64/resource_bundle_accessor.o.scan -- /Applications/Xcode.app/Contents/Developer/Toolchains/XcodeDefault.xctoolchain/usr/bin/clang -x objective-c -ivfsstatcache /Users/emanuelflury/Library/Developer/Xcode/DerivedData/SDKStatCaches.noindex/iphoneos26.1-23B77-69b33fc7382b27d9b5d46e82a00f8e78.sdkstatcache -fmessage-length\=0 -fdiagnostics-show-note-include-stack -fmacro-backtrace-limit\=0 -fno-color-diagnostics -fmodules-prune-interval\=86400 -fmodules-prune-after\=345600 -fbuild-session-file\=/Users/emanuelflury/Library/Developer/Xcode/DerivedData/ModuleCache.noindex/Session.modulevalidation -fmodules-validate-once-per-build-session -Wnon-modular-include-in-framework-module -Werror\=non-modular-include-in-framework-module -Wno-trigraphs -Wno-missing-field-initializers -Wno-missing-prototypes -Wno-return-type -Wno-implicit-atomic-properties -Wno-objc-interface-ivars -Wno-arc-repeated-use-of-weak -Wno-missing-braces -Wparentheses -Wswitch -Wno-unused-function -Wno-unused-label -Wno-unused-parameter -Wno-unused-variable -Wunused-value -Wno-empty-body -Wno-uninitialized -Wno-unknown-pragmas -w -Wno-shadow -Wno-four-char-constants -Wno-conversion -Wno-constant-conversion -Wno-int-conversion -Wno-bool-conversion -Wno-enum-conversion -Wno-float-conversion -Wno-non-literal-null-conversion -Wno-objc-literal-conversion -Wshorten-64-to-32 -Wpointer-sign -Wno-newline-eof -Wno-selector -Wno-strict-selector-match -Wno-undeclared-selector -Wno-deprecated-implementations -Wno-implicit-fallthrough -fstrict-aliasing -Wprotocol -Wdeprecated-declarations -Wno-sign-conversion -Wno-infinite-recursion -Wno-comma -Wno-block-capture-autoreleasing -Wno-strict-prototypes -Wno-semicolon-before-method-body -index-store-path /Users/emanuelflury/Library/Developer/Xcode/DerivedData/TaxedGmbH_IOS-gerngfqzuwudosgobknlgtoawnlj/Index.noindex/DataStore @/Users/emanuelflury/Library/Developer/Xcode/DerivedData/TaxedGmbH_IOS-gerngfqzuwudosgobknlgtoawnlj/Build/Intermediates.noindex/nanopb.build/Debug-iphoneos/nanopb.build/Objects-normal/arm64/e6072d4f65d7061329687fe24e3d63a7-common-args.resp -include /Users/emanuelflury/Library/Developer/Xcode/DerivedData/TaxedGmbH_IOS-gerngfqzuwudosgobknlgtoawnlj/Build/Intermediates.noindex/nanopb.build/Debug-iphoneos/nanopb.build/DerivedSources/resource_bundle_accessor.h -MMD -MT dependencies -MF /Users/emanuelflury/Library/Developer/Xcode/DerivedData/TaxedGmbH_IOS-gerngfqzuwudosgobknlgtoawnlj/Build/Intermediates.noindex/nanopb.build/Debug-iphoneos/nanopb.build/Objects-normal/arm64/resource_bundle_accessor.d --serialize-diagnostics /Users/emanuelflury/Library/Developer/Xcode/DerivedData/TaxedGmbH_IOS-gerngfqzuwudosgobknlgtoawnlj/Build/Intermediates.noindex/nanopb.build/Debug-iphoneos/nanopb.build/Objects-normal/arm64/resource_bundle_accessor.dia -c /Users/emanuelflury/Library/Developer/Xcode/DerivedData/TaxedGmbH_IOS-gerngfqzuwudosgobknlgtoawnlj/Build/Intermediates.noindex/nanopb.build/Debug-iphoneos/nanopb.build/DerivedSources/resource_bundle_accessor.m -o /Users/emanuelflury/Library/Developer/Xcode/DerivedData/TaxedGmbH_IOS-gerngfqzuwudosgobknlgtoawnlj/Build/Intermediates.noindex/nanopb.build/Debug-iphoneos/nanopb.build/Objects-normal/arm64/resource_bundle_accessor.o -index-unit-output-path /nanopb.build/Debug-iphoneos/nanopb.build/Objects-normal/arm64/resource_bundle_accessor.o

CompileC /Users/emanuelflury/Library/Developer/Xcode/DerivedData/TaxedGmbH_IOS-gerngfqzuwudosgobknlgtoawnlj/Build/Intermediates.noindex/leveldb.build/Debug-iphoneos/leveldb.build/Objects-normal/arm64/status.o /Users/emanuelflury/Library/Developer/Xcode/DerivedData/TaxedGmbH_IOS-gerngfqzuwudosgobknlgtoawnlj/SourcePackages/checkouts/leveldb/util/status.cc normal arm64 c++ com.apple.compilers.llvm.clang.1_0.compiler (in target 'leveldb' from project 'leveldb')
    cd /Users/emanuelflury/github/TaxedGmbH_IOS/TaxedGmbH_IOS.xcodeproj
    
    Using response file: /Users/emanuelflury/Library/Developer/Xcode/DerivedData/TaxedGmbH_IOS-gerngfqzuwudosgobknlgtoawnlj/Build/Intermediates.noindex/leveldb.build/Debug-iphoneos/leveldb.build/Objects-normal/arm64/82b82416624d2658e5098eb0a28c15c5-common-args.resp
    
    /Applications/Xcode.app/Contents/Developer/Toolchains/XcodeDefault.xctoolchain/usr/bin/clang -x c++ -ivfsstatcache /Users/emanuelflury/Library/Developer/Xcode/DerivedData/SDKStatCaches.noindex/iphoneos26.1-23B77-69b33fc7382b27d9b5d46e82a00f8e78.sdkstatcache -fmessage-length\=0 -fdiagnostics-show-note-include-stack -fmacro-backtrace-limit\=0 -fno-color-diagnostics -fmodules-prune-interval\=86400 -fmodules-prune-after\=345600 -fbuild-session-file\=/Users/emanuelflury/Library/Developer/Xcode/DerivedData/ModuleCache.noindex/Session.modulevalidation -fmodules-validate-once-per-build-session -Wnon-modular-include-in-framework-module -Werror\=non-modular-include-in-framework-module -Wno-trigraphs -Wno-missing-field-initializers -Wno-missing-prototypes -Wno-return-type -Wno-non-virtual-dtor -Wno-overloaded-virtual -Wno-exit-time-destructors -Wno-missing-braces -Wparentheses -Wswitch -Wno-unused-function -Wno-unused-label -Wno-unused-parameter -Wno-unused-variable -Wunused-value -Wno-empty-body -Wno-uninitialized -Wno-unknown-pragmas -w -Wno-shadow -Wno-four-char-constants -Wno-conversion -Wno-constant-conversion -Wno-int-conversion -Wno-bool-conversion -Wno-enum-conversion -Wno-float-conversion -Wno-non-literal-null-conversion -Wno-objc-literal-conversion -Wshorten-64-to-32 -Wno-newline-eof -Wno-c++11-extensions -Wno-implicit-fallthrough -fstrict-aliasing -Wdeprecated-declarations -Winvalid-offsetof -Wno-sign-conversion -Wno-infinite-recursion -Wno-move -Wno-comma -Wno-block-capture-autoreleasing -Wno-strict-prototypes -Wno-range-loop-analysis -Wno-semicolon-before-method-body -index-store-path /Users/emanuelflury/Library/Developer/Xcode/DerivedData/TaxedGmbH_IOS-gerngfqzuwudosgobknlgtoawnlj/Index.noindex/DataStore @/Users/emanuelflury/Library/Developer/Xcode/DerivedData/TaxedGmbH_IOS-gerngfqzuwudosgobknlgtoawnlj/Build/Intermediates.noindex/leveldb.build/Debug-iphoneos/leveldb.build/Objects-normal/arm64/82b82416624d2658e5098eb0a28c15c5-common-args.resp -MMD -MT dependencies -MF /Users/emanuelflury/Library/Developer/Xcode/DerivedData/TaxedGmbH_IOS-gerngfqzuwudosgobknlgtoawnlj/Build/Intermediates.noindex/leveldb.build/Debug-iphoneos/leveldb.build/Objects-normal/arm64/status.d --serialize-diagnostics /Users/emanuelflury/Library/Developer/Xcode/DerivedData/TaxedGmbH_IOS-gerngfqzuwudosgobknlgtoawnlj/Build/Intermediates.noindex/leveldb.build/Debug-iphoneos/leveldb.build/Objects-normal/arm64/status.dia -c /Users/emanuelflury/Library/Developer/Xcode/DerivedData/TaxedGmbH_IOS-gerngfqzuwudosgobknlgtoawnlj/SourcePackages/checkouts/leveldb/util/status.cc -o /Users/emanuelflury/Library/Developer/Xcode/DerivedData/TaxedGmbH_IOS-gerngfqzuwudosgobknlgtoawnlj/Build/Intermediates.noindex/leveldb.build/Debug-iphoneos/leveldb.build/Objects-normal/arm64/status.o -index-unit-output-path /leveldb.build/Debug-iphoneos/leveldb.build/Objects-normal/arm64/status.o

CompileC /Users/emanuelflury/Library/Developer/Xcode/DerivedData/TaxedGmbH_IOS-gerngfqzuwudosgobknlgtoawnlj/Build/Intermediates.noindex/leveldb.build/Debug-iphoneos/leveldb.build/Objects-normal/arm64/options.o /Users/emanuelflury/Library/Developer/Xcode/DerivedData/TaxedGmbH_IOS-gerngfqzuwudosgobknlgtoawnlj/SourcePackages/checkouts/leveldb/util/options.cc normal arm64 c++ com.apple.compilers.llvm.clang.1_0.compiler (in target 'leveldb' from project 'leveldb')
    cd /Users/emanuelflury/github/TaxedGmbH_IOS/TaxedGmbH_IOS.xcodeproj
    
    Using response file: /Users/emanuelflury/Library/Developer/Xcode/DerivedData/TaxedGmbH_IOS-gerngfqzuwudosgobknlgtoawnlj/Build/Intermediates.noindex/leveldb.build/Debug-iphoneos/leveldb.build/Objects-normal/arm64/82b82416624d2658e5098eb0a28c15c5-common-args.resp
    
    /Applications/Xcode.app/Contents/Developer/Toolchains/XcodeDefault.xctoolchain/usr/bin/clang -x c++ -ivfsstatcache /Users/emanuelflury/Library/Developer/Xcode/DerivedData/SDKStatCaches.noindex/iphoneos26.1-23B77-69b33fc7382b27d9b5d46e82a00f8e78.sdkstatcache -fmessage-length\=0 -fdiagnostics-show-note-include-stack -fmacro-backtrace-limit\=0 -fno-color-diagnostics -fmodules-prune-interval\=86400 -fmodules-prune-after\=345600 -fbuild-session-file\=/Users/emanuelflury/Library/Developer/Xcode/DerivedData/ModuleCache.noindex/Session.modulevalidation -fmodules-validate-once-per-build-session -Wnon-modular-include-in-framework-module -Werror\=non-modular-include-in-framework-module -Wno-trigraphs -Wno-missing-field-initializers -Wno-missing-prototypes -Wno-return-type -Wno-non-virtual-dtor -Wno-overloaded-virtual -Wno-exit-time-destructors -Wno-missing-braces -Wparentheses -Wswitch -Wno-unused-function -Wno-unused-label -Wno-unused-parameter -Wno-unused-variable -Wunused-value -Wno-empty-body -Wno-uninitialized -Wno-unknown-pragmas -w -Wno-shadow -Wno-four-char-constants -Wno-conversion -Wno-constant-conversion -Wno-int-conversion -Wno-bool-conversion -Wno-enum-conversion -Wno-float-conversion -Wno-non-literal-null-conversion -Wno-objc-literal-conversion -Wshorten-64-to-32 -Wno-newline-eof -Wno-c++11-extensions -Wno-implicit-fallthrough -fstrict-aliasing -Wdeprecated-declarations -Winvalid-offsetof -Wno-sign-conversion -Wno-infinite-recursion -Wno-move -Wno-comma -Wno-block-capture-autoreleasing -Wno-strict-prototypes -Wno-range-loop-analysis -Wno-semicolon-before-method-body -index-store-path /Users/emanuelflury/Library/Developer/Xcode/DerivedData/TaxedGmbH_IOS-gerngfqzuwudosgobknlgtoawnlj/Index.noindex/DataStore @/Users/emanuelflury/Library/Developer/Xcode/DerivedData/TaxedGmbH_IOS-gerngfqzuwudosgobknlgtoawnlj/Build/Intermediates.noindex/leveldb.build/Debug-iphoneos/leveldb.build/Objects-normal/arm64/82b82416624d2658e5098eb0a28c15c5-common-args.resp -MMD -MT dependencies -MF /Users/emanuelflury/Library/Developer/Xcode/DerivedData/TaxedGmbH_IOS-gerngfqzuwudosgobknlgtoawnlj/Build/Intermediates.noindex/leveldb.build/Debug-iphoneos/leveldb.build/Objects-normal/arm64/options.d --serialize-diagnostics /Users/emanuelflury/Library/Developer/Xcode/DerivedData/TaxedGmbH_IOS-gerngfqzuwudosgobknlgtoawnlj/Build/Intermediates.noindex/leveldb.build/Debug-iphoneos/leveldb.build/Objects-normal/arm64/options.dia -c /Users/emanuelflury/Library/Developer/Xcode/DerivedData/TaxedGmbH_IOS-gerngfqzuwudosgobknlgtoawnlj/SourcePackages/checkouts/leveldb/util/options.cc -o /Users/emanuelflury/Library/Developer/Xcode/DerivedData/TaxedGmbH_IOS-gerngfqzuwudosgobknlgtoawnlj/Build/Intermediates.noindex/leveldb.build/Debug-iphoneos/leveldb.build/Objects-normal/arm64/options.o -index-unit-output-path /leveldb.build/Debug-iphoneos/leveldb.build/Objects-normal/arm64/options.o

CompileC /Users/emanuelflury/Library/Developer/Xcode/DerivedData/TaxedGmbH_IOS-gerngfqzuwudosgobknlgtoawnlj/Build/Intermediates.noindex/leveldb.build/Debug-iphoneos/leveldb.build/Objects-normal/arm64/two_level_iterator.o /Users/emanuelflury/Library/Developer/Xcode/DerivedData/TaxedGmbH_IOS-gerngfqzuwudosgobknlgtoawnlj/SourcePackages/checkouts/leveldb/table/two_level_iterator.cc normal arm64 c++ com.apple.compilers.llvm.clang.1_0.compiler (in target 'leveldb' from project 'leveldb')
    cd /Users/emanuelflury/github/TaxedGmbH_IOS/TaxedGmbH_IOS.xcodeproj
    
    Using response file: /Users/emanuelflury/Library/Developer/Xcode/DerivedData/TaxedGmbH_IOS-gerngfqzuwudosgobknlgtoawnlj/Build/Intermediates.noindex/leveldb.build/Debug-iphoneos/leveldb.build/Objects-normal/arm64/82b82416624d2658e5098eb0a28c15c5-common-args.resp
    
    /Applications/Xcode.app/Contents/Developer/Toolchains/XcodeDefault.xctoolchain/usr/bin/clang -x c++ -ivfsstatcache /Users/emanuelflury/Library/Developer/Xcode/DerivedData/SDKStatCaches.noindex/iphoneos26.1-23B77-69b33fc7382b27d9b5d46e82a00f8e78.sdkstatcache -fmessage-length\=0 -fdiagnostics-show-note-include-stack -fmacro-backtrace-limit\=0 -fno-color-diagnostics -fmodules-prune-interval\=86400 -fmodules-prune-after\=345600 -fbuild-session-file\=/Users/emanuelflury/Library/Developer/Xcode/DerivedData/ModuleCache.noindex/Session.modulevalidation -fmodules-validate-once-per-build-session -Wnon-modular-include-in-framework-module -Werror\=non-modular-include-in-framework-module -Wno-trigraphs -Wno-missing-field-initializers -Wno-missing-prototypes -Wno-return-type -Wno-non-virtual-dtor -Wno-overloaded-virtual -Wno-exit-time-destructors -Wno-missing-braces -Wparentheses -Wswitch -Wno-unused-function -Wno-unused-label -Wno-unused-parameter -Wno-unused-variable -Wunused-value -Wno-empty-body -Wno-uninitialized -Wno-unknown-pragmas -w -Wno-shadow -Wno-four-char-constants -Wno-conversion -Wno-constant-conversion -Wno-int-conversion -Wno-bool-conversion -Wno-enum-conversion -Wno-float-conversion -Wno-non-literal-null-conversion -Wno-objc-literal-conversion -Wshorten-64-to-32 -Wno-newline-eof -Wno-c++11-extensions -Wno-implicit-fallthrough -fstrict-aliasing -Wdeprecated-declarations -Winvalid-offsetof -Wno-sign-conversion -Wno-infinite-recursion -Wno-move -Wno-comma -Wno-block-capture-autoreleasing -Wno-strict-prototypes -Wno-range-loop-analysis -Wno-semicolon-before-method-body -index-store-path /Users/emanuelflury/Library/Developer/Xcode/DerivedData/TaxedGmbH_IOS-gerngfqzuwudosgobknlgtoawnlj/Index.noindex/DataStore @/Users/emanuelflury/Library/Developer/Xcode/DerivedData/TaxedGmbH_IOS-gerngfqzuwudosgobknlgtoawnlj/Build/Intermediates.noindex/leveldb.build/Debug-iphoneos/leveldb.build/Objects-normal/arm64/82b82416624d2658e5098eb0a28c15c5-common-args.resp -MMD -MT dependencies -MF /Users/emanuelflury/Library/Developer/Xcode/DerivedData/TaxedGmbH_IOS-gerngfqzuwudosgobknlgtoawnlj/Build/Intermediates.noindex/leveldb.build/Debug-iphoneos/leveldb.build/Objects-normal/arm64/two_level_iterator.d --serialize-diagnostics /Users/emanuelflury/Library/Developer/Xcode/DerivedData/TaxedGmbH_IOS-gerngfqzuwudosgobknlgtoawnlj/Build/Intermediates.noindex/leveldb.build/Debug-iphoneos/leveldb.build/Objects-normal/arm64/two_level_iterator.dia -c /Users/emanuelflury/Library/Developer/Xcode/DerivedData/TaxedGmbH_IOS-gerngfqzuwudosgobknlgtoawnlj/SourcePackages/checkouts/leveldb/table/two_level_iterator.cc -o /Users/emanuelflury/Library/Developer/Xcode/DerivedData/TaxedGmbH_IOS-gerngfqzuwudosgobknlgtoawnlj/Build/Intermediates.noindex/leveldb.build/Debug-iphoneos/leveldb.build/Objects-normal/arm64/two_level_iterator.o -index-unit-output-path /leveldb.build/Debug-iphoneos/leveldb.build/Objects-normal/arm64/two_level_iterator.o

CompileC /Users/emanuelflury/Library/Developer/Xcode/DerivedData/TaxedGmbH_IOS-gerngfqzuwudosgobknlgtoawnlj/Build/Intermediates.noindex/leveldb.build/Debug-iphoneos/leveldb.build/Objects-normal/arm64/write_batch.o /Users/emanuelflury/Library/Developer/Xcode/DerivedData/TaxedGmbH_IOS-gerngfqzuwudosgobknlgtoawnlj/SourcePackages/checkouts/leveldb/db/write_batch.cc normal arm64 c++ com.apple.compilers.llvm.clang.1_0.compiler (in target 'leveldb' from project 'leveldb')
    cd /Users/emanuelflury/github/TaxedGmbH_IOS/TaxedGmbH_IOS.xcodeproj
    
    Using response file: /Users/emanuelflury/Library/Developer/Xcode/DerivedData/TaxedGmbH_IOS-gerngfqzuwudosgobknlgtoawnlj/Build/Intermediates.noindex/leveldb.build/Debug-iphoneos/leveldb.build/Objects-normal/arm64/82b82416624d2658e5098eb0a28c15c5-common-args.resp
    
    /Applications/Xcode.app/Contents/Developer/Toolchains/XcodeDefault.xctoolchain/usr/bin/clang -x c++ -ivfsstatcache /Users/emanuelflury/Library/Developer/Xcode/DerivedData/SDKStatCaches.noindex/iphoneos26.1-23B77-69b33fc7382b27d9b5d46e82a00f8e78.sdkstatcache -fmessage-length\=0 -fdiagnostics-show-note-include-stack -fmacro-backtrace-limit\=0 -fno-color-diagnostics -fmodules-prune-interval\=86400 -fmodules-prune-after\=345600 -fbuild-session-file\=/Users/emanuelflury/Library/Developer/Xcode/DerivedData/ModuleCache.noindex/Session.modulevalidation -fmodules-validate-once-per-build-session -Wnon-modular-include-in-framework-module -Werror\=non-modular-include-in-framework-module -Wno-trigraphs -Wno-missing-field-initializers -Wno-missing-prototypes -Wno-return-type -Wno-non-virtual-dtor -Wno-overloaded-virtual -Wno-exit-time-destructors -Wno-missing-braces -Wparentheses -Wswitch -Wno-unused-function -Wno-unused-label -Wno-unused-parameter -Wno-unused-variable -Wunused-value -Wno-empty-body -Wno-uninitialized -Wno-unknown-pragmas -w -Wno-shadow -Wno-four-char-constants -Wno-conversion -Wno-constant-conversion -Wno-int-conversion -Wno-bool-conversion -Wno-enum-conversion -Wno-float-conversion -Wno-non-literal-null-conversion -Wno-objc-literal-conversion -Wshorten-64-to-32 -Wno-newline-eof -Wno-c++11-extensions -Wno-implicit-fallthrough -fstrict-aliasing -Wdeprecated-declarations -Winvalid-offsetof -Wno-sign-conversion -Wno-infinite-recursion -Wno-move -Wno-comma -Wno-block-capture-autoreleasing -Wno-strict-prototypes -Wno-range-loop-analysis -Wno-semicolon-before-method-body -index-store-path /Users/emanuelflury/Library/Developer/Xcode/DerivedData/TaxedGmbH_IOS-gerngfqzuwudosgobknlgtoawnlj/Index.noindex/DataStore @/Users/emanuelflury/Library/Developer/Xcode/DerivedData/TaxedGmbH_IOS-gerngfqzuwudosgobknlgtoawnlj/Build/Intermediates.noindex/leveldb.build/Debug-iphoneos/leveldb.build/Objects-normal/arm64/82b82416624d2658e5098eb0a28c15c5-common-args.resp -MMD -MT dependencies -MF /Users/emanuelflury/Library/Developer/Xcode/DerivedData/TaxedGmbH_IOS-gerngfqzuwudosgobknlgtoawnlj/Build/Intermediates.noindex/leveldb.build/Debug-iphoneos/leveldb.build/Objects-normal/arm64/write_batch.d --serialize-diagnostics /Users/emanuelflury/Library/Developer/Xcode/DerivedData/TaxedGmbH_IOS-gerngfqzuwudosgobknlgtoawnlj/Build/Intermediates.noindex/leveldb.build/Debug-iphoneos/leveldb.build/Objects-normal/arm64/write_batch.dia -c /Users/emanuelflury/Library/Developer/Xcode/DerivedData/TaxedGmbH_IOS-gerngfqzuwudosgobknlgtoawnlj/SourcePackages/checkouts/leveldb/db/write_batch.cc -o /Users/emanuelflury/Library/Developer/Xcode/DerivedData/TaxedGmbH_IOS-gerngfqzuwudosgobknlgtoawnlj/Build/Intermediates.noindex/leveldb.build/Debug-iphoneos/leveldb.build/Objects-normal/arm64/write_batch.o -index-unit-output-path /leveldb.build/Debug-iphoneos/leveldb.build/Objects-normal/arm64/write_batch.o

CompileC /Users/emanuelflury/Library/Developer/Xcode/DerivedData/TaxedGmbH_IOS-gerngfqzuwudosgobknlgtoawnlj/Build/Intermediates.noindex/leveldb.build/Debug-iphoneos/leveldb.build/Objects-normal/arm64/version_set.o /Users/emanuelflury/Library/Developer/Xcode/DerivedData/TaxedGmbH_IOS-gerngfqzuwudosgobknlgtoawnlj/SourcePackages/checkouts/leveldb/db/version_set.cc normal arm64 c++ com.apple.compilers.llvm.clang.1_0.compiler (in target 'leveldb' from project 'leveldb')
    cd /Users/emanuelflury/github/TaxedGmbH_IOS/TaxedGmbH_IOS.xcodeproj
    
    Using response file: /Users/emanuelflury/Library/Developer/Xcode/DerivedData/TaxedGmbH_IOS-gerngfqzuwudosgobknlgtoawnlj/Build/Intermediates.noindex/leveldb.build/Debug-iphoneos/leveldb.build/Objects-normal/arm64/82b82416624d2658e5098eb0a28c15c5-common-args.resp
    
    /Applications/Xcode.app/Contents/Developer/Toolchains/XcodeDefault.xctoolchain/usr/bin/clang -x c++ -ivfsstatcache /Users/emanuelflury/Library/Developer/Xcode/DerivedData/SDKStatCaches.noindex/iphoneos26.1-23B77-69b33fc7382b27d9b5d46e82a00f8e78.sdkstatcache -fmessage-length\=0 -fdiagnostics-show-note-include-stack -fmacro-backtrace-limit\=0 -fno-color-diagnostics -fmodules-prune-interval\=86400 -fmodules-prune-after\=345600 -fbuild-session-file\=/Users/emanuelflury/Library/Developer/Xcode/DerivedData/ModuleCache.noindex/Session.modulevalidation -fmodules-validate-once-per-build-session -Wnon-modular-include-in-framework-module -Werror\=non-modular-include-in-framework-module -Wno-trigraphs -Wno-missing-field-initializers -Wno-missing-prototypes -Wno-return-type -Wno-non-virtual-dtor -Wno-overloaded-virtual -Wno-exit-time-destructors -Wno-missing-braces -Wparentheses -Wswitch -Wno-unused-function -Wno-unused-label -Wno-unused-parameter -Wno-unused-variable -Wunused-value -Wno-empty-body -Wno-uninitialized -Wno-unknown-pragmas -w -Wno-shadow -Wno-four-char-constants -Wno-conversion -Wno-constant-conversion -Wno-int-conversion -Wno-bool-conversion -Wno-enum-conversion -Wno-float-conversion -Wno-non-literal-null-conversion -Wno-objc-literal-conversion -Wshorten-64-to-32 -Wno-newline-eof -Wno-c++11-extensions -Wno-implicit-fallthrough -fstrict-aliasing -Wdeprecated-declarations -Winvalid-offsetof -Wno-sign-conversion -Wno-infinite-recursion -Wno-move -Wno-comma -Wno-block-capture-autoreleasing -Wno-strict-prototypes -Wno-range-loop-analysis -Wno-semicolon-before-method-body -index-store-path /Users/emanuelflury/Library/Developer/Xcode/DerivedData/TaxedGmbH_IOS-gerngfqzuwudosgobknlgtoawnlj/Index.noindex/DataStore @/Users/emanuelflury/Library/Developer/Xcode/DerivedData/TaxedGmbH_IOS-gerngfqzuwudosgobknlgtoawnlj/Build/Intermediates.noindex/leveldb.build/Debug-iphoneos/leveldb.build/Objects-normal/arm64/82b82416624d2658e5098eb0a28c15c5-common-args.resp -MMD -MT dependencies -MF /Users/emanuelflury/Library/Developer/Xcode/DerivedData/TaxedGmbH_IOS-gerngfqzuwudosgobknlgtoawnlj/Build/Intermediates.noindex/leveldb.build/Debug-iphoneos/leveldb.build/Objects-normal/arm64/version_set.d --serialize-diagnostics /Users/emanuelflury/Library/Developer/Xcode/DerivedData/TaxedGmbH_IOS-gerngfqzuwudosgobknlgtoawnlj/Build/Intermediates.noindex/leveldb.build/Debug-iphoneos/leveldb.build/Objects-normal/arm64/version_set.dia -c /Users/emanuelflury/Library/Developer/Xcode/DerivedData/TaxedGmbH_IOS-gerngfqzuwudosgobknlgtoawnlj/SourcePackages/checkouts/leveldb/db/version_set.cc -o /Users/emanuelflury/Library/Developer/Xcode/DerivedData/TaxedGmbH_IOS-gerngfqzuwudosgobknlgtoawnlj/Build/Intermediates.noindex/leveldb.build/Debug-iphoneos/leveldb.build/Objects-normal/arm64/version_set.o -index-unit-output-path /leveldb.build/Debug-iphoneos/leveldb.build/Objects-normal/arm64/version_set.o

CompileC /Users/emanuelflury/Library/Developer/Xcode/DerivedData/TaxedGmbH_IOS-gerngfqzuwudosgobknlgtoawnlj/Build/Intermediates.noindex/leveldb.build/Debug-iphoneos/leveldb.build/Objects-normal/arm64/version_edit.o /Users/emanuelflury/Library/Developer/Xcode/DerivedData/TaxedGmbH_IOS-gerngfqzuwudosgobknlgtoawnlj/SourcePackages/checkouts/leveldb/db/version_edit.cc normal arm64 c++ com.apple.compilers.llvm.clang.1_0.compiler (in target 'leveldb' from project 'leveldb')
    cd /Users/emanuelflury/github/TaxedGmbH_IOS/TaxedGmbH_IOS.xcodeproj
    
    Using response file: /Users/emanuelflury/Library/Developer/Xcode/DerivedData/TaxedGmbH_IOS-gerngfqzuwudosgobknlgtoawnlj/Build/Intermediates.noindex/leveldb.build/Debug-iphoneos/leveldb.build/Objects-normal/arm64/82b82416624d2658e5098eb0a28c15c5-common-args.resp
    
    /Applications/Xcode.app/Contents/Developer/Toolchains/XcodeDefault.xctoolchain/usr/bin/clang -x c++ -ivfsstatcache /Users/emanuelflury/Library/Developer/Xcode/DerivedData/SDKStatCaches.noindex/iphoneos26.1-23B77-69b33fc7382b27d9b5d46e82a00f8e78.sdkstatcache -fmessage-length\=0 -fdiagnostics-show-note-include-stack -fmacro-backtrace-limit\=0 -fno-color-diagnostics -fmodules-prune-interval\=86400 -fmodules-prune-after\=345600 -fbuild-session-file\=/Users/emanuelflury/Library/Developer/Xcode/DerivedData/ModuleCache.noindex/Session.modulevalidation -fmodules-validate-once-per-build-session -Wnon-modular-include-in-framework-module -Werror\=non-modular-include-in-framework-module -Wno-trigraphs -Wno-missing-field-initializers -Wno-missing-prototypes -Wno-return-type -Wno-non-virtual-dtor -Wno-overloaded-virtual -Wno-exit-time-destructors -Wno-missing-braces -Wparentheses -Wswitch -Wno-unused-function -Wno-unused-label -Wno-unused-parameter -Wno-unused-variable -Wunused-value -Wno-empty-body -Wno-uninitialized -Wno-unknown-pragmas -w -Wno-shadow -Wno-four-char-constants -Wno-conversion -Wno-constant-conversion -Wno-int-conversion -Wno-bool-conversion -Wno-enum-conversion -Wno-float-conversion -Wno-non-literal-null-conversion -Wno-objc-literal-conversion -Wshorten-64-to-32 -Wno-newline-eof -Wno-c++11-extensions -Wno-implicit-fallthrough -fstrict-aliasing -Wdeprecated-declarations -Winvalid-offsetof -Wno-sign-conversion -Wno-infinite-recursion -Wno-move -Wno-comma -Wno-block-capture-autoreleasing -Wno-strict-prototypes -Wno-range-loop-analysis -Wno-semicolon-before-method-body -index-store-path /Users/emanuelflury/Library/Developer/Xcode/DerivedData/TaxedGmbH_IOS-gerngfqzuwudosgobknlgtoawnlj/Index.noindex/DataStore @/Users/emanuelflury/Library/Developer/Xcode/DerivedData/TaxedGmbH_IOS-gerngfqzuwudosgobknlgtoawnlj/Build/Intermediates.noindex/leveldb.build/Debug-iphoneos/leveldb.build/Objects-normal/arm64/82b82416624d2658e5098eb0a28c15c5-common-args.resp -MMD -MT dependencies -MF /Users/emanuelflury/Library/Developer/Xcode/DerivedData/TaxedGmbH_IOS-gerngfqzuwudosgobknlgtoawnlj/Build/Intermediates.noindex/leveldb.build/Debug-iphoneos/leveldb.build/Objects-normal/arm64/version_edit.d --serialize-diagnostics /Users/emanuelflury/Library/Developer/Xcode/DerivedData/TaxedGmbH_IOS-gerngfqzuwudosgobknlgtoawnlj/Build/Intermediates.noindex/leveldb.build/Debug-iphoneos/leveldb.build/Objects-normal/arm64/version_edit.dia -c /Users/emanuelflury/Library/Developer/Xcode/DerivedData/TaxedGmbH_IOS-gerngfqzuwudosgobknlgtoawnlj/SourcePackages/checkouts/leveldb/db/version_edit.cc -o /Users/emanuelflury/Library/Developer/Xcode/DerivedData/TaxedGmbH_IOS-gerngfqzuwudosgobknlgtoawnlj/Build/Intermediates.noindex/leveldb.build/Debug-iphoneos/leveldb.build/Objects-normal/arm64/version_edit.o -index-unit-output-path /leveldb.build/Debug-iphoneos/leveldb.build/Objects-normal/arm64/version_edit.o

CompileC /Users/emanuelflury/Library/Developer/Xcode/DerivedData/TaxedGmbH_IOS-gerngfqzuwudosgobknlgtoawnlj/Build/Intermediates.noindex/leveldb.build/Debug-iphoneos/leveldb.build/Objects-normal/arm64/table_cache.o /Users/emanuelflury/Library/Developer/Xcode/DerivedData/TaxedGmbH_IOS-gerngfqzuwudosgobknlgtoawnlj/SourcePackages/checkouts/leveldb/db/table_cache.cc normal arm64 c++ com.apple.compilers.llvm.clang.1_0.compiler (in target 'leveldb' from project 'leveldb')
    cd /Users/emanuelflury/github/TaxedGmbH_IOS/TaxedGmbH_IOS.xcodeproj
    
    Using response file: /Users/emanuelflury/Library/Developer/Xcode/DerivedData/TaxedGmbH_IOS-gerngfqzuwudosgobknlgtoawnlj/Build/Intermediates.noindex/leveldb.build/Debug-iphoneos/leveldb.build/Objects-normal/arm64/82b82416624d2658e5098eb0a28c15c5-common-args.resp
    
    /Applications/Xcode.app/Contents/Developer/Toolchains/XcodeDefault.xctoolchain/usr/bin/clang -x c++ -ivfsstatcache /Users/emanuelflury/Library/Developer/Xcode/DerivedData/SDKStatCaches.noindex/iphoneos26.1-23B77-69b33fc7382b27d9b5d46e82a00f8e78.sdkstatcache -fmessage-length\=0 -fdiagnostics-show-note-include-stack -fmacro-backtrace-limit\=0 -fno-color-diagnostics -fmodules-prune-interval\=86400 -fmodules-prune-after\=345600 -fbuild-session-file\=/Users/emanuelflury/Library/Developer/Xcode/DerivedData/ModuleCache.noindex/Session.modulevalidation -fmodules-validate-once-per-build-session -Wnon-modular-include-in-framework-module -Werror\=non-modular-include-in-framework-module -Wno-trigraphs -Wno-missing-field-initializers -Wno-missing-prototypes -Wno-return-type -Wno-non-virtual-dtor -Wno-overloaded-virtual -Wno-exit-time-destructors -Wno-missing-braces -Wparentheses -Wswitch -Wno-unused-function -Wno-unused-label -Wno-unused-parameter -Wno-unused-variable -Wunused-value -Wno-empty-body -Wno-uninitialized -Wno-unknown-pragmas -w -Wno-shadow -Wno-four-char-constants -Wno-conversion -Wno-constant-conversion -Wno-int-conversion -Wno-bool-conversion -Wno-enum-conversion -Wno-float-conversion -Wno-non-literal-null-conversion -Wno-objc-literal-conversion -Wshorten-64-to-32 -Wno-newline-eof -Wno-c++11-extensions -Wno-implicit-fallthrough -fstrict-aliasing -Wdeprecated-declarations -Winvalid-offsetof -Wno-sign-conversion -Wno-infinite-recursion -Wno-move -Wno-comma -Wno-block-capture-autoreleasing -Wno-strict-prototypes -Wno-range-loop-analysis -Wno-semicolon-before-method-body -index-store-path /Users/emanuelflury/Library/Developer/Xcode/DerivedData/TaxedGmbH_IOS-gerngfqzuwudosgobknlgtoawnlj/Index.noindex/DataStore @/Users/emanuelflury/Library/Developer/Xcode/DerivedData/TaxedGmbH_IOS-gerngfqzuwudosgobknlgtoawnlj/Build/Intermediates.noindex/leveldb.build/Debug-iphoneos/leveldb.build/Objects-normal/arm64/82b82416624d2658e5098eb0a28c15c5-common-args.resp -MMD -MT dependencies -MF /Users/emanuelflury/Library/Developer/Xcode/DerivedData/TaxedGmbH_IOS-gerngfqzuwudosgobknlgtoawnlj/Build/Intermediates.noindex/leveldb.build/Debug-iphoneos/leveldb.build/Objects-normal/arm64/table_cache.d --serialize-diagnostics /Users/emanuelflury/Library/Developer/Xcode/DerivedData/TaxedGmbH_IOS-gerngfqzuwudosgobknlgtoawnlj/Build/Intermediates.noindex/leveldb.build/Debug-iphoneos/leveldb.build/Objects-normal/arm64/table_cache.dia -c /Users/emanuelflury/Library/Developer/Xcode/DerivedData/TaxedGmbH_IOS-gerngfqzuwudosgobknlgtoawnlj/SourcePackages/checkouts/leveldb/db/table_cache.cc -o /Users/emanuelflury/Library/Developer/Xcode/DerivedData/TaxedGmbH_IOS-gerngfqzuwudosgobknlgtoawnlj/Build/Intermediates.noindex/leveldb.build/Debug-iphoneos/leveldb.build/Objects-normal/arm64/table_cache.o -index-unit-output-path /leveldb.build/Debug-iphoneos/leveldb.build/Objects-normal/arm64/table_cache.o

CompileC /Users/emanuelflury/Library/Developer/Xcode/DerivedData/TaxedGmbH_IOS-gerngfqzuwudosgobknlgtoawnlj/Build/Intermediates.noindex/leveldb.build/Debug-iphoneos/leveldb.build/Objects-normal/arm64/table_builder.o /Users/emanuelflury/Library/Developer/Xcode/DerivedData/TaxedGmbH_IOS-gerngfqzuwudosgobknlgtoawnlj/SourcePackages/checkouts/leveldb/table/table_builder.cc normal arm64 c++ com.apple.compilers.llvm.clang.1_0.compiler (in target 'leveldb' from project 'leveldb')
    cd /Users/emanuelflury/github/TaxedGmbH_IOS/TaxedGmbH_IOS.xcodeproj
    
    Using response file: /Users/emanuelflury/Library/Developer/Xcode/DerivedData/TaxedGmbH_IOS-gerngfqzuwudosgobknlgtoawnlj/Build/Intermediates.noindex/leveldb.build/Debug-iphoneos/leveldb.build/Objects-normal/arm64/82b82416624d2658e5098eb0a28c15c5-common-args.resp
    
    /Applications/Xcode.app/Contents/Developer/Toolchains/XcodeDefault.xctoolchain/usr/bin/clang -x c++ -ivfsstatcache /Users/emanuelflury/Library/Developer/Xcode/DerivedData/SDKStatCaches.noindex/iphoneos26.1-23B77-69b33fc7382b27d9b5d46e82a00f8e78.sdkstatcache -fmessage-length\=0 -fdiagnostics-show-note-include-stack -fmacro-backtrace-limit\=0 -fno-color-diagnostics -fmodules-prune-interval\=86400 -fmodules-prune-after\=345600 -fbuild-session-file\=/Users/emanuelflury/Library/Developer/Xcode/DerivedData/ModuleCache.noindex/Session.modulevalidation -fmodules-validate-once-per-build-session -Wnon-modular-include-in-framework-module -Werror\=non-modular-include-in-framework-module -Wno-trigraphs -Wno-missing-field-initializers -Wno-missing-prototypes -Wno-return-type -Wno-non-virtual-dtor -Wno-overloaded-virtual -Wno-exit-time-destructors -Wno-missing-braces -Wparentheses -Wswitch -Wno-unused-function -Wno-unused-label -Wno-unused-parameter -Wno-unused-variable -Wunused-value -Wno-empty-body -Wno-uninitialized -Wno-unknown-pragmas -w -Wno-shadow -Wno-four-char-constants -Wno-conversion -Wno-constant-conversion -Wno-int-conversion -Wno-bool-conversion -Wno-enum-conversion -Wno-float-conversion -Wno-non-literal-null-conversion -Wno-objc-literal-conversion -Wshorten-64-to-32 -Wno-newline-eof -Wno-c++11-extensions -Wno-implicit-fallthrough -fstrict-aliasing -Wdeprecated-declarations -Winvalid-offsetof -Wno-sign-conversion -Wno-infinite-recursion -Wno-move -Wno-comma -Wno-block-capture-autoreleasing -Wno-strict-prototypes -Wno-range-loop-analysis -Wno-semicolon-before-method-body -index-store-path /Users/emanuelflury/Library/Developer/Xcode/DerivedData/TaxedGmbH_IOS-gerngfqzuwudosgobknlgtoawnlj/Index.noindex/DataStore @/Users/emanuelflury/Library/Developer/Xcode/DerivedData/TaxedGmbH_IOS-gerngfqzuwudosgobknlgtoawnlj/Build/Intermediates.noindex/leveldb.build/Debug-iphoneos/leveldb.build/Objects-normal/arm64/82b82416624d2658e5098eb0a28c15c5-common-args.resp -MMD -MT dependencies -MF /Users/emanuelflury/Library/Developer/Xcode/DerivedData/TaxedGmbH_IOS-gerngfqzuwudosgobknlgtoawnlj/Build/Intermediates.noindex/leveldb.build/Debug-iphoneos/leveldb.build/Objects-normal/arm64/table_builder.d --serialize-diagnostics /Users/emanuelflury/Library/Developer/Xcode/DerivedData/TaxedGmbH_IOS-gerngfqzuwudosgobknlgtoawnlj/Build/Intermediates.noindex/leveldb.build/Debug-iphoneos/leveldb.build/Objects-normal/arm64/table_builder.dia -c /Users/emanuelflury/Library/Developer/Xcode/DerivedData/TaxedGmbH_IOS-gerngfqzuwudosgobknlgtoawnlj/SourcePackages/checkouts/leveldb/table/table_builder.cc -o /Users/emanuelflury/Library/Developer/Xcode/DerivedData/TaxedGmbH_IOS-gerngfqzuwudosgobknlgtoawnlj/Build/Intermediates.noindex/leveldb.build/Debug-iphoneos/leveldb.build/Objects-normal/arm64/table_builder.o -index-unit-output-path /leveldb.build/Debug-iphoneos/leveldb.build/Objects-normal/arm64/table_builder.o

WriteAuxiliaryFile /Users/emanuelflury/Library/Developer/Xcode/DerivedData/TaxedGmbH_IOS-gerngfqzuwudosgobknlgtoawnlj/Build/Intermediates.noindex/GoogleAppMeasurement.build/Debug-iphoneos/GoogleAppMeasurementTarget.build/Objects-normal/arm64/e6072d4f65d7061329687fe24e3d63a7-common-args.resp (in target 'GoogleAppMeasurementTarget' from project 'GoogleAppMeasurement')
    cd /Users/emanuelflury/Library/Developer/Xcode/DerivedData/TaxedGmbH_IOS-gerngfqzuwudosgobknlgtoawnlj/SourcePackages/checkouts/GoogleAppMeasurement
    write-file /Users/emanuelflury/Library/Developer/Xcode/DerivedData/TaxedGmbH_IOS-gerngfqzuwudosgobknlgtoawnlj/Build/Intermediates.noindex/GoogleAppMeasurement.build/Debug-iphoneos/GoogleAppMeasurementTarget.build/Objects-normal/arm64/e6072d4f65d7061329687fe24e3d63a7-common-args.resp
-target arm64-apple-ios15.0 '-std=c99' -fobjc-arc -fmodules -gmodules '-fmodules-cache-path=/Users/emanuelflury/Library/Developer/Xcode/DerivedData/ModuleCache.noindex' '-fmodule-name=GoogleAppMeasurementTarget' -fpascal-strings -O0 -DSWIFT_PACKAGE '-DDEBUG=1' '-DOBJC_OLD_DISPATCH_PROTOTYPES=1' -isysroot /Applications/Xcode.app/Contents/Developer/Platforms/iPhoneOS.platform/Developer/SDKs/iPhoneOS26.1.sdk -g -fprofile-instr-generate -fcoverage-mapping -I/Users/emanuelflury/Library/Developer/Xcode/DerivedData/TaxedGmbH_IOS-gerngfqzuwudosgobknlgtoawnlj/SourcePackages/checkouts/GoogleUtilities/GoogleUtilities/AppDelegateSwizzler/Public -I/Users/emanuelflury/Library/Developer/Xcode/DerivedData/TaxedGmbH_IOS-gerngfqzuwudosgobknlgtoawnlj/SourcePackages/checkouts/GoogleUtilities/GoogleUtilities/MethodSwizzler/Public -I/Users/emanuelflury/Library/Developer/Xcode/DerivedData/TaxedGmbH_IOS-gerngfqzuwudosgobknlgtoawnlj/SourcePackages/checkouts/GoogleUtilities/GoogleUtilities/Reachability/Public -I/Users/emanuelflury/Library/Developer/Xcode/DerivedData/TaxedGmbH_IOS-gerngfqzuwudosgobknlgtoawnlj/SourcePackages/checkouts/GoogleUtilities/GoogleUtilities/NSData+zlib/Public -I/Users/emanuelflury/Library/Developer/Xcode/DerivedData/TaxedGmbH_IOS-gerngfqzuwudosgobknlgtoawnlj/SourcePackages/checkouts/GoogleUtilities/GoogleUtilities/Network/Public -I/Users/emanuelflury/Library/Developer/Xcode/DerivedData/TaxedGmbH_IOS-gerngfqzuwudosgobknlgtoawnlj/SourcePackages/checkouts/GoogleUtilities/GoogleUtilities/Logger/Public -I/Users/emanuelflury/Library/Developer/Xcode/DerivedData/TaxedGmbH_IOS-gerngfqzuwudosgobknlgtoawnlj/SourcePackages/checkouts/GoogleUtilities/third_party/IsAppEncrypted/Public -I/Users/emanuelflury/Library/Developer/Xcode/DerivedData/TaxedGmbH_IOS-gerngfqzuwudosgobknlgtoawnlj/SourcePackages/checkouts/GoogleUtilities/GoogleUtilities/Environment/Public -I/Users/emanuelflury/Library/Developer/Xcode/DerivedData/TaxedGmbH_IOS-gerngfqzuwudosgobknlgtoawnlj/SourcePackages/checkouts/nanopb/spm_headers -I/Users/emanuelflury/Library/Developer/Xcode/DerivedData/TaxedGmbH_IOS-gerngfqzuwudosgobknlgtoawnlj/SourcePackages/checkouts/google-ads-on-device-conversion-ios-sdk/GoogleAdsOnDeviceConversionWrapper/include -I/Users/emanuelflury/Library/Developer/Xcode/DerivedData/TaxedGmbH_IOS-gerngfqzuwudosgobknlgtoawnlj/Build/Products/Debug-iphoneos/include -I/Users/emanuelflury/Library/Developer/Xcode/DerivedData/TaxedGmbH_IOS-gerngfqzuwudosgobknlgtoawnlj/SourcePackages/checkouts/GoogleAppMeasurement/GoogleAppMeasurementWrapper/include -I/Users/emanuelflury/Library/Developer/Xcode/DerivedData/TaxedGmbH_IOS-gerngfqzuwudosgobknlgtoawnlj/Build/Intermediates.noindex/GoogleAppMeasurement.build/Debug-iphoneos/GoogleAppMeasurementTarget.build/DerivedSources-normal/arm64 -I/Users/emanuelflury/Library/Developer/Xcode/DerivedData/TaxedGmbH_IOS-gerngfqzuwudosgobknlgtoawnlj/Build/Intermediates.noindex/GoogleAppMeasurement.build/Debug-iphoneos/GoogleAppMeasurementTarget.build/DerivedSources/arm64 -I/Users/emanuelflury/Library/Developer/Xcode/DerivedData/TaxedGmbH_IOS-gerngfqzuwudosgobknlgtoawnlj/Build/Intermediates.noindex/GoogleAppMeasurement.build/Debug-iphoneos/GoogleAppMeasurementTarget.build/DerivedSources -F/Users/emanuelflury/Library/Developer/Xcode/DerivedData/TaxedGmbH_IOS-gerngfqzuwudosgobknlgtoawnlj/Build/Products/Debug-iphoneos/PackageFrameworks -F/Users/emanuelflury/Library/Developer/Xcode/DerivedData/TaxedGmbH_IOS-gerngfqzuwudosgobknlgtoawnlj/Build/Products/Debug-iphoneos/PackageFrameworks -F/Users/emanuelflury/Library/Developer/Xcode/DerivedData/TaxedGmbH_IOS-gerngfqzuwudosgobknlgtoawnlj/Build/Products/Debug-iphoneos/PackageFrameworks -F/Users/emanuelflury/Library/Developer/Xcode/DerivedData/TaxedGmbH_IOS-gerngfqzuwudosgobknlgtoawnlj/Build/Products/Debug-iphoneos/PackageFrameworks -F/Users/emanuelflury/Library/Developer/Xcode/DerivedData/TaxedGmbH_IOS-gerngfqzuwudosgobknlgtoawnlj/Build/Products/Debug-iphoneos/PackageFrameworks -F/Users/emanuelflury/Library/Developer/Xcode/DerivedData/TaxedGmbH_IOS-gerngfqzuwudosgobknlgtoawnlj/Build/Products/Debug-iphoneos/PackageFrameworks -F/Users/emanuelflury/Library/Developer/Xcode/DerivedData/TaxedGmbH_IOS-gerngfqzuwudosgobknlgtoawnlj/Build/Products/Debug-iphoneos/PackageFrameworks -F/Users/emanuelflury/Library/Developer/Xcode/DerivedData/TaxedGmbH_IOS-gerngfqzuwudosgobknlgtoawnlj/Build/Products/Debug-iphoneos/PackageFrameworks -F/Users/emanuelflury/Library/Developer/Xcode/DerivedData/TaxedGmbH_IOS-gerngfqzuwudosgobknlgtoawnlj/Build/Products/Debug-iphoneos/PackageFrameworks -F/Users/emanuelflury/Library/Developer/Xcode/DerivedData/TaxedGmbH_IOS-gerngfqzuwudosgobknlgtoawnlj/Build/Products/Debug-iphoneos/PackageFrameworks -F/Users/emanuelflury/Library/Developer/Xcode/DerivedData/TaxedGmbH_IOS-gerngfqzuwudosgobknlgtoawnlj/Build/Products/Debug-iphoneos -iframework /Applications/Xcode.app/Contents/Developer/Platforms/iPhoneOS.platform/Developer/Library/Frameworks -iframework /Applications/Xcode.app/Contents/Developer/Platforms/iPhoneOS.platform/Developer/SDKs/iPhoneOS26.1.sdk/Developer/Library/Frameworks '-fmodule-map-file=/Users/emanuelflury/Library/Developer/Xcode/DerivedData/TaxedGmbH_IOS-gerngfqzuwudosgobknlgtoawnlj/Build/Intermediates.noindex/GeneratedModuleMaps-iphoneos/GoogleUtilities-AppDelegateSwizzler.modulemap' '-fmodule-map-file=/Users/emanuelflury/Library/Developer/Xcode/DerivedData/TaxedGmbH_IOS-gerngfqzuwudosgobknlgtoawnlj/Build/Intermediates.noindex/GeneratedModuleMaps-iphoneos/GoogleUtilities-MethodSwizzler.modulemap' '-fmodule-map-file=/Users/emanuelflury/Library/Developer/Xcode/DerivedData/TaxedGmbH_IOS-gerngfqzuwudosgobknlgtoawnlj/Build/Intermediates.noindex/GeneratedModuleMaps-iphoneos/GoogleUtilities-Reachability.modulemap' '-fmodule-map-file=/Users/emanuelflury/Library/Developer/Xcode/DerivedData/TaxedGmbH_IOS-gerngfqzuwudosgobknlgtoawnlj/Build/Intermediates.noindex/GeneratedModuleMaps-iphoneos/GoogleUtilities-NSData.modulemap' '-fmodule-map-file=/Users/emanuelflury/Library/Developer/Xcode/DerivedData/TaxedGmbH_IOS-gerngfqzuwudosgobknlgtoawnlj/Build/Intermediates.noindex/GeneratedModuleMaps-iphoneos/GoogleUtilities-Network.modulemap' '-fmodule-map-file=/Users/emanuelflury/Library/Developer/Xcode/DerivedData/TaxedGmbH_IOS-gerngfqzuwudosgobknlgtoawnlj/Build/Intermediates.noindex/GeneratedModuleMaps-iphoneos/GoogleUtilities-Logger.modulemap' '-fmodule-map-file=/Users/emanuelflury/Library/Developer/Xcode/DerivedData/TaxedGmbH_IOS-gerngfqzuwudosgobknlgtoawnlj/Build/Intermediates.noindex/GeneratedModuleMaps-iphoneos/third-party-IsAppEncrypted.modulemap' '-fmodule-map-file=/Users/emanuelflury/Library/Developer/Xcode/DerivedData/TaxedGmbH_IOS-gerngfqzuwudosgobknlgtoawnlj/Build/Intermediates.noindex/GeneratedModuleMaps-iphoneos/GoogleUtilities-Environment.modulemap' '-fmodule-map-file=/Users/emanuelflury/Library/Developer/Xcode/DerivedData/TaxedGmbH_IOS-gerngfqzuwudosgobknlgtoawnlj/Build/Intermediates.noindex/GeneratedModuleMaps-iphoneos/nanopb.modulemap' '-fmodule-map-file=/Users/emanuelflury/Library/Developer/Xcode/DerivedData/TaxedGmbH_IOS-gerngfqzuwudosgobknlgtoawnlj/Build/Intermediates.noindex/GeneratedModuleMaps-iphoneos/GoogleAdsOnDeviceConversionTarget.modulemap' -DXcode

WriteAuxiliaryFile /Users/emanuelflury/Library/Developer/Xcode/DerivedData/TaxedGmbH_IOS-gerngfqzuwudosgobknlgtoawnlj/Build/Intermediates.noindex/GoogleAppMeasurement.build/Debug-iphoneos/GoogleAppMeasurementTarget.build/Objects-normal/arm64/GoogleAppMeasurementTarget.LinkFileList (in target 'GoogleAppMeasurementTarget' from project 'GoogleAppMeasurement')
    cd /Users/emanuelflury/Library/Developer/Xcode/DerivedData/TaxedGmbH_IOS-gerngfqzuwudosgobknlgtoawnlj/SourcePackages/checkouts/GoogleAppMeasurement
    write-file /Users/emanuelflury/Library/Developer/Xcode/DerivedData/TaxedGmbH_IOS-gerngfqzuwudosgobknlgtoawnlj/Build/Intermediates.noindex/GoogleAppMeasurement.build/Debug-iphoneos/GoogleAppMeasurementTarget.build/Objects-normal/arm64/GoogleAppMeasurementTarget.LinkFileList

WriteAuxiliaryFile /Users/emanuelflury/Library/Developer/Xcode/DerivedData/TaxedGmbH_IOS-gerngfqzuwudosgobknlgtoawnlj/Build/Intermediates.noindex/GoogleAppMeasurement.build/Debug-iphoneos/GoogleAppMeasurementTarget.build/GoogleAppMeasurementTarget.modulemap (in target 'GoogleAppMeasurementTarget' from project 'GoogleAppMeasurement')
    cd /Users/emanuelflury/Library/Developer/Xcode/DerivedData/TaxedGmbH_IOS-gerngfqzuwudosgobknlgtoawnlj/SourcePackages/checkouts/GoogleAppMeasurement
    write-file /Users/emanuelflury/Library/Developer/Xcode/DerivedData/TaxedGmbH_IOS-gerngfqzuwudosgobknlgtoawnlj/Build/Intermediates.noindex/GoogleAppMeasurement.build/Debug-iphoneos/GoogleAppMeasurementTarget.build/GoogleAppMeasurementTarget.modulemap

WriteAuxiliaryFile /Users/emanuelflury/Library/Developer/Xcode/DerivedData/TaxedGmbH_IOS-gerngfqzuwudosgobknlgtoawnlj/Build/Intermediates.noindex/GoogleAppMeasurement.build/Debug-iphoneos/GoogleAppMeasurementTarget.build/GoogleAppMeasurementTarget.DependencyStaticMetadataFileList (in target 'GoogleAppMeasurementTarget' from project 'GoogleAppMeasurement')
    cd /Users/emanuelflury/Library/Developer/Xcode/DerivedData/TaxedGmbH_IOS-gerngfqzuwudosgobknlgtoawnlj/SourcePackages/checkouts/GoogleAppMeasurement
    write-file /Users/emanuelflury/Library/Developer/Xcode/DerivedData/TaxedGmbH_IOS-gerngfqzuwudosgobknlgtoawnlj/Build/Intermediates.noindex/GoogleAppMeasurement.build/Debug-iphoneos/GoogleAppMeasurementTarget.build/GoogleAppMeasurementTarget.DependencyStaticMetadataFileList

WriteAuxiliaryFile /Users/emanuelflury/Library/Developer/Xcode/DerivedData/TaxedGmbH_IOS-gerngfqzuwudosgobknlgtoawnlj/Build/Intermediates.noindex/GoogleAppMeasurement.build/Debug-iphoneos/GoogleAppMeasurementTarget.build/GoogleAppMeasurementTarget.DependencyMetadataFileList (in target 'GoogleAppMeasurementTarget' from project 'GoogleAppMeasurement')
    cd /Users/emanuelflury/Library/Developer/Xcode/DerivedData/TaxedGmbH_IOS-gerngfqzuwudosgobknlgtoawnlj/SourcePackages/checkouts/GoogleAppMeasurement
    write-file /Users/emanuelflury/Library/Developer/Xcode/DerivedData/TaxedGmbH_IOS-gerngfqzuwudosgobknlgtoawnlj/Build/Intermediates.noindex/GoogleAppMeasurement.build/Debug-iphoneos/GoogleAppMeasurementTarget.build/GoogleAppMeasurementTarget.DependencyMetadataFileList

CompileC /Users/emanuelflury/Library/Developer/Xcode/DerivedData/TaxedGmbH_IOS-gerngfqzuwudosgobknlgtoawnlj/Build/Intermediates.noindex/leveldb.build/Debug-iphoneos/leveldb.build/Objects-normal/arm64/table.o /Users/emanuelflury/Library/Developer/Xcode/DerivedData/TaxedGmbH_IOS-gerngfqzuwudosgobknlgtoawnlj/SourcePackages/checkouts/leveldb/table/table.cc normal arm64 c++ com.apple.compilers.llvm.clang.1_0.compiler (in target 'leveldb' from project 'leveldb')
    cd /Users/emanuelflury/github/TaxedGmbH_IOS/TaxedGmbH_IOS.xcodeproj
    
    Using response file: /Users/emanuelflury/Library/Developer/Xcode/DerivedData/TaxedGmbH_IOS-gerngfqzuwudosgobknlgtoawnlj/Build/Intermediates.noindex/leveldb.build/Debug-iphoneos/leveldb.build/Objects-normal/arm64/82b82416624d2658e5098eb0a28c15c5-common-args.resp
    
    /Applications/Xcode.app/Contents/Developer/Toolchains/XcodeDefault.xctoolchain/usr/bin/clang -x c++ -ivfsstatcache /Users/emanuelflury/Library/Developer/Xcode/DerivedData/SDKStatCaches.noindex/iphoneos26.1-23B77-69b33fc7382b27d9b5d46e82a00f8e78.sdkstatcache -fmessage-length\=0 -fdiagnostics-show-note-include-stack -fmacro-backtrace-limit\=0 -fno-color-diagnostics -fmodules-prune-interval\=86400 -fmodules-prune-after\=345600 -fbuild-session-file\=/Users/emanuelflury/Library/Developer/Xcode/DerivedData/ModuleCache.noindex/Session.modulevalidation -fmodules-validate-once-per-build-session -Wnon-modular-include-in-framework-module -Werror\=non-modular-include-in-framework-module -Wno-trigraphs -Wno-missing-field-initializers -Wno-missing-prototypes -Wno-return-type -Wno-non-virtual-dtor -Wno-overloaded-virtual -Wno-exit-time-destructors -Wno-missing-braces -Wparentheses -Wswitch -Wno-unused-function -Wno-unused-label -Wno-unused-parameter -Wno-unused-variable -Wunused-value -Wno-empty-body -Wno-uninitialized -Wno-unknown-pragmas -w -Wno-shadow -Wno-four-char-constants -Wno-conversion -Wno-constant-conversion -Wno-int-conversion -Wno-bool-conversion -Wno-enum-conversion -Wno-float-conversion -Wno-non-literal-null-conversion -Wno-objc-literal-conversion -Wshorten-64-to-32 -Wno-newline-eof -Wno-c++11-extensions -Wno-implicit-fallthrough -fstrict-aliasing -Wdeprecated-declarations -Winvalid-offsetof -Wno-sign-conversion -Wno-infinite-recursion -Wno-move -Wno-comma -Wno-block-capture-autoreleasing -Wno-strict-prototypes -Wno-range-loop-analysis -Wno-semicolon-before-method-body -index-store-path /Users/emanuelflury/Library/Developer/Xcode/DerivedData/TaxedGmbH_IOS-gerngfqzuwudosgobknlgtoawnlj/Index.noindex/DataStore @/Users/emanuelflury/Library/Developer/Xcode/DerivedData/TaxedGmbH_IOS-gerngfqzuwudosgobknlgtoawnlj/Build/Intermediates.noindex/leveldb.build/Debug-iphoneos/leveldb.build/Objects-normal/arm64/82b82416624d2658e5098eb0a28c15c5-common-args.resp -MMD -MT dependencies -MF /Users/emanuelflury/Library/Developer/Xcode/DerivedData/TaxedGmbH_IOS-gerngfqzuwudosgobknlgtoawnlj/Build/Intermediates.noindex/leveldb.build/Debug-iphoneos/leveldb.build/Objects-normal/arm64/table.d --serialize-diagnostics /Users/emanuelflury/Library/Developer/Xcode/DerivedData/TaxedGmbH_IOS-gerngfqzuwudosgobknlgtoawnlj/Build/Intermediates.noindex/leveldb.build/Debug-iphoneos/leveldb.build/Objects-normal/arm64/table.dia -c /Users/emanuelflury/Library/Developer/Xcode/DerivedData/TaxedGmbH_IOS-gerngfqzuwudosgobknlgtoawnlj/SourcePackages/checkouts/leveldb/table/table.cc -o /Users/emanuelflury/Library/Developer/Xcode/DerivedData/TaxedGmbH_IOS-gerngfqzuwudosgobknlgtoawnlj/Build/Intermediates.noindex/leveldb.build/Debug-iphoneos/leveldb.build/Objects-normal/arm64/table.o -index-unit-output-path /leveldb.build/Debug-iphoneos/leveldb.build/Objects-normal/arm64/table.o

SwiftDriverJobDiscovery normal arm64 Compiling FirebaseRemoteConfigValueDecoding.swift (in target 'FirebaseSharedSwift' from project 'Firebase')

CompileC /Users/emanuelflury/Library/Developer/Xcode/DerivedData/TaxedGmbH_IOS-gerngfqzuwudosgobknlgtoawnlj/Build/Intermediates.noindex/leveldb.build/Debug-iphoneos/leveldb.build/Objects-normal/arm64/repair.o /Users/emanuelflury/Library/Developer/Xcode/DerivedData/TaxedGmbH_IOS-gerngfqzuwudosgobknlgtoawnlj/SourcePackages/checkouts/leveldb/db/repair.cc normal arm64 c++ com.apple.compilers.llvm.clang.1_0.compiler (in target 'leveldb' from project 'leveldb')
    cd /Users/emanuelflury/github/TaxedGmbH_IOS/TaxedGmbH_IOS.xcodeproj
    
    Using response file: /Users/emanuelflury/Library/Developer/Xcode/DerivedData/TaxedGmbH_IOS-gerngfqzuwudosgobknlgtoawnlj/Build/Intermediates.noindex/leveldb.build/Debug-iphoneos/leveldb.build/Objects-normal/arm64/82b82416624d2658e5098eb0a28c15c5-common-args.resp
    
    /Applications/Xcode.app/Contents/Developer/Toolchains/XcodeDefault.xctoolchain/usr/bin/clang -x c++ -ivfsstatcache /Users/emanuelflury/Library/Developer/Xcode/DerivedData/SDKStatCaches.noindex/iphoneos26.1-23B77-69b33fc7382b27d9b5d46e82a00f8e78.sdkstatcache -fmessage-length\=0 -fdiagnostics-show-note-include-stack -fmacro-backtrace-limit\=0 -fno-color-diagnostics -fmodules-prune-interval\=86400 -fmodules-prune-after\=345600 -fbuild-session-file\=/Users/emanuelflury/Library/Developer/Xcode/DerivedData/ModuleCache.noindex/Session.modulevalidation -fmodules-validate-once-per-build-session -Wnon-modular-include-in-framework-module -Werror\=non-modular-include-in-framework-module -Wno-trigraphs -Wno-missing-field-initializers -Wno-missing-prototypes -Wno-return-type -Wno-non-virtual-dtor -Wno-overloaded-virtual -Wno-exit-time-destructors -Wno-missing-braces -Wparentheses -Wswitch -Wno-unused-function -Wno-unused-label -Wno-unused-parameter -Wno-unused-variable -Wunused-value -Wno-empty-body -Wno-uninitialized -Wno-unknown-pragmas -w -Wno-shadow -Wno-four-char-constants -Wno-conversion -Wno-constant-conversion -Wno-int-conversion -Wno-bool-conversion -Wno-enum-conversion -Wno-float-conversion -Wno-non-literal-null-conversion -Wno-objc-literal-conversion -Wshorten-64-to-32 -Wno-newline-eof -Wno-c++11-extensions -Wno-implicit-fallthrough -fstrict-aliasing -Wdeprecated-declarations -Winvalid-offsetof -Wno-sign-conversion -Wno-infinite-recursion -Wno-move -Wno-comma -Wno-block-capture-autoreleasing -Wno-strict-prototypes -Wno-range-loop-analysis -Wno-semicolon-before-method-body -index-store-path /Users/emanuelflury/Library/Developer/Xcode/DerivedData/TaxedGmbH_IOS-gerngfqzuwudosgobknlgtoawnlj/Index.noindex/DataStore @/Users/emanuelflury/Library/Developer/Xcode/DerivedData/TaxedGmbH_IOS-gerngfqzuwudosgobknlgtoawnlj/Build/Intermediates.noindex/leveldb.build/Debug-iphoneos/leveldb.build/Objects-normal/arm64/82b82416624d2658e5098eb0a28c15c5-common-args.resp -MMD -MT dependencies -MF /Users/emanuelflury/Library/Developer/Xcode/DerivedData/TaxedGmbH_IOS-gerngfqzuwudosgobknlgtoawnlj/Build/Intermediates.noindex/leveldb.build/Debug-iphoneos/leveldb.build/Objects-normal/arm64/repair.d --serialize-diagnostics /Users/emanuelflury/Library/Developer/Xcode/DerivedData/TaxedGmbH_IOS-gerngfqzuwudosgobknlgtoawnlj/Build/Intermediates.noindex/leveldb.build/Debug-iphoneos/leveldb.build/Objects-normal/arm64/repair.dia -c /Users/emanuelflury/Library/Developer/Xcode/DerivedData/TaxedGmbH_IOS-gerngfqzuwudosgobknlgtoawnlj/SourcePackages/checkouts/leveldb/db/repair.cc -o /Users/emanuelflury/Library/Developer/Xcode/DerivedData/TaxedGmbH_IOS-gerngfqzuwudosgobknlgtoawnlj/Build/Intermediates.noindex/leveldb.build/Debug-iphoneos/leveldb.build/Objects-normal/arm64/repair.o -index-unit-output-path /leveldb.build/Debug-iphoneos/leveldb.build/Objects-normal/arm64/repair.o

CompileC /Users/emanuelflury/Library/Developer/Xcode/DerivedData/TaxedGmbH_IOS-gerngfqzuwudosgobknlgtoawnlj/Build/Intermediates.noindex/leveldb.build/Debug-iphoneos/leveldb.build/Objects-normal/arm64/merger.o /Users/emanuelflury/Library/Developer/Xcode/DerivedData/TaxedGmbH_IOS-gerngfqzuwudosgobknlgtoawnlj/SourcePackages/checkouts/leveldb/table/merger.cc normal arm64 c++ com.apple.compilers.llvm.clang.1_0.compiler (in target 'leveldb' from project 'leveldb')
    cd /Users/emanuelflury/github/TaxedGmbH_IOS/TaxedGmbH_IOS.xcodeproj
    
    Using response file: /Users/emanuelflury/Library/Developer/Xcode/DerivedData/TaxedGmbH_IOS-gerngfqzuwudosgobknlgtoawnlj/Build/Intermediates.noindex/leveldb.build/Debug-iphoneos/leveldb.build/Objects-normal/arm64/82b82416624d2658e5098eb0a28c15c5-common-args.resp
    
    /Applications/Xcode.app/Contents/Developer/Toolchains/XcodeDefault.xctoolchain/usr/bin/clang -x c++ -ivfsstatcache /Users/emanuelflury/Library/Developer/Xcode/DerivedData/SDKStatCaches.noindex/iphoneos26.1-23B77-69b33fc7382b27d9b5d46e82a00f8e78.sdkstatcache -fmessage-length\=0 -fdiagnostics-show-note-include-stack -fmacro-backtrace-limit\=0 -fno-color-diagnostics -fmodules-prune-interval\=86400 -fmodules-prune-after\=345600 -fbuild-session-file\=/Users/emanuelflury/Library/Developer/Xcode/DerivedData/ModuleCache.noindex/Session.modulevalidation -fmodules-validate-once-per-build-session -Wnon-modular-include-in-framework-module -Werror\=non-modular-include-in-framework-module -Wno-trigraphs -Wno-missing-field-initializers -Wno-missing-prototypes -Wno-return-type -Wno-non-virtual-dtor -Wno-overloaded-virtual -Wno-exit-time-destructors -Wno-missing-braces -Wparentheses -Wswitch -Wno-unused-function -Wno-unused-label -Wno-unused-parameter -Wno-unused-variable -Wunused-value -Wno-empty-body -Wno-uninitialized -Wno-unknown-pragmas -w -Wno-shadow -Wno-four-char-constants -Wno-conversion -Wno-constant-conversion -Wno-int-conversion -Wno-bool-conversion -Wno-enum-conversion -Wno-float-conversion -Wno-non-literal-null-conversion -Wno-objc-literal-conversion -Wshorten-64-to-32 -Wno-newline-eof -Wno-c++11-extensions -Wno-implicit-fallthrough -fstrict-aliasing -Wdeprecated-declarations -Winvalid-offsetof -Wno-sign-conversion -Wno-infinite-recursion -Wno-move -Wno-comma -Wno-block-capture-autoreleasing -Wno-strict-prototypes -Wno-range-loop-analysis -Wno-semicolon-before-method-body -index-store-path /Users/emanuelflury/Library/Developer/Xcode/DerivedData/TaxedGmbH_IOS-gerngfqzuwudosgobknlgtoawnlj/Index.noindex/DataStore @/Users/emanuelflury/Library/Developer/Xcode/DerivedData/TaxedGmbH_IOS-gerngfqzuwudosgobknlgtoawnlj/Build/Intermediates.noindex/leveldb.build/Debug-iphoneos/leveldb.build/Objects-normal/arm64/82b82416624d2658e5098eb0a28c15c5-common-args.resp -MMD -MT dependencies -MF /Users/emanuelflury/Library/Developer/Xcode/DerivedData/TaxedGmbH_IOS-gerngfqzuwudosgobknlgtoawnlj/Build/Intermediates.noindex/leveldb.build/Debug-iphoneos/leveldb.build/Objects-normal/arm64/merger.d --serialize-diagnostics /Users/emanuelflury/Library/Developer/Xcode/DerivedData/TaxedGmbH_IOS-gerngfqzuwudosgobknlgtoawnlj/Build/Intermediates.noindex/leveldb.build/Debug-iphoneos/leveldb.build/Objects-normal/arm64/merger.dia -c /Users/emanuelflury/Library/Developer/Xcode/DerivedData/TaxedGmbH_IOS-gerngfqzuwudosgobknlgtoawnlj/SourcePackages/checkouts/leveldb/table/merger.cc -o /Users/emanuelflury/Library/Developer/Xcode/DerivedData/TaxedGmbH_IOS-gerngfqzuwudosgobknlgtoawnlj/Build/Intermediates.noindex/leveldb.build/Debug-iphoneos/leveldb.build/Objects-normal/arm64/merger.o -index-unit-output-path /leveldb.build/Debug-iphoneos/leveldb.build/Objects-normal/arm64/merger.o

SwiftDriverJobDiscovery normal arm64 Emitting module for FirebaseSharedSwift (in target 'FirebaseSharedSwift' from project 'Firebase')

Copy /Users/emanuelflury/Library/Developer/Xcode/DerivedData/TaxedGmbH_IOS-gerngfqzuwudosgobknlgtoawnlj/Build/Intermediates.noindex/GeneratedModuleMaps-iphoneos/GoogleAppMeasurementTarget.modulemap /Users/emanuelflury/Library/Developer/Xcode/DerivedData/TaxedGmbH_IOS-gerngfqzuwudosgobknlgtoawnlj/Build/Intermediates.noindex/GoogleAppMeasurement.build/Debug-iphoneos/GoogleAppMeasurementTarget.build/GoogleAppMeasurementTarget.modulemap (in target 'GoogleAppMeasurementTarget' from project 'GoogleAppMeasurement')
    cd /Users/emanuelflury/Library/Developer/Xcode/DerivedData/TaxedGmbH_IOS-gerngfqzuwudosgobknlgtoawnlj/SourcePackages/checkouts/GoogleAppMeasurement
    builtin-copy -exclude .DS_Store -exclude CVS -exclude .svn -exclude .git -exclude .hg -resolve-src-symlinks /Users/emanuelflury/Library/Developer/Xcode/DerivedData/TaxedGmbH_IOS-gerngfqzuwudosgobknlgtoawnlj/Build/Intermediates.noindex/GoogleAppMeasurement.build/Debug-iphoneos/GoogleAppMeasurementTarget.build/GoogleAppMeasurementTarget.modulemap /Users/emanuelflury/Library/Developer/Xcode/DerivedData/TaxedGmbH_IOS-gerngfqzuwudosgobknlgtoawnlj/Build/Intermediates.noindex/GeneratedModuleMaps-iphoneos

SwiftDriver\ Compilation\ Requirements FirebaseSharedSwift normal arm64 com.apple.xcode.tools.swift.compiler (in target 'FirebaseSharedSwift' from project 'Firebase')
    cd /Users/emanuelflury/github/TaxedGmbH_IOS/TaxedGmbH_IOS.xcodeproj
    builtin-Swift-Compilation-Requirements -- /Applications/Xcode.app/Contents/Developer/Toolchains/XcodeDefault.xctoolchain/usr/bin/swiftc -module-name FirebaseSharedSwift -Onone -enforce-exclusivity\=checked @/Users/emanuelflury/Library/Developer/Xcode/DerivedData/TaxedGmbH_IOS-gerngfqzuwudosgobknlgtoawnlj/Build/Intermediates.noindex/Firebase.build/Debug-iphoneos/FirebaseSharedSwift.build/Objects-normal/arm64/FirebaseSharedSwift.SwiftFileList -DSWIFT_PACKAGE -DDEBUG -DSWIFT_MODULE_RESOURCE_BUNDLE_UNAVAILABLE -DXcode -plugin-path /Applications/Xcode.app/Contents/Developer/Toolchains/XcodeDefault.xctoolchain/usr/lib/swift/host/plugins/testing -enable-experimental-feature DebugDescriptionMacro -sdk /Applications/Xcode.app/Contents/Developer/Platforms/iPhoneOS.platform/Developer/SDKs/iPhoneOS26.1.sdk -target arm64-apple-ios15.0 -g -module-cache-path /Users/emanuelflury/Library/Developer/Xcode/DerivedData/ModuleCache.noindex -Xfrontend -serialize-debugging-options -profile-coverage-mapping -profile-generate -enable-testing -suppress-warnings -index-store-path /Users/emanuelflury/Library/Developer/Xcode/DerivedData/TaxedGmbH_IOS-gerngfqzuwudosgobknlgtoawnlj/Index.noindex/DataStore -Xcc -D_LIBCPP_HARDENING_MODE\=_LIBCPP_HARDENING_MODE_DEBUG -swift-version 5 -I /Users/emanuelflury/Library/Developer/Xcode/DerivedData/TaxedGmbH_IOS-gerngfqzuwudosgobknlgtoawnlj/Build/Products/Debug-iphoneos -Isystem /Applications/Xcode.app/Contents/Developer/Platforms/iPhoneOS.platform/Developer/usr/lib -F /Users/emanuelflury/Library/Developer/Xcode/DerivedData/TaxedGmbH_IOS-gerngfqzuwudosgobknlgtoawnlj/Build/Products/Debug-iphoneos -F /Applications/Xcode.app/Contents/Developer/Platforms/iPhoneOS.platform/Developer/Library/Frameworks -F /Applications/Xcode.app/Contents/Developer/Platforms/iPhoneOS.platform/Developer/SDKs/iPhoneOS26.1.sdk/Developer/Library/Frameworks -c -j12 -enable-batch-mode -incremental -Xcc -ivfsstatcache -Xcc /Users/emanuelflury/Library/Developer/Xcode/DerivedData/SDKStatCaches.noindex/iphoneos26.1-23B77-69b33fc7382b27d9b5d46e82a00f8e78.sdkstatcache -output-file-map /Users/emanuelflury/Library/Developer/Xcode/DerivedData/TaxedGmbH_IOS-gerngfqzuwudosgobknlgtoawnlj/Build/Intermediates.noindex/Firebase.build/Debug-iphoneos/FirebaseSharedSwift.build/Objects-normal/arm64/FirebaseSharedSwift-OutputFileMap.json -use-frontend-parseable-output -save-temps -no-color-diagnostics -explicit-module-build -module-cache-path /Users/emanuelflury/Library/Developer/Xcode/DerivedData/TaxedGmbH_IOS-gerngfqzuwudosgobknlgtoawnlj/Build/Intermediates.noindex/SwiftExplicitPrecompiledModules -clang-scanner-module-cache-path /Users/emanuelflury/Library/Developer/Xcode/DerivedData/ModuleCache.noindex -sdk-module-cache-path /Users/emanuelflury/Library/Developer/Xcode/DerivedData/ModuleCache.noindex -serialize-diagnostics -emit-dependencies -emit-module -emit-module-path /Users/emanuelflury/Library/Developer/Xcode/DerivedData/TaxedGmbH_IOS-gerngfqzuwudosgobknlgtoawnlj/Build/Intermediates.noindex/Firebase.build/Debug-iphoneos/FirebaseSharedSwift.build/Objects-normal/arm64/FirebaseSharedSwift.swiftmodule -user-module-version 12.6.0 -validate-clang-modules-once -clang-build-session-file /Users/emanuelflury/Library/Developer/Xcode/DerivedData/ModuleCache.noindex/Session.modulevalidation -package-name firebase_ios_sdk -Xcc -I/Users/emanuelflury/Library/Developer/Xcode/DerivedData/TaxedGmbH_IOS-gerngfqzuwudosgobknlgtoawnlj/Build/Intermediates.noindex/Firebase.build/Debug-iphoneos/FirebaseSharedSwift.build/swift-overrides.hmap -emit-const-values -Xfrontend -const-gather-protocols-file -Xfrontend /Users/emanuelflury/Library/Developer/Xcode/DerivedData/TaxedGmbH_IOS-gerngfqzuwudosgobknlgtoawnlj/Build/Intermediates.noindex/Firebase.build/Debug-iphoneos/FirebaseSharedSwift.build/Objects-normal/arm64/FirebaseSharedSwift_const_extract_protocols.json -Xcc -I/Users/emanuelflury/Library/Developer/Xcode/DerivedData/TaxedGmbH_IOS-gerngfqzuwudosgobknlgtoawnlj/Build/Products/Debug-iphoneos/include -Xcc -I/Users/emanuelflury/Library/Developer/Xcode/DerivedData/TaxedGmbH_IOS-gerngfqzuwudosgobknlgtoawnlj/Build/Intermediates.noindex/Firebase.build/Debug-iphoneos/FirebaseSharedSwift.build/DerivedSources-normal/arm64 -Xcc -I/Users/emanuelflury/Library/Developer/Xcode/DerivedData/TaxedGmbH_IOS-gerngfqzuwudosgobknlgtoawnlj/Build/Intermediates.noindex/Firebase.build/Debug-iphoneos/FirebaseSharedSwift.build/DerivedSources/arm64 -Xcc -I/Users/emanuelflury/Library/Developer/Xcode/DerivedData/TaxedGmbH_IOS-gerngfqzuwudosgobknlgtoawnlj/Build/Intermediates.noindex/Firebase.build/Debug-iphoneos/FirebaseSharedSwift.build/DerivedSources -Xcc -DSWIFT_PACKAGE -Xcc -DDEBUG\=1 -emit-objc-header -emit-objc-header-path /Users/emanuelflury/Library/Developer/Xcode/DerivedData/TaxedGmbH_IOS-gerngfqzuwudosgobknlgtoawnlj/Build/Intermediates.noindex/Firebase.build/Debug-iphoneos/FirebaseSharedSwift.build/Objects-normal/arm64/FirebaseSharedSwift-Swift.h -working-directory /Users/emanuelflury/github/TaxedGmbH_IOS/TaxedGmbH_IOS.xcodeproj -experimental-emit-module-separately -disable-cmo

CompileC /Users/emanuelflury/Library/Developer/Xcode/DerivedData/TaxedGmbH_IOS-gerngfqzuwudosgobknlgtoawnlj/Build/Intermediates.noindex/leveldb.build/Debug-iphoneos/leveldb.build/Objects-normal/arm64/memtable.o /Users/emanuelflury/Library/Developer/Xcode/DerivedData/TaxedGmbH_IOS-gerngfqzuwudosgobknlgtoawnlj/SourcePackages/checkouts/leveldb/db/memtable.cc normal arm64 c++ com.apple.compilers.llvm.clang.1_0.compiler (in target 'leveldb' from project 'leveldb')
    cd /Users/emanuelflury/github/TaxedGmbH_IOS/TaxedGmbH_IOS.xcodeproj
    
    Using response file: /Users/emanuelflury/Library/Developer/Xcode/DerivedData/TaxedGmbH_IOS-gerngfqzuwudosgobknlgtoawnlj/Build/Intermediates.noindex/leveldb.build/Debug-iphoneos/leveldb.build/Objects-normal/arm64/82b82416624d2658e5098eb0a28c15c5-common-args.resp
    
    /Applications/Xcode.app/Contents/Developer/Toolchains/XcodeDefault.xctoolchain/usr/bin/clang -x c++ -ivfsstatcache /Users/emanuelflury/Library/Developer/Xcode/DerivedData/SDKStatCaches.noindex/iphoneos26.1-23B77-69b33fc7382b27d9b5d46e82a00f8e78.sdkstatcache -fmessage-length\=0 -fdiagnostics-show-note-include-stack -fmacro-backtrace-limit\=0 -fno-color-diagnostics -fmodules-prune-interval\=86400 -fmodules-prune-after\=345600 -fbuild-session-file\=/Users/emanuelflury/Library/Developer/Xcode/DerivedData/ModuleCache.noindex/Session.modulevalidation -fmodules-validate-once-per-build-session -Wnon-modular-include-in-framework-module -Werror\=non-modular-include-in-framework-module -Wno-trigraphs -Wno-missing-field-initializers -Wno-missing-prototypes -Wno-return-type -Wno-non-virtual-dtor -Wno-overloaded-virtual -Wno-exit-time-destructors -Wno-missing-braces -Wparentheses -Wswitch -Wno-unused-function -Wno-unused-label -Wno-unused-parameter -Wno-unused-variable -Wunused-value -Wno-empty-body -Wno-uninitialized -Wno-unknown-pragmas -w -Wno-shadow -Wno-four-char-constants -Wno-conversion -Wno-constant-conversion -Wno-int-conversion -Wno-bool-conversion -Wno-enum-conversion -Wno-float-conversion -Wno-non-literal-null-conversion -Wno-objc-literal-conversion -Wshorten-64-to-32 -Wno-newline-eof -Wno-c++11-extensions -Wno-implicit-fallthrough -fstrict-aliasing -Wdeprecated-declarations -Winvalid-offsetof -Wno-sign-conversion -Wno-infinite-recursion -Wno-move -Wno-comma -Wno-block-capture-autoreleasing -Wno-strict-prototypes -Wno-range-loop-analysis -Wno-semicolon-before-method-body -index-store-path /Users/emanuelflury/Library/Developer/Xcode/DerivedData/TaxedGmbH_IOS-gerngfqzuwudosgobknlgtoawnlj/Index.noindex/DataStore @/Users/emanuelflury/Library/Developer/Xcode/DerivedData/TaxedGmbH_IOS-gerngfqzuwudosgobknlgtoawnlj/Build/Intermediates.noindex/leveldb.build/Debug-iphoneos/leveldb.build/Objects-normal/arm64/82b82416624d2658e5098eb0a28c15c5-common-args.resp -MMD -MT dependencies -MF /Users/emanuelflury/Library/Developer/Xcode/DerivedData/TaxedGmbH_IOS-gerngfqzuwudosgobknlgtoawnlj/Build/Intermediates.noindex/leveldb.build/Debug-iphoneos/leveldb.build/Objects-normal/arm64/memtable.d --serialize-diagnostics /Users/emanuelflury/Library/Developer/Xcode/DerivedData/TaxedGmbH_IOS-gerngfqzuwudosgobknlgtoawnlj/Build/Intermediates.noindex/leveldb.build/Debug-iphoneos/leveldb.build/Objects-normal/arm64/memtable.dia -c /Users/emanuelflury/Library/Developer/Xcode/DerivedData/TaxedGmbH_IOS-gerngfqzuwudosgobknlgtoawnlj/SourcePackages/checkouts/leveldb/db/memtable.cc -o /Users/emanuelflury/Library/Developer/Xcode/DerivedData/TaxedGmbH_IOS-gerngfqzuwudosgobknlgtoawnlj/Build/Intermediates.noindex/leveldb.build/Debug-iphoneos/leveldb.build/Objects-normal/arm64/memtable.o -index-unit-output-path /leveldb.build/Debug-iphoneos/leveldb.build/Objects-normal/arm64/memtable.o

CompileC /Users/emanuelflury/Library/Developer/Xcode/DerivedData/TaxedGmbH_IOS-gerngfqzuwudosgobknlgtoawnlj/Build/Intermediates.noindex/leveldb.build/Debug-iphoneos/leveldb.build/Objects-normal/arm64/logging.o /Users/emanuelflury/Library/Developer/Xcode/DerivedData/TaxedGmbH_IOS-gerngfqzuwudosgobknlgtoawnlj/SourcePackages/checkouts/leveldb/util/logging.cc normal arm64 c++ com.apple.compilers.llvm.clang.1_0.compiler (in target 'leveldb' from project 'leveldb')
    cd /Users/emanuelflury/github/TaxedGmbH_IOS/TaxedGmbH_IOS.xcodeproj
    
    Using response file: /Users/emanuelflury/Library/Developer/Xcode/DerivedData/TaxedGmbH_IOS-gerngfqzuwudosgobknlgtoawnlj/Build/Intermediates.noindex/leveldb.build/Debug-iphoneos/leveldb.build/Objects-normal/arm64/82b82416624d2658e5098eb0a28c15c5-common-args.resp
    
    /Applications/Xcode.app/Contents/Developer/Toolchains/XcodeDefault.xctoolchain/usr/bin/clang -x c++ -ivfsstatcache /Users/emanuelflury/Library/Developer/Xcode/DerivedData/SDKStatCaches.noindex/iphoneos26.1-23B77-69b33fc7382b27d9b5d46e82a00f8e78.sdkstatcache -fmessage-length\=0 -fdiagnostics-show-note-include-stack -fmacro-backtrace-limit\=0 -fno-color-diagnostics -fmodules-prune-interval\=86400 -fmodules-prune-after\=345600 -fbuild-session-file\=/Users/emanuelflury/Library/Developer/Xcode/DerivedData/ModuleCache.noindex/Session.modulevalidation -fmodules-validate-once-per-build-session -Wnon-modular-include-in-framework-module -Werror\=non-modular-include-in-framework-module -Wno-trigraphs -Wno-missing-field-initializers -Wno-missing-prototypes -Wno-return-type -Wno-non-virtual-dtor -Wno-overloaded-virtual -Wno-exit-time-destructors -Wno-missing-braces -Wparentheses -Wswitch -Wno-unused-function -Wno-unused-label -Wno-unused-parameter -Wno-unused-variable -Wunused-value -Wno-empty-body -Wno-uninitialized -Wno-unknown-pragmas -w -Wno-shadow -Wno-four-char-constants -Wno-conversion -Wno-constant-conversion -Wno-int-conversion -Wno-bool-conversion -Wno-enum-conversion -Wno-float-conversion -Wno-non-literal-null-conversion -Wno-objc-literal-conversion -Wshorten-64-to-32 -Wno-newline-eof -Wno-c++11-extensions -Wno-implicit-fallthrough -fstrict-aliasing -Wdeprecated-declarations -Winvalid-offsetof -Wno-sign-conversion -Wno-infinite-recursion -Wno-move -Wno-comma -Wno-block-capture-autoreleasing -Wno-strict-prototypes -Wno-range-loop-analysis -Wno-semicolon-before-method-body -index-store-path /Users/emanuelflury/Library/Developer/Xcode/DerivedData/TaxedGmbH_IOS-gerngfqzuwudosgobknlgtoawnlj/Index.noindex/DataStore @/Users/emanuelflury/Library/Developer/Xcode/DerivedData/TaxedGmbH_IOS-gerngfqzuwudosgobknlgtoawnlj/Build/Intermediates.noindex/leveldb.build/Debug-iphoneos/leveldb.build/Objects-normal/arm64/82b82416624d2658e5098eb0a28c15c5-common-args.resp -MMD -MT dependencies -MF /Users/emanuelflury/Library/Developer/Xcode/DerivedData/TaxedGmbH_IOS-gerngfqzuwudosgobknlgtoawnlj/Build/Intermediates.noindex/leveldb.build/Debug-iphoneos/leveldb.build/Objects-normal/arm64/logging.d --serialize-diagnostics /Users/emanuelflury/Library/Developer/Xcode/DerivedData/TaxedGmbH_IOS-gerngfqzuwudosgobknlgtoawnlj/Build/Intermediates.noindex/leveldb.build/Debug-iphoneos/leveldb.build/Objects-normal/arm64/logging.dia -c /Users/emanuelflury/Library/Developer/Xcode/DerivedData/TaxedGmbH_IOS-gerngfqzuwudosgobknlgtoawnlj/SourcePackages/checkouts/leveldb/util/logging.cc -o /Users/emanuelflury/Library/Developer/Xcode/DerivedData/TaxedGmbH_IOS-gerngfqzuwudosgobknlgtoawnlj/Build/Intermediates.noindex/leveldb.build/Debug-iphoneos/leveldb.build/Objects-normal/arm64/logging.o -index-unit-output-path /leveldb.build/Debug-iphoneos/leveldb.build/Objects-normal/arm64/logging.o

CompileC /Users/emanuelflury/Library/Developer/Xcode/DerivedData/TaxedGmbH_IOS-gerngfqzuwudosgobknlgtoawnlj/Build/Intermediates.noindex/leveldb.build/Debug-iphoneos/leveldb.build/Objects-normal/arm64/log_writer.o /Users/emanuelflury/Library/Developer/Xcode/DerivedData/TaxedGmbH_IOS-gerngfqzuwudosgobknlgtoawnlj/SourcePackages/checkouts/leveldb/db/log_writer.cc normal arm64 c++ com.apple.compilers.llvm.clang.1_0.compiler (in target 'leveldb' from project 'leveldb')
    cd /Users/emanuelflury/github/TaxedGmbH_IOS/TaxedGmbH_IOS.xcodeproj
    
    Using response file: /Users/emanuelflury/Library/Developer/Xcode/DerivedData/TaxedGmbH_IOS-gerngfqzuwudosgobknlgtoawnlj/Build/Intermediates.noindex/leveldb.build/Debug-iphoneos/leveldb.build/Objects-normal/arm64/82b82416624d2658e5098eb0a28c15c5-common-args.resp
    
    /Applications/Xcode.app/Contents/Developer/Toolchains/XcodeDefault.xctoolchain/usr/bin/clang -x c++ -ivfsstatcache /Users/emanuelflury/Library/Developer/Xcode/DerivedData/SDKStatCaches.noindex/iphoneos26.1-23B77-69b33fc7382b27d9b5d46e82a00f8e78.sdkstatcache -fmessage-length\=0 -fdiagnostics-show-note-include-stack -fmacro-backtrace-limit\=0 -fno-color-diagnostics -fmodules-prune-interval\=86400 -fmodules-prune-after\=345600 -fbuild-session-file\=/Users/emanuelflury/Library/Developer/Xcode/DerivedData/ModuleCache.noindex/Session.modulevalidation -fmodules-validate-once-per-build-session -Wnon-modular-include-in-framework-module -Werror\=non-modular-include-in-framework-module -Wno-trigraphs -Wno-missing-field-initializers -Wno-missing-prototypes -Wno-return-type -Wno-non-virtual-dtor -Wno-overloaded-virtual -Wno-exit-time-destructors -Wno-missing-braces -Wparentheses -Wswitch -Wno-unused-function -Wno-unused-label -Wno-unused-parameter -Wno-unused-variable -Wunused-value -Wno-empty-body -Wno-uninitialized -Wno-unknown-pragmas -w -Wno-shadow -Wno-four-char-constants -Wno-conversion -Wno-constant-conversion -Wno-int-conversion -Wno-bool-conversion -Wno-enum-conversion -Wno-float-conversion -Wno-non-literal-null-conversion -Wno-objc-literal-conversion -Wshorten-64-to-32 -Wno-newline-eof -Wno-c++11-extensions -Wno-implicit-fallthrough -fstrict-aliasing -Wdeprecated-declarations -Winvalid-offsetof -Wno-sign-conversion -Wno-infinite-recursion -Wno-move -Wno-comma -Wno-block-capture-autoreleasing -Wno-strict-prototypes -Wno-range-loop-analysis -Wno-semicolon-before-method-body -index-store-path /Users/emanuelflury/Library/Developer/Xcode/DerivedData/TaxedGmbH_IOS-gerngfqzuwudosgobknlgtoawnlj/Index.noindex/DataStore @/Users/emanuelflury/Library/Developer/Xcode/DerivedData/TaxedGmbH_IOS-gerngfqzuwudosgobknlgtoawnlj/Build/Intermediates.noindex/leveldb.build/Debug-iphoneos/leveldb.build/Objects-normal/arm64/82b82416624d2658e5098eb0a28c15c5-common-args.resp -MMD -MT dependencies -MF /Users/emanuelflury/Library/Developer/Xcode/DerivedData/TaxedGmbH_IOS-gerngfqzuwudosgobknlgtoawnlj/Build/Intermediates.noindex/leveldb.build/Debug-iphoneos/leveldb.build/Objects-normal/arm64/log_writer.d --serialize-diagnostics /Users/emanuelflury/Library/Developer/Xcode/DerivedData/TaxedGmbH_IOS-gerngfqzuwudosgobknlgtoawnlj/Build/Intermediates.noindex/leveldb.build/Debug-iphoneos/leveldb.build/Objects-normal/arm64/log_writer.dia -c /Users/emanuelflury/Library/Developer/Xcode/DerivedData/TaxedGmbH_IOS-gerngfqzuwudosgobknlgtoawnlj/SourcePackages/checkouts/leveldb/db/log_writer.cc -o /Users/emanuelflury/Library/Developer/Xcode/DerivedData/TaxedGmbH_IOS-gerngfqzuwudosgobknlgtoawnlj/Build/Intermediates.noindex/leveldb.build/Debug-iphoneos/leveldb.build/Objects-normal/arm64/log_writer.o -index-unit-output-path /leveldb.build/Debug-iphoneos/leveldb.build/Objects-normal/arm64/log_writer.o

CompileC /Users/emanuelflury/Library/Developer/Xcode/DerivedData/TaxedGmbH_IOS-gerngfqzuwudosgobknlgtoawnlj/Build/Intermediates.noindex/leveldb.build/Debug-iphoneos/leveldb.build/Objects-normal/arm64/log_reader.o /Users/emanuelflury/Library/Developer/Xcode/DerivedData/TaxedGmbH_IOS-gerngfqzuwudosgobknlgtoawnlj/SourcePackages/checkouts/leveldb/db/log_reader.cc normal arm64 c++ com.apple.compilers.llvm.clang.1_0.compiler (in target 'leveldb' from project 'leveldb')
    cd /Users/emanuelflury/github/TaxedGmbH_IOS/TaxedGmbH_IOS.xcodeproj
    
    Using response file: /Users/emanuelflury/Library/Developer/Xcode/DerivedData/TaxedGmbH_IOS-gerngfqzuwudosgobknlgtoawnlj/Build/Intermediates.noindex/leveldb.build/Debug-iphoneos/leveldb.build/Objects-normal/arm64/82b82416624d2658e5098eb0a28c15c5-common-args.resp
    
    /Applications/Xcode.app/Contents/Developer/Toolchains/XcodeDefault.xctoolchain/usr/bin/clang -x c++ -ivfsstatcache /Users/emanuelflury/Library/Developer/Xcode/DerivedData/SDKStatCaches.noindex/iphoneos26.1-23B77-69b33fc7382b27d9b5d46e82a00f8e78.sdkstatcache -fmessage-length\=0 -fdiagnostics-show-note-include-stack -fmacro-backtrace-limit\=0 -fno-color-diagnostics -fmodules-prune-interval\=86400 -fmodules-prune-after\=345600 -fbuild-session-file\=/Users/emanuelflury/Library/Developer/Xcode/DerivedData/ModuleCache.noindex/Session.modulevalidation -fmodules-validate-once-per-build-session -Wnon-modular-include-in-framework-module -Werror\=non-modular-include-in-framework-module -Wno-trigraphs -Wno-missing-field-initializers -Wno-missing-prototypes -Wno-return-type -Wno-non-virtual-dtor -Wno-overloaded-virtual -Wno-exit-time-destructors -Wno-missing-braces -Wparentheses -Wswitch -Wno-unused-function -Wno-unused-label -Wno-unused-parameter -Wno-unused-variable -Wunused-value -Wno-empty-body -Wno-uninitialized -Wno-unknown-pragmas -w -Wno-shadow -Wno-four-char-constants -Wno-conversion -Wno-constant-conversion -Wno-int-conversion -Wno-bool-conversion -Wno-enum-conversion -Wno-float-conversion -Wno-non-literal-null-conversion -Wno-objc-literal-conversion -Wshorten-64-to-32 -Wno-newline-eof -Wno-c++11-extensions -Wno-implicit-fallthrough -fstrict-aliasing -Wdeprecated-declarations -Winvalid-offsetof -Wno-sign-conversion -Wno-infinite-recursion -Wno-move -Wno-comma -Wno-block-capture-autoreleasing -Wno-strict-prototypes -Wno-range-loop-analysis -Wno-semicolon-before-method-body -index-store-path /Users/emanuelflury/Library/Developer/Xcode/DerivedData/TaxedGmbH_IOS-gerngfqzuwudosgobknlgtoawnlj/Index.noindex/DataStore @/Users/emanuelflury/Library/Developer/Xcode/DerivedData/TaxedGmbH_IOS-gerngfqzuwudosgobknlgtoawnlj/Build/Intermediates.noindex/leveldb.build/Debug-iphoneos/leveldb.build/Objects-normal/arm64/82b82416624d2658e5098eb0a28c15c5-common-args.resp -MMD -MT dependencies -MF /Users/emanuelflury/Library/Developer/Xcode/DerivedData/TaxedGmbH_IOS-gerngfqzuwudosgobknlgtoawnlj/Build/Intermediates.noindex/leveldb.build/Debug-iphoneos/leveldb.build/Objects-normal/arm64/log_reader.d --serialize-diagnostics /Users/emanuelflury/Library/Developer/Xcode/DerivedData/TaxedGmbH_IOS-gerngfqzuwudosgobknlgtoawnlj/Build/Intermediates.noindex/leveldb.build/Debug-iphoneos/leveldb.build/Objects-normal/arm64/log_reader.dia -c /Users/emanuelflury/Library/Developer/Xcode/DerivedData/TaxedGmbH_IOS-gerngfqzuwudosgobknlgtoawnlj/SourcePackages/checkouts/leveldb/db/log_reader.cc -o /Users/emanuelflury/Library/Developer/Xcode/DerivedData/TaxedGmbH_IOS-gerngfqzuwudosgobknlgtoawnlj/Build/Intermediates.noindex/leveldb.build/Debug-iphoneos/leveldb.build/Objects-normal/arm64/log_reader.o -index-unit-output-path /leveldb.build/Debug-iphoneos/leveldb.build/Objects-normal/arm64/log_reader.o

CompileC /Users/emanuelflury/Library/Developer/Xcode/DerivedData/TaxedGmbH_IOS-gerngfqzuwudosgobknlgtoawnlj/Build/Intermediates.noindex/leveldb.build/Debug-iphoneos/leveldb.build/Objects-normal/arm64/iterator.o /Users/emanuelflury/Library/Developer/Xcode/DerivedData/TaxedGmbH_IOS-gerngfqzuwudosgobknlgtoawnlj/SourcePackages/checkouts/leveldb/table/iterator.cc normal arm64 c++ com.apple.compilers.llvm.clang.1_0.compiler (in target 'leveldb' from project 'leveldb')
    cd /Users/emanuelflury/github/TaxedGmbH_IOS/TaxedGmbH_IOS.xcodeproj
    
    Using response file: /Users/emanuelflury/Library/Developer/Xcode/DerivedData/TaxedGmbH_IOS-gerngfqzuwudosgobknlgtoawnlj/Build/Intermediates.noindex/leveldb.build/Debug-iphoneos/leveldb.build/Objects-normal/arm64/82b82416624d2658e5098eb0a28c15c5-common-args.resp
    
    /Applications/Xcode.app/Contents/Developer/Toolchains/XcodeDefault.xctoolchain/usr/bin/clang -x c++ -ivfsstatcache /Users/emanuelflury/Library/Developer/Xcode/DerivedData/SDKStatCaches.noindex/iphoneos26.1-23B77-69b33fc7382b27d9b5d46e82a00f8e78.sdkstatcache -fmessage-length\=0 -fdiagnostics-show-note-include-stack -fmacro-backtrace-limit\=0 -fno-color-diagnostics -fmodules-prune-interval\=86400 -fmodules-prune-after\=345600 -fbuild-session-file\=/Users/emanuelflury/Library/Developer/Xcode/DerivedData/ModuleCache.noindex/Session.modulevalidation -fmodules-validate-once-per-build-session -Wnon-modular-include-in-framework-module -Werror\=non-modular-include-in-framework-module -Wno-trigraphs -Wno-missing-field-initializers -Wno-missing-prototypes -Wno-return-type -Wno-non-virtual-dtor -Wno-overloaded-virtual -Wno-exit-time-destructors -Wno-missing-braces -Wparentheses -Wswitch -Wno-unused-function -Wno-unused-label -Wno-unused-parameter -Wno-unused-variable -Wunused-value -Wno-empty-body -Wno-uninitialized -Wno-unknown-pragmas -w -Wno-shadow -Wno-four-char-constants -Wno-conversion -Wno-constant-conversion -Wno-int-conversion -Wno-bool-conversion -Wno-enum-conversion -Wno-float-conversion -Wno-non-literal-null-conversion -Wno-objc-literal-conversion -Wshorten-64-to-32 -Wno-newline-eof -Wno-c++11-extensions -Wno-implicit-fallthrough -fstrict-aliasing -Wdeprecated-declarations -Winvalid-offsetof -Wno-sign-conversion -Wno-infinite-recursion -Wno-move -Wno-comma -Wno-block-capture-autoreleasing -Wno-strict-prototypes -Wno-range-loop-analysis -Wno-semicolon-before-method-body -index-store-path /Users/emanuelflury/Library/Developer/Xcode/DerivedData/TaxedGmbH_IOS-gerngfqzuwudosgobknlgtoawnlj/Index.noindex/DataStore @/Users/emanuelflury/Library/Developer/Xcode/DerivedData/TaxedGmbH_IOS-gerngfqzuwudosgobknlgtoawnlj/Build/Intermediates.noindex/leveldb.build/Debug-iphoneos/leveldb.build/Objects-normal/arm64/82b82416624d2658e5098eb0a28c15c5-common-args.resp -MMD -MT dependencies -MF /Users/emanuelflury/Library/Developer/Xcode/DerivedData/TaxedGmbH_IOS-gerngfqzuwudosgobknlgtoawnlj/Build/Intermediates.noindex/leveldb.build/Debug-iphoneos/leveldb.build/Objects-normal/arm64/iterator.d --serialize-diagnostics /Users/emanuelflury/Library/Developer/Xcode/DerivedData/TaxedGmbH_IOS-gerngfqzuwudosgobknlgtoawnlj/Build/Intermediates.noindex/leveldb.build/Debug-iphoneos/leveldb.build/Objects-normal/arm64/iterator.dia -c /Users/emanuelflury/Library/Developer/Xcode/DerivedData/TaxedGmbH_IOS-gerngfqzuwudosgobknlgtoawnlj/SourcePackages/checkouts/leveldb/table/iterator.cc -o /Users/emanuelflury/Library/Developer/Xcode/DerivedData/TaxedGmbH_IOS-gerngfqzuwudosgobknlgtoawnlj/Build/Intermediates.noindex/leveldb.build/Debug-iphoneos/leveldb.build/Objects-normal/arm64/iterator.o -index-unit-output-path /leveldb.build/Debug-iphoneos/leveldb.build/Objects-normal/arm64/iterator.o

CompileC /Users/emanuelflury/Library/Developer/Xcode/DerivedData/TaxedGmbH_IOS-gerngfqzuwudosgobknlgtoawnlj/Build/Intermediates.noindex/leveldb.build/Debug-iphoneos/leveldb.build/Objects-normal/arm64/histogram.o /Users/emanuelflury/Library/Developer/Xcode/DerivedData/TaxedGmbH_IOS-gerngfqzuwudosgobknlgtoawnlj/SourcePackages/checkouts/leveldb/util/histogram.cc normal arm64 c++ com.apple.compilers.llvm.clang.1_0.compiler (in target 'leveldb' from project 'leveldb')
    cd /Users/emanuelflury/github/TaxedGmbH_IOS/TaxedGmbH_IOS.xcodeproj
    
    Using response file: /Users/emanuelflury/Library/Developer/Xcode/DerivedData/TaxedGmbH_IOS-gerngfqzuwudosgobknlgtoawnlj/Build/Intermediates.noindex/leveldb.build/Debug-iphoneos/leveldb.build/Objects-normal/arm64/82b82416624d2658e5098eb0a28c15c5-common-args.resp
    
    /Applications/Xcode.app/Contents/Developer/Toolchains/XcodeDefault.xctoolchain/usr/bin/clang -x c++ -ivfsstatcache /Users/emanuelflury/Library/Developer/Xcode/DerivedData/SDKStatCaches.noindex/iphoneos26.1-23B77-69b33fc7382b27d9b5d46e82a00f8e78.sdkstatcache -fmessage-length\=0 -fdiagnostics-show-note-include-stack -fmacro-backtrace-limit\=0 -fno-color-diagnostics -fmodules-prune-interval\=86400 -fmodules-prune-after\=345600 -fbuild-session-file\=/Users/emanuelflury/Library/Developer/Xcode/DerivedData/ModuleCache.noindex/Session.modulevalidation -fmodules-validate-once-per-build-session -Wnon-modular-include-in-framework-module -Werror\=non-modular-include-in-framework-module -Wno-trigraphs -Wno-missing-field-initializers -Wno-missing-prototypes -Wno-return-type -Wno-non-virtual-dtor -Wno-overloaded-virtual -Wno-exit-time-destructors -Wno-missing-braces -Wparentheses -Wswitch -Wno-unused-function -Wno-unused-label -Wno-unused-parameter -Wno-unused-variable -Wunused-value -Wno-empty-body -Wno-uninitialized -Wno-unknown-pragmas -w -Wno-shadow -Wno-four-char-constants -Wno-conversion -Wno-constant-conversion -Wno-int-conversion -Wno-bool-conversion -Wno-enum-conversion -Wno-float-conversion -Wno-non-literal-null-conversion -Wno-objc-literal-conversion -Wshorten-64-to-32 -Wno-newline-eof -Wno-c++11-extensions -Wno-implicit-fallthrough -fstrict-aliasing -Wdeprecated-declarations -Winvalid-offsetof -Wno-sign-conversion -Wno-infinite-recursion -Wno-move -Wno-comma -Wno-block-capture-autoreleasing -Wno-strict-prototypes -Wno-range-loop-analysis -Wno-semicolon-before-method-body -index-store-path /Users/emanuelflury/Library/Developer/Xcode/DerivedData/TaxedGmbH_IOS-gerngfqzuwudosgobknlgtoawnlj/Index.noindex/DataStore @/Users/emanuelflury/Library/Developer/Xcode/DerivedData/TaxedGmbH_IOS-gerngfqzuwudosgobknlgtoawnlj/Build/Intermediates.noindex/leveldb.build/Debug-iphoneos/leveldb.build/Objects-normal/arm64/82b82416624d2658e5098eb0a28c15c5-common-args.resp -MMD -MT dependencies -MF /Users/emanuelflury/Library/Developer/Xcode/DerivedData/TaxedGmbH_IOS-gerngfqzuwudosgobknlgtoawnlj/Build/Intermediates.noindex/leveldb.build/Debug-iphoneos/leveldb.build/Objects-normal/arm64/histogram.d --serialize-diagnostics /Users/emanuelflury/Library/Developer/Xcode/DerivedData/TaxedGmbH_IOS-gerngfqzuwudosgobknlgtoawnlj/Build/Intermediates.noindex/leveldb.build/Debug-iphoneos/leveldb.build/Objects-normal/arm64/histogram.dia -c /Users/emanuelflury/Library/Developer/Xcode/DerivedData/TaxedGmbH_IOS-gerngfqzuwudosgobknlgtoawnlj/SourcePackages/checkouts/leveldb/util/histogram.cc -o /Users/emanuelflury/Library/Developer/Xcode/DerivedData/TaxedGmbH_IOS-gerngfqzuwudosgobknlgtoawnlj/Build/Intermediates.noindex/leveldb.build/Debug-iphoneos/leveldb.build/Objects-normal/arm64/histogram.o -index-unit-output-path /leveldb.build/Debug-iphoneos/leveldb.build/Objects-normal/arm64/histogram.o

CompileC /Users/emanuelflury/Library/Developer/Xcode/DerivedData/TaxedGmbH_IOS-gerngfqzuwudosgobknlgtoawnlj/Build/Intermediates.noindex/leveldb.build/Debug-iphoneos/leveldb.build/Objects-normal/arm64/hash.o /Users/emanuelflury/Library/Developer/Xcode/DerivedData/TaxedGmbH_IOS-gerngfqzuwudosgobknlgtoawnlj/SourcePackages/checkouts/leveldb/util/hash.cc normal arm64 c++ com.apple.compilers.llvm.clang.1_0.compiler (in target 'leveldb' from project 'leveldb')
    cd /Users/emanuelflury/github/TaxedGmbH_IOS/TaxedGmbH_IOS.xcodeproj
    
    Using response file: /Users/emanuelflury/Library/Developer/Xcode/DerivedData/TaxedGmbH_IOS-gerngfqzuwudosgobknlgtoawnlj/Build/Intermediates.noindex/leveldb.build/Debug-iphoneos/leveldb.build/Objects-normal/arm64/82b82416624d2658e5098eb0a28c15c5-common-args.resp
    
    /Applications/Xcode.app/Contents/Developer/Toolchains/XcodeDefault.xctoolchain/usr/bin/clang -x c++ -ivfsstatcache /Users/emanuelflury/Library/Developer/Xcode/DerivedData/SDKStatCaches.noindex/iphoneos26.1-23B77-69b33fc7382b27d9b5d46e82a00f8e78.sdkstatcache -fmessage-length\=0 -fdiagnostics-show-note-include-stack -fmacro-backtrace-limit\=0 -fno-color-diagnostics -fmodules-prune-interval\=86400 -fmodules-prune-after\=345600 -fbuild-session-file\=/Users/emanuelflury/Library/Developer/Xcode/DerivedData/ModuleCache.noindex/Session.modulevalidation -fmodules-validate-once-per-build-session -Wnon-modular-include-in-framework-module -Werror\=non-modular-include-in-framework-module -Wno-trigraphs -Wno-missing-field-initializers -Wno-missing-prototypes -Wno-return-type -Wno-non-virtual-dtor -Wno-overloaded-virtual -Wno-exit-time-destructors -Wno-missing-braces -Wparentheses -Wswitch -Wno-unused-function -Wno-unused-label -Wno-unused-parameter -Wno-unused-variable -Wunused-value -Wno-empty-body -Wno-uninitialized -Wno-unknown-pragmas -w -Wno-shadow -Wno-four-char-constants -Wno-conversion -Wno-constant-conversion -Wno-int-conversion -Wno-bool-conversion -Wno-enum-conversion -Wno-float-conversion -Wno-non-literal-null-conversion -Wno-objc-literal-conversion -Wshorten-64-to-32 -Wno-newline-eof -Wno-c++11-extensions -Wno-implicit-fallthrough -fstrict-aliasing -Wdeprecated-declarations -Winvalid-offsetof -Wno-sign-conversion -Wno-infinite-recursion -Wno-move -Wno-comma -Wno-block-capture-autoreleasing -Wno-strict-prototypes -Wno-range-loop-analysis -Wno-semicolon-before-method-body -index-store-path /Users/emanuelflury/Library/Developer/Xcode/DerivedData/TaxedGmbH_IOS-gerngfqzuwudosgobknlgtoawnlj/Index.noindex/DataStore @/Users/emanuelflury/Library/Developer/Xcode/DerivedData/TaxedGmbH_IOS-gerngfqzuwudosgobknlgtoawnlj/Build/Intermediates.noindex/leveldb.build/Debug-iphoneos/leveldb.build/Objects-normal/arm64/82b82416624d2658e5098eb0a28c15c5-common-args.resp -MMD -MT dependencies -MF /Users/emanuelflury/Library/Developer/Xcode/DerivedData/TaxedGmbH_IOS-gerngfqzuwudosgobknlgtoawnlj/Build/Intermediates.noindex/leveldb.build/Debug-iphoneos/leveldb.build/Objects-normal/arm64/hash.d --serialize-diagnostics /Users/emanuelflury/Library/Developer/Xcode/DerivedData/TaxedGmbH_IOS-gerngfqzuwudosgobknlgtoawnlj/Build/Intermediates.noindex/leveldb.build/Debug-iphoneos/leveldb.build/Objects-normal/arm64/hash.dia -c /Users/emanuelflury/Library/Developer/Xcode/DerivedData/TaxedGmbH_IOS-gerngfqzuwudosgobknlgtoawnlj/SourcePackages/checkouts/leveldb/util/hash.cc -o /Users/emanuelflury/Library/Developer/Xcode/DerivedData/TaxedGmbH_IOS-gerngfqzuwudosgobknlgtoawnlj/Build/Intermediates.noindex/leveldb.build/Debug-iphoneos/leveldb.build/Objects-normal/arm64/hash.o -index-unit-output-path /leveldb.build/Debug-iphoneos/leveldb.build/Objects-normal/arm64/hash.o

CompileC /Users/emanuelflury/Library/Developer/Xcode/DerivedData/TaxedGmbH_IOS-gerngfqzuwudosgobknlgtoawnlj/Build/Intermediates.noindex/leveldb.build/Debug-iphoneos/leveldb.build/Objects-normal/arm64/format.o /Users/emanuelflury/Library/Developer/Xcode/DerivedData/TaxedGmbH_IOS-gerngfqzuwudosgobknlgtoawnlj/SourcePackages/checkouts/leveldb/table/format.cc normal arm64 c++ com.apple.compilers.llvm.clang.1_0.compiler (in target 'leveldb' from project 'leveldb')
    cd /Users/emanuelflury/github/TaxedGmbH_IOS/TaxedGmbH_IOS.xcodeproj
    
    Using response file: /Users/emanuelflury/Library/Developer/Xcode/DerivedData/TaxedGmbH_IOS-gerngfqzuwudosgobknlgtoawnlj/Build/Intermediates.noindex/leveldb.build/Debug-iphoneos/leveldb.build/Objects-normal/arm64/82b82416624d2658e5098eb0a28c15c5-common-args.resp
    
    /Applications/Xcode.app/Contents/Developer/Toolchains/XcodeDefault.xctoolchain/usr/bin/clang -x c++ -ivfsstatcache /Users/emanuelflury/Library/Developer/Xcode/DerivedData/SDKStatCaches.noindex/iphoneos26.1-23B77-69b33fc7382b27d9b5d46e82a00f8e78.sdkstatcache -fmessage-length\=0 -fdiagnostics-show-note-include-stack -fmacro-backtrace-limit\=0 -fno-color-diagnostics -fmodules-prune-interval\=86400 -fmodules-prune-after\=345600 -fbuild-session-file\=/Users/emanuelflury/Library/Developer/Xcode/DerivedData/ModuleCache.noindex/Session.modulevalidation -fmodules-validate-once-per-build-session -Wnon-modular-include-in-framework-module -Werror\=non-modular-include-in-framework-module -Wno-trigraphs -Wno-missing-field-initializers -Wno-missing-prototypes -Wno-return-type -Wno-non-virtual-dtor -Wno-overloaded-virtual -Wno-exit-time-destructors -Wno-missing-braces -Wparentheses -Wswitch -Wno-unused-function -Wno-unused-label -Wno-unused-parameter -Wno-unused-variable -Wunused-value -Wno-empty-body -Wno-uninitialized -Wno-unknown-pragmas -w -Wno-shadow -Wno-four-char-constants -Wno-conversion -Wno-constant-conversion -Wno-int-conversion -Wno-bool-conversion -Wno-enum-conversion -Wno-float-conversion -Wno-non-literal-null-conversion -Wno-objc-literal-conversion -Wshorten-64-to-32 -Wno-newline-eof -Wno-c++11-extensions -Wno-implicit-fallthrough -fstrict-aliasing -Wdeprecated-declarations -Winvalid-offsetof -Wno-sign-conversion -Wno-infinite-recursion -Wno-move -Wno-comma -Wno-block-capture-autoreleasing -Wno-strict-prototypes -Wno-range-loop-analysis -Wno-semicolon-before-method-body -index-store-path /Users/emanuelflury/Library/Developer/Xcode/DerivedData/TaxedGmbH_IOS-gerngfqzuwudosgobknlgtoawnlj/Index.noindex/DataStore @/Users/emanuelflury/Library/Developer/Xcode/DerivedData/TaxedGmbH_IOS-gerngfqzuwudosgobknlgtoawnlj/Build/Intermediates.noindex/leveldb.build/Debug-iphoneos/leveldb.build/Objects-normal/arm64/82b82416624d2658e5098eb0a28c15c5-common-args.resp -MMD -MT dependencies -MF /Users/emanuelflury/Library/Developer/Xcode/DerivedData/TaxedGmbH_IOS-gerngfqzuwudosgobknlgtoawnlj/Build/Intermediates.noindex/leveldb.build/Debug-iphoneos/leveldb.build/Objects-normal/arm64/format.d --serialize-diagnostics /Users/emanuelflury/Library/Developer/Xcode/DerivedData/TaxedGmbH_IOS-gerngfqzuwudosgobknlgtoawnlj/Build/Intermediates.noindex/leveldb.build/Debug-iphoneos/leveldb.build/Objects-normal/arm64/format.dia -c /Users/emanuelflury/Library/Developer/Xcode/DerivedData/TaxedGmbH_IOS-gerngfqzuwudosgobknlgtoawnlj/SourcePackages/checkouts/leveldb/table/format.cc -o /Users/emanuelflury/Library/Developer/Xcode/DerivedData/TaxedGmbH_IOS-gerngfqzuwudosgobknlgtoawnlj/Build/Intermediates.noindex/leveldb.build/Debug-iphoneos/leveldb.build/Objects-normal/arm64/format.o -index-unit-output-path /leveldb.build/Debug-iphoneos/leveldb.build/Objects-normal/arm64/format.o

SwiftMergeGeneratedHeaders /Users/emanuelflury/Library/Developer/Xcode/DerivedData/TaxedGmbH_IOS-gerngfqzuwudosgobknlgtoawnlj/Build/Intermediates.noindex/GeneratedModuleMaps-iphoneos/FirebaseSharedSwift-Swift.h /Users/emanuelflury/Library/Developer/Xcode/DerivedData/TaxedGmbH_IOS-gerngfqzuwudosgobknlgtoawnlj/Build/Intermediates.noindex/Firebase.build/Debug-iphoneos/FirebaseSharedSwift.build/Objects-normal/arm64/FirebaseSharedSwift-Swift.h (in target 'FirebaseSharedSwift' from project 'Firebase')
    cd /Users/emanuelflury/Library/Developer/Xcode/DerivedData/TaxedGmbH_IOS-gerngfqzuwudosgobknlgtoawnlj/SourcePackages/checkouts/firebase-ios-sdk
    builtin-swiftHeaderTool -arch arm64 /Users/emanuelflury/Library/Developer/Xcode/DerivedData/TaxedGmbH_IOS-gerngfqzuwudosgobknlgtoawnlj/Build/Intermediates.noindex/Firebase.build/Debug-iphoneos/FirebaseSharedSwift.build/Objects-normal/arm64/FirebaseSharedSwift-Swift.h -o /Users/emanuelflury/Library/Developer/Xcode/DerivedData/TaxedGmbH_IOS-gerngfqzuwudosgobknlgtoawnlj/Build/Intermediates.noindex/GeneratedModuleMaps-iphoneos/FirebaseSharedSwift-Swift.h

Copy /Users/emanuelflury/Library/Developer/Xcode/DerivedData/TaxedGmbH_IOS-gerngfqzuwudosgobknlgtoawnlj/Build/Products/Debug-iphoneos/FirebaseSharedSwift.swiftmodule/arm64-apple-ios.swiftmodule /Users/emanuelflury/Library/Developer/Xcode/DerivedData/TaxedGmbH_IOS-gerngfqzuwudosgobknlgtoawnlj/Build/Intermediates.noindex/Firebase.build/Debug-iphoneos/FirebaseSharedSwift.build/Objects-normal/arm64/FirebaseSharedSwift.swiftmodule (in target 'FirebaseSharedSwift' from project 'Firebase')
    cd /Users/emanuelflury/Library/Developer/Xcode/DerivedData/TaxedGmbH_IOS-gerngfqzuwudosgobknlgtoawnlj/SourcePackages/checkouts/firebase-ios-sdk
    builtin-copy -exclude .DS_Store -exclude CVS -exclude .svn -exclude .git -exclude .hg -resolve-src-symlinks -rename /Users/emanuelflury/Library/Developer/Xcode/DerivedData/TaxedGmbH_IOS-gerngfqzuwudosgobknlgtoawnlj/Build/Intermediates.noindex/Firebase.build/Debug-iphoneos/FirebaseSharedSwift.build/Objects-normal/arm64/FirebaseSharedSwift.swiftmodule /Users/emanuelflury/Library/Developer/Xcode/DerivedData/TaxedGmbH_IOS-gerngfqzuwudosgobknlgtoawnlj/Build/Products/Debug-iphoneos/FirebaseSharedSwift.swiftmodule/arm64-apple-ios.swiftmodule

Copy /Users/emanuelflury/Library/Developer/Xcode/DerivedData/TaxedGmbH_IOS-gerngfqzuwudosgobknlgtoawnlj/Build/Products/Debug-iphoneos/FirebaseSharedSwift.swiftmodule/arm64-apple-ios.swiftdoc /Users/emanuelflury/Library/Developer/Xcode/DerivedData/TaxedGmbH_IOS-gerngfqzuwudosgobknlgtoawnlj/Build/Intermediates.noindex/Firebase.build/Debug-iphoneos/FirebaseSharedSwift.build/Objects-normal/arm64/FirebaseSharedSwift.swiftdoc (in target 'FirebaseSharedSwift' from project 'Firebase')
    cd /Users/emanuelflury/Library/Developer/Xcode/DerivedData/TaxedGmbH_IOS-gerngfqzuwudosgobknlgtoawnlj/SourcePackages/checkouts/firebase-ios-sdk
    builtin-copy -exclude .DS_Store -exclude CVS -exclude .svn -exclude .git -exclude .hg -resolve-src-symlinks -rename /Users/emanuelflury/Library/Developer/Xcode/DerivedData/TaxedGmbH_IOS-gerngfqzuwudosgobknlgtoawnlj/Build/Intermediates.noindex/Firebase.build/Debug-iphoneos/FirebaseSharedSwift.build/Objects-normal/arm64/FirebaseSharedSwift.swiftdoc /Users/emanuelflury/Library/Developer/Xcode/DerivedData/TaxedGmbH_IOS-gerngfqzuwudosgobknlgtoawnlj/Build/Products/Debug-iphoneos/FirebaseSharedSwift.swiftmodule/arm64-apple-ios.swiftdoc

Copy /Users/emanuelflury/Library/Developer/Xcode/DerivedData/TaxedGmbH_IOS-gerngfqzuwudosgobknlgtoawnlj/Build/Products/Debug-iphoneos/FirebaseSharedSwift.swiftmodule/arm64-apple-ios.abi.json /Users/emanuelflury/Library/Developer/Xcode/DerivedData/TaxedGmbH_IOS-gerngfqzuwudosgobknlgtoawnlj/Build/Intermediates.noindex/Firebase.build/Debug-iphoneos/FirebaseSharedSwift.build/Objects-normal/arm64/FirebaseSharedSwift.abi.json (in target 'FirebaseSharedSwift' from project 'Firebase')
    cd /Users/emanuelflury/Library/Developer/Xcode/DerivedData/TaxedGmbH_IOS-gerngfqzuwudosgobknlgtoawnlj/SourcePackages/checkouts/firebase-ios-sdk
    builtin-copy -exclude .DS_Store -exclude CVS -exclude .svn -exclude .git -exclude .hg -resolve-src-symlinks -rename /Users/emanuelflury/Library/Developer/Xcode/DerivedData/TaxedGmbH_IOS-gerngfqzuwudosgobknlgtoawnlj/Build/Intermediates.noindex/Firebase.build/Debug-iphoneos/FirebaseSharedSwift.build/Objects-normal/arm64/FirebaseSharedSwift.abi.json /Users/emanuelflury/Library/Developer/Xcode/DerivedData/TaxedGmbH_IOS-gerngfqzuwudosgobknlgtoawnlj/Build/Products/Debug-iphoneos/FirebaseSharedSwift.swiftmodule/arm64-apple-ios.abi.json

Copy /Users/emanuelflury/Library/Developer/Xcode/DerivedData/TaxedGmbH_IOS-gerngfqzuwudosgobknlgtoawnlj/Build/Products/Debug-iphoneos/FirebaseSharedSwift.swiftmodule/Project/arm64-apple-ios.swiftsourceinfo /Users/emanuelflury/Library/Developer/Xcode/DerivedData/TaxedGmbH_IOS-gerngfqzuwudosgobknlgtoawnlj/Build/Intermediates.noindex/Firebase.build/Debug-iphoneos/FirebaseSharedSwift.build/Objects-normal/arm64/FirebaseSharedSwift.swiftsourceinfo (in target 'FirebaseSharedSwift' from project 'Firebase')
    cd /Users/emanuelflury/Library/Developer/Xcode/DerivedData/TaxedGmbH_IOS-gerngfqzuwudosgobknlgtoawnlj/SourcePackages/checkouts/firebase-ios-sdk
    builtin-copy -exclude .DS_Store -exclude CVS -exclude .svn -exclude .git -exclude .hg -resolve-src-symlinks -rename /Users/emanuelflury/Library/Developer/Xcode/DerivedData/TaxedGmbH_IOS-gerngfqzuwudosgobknlgtoawnlj/Build/Intermediates.noindex/Firebase.build/Debug-iphoneos/FirebaseSharedSwift.build/Objects-normal/arm64/FirebaseSharedSwift.swiftsourceinfo /Users/emanuelflury/Library/Developer/Xcode/DerivedData/TaxedGmbH_IOS-gerngfqzuwudosgobknlgtoawnlj/Build/Products/Debug-iphoneos/FirebaseSharedSwift.swiftmodule/Project/arm64-apple-ios.swiftsourceinfo

CompileC /Users/emanuelflury/Library/Developer/Xcode/DerivedData/TaxedGmbH_IOS-gerngfqzuwudosgobknlgtoawnlj/Build/Intermediates.noindex/leveldb.build/Debug-iphoneos/leveldb.build/Objects-normal/arm64/filter_policy.o /Users/emanuelflury/Library/Developer/Xcode/DerivedData/TaxedGmbH_IOS-gerngfqzuwudosgobknlgtoawnlj/SourcePackages/checkouts/leveldb/util/filter_policy.cc normal arm64 c++ com.apple.compilers.llvm.clang.1_0.compiler (in target 'leveldb' from project 'leveldb')
    cd /Users/emanuelflury/github/TaxedGmbH_IOS/TaxedGmbH_IOS.xcodeproj
    
    Using response file: /Users/emanuelflury/Library/Developer/Xcode/DerivedData/TaxedGmbH_IOS-gerngfqzuwudosgobknlgtoawnlj/Build/Intermediates.noindex/leveldb.build/Debug-iphoneos/leveldb.build/Objects-normal/arm64/82b82416624d2658e5098eb0a28c15c5-common-args.resp
    
    /Applications/Xcode.app/Contents/Developer/Toolchains/XcodeDefault.xctoolchain/usr/bin/clang -x c++ -ivfsstatcache /Users/emanuelflury/Library/Developer/Xcode/DerivedData/SDKStatCaches.noindex/iphoneos26.1-23B77-69b33fc7382b27d9b5d46e82a00f8e78.sdkstatcache -fmessage-length\=0 -fdiagnostics-show-note-include-stack -fmacro-backtrace-limit\=0 -fno-color-diagnostics -fmodules-prune-interval\=86400 -fmodules-prune-after\=345600 -fbuild-session-file\=/Users/emanuelflury/Library/Developer/Xcode/DerivedData/ModuleCache.noindex/Session.modulevalidation -fmodules-validate-once-per-build-session -Wnon-modular-include-in-framework-module -Werror\=non-modular-include-in-framework-module -Wno-trigraphs -Wno-missing-field-initializers -Wno-missing-prototypes -Wno-return-type -Wno-non-virtual-dtor -Wno-overloaded-virtual -Wno-exit-time-destructors -Wno-missing-braces -Wparentheses -Wswitch -Wno-unused-function -Wno-unused-label -Wno-unused-parameter -Wno-unused-variable -Wunused-value -Wno-empty-body -Wno-uninitialized -Wno-unknown-pragmas -w -Wno-shadow -Wno-four-char-constants -Wno-conversion -Wno-constant-conversion -Wno-int-conversion -Wno-bool-conversion -Wno-enum-conversion -Wno-float-conversion -Wno-non-literal-null-conversion -Wno-objc-literal-conversion -Wshorten-64-to-32 -Wno-newline-eof -Wno-c++11-extensions -Wno-implicit-fallthrough -fstrict-aliasing -Wdeprecated-declarations -Winvalid-offsetof -Wno-sign-conversion -Wno-infinite-recursion -Wno-move -Wno-comma -Wno-block-capture-autoreleasing -Wno-strict-prototypes -Wno-range-loop-analysis -Wno-semicolon-before-method-body -index-store-path /Users/emanuelflury/Library/Developer/Xcode/DerivedData/TaxedGmbH_IOS-gerngfqzuwudosgobknlgtoawnlj/Index.noindex/DataStore @/Users/emanuelflury/Library/Developer/Xcode/DerivedData/TaxedGmbH_IOS-gerngfqzuwudosgobknlgtoawnlj/Build/Intermediates.noindex/leveldb.build/Debug-iphoneos/leveldb.build/Objects-normal/arm64/82b82416624d2658e5098eb0a28c15c5-common-args.resp -MMD -MT dependencies -MF /Users/emanuelflury/Library/Developer/Xcode/DerivedData/TaxedGmbH_IOS-gerngfqzuwudosgobknlgtoawnlj/Build/Intermediates.noindex/leveldb.build/Debug-iphoneos/leveldb.build/Objects-normal/arm64/filter_policy.d --serialize-diagnostics /Users/emanuelflury/Library/Developer/Xcode/DerivedData/TaxedGmbH_IOS-gerngfqzuwudosgobknlgtoawnlj/Build/Intermediates.noindex/leveldb.build/Debug-iphoneos/leveldb.build/Objects-normal/arm64/filter_policy.dia -c /Users/emanuelflury/Library/Developer/Xcode/DerivedData/TaxedGmbH_IOS-gerngfqzuwudosgobknlgtoawnlj/SourcePackages/checkouts/leveldb/util/filter_policy.cc -o /Users/emanuelflury/Library/Developer/Xcode/DerivedData/TaxedGmbH_IOS-gerngfqzuwudosgobknlgtoawnlj/Build/Intermediates.noindex/leveldb.build/Debug-iphoneos/leveldb.build/Objects-normal/arm64/filter_policy.o -index-unit-output-path /leveldb.build/Debug-iphoneos/leveldb.build/Objects-normal/arm64/filter_policy.o

CompileC /Users/emanuelflury/Library/Developer/Xcode/DerivedData/TaxedGmbH_IOS-gerngfqzuwudosgobknlgtoawnlj/Build/Intermediates.noindex/leveldb.build/Debug-iphoneos/leveldb.build/Objects-normal/arm64/filter_block.o /Users/emanuelflury/Library/Developer/Xcode/DerivedData/TaxedGmbH_IOS-gerngfqzuwudosgobknlgtoawnlj/SourcePackages/checkouts/leveldb/table/filter_block.cc normal arm64 c++ com.apple.compilers.llvm.clang.1_0.compiler (in target 'leveldb' from project 'leveldb')
    cd /Users/emanuelflury/github/TaxedGmbH_IOS/TaxedGmbH_IOS.xcodeproj
    
    Using response file: /Users/emanuelflury/Library/Developer/Xcode/DerivedData/TaxedGmbH_IOS-gerngfqzuwudosgobknlgtoawnlj/Build/Intermediates.noindex/leveldb.build/Debug-iphoneos/leveldb.build/Objects-normal/arm64/82b82416624d2658e5098eb0a28c15c5-common-args.resp
    
    /Applications/Xcode.app/Contents/Developer/Toolchains/XcodeDefault.xctoolchain/usr/bin/clang -x c++ -ivfsstatcache /Users/emanuelflury/Library/Developer/Xcode/DerivedData/SDKStatCaches.noindex/iphoneos26.1-23B77-69b33fc7382b27d9b5d46e82a00f8e78.sdkstatcache -fmessage-length\=0 -fdiagnostics-show-note-include-stack -fmacro-backtrace-limit\=0 -fno-color-diagnostics -fmodules-prune-interval\=86400 -fmodules-prune-after\=345600 -fbuild-session-file\=/Users/emanuelflury/Library/Developer/Xcode/DerivedData/ModuleCache.noindex/Session.modulevalidation -fmodules-validate-once-per-build-session -Wnon-modular-include-in-framework-module -Werror\=non-modular-include-in-framework-module -Wno-trigraphs -Wno-missing-field-initializers -Wno-missing-prototypes -Wno-return-type -Wno-non-virtual-dtor -Wno-overloaded-virtual -Wno-exit-time-destructors -Wno-missing-braces -Wparentheses -Wswitch -Wno-unused-function -Wno-unused-label -Wno-unused-parameter -Wno-unused-variable -Wunused-value -Wno-empty-body -Wno-uninitialized -Wno-unknown-pragmas -w -Wno-shadow -Wno-four-char-constants -Wno-conversion -Wno-constant-conversion -Wno-int-conversion -Wno-bool-conversion -Wno-enum-conversion -Wno-float-conversion -Wno-non-literal-null-conversion -Wno-objc-literal-conversion -Wshorten-64-to-32 -Wno-newline-eof -Wno-c++11-extensions -Wno-implicit-fallthrough -fstrict-aliasing -Wdeprecated-declarations -Winvalid-offsetof -Wno-sign-conversion -Wno-infinite-recursion -Wno-move -Wno-comma -Wno-block-capture-autoreleasing -Wno-strict-prototypes -Wno-range-loop-analysis -Wno-semicolon-before-method-body -index-store-path /Users/emanuelflury/Library/Developer/Xcode/DerivedData/TaxedGmbH_IOS-gerngfqzuwudosgobknlgtoawnlj/Index.noindex/DataStore @/Users/emanuelflury/Library/Developer/Xcode/DerivedData/TaxedGmbH_IOS-gerngfqzuwudosgobknlgtoawnlj/Build/Intermediates.noindex/leveldb.build/Debug-iphoneos/leveldb.build/Objects-normal/arm64/82b82416624d2658e5098eb0a28c15c5-common-args.resp -MMD -MT dependencies -MF /Users/emanuelflury/Library/Developer/Xcode/DerivedData/TaxedGmbH_IOS-gerngfqzuwudosgobknlgtoawnlj/Build/Intermediates.noindex/leveldb.build/Debug-iphoneos/leveldb.build/Objects-normal/arm64/filter_block.d --serialize-diagnostics /Users/emanuelflury/Library/Developer/Xcode/DerivedData/TaxedGmbH_IOS-gerngfqzuwudosgobknlgtoawnlj/Build/Intermediates.noindex/leveldb.build/Debug-iphoneos/leveldb.build/Objects-normal/arm64/filter_block.dia -c /Users/emanuelflury/Library/Developer/Xcode/DerivedData/TaxedGmbH_IOS-gerngfqzuwudosgobknlgtoawnlj/SourcePackages/checkouts/leveldb/table/filter_block.cc -o /Users/emanuelflury/Library/Developer/Xcode/DerivedData/TaxedGmbH_IOS-gerngfqzuwudosgobknlgtoawnlj/Build/Intermediates.noindex/leveldb.build/Debug-iphoneos/leveldb.build/Objects-normal/arm64/filter_block.o -index-unit-output-path /leveldb.build/Debug-iphoneos/leveldb.build/Objects-normal/arm64/filter_block.o

CompileC /Users/emanuelflury/Library/Developer/Xcode/DerivedData/TaxedGmbH_IOS-gerngfqzuwudosgobknlgtoawnlj/Build/Intermediates.noindex/leveldb.build/Debug-iphoneos/leveldb.build/Objects-normal/arm64/filename.o /Users/emanuelflury/Library/Developer/Xcode/DerivedData/TaxedGmbH_IOS-gerngfqzuwudosgobknlgtoawnlj/SourcePackages/checkouts/leveldb/db/filename.cc normal arm64 c++ com.apple.compilers.llvm.clang.1_0.compiler (in target 'leveldb' from project 'leveldb')
    cd /Users/emanuelflury/github/TaxedGmbH_IOS/TaxedGmbH_IOS.xcodeproj
    
    Using response file: /Users/emanuelflury/Library/Developer/Xcode/DerivedData/TaxedGmbH_IOS-gerngfqzuwudosgobknlgtoawnlj/Build/Intermediates.noindex/leveldb.build/Debug-iphoneos/leveldb.build/Objects-normal/arm64/82b82416624d2658e5098eb0a28c15c5-common-args.resp
    
    /Applications/Xcode.app/Contents/Developer/Toolchains/XcodeDefault.xctoolchain/usr/bin/clang -x c++ -ivfsstatcache /Users/emanuelflury/Library/Developer/Xcode/DerivedData/SDKStatCaches.noindex/iphoneos26.1-23B77-69b33fc7382b27d9b5d46e82a00f8e78.sdkstatcache -fmessage-length\=0 -fdiagnostics-show-note-include-stack -fmacro-backtrace-limit\=0 -fno-color-diagnostics -fmodules-prune-interval\=86400 -fmodules-prune-after\=345600 -fbuild-session-file\=/Users/emanuelflury/Library/Developer/Xcode/DerivedData/ModuleCache.noindex/Session.modulevalidation -fmodules-validate-once-per-build-session -Wnon-modular-include-in-framework-module -Werror\=non-modular-include-in-framework-module -Wno-trigraphs -Wno-missing-field-initializers -Wno-missing-prototypes -Wno-return-type -Wno-non-virtual-dtor -Wno-overloaded-virtual -Wno-exit-time-destructors -Wno-missing-braces -Wparentheses -Wswitch -Wno-unused-function -Wno-unused-label -Wno-unused-parameter -Wno-unused-variable -Wunused-value -Wno-empty-body -Wno-uninitialized -Wno-unknown-pragmas -w -Wno-shadow -Wno-four-char-constants -Wno-conversion -Wno-constant-conversion -Wno-int-conversion -Wno-bool-conversion -Wno-enum-conversion -Wno-float-conversion -Wno-non-literal-null-conversion -Wno-objc-literal-conversion -Wshorten-64-to-32 -Wno-newline-eof -Wno-c++11-extensions -Wno-implicit-fallthrough -fstrict-aliasing -Wdeprecated-declarations -Winvalid-offsetof -Wno-sign-conversion -Wno-infinite-recursion -Wno-move -Wno-comma -Wno-block-capture-autoreleasing -Wno-strict-prototypes -Wno-range-loop-analysis -Wno-semicolon-before-method-body -index-store-path /Users/emanuelflury/Library/Developer/Xcode/DerivedData/TaxedGmbH_IOS-gerngfqzuwudosgobknlgtoawnlj/Index.noindex/DataStore @/Users/emanuelflury/Library/Developer/Xcode/DerivedData/TaxedGmbH_IOS-gerngfqzuwudosgobknlgtoawnlj/Build/Intermediates.noindex/leveldb.build/Debug-iphoneos/leveldb.build/Objects-normal/arm64/82b82416624d2658e5098eb0a28c15c5-common-args.resp -MMD -MT dependencies -MF /Users/emanuelflury/Library/Developer/Xcode/DerivedData/TaxedGmbH_IOS-gerngfqzuwudosgobknlgtoawnlj/Build/Intermediates.noindex/leveldb.build/Debug-iphoneos/leveldb.build/Objects-normal/arm64/filename.d --serialize-diagnostics /Users/emanuelflury/Library/Developer/Xcode/DerivedData/TaxedGmbH_IOS-gerngfqzuwudosgobknlgtoawnlj/Build/Intermediates.noindex/leveldb.build/Debug-iphoneos/leveldb.build/Objects-normal/arm64/filename.dia -c /Users/emanuelflury/Library/Developer/Xcode/DerivedData/TaxedGmbH_IOS-gerngfqzuwudosgobknlgtoawnlj/SourcePackages/checkouts/leveldb/db/filename.cc -o /Users/emanuelflury/Library/Developer/Xcode/DerivedData/TaxedGmbH_IOS-gerngfqzuwudosgobknlgtoawnlj/Build/Intermediates.noindex/leveldb.build/Debug-iphoneos/leveldb.build/Objects-normal/arm64/filename.o -index-unit-output-path /leveldb.build/Debug-iphoneos/leveldb.build/Objects-normal/arm64/filename.o

CompileC /Users/emanuelflury/Library/Developer/Xcode/DerivedData/TaxedGmbH_IOS-gerngfqzuwudosgobknlgtoawnlj/Build/Intermediates.noindex/leveldb.build/Debug-iphoneos/leveldb.build/Objects-normal/arm64/env_posix.o /Users/emanuelflury/Library/Developer/Xcode/DerivedData/TaxedGmbH_IOS-gerngfqzuwudosgobknlgtoawnlj/SourcePackages/checkouts/leveldb/util/env_posix.cc normal arm64 c++ com.apple.compilers.llvm.clang.1_0.compiler (in target 'leveldb' from project 'leveldb')
    cd /Users/emanuelflury/github/TaxedGmbH_IOS/TaxedGmbH_IOS.xcodeproj
    
    Using response file: /Users/emanuelflury/Library/Developer/Xcode/DerivedData/TaxedGmbH_IOS-gerngfqzuwudosgobknlgtoawnlj/Build/Intermediates.noindex/leveldb.build/Debug-iphoneos/leveldb.build/Objects-normal/arm64/82b82416624d2658e5098eb0a28c15c5-common-args.resp
    
    /Applications/Xcode.app/Contents/Developer/Toolchains/XcodeDefault.xctoolchain/usr/bin/clang -x c++ -ivfsstatcache /Users/emanuelflury/Library/Developer/Xcode/DerivedData/SDKStatCaches.noindex/iphoneos26.1-23B77-69b33fc7382b27d9b5d46e82a00f8e78.sdkstatcache -fmessage-length\=0 -fdiagnostics-show-note-include-stack -fmacro-backtrace-limit\=0 -fno-color-diagnostics -fmodules-prune-interval\=86400 -fmodules-prune-after\=345600 -fbuild-session-file\=/Users/emanuelflury/Library/Developer/Xcode/DerivedData/ModuleCache.noindex/Session.modulevalidation -fmodules-validate-once-per-build-session -Wnon-modular-include-in-framework-module -Werror\=non-modular-include-in-framework-module -Wno-trigraphs -Wno-missing-field-initializers -Wno-missing-prototypes -Wno-return-type -Wno-non-virtual-dtor -Wno-overloaded-virtual -Wno-exit-time-destructors -Wno-missing-braces -Wparentheses -Wswitch -Wno-unused-function -Wno-unused-label -Wno-unused-parameter -Wno-unused-variable -Wunused-value -Wno-empty-body -Wno-uninitialized -Wno-unknown-pragmas -w -Wno-shadow -Wno-four-char-constants -Wno-conversion -Wno-constant-conversion -Wno-int-conversion -Wno-bool-conversion -Wno-enum-conversion -Wno-float-conversion -Wno-non-literal-null-conversion -Wno-objc-literal-conversion -Wshorten-64-to-32 -Wno-newline-eof -Wno-c++11-extensions -Wno-implicit-fallthrough -fstrict-aliasing -Wdeprecated-declarations -Winvalid-offsetof -Wno-sign-conversion -Wno-infinite-recursion -Wno-move -Wno-comma -Wno-block-capture-autoreleasing -Wno-strict-prototypes -Wno-range-loop-analysis -Wno-semicolon-before-method-body -index-store-path /Users/emanuelflury/Library/Developer/Xcode/DerivedData/TaxedGmbH_IOS-gerngfqzuwudosgobknlgtoawnlj/Index.noindex/DataStore @/Users/emanuelflury/Library/Developer/Xcode/DerivedData/TaxedGmbH_IOS-gerngfqzuwudosgobknlgtoawnlj/Build/Intermediates.noindex/leveldb.build/Debug-iphoneos/leveldb.build/Objects-normal/arm64/82b82416624d2658e5098eb0a28c15c5-common-args.resp -MMD -MT dependencies -MF /Users/emanuelflury/Library/Developer/Xcode/DerivedData/TaxedGmbH_IOS-gerngfqzuwudosgobknlgtoawnlj/Build/Intermediates.noindex/leveldb.build/Debug-iphoneos/leveldb.build/Objects-normal/arm64/env_posix.d --serialize-diagnostics /Users/emanuelflury/Library/Developer/Xcode/DerivedData/TaxedGmbH_IOS-gerngfqzuwudosgobknlgtoawnlj/Build/Intermediates.noindex/leveldb.build/Debug-iphoneos/leveldb.build/Objects-normal/arm64/env_posix.dia -c /Users/emanuelflury/Library/Developer/Xcode/DerivedData/TaxedGmbH_IOS-gerngfqzuwudosgobknlgtoawnlj/SourcePackages/checkouts/leveldb/util/env_posix.cc -o /Users/emanuelflury/Library/Developer/Xcode/DerivedData/TaxedGmbH_IOS-gerngfqzuwudosgobknlgtoawnlj/Build/Intermediates.noindex/leveldb.build/Debug-iphoneos/leveldb.build/Objects-normal/arm64/env_posix.o -index-unit-output-path /leveldb.build/Debug-iphoneos/leveldb.build/Objects-normal/arm64/env_posix.o

CompileC /Users/emanuelflury/Library/Developer/Xcode/DerivedData/TaxedGmbH_IOS-gerngfqzuwudosgobknlgtoawnlj/Build/Intermediates.noindex/leveldb.build/Debug-iphoneos/leveldb.build/Objects-normal/arm64/env.o /Users/emanuelflury/Library/Developer/Xcode/DerivedData/TaxedGmbH_IOS-gerngfqzuwudosgobknlgtoawnlj/SourcePackages/checkouts/leveldb/util/env.cc normal arm64 c++ com.apple.compilers.llvm.clang.1_0.compiler (in target 'leveldb' from project 'leveldb')
    cd /Users/emanuelflury/github/TaxedGmbH_IOS/TaxedGmbH_IOS.xcodeproj
    
    Using response file: /Users/emanuelflury/Library/Developer/Xcode/DerivedData/TaxedGmbH_IOS-gerngfqzuwudosgobknlgtoawnlj/Build/Intermediates.noindex/leveldb.build/Debug-iphoneos/leveldb.build/Objects-normal/arm64/82b82416624d2658e5098eb0a28c15c5-common-args.resp
    
    /Applications/Xcode.app/Contents/Developer/Toolchains/XcodeDefault.xctoolchain/usr/bin/clang -x c++ -ivfsstatcache /Users/emanuelflury/Library/Developer/Xcode/DerivedData/SDKStatCaches.noindex/iphoneos26.1-23B77-69b33fc7382b27d9b5d46e82a00f8e78.sdkstatcache -fmessage-length\=0 -fdiagnostics-show-note-include-stack -fmacro-backtrace-limit\=0 -fno-color-diagnostics -fmodules-prune-interval\=86400 -fmodules-prune-after\=345600 -fbuild-session-file\=/Users/emanuelflury/Library/Developer/Xcode/DerivedData/ModuleCache.noindex/Session.modulevalidation -fmodules-validate-once-per-build-session -Wnon-modular-include-in-framework-module -Werror\=non-modular-include-in-framework-module -Wno-trigraphs -Wno-missing-field-initializers -Wno-missing-prototypes -Wno-return-type -Wno-non-virtual-dtor -Wno-overloaded-virtual -Wno-exit-time-destructors -Wno-missing-braces -Wparentheses -Wswitch -Wno-unused-function -Wno-unused-label -Wno-unused-parameter -Wno-unused-variable -Wunused-value -Wno-empty-body -Wno-uninitialized -Wno-unknown-pragmas -w -Wno-shadow -Wno-four-char-constants -Wno-conversion -Wno-constant-conversion -Wno-int-conversion -Wno-bool-conversion -Wno-enum-conversion -Wno-float-conversion -Wno-non-literal-null-conversion -Wno-objc-literal-conversion -Wshorten-64-to-32 -Wno-newline-eof -Wno-c++11-extensions -Wno-implicit-fallthrough -fstrict-aliasing -Wdeprecated-declarations -Winvalid-offsetof -Wno-sign-conversion -Wno-infinite-recursion -Wno-move -Wno-comma -Wno-block-capture-autoreleasing -Wno-strict-prototypes -Wno-range-loop-analysis -Wno-semicolon-before-method-body -index-store-path /Users/emanuelflury/Library/Developer/Xcode/DerivedData/TaxedGmbH_IOS-gerngfqzuwudosgobknlgtoawnlj/Index.noindex/DataStore @/Users/emanuelflury/Library/Developer/Xcode/DerivedData/TaxedGmbH_IOS-gerngfqzuwudosgobknlgtoawnlj/Build/Intermediates.noindex/leveldb.build/Debug-iphoneos/leveldb.build/Objects-normal/arm64/82b82416624d2658e5098eb0a28c15c5-common-args.resp -MMD -MT dependencies -MF /Users/emanuelflury/Library/Developer/Xcode/DerivedData/TaxedGmbH_IOS-gerngfqzuwudosgobknlgtoawnlj/Build/Intermediates.noindex/leveldb.build/Debug-iphoneos/leveldb.build/Objects-normal/arm64/env.d --serialize-diagnostics /Users/emanuelflury/Library/Developer/Xcode/DerivedData/TaxedGmbH_IOS-gerngfqzuwudosgobknlgtoawnlj/Build/Intermediates.noindex/leveldb.build/Debug-iphoneos/leveldb.build/Objects-normal/arm64/env.dia -c /Users/emanuelflury/Library/Developer/Xcode/DerivedData/TaxedGmbH_IOS-gerngfqzuwudosgobknlgtoawnlj/SourcePackages/checkouts/leveldb/util/env.cc -o /Users/emanuelflury/Library/Developer/Xcode/DerivedData/TaxedGmbH_IOS-gerngfqzuwudosgobknlgtoawnlj/Build/Intermediates.noindex/leveldb.build/Debug-iphoneos/leveldb.build/Objects-normal/arm64/env.o -index-unit-output-path /leveldb.build/Debug-iphoneos/leveldb.build/Objects-normal/arm64/env.o

CompileC /Users/emanuelflury/Library/Developer/Xcode/DerivedData/TaxedGmbH_IOS-gerngfqzuwudosgobknlgtoawnlj/Build/Intermediates.noindex/leveldb.build/Debug-iphoneos/leveldb.build/Objects-normal/arm64/dumpfile.o /Users/emanuelflury/Library/Developer/Xcode/DerivedData/TaxedGmbH_IOS-gerngfqzuwudosgobknlgtoawnlj/SourcePackages/checkouts/leveldb/db/dumpfile.cc normal arm64 c++ com.apple.compilers.llvm.clang.1_0.compiler (in target 'leveldb' from project 'leveldb')
    cd /Users/emanuelflury/github/TaxedGmbH_IOS/TaxedGmbH_IOS.xcodeproj
    
    Using response file: /Users/emanuelflury/Library/Developer/Xcode/DerivedData/TaxedGmbH_IOS-gerngfqzuwudosgobknlgtoawnlj/Build/Intermediates.noindex/leveldb.build/Debug-iphoneos/leveldb.build/Objects-normal/arm64/82b82416624d2658e5098eb0a28c15c5-common-args.resp
    
    /Applications/Xcode.app/Contents/Developer/Toolchains/XcodeDefault.xctoolchain/usr/bin/clang -x c++ -ivfsstatcache /Users/emanuelflury/Library/Developer/Xcode/DerivedData/SDKStatCaches.noindex/iphoneos26.1-23B77-69b33fc7382b27d9b5d46e82a00f8e78.sdkstatcache -fmessage-length\=0 -fdiagnostics-show-note-include-stack -fmacro-backtrace-limit\=0 -fno-color-diagnostics -fmodules-prune-interval\=86400 -fmodules-prune-after\=345600 -fbuild-session-file\=/Users/emanuelflury/Library/Developer/Xcode/DerivedData/ModuleCache.noindex/Session.modulevalidation -fmodules-validate-once-per-build-session -Wnon-modular-include-in-framework-module -Werror\=non-modular-include-in-framework-module -Wno-trigraphs -Wno-missing-field-initializers -Wno-missing-prototypes -Wno-return-type -Wno-non-virtual-dtor -Wno-overloaded-virtual -Wno-exit-time-destructors -Wno-missing-braces -Wparentheses -Wswitch -Wno-unused-function -Wno-unused-label -Wno-unused-parameter -Wno-unused-variable -Wunused-value -Wno-empty-body -Wno-uninitialized -Wno-unknown-pragmas -w -Wno-shadow -Wno-four-char-constants -Wno-conversion -Wno-constant-conversion -Wno-int-conversion -Wno-bool-conversion -Wno-enum-conversion -Wno-float-conversion -Wno-non-literal-null-conversion -Wno-objc-literal-conversion -Wshorten-64-to-32 -Wno-newline-eof -Wno-c++11-extensions -Wno-implicit-fallthrough -fstrict-aliasing -Wdeprecated-declarations -Winvalid-offsetof -Wno-sign-conversion -Wno-infinite-recursion -Wno-move -Wno-comma -Wno-block-capture-autoreleasing -Wno-strict-prototypes -Wno-range-loop-analysis -Wno-semicolon-before-method-body -index-store-path /Users/emanuelflury/Library/Developer/Xcode/DerivedData/TaxedGmbH_IOS-gerngfqzuwudosgobknlgtoawnlj/Index.noindex/DataStore @/Users/emanuelflury/Library/Developer/Xcode/DerivedData/TaxedGmbH_IOS-gerngfqzuwudosgobknlgtoawnlj/Build/Intermediates.noindex/leveldb.build/Debug-iphoneos/leveldb.build/Objects-normal/arm64/82b82416624d2658e5098eb0a28c15c5-common-args.resp -MMD -MT dependencies -MF /Users/emanuelflury/Library/Developer/Xcode/DerivedData/TaxedGmbH_IOS-gerngfqzuwudosgobknlgtoawnlj/Build/Intermediates.noindex/leveldb.build/Debug-iphoneos/leveldb.build/Objects-normal/arm64/dumpfile.d --serialize-diagnostics /Users/emanuelflury/Library/Developer/Xcode/DerivedData/TaxedGmbH_IOS-gerngfqzuwudosgobknlgtoawnlj/Build/Intermediates.noindex/leveldb.build/Debug-iphoneos/leveldb.build/Objects-normal/arm64/dumpfile.dia -c /Users/emanuelflury/Library/Developer/Xcode/DerivedData/TaxedGmbH_IOS-gerngfqzuwudosgobknlgtoawnlj/SourcePackages/checkouts/leveldb/db/dumpfile.cc -o /Users/emanuelflury/Library/Developer/Xcode/DerivedData/TaxedGmbH_IOS-gerngfqzuwudosgobknlgtoawnlj/Build/Intermediates.noindex/leveldb.build/Debug-iphoneos/leveldb.build/Objects-normal/arm64/dumpfile.o -index-unit-output-path /leveldb.build/Debug-iphoneos/leveldb.build/Objects-normal/arm64/dumpfile.o

CompileC /Users/emanuelflury/Library/Developer/Xcode/DerivedData/TaxedGmbH_IOS-gerngfqzuwudosgobknlgtoawnlj/Build/Intermediates.noindex/leveldb.build/Debug-iphoneos/leveldb.build/Objects-normal/arm64/dbformat.o /Users/emanuelflury/Library/Developer/Xcode/DerivedData/TaxedGmbH_IOS-gerngfqzuwudosgobknlgtoawnlj/SourcePackages/checkouts/leveldb/db/dbformat.cc normal arm64 c++ com.apple.compilers.llvm.clang.1_0.compiler (in target 'leveldb' from project 'leveldb')
    cd /Users/emanuelflury/github/TaxedGmbH_IOS/TaxedGmbH_IOS.xcodeproj
    
    Using response file: /Users/emanuelflury/Library/Developer/Xcode/DerivedData/TaxedGmbH_IOS-gerngfqzuwudosgobknlgtoawnlj/Build/Intermediates.noindex/leveldb.build/Debug-iphoneos/leveldb.build/Objects-normal/arm64/82b82416624d2658e5098eb0a28c15c5-common-args.resp
    
    /Applications/Xcode.app/Contents/Developer/Toolchains/XcodeDefault.xctoolchain/usr/bin/clang -x c++ -ivfsstatcache /Users/emanuelflury/Library/Developer/Xcode/DerivedData/SDKStatCaches.noindex/iphoneos26.1-23B77-69b33fc7382b27d9b5d46e82a00f8e78.sdkstatcache -fmessage-length\=0 -fdiagnostics-show-note-include-stack -fmacro-backtrace-limit\=0 -fno-color-diagnostics -fmodules-prune-interval\=86400 -fmodules-prune-after\=345600 -fbuild-session-file\=/Users/emanuelflury/Library/Developer/Xcode/DerivedData/ModuleCache.noindex/Session.modulevalidation -fmodules-validate-once-per-build-session -Wnon-modular-include-in-framework-module -Werror\=non-modular-include-in-framework-module -Wno-trigraphs -Wno-missing-field-initializers -Wno-missing-prototypes -Wno-return-type -Wno-non-virtual-dtor -Wno-overloaded-virtual -Wno-exit-time-destructors -Wno-missing-braces -Wparentheses -Wswitch -Wno-unused-function -Wno-unused-label -Wno-unused-parameter -Wno-unused-variable -Wunused-value -Wno-empty-body -Wno-uninitialized -Wno-unknown-pragmas -w -Wno-shadow -Wno-four-char-constants -Wno-conversion -Wno-constant-conversion -Wno-int-conversion -Wno-bool-conversion -Wno-enum-conversion -Wno-float-conversion -Wno-non-literal-null-conversion -Wno-objc-literal-conversion -Wshorten-64-to-32 -Wno-newline-eof -Wno-c++11-extensions -Wno-implicit-fallthrough -fstrict-aliasing -Wdeprecated-declarations -Winvalid-offsetof -Wno-sign-conversion -Wno-infinite-recursion -Wno-move -Wno-comma -Wno-block-capture-autoreleasing -Wno-strict-prototypes -Wno-range-loop-analysis -Wno-semicolon-before-method-body -index-store-path /Users/emanuelflury/Library/Developer/Xcode/DerivedData/TaxedGmbH_IOS-gerngfqzuwudosgobknlgtoawnlj/Index.noindex/DataStore @/Users/emanuelflury/Library/Developer/Xcode/DerivedData/TaxedGmbH_IOS-gerngfqzuwudosgobknlgtoawnlj/Build/Intermediates.noindex/leveldb.build/Debug-iphoneos/leveldb.build/Objects-normal/arm64/82b82416624d2658e5098eb0a28c15c5-common-args.resp -MMD -MT dependencies -MF /Users/emanuelflury/Library/Developer/Xcode/DerivedData/TaxedGmbH_IOS-gerngfqzuwudosgobknlgtoawnlj/Build/Intermediates.noindex/leveldb.build/Debug-iphoneos/leveldb.build/Objects-normal/arm64/dbformat.d --serialize-diagnostics /Users/emanuelflury/Library/Developer/Xcode/DerivedData/TaxedGmbH_IOS-gerngfqzuwudosgobknlgtoawnlj/Build/Intermediates.noindex/leveldb.build/Debug-iphoneos/leveldb.build/Objects-normal/arm64/dbformat.dia -c /Users/emanuelflury/Library/Developer/Xcode/DerivedData/TaxedGmbH_IOS-gerngfqzuwudosgobknlgtoawnlj/SourcePackages/checkouts/leveldb/db/dbformat.cc -o /Users/emanuelflury/Library/Developer/Xcode/DerivedData/TaxedGmbH_IOS-gerngfqzuwudosgobknlgtoawnlj/Build/Intermediates.noindex/leveldb.build/Debug-iphoneos/leveldb.build/Objects-normal/arm64/dbformat.o -index-unit-output-path /leveldb.build/Debug-iphoneos/leveldb.build/Objects-normal/arm64/dbformat.o

CompileC /Users/emanuelflury/Library/Developer/Xcode/DerivedData/TaxedGmbH_IOS-gerngfqzuwudosgobknlgtoawnlj/Build/Intermediates.noindex/leveldb.build/Debug-iphoneos/leveldb.build/Objects-normal/arm64/db_iter.o /Users/emanuelflury/Library/Developer/Xcode/DerivedData/TaxedGmbH_IOS-gerngfqzuwudosgobknlgtoawnlj/SourcePackages/checkouts/leveldb/db/db_iter.cc normal arm64 c++ com.apple.compilers.llvm.clang.1_0.compiler (in target 'leveldb' from project 'leveldb')
    cd /Users/emanuelflury/github/TaxedGmbH_IOS/TaxedGmbH_IOS.xcodeproj
    
    Using response file: /Users/emanuelflury/Library/Developer/Xcode/DerivedData/TaxedGmbH_IOS-gerngfqzuwudosgobknlgtoawnlj/Build/Intermediates.noindex/leveldb.build/Debug-iphoneos/leveldb.build/Objects-normal/arm64/82b82416624d2658e5098eb0a28c15c5-common-args.resp
    
    /Applications/Xcode.app/Contents/Developer/Toolchains/XcodeDefault.xctoolchain/usr/bin/clang -x c++ -ivfsstatcache /Users/emanuelflury/Library/Developer/Xcode/DerivedData/SDKStatCaches.noindex/iphoneos26.1-23B77-69b33fc7382b27d9b5d46e82a00f8e78.sdkstatcache -fmessage-length\=0 -fdiagnostics-show-note-include-stack -fmacro-backtrace-limit\=0 -fno-color-diagnostics -fmodules-prune-interval\=86400 -fmodules-prune-after\=345600 -fbuild-session-file\=/Users/emanuelflury/Library/Developer/Xcode/DerivedData/ModuleCache.noindex/Session.modulevalidation -fmodules-validate-once-per-build-session -Wnon-modular-include-in-framework-module -Werror\=non-modular-include-in-framework-module -Wno-trigraphs -Wno-missing-field-initializers -Wno-missing-prototypes -Wno-return-type -Wno-non-virtual-dtor -Wno-overloaded-virtual -Wno-exit-time-destructors -Wno-missing-braces -Wparentheses -Wswitch -Wno-unused-function -Wno-unused-label -Wno-unused-parameter -Wno-unused-variable -Wunused-value -Wno-empty-body -Wno-uninitialized -Wno-unknown-pragmas -w -Wno-shadow -Wno-four-char-constants -Wno-conversion -Wno-constant-conversion -Wno-int-conversion -Wno-bool-conversion -Wno-enum-conversion -Wno-float-conversion -Wno-non-literal-null-conversion -Wno-objc-literal-conversion -Wshorten-64-to-32 -Wno-newline-eof -Wno-c++11-extensions -Wno-implicit-fallthrough -fstrict-aliasing -Wdeprecated-declarations -Winvalid-offsetof -Wno-sign-conversion -Wno-infinite-recursion -Wno-move -Wno-comma -Wno-block-capture-autoreleasing -Wno-strict-prototypes -Wno-range-loop-analysis -Wno-semicolon-before-method-body -index-store-path /Users/emanuelflury/Library/Developer/Xcode/DerivedData/TaxedGmbH_IOS-gerngfqzuwudosgobknlgtoawnlj/Index.noindex/DataStore @/Users/emanuelflury/Library/Developer/Xcode/DerivedData/TaxedGmbH_IOS-gerngfqzuwudosgobknlgtoawnlj/Build/Intermediates.noindex/leveldb.build/Debug-iphoneos/leveldb.build/Objects-normal/arm64/82b82416624d2658e5098eb0a28c15c5-common-args.resp -MMD -MT dependencies -MF /Users/emanuelflury/Library/Developer/Xcode/DerivedData/TaxedGmbH_IOS-gerngfqzuwudosgobknlgtoawnlj/Build/Intermediates.noindex/leveldb.build/Debug-iphoneos/leveldb.build/Objects-normal/arm64/db_iter.d --serialize-diagnostics /Users/emanuelflury/Library/Developer/Xcode/DerivedData/TaxedGmbH_IOS-gerngfqzuwudosgobknlgtoawnlj/Build/Intermediates.noindex/leveldb.build/Debug-iphoneos/leveldb.build/Objects-normal/arm64/db_iter.dia -c /Users/emanuelflury/Library/Developer/Xcode/DerivedData/TaxedGmbH_IOS-gerngfqzuwudosgobknlgtoawnlj/SourcePackages/checkouts/leveldb/db/db_iter.cc -o /Users/emanuelflury/Library/Developer/Xcode/DerivedData/TaxedGmbH_IOS-gerngfqzuwudosgobknlgtoawnlj/Build/Intermediates.noindex/leveldb.build/Debug-iphoneos/leveldb.build/Objects-normal/arm64/db_iter.o -index-unit-output-path /leveldb.build/Debug-iphoneos/leveldb.build/Objects-normal/arm64/db_iter.o

CompileC /Users/emanuelflury/Library/Developer/Xcode/DerivedData/TaxedGmbH_IOS-gerngfqzuwudosgobknlgtoawnlj/Build/Intermediates.noindex/leveldb.build/Debug-iphoneos/leveldb.build/Objects-normal/arm64/db_impl.o /Users/emanuelflury/Library/Developer/Xcode/DerivedData/TaxedGmbH_IOS-gerngfqzuwudosgobknlgtoawnlj/SourcePackages/checkouts/leveldb/db/db_impl.cc normal arm64 c++ com.apple.compilers.llvm.clang.1_0.compiler (in target 'leveldb' from project 'leveldb')
    cd /Users/emanuelflury/github/TaxedGmbH_IOS/TaxedGmbH_IOS.xcodeproj
    
    Using response file: /Users/emanuelflury/Library/Developer/Xcode/DerivedData/TaxedGmbH_IOS-gerngfqzuwudosgobknlgtoawnlj/Build/Intermediates.noindex/leveldb.build/Debug-iphoneos/leveldb.build/Objects-normal/arm64/82b82416624d2658e5098eb0a28c15c5-common-args.resp
    
    /Applications/Xcode.app/Contents/Developer/Toolchains/XcodeDefault.xctoolchain/usr/bin/clang -x c++ -ivfsstatcache /Users/emanuelflury/Library/Developer/Xcode/DerivedData/SDKStatCaches.noindex/iphoneos26.1-23B77-69b33fc7382b27d9b5d46e82a00f8e78.sdkstatcache -fmessage-length\=0 -fdiagnostics-show-note-include-stack -fmacro-backtrace-limit\=0 -fno-color-diagnostics -fmodules-prune-interval\=86400 -fmodules-prune-after\=345600 -fbuild-session-file\=/Users/emanuelflury/Library/Developer/Xcode/DerivedData/ModuleCache.noindex/Session.modulevalidation -fmodules-validate-once-per-build-session -Wnon-modular-include-in-framework-module -Werror\=non-modular-include-in-framework-module -Wno-trigraphs -Wno-missing-field-initializers -Wno-missing-prototypes -Wno-return-type -Wno-non-virtual-dtor -Wno-overloaded-virtual -Wno-exit-time-destructors -Wno-missing-braces -Wparentheses -Wswitch -Wno-unused-function -Wno-unused-label -Wno-unused-parameter -Wno-unused-variable -Wunused-value -Wno-empty-body -Wno-uninitialized -Wno-unknown-pragmas -w -Wno-shadow -Wno-four-char-constants -Wno-conversion -Wno-constant-conversion -Wno-int-conversion -Wno-bool-conversion -Wno-enum-conversion -Wno-float-conversion -Wno-non-literal-null-conversion -Wno-objc-literal-conversion -Wshorten-64-to-32 -Wno-newline-eof -Wno-c++11-extensions -Wno-implicit-fallthrough -fstrict-aliasing -Wdeprecated-declarations -Winvalid-offsetof -Wno-sign-conversion -Wno-infinite-recursion -Wno-move -Wno-comma -Wno-block-capture-autoreleasing -Wno-strict-prototypes -Wno-range-loop-analysis -Wno-semicolon-before-method-body -index-store-path /Users/emanuelflury/Library/Developer/Xcode/DerivedData/TaxedGmbH_IOS-gerngfqzuwudosgobknlgtoawnlj/Index.noindex/DataStore @/Users/emanuelflury/Library/Developer/Xcode/DerivedData/TaxedGmbH_IOS-gerngfqzuwudosgobknlgtoawnlj/Build/Intermediates.noindex/leveldb.build/Debug-iphoneos/leveldb.build/Objects-normal/arm64/82b82416624d2658e5098eb0a28c15c5-common-args.resp -MMD -MT dependencies -MF /Users/emanuelflury/Library/Developer/Xcode/DerivedData/TaxedGmbH_IOS-gerngfqzuwudosgobknlgtoawnlj/Build/Intermediates.noindex/leveldb.build/Debug-iphoneos/leveldb.build/Objects-normal/arm64/db_impl.d --serialize-diagnostics /Users/emanuelflury/Library/Developer/Xcode/DerivedData/TaxedGmbH_IOS-gerngfqzuwudosgobknlgtoawnlj/Build/Intermediates.noindex/leveldb.build/Debug-iphoneos/leveldb.build/Objects-normal/arm64/db_impl.dia -c /Users/emanuelflury/Library/Developer/Xcode/DerivedData/TaxedGmbH_IOS-gerngfqzuwudosgobknlgtoawnlj/SourcePackages/checkouts/leveldb/db/db_impl.cc -o /Users/emanuelflury/Library/Developer/Xcode/DerivedData/TaxedGmbH_IOS-gerngfqzuwudosgobknlgtoawnlj/Build/Intermediates.noindex/leveldb.build/Debug-iphoneos/leveldb.build/Objects-normal/arm64/db_impl.o -index-unit-output-path /leveldb.build/Debug-iphoneos/leveldb.build/Objects-normal/arm64/db_impl.o

CompileC /Users/emanuelflury/Library/Developer/Xcode/DerivedData/TaxedGmbH_IOS-gerngfqzuwudosgobknlgtoawnlj/Build/Intermediates.noindex/leveldb.build/Debug-iphoneos/leveldb.build/Objects-normal/arm64/crc32c.o /Users/emanuelflury/Library/Developer/Xcode/DerivedData/TaxedGmbH_IOS-gerngfqzuwudosgobknlgtoawnlj/SourcePackages/checkouts/leveldb/util/crc32c.cc normal arm64 c++ com.apple.compilers.llvm.clang.1_0.compiler (in target 'leveldb' from project 'leveldb')
    cd /Users/emanuelflury/github/TaxedGmbH_IOS/TaxedGmbH_IOS.xcodeproj
    
    Using response file: /Users/emanuelflury/Library/Developer/Xcode/DerivedData/TaxedGmbH_IOS-gerngfqzuwudosgobknlgtoawnlj/Build/Intermediates.noindex/leveldb.build/Debug-iphoneos/leveldb.build/Objects-normal/arm64/82b82416624d2658e5098eb0a28c15c5-common-args.resp
    
    /Applications/Xcode.app/Contents/Developer/Toolchains/XcodeDefault.xctoolchain/usr/bin/clang -x c++ -ivfsstatcache /Users/emanuelflury/Library/Developer/Xcode/DerivedData/SDKStatCaches.noindex/iphoneos26.1-23B77-69b33fc7382b27d9b5d46e82a00f8e78.sdkstatcache -fmessage-length\=0 -fdiagnostics-show-note-include-stack -fmacro-backtrace-limit\=0 -fno-color-diagnostics -fmodules-prune-interval\=86400 -fmodules-prune-after\=345600 -fbuild-session-file\=/Users/emanuelflury/Library/Developer/Xcode/DerivedData/ModuleCache.noindex/Session.modulevalidation -fmodules-validate-once-per-build-session -Wnon-modular-include-in-framework-module -Werror\=non-modular-include-in-framework-module -Wno-trigraphs -Wno-missing-field-initializers -Wno-missing-prototypes -Wno-return-type -Wno-non-virtual-dtor -Wno-overloaded-virtual -Wno-exit-time-destructors -Wno-missing-braces -Wparentheses -Wswitch -Wno-unused-function -Wno-unused-label -Wno-unused-parameter -Wno-unused-variable -Wunused-value -Wno-empty-body -Wno-uninitialized -Wno-unknown-pragmas -w -Wno-shadow -Wno-four-char-constants -Wno-conversion -Wno-constant-conversion -Wno-int-conversion -Wno-bool-conversion -Wno-enum-conversion -Wno-float-conversion -Wno-non-literal-null-conversion -Wno-objc-literal-conversion -Wshorten-64-to-32 -Wno-newline-eof -Wno-c++11-extensions -Wno-implicit-fallthrough -fstrict-aliasing -Wdeprecated-declarations -Winvalid-offsetof -Wno-sign-conversion -Wno-infinite-recursion -Wno-move -Wno-comma -Wno-block-capture-autoreleasing -Wno-strict-prototypes -Wno-range-loop-analysis -Wno-semicolon-before-method-body -index-store-path /Users/emanuelflury/Library/Developer/Xcode/DerivedData/TaxedGmbH_IOS-gerngfqzuwudosgobknlgtoawnlj/Index.noindex/DataStore @/Users/emanuelflury/Library/Developer/Xcode/DerivedData/TaxedGmbH_IOS-gerngfqzuwudosgobknlgtoawnlj/Build/Intermediates.noindex/leveldb.build/Debug-iphoneos/leveldb.build/Objects-normal/arm64/82b82416624d2658e5098eb0a28c15c5-common-args.resp -MMD -MT dependencies -MF /Users/emanuelflury/Library/Developer/Xcode/DerivedData/TaxedGmbH_IOS-gerngfqzuwudosgobknlgtoawnlj/Build/Intermediates.noindex/leveldb.build/Debug-iphoneos/leveldb.build/Objects-normal/arm64/crc32c.d --serialize-diagnostics /Users/emanuelflury/Library/Developer/Xcode/DerivedData/TaxedGmbH_IOS-gerngfqzuwudosgobknlgtoawnlj/Build/Intermediates.noindex/leveldb.build/Debug-iphoneos/leveldb.build/Objects-normal/arm64/crc32c.dia -c /Users/emanuelflury/Library/Developer/Xcode/DerivedData/TaxedGmbH_IOS-gerngfqzuwudosgobknlgtoawnlj/SourcePackages/checkouts/leveldb/util/crc32c.cc -o /Users/emanuelflury/Library/Developer/Xcode/DerivedData/TaxedGmbH_IOS-gerngfqzuwudosgobknlgtoawnlj/Build/Intermediates.noindex/leveldb.build/Debug-iphoneos/leveldb.build/Objects-normal/arm64/crc32c.o -index-unit-output-path /leveldb.build/Debug-iphoneos/leveldb.build/Objects-normal/arm64/crc32c.o

CompileC /Users/emanuelflury/Library/Developer/Xcode/DerivedData/TaxedGmbH_IOS-gerngfqzuwudosgobknlgtoawnlj/Build/Intermediates.noindex/leveldb.build/Debug-iphoneos/leveldb.build/Objects-normal/arm64/comparator.o /Users/emanuelflury/Library/Developer/Xcode/DerivedData/TaxedGmbH_IOS-gerngfqzuwudosgobknlgtoawnlj/SourcePackages/checkouts/leveldb/util/comparator.cc normal arm64 c++ com.apple.compilers.llvm.clang.1_0.compiler (in target 'leveldb' from project 'leveldb')
    cd /Users/emanuelflury/github/TaxedGmbH_IOS/TaxedGmbH_IOS.xcodeproj
    
    Using response file: /Users/emanuelflury/Library/Developer/Xcode/DerivedData/TaxedGmbH_IOS-gerngfqzuwudosgobknlgtoawnlj/Build/Intermediates.noindex/leveldb.build/Debug-iphoneos/leveldb.build/Objects-normal/arm64/82b82416624d2658e5098eb0a28c15c5-common-args.resp
    
    /Applications/Xcode.app/Contents/Developer/Toolchains/XcodeDefault.xctoolchain/usr/bin/clang -x c++ -ivfsstatcache /Users/emanuelflury/Library/Developer/Xcode/DerivedData/SDKStatCaches.noindex/iphoneos26.1-23B77-69b33fc7382b27d9b5d46e82a00f8e78.sdkstatcache -fmessage-length\=0 -fdiagnostics-show-note-include-stack -fmacro-backtrace-limit\=0 -fno-color-diagnostics -fmodules-prune-interval\=86400 -fmodules-prune-after\=345600 -fbuild-session-file\=/Users/emanuelflury/Library/Developer/Xcode/DerivedData/ModuleCache.noindex/Session.modulevalidation -fmodules-validate-once-per-build-session -Wnon-modular-include-in-framework-module -Werror\=non-modular-include-in-framework-module -Wno-trigraphs -Wno-missing-field-initializers -Wno-missing-prototypes -Wno-return-type -Wno-non-virtual-dtor -Wno-overloaded-virtual -Wno-exit-time-destructors -Wno-missing-braces -Wparentheses -Wswitch -Wno-unused-function -Wno-unused-label -Wno-unused-parameter -Wno-unused-variable -Wunused-value -Wno-empty-body -Wno-uninitialized -Wno-unknown-pragmas -w -Wno-shadow -Wno-four-char-constants -Wno-conversion -Wno-constant-conversion -Wno-int-conversion -Wno-bool-conversion -Wno-enum-conversion -Wno-float-conversion -Wno-non-literal-null-conversion -Wno-objc-literal-conversion -Wshorten-64-to-32 -Wno-newline-eof -Wno-c++11-extensions -Wno-implicit-fallthrough -fstrict-aliasing -Wdeprecated-declarations -Winvalid-offsetof -Wno-sign-conversion -Wno-infinite-recursion -Wno-move -Wno-comma -Wno-block-capture-autoreleasing -Wno-strict-prototypes -Wno-range-loop-analysis -Wno-semicolon-before-method-body -index-store-path /Users/emanuelflury/Library/Developer/Xcode/DerivedData/TaxedGmbH_IOS-gerngfqzuwudosgobknlgtoawnlj/Index.noindex/DataStore @/Users/emanuelflury/Library/Developer/Xcode/DerivedData/TaxedGmbH_IOS-gerngfqzuwudosgobknlgtoawnlj/Build/Intermediates.noindex/leveldb.build/Debug-iphoneos/leveldb.build/Objects-normal/arm64/82b82416624d2658e5098eb0a28c15c5-common-args.resp -MMD -MT dependencies -MF /Users/emanuelflury/Library/Developer/Xcode/DerivedData/TaxedGmbH_IOS-gerngfqzuwudosgobknlgtoawnlj/Build/Intermediates.noindex/leveldb.build/Debug-iphoneos/leveldb.build/Objects-normal/arm64/comparator.d --serialize-diagnostics /Users/emanuelflury/Library/Developer/Xcode/DerivedData/TaxedGmbH_IOS-gerngfqzuwudosgobknlgtoawnlj/Build/Intermediates.noindex/leveldb.build/Debug-iphoneos/leveldb.build/Objects-normal/arm64/comparator.dia -c /Users/emanuelflury/Library/Developer/Xcode/DerivedData/TaxedGmbH_IOS-gerngfqzuwudosgobknlgtoawnlj/SourcePackages/checkouts/leveldb/util/comparator.cc -o /Users/emanuelflury/Library/Developer/Xcode/DerivedData/TaxedGmbH_IOS-gerngfqzuwudosgobknlgtoawnlj/Build/Intermediates.noindex/leveldb.build/Debug-iphoneos/leveldb.build/Objects-normal/arm64/comparator.o -index-unit-output-path /leveldb.build/Debug-iphoneos/leveldb.build/Objects-normal/arm64/comparator.o

CompileC /Users/emanuelflury/Library/Developer/Xcode/DerivedData/TaxedGmbH_IOS-gerngfqzuwudosgobknlgtoawnlj/Build/Intermediates.noindex/leveldb.build/Debug-iphoneos/leveldb.build/Objects-normal/arm64/coding.o /Users/emanuelflury/Library/Developer/Xcode/DerivedData/TaxedGmbH_IOS-gerngfqzuwudosgobknlgtoawnlj/SourcePackages/checkouts/leveldb/util/coding.cc normal arm64 c++ com.apple.compilers.llvm.clang.1_0.compiler (in target 'leveldb' from project 'leveldb')
    cd /Users/emanuelflury/github/TaxedGmbH_IOS/TaxedGmbH_IOS.xcodeproj
    
    Using response file: /Users/emanuelflury/Library/Developer/Xcode/DerivedData/TaxedGmbH_IOS-gerngfqzuwudosgobknlgtoawnlj/Build/Intermediates.noindex/leveldb.build/Debug-iphoneos/leveldb.build/Objects-normal/arm64/82b82416624d2658e5098eb0a28c15c5-common-args.resp
    
    /Applications/Xcode.app/Contents/Developer/Toolchains/XcodeDefault.xctoolchain/usr/bin/clang -x c++ -ivfsstatcache /Users/emanuelflury/Library/Developer/Xcode/DerivedData/SDKStatCaches.noindex/iphoneos26.1-23B77-69b33fc7382b27d9b5d46e82a00f8e78.sdkstatcache -fmessage-length\=0 -fdiagnostics-show-note-include-stack -fmacro-backtrace-limit\=0 -fno-color-diagnostics -fmodules-prune-interval\=86400 -fmodules-prune-after\=345600 -fbuild-session-file\=/Users/emanuelflury/Library/Developer/Xcode/DerivedData/ModuleCache.noindex/Session.modulevalidation -fmodules-validate-once-per-build-session -Wnon-modular-include-in-framework-module -Werror\=non-modular-include-in-framework-module -Wno-trigraphs -Wno-missing-field-initializers -Wno-missing-prototypes -Wno-return-type -Wno-non-virtual-dtor -Wno-overloaded-virtual -Wno-exit-time-destructors -Wno-missing-braces -Wparentheses -Wswitch -Wno-unused-function -Wno-unused-label -Wno-unused-parameter -Wno-unused-variable -Wunused-value -Wno-empty-body -Wno-uninitialized -Wno-unknown-pragmas -w -Wno-shadow -Wno-four-char-constants -Wno-conversion -Wno-constant-conversion -Wno-int-conversion -Wno-bool-conversion -Wno-enum-conversion -Wno-float-conversion -Wno-non-literal-null-conversion -Wno-objc-literal-conversion -Wshorten-64-to-32 -Wno-newline-eof -Wno-c++11-extensions -Wno-implicit-fallthrough -fstrict-aliasing -Wdeprecated-declarations -Winvalid-offsetof -Wno-sign-conversion -Wno-infinite-recursion -Wno-move -Wno-comma -Wno-block-capture-autoreleasing -Wno-strict-prototypes -Wno-range-loop-analysis -Wno-semicolon-before-method-body -index-store-path /Users/emanuelflury/Library/Developer/Xcode/DerivedData/TaxedGmbH_IOS-gerngfqzuwudosgobknlgtoawnlj/Index.noindex/DataStore @/Users/emanuelflury/Library/Developer/Xcode/DerivedData/TaxedGmbH_IOS-gerngfqzuwudosgobknlgtoawnlj/Build/Intermediates.noindex/leveldb.build/Debug-iphoneos/leveldb.build/Objects-normal/arm64/82b82416624d2658e5098eb0a28c15c5-common-args.resp -MMD -MT dependencies -MF /Users/emanuelflury/Library/Developer/Xcode/DerivedData/TaxedGmbH_IOS-gerngfqzuwudosgobknlgtoawnlj/Build/Intermediates.noindex/leveldb.build/Debug-iphoneos/leveldb.build/Objects-normal/arm64/coding.d --serialize-diagnostics /Users/emanuelflury/Library/Developer/Xcode/DerivedData/TaxedGmbH_IOS-gerngfqzuwudosgobknlgtoawnlj/Build/Intermediates.noindex/leveldb.build/Debug-iphoneos/leveldb.build/Objects-normal/arm64/coding.dia -c /Users/emanuelflury/Library/Developer/Xcode/DerivedData/TaxedGmbH_IOS-gerngfqzuwudosgobknlgtoawnlj/SourcePackages/checkouts/leveldb/util/coding.cc -o /Users/emanuelflury/Library/Developer/Xcode/DerivedData/TaxedGmbH_IOS-gerngfqzuwudosgobknlgtoawnlj/Build/Intermediates.noindex/leveldb.build/Debug-iphoneos/leveldb.build/Objects-normal/arm64/coding.o -index-unit-output-path /leveldb.build/Debug-iphoneos/leveldb.build/Objects-normal/arm64/coding.o

CompileC /Users/emanuelflury/Library/Developer/Xcode/DerivedData/TaxedGmbH_IOS-gerngfqzuwudosgobknlgtoawnlj/Build/Intermediates.noindex/leveldb.build/Debug-iphoneos/leveldb.build/Objects-normal/arm64/cache.o /Users/emanuelflury/Library/Developer/Xcode/DerivedData/TaxedGmbH_IOS-gerngfqzuwudosgobknlgtoawnlj/SourcePackages/checkouts/leveldb/util/cache.cc normal arm64 c++ com.apple.compilers.llvm.clang.1_0.compiler (in target 'leveldb' from project 'leveldb')
    cd /Users/emanuelflury/github/TaxedGmbH_IOS/TaxedGmbH_IOS.xcodeproj
    
    Using response file: /Users/emanuelflury/Library/Developer/Xcode/DerivedData/TaxedGmbH_IOS-gerngfqzuwudosgobknlgtoawnlj/Build/Intermediates.noindex/leveldb.build/Debug-iphoneos/leveldb.build/Objects-normal/arm64/82b82416624d2658e5098eb0a28c15c5-common-args.resp
    
    /Applications/Xcode.app/Contents/Developer/Toolchains/XcodeDefault.xctoolchain/usr/bin/clang -x c++ -ivfsstatcache /Users/emanuelflury/Library/Developer/Xcode/DerivedData/SDKStatCaches.noindex/iphoneos26.1-23B77-69b33fc7382b27d9b5d46e82a00f8e78.sdkstatcache -fmessage-length\=0 -fdiagnostics-show-note-include-stack -fmacro-backtrace-limit\=0 -fno-color-diagnostics -fmodules-prune-interval\=86400 -fmodules-prune-after\=345600 -fbuild-session-file\=/Users/emanuelflury/Library/Developer/Xcode/DerivedData/ModuleCache.noindex/Session.modulevalidation -fmodules-validate-once-per-build-session -Wnon-modular-include-in-framework-module -Werror\=non-modular-include-in-framework-module -Wno-trigraphs -Wno-missing-field-initializers -Wno-missing-prototypes -Wno-return-type -Wno-non-virtual-dtor -Wno-overloaded-virtual -Wno-exit-time-destructors -Wno-missing-braces -Wparentheses -Wswitch -Wno-unused-function -Wno-unused-label -Wno-unused-parameter -Wno-unused-variable -Wunused-value -Wno-empty-body -Wno-uninitialized -Wno-unknown-pragmas -w -Wno-shadow -Wno-four-char-constants -Wno-conversion -Wno-constant-conversion -Wno-int-conversion -Wno-bool-conversion -Wno-enum-conversion -Wno-float-conversion -Wno-non-literal-null-conversion -Wno-objc-literal-conversion -Wshorten-64-to-32 -Wno-newline-eof -Wno-c++11-extensions -Wno-implicit-fallthrough -fstrict-aliasing -Wdeprecated-declarations -Winvalid-offsetof -Wno-sign-conversion -Wno-infinite-recursion -Wno-move -Wno-comma -Wno-block-capture-autoreleasing -Wno-strict-prototypes -Wno-range-loop-analysis -Wno-semicolon-before-method-body -index-store-path /Users/emanuelflury/Library/Developer/Xcode/DerivedData/TaxedGmbH_IOS-gerngfqzuwudosgobknlgtoawnlj/Index.noindex/DataStore @/Users/emanuelflury/Library/Developer/Xcode/DerivedData/TaxedGmbH_IOS-gerngfqzuwudosgobknlgtoawnlj/Build/Intermediates.noindex/leveldb.build/Debug-iphoneos/leveldb.build/Objects-normal/arm64/82b82416624d2658e5098eb0a28c15c5-common-args.resp -MMD -MT dependencies -MF /Users/emanuelflury/Library/Developer/Xcode/DerivedData/TaxedGmbH_IOS-gerngfqzuwudosgobknlgtoawnlj/Build/Intermediates.noindex/leveldb.build/Debug-iphoneos/leveldb.build/Objects-normal/arm64/cache.d --serialize-diagnostics /Users/emanuelflury/Library/Developer/Xcode/DerivedData/TaxedGmbH_IOS-gerngfqzuwudosgobknlgtoawnlj/Build/Intermediates.noindex/leveldb.build/Debug-iphoneos/leveldb.build/Objects-normal/arm64/cache.dia -c /Users/emanuelflury/Library/Developer/Xcode/DerivedData/TaxedGmbH_IOS-gerngfqzuwudosgobknlgtoawnlj/SourcePackages/checkouts/leveldb/util/cache.cc -o /Users/emanuelflury/Library/Developer/Xcode/DerivedData/TaxedGmbH_IOS-gerngfqzuwudosgobknlgtoawnlj/Build/Intermediates.noindex/leveldb.build/Debug-iphoneos/leveldb.build/Objects-normal/arm64/cache.o -index-unit-output-path /leveldb.build/Debug-iphoneos/leveldb.build/Objects-normal/arm64/cache.o

CompileC /Users/emanuelflury/Library/Developer/Xcode/DerivedData/TaxedGmbH_IOS-gerngfqzuwudosgobknlgtoawnlj/Build/Intermediates.noindex/leveldb.build/Debug-iphoneos/leveldb.build/Objects-normal/arm64/c.o /Users/emanuelflury/Library/Developer/Xcode/DerivedData/TaxedGmbH_IOS-gerngfqzuwudosgobknlgtoawnlj/SourcePackages/checkouts/leveldb/db/c.cc normal arm64 c++ com.apple.compilers.llvm.clang.1_0.compiler (in target 'leveldb' from project 'leveldb')
    cd /Users/emanuelflury/github/TaxedGmbH_IOS/TaxedGmbH_IOS.xcodeproj
    
    Using response file: /Users/emanuelflury/Library/Developer/Xcode/DerivedData/TaxedGmbH_IOS-gerngfqzuwudosgobknlgtoawnlj/Build/Intermediates.noindex/leveldb.build/Debug-iphoneos/leveldb.build/Objects-normal/arm64/82b82416624d2658e5098eb0a28c15c5-common-args.resp
    
    /Applications/Xcode.app/Contents/Developer/Toolchains/XcodeDefault.xctoolchain/usr/bin/clang -x c++ -ivfsstatcache /Users/emanuelflury/Library/Developer/Xcode/DerivedData/SDKStatCaches.noindex/iphoneos26.1-23B77-69b33fc7382b27d9b5d46e82a00f8e78.sdkstatcache -fmessage-length\=0 -fdiagnostics-show-note-include-stack -fmacro-backtrace-limit\=0 -fno-color-diagnostics -fmodules-prune-interval\=86400 -fmodules-prune-after\=345600 -fbuild-session-file\=/Users/emanuelflury/Library/Developer/Xcode/DerivedData/ModuleCache.noindex/Session.modulevalidation -fmodules-validate-once-per-build-session -Wnon-modular-include-in-framework-module -Werror\=non-modular-include-in-framework-module -Wno-trigraphs -Wno-missing-field-initializers -Wno-missing-prototypes -Wno-return-type -Wno-non-virtual-dtor -Wno-overloaded-virtual -Wno-exit-time-destructors -Wno-missing-braces -Wparentheses -Wswitch -Wno-unused-function -Wno-unused-label -Wno-unused-parameter -Wno-unused-variable -Wunused-value -Wno-empty-body -Wno-uninitialized -Wno-unknown-pragmas -w -Wno-shadow -Wno-four-char-constants -Wno-conversion -Wno-constant-conversion -Wno-int-conversion -Wno-bool-conversion -Wno-enum-conversion -Wno-float-conversion -Wno-non-literal-null-conversion -Wno-objc-literal-conversion -Wshorten-64-to-32 -Wno-newline-eof -Wno-c++11-extensions -Wno-implicit-fallthrough -fstrict-aliasing -Wdeprecated-declarations -Winvalid-offsetof -Wno-sign-conversion -Wno-infinite-recursion -Wno-move -Wno-comma -Wno-block-capture-autoreleasing -Wno-strict-prototypes -Wno-range-loop-analysis -Wno-semicolon-before-method-body -index-store-path /Users/emanuelflury/Library/Developer/Xcode/DerivedData/TaxedGmbH_IOS-gerngfqzuwudosgobknlgtoawnlj/Index.noindex/DataStore @/Users/emanuelflury/Library/Developer/Xcode/DerivedData/TaxedGmbH_IOS-gerngfqzuwudosgobknlgtoawnlj/Build/Intermediates.noindex/leveldb.build/Debug-iphoneos/leveldb.build/Objects-normal/arm64/82b82416624d2658e5098eb0a28c15c5-common-args.resp -MMD -MT dependencies -MF /Users/emanuelflury/Library/Developer/Xcode/DerivedData/TaxedGmbH_IOS-gerngfqzuwudosgobknlgtoawnlj/Build/Intermediates.noindex/leveldb.build/Debug-iphoneos/leveldb.build/Objects-normal/arm64/c.d --serialize-diagnostics /Users/emanuelflury/Library/Developer/Xcode/DerivedData/TaxedGmbH_IOS-gerngfqzuwudosgobknlgtoawnlj/Build/Intermediates.noindex/leveldb.build/Debug-iphoneos/leveldb.build/Objects-normal/arm64/c.dia -c /Users/emanuelflury/Library/Developer/Xcode/DerivedData/TaxedGmbH_IOS-gerngfqzuwudosgobknlgtoawnlj/SourcePackages/checkouts/leveldb/db/c.cc -o /Users/emanuelflury/Library/Developer/Xcode/DerivedData/TaxedGmbH_IOS-gerngfqzuwudosgobknlgtoawnlj/Build/Intermediates.noindex/leveldb.build/Debug-iphoneos/leveldb.build/Objects-normal/arm64/c.o -index-unit-output-path /leveldb.build/Debug-iphoneos/leveldb.build/Objects-normal/arm64/c.o

CompileC /Users/emanuelflury/Library/Developer/Xcode/DerivedData/TaxedGmbH_IOS-gerngfqzuwudosgobknlgtoawnlj/Build/Intermediates.noindex/leveldb.build/Debug-iphoneos/leveldb.build/Objects-normal/arm64/builder.o /Users/emanuelflury/Library/Developer/Xcode/DerivedData/TaxedGmbH_IOS-gerngfqzuwudosgobknlgtoawnlj/SourcePackages/checkouts/leveldb/db/builder.cc normal arm64 c++ com.apple.compilers.llvm.clang.1_0.compiler (in target 'leveldb' from project 'leveldb')
    cd /Users/emanuelflury/github/TaxedGmbH_IOS/TaxedGmbH_IOS.xcodeproj
    
    Using response file: /Users/emanuelflury/Library/Developer/Xcode/DerivedData/TaxedGmbH_IOS-gerngfqzuwudosgobknlgtoawnlj/Build/Intermediates.noindex/leveldb.build/Debug-iphoneos/leveldb.build/Objects-normal/arm64/82b82416624d2658e5098eb0a28c15c5-common-args.resp
    
    /Applications/Xcode.app/Contents/Developer/Toolchains/XcodeDefault.xctoolchain/usr/bin/clang -x c++ -ivfsstatcache /Users/emanuelflury/Library/Developer/Xcode/DerivedData/SDKStatCaches.noindex/iphoneos26.1-23B77-69b33fc7382b27d9b5d46e82a00f8e78.sdkstatcache -fmessage-length\=0 -fdiagnostics-show-note-include-stack -fmacro-backtrace-limit\=0 -fno-color-diagnostics -fmodules-prune-interval\=86400 -fmodules-prune-after\=345600 -fbuild-session-file\=/Users/emanuelflury/Library/Developer/Xcode/DerivedData/ModuleCache.noindex/Session.modulevalidation -fmodules-validate-once-per-build-session -Wnon-modular-include-in-framework-module -Werror\=non-modular-include-in-framework-module -Wno-trigraphs -Wno-missing-field-initializers -Wno-missing-prototypes -Wno-return-type -Wno-non-virtual-dtor -Wno-overloaded-virtual -Wno-exit-time-destructors -Wno-missing-braces -Wparentheses -Wswitch -Wno-unused-function -Wno-unused-label -Wno-unused-parameter -Wno-unused-variable -Wunused-value -Wno-empty-body -Wno-uninitialized -Wno-unknown-pragmas -w -Wno-shadow -Wno-four-char-constants -Wno-conversion -Wno-constant-conversion -Wno-int-conversion -Wno-bool-conversion -Wno-enum-conversion -Wno-float-conversion -Wno-non-literal-null-conversion -Wno-objc-literal-conversion -Wshorten-64-to-32 -Wno-newline-eof -Wno-c++11-extensions -Wno-implicit-fallthrough -fstrict-aliasing -Wdeprecated-declarations -Winvalid-offsetof -Wno-sign-conversion -Wno-infinite-recursion -Wno-move -Wno-comma -Wno-block-capture-autoreleasing -Wno-strict-prototypes -Wno-range-loop-analysis -Wno-semicolon-before-method-body -index-store-path /Users/emanuelflury/Library/Developer/Xcode/DerivedData/TaxedGmbH_IOS-gerngfqzuwudosgobknlgtoawnlj/Index.noindex/DataStore @/Users/emanuelflury/Library/Developer/Xcode/DerivedData/TaxedGmbH_IOS-gerngfqzuwudosgobknlgtoawnlj/Build/Intermediates.noindex/leveldb.build/Debug-iphoneos/leveldb.build/Objects-normal/arm64/82b82416624d2658e5098eb0a28c15c5-common-args.resp -MMD -MT dependencies -MF /Users/emanuelflury/Library/Developer/Xcode/DerivedData/TaxedGmbH_IOS-gerngfqzuwudosgobknlgtoawnlj/Build/Intermediates.noindex/leveldb.build/Debug-iphoneos/leveldb.build/Objects-normal/arm64/builder.d --serialize-diagnostics /Users/emanuelflury/Library/Developer/Xcode/DerivedData/TaxedGmbH_IOS-gerngfqzuwudosgobknlgtoawnlj/Build/Intermediates.noindex/leveldb.build/Debug-iphoneos/leveldb.build/Objects-normal/arm64/builder.dia -c /Users/emanuelflury/Library/Developer/Xcode/DerivedData/TaxedGmbH_IOS-gerngfqzuwudosgobknlgtoawnlj/SourcePackages/checkouts/leveldb/db/builder.cc -o /Users/emanuelflury/Library/Developer/Xcode/DerivedData/TaxedGmbH_IOS-gerngfqzuwudosgobknlgtoawnlj/Build/Intermediates.noindex/leveldb.build/Debug-iphoneos/leveldb.build/Objects-normal/arm64/builder.o -index-unit-output-path /leveldb.build/Debug-iphoneos/leveldb.build/Objects-normal/arm64/builder.o

CompileC /Users/emanuelflury/Library/Developer/Xcode/DerivedData/TaxedGmbH_IOS-gerngfqzuwudosgobknlgtoawnlj/Build/Intermediates.noindex/leveldb.build/Debug-iphoneos/leveldb.build/Objects-normal/arm64/bloom.o /Users/emanuelflury/Library/Developer/Xcode/DerivedData/TaxedGmbH_IOS-gerngfqzuwudosgobknlgtoawnlj/SourcePackages/checkouts/leveldb/util/bloom.cc normal arm64 c++ com.apple.compilers.llvm.clang.1_0.compiler (in target 'leveldb' from project 'leveldb')
    cd /Users/emanuelflury/github/TaxedGmbH_IOS/TaxedGmbH_IOS.xcodeproj
    
    Using response file: /Users/emanuelflury/Library/Developer/Xcode/DerivedData/TaxedGmbH_IOS-gerngfqzuwudosgobknlgtoawnlj/Build/Intermediates.noindex/leveldb.build/Debug-iphoneos/leveldb.build/Objects-normal/arm64/82b82416624d2658e5098eb0a28c15c5-common-args.resp
    
    /Applications/Xcode.app/Contents/Developer/Toolchains/XcodeDefault.xctoolchain/usr/bin/clang -x c++ -ivfsstatcache /Users/emanuelflury/Library/Developer/Xcode/DerivedData/SDKStatCaches.noindex/iphoneos26.1-23B77-69b33fc7382b27d9b5d46e82a00f8e78.sdkstatcache -fmessage-length\=0 -fdiagnostics-show-note-include-stack -fmacro-backtrace-limit\=0 -fno-color-diagnostics -fmodules-prune-interval\=86400 -fmodules-prune-after\=345600 -fbuild-session-file\=/Users/emanuelflury/Library/Developer/Xcode/DerivedData/ModuleCache.noindex/Session.modulevalidation -fmodules-validate-once-per-build-session -Wnon-modular-include-in-framework-module -Werror\=non-modular-include-in-framework-module -Wno-trigraphs -Wno-missing-field-initializers -Wno-missing-prototypes -Wno-return-type -Wno-non-virtual-dtor -Wno-overloaded-virtual -Wno-exit-time-destructors -Wno-missing-braces -Wparentheses -Wswitch -Wno-unused-function -Wno-unused-label -Wno-unused-parameter -Wno-unused-variable -Wunused-value -Wno-empty-body -Wno-uninitialized -Wno-unknown-pragmas -w -Wno-shadow -Wno-four-char-constants -Wno-conversion -Wno-constant-conversion -Wno-int-conversion -Wno-bool-conversion -Wno-enum-conversion -Wno-float-conversion -Wno-non-literal-null-conversion -Wno-objc-literal-conversion -Wshorten-64-to-32 -Wno-newline-eof -Wno-c++11-extensions -Wno-implicit-fallthrough -fstrict-aliasing -Wdeprecated-declarations -Winvalid-offsetof -Wno-sign-conversion -Wno-infinite-recursion -Wno-move -Wno-comma -Wno-block-capture-autoreleasing -Wno-strict-prototypes -Wno-range-loop-analysis -Wno-semicolon-before-method-body -index-store-path /Users/emanuelflury/Library/Developer/Xcode/DerivedData/TaxedGmbH_IOS-gerngfqzuwudosgobknlgtoawnlj/Index.noindex/DataStore @/Users/emanuelflury/Library/Developer/Xcode/DerivedData/TaxedGmbH_IOS-gerngfqzuwudosgobknlgtoawnlj/Build/Intermediates.noindex/leveldb.build/Debug-iphoneos/leveldb.build/Objects-normal/arm64/82b82416624d2658e5098eb0a28c15c5-common-args.resp -MMD -MT dependencies -MF /Users/emanuelflury/Library/Developer/Xcode/DerivedData/TaxedGmbH_IOS-gerngfqzuwudosgobknlgtoawnlj/Build/Intermediates.noindex/leveldb.build/Debug-iphoneos/leveldb.build/Objects-normal/arm64/bloom.d --serialize-diagnostics /Users/emanuelflury/Library/Developer/Xcode/DerivedData/TaxedGmbH_IOS-gerngfqzuwudosgobknlgtoawnlj/Build/Intermediates.noindex/leveldb.build/Debug-iphoneos/leveldb.build/Objects-normal/arm64/bloom.dia -c /Users/emanuelflury/Library/Developer/Xcode/DerivedData/TaxedGmbH_IOS-gerngfqzuwudosgobknlgtoawnlj/SourcePackages/checkouts/leveldb/util/bloom.cc -o /Users/emanuelflury/Library/Developer/Xcode/DerivedData/TaxedGmbH_IOS-gerngfqzuwudosgobknlgtoawnlj/Build/Intermediates.noindex/leveldb.build/Debug-iphoneos/leveldb.build/Objects-normal/arm64/bloom.o -index-unit-output-path /leveldb.build/Debug-iphoneos/leveldb.build/Objects-normal/arm64/bloom.o

CompileC /Users/emanuelflury/Library/Developer/Xcode/DerivedData/TaxedGmbH_IOS-gerngfqzuwudosgobknlgtoawnlj/Build/Intermediates.noindex/leveldb.build/Debug-iphoneos/leveldb.build/Objects-normal/arm64/block_builder.o /Users/emanuelflury/Library/Developer/Xcode/DerivedData/TaxedGmbH_IOS-gerngfqzuwudosgobknlgtoawnlj/SourcePackages/checkouts/leveldb/table/block_builder.cc normal arm64 c++ com.apple.compilers.llvm.clang.1_0.compiler (in target 'leveldb' from project 'leveldb')
    cd /Users/emanuelflury/github/TaxedGmbH_IOS/TaxedGmbH_IOS.xcodeproj
    
    Using response file: /Users/emanuelflury/Library/Developer/Xcode/DerivedData/TaxedGmbH_IOS-gerngfqzuwudosgobknlgtoawnlj/Build/Intermediates.noindex/leveldb.build/Debug-iphoneos/leveldb.build/Objects-normal/arm64/82b82416624d2658e5098eb0a28c15c5-common-args.resp
    
    /Applications/Xcode.app/Contents/Developer/Toolchains/XcodeDefault.xctoolchain/usr/bin/clang -x c++ -ivfsstatcache /Users/emanuelflury/Library/Developer/Xcode/DerivedData/SDKStatCaches.noindex/iphoneos26.1-23B77-69b33fc7382b27d9b5d46e82a00f8e78.sdkstatcache -fmessage-length\=0 -fdiagnostics-show-note-include-stack -fmacro-backtrace-limit\=0 -fno-color-diagnostics -fmodules-prune-interval\=86400 -fmodules-prune-after\=345600 -fbuild-session-file\=/Users/emanuelflury/Library/Developer/Xcode/DerivedData/ModuleCache.noindex/Session.modulevalidation -fmodules-validate-once-per-build-session -Wnon-modular-include-in-framework-module -Werror\=non-modular-include-in-framework-module -Wno-trigraphs -Wno-missing-field-initializers -Wno-missing-prototypes -Wno-return-type -Wno-non-virtual-dtor -Wno-overloaded-virtual -Wno-exit-time-destructors -Wno-missing-braces -Wparentheses -Wswitch -Wno-unused-function -Wno-unused-label -Wno-unused-parameter -Wno-unused-variable -Wunused-value -Wno-empty-body -Wno-uninitialized -Wno-unknown-pragmas -w -Wno-shadow -Wno-four-char-constants -Wno-conversion -Wno-constant-conversion -Wno-int-conversion -Wno-bool-conversion -Wno-enum-conversion -Wno-float-conversion -Wno-non-literal-null-conversion -Wno-objc-literal-conversion -Wshorten-64-to-32 -Wno-newline-eof -Wno-c++11-extensions -Wno-implicit-fallthrough -fstrict-aliasing -Wdeprecated-declarations -Winvalid-offsetof -Wno-sign-conversion -Wno-infinite-recursion -Wno-move -Wno-comma -Wno-block-capture-autoreleasing -Wno-strict-prototypes -Wno-range-loop-analysis -Wno-semicolon-before-method-body -index-store-path /Users/emanuelflury/Library/Developer/Xcode/DerivedData/TaxedGmbH_IOS-gerngfqzuwudosgobknlgtoawnlj/Index.noindex/DataStore @/Users/emanuelflury/Library/Developer/Xcode/DerivedData/TaxedGmbH_IOS-gerngfqzuwudosgobknlgtoawnlj/Build/Intermediates.noindex/leveldb.build/Debug-iphoneos/leveldb.build/Objects-normal/arm64/82b82416624d2658e5098eb0a28c15c5-common-args.resp -MMD -MT dependencies -MF /Users/emanuelflury/Library/Developer/Xcode/DerivedData/TaxedGmbH_IOS-gerngfqzuwudosgobknlgtoawnlj/Build/Intermediates.noindex/leveldb.build/Debug-iphoneos/leveldb.build/Objects-normal/arm64/block_builder.d --serialize-diagnostics /Users/emanuelflury/Library/Developer/Xcode/DerivedData/TaxedGmbH_IOS-gerngfqzuwudosgobknlgtoawnlj/Build/Intermediates.noindex/leveldb.build/Debug-iphoneos/leveldb.build/Objects-normal/arm64/block_builder.dia -c /Users/emanuelflury/Library/Developer/Xcode/DerivedData/TaxedGmbH_IOS-gerngfqzuwudosgobknlgtoawnlj/SourcePackages/checkouts/leveldb/table/block_builder.cc -o /Users/emanuelflury/Library/Developer/Xcode/DerivedData/TaxedGmbH_IOS-gerngfqzuwudosgobknlgtoawnlj/Build/Intermediates.noindex/leveldb.build/Debug-iphoneos/leveldb.build/Objects-normal/arm64/block_builder.o -index-unit-output-path /leveldb.build/Debug-iphoneos/leveldb.build/Objects-normal/arm64/block_builder.o

CompileC /Users/emanuelflury/Library/Developer/Xcode/DerivedData/TaxedGmbH_IOS-gerngfqzuwudosgobknlgtoawnlj/Build/Intermediates.noindex/leveldb.build/Debug-iphoneos/leveldb.build/Objects-normal/arm64/block.o /Users/emanuelflury/Library/Developer/Xcode/DerivedData/TaxedGmbH_IOS-gerngfqzuwudosgobknlgtoawnlj/SourcePackages/checkouts/leveldb/table/block.cc normal arm64 c++ com.apple.compilers.llvm.clang.1_0.compiler (in target 'leveldb' from project 'leveldb')
    cd /Users/emanuelflury/github/TaxedGmbH_IOS/TaxedGmbH_IOS.xcodeproj
    
    Using response file: /Users/emanuelflury/Library/Developer/Xcode/DerivedData/TaxedGmbH_IOS-gerngfqzuwudosgobknlgtoawnlj/Build/Intermediates.noindex/leveldb.build/Debug-iphoneos/leveldb.build/Objects-normal/arm64/82b82416624d2658e5098eb0a28c15c5-common-args.resp
    
    /Applications/Xcode.app/Contents/Developer/Toolchains/XcodeDefault.xctoolchain/usr/bin/clang -x c++ -ivfsstatcache /Users/emanuelflury/Library/Developer/Xcode/DerivedData/SDKStatCaches.noindex/iphoneos26.1-23B77-69b33fc7382b27d9b5d46e82a00f8e78.sdkstatcache -fmessage-length\=0 -fdiagnostics-show-note-include-stack -fmacro-backtrace-limit\=0 -fno-color-diagnostics -fmodules-prune-interval\=86400 -fmodules-prune-after\=345600 -fbuild-session-file\=/Users/emanuelflury/Library/Developer/Xcode/DerivedData/ModuleCache.noindex/Session.modulevalidation -fmodules-validate-once-per-build-session -Wnon-modular-include-in-framework-module -Werror\=non-modular-include-in-framework-module -Wno-trigraphs -Wno-missing-field-initializers -Wno-missing-prototypes -Wno-return-type -Wno-non-virtual-dtor -Wno-overloaded-virtual -Wno-exit-time-destructors -Wno-missing-braces -Wparentheses -Wswitch -Wno-unused-function -Wno-unused-label -Wno-unused-parameter -Wno-unused-variable -Wunused-value -Wno-empty-body -Wno-uninitialized -Wno-unknown-pragmas -w -Wno-shadow -Wno-four-char-constants -Wno-conversion -Wno-constant-conversion -Wno-int-conversion -Wno-bool-conversion -Wno-enum-conversion -Wno-float-conversion -Wno-non-literal-null-conversion -Wno-objc-literal-conversion -Wshorten-64-to-32 -Wno-newline-eof -Wno-c++11-extensions -Wno-implicit-fallthrough -fstrict-aliasing -Wdeprecated-declarations -Winvalid-offsetof -Wno-sign-conversion -Wno-infinite-recursion -Wno-move -Wno-comma -Wno-block-capture-autoreleasing -Wno-strict-prototypes -Wno-range-loop-analysis -Wno-semicolon-before-method-body -index-store-path /Users/emanuelflury/Library/Developer/Xcode/DerivedData/TaxedGmbH_IOS-gerngfqzuwudosgobknlgtoawnlj/Index.noindex/DataStore @/Users/emanuelflury/Library/Developer/Xcode/DerivedData/TaxedGmbH_IOS-gerngfqzuwudosgobknlgtoawnlj/Build/Intermediates.noindex/leveldb.build/Debug-iphoneos/leveldb.build/Objects-normal/arm64/82b82416624d2658e5098eb0a28c15c5-common-args.resp -MMD -MT dependencies -MF /Users/emanuelflury/Library/Developer/Xcode/DerivedData/TaxedGmbH_IOS-gerngfqzuwudosgobknlgtoawnlj/Build/Intermediates.noindex/leveldb.build/Debug-iphoneos/leveldb.build/Objects-normal/arm64/block.d --serialize-diagnostics /Users/emanuelflury/Library/Developer/Xcode/DerivedData/TaxedGmbH_IOS-gerngfqzuwudosgobknlgtoawnlj/Build/Intermediates.noindex/leveldb.build/Debug-iphoneos/leveldb.build/Objects-normal/arm64/block.dia -c /Users/emanuelflury/Library/Developer/Xcode/DerivedData/TaxedGmbH_IOS-gerngfqzuwudosgobknlgtoawnlj/SourcePackages/checkouts/leveldb/table/block.cc -o /Users/emanuelflury/Library/Developer/Xcode/DerivedData/TaxedGmbH_IOS-gerngfqzuwudosgobknlgtoawnlj/Build/Intermediates.noindex/leveldb.build/Debug-iphoneos/leveldb.build/Objects-normal/arm64/block.o -index-unit-output-path /leveldb.build/Debug-iphoneos/leveldb.build/Objects-normal/arm64/block.o

CompileC /Users/emanuelflury/Library/Developer/Xcode/DerivedData/TaxedGmbH_IOS-gerngfqzuwudosgobknlgtoawnlj/Build/Intermediates.noindex/leveldb.build/Debug-iphoneos/leveldb.build/Objects-normal/arm64/arena.o /Users/emanuelflury/Library/Developer/Xcode/DerivedData/TaxedGmbH_IOS-gerngfqzuwudosgobknlgtoawnlj/SourcePackages/checkouts/leveldb/util/arena.cc normal arm64 c++ com.apple.compilers.llvm.clang.1_0.compiler (in target 'leveldb' from project 'leveldb')
    cd /Users/emanuelflury/github/TaxedGmbH_IOS/TaxedGmbH_IOS.xcodeproj
    
    Using response file: /Users/emanuelflury/Library/Developer/Xcode/DerivedData/TaxedGmbH_IOS-gerngfqzuwudosgobknlgtoawnlj/Build/Intermediates.noindex/leveldb.build/Debug-iphoneos/leveldb.build/Objects-normal/arm64/82b82416624d2658e5098eb0a28c15c5-common-args.resp
    
    /Applications/Xcode.app/Contents/Developer/Toolchains/XcodeDefault.xctoolchain/usr/bin/clang -x c++ -ivfsstatcache /Users/emanuelflury/Library/Developer/Xcode/DerivedData/SDKStatCaches.noindex/iphoneos26.1-23B77-69b33fc7382b27d9b5d46e82a00f8e78.sdkstatcache -fmessage-length\=0 -fdiagnostics-show-note-include-stack -fmacro-backtrace-limit\=0 -fno-color-diagnostics -fmodules-prune-interval\=86400 -fmodules-prune-after\=345600 -fbuild-session-file\=/Users/emanuelflury/Library/Developer/Xcode/DerivedData/ModuleCache.noindex/Session.modulevalidation -fmodules-validate-once-per-build-session -Wnon-modular-include-in-framework-module -Werror\=non-modular-include-in-framework-module -Wno-trigraphs -Wno-missing-field-initializers -Wno-missing-prototypes -Wno-return-type -Wno-non-virtual-dtor -Wno-overloaded-virtual -Wno-exit-time-destructors -Wno-missing-braces -Wparentheses -Wswitch -Wno-unused-function -Wno-unused-label -Wno-unused-parameter -Wno-unused-variable -Wunused-value -Wno-empty-body -Wno-uninitialized -Wno-unknown-pragmas -w -Wno-shadow -Wno-four-char-constants -Wno-conversion -Wno-constant-conversion -Wno-int-conversion -Wno-bool-conversion -Wno-enum-conversion -Wno-float-conversion -Wno-non-literal-null-conversion -Wno-objc-literal-conversion -Wshorten-64-to-32 -Wno-newline-eof -Wno-c++11-extensions -Wno-implicit-fallthrough -fstrict-aliasing -Wdeprecated-declarations -Winvalid-offsetof -Wno-sign-conversion -Wno-infinite-recursion -Wno-move -Wno-comma -Wno-block-capture-autoreleasing -Wno-strict-prototypes -Wno-range-loop-analysis -Wno-semicolon-before-method-body -index-store-path /Users/emanuelflury/Library/Developer/Xcode/DerivedData/TaxedGmbH_IOS-gerngfqzuwudosgobknlgtoawnlj/Index.noindex/DataStore @/Users/emanuelflury/Library/Developer/Xcode/DerivedData/TaxedGmbH_IOS-gerngfqzuwudosgobknlgtoawnlj/Build/Intermediates.noindex/leveldb.build/Debug-iphoneos/leveldb.build/Objects-normal/arm64/82b82416624d2658e5098eb0a28c15c5-common-args.resp -MMD -MT dependencies -MF /Users/emanuelflury/Library/Developer/Xcode/DerivedData/TaxedGmbH_IOS-gerngfqzuwudosgobknlgtoawnlj/Build/Intermediates.noindex/leveldb.build/Debug-iphoneos/leveldb.build/Objects-normal/arm64/arena.d --serialize-diagnostics /Users/emanuelflury/Library/Developer/Xcode/DerivedData/TaxedGmbH_IOS-gerngfqzuwudosgobknlgtoawnlj/Build/Intermediates.noindex/leveldb.build/Debug-iphoneos/leveldb.build/Objects-normal/arm64/arena.dia -c /Users/emanuelflury/Library/Developer/Xcode/DerivedData/TaxedGmbH_IOS-gerngfqzuwudosgobknlgtoawnlj/SourcePackages/checkouts/leveldb/util/arena.cc -o /Users/emanuelflury/Library/Developer/Xcode/DerivedData/TaxedGmbH_IOS-gerngfqzuwudosgobknlgtoawnlj/Build/Intermediates.noindex/leveldb.build/Debug-iphoneos/leveldb.build/Objects-normal/arm64/arena.o -index-unit-output-path /leveldb.build/Debug-iphoneos/leveldb.build/Objects-normal/arm64/arena.o

PrecompileModule /Users/emanuelflury/Library/Developer/Xcode/DerivedData/TaxedGmbH_IOS-gerngfqzuwudosgobknlgtoawnlj/Build/Intermediates.noindex/ExplicitPrecompiledModules/_Builtin_stdbool-EO7A3YPBRIQREMBUPM8ZOVJAL.scan
    cd /
    builtin-precompileModule /Users/emanuelflury/Library/Developer/Xcode/DerivedData/TaxedGmbH_IOS-gerngfqzuwudosgobknlgtoawnlj/Build/Intermediates.noindex/ExplicitPrecompiledModules/_Builtin_stdbool-EO7A3YPBRIQREMBUPM8ZOVJAL.scan

SwiftDriverJobDiscovery normal arm64 Compiling FirebaseDataEncoder.swift (in target 'FirebaseSharedSwift' from project 'Firebase')

PrecompileModule /Users/emanuelflury/Library/Developer/Xcode/DerivedData/TaxedGmbH_IOS-gerngfqzuwudosgobknlgtoawnlj/Build/Intermediates.noindex/ExplicitPrecompiledModules/_Builtin_stdarg-BRY0TY3LZ47CMQE7T57WW3CHN.scan
    cd /
    builtin-precompileModule /Users/emanuelflury/Library/Developer/Xcode/DerivedData/TaxedGmbH_IOS-gerngfqzuwudosgobknlgtoawnlj/Build/Intermediates.noindex/ExplicitPrecompiledModules/_Builtin_stdarg-BRY0TY3LZ47CMQE7T57WW3CHN.scan

PrecompileModule /Users/emanuelflury/Library/Developer/Xcode/DerivedData/TaxedGmbH_IOS-gerngfqzuwudosgobknlgtoawnlj/Build/Intermediates.noindex/ExplicitPrecompiledModules/ptrauth-AXXLHTBIR17ZH5PO8VE9Y51FU.scan
    cd /
    builtin-precompileModule /Users/emanuelflury/Library/Developer/Xcode/DerivedData/TaxedGmbH_IOS-gerngfqzuwudosgobknlgtoawnlj/Build/Intermediates.noindex/ExplicitPrecompiledModules/ptrauth-AXXLHTBIR17ZH5PO8VE9Y51FU.scan

PrecompileModule /Users/emanuelflury/Library/Developer/Xcode/DerivedData/TaxedGmbH_IOS-gerngfqzuwudosgobknlgtoawnlj/Build/Intermediates.noindex/ExplicitPrecompiledModules/ptrcheck-2ZSYU98IQ2C9BRNT65RI740YT.scan
    cd /
    builtin-precompileModule /Users/emanuelflury/Library/Developer/Xcode/DerivedData/TaxedGmbH_IOS-gerngfqzuwudosgobknlgtoawnlj/Build/Intermediates.noindex/ExplicitPrecompiledModules/ptrcheck-2ZSYU98IQ2C9BRNT65RI740YT.scan

PrecompileModule /Users/emanuelflury/Library/Developer/Xcode/DerivedData/TaxedGmbH_IOS-gerngfqzuwudosgobknlgtoawnlj/Build/Intermediates.noindex/ExplicitPrecompiledModules/_Builtin_stdbool-AB6OES53CPT78GF6LEMXS2FFN.scan
    cd /
    builtin-precompileModule /Users/emanuelflury/Library/Developer/Xcode/DerivedData/TaxedGmbH_IOS-gerngfqzuwudosgobknlgtoawnlj/Build/Intermediates.noindex/ExplicitPrecompiledModules/_Builtin_stdbool-AB6OES53CPT78GF6LEMXS2FFN.scan

PrecompileModule /Users/emanuelflury/Library/Developer/Xcode/DerivedData/TaxedGmbH_IOS-gerngfqzuwudosgobknlgtoawnlj/Build/Intermediates.noindex/ExplicitPrecompiledModules/_AvailabilityInternal-61DHARY90CJ5Z68VVL0TE9VTJ.scan
    cd /
    builtin-precompileModule /Users/emanuelflury/Library/Developer/Xcode/DerivedData/TaxedGmbH_IOS-gerngfqzuwudosgobknlgtoawnlj/Build/Intermediates.noindex/ExplicitPrecompiledModules/_AvailabilityInternal-61DHARY90CJ5Z68VVL0TE9VTJ.scan

PrecompileModule /Users/emanuelflury/Library/Developer/Xcode/DerivedData/TaxedGmbH_IOS-gerngfqzuwudosgobknlgtoawnlj/Build/Intermediates.noindex/ExplicitPrecompiledModules/_Builtin_float-897KRA19MYJDKVBQLQETBAJBN.scan
    cd /
    builtin-precompileModule /Users/emanuelflury/Library/Developer/Xcode/DerivedData/TaxedGmbH_IOS-gerngfqzuwudosgobknlgtoawnlj/Build/Intermediates.noindex/ExplicitPrecompiledModules/_Builtin_float-897KRA19MYJDKVBQLQETBAJBN.scan

PrecompileModule /Users/emanuelflury/Library/Developer/Xcode/DerivedData/TaxedGmbH_IOS-gerngfqzuwudosgobknlgtoawnlj/Build/Intermediates.noindex/ExplicitPrecompiledModules/_Builtin_stdarg-4RP6J5X9BHMK5JKQQABAO6ALT.scan
    cd /
    builtin-precompileModule /Users/emanuelflury/Library/Developer/Xcode/DerivedData/TaxedGmbH_IOS-gerngfqzuwudosgobknlgtoawnlj/Build/Intermediates.noindex/ExplicitPrecompiledModules/_Builtin_stdarg-4RP6J5X9BHMK5JKQQABAO6ALT.scan

PrecompileModule /Users/emanuelflury/Library/Developer/Xcode/DerivedData/TaxedGmbH_IOS-gerngfqzuwudosgobknlgtoawnlj/Build/Intermediates.noindex/ExplicitPrecompiledModules/_DarwinFoundation1-1AHJLLSKPV65P3X10VCVYNC3D.scan
    cd /
    builtin-precompileModule /Users/emanuelflury/Library/Developer/Xcode/DerivedData/TaxedGmbH_IOS-gerngfqzuwudosgobknlgtoawnlj/Build/Intermediates.noindex/ExplicitPrecompiledModules/_DarwinFoundation1-1AHJLLSKPV65P3X10VCVYNC3D.scan

PrecompileModule /Users/emanuelflury/Library/Developer/Xcode/DerivedData/TaxedGmbH_IOS-gerngfqzuwudosgobknlgtoawnlj/Build/Intermediates.noindex/ExplicitPrecompiledModules/ptrcheck-CHWHMSCLCHCU0V31YBHS84XYM.scan
    cd /
    builtin-precompileModule /Users/emanuelflury/Library/Developer/Xcode/DerivedData/TaxedGmbH_IOS-gerngfqzuwudosgobknlgtoawnlj/Build/Intermediates.noindex/ExplicitPrecompiledModules/ptrcheck-CHWHMSCLCHCU0V31YBHS84XYM.scan

PrecompileModule /Users/emanuelflury/Library/Developer/Xcode/DerivedData/TaxedGmbH_IOS-gerngfqzuwudosgobknlgtoawnlj/Build/Intermediates.noindex/ExplicitPrecompiledModules/_AvailabilityInternal-33G05AVDTM8C3QQPX6QW6KSE0.scan
    cd /
    builtin-precompileModule /Users/emanuelflury/Library/Developer/Xcode/DerivedData/TaxedGmbH_IOS-gerngfqzuwudosgobknlgtoawnlj/Build/Intermediates.noindex/ExplicitPrecompiledModules/_AvailabilityInternal-33G05AVDTM8C3QQPX6QW6KSE0.scan

PrecompileModule /Users/emanuelflury/Library/Developer/Xcode/DerivedData/TaxedGmbH_IOS-gerngfqzuwudosgobknlgtoawnlj/Build/Intermediates.noindex/ExplicitPrecompiledModules/ptrcheck-C07HF79IQ71RCON4S5137KU3U.scan
    cd /
    builtin-precompileModule /Users/emanuelflury/Library/Developer/Xcode/DerivedData/TaxedGmbH_IOS-gerngfqzuwudosgobknlgtoawnlj/Build/Intermediates.noindex/ExplicitPrecompiledModules/ptrcheck-C07HF79IQ71RCON4S5137KU3U.scan

PrecompileModule /Users/emanuelflury/Library/Developer/Xcode/DerivedData/TaxedGmbH_IOS-gerngfqzuwudosgobknlgtoawnlj/Build/Intermediates.noindex/ExplicitPrecompiledModules/_Builtin_stdarg-6YFQKMQ1L1ALPYF61ER34Y8DE.scan
    cd /
    builtin-precompileModule /Users/emanuelflury/Library/Developer/Xcode/DerivedData/TaxedGmbH_IOS-gerngfqzuwudosgobknlgtoawnlj/Build/Intermediates.noindex/ExplicitPrecompiledModules/_Builtin_stdarg-6YFQKMQ1L1ALPYF61ER34Y8DE.scan

PrecompileModule /Users/emanuelflury/Library/Developer/Xcode/DerivedData/TaxedGmbH_IOS-gerngfqzuwudosgobknlgtoawnlj/Build/Intermediates.noindex/ExplicitPrecompiledModules/_Builtin_limits-C4AQQOI607IKG5HBU2OI7ERFQ.scan
    cd /
    builtin-precompileModule /Users/emanuelflury/Library/Developer/Xcode/DerivedData/TaxedGmbH_IOS-gerngfqzuwudosgobknlgtoawnlj/Build/Intermediates.noindex/ExplicitPrecompiledModules/_Builtin_limits-C4AQQOI607IKG5HBU2OI7ERFQ.scan

PrecompileModule /Users/emanuelflury/Library/Developer/Xcode/DerivedData/TaxedGmbH_IOS-gerngfqzuwudosgobknlgtoawnlj/Build/Intermediates.noindex/ExplicitPrecompiledModules/_Builtin_stdbool-8CPNBPH9LDCFIUTCTJPPFPC96.scan
    cd /
    builtin-precompileModule /Users/emanuelflury/Library/Developer/Xcode/DerivedData/TaxedGmbH_IOS-gerngfqzuwudosgobknlgtoawnlj/Build/Intermediates.noindex/ExplicitPrecompiledModules/_Builtin_stdbool-8CPNBPH9LDCFIUTCTJPPFPC96.scan

PrecompileModule /Users/emanuelflury/Library/Developer/Xcode/DerivedData/TaxedGmbH_IOS-gerngfqzuwudosgobknlgtoawnlj/Build/Intermediates.noindex/ExplicitPrecompiledModules/ptrauth-84QKORCET2BHTSQ9SBL05GRAE.scan
    cd /
    builtin-precompileModule /Users/emanuelflury/Library/Developer/Xcode/DerivedData/TaxedGmbH_IOS-gerngfqzuwudosgobknlgtoawnlj/Build/Intermediates.noindex/ExplicitPrecompiledModules/ptrauth-84QKORCET2BHTSQ9SBL05GRAE.scan

PrecompileModule /Users/emanuelflury/Library/Developer/Xcode/DerivedData/TaxedGmbH_IOS-gerngfqzuwudosgobknlgtoawnlj/Build/Intermediates.noindex/ExplicitPrecompiledModules/ptrcheck-B1CLD0NPUP3VO94ACI3AETG2C.scan
    cd /
    builtin-precompileModule /Users/emanuelflury/Library/Developer/Xcode/DerivedData/TaxedGmbH_IOS-gerngfqzuwudosgobknlgtoawnlj/Build/Intermediates.noindex/ExplicitPrecompiledModules/ptrcheck-B1CLD0NPUP3VO94ACI3AETG2C.scan

PrecompileModule /Users/emanuelflury/Library/Developer/Xcode/DerivedData/TaxedGmbH_IOS-gerngfqzuwudosgobknlgtoawnlj/Build/Intermediates.noindex/ExplicitPrecompiledModules/_AvailabilityInternal-10WG73DGTUT8S42PJKAWQ2NQS.scan
    cd /
    builtin-precompileModule /Users/emanuelflury/Library/Developer/Xcode/DerivedData/TaxedGmbH_IOS-gerngfqzuwudosgobknlgtoawnlj/Build/Intermediates.noindex/ExplicitPrecompiledModules/_AvailabilityInternal-10WG73DGTUT8S42PJKAWQ2NQS.scan

PrecompileModule /Users/emanuelflury/Library/Developer/Xcode/DerivedData/TaxedGmbH_IOS-gerngfqzuwudosgobknlgtoawnlj/Build/Intermediates.noindex/ExplicitPrecompiledModules/_Builtin_stdarg-9MFNKJU0ACXHUGR2RUZW22GU0.scan
    cd /
    builtin-precompileModule /Users/emanuelflury/Library/Developer/Xcode/DerivedData/TaxedGmbH_IOS-gerngfqzuwudosgobknlgtoawnlj/Build/Intermediates.noindex/ExplicitPrecompiledModules/_Builtin_stdarg-9MFNKJU0ACXHUGR2RUZW22GU0.scan

PrecompileModule /Users/emanuelflury/Library/Developer/Xcode/DerivedData/TaxedGmbH_IOS-gerngfqzuwudosgobknlgtoawnlj/Build/Intermediates.noindex/ExplicitPrecompiledModules/_Builtin_stddef-2MY0922C9UG05KEHERA0KA4DQ.scan
    cd /
    builtin-precompileModule /Users/emanuelflury/Library/Developer/Xcode/DerivedData/TaxedGmbH_IOS-gerngfqzuwudosgobknlgtoawnlj/Build/Intermediates.noindex/ExplicitPrecompiledModules/_Builtin_stddef-2MY0922C9UG05KEHERA0KA4DQ.scan

PrecompileModule /Users/emanuelflury/Library/Developer/Xcode/DerivedData/TaxedGmbH_IOS-gerngfqzuwudosgobknlgtoawnlj/Build/Intermediates.noindex/ExplicitPrecompiledModules/_DarwinFoundation1-9LDEU4XA9252MTZ87FB3BSYHL.scan
    cd /
    builtin-precompileModule /Users/emanuelflury/Library/Developer/Xcode/DerivedData/TaxedGmbH_IOS-gerngfqzuwudosgobknlgtoawnlj/Build/Intermediates.noindex/ExplicitPrecompiledModules/_DarwinFoundation1-9LDEU4XA9252MTZ87FB3BSYHL.scan

PrecompileModule /Users/emanuelflury/Library/Developer/Xcode/DerivedData/TaxedGmbH_IOS-gerngfqzuwudosgobknlgtoawnlj/Build/Intermediates.noindex/ExplicitPrecompiledModules/_DarwinFoundation1-EJYVD7PLGNPH20XCPMWI1NDQQ.scan
    cd /
    builtin-precompileModule /Users/emanuelflury/Library/Developer/Xcode/DerivedData/TaxedGmbH_IOS-gerngfqzuwudosgobknlgtoawnlj/Build/Intermediates.noindex/ExplicitPrecompiledModules/_DarwinFoundation1-EJYVD7PLGNPH20XCPMWI1NDQQ.scan

PrecompileModule /Users/emanuelflury/Library/Developer/Xcode/DerivedData/TaxedGmbH_IOS-gerngfqzuwudosgobknlgtoawnlj/Build/Intermediates.noindex/ExplicitPrecompiledModules/_Builtin_stddef-8NR6FMQC424IOXS6S202SRAW0.scan
    cd /
    builtin-precompileModule /Users/emanuelflury/Library/Developer/Xcode/DerivedData/TaxedGmbH_IOS-gerngfqzuwudosgobknlgtoawnlj/Build/Intermediates.noindex/ExplicitPrecompiledModules/_Builtin_stddef-8NR6FMQC424IOXS6S202SRAW0.scan

PrecompileModule /Users/emanuelflury/Library/Developer/Xcode/DerivedData/TaxedGmbH_IOS-gerngfqzuwudosgobknlgtoawnlj/Build/Intermediates.noindex/ExplicitPrecompiledModules/_Builtin_stdbool-EBHVCY5IP83YQ52U0YOB0C0BJ.scan
    cd /
    builtin-precompileModule /Users/emanuelflury/Library/Developer/Xcode/DerivedData/TaxedGmbH_IOS-gerngfqzuwudosgobknlgtoawnlj/Build/Intermediates.noindex/ExplicitPrecompiledModules/_Builtin_stdbool-EBHVCY5IP83YQ52U0YOB0C0BJ.scan

PrecompileModule /Users/emanuelflury/Library/Developer/Xcode/DerivedData/TaxedGmbH_IOS-gerngfqzuwudosgobknlgtoawnlj/Build/Intermediates.noindex/ExplicitPrecompiledModules/_AvailabilityInternal-DP9GPR9YN9J4WFQAJ8Z6LBV7S.scan
    cd /
    builtin-precompileModule /Users/emanuelflury/Library/Developer/Xcode/DerivedData/TaxedGmbH_IOS-gerngfqzuwudosgobknlgtoawnlj/Build/Intermediates.noindex/ExplicitPrecompiledModules/_AvailabilityInternal-DP9GPR9YN9J4WFQAJ8Z6LBV7S.scan

PrecompileModule /Users/emanuelflury/Library/Developer/Xcode/DerivedData/TaxedGmbH_IOS-gerngfqzuwudosgobknlgtoawnlj/Build/Intermediates.noindex/ExplicitPrecompiledModules/_DarwinFoundation2-5LTY6LO7GIGBCDRD33TXJYKWK.scan
    cd /
    builtin-precompileModule /Users/emanuelflury/Library/Developer/Xcode/DerivedData/TaxedGmbH_IOS-gerngfqzuwudosgobknlgtoawnlj/Build/Intermediates.noindex/ExplicitPrecompiledModules/_DarwinFoundation2-5LTY6LO7GIGBCDRD33TXJYKWK.scan

PrecompileModule /Users/emanuelflury/Library/Developer/Xcode/DerivedData/TaxedGmbH_IOS-gerngfqzuwudosgobknlgtoawnlj/Build/Intermediates.noindex/ExplicitPrecompiledModules/_Builtin_limits-E1DBWE6ZRD0C9O9OIALWV85HZ.scan
    cd /
    builtin-precompileModule /Users/emanuelflury/Library/Developer/Xcode/DerivedData/TaxedGmbH_IOS-gerngfqzuwudosgobknlgtoawnlj/Build/Intermediates.noindex/ExplicitPrecompiledModules/_Builtin_limits-E1DBWE6ZRD0C9O9OIALWV85HZ.scan

PrecompileModule /Users/emanuelflury/Library/Developer/Xcode/DerivedData/TaxedGmbH_IOS-gerngfqzuwudosgobknlgtoawnlj/Build/Intermediates.noindex/ExplicitPrecompiledModules/_Builtin_stddef-CLPSYY5BMY8EC4OI2RZXIO9U4.scan
    cd /
    builtin-precompileModule /Users/emanuelflury/Library/Developer/Xcode/DerivedData/TaxedGmbH_IOS-gerngfqzuwudosgobknlgtoawnlj/Build/Intermediates.noindex/ExplicitPrecompiledModules/_Builtin_stddef-CLPSYY5BMY8EC4OI2RZXIO9U4.scan

PrecompileModule /Users/emanuelflury/Library/Developer/Xcode/DerivedData/TaxedGmbH_IOS-gerngfqzuwudosgobknlgtoawnlj/Build/Intermediates.noindex/ExplicitPrecompiledModules/_DarwinFoundation1-AEE4S8RMZRMI8HE1M4L5EM7X3.scan
    cd /
    builtin-precompileModule /Users/emanuelflury/Library/Developer/Xcode/DerivedData/TaxedGmbH_IOS-gerngfqzuwudosgobknlgtoawnlj/Build/Intermediates.noindex/ExplicitPrecompiledModules/_DarwinFoundation1-AEE4S8RMZRMI8HE1M4L5EM7X3.scan

PrecompileModule /Users/emanuelflury/Library/Developer/Xcode/DerivedData/TaxedGmbH_IOS-gerngfqzuwudosgobknlgtoawnlj/Build/Intermediates.noindex/ExplicitPrecompiledModules/_Builtin_stddef-SVX4IB8RHR2IRVNATMV2XK08.scan
    cd /
    builtin-precompileModule /Users/emanuelflury/Library/Developer/Xcode/DerivedData/TaxedGmbH_IOS-gerngfqzuwudosgobknlgtoawnlj/Build/Intermediates.noindex/ExplicitPrecompiledModules/_Builtin_stddef-SVX4IB8RHR2IRVNATMV2XK08.scan

PrecompileModule /Users/emanuelflury/Library/Developer/Xcode/DerivedData/TaxedGmbH_IOS-gerngfqzuwudosgobknlgtoawnlj/Build/Intermediates.noindex/ExplicitPrecompiledModules/_Builtin_float-391HD9IBZIXRLT0B1ZBGQKUMG.scan
    cd /
    builtin-precompileModule /Users/emanuelflury/Library/Developer/Xcode/DerivedData/TaxedGmbH_IOS-gerngfqzuwudosgobknlgtoawnlj/Build/Intermediates.noindex/ExplicitPrecompiledModules/_Builtin_float-391HD9IBZIXRLT0B1ZBGQKUMG.scan

PrecompileModule /Users/emanuelflury/Library/Developer/Xcode/DerivedData/TaxedGmbH_IOS-gerngfqzuwudosgobknlgtoawnlj/Build/Intermediates.noindex/ExplicitPrecompiledModules/_DarwinFoundation2-AZYDW4LKVYBHOU0GC3PDV89OS.scan
    cd /
    builtin-precompileModule /Users/emanuelflury/Library/Developer/Xcode/DerivedData/TaxedGmbH_IOS-gerngfqzuwudosgobknlgtoawnlj/Build/Intermediates.noindex/ExplicitPrecompiledModules/_DarwinFoundation2-AZYDW4LKVYBHOU0GC3PDV89OS.scan

PrecompileModule /Users/emanuelflury/Library/Developer/Xcode/DerivedData/TaxedGmbH_IOS-gerngfqzuwudosgobknlgtoawnlj/Build/Intermediates.noindex/ExplicitPrecompiledModules/ptrauth-BZYUT8AS82CA2GAVGUNAZSGDF.scan
    cd /
    builtin-precompileModule /Users/emanuelflury/Library/Developer/Xcode/DerivedData/TaxedGmbH_IOS-gerngfqzuwudosgobknlgtoawnlj/Build/Intermediates.noindex/ExplicitPrecompiledModules/ptrauth-BZYUT8AS82CA2GAVGUNAZSGDF.scan

PrecompileModule /Users/emanuelflury/Library/Developer/Xcode/DerivedData/TaxedGmbH_IOS-gerngfqzuwudosgobknlgtoawnlj/Build/Intermediates.noindex/ExplicitPrecompiledModules/_DarwinFoundation2-E1CXFV4BI4P0LU5MHG348X08Q.scan
    cd /
    builtin-precompileModule /Users/emanuelflury/Library/Developer/Xcode/DerivedData/TaxedGmbH_IOS-gerngfqzuwudosgobknlgtoawnlj/Build/Intermediates.noindex/ExplicitPrecompiledModules/_DarwinFoundation2-E1CXFV4BI4P0LU5MHG348X08Q.scan

PrecompileModule /Users/emanuelflury/Library/Developer/Xcode/DerivedData/TaxedGmbH_IOS-gerngfqzuwudosgobknlgtoawnlj/Build/Intermediates.noindex/ExplicitPrecompiledModules/_DarwinFoundation2-9ZZ1NNK06OEPXSKBHGSYJTECJ.scan
    cd /
    builtin-precompileModule /Users/emanuelflury/Library/Developer/Xcode/DerivedData/TaxedGmbH_IOS-gerngfqzuwudosgobknlgtoawnlj/Build/Intermediates.noindex/ExplicitPrecompiledModules/_DarwinFoundation2-9ZZ1NNK06OEPXSKBHGSYJTECJ.scan

PrecompileModule /Users/emanuelflury/Library/Developer/Xcode/DerivedData/TaxedGmbH_IOS-gerngfqzuwudosgobknlgtoawnlj/Build/Intermediates.noindex/ExplicitPrecompiledModules/_Builtin_limits-7L1XLNLCV3PUKKIKRNEOONVI5.scan
    cd /
    builtin-precompileModule /Users/emanuelflury/Library/Developer/Xcode/DerivedData/TaxedGmbH_IOS-gerngfqzuwudosgobknlgtoawnlj/Build/Intermediates.noindex/ExplicitPrecompiledModules/_Builtin_limits-7L1XLNLCV3PUKKIKRNEOONVI5.scan

PrecompileModule /Users/emanuelflury/Library/Developer/Xcode/DerivedData/TaxedGmbH_IOS-gerngfqzuwudosgobknlgtoawnlj/Build/Intermediates.noindex/ExplicitPrecompiledModules/_Builtin_stdint-5HYSQQQE15S2M82ZHNXTLVQWN.scan
    cd /
    builtin-precompileModule /Users/emanuelflury/Library/Developer/Xcode/DerivedData/TaxedGmbH_IOS-gerngfqzuwudosgobknlgtoawnlj/Build/Intermediates.noindex/ExplicitPrecompiledModules/_Builtin_stdint-5HYSQQQE15S2M82ZHNXTLVQWN.scan

PrecompileModule /Users/emanuelflury/Library/Developer/Xcode/DerivedData/TaxedGmbH_IOS-gerngfqzuwudosgobknlgtoawnlj/Build/Intermediates.noindex/ExplicitPrecompiledModules/_Builtin_float-E5MXY9QUFRP0KFKUDSSS5KS7G.scan
    cd /
    builtin-precompileModule /Users/emanuelflury/Library/Developer/Xcode/DerivedData/TaxedGmbH_IOS-gerngfqzuwudosgobknlgtoawnlj/Build/Intermediates.noindex/ExplicitPrecompiledModules/_Builtin_float-E5MXY9QUFRP0KFKUDSSS5KS7G.scan

PrecompileModule /Users/emanuelflury/Library/Developer/Xcode/DerivedData/TaxedGmbH_IOS-gerngfqzuwudosgobknlgtoawnlj/Build/Intermediates.noindex/ExplicitPrecompiledModules/_DarwinFoundation1-AKFVYCITKO6ZYOCACQRMYS5W4.scan
    cd /
    builtin-precompileModule /Users/emanuelflury/Library/Developer/Xcode/DerivedData/TaxedGmbH_IOS-gerngfqzuwudosgobknlgtoawnlj/Build/Intermediates.noindex/ExplicitPrecompiledModules/_DarwinFoundation1-AKFVYCITKO6ZYOCACQRMYS5W4.scan

PrecompileModule /Users/emanuelflury/Library/Developer/Xcode/DerivedData/TaxedGmbH_IOS-gerngfqzuwudosgobknlgtoawnlj/Build/Intermediates.noindex/ExplicitPrecompiledModules/_DarwinFoundation3-5KZ9E6JUL5PYAYLXXR6NPPASN.scan
    cd /
    builtin-precompileModule /Users/emanuelflury/Library/Developer/Xcode/DerivedData/TaxedGmbH_IOS-gerngfqzuwudosgobknlgtoawnlj/Build/Intermediates.noindex/ExplicitPrecompiledModules/_DarwinFoundation3-5KZ9E6JUL5PYAYLXXR6NPPASN.scan

ScanDependencies /Users/emanuelflury/Library/Developer/Xcode/DerivedData/TaxedGmbH_IOS-gerngfqzuwudosgobknlgtoawnlj/Build/Intermediates.noindex/nanopb.build/Debug-iphoneos/nanopb.build/Objects-normal/arm64/pb_decode.o /Users/emanuelflury/Library/Developer/Xcode/DerivedData/TaxedGmbH_IOS-gerngfqzuwudosgobknlgtoawnlj/SourcePackages/checkouts/nanopb/pb_decode.c normal arm64 c com.apple.compilers.llvm.clang.1_0.compiler (in target 'nanopb' from project 'nanopb')
    cd /Users/emanuelflury/github/TaxedGmbH_IOS/TaxedGmbH_IOS.xcodeproj
    
    Using response file: /Users/emanuelflury/Library/Developer/Xcode/DerivedData/TaxedGmbH_IOS-gerngfqzuwudosgobknlgtoawnlj/Build/Intermediates.noindex/nanopb.build/Debug-iphoneos/nanopb.build/Objects-normal/arm64/7187679823f38a2a940e0043cdf9d637-common-args.resp
    
    builtin-ScanDependencies -o /Users/emanuelflury/Library/Developer/Xcode/DerivedData/TaxedGmbH_IOS-gerngfqzuwudosgobknlgtoawnlj/Build/Intermediates.noindex/nanopb.build/Debug-iphoneos/nanopb.build/Objects-normal/arm64/pb_decode.o.scan -- /Applications/Xcode.app/Contents/Developer/Toolchains/XcodeDefault.xctoolchain/usr/bin/clang -x c -ivfsstatcache /Users/emanuelflury/Library/Developer/Xcode/DerivedData/SDKStatCaches.noindex/iphoneos26.1-23B77-69b33fc7382b27d9b5d46e82a00f8e78.sdkstatcache -fmessage-length\=0 -fdiagnostics-show-note-include-stack -fmacro-backtrace-limit\=0 -fno-color-diagnostics -fmodules-prune-interval\=86400 -fmodules-prune-after\=345600 -fbuild-session-file\=/Users/emanuelflury/Library/Developer/Xcode/DerivedData/ModuleCache.noindex/Session.modulevalidation -fmodules-validate-once-per-build-session -Wnon-modular-include-in-framework-module -Werror\=non-modular-include-in-framework-module -Wno-trigraphs -Wno-missing-field-initializers -Wno-missing-prototypes -Wno-return-type -Wno-missing-braces -Wparentheses -Wswitch -Wno-unused-function -Wno-unused-label -Wno-unused-parameter -Wno-unused-variable -Wunused-value -Wno-empty-body -Wno-uninitialized -Wno-unknown-pragmas -w -Wno-shadow -Wno-four-char-constants -Wno-conversion -Wno-constant-conversion -Wno-int-conversion -Wno-bool-conversion -Wno-enum-conversion -Wno-float-conversion -Wno-non-literal-null-conversion -Wno-objc-literal-conversion -Wshorten-64-to-32 -Wpointer-sign -Wno-newline-eof -Wno-implicit-fallthrough -fstrict-aliasing -Wdeprecated-declarations -Wno-sign-conversion -Wno-infinite-recursion -Wno-comma -Wno-block-capture-autoreleasing -Wno-strict-prototypes -Wno-semicolon-before-method-body -index-store-path /Users/emanuelflury/Library/Developer/Xcode/DerivedData/TaxedGmbH_IOS-gerngfqzuwudosgobknlgtoawnlj/Index.noindex/DataStore @/Users/emanuelflury/Library/Developer/Xcode/DerivedData/TaxedGmbH_IOS-gerngfqzuwudosgobknlgtoawnlj/Build/Intermediates.noindex/nanopb.build/Debug-iphoneos/nanopb.build/Objects-normal/arm64/7187679823f38a2a940e0043cdf9d637-common-args.resp -MMD -MT dependencies -MF /Users/emanuelflury/Library/Developer/Xcode/DerivedData/TaxedGmbH_IOS-gerngfqzuwudosgobknlgtoawnlj/Build/Intermediates.noindex/nanopb.build/Debug-iphoneos/nanopb.build/Objects-normal/arm64/pb_decode.d --serialize-diagnostics /Users/emanuelflury/Library/Developer/Xcode/DerivedData/TaxedGmbH_IOS-gerngfqzuwudosgobknlgtoawnlj/Build/Intermediates.noindex/nanopb.build/Debug-iphoneos/nanopb.build/Objects-normal/arm64/pb_decode.dia -c /Users/emanuelflury/Library/Developer/Xcode/DerivedData/TaxedGmbH_IOS-gerngfqzuwudosgobknlgtoawnlj/SourcePackages/checkouts/nanopb/pb_decode.c -o /Users/emanuelflury/Library/Developer/Xcode/DerivedData/TaxedGmbH_IOS-gerngfqzuwudosgobknlgtoawnlj/Build/Intermediates.noindex/nanopb.build/Debug-iphoneos/nanopb.build/Objects-normal/arm64/pb_decode.o -index-unit-output-path /nanopb.build/Debug-iphoneos/nanopb.build/Objects-normal/arm64/pb_decode.o

ScanDependencies /Users/emanuelflury/Library/Developer/Xcode/DerivedData/TaxedGmbH_IOS-gerngfqzuwudosgobknlgtoawnlj/Build/Intermediates.noindex/nanopb.build/Debug-iphoneos/nanopb.build/Objects-normal/arm64/pb_common.o /Users/emanuelflury/Library/Developer/Xcode/DerivedData/TaxedGmbH_IOS-gerngfqzuwudosgobknlgtoawnlj/SourcePackages/checkouts/nanopb/pb_common.c normal arm64 c com.apple.compilers.llvm.clang.1_0.compiler (in target 'nanopb' from project 'nanopb')
    cd /Users/emanuelflury/github/TaxedGmbH_IOS/TaxedGmbH_IOS.xcodeproj
    
    Using response file: /Users/emanuelflury/Library/Developer/Xcode/DerivedData/TaxedGmbH_IOS-gerngfqzuwudosgobknlgtoawnlj/Build/Intermediates.noindex/nanopb.build/Debug-iphoneos/nanopb.build/Objects-normal/arm64/7187679823f38a2a940e0043cdf9d637-common-args.resp
    
    builtin-ScanDependencies -o /Users/emanuelflury/Library/Developer/Xcode/DerivedData/TaxedGmbH_IOS-gerngfqzuwudosgobknlgtoawnlj/Build/Intermediates.noindex/nanopb.build/Debug-iphoneos/nanopb.build/Objects-normal/arm64/pb_common.o.scan -- /Applications/Xcode.app/Contents/Developer/Toolchains/XcodeDefault.xctoolchain/usr/bin/clang -x c -ivfsstatcache /Users/emanuelflury/Library/Developer/Xcode/DerivedData/SDKStatCaches.noindex/iphoneos26.1-23B77-69b33fc7382b27d9b5d46e82a00f8e78.sdkstatcache -fmessage-length\=0 -fdiagnostics-show-note-include-stack -fmacro-backtrace-limit\=0 -fno-color-diagnostics -fmodules-prune-interval\=86400 -fmodules-prune-after\=345600 -fbuild-session-file\=/Users/emanuelflury/Library/Developer/Xcode/DerivedData/ModuleCache.noindex/Session.modulevalidation -fmodules-validate-once-per-build-session -Wnon-modular-include-in-framework-module -Werror\=non-modular-include-in-framework-module -Wno-trigraphs -Wno-missing-field-initializers -Wno-missing-prototypes -Wno-return-type -Wno-missing-braces -Wparentheses -Wswitch -Wno-unused-function -Wno-unused-label -Wno-unused-parameter -Wno-unused-variable -Wunused-value -Wno-empty-body -Wno-uninitialized -Wno-unknown-pragmas -w -Wno-shadow -Wno-four-char-constants -Wno-conversion -Wno-constant-conversion -Wno-int-conversion -Wno-bool-conversion -Wno-enum-conversion -Wno-float-conversion -Wno-non-literal-null-conversion -Wno-objc-literal-conversion -Wshorten-64-to-32 -Wpointer-sign -Wno-newline-eof -Wno-implicit-fallthrough -fstrict-aliasing -Wdeprecated-declarations -Wno-sign-conversion -Wno-infinite-recursion -Wno-comma -Wno-block-capture-autoreleasing -Wno-strict-prototypes -Wno-semicolon-before-method-body -index-store-path /Users/emanuelflury/Library/Developer/Xcode/DerivedData/TaxedGmbH_IOS-gerngfqzuwudosgobknlgtoawnlj/Index.noindex/DataStore @/Users/emanuelflury/Library/Developer/Xcode/DerivedData/TaxedGmbH_IOS-gerngfqzuwudosgobknlgtoawnlj/Build/Intermediates.noindex/nanopb.build/Debug-iphoneos/nanopb.build/Objects-normal/arm64/7187679823f38a2a940e0043cdf9d637-common-args.resp -MMD -MT dependencies -MF /Users/emanuelflury/Library/Developer/Xcode/DerivedData/TaxedGmbH_IOS-gerngfqzuwudosgobknlgtoawnlj/Build/Intermediates.noindex/nanopb.build/Debug-iphoneos/nanopb.build/Objects-normal/arm64/pb_common.d --serialize-diagnostics /Users/emanuelflury/Library/Developer/Xcode/DerivedData/TaxedGmbH_IOS-gerngfqzuwudosgobknlgtoawnlj/Build/Intermediates.noindex/nanopb.build/Debug-iphoneos/nanopb.build/Objects-normal/arm64/pb_common.dia -c /Users/emanuelflury/Library/Developer/Xcode/DerivedData/TaxedGmbH_IOS-gerngfqzuwudosgobknlgtoawnlj/SourcePackages/checkouts/nanopb/pb_common.c -o /Users/emanuelflury/Library/Developer/Xcode/DerivedData/TaxedGmbH_IOS-gerngfqzuwudosgobknlgtoawnlj/Build/Intermediates.noindex/nanopb.build/Debug-iphoneos/nanopb.build/Objects-normal/arm64/pb_common.o -index-unit-output-path /nanopb.build/Debug-iphoneos/nanopb.build/Objects-normal/arm64/pb_common.o

PrecompileModule /Users/emanuelflury/Library/Developer/Xcode/DerivedData/TaxedGmbH_IOS-gerngfqzuwudosgobknlgtoawnlj/Build/Intermediates.noindex/ExplicitPrecompiledModules/_Builtin_stdint-EZ16J3XITTB483KEK1C7VKJTV.scan
    cd /
    builtin-precompileModule /Users/emanuelflury/Library/Developer/Xcode/DerivedData/TaxedGmbH_IOS-gerngfqzuwudosgobknlgtoawnlj/Build/Intermediates.noindex/ExplicitPrecompiledModules/_Builtin_stdint-EZ16J3XITTB483KEK1C7VKJTV.scan

PrecompileModule /Users/emanuelflury/Library/Developer/Xcode/DerivedData/TaxedGmbH_IOS-gerngfqzuwudosgobknlgtoawnlj/Build/Intermediates.noindex/ExplicitPrecompiledModules/_Builtin_stdint-2UXENNJ82IP10FZGJML7DKHQ3.scan
    cd /
    builtin-precompileModule /Users/emanuelflury/Library/Developer/Xcode/DerivedData/TaxedGmbH_IOS-gerngfqzuwudosgobknlgtoawnlj/Build/Intermediates.noindex/ExplicitPrecompiledModules/_Builtin_stdint-2UXENNJ82IP10FZGJML7DKHQ3.scan

PrecompileModule /Users/emanuelflury/Library/Developer/Xcode/DerivedData/TaxedGmbH_IOS-gerngfqzuwudosgobknlgtoawnlj/Build/Intermediates.noindex/ExplicitPrecompiledModules/_Builtin_stdint-C3046FK1GUC44DCN3XMQVF3H0.scan
    cd /
    builtin-precompileModule /Users/emanuelflury/Library/Developer/Xcode/DerivedData/TaxedGmbH_IOS-gerngfqzuwudosgobknlgtoawnlj/Build/Intermediates.noindex/ExplicitPrecompiledModules/_Builtin_stdint-C3046FK1GUC44DCN3XMQVF3H0.scan

ScanDependencies /Users/emanuelflury/Library/Developer/Xcode/DerivedData/TaxedGmbH_IOS-gerngfqzuwudosgobknlgtoawnlj/Build/Intermediates.noindex/leveldb.build/Debug-iphoneos/leveldb.build/Objects-normal/arm64/resource_bundle_accessor.o /Users/emanuelflury/Library/Developer/Xcode/DerivedData/TaxedGmbH_IOS-gerngfqzuwudosgobknlgtoawnlj/Build/Intermediates.noindex/leveldb.build/Debug-iphoneos/leveldb.build/DerivedSources/resource_bundle_accessor.m normal arm64 objective-c com.apple.compilers.llvm.clang.1_0.compiler (in target 'leveldb' from project 'leveldb')
    cd /Users/emanuelflury/github/TaxedGmbH_IOS/TaxedGmbH_IOS.xcodeproj
    
    Using response file: /Users/emanuelflury/Library/Developer/Xcode/DerivedData/TaxedGmbH_IOS-gerngfqzuwudosgobknlgtoawnlj/Build/Intermediates.noindex/leveldb.build/Debug-iphoneos/leveldb.build/Objects-normal/arm64/e6072d4f65d7061329687fe24e3d63a7-common-args.resp
    
    builtin-ScanDependencies -o /Users/emanuelflury/Library/Developer/Xcode/DerivedData/TaxedGmbH_IOS-gerngfqzuwudosgobknlgtoawnlj/Build/Intermediates.noindex/leveldb.build/Debug-iphoneos/leveldb.build/Objects-normal/arm64/resource_bundle_accessor.o.scan -- /Applications/Xcode.app/Contents/Developer/Toolchains/XcodeDefault.xctoolchain/usr/bin/clang -x objective-c -ivfsstatcache /Users/emanuelflury/Library/Developer/Xcode/DerivedData/SDKStatCaches.noindex/iphoneos26.1-23B77-69b33fc7382b27d9b5d46e82a00f8e78.sdkstatcache -fmessage-length\=0 -fdiagnostics-show-note-include-stack -fmacro-backtrace-limit\=0 -fno-color-diagnostics -fmodules-prune-interval\=86400 -fmodules-prune-after\=345600 -fbuild-session-file\=/Users/emanuelflury/Library/Developer/Xcode/DerivedData/ModuleCache.noindex/Session.modulevalidation -fmodules-validate-once-per-build-session -Wnon-modular-include-in-framework-module -Werror\=non-modular-include-in-framework-module -Wno-trigraphs -Wno-missing-field-initializers -Wno-missing-prototypes -Wno-return-type -Wno-implicit-atomic-properties -Wno-objc-interface-ivars -Wno-arc-repeated-use-of-weak -Wno-missing-braces -Wparentheses -Wswitch -Wno-unused-function -Wno-unused-label -Wno-unused-parameter -Wno-unused-variable -Wunused-value -Wno-empty-body -Wno-uninitialized -Wno-unknown-pragmas -w -Wno-shadow -Wno-four-char-constants -Wno-conversion -Wno-constant-conversion -Wno-int-conversion -Wno-bool-conversion -Wno-enum-conversion -Wno-float-conversion -Wno-non-literal-null-conversion -Wno-objc-literal-conversion -Wshorten-64-to-32 -Wpointer-sign -Wno-newline-eof -Wno-selector -Wno-strict-selector-match -Wno-undeclared-selector -Wno-deprecated-implementations -Wno-implicit-fallthrough -fstrict-aliasing -Wprotocol -Wdeprecated-declarations -Wno-sign-conversion -Wno-infinite-recursion -Wno-comma -Wno-block-capture-autoreleasing -Wno-strict-prototypes -Wno-semicolon-before-method-body -index-store-path /Users/emanuelflury/Library/Developer/Xcode/DerivedData/TaxedGmbH_IOS-gerngfqzuwudosgobknlgtoawnlj/Index.noindex/DataStore @/Users/emanuelflury/Library/Developer/Xcode/DerivedData/TaxedGmbH_IOS-gerngfqzuwudosgobknlgtoawnlj/Build/Intermediates.noindex/leveldb.build/Debug-iphoneos/leveldb.build/Objects-normal/arm64/e6072d4f65d7061329687fe24e3d63a7-common-args.resp -include /Users/emanuelflury/Library/Developer/Xcode/DerivedData/TaxedGmbH_IOS-gerngfqzuwudosgobknlgtoawnlj/Build/Intermediates.noindex/leveldb.build/Debug-iphoneos/leveldb.build/DerivedSources/resource_bundle_accessor.h -MMD -MT dependencies -MF /Users/emanuelflury/Library/Developer/Xcode/DerivedData/TaxedGmbH_IOS-gerngfqzuwudosgobknlgtoawnlj/Build/Intermediates.noindex/leveldb.build/Debug-iphoneos/leveldb.build/Objects-normal/arm64/resource_bundle_accessor.d --serialize-diagnostics /Users/emanuelflury/Library/Developer/Xcode/DerivedData/TaxedGmbH_IOS-gerngfqzuwudosgobknlgtoawnlj/Build/Intermediates.noindex/leveldb.build/Debug-iphoneos/leveldb.build/Objects-normal/arm64/resource_bundle_accessor.dia -c /Users/emanuelflury/Library/Developer/Xcode/DerivedData/TaxedGmbH_IOS-gerngfqzuwudosgobknlgtoawnlj/Build/Intermediates.noindex/leveldb.build/Debug-iphoneos/leveldb.build/DerivedSources/resource_bundle_accessor.m -o /Users/emanuelflury/Library/Developer/Xcode/DerivedData/TaxedGmbH_IOS-gerngfqzuwudosgobknlgtoawnlj/Build/Intermediates.noindex/leveldb.build/Debug-iphoneos/leveldb.build/Objects-normal/arm64/resource_bundle_accessor.o -index-unit-output-path /leveldb.build/Debug-iphoneos/leveldb.build/Objects-normal/arm64/resource_bundle_accessor.o

PrecompileModule /Users/emanuelflury/Library/Developer/Xcode/DerivedData/TaxedGmbH_IOS-gerngfqzuwudosgobknlgtoawnlj/Build/Intermediates.noindex/ExplicitPrecompiledModules/_DarwinFoundation2-8PXFSD5SP7R80W13TO5DQAFV7.scan
    cd /
    builtin-precompileModule /Users/emanuelflury/Library/Developer/Xcode/DerivedData/TaxedGmbH_IOS-gerngfqzuwudosgobknlgtoawnlj/Build/Intermediates.noindex/ExplicitPrecompiledModules/_DarwinFoundation2-8PXFSD5SP7R80W13TO5DQAFV7.scan

PrecompileModule /Users/emanuelflury/Library/Developer/Xcode/DerivedData/TaxedGmbH_IOS-gerngfqzuwudosgobknlgtoawnlj/Build/Intermediates.noindex/ExplicitPrecompiledModules/_DarwinFoundation3-BQOEQOXECGJB9DFTTU6FPTA5A.scan
    cd /
    builtin-precompileModule /Users/emanuelflury/Library/Developer/Xcode/DerivedData/TaxedGmbH_IOS-gerngfqzuwudosgobknlgtoawnlj/Build/Intermediates.noindex/ExplicitPrecompiledModules/_DarwinFoundation3-BQOEQOXECGJB9DFTTU6FPTA5A.scan

PrecompileModule /Users/emanuelflury/Library/Developer/Xcode/DerivedData/TaxedGmbH_IOS-gerngfqzuwudosgobknlgtoawnlj/Build/Intermediates.noindex/ExplicitPrecompiledModules/_Builtin_limits-28Z8LDV8QEZLNGNK6LYPPF7R5.scan
    cd /
    builtin-precompileModule /Users/emanuelflury/Library/Developer/Xcode/DerivedData/TaxedGmbH_IOS-gerngfqzuwudosgobknlgtoawnlj/Build/Intermediates.noindex/ExplicitPrecompiledModules/_Builtin_limits-28Z8LDV8QEZLNGNK6LYPPF7R5.scan

PrecompileModule /Users/emanuelflury/Library/Developer/Xcode/DerivedData/TaxedGmbH_IOS-gerngfqzuwudosgobknlgtoawnlj/Build/Intermediates.noindex/ExplicitPrecompiledModules/_DarwinFoundation3-CD3E5EVB2U7QAY0KHMB2FEO8A.scan
    cd /
    builtin-precompileModule /Users/emanuelflury/Library/Developer/Xcode/DerivedData/TaxedGmbH_IOS-gerngfqzuwudosgobknlgtoawnlj/Build/Intermediates.noindex/ExplicitPrecompiledModules/_DarwinFoundation3-CD3E5EVB2U7QAY0KHMB2FEO8A.scan

PrecompileModule /Users/emanuelflury/Library/Developer/Xcode/DerivedData/TaxedGmbH_IOS-gerngfqzuwudosgobknlgtoawnlj/Build/Intermediates.noindex/ExplicitPrecompiledModules/_Builtin_inttypes-F4G5TBDP603UJKJTZBE2M9VUU.scan
    cd /
    builtin-precompileModule /Users/emanuelflury/Library/Developer/Xcode/DerivedData/TaxedGmbH_IOS-gerngfqzuwudosgobknlgtoawnlj/Build/Intermediates.noindex/ExplicitPrecompiledModules/_Builtin_inttypes-F4G5TBDP603UJKJTZBE2M9VUU.scan

PrecompileModule /Users/emanuelflury/Library/Developer/Xcode/DerivedData/TaxedGmbH_IOS-gerngfqzuwudosgobknlgtoawnlj/Build/Intermediates.noindex/ExplicitPrecompiledModules/_DarwinFoundation3-5ON1LXZZEO9K2YNIATPX6A55Y.scan
    cd /
    builtin-precompileModule /Users/emanuelflury/Library/Developer/Xcode/DerivedData/TaxedGmbH_IOS-gerngfqzuwudosgobknlgtoawnlj/Build/Intermediates.noindex/ExplicitPrecompiledModules/_DarwinFoundation3-5ON1LXZZEO9K2YNIATPX6A55Y.scan

PrecompileModule /Users/emanuelflury/Library/Developer/Xcode/DerivedData/TaxedGmbH_IOS-gerngfqzuwudosgobknlgtoawnlj/Build/Intermediates.noindex/ExplicitPrecompiledModules/_Builtin_stddef-6QIFQOPGLNYZXIG1L6W4C6KQ.scan
    cd /
    builtin-precompileModule /Users/emanuelflury/Library/Developer/Xcode/DerivedData/TaxedGmbH_IOS-gerngfqzuwudosgobknlgtoawnlj/Build/Intermediates.noindex/ExplicitPrecompiledModules/_Builtin_stddef-6QIFQOPGLNYZXIG1L6W4C6KQ.scan

PrecompileModule /Users/emanuelflury/Library/Developer/Xcode/DerivedData/TaxedGmbH_IOS-gerngfqzuwudosgobknlgtoawnlj/Build/Intermediates.noindex/ExplicitPrecompiledModules/Darwin-2TZA1FWPKX0J3RKIKEKQUYM64.scan
    cd /
    builtin-precompileModule /Users/emanuelflury/Library/Developer/Xcode/DerivedData/TaxedGmbH_IOS-gerngfqzuwudosgobknlgtoawnlj/Build/Intermediates.noindex/ExplicitPrecompiledModules/Darwin-2TZA1FWPKX0J3RKIKEKQUYM64.scan

PrecompileModule /Users/emanuelflury/Library/Developer/Xcode/DerivedData/TaxedGmbH_IOS-gerngfqzuwudosgobknlgtoawnlj/Build/Intermediates.noindex/ExplicitPrecompiledModules/ptrcheck-47WY76AAKRYF25C6SPOF7A6OR.scan
    cd /
    builtin-precompileModule /Users/emanuelflury/Library/Developer/Xcode/DerivedData/TaxedGmbH_IOS-gerngfqzuwudosgobknlgtoawnlj/Build/Intermediates.noindex/ExplicitPrecompiledModules/ptrcheck-47WY76AAKRYF25C6SPOF7A6OR.scan

PrecompileModule /Users/emanuelflury/Library/Developer/Xcode/DerivedData/TaxedGmbH_IOS-gerngfqzuwudosgobknlgtoawnlj/Build/Intermediates.noindex/ExplicitPrecompiledModules/_AvailabilityInternal-226ECL1HUROOFNI2QGZIY6EHX.scan
    cd /
    builtin-precompileModule /Users/emanuelflury/Library/Developer/Xcode/DerivedData/TaxedGmbH_IOS-gerngfqzuwudosgobknlgtoawnlj/Build/Intermediates.noindex/ExplicitPrecompiledModules/_AvailabilityInternal-226ECL1HUROOFNI2QGZIY6EHX.scan

PrecompileModule /Users/emanuelflury/Library/Developer/Xcode/DerivedData/TaxedGmbH_IOS-gerngfqzuwudosgobknlgtoawnlj/Build/Intermediates.noindex/ExplicitPrecompiledModules/_Builtin_stdint-4APN9PNDJ6KDNKEGBDKJIVZXT.scan
    cd /
    builtin-precompileModule /Users/emanuelflury/Library/Developer/Xcode/DerivedData/TaxedGmbH_IOS-gerngfqzuwudosgobknlgtoawnlj/Build/Intermediates.noindex/ExplicitPrecompiledModules/_Builtin_stdint-4APN9PNDJ6KDNKEGBDKJIVZXT.scan

PrecompileModule /Users/emanuelflury/Library/Developer/Xcode/DerivedData/TaxedGmbH_IOS-gerngfqzuwudosgobknlgtoawnlj/Build/Intermediates.noindex/ExplicitPrecompiledModules/_Builtin_inttypes-BVMGUSS8L920PW9BIQ074BT56.scan
    cd /
    builtin-precompileModule /Users/emanuelflury/Library/Developer/Xcode/DerivedData/TaxedGmbH_IOS-gerngfqzuwudosgobknlgtoawnlj/Build/Intermediates.noindex/ExplicitPrecompiledModules/_Builtin_inttypes-BVMGUSS8L920PW9BIQ074BT56.scan

PrecompileModule /Users/emanuelflury/Library/Developer/Xcode/DerivedData/TaxedGmbH_IOS-gerngfqzuwudosgobknlgtoawnlj/Build/Intermediates.noindex/ExplicitPrecompiledModules/_Builtin_inttypes-637LZP92CRX5AL7ZNZ14RTWU6.scan
    cd /
    builtin-precompileModule /Users/emanuelflury/Library/Developer/Xcode/DerivedData/TaxedGmbH_IOS-gerngfqzuwudosgobknlgtoawnlj/Build/Intermediates.noindex/ExplicitPrecompiledModules/_Builtin_inttypes-637LZP92CRX5AL7ZNZ14RTWU6.scan

PrecompileModule /Users/emanuelflury/Library/Developer/Xcode/DerivedData/TaxedGmbH_IOS-gerngfqzuwudosgobknlgtoawnlj/Build/Intermediates.noindex/ExplicitPrecompiledModules/_Builtin_stdbool-29GGTC3GL22SR5NMZ1P5M4VMH.scan
    cd /
    builtin-precompileModule /Users/emanuelflury/Library/Developer/Xcode/DerivedData/TaxedGmbH_IOS-gerngfqzuwudosgobknlgtoawnlj/Build/Intermediates.noindex/ExplicitPrecompiledModules/_Builtin_stdbool-29GGTC3GL22SR5NMZ1P5M4VMH.scan

CompileC /Users/emanuelflury/Library/Developer/Xcode/DerivedData/TaxedGmbH_IOS-gerngfqzuwudosgobknlgtoawnlj/Build/Intermediates.noindex/nanopb.build/Debug-iphoneos/nanopb.build/Objects-normal/arm64/pb_encode.o /Users/emanuelflury/Library/Developer/Xcode/DerivedData/TaxedGmbH_IOS-gerngfqzuwudosgobknlgtoawnlj/SourcePackages/checkouts/nanopb/pb_encode.c normal arm64 c com.apple.compilers.llvm.clang.1_0.compiler (in target 'nanopb' from project 'nanopb')
    cd /Users/emanuelflury/github/TaxedGmbH_IOS/TaxedGmbH_IOS.xcodeproj
    
    Using response file: /Users/emanuelflury/Library/Developer/Xcode/DerivedData/TaxedGmbH_IOS-gerngfqzuwudosgobknlgtoawnlj/Build/Intermediates.noindex/nanopb.build/Debug-iphoneos/nanopb.build/Objects-normal/arm64/7187679823f38a2a940e0043cdf9d637-common-args.resp
    
    /Applications/Xcode.app/Contents/Developer/Toolchains/XcodeDefault.xctoolchain/usr/bin/clang -x c -ivfsstatcache /Users/emanuelflury/Library/Developer/Xcode/DerivedData/SDKStatCaches.noindex/iphoneos26.1-23B77-69b33fc7382b27d9b5d46e82a00f8e78.sdkstatcache -fmessage-length\=0 -fdiagnostics-show-note-include-stack -fmacro-backtrace-limit\=0 -fno-color-diagnostics -fmodules-prune-interval\=86400 -fmodules-prune-after\=345600 -fbuild-session-file\=/Users/emanuelflury/Library/Developer/Xcode/DerivedData/ModuleCache.noindex/Session.modulevalidation -fmodules-validate-once-per-build-session -Wnon-modular-include-in-framework-module -Werror\=non-modular-include-in-framework-module -Wno-trigraphs -Wno-missing-field-initializers -Wno-missing-prototypes -Wno-return-type -Wno-missing-braces -Wparentheses -Wswitch -Wno-unused-function -Wno-unused-label -Wno-unused-parameter -Wno-unused-variable -Wunused-value -Wno-empty-body -Wno-uninitialized -Wno-unknown-pragmas -w -Wno-shadow -Wno-four-char-constants -Wno-conversion -Wno-constant-conversion -Wno-int-conversion -Wno-bool-conversion -Wno-enum-conversion -Wno-float-conversion -Wno-non-literal-null-conversion -Wno-objc-literal-conversion -Wshorten-64-to-32 -Wpointer-sign -Wno-newline-eof -Wno-implicit-fallthrough -fstrict-aliasing -Wdeprecated-declarations -Wno-sign-conversion -Wno-infinite-recursion -Wno-comma -Wno-block-capture-autoreleasing -Wno-strict-prototypes -Wno-semicolon-before-method-body -index-store-path /Users/emanuelflury/Library/Developer/Xcode/DerivedData/TaxedGmbH_IOS-gerngfqzuwudosgobknlgtoawnlj/Index.noindex/DataStore @/Users/emanuelflury/Library/Developer/Xcode/DerivedData/TaxedGmbH_IOS-gerngfqzuwudosgobknlgtoawnlj/Build/Intermediates.noindex/nanopb.build/Debug-iphoneos/nanopb.build/Objects-normal/arm64/7187679823f38a2a940e0043cdf9d637-common-args.resp -MMD -MT dependencies -MF /Users/emanuelflury/Library/Developer/Xcode/DerivedData/TaxedGmbH_IOS-gerngfqzuwudosgobknlgtoawnlj/Build/Intermediates.noindex/nanopb.build/Debug-iphoneos/nanopb.build/Objects-normal/arm64/pb_encode.d --serialize-diagnostics /Users/emanuelflury/Library/Developer/Xcode/DerivedData/TaxedGmbH_IOS-gerngfqzuwudosgobknlgtoawnlj/Build/Intermediates.noindex/nanopb.build/Debug-iphoneos/nanopb.build/Objects-normal/arm64/pb_encode.dia -c /Users/emanuelflury/Library/Developer/Xcode/DerivedData/TaxedGmbH_IOS-gerngfqzuwudosgobknlgtoawnlj/SourcePackages/checkouts/nanopb/pb_encode.c -o /Users/emanuelflury/Library/Developer/Xcode/DerivedData/TaxedGmbH_IOS-gerngfqzuwudosgobknlgtoawnlj/Build/Intermediates.noindex/nanopb.build/Debug-iphoneos/nanopb.build/Objects-normal/arm64/pb_encode.o -index-unit-output-path /nanopb.build/Debug-iphoneos/nanopb.build/Objects-normal/arm64/pb_encode.o

CompileC /Users/emanuelflury/Library/Developer/Xcode/DerivedData/TaxedGmbH_IOS-gerngfqzuwudosgobknlgtoawnlj/Build/Intermediates.noindex/nanopb.build/Debug-iphoneos/nanopb.build/Objects-normal/arm64/pb_decode.o /Users/emanuelflury/Library/Developer/Xcode/DerivedData/TaxedGmbH_IOS-gerngfqzuwudosgobknlgtoawnlj/SourcePackages/checkouts/nanopb/pb_decode.c normal arm64 c com.apple.compilers.llvm.clang.1_0.compiler (in target 'nanopb' from project 'nanopb')
    cd /Users/emanuelflury/github/TaxedGmbH_IOS/TaxedGmbH_IOS.xcodeproj
    
    Using response file: /Users/emanuelflury/Library/Developer/Xcode/DerivedData/TaxedGmbH_IOS-gerngfqzuwudosgobknlgtoawnlj/Build/Intermediates.noindex/nanopb.build/Debug-iphoneos/nanopb.build/Objects-normal/arm64/7187679823f38a2a940e0043cdf9d637-common-args.resp
    
    /Applications/Xcode.app/Contents/Developer/Toolchains/XcodeDefault.xctoolchain/usr/bin/clang -x c -ivfsstatcache /Users/emanuelflury/Library/Developer/Xcode/DerivedData/SDKStatCaches.noindex/iphoneos26.1-23B77-69b33fc7382b27d9b5d46e82a00f8e78.sdkstatcache -fmessage-length\=0 -fdiagnostics-show-note-include-stack -fmacro-backtrace-limit\=0 -fno-color-diagnostics -fmodules-prune-interval\=86400 -fmodules-prune-after\=345600 -fbuild-session-file\=/Users/emanuelflury/Library/Developer/Xcode/DerivedData/ModuleCache.noindex/Session.modulevalidation -fmodules-validate-once-per-build-session -Wnon-modular-include-in-framework-module -Werror\=non-modular-include-in-framework-module -Wno-trigraphs -Wno-missing-field-initializers -Wno-missing-prototypes -Wno-return-type -Wno-missing-braces -Wparentheses -Wswitch -Wno-unused-function -Wno-unused-label -Wno-unused-parameter -Wno-unused-variable -Wunused-value -Wno-empty-body -Wno-uninitialized -Wno-unknown-pragmas -w -Wno-shadow -Wno-four-char-constants -Wno-conversion -Wno-constant-conversion -Wno-int-conversion -Wno-bool-conversion -Wno-enum-conversion -Wno-float-conversion -Wno-non-literal-null-conversion -Wno-objc-literal-conversion -Wshorten-64-to-32 -Wpointer-sign -Wno-newline-eof -Wno-implicit-fallthrough -fstrict-aliasing -Wdeprecated-declarations -Wno-sign-conversion -Wno-infinite-recursion -Wno-comma -Wno-block-capture-autoreleasing -Wno-strict-prototypes -Wno-semicolon-before-method-body -index-store-path /Users/emanuelflury/Library/Developer/Xcode/DerivedData/TaxedGmbH_IOS-gerngfqzuwudosgobknlgtoawnlj/Index.noindex/DataStore @/Users/emanuelflury/Library/Developer/Xcode/DerivedData/TaxedGmbH_IOS-gerngfqzuwudosgobknlgtoawnlj/Build/Intermediates.noindex/nanopb.build/Debug-iphoneos/nanopb.build/Objects-normal/arm64/7187679823f38a2a940e0043cdf9d637-common-args.resp -MMD -MT dependencies -MF /Users/emanuelflury/Library/Developer/Xcode/DerivedData/TaxedGmbH_IOS-gerngfqzuwudosgobknlgtoawnlj/Build/Intermediates.noindex/nanopb.build/Debug-iphoneos/nanopb.build/Objects-normal/arm64/pb_decode.d --serialize-diagnostics /Users/emanuelflury/Library/Developer/Xcode/DerivedData/TaxedGmbH_IOS-gerngfqzuwudosgobknlgtoawnlj/Build/Intermediates.noindex/nanopb.build/Debug-iphoneos/nanopb.build/Objects-normal/arm64/pb_decode.dia -c /Users/emanuelflury/Library/Developer/Xcode/DerivedData/TaxedGmbH_IOS-gerngfqzuwudosgobknlgtoawnlj/SourcePackages/checkouts/nanopb/pb_decode.c -o /Users/emanuelflury/Library/Developer/Xcode/DerivedData/TaxedGmbH_IOS-gerngfqzuwudosgobknlgtoawnlj/Build/Intermediates.noindex/nanopb.build/Debug-iphoneos/nanopb.build/Objects-normal/arm64/pb_decode.o -index-unit-output-path /nanopb.build/Debug-iphoneos/nanopb.build/Objects-normal/arm64/pb_decode.o

CompileC /Users/emanuelflury/Library/Developer/Xcode/DerivedData/TaxedGmbH_IOS-gerngfqzuwudosgobknlgtoawnlj/Build/Intermediates.noindex/nanopb.build/Debug-iphoneos/nanopb.build/Objects-normal/arm64/pb_common.o /Users/emanuelflury/Library/Developer/Xcode/DerivedData/TaxedGmbH_IOS-gerngfqzuwudosgobknlgtoawnlj/SourcePackages/checkouts/nanopb/pb_common.c normal arm64 c com.apple.compilers.llvm.clang.1_0.compiler (in target 'nanopb' from project 'nanopb')
    cd /Users/emanuelflury/github/TaxedGmbH_IOS/TaxedGmbH_IOS.xcodeproj
    
    Using response file: /Users/emanuelflury/Library/Developer/Xcode/DerivedData/TaxedGmbH_IOS-gerngfqzuwudosgobknlgtoawnlj/Build/Intermediates.noindex/nanopb.build/Debug-iphoneos/nanopb.build/Objects-normal/arm64/7187679823f38a2a940e0043cdf9d637-common-args.resp
    
    /Applications/Xcode.app/Contents/Developer/Toolchains/XcodeDefault.xctoolchain/usr/bin/clang -x c -ivfsstatcache /Users/emanuelflury/Library/Developer/Xcode/DerivedData/SDKStatCaches.noindex/iphoneos26.1-23B77-69b33fc7382b27d9b5d46e82a00f8e78.sdkstatcache -fmessage-length\=0 -fdiagnostics-show-note-include-stack -fmacro-backtrace-limit\=0 -fno-color-diagnostics -fmodules-prune-interval\=86400 -fmodules-prune-after\=345600 -fbuild-session-file\=/Users/emanuelflury/Library/Developer/Xcode/DerivedData/ModuleCache.noindex/Session.modulevalidation -fmodules-validate-once-per-build-session -Wnon-modular-include-in-framework-module -Werror\=non-modular-include-in-framework-module -Wno-trigraphs -Wno-missing-field-initializers -Wno-missing-prototypes -Wno-return-type -Wno-missing-braces -Wparentheses -Wswitch -Wno-unused-function -Wno-unused-label -Wno-unused-parameter -Wno-unused-variable -Wunused-value -Wno-empty-body -Wno-uninitialized -Wno-unknown-pragmas -w -Wno-shadow -Wno-four-char-constants -Wno-conversion -Wno-constant-conversion -Wno-int-conversion -Wno-bool-conversion -Wno-enum-conversion -Wno-float-conversion -Wno-non-literal-null-conversion -Wno-objc-literal-conversion -Wshorten-64-to-32 -Wpointer-sign -Wno-newline-eof -Wno-implicit-fallthrough -fstrict-aliasing -Wdeprecated-declarations -Wno-sign-conversion -Wno-infinite-recursion -Wno-comma -Wno-block-capture-autoreleasing -Wno-strict-prototypes -Wno-semicolon-before-method-body -index-store-path /Users/emanuelflury/Library/Developer/Xcode/DerivedData/TaxedGmbH_IOS-gerngfqzuwudosgobknlgtoawnlj/Index.noindex/DataStore @/Users/emanuelflury/Library/Developer/Xcode/DerivedData/TaxedGmbH_IOS-gerngfqzuwudosgobknlgtoawnlj/Build/Intermediates.noindex/nanopb.build/Debug-iphoneos/nanopb.build/Objects-normal/arm64/7187679823f38a2a940e0043cdf9d637-common-args.resp -MMD -MT dependencies -MF /Users/emanuelflury/Library/Developer/Xcode/DerivedData/TaxedGmbH_IOS-gerngfqzuwudosgobknlgtoawnlj/Build/Intermediates.noindex/nanopb.build/Debug-iphoneos/nanopb.build/Objects-normal/arm64/pb_common.d --serialize-diagnostics /Users/emanuelflury/Library/Developer/Xcode/DerivedData/TaxedGmbH_IOS-gerngfqzuwudosgobknlgtoawnlj/Build/Intermediates.noindex/nanopb.build/Debug-iphoneos/nanopb.build/Objects-normal/arm64/pb_common.dia -c /Users/emanuelflury/Library/Developer/Xcode/DerivedData/TaxedGmbH_IOS-gerngfqzuwudosgobknlgtoawnlj/SourcePackages/checkouts/nanopb/pb_common.c -o /Users/emanuelflury/Library/Developer/Xcode/DerivedData/TaxedGmbH_IOS-gerngfqzuwudosgobknlgtoawnlj/Build/Intermediates.noindex/nanopb.build/Debug-iphoneos/nanopb.build/Objects-normal/arm64/pb_common.o -index-unit-output-path /nanopb.build/Debug-iphoneos/nanopb.build/Objects-normal/arm64/pb_common.o

PrecompileModule /Users/emanuelflury/Library/Developer/Xcode/DerivedData/TaxedGmbH_IOS-gerngfqzuwudosgobknlgtoawnlj/Build/Intermediates.noindex/ExplicitPrecompiledModules/Darwin-CQ68ZYLF1T5J2RUDKW5L2U9OV.scan
    cd /
    builtin-precompileModule /Users/emanuelflury/Library/Developer/Xcode/DerivedData/TaxedGmbH_IOS-gerngfqzuwudosgobknlgtoawnlj/Build/Intermediates.noindex/ExplicitPrecompiledModules/Darwin-CQ68ZYLF1T5J2RUDKW5L2U9OV.scan

PrecompileModule /Users/emanuelflury/Library/Developer/Xcode/DerivedData/TaxedGmbH_IOS-gerngfqzuwudosgobknlgtoawnlj/Build/Intermediates.noindex/ExplicitPrecompiledModules/_DarwinFoundation3-2SQM52W3U75I3MNSULZ3GJZWJ.scan
    cd /
    builtin-precompileModule /Users/emanuelflury/Library/Developer/Xcode/DerivedData/TaxedGmbH_IOS-gerngfqzuwudosgobknlgtoawnlj/Build/Intermediates.noindex/ExplicitPrecompiledModules/_DarwinFoundation3-2SQM52W3U75I3MNSULZ3GJZWJ.scan

PrecompileModule /Users/emanuelflury/Library/Developer/Xcode/DerivedData/TaxedGmbH_IOS-gerngfqzuwudosgobknlgtoawnlj/Build/Intermediates.noindex/ExplicitPrecompiledModules/Darwin-D5SOYVBI48YT0BGFAOKIWRHRC.scan
    cd /
    builtin-precompileModule /Users/emanuelflury/Library/Developer/Xcode/DerivedData/TaxedGmbH_IOS-gerngfqzuwudosgobknlgtoawnlj/Build/Intermediates.noindex/ExplicitPrecompiledModules/Darwin-D5SOYVBI48YT0BGFAOKIWRHRC.scan

PrecompileModule /Users/emanuelflury/Library/Developer/Xcode/DerivedData/TaxedGmbH_IOS-gerngfqzuwudosgobknlgtoawnlj/Build/Intermediates.noindex/ExplicitPrecompiledModules/_Builtin_stdarg-2LVMQCLU1HNQ0T3I55784B71A.scan
    cd /
    builtin-precompileModule /Users/emanuelflury/Library/Developer/Xcode/DerivedData/TaxedGmbH_IOS-gerngfqzuwudosgobknlgtoawnlj/Build/Intermediates.noindex/ExplicitPrecompiledModules/_Builtin_stdarg-2LVMQCLU1HNQ0T3I55784B71A.scan

PrecompileModule /Users/emanuelflury/Library/Developer/Xcode/DerivedData/TaxedGmbH_IOS-gerngfqzuwudosgobknlgtoawnlj/Build/Intermediates.noindex/ExplicitPrecompiledModules/ptrauth-EB4X8ZWC889GD84L510GND1WM.scan
    cd /
    builtin-precompileModule /Users/emanuelflury/Library/Developer/Xcode/DerivedData/TaxedGmbH_IOS-gerngfqzuwudosgobknlgtoawnlj/Build/Intermediates.noindex/ExplicitPrecompiledModules/ptrauth-EB4X8ZWC889GD84L510GND1WM.scan

PrecompileModule /Users/emanuelflury/Library/Developer/Xcode/DerivedData/TaxedGmbH_IOS-gerngfqzuwudosgobknlgtoawnlj/Build/Intermediates.noindex/ExplicitPrecompiledModules/_Builtin_float-CU5ZQJWPMGHVCLK5XZSXSK1BC.scan
    cd /
    builtin-precompileModule /Users/emanuelflury/Library/Developer/Xcode/DerivedData/TaxedGmbH_IOS-gerngfqzuwudosgobknlgtoawnlj/Build/Intermediates.noindex/ExplicitPrecompiledModules/_Builtin_float-CU5ZQJWPMGHVCLK5XZSXSK1BC.scan

PrecompileModule /Users/emanuelflury/Library/Developer/Xcode/DerivedData/TaxedGmbH_IOS-gerngfqzuwudosgobknlgtoawnlj/Build/Intermediates.noindex/ExplicitPrecompiledModules/_Builtin_inttypes-7JAZ3E7GDXUVJJK8AQQY67HGE.scan
    cd /
    builtin-precompileModule /Users/emanuelflury/Library/Developer/Xcode/DerivedData/TaxedGmbH_IOS-gerngfqzuwudosgobknlgtoawnlj/Build/Intermediates.noindex/ExplicitPrecompiledModules/_Builtin_inttypes-7JAZ3E7GDXUVJJK8AQQY67HGE.scan

PrecompileModule /Users/emanuelflury/Library/Developer/Xcode/DerivedData/TaxedGmbH_IOS-gerngfqzuwudosgobknlgtoawnlj/Build/Intermediates.noindex/ExplicitPrecompiledModules/_DarwinFoundation1-2HETQY6EMMVMM3ULH98GIVGJC.scan
    cd /
    builtin-precompileModule /Users/emanuelflury/Library/Developer/Xcode/DerivedData/TaxedGmbH_IOS-gerngfqzuwudosgobknlgtoawnlj/Build/Intermediates.noindex/ExplicitPrecompiledModules/_DarwinFoundation1-2HETQY6EMMVMM3ULH98GIVGJC.scan

ScanDependencies /Users/emanuelflury/Library/Developer/Xcode/DerivedData/TaxedGmbH_IOS-gerngfqzuwudosgobknlgtoawnlj/Build/Intermediates.noindex/GoogleUtilities.build/Debug-iphoneos/GoogleUtilities-NSData.build/Objects-normal/arm64/resource_bundle_accessor.o /Users/emanuelflury/Library/Developer/Xcode/DerivedData/TaxedGmbH_IOS-gerngfqzuwudosgobknlgtoawnlj/Build/Intermediates.noindex/GoogleUtilities.build/Debug-iphoneos/GoogleUtilities-NSData.build/DerivedSources/resource_bundle_accessor.m normal arm64 objective-c com.apple.compilers.llvm.clang.1_0.compiler (in target 'GoogleUtilities-NSData' from project 'GoogleUtilities')
    cd /Users/emanuelflury/github/TaxedGmbH_IOS/TaxedGmbH_IOS.xcodeproj
    
    Using response file: /Users/emanuelflury/Library/Developer/Xcode/DerivedData/TaxedGmbH_IOS-gerngfqzuwudosgobknlgtoawnlj/Build/Intermediates.noindex/GoogleUtilities.build/Debug-iphoneos/GoogleUtilities-NSData.build/Objects-normal/arm64/e6072d4f65d7061329687fe24e3d63a7-common-args.resp
    
    builtin-ScanDependencies -o /Users/emanuelflury/Library/Developer/Xcode/DerivedData/TaxedGmbH_IOS-gerngfqzuwudosgobknlgtoawnlj/Build/Intermediates.noindex/GoogleUtilities.build/Debug-iphoneos/GoogleUtilities-NSData.build/Objects-normal/arm64/resource_bundle_accessor.o.scan -- /Applications/Xcode.app/Contents/Developer/Toolchains/XcodeDefault.xctoolchain/usr/bin/clang -x objective-c -ivfsstatcache /Users/emanuelflury/Library/Developer/Xcode/DerivedData/SDKStatCaches.noindex/iphoneos26.1-23B77-69b33fc7382b27d9b5d46e82a00f8e78.sdkstatcache -fmessage-length\=0 -fdiagnostics-show-note-include-stack -fmacro-backtrace-limit\=0 -fno-color-diagnostics -fmodules-prune-interval\=86400 -fmodules-prune-after\=345600 -fbuild-session-file\=/Users/emanuelflury/Library/Developer/Xcode/DerivedData/ModuleCache.noindex/Session.modulevalidation -fmodules-validate-once-per-build-session -Wnon-modular-include-in-framework-module -Werror\=non-modular-include-in-framework-module -Wno-trigraphs -Wno-missing-field-initializers -Wno-missing-prototypes -Wno-return-type -Wno-implicit-atomic-properties -Wno-objc-interface-ivars -Wno-arc-repeated-use-of-weak -Wno-missing-braces -Wparentheses -Wswitch -Wno-unused-function -Wno-unused-label -Wno-unused-parameter -Wno-unused-variable -Wunused-value -Wno-empty-body -Wno-uninitialized -Wno-unknown-pragmas -w -Wno-shadow -Wno-four-char-constants -Wno-conversion -Wno-constant-conversion -Wno-int-conversion -Wno-bool-conversion -Wno-enum-conversion -Wno-float-conversion -Wno-non-literal-null-conversion -Wno-objc-literal-conversion -Wshorten-64-to-32 -Wpointer-sign -Wno-newline-eof -Wno-selector -Wno-strict-selector-match -Wno-undeclared-selector -Wno-deprecated-implementations -Wno-implicit-fallthrough -fstrict-aliasing -Wprotocol -Wdeprecated-declarations -Wno-sign-conversion -Wno-infinite-recursion -Wno-comma -Wno-block-capture-autoreleasing -Wno-strict-prototypes -Wno-semicolon-before-method-body -index-store-path /Users/emanuelflury/Library/Developer/Xcode/DerivedData/TaxedGmbH_IOS-gerngfqzuwudosgobknlgtoawnlj/Index.noindex/DataStore @/Users/emanuelflury/Library/Developer/Xcode/DerivedData/TaxedGmbH_IOS-gerngfqzuwudosgobknlgtoawnlj/Build/Intermediates.noindex/GoogleUtilities.build/Debug-iphoneos/GoogleUtilities-NSData.build/Objects-normal/arm64/e6072d4f65d7061329687fe24e3d63a7-common-args.resp -include /Users/emanuelflury/Library/Developer/Xcode/DerivedData/TaxedGmbH_IOS-gerngfqzuwudosgobknlgtoawnlj/Build/Intermediates.noindex/GoogleUtilities.build/Debug-iphoneos/GoogleUtilities-NSData.build/DerivedSources/resource_bundle_accessor.h -MMD -MT dependencies -MF /Users/emanuelflury/Library/Developer/Xcode/DerivedData/TaxedGmbH_IOS-gerngfqzuwudosgobknlgtoawnlj/Build/Intermediates.noindex/GoogleUtilities.build/Debug-iphoneos/GoogleUtilities-NSData.build/Objects-normal/arm64/resource_bundle_accessor.d --serialize-diagnostics /Users/emanuelflury/Library/Developer/Xcode/DerivedData/TaxedGmbH_IOS-gerngfqzuwudosgobknlgtoawnlj/Build/Intermediates.noindex/GoogleUtilities.build/Debug-iphoneos/GoogleUtilities-NSData.build/Objects-normal/arm64/resource_bundle_accessor.dia -c /Users/emanuelflury/Library/Developer/Xcode/DerivedData/TaxedGmbH_IOS-gerngfqzuwudosgobknlgtoawnlj/Build/Intermediates.noindex/GoogleUtilities.build/Debug-iphoneos/GoogleUtilities-NSData.build/DerivedSources/resource_bundle_accessor.m -o /Users/emanuelflury/Library/Developer/Xcode/DerivedData/TaxedGmbH_IOS-gerngfqzuwudosgobknlgtoawnlj/Build/Intermediates.noindex/GoogleUtilities.build/Debug-iphoneos/GoogleUtilities-NSData.build/Objects-normal/arm64/resource_bundle_accessor.o -index-unit-output-path /GoogleUtilities.build/Debug-iphoneos/GoogleUtilities-NSData.build/Objects-normal/arm64/resource_bundle_accessor.o

ScanDependencies /Users/emanuelflury/Library/Developer/Xcode/DerivedData/TaxedGmbH_IOS-gerngfqzuwudosgobknlgtoawnlj/Build/Intermediates.noindex/GoogleUtilities.build/Debug-iphoneos/GoogleUtilities-NSData.build/Objects-normal/arm64/GULNSData+zlib.o /Users/emanuelflury/Library/Developer/Xcode/DerivedData/TaxedGmbH_IOS-gerngfqzuwudosgobknlgtoawnlj/SourcePackages/checkouts/GoogleUtilities/GoogleUtilities/NSData+zlib/GULNSData+zlib.m normal arm64 objective-c com.apple.compilers.llvm.clang.1_0.compiler (in target 'GoogleUtilities-NSData' from project 'GoogleUtilities')
    cd /Users/emanuelflury/github/TaxedGmbH_IOS/TaxedGmbH_IOS.xcodeproj
    
    Using response file: /Users/emanuelflury/Library/Developer/Xcode/DerivedData/TaxedGmbH_IOS-gerngfqzuwudosgobknlgtoawnlj/Build/Intermediates.noindex/GoogleUtilities.build/Debug-iphoneos/GoogleUtilities-NSData.build/Objects-normal/arm64/e6072d4f65d7061329687fe24e3d63a7-common-args.resp
    
    builtin-ScanDependencies -o /Users/emanuelflury/Library/Developer/Xcode/DerivedData/TaxedGmbH_IOS-gerngfqzuwudosgobknlgtoawnlj/Build/Intermediates.noindex/GoogleUtilities.build/Debug-iphoneos/GoogleUtilities-NSData.build/Objects-normal/arm64/GULNSData+zlib.o.scan -- /Applications/Xcode.app/Contents/Developer/Toolchains/XcodeDefault.xctoolchain/usr/bin/clang -x objective-c -ivfsstatcache /Users/emanuelflury/Library/Developer/Xcode/DerivedData/SDKStatCaches.noindex/iphoneos26.1-23B77-69b33fc7382b27d9b5d46e82a00f8e78.sdkstatcache -fmessage-length\=0 -fdiagnostics-show-note-include-stack -fmacro-backtrace-limit\=0 -fno-color-diagnostics -fmodules-prune-interval\=86400 -fmodules-prune-after\=345600 -fbuild-session-file\=/Users/emanuelflury/Library/Developer/Xcode/DerivedData/ModuleCache.noindex/Session.modulevalidation -fmodules-validate-once-per-build-session -Wnon-modular-include-in-framework-module -Werror\=non-modular-include-in-framework-module -Wno-trigraphs -Wno-missing-field-initializers -Wno-missing-prototypes -Wno-return-type -Wno-implicit-atomic-properties -Wno-objc-interface-ivars -Wno-arc-repeated-use-of-weak -Wno-missing-braces -Wparentheses -Wswitch -Wno-unused-function -Wno-unused-label -Wno-unused-parameter -Wno-unused-variable -Wunused-value -Wno-empty-body -Wno-uninitialized -Wno-unknown-pragmas -w -Wno-shadow -Wno-four-char-constants -Wno-conversion -Wno-constant-conversion -Wno-int-conversion -Wno-bool-conversion -Wno-enum-conversion -Wno-float-conversion -Wno-non-literal-null-conversion -Wno-objc-literal-conversion -Wshorten-64-to-32 -Wpointer-sign -Wno-newline-eof -Wno-selector -Wno-strict-selector-match -Wno-undeclared-selector -Wno-deprecated-implementations -Wno-implicit-fallthrough -fstrict-aliasing -Wprotocol -Wdeprecated-declarations -Wno-sign-conversion -Wno-infinite-recursion -Wno-comma -Wno-block-capture-autoreleasing -Wno-strict-prototypes -Wno-semicolon-before-method-body -index-store-path /Users/emanuelflury/Library/Developer/Xcode/DerivedData/TaxedGmbH_IOS-gerngfqzuwudosgobknlgtoawnlj/Index.noindex/DataStore @/Users/emanuelflury/Library/Developer/Xcode/DerivedData/TaxedGmbH_IOS-gerngfqzuwudosgobknlgtoawnlj/Build/Intermediates.noindex/GoogleUtilities.build/Debug-iphoneos/GoogleUtilities-NSData.build/Objects-normal/arm64/e6072d4f65d7061329687fe24e3d63a7-common-args.resp -include /Users/emanuelflury/Library/Developer/Xcode/DerivedData/TaxedGmbH_IOS-gerngfqzuwudosgobknlgtoawnlj/Build/Intermediates.noindex/GoogleUtilities.build/Debug-iphoneos/GoogleUtilities-NSData.build/DerivedSources/resource_bundle_accessor.h -MMD -MT dependencies -MF /Users/emanuelflury/Library/Developer/Xcode/DerivedData/TaxedGmbH_IOS-gerngfqzuwudosgobknlgtoawnlj/Build/Intermediates.noindex/GoogleUtilities.build/Debug-iphoneos/GoogleUtilities-NSData.build/Objects-normal/arm64/GULNSData+zlib.d --serialize-diagnostics /Users/emanuelflury/Library/Developer/Xcode/DerivedData/TaxedGmbH_IOS-gerngfqzuwudosgobknlgtoawnlj/Build/Intermediates.noindex/GoogleUtilities.build/Debug-iphoneos/GoogleUtilities-NSData.build/Objects-normal/arm64/GULNSData+zlib.dia -c /Users/emanuelflury/Library/Developer/Xcode/DerivedData/TaxedGmbH_IOS-gerngfqzuwudosgobknlgtoawnlj/SourcePackages/checkouts/GoogleUtilities/GoogleUtilities/NSData+zlib/GULNSData+zlib.m -o /Users/emanuelflury/Library/Developer/Xcode/DerivedData/TaxedGmbH_IOS-gerngfqzuwudosgobknlgtoawnlj/Build/Intermediates.noindex/GoogleUtilities.build/Debug-iphoneos/GoogleUtilities-NSData.build/Objects-normal/arm64/GULNSData+zlib.o -index-unit-output-path /GoogleUtilities.build/Debug-iphoneos/GoogleUtilities-NSData.build/Objects-normal/arm64/GULNSData+zlib.o

ScanDependencies /Users/emanuelflury/Library/Developer/Xcode/DerivedData/TaxedGmbH_IOS-gerngfqzuwudosgobknlgtoawnlj/Build/Intermediates.noindex/GoogleUtilities.build/Debug-iphoneos/GoogleUtilities-Environment.build/Objects-normal/arm64/resource_bundle_accessor.o /Users/emanuelflury/Library/Developer/Xcode/DerivedData/TaxedGmbH_IOS-gerngfqzuwudosgobknlgtoawnlj/Build/Intermediates.noindex/GoogleUtilities.build/Debug-iphoneos/GoogleUtilities-Environment.build/DerivedSources/resource_bundle_accessor.m normal arm64 objective-c com.apple.compilers.llvm.clang.1_0.compiler (in target 'GoogleUtilities-Environment' from project 'GoogleUtilities')
    cd /Users/emanuelflury/github/TaxedGmbH_IOS/TaxedGmbH_IOS.xcodeproj
    
    Using response file: /Users/emanuelflury/Library/Developer/Xcode/DerivedData/TaxedGmbH_IOS-gerngfqzuwudosgobknlgtoawnlj/Build/Intermediates.noindex/GoogleUtilities.build/Debug-iphoneos/GoogleUtilities-Environment.build/Objects-normal/arm64/e6072d4f65d7061329687fe24e3d63a7-common-args.resp
    
    builtin-ScanDependencies -o /Users/emanuelflury/Library/Developer/Xcode/DerivedData/TaxedGmbH_IOS-gerngfqzuwudosgobknlgtoawnlj/Build/Intermediates.noindex/GoogleUtilities.build/Debug-iphoneos/GoogleUtilities-Environment.build/Objects-normal/arm64/resource_bundle_accessor.o.scan -- /Applications/Xcode.app/Contents/Developer/Toolchains/XcodeDefault.xctoolchain/usr/bin/clang -x objective-c -ivfsstatcache /Users/emanuelflury/Library/Developer/Xcode/DerivedData/SDKStatCaches.noindex/iphoneos26.1-23B77-69b33fc7382b27d9b5d46e82a00f8e78.sdkstatcache -fmessage-length\=0 -fdiagnostics-show-note-include-stack -fmacro-backtrace-limit\=0 -fno-color-diagnostics -fmodules-prune-interval\=86400 -fmodules-prune-after\=345600 -fbuild-session-file\=/Users/emanuelflury/Library/Developer/Xcode/DerivedData/ModuleCache.noindex/Session.modulevalidation -fmodules-validate-once-per-build-session -Wnon-modular-include-in-framework-module -Werror\=non-modular-include-in-framework-module -Wno-trigraphs -Wno-missing-field-initializers -Wno-missing-prototypes -Wno-return-type -Wno-implicit-atomic-properties -Wno-objc-interface-ivars -Wno-arc-repeated-use-of-weak -Wno-missing-braces -Wparentheses -Wswitch -Wno-unused-function -Wno-unused-label -Wno-unused-parameter -Wno-unused-variable -Wunused-value -Wno-empty-body -Wno-uninitialized -Wno-unknown-pragmas -w -Wno-shadow -Wno-four-char-constants -Wno-conversion -Wno-constant-conversion -Wno-int-conversion -Wno-bool-conversion -Wno-enum-conversion -Wno-float-conversion -Wno-non-literal-null-conversion -Wno-objc-literal-conversion -Wshorten-64-to-32 -Wpointer-sign -Wno-newline-eof -Wno-selector -Wno-strict-selector-match -Wno-undeclared-selector -Wno-deprecated-implementations -Wno-implicit-fallthrough -fstrict-aliasing -Wprotocol -Wdeprecated-declarations -Wno-sign-conversion -Wno-infinite-recursion -Wno-comma -Wno-block-capture-autoreleasing -Wno-strict-prototypes -Wno-semicolon-before-method-body -index-store-path /Users/emanuelflury/Library/Developer/Xcode/DerivedData/TaxedGmbH_IOS-gerngfqzuwudosgobknlgtoawnlj/Index.noindex/DataStore @/Users/emanuelflury/Library/Developer/Xcode/DerivedData/TaxedGmbH_IOS-gerngfqzuwudosgobknlgtoawnlj/Build/Intermediates.noindex/GoogleUtilities.build/Debug-iphoneos/GoogleUtilities-Environment.build/Objects-normal/arm64/e6072d4f65d7061329687fe24e3d63a7-common-args.resp -include /Users/emanuelflury/Library/Developer/Xcode/DerivedData/TaxedGmbH_IOS-gerngfqzuwudosgobknlgtoawnlj/Build/Intermediates.noindex/GoogleUtilities.build/Debug-iphoneos/GoogleUtilities-Environment.build/DerivedSources/resource_bundle_accessor.h -MMD -MT dependencies -MF /Users/emanuelflury/Library/Developer/Xcode/DerivedData/TaxedGmbH_IOS-gerngfqzuwudosgobknlgtoawnlj/Build/Intermediates.noindex/GoogleUtilities.build/Debug-iphoneos/GoogleUtilities-Environment.build/Objects-normal/arm64/resource_bundle_accessor.d --serialize-diagnostics /Users/emanuelflury/Library/Developer/Xcode/DerivedData/TaxedGmbH_IOS-gerngfqzuwudosgobknlgtoawnlj/Build/Intermediates.noindex/GoogleUtilities.build/Debug-iphoneos/GoogleUtilities-Environment.build/Objects-normal/arm64/resource_bundle_accessor.dia -c /Users/emanuelflury/Library/Developer/Xcode/DerivedData/TaxedGmbH_IOS-gerngfqzuwudosgobknlgtoawnlj/Build/Intermediates.noindex/GoogleUtilities.build/Debug-iphoneos/GoogleUtilities-Environment.build/DerivedSources/resource_bundle_accessor.m -o /Users/emanuelflury/Library/Developer/Xcode/DerivedData/TaxedGmbH_IOS-gerngfqzuwudosgobknlgtoawnlj/Build/Intermediates.noindex/GoogleUtilities.build/Debug-iphoneos/GoogleUtilities-Environment.build/Objects-normal/arm64/resource_bundle_accessor.o -index-unit-output-path /GoogleUtilities.build/Debug-iphoneos/GoogleUtilities-Environment.build/Objects-normal/arm64/resource_bundle_accessor.o

PrecompileModule /Users/emanuelflury/Library/Developer/Xcode/DerivedData/TaxedGmbH_IOS-gerngfqzuwudosgobknlgtoawnlj/Build/Intermediates.noindex/ExplicitPrecompiledModules/Darwin-A4ISKM7FP22L741C8SPASDF3V.scan
    cd /
    builtin-precompileModule /Users/emanuelflury/Library/Developer/Xcode/DerivedData/TaxedGmbH_IOS-gerngfqzuwudosgobknlgtoawnlj/Build/Intermediates.noindex/ExplicitPrecompiledModules/Darwin-A4ISKM7FP22L741C8SPASDF3V.scan

ScanDependencies /Users/emanuelflury/Library/Developer/Xcode/DerivedData/TaxedGmbH_IOS-gerngfqzuwudosgobknlgtoawnlj/Build/Intermediates.noindex/GoogleUtilities.build/Debug-iphoneos/GoogleUtilities-Environment.build/Objects-normal/arm64/GULNetworkInfo.o /Users/emanuelflury/Library/Developer/Xcode/DerivedData/TaxedGmbH_IOS-gerngfqzuwudosgobknlgtoawnlj/SourcePackages/checkouts/GoogleUtilities/GoogleUtilities/Environment/NetworkInfo/GULNetworkInfo.m normal arm64 objective-c com.apple.compilers.llvm.clang.1_0.compiler (in target 'GoogleUtilities-Environment' from project 'GoogleUtilities')
    cd /Users/emanuelflury/github/TaxedGmbH_IOS/TaxedGmbH_IOS.xcodeproj
    
    Using response file: /Users/emanuelflury/Library/Developer/Xcode/DerivedData/TaxedGmbH_IOS-gerngfqzuwudosgobknlgtoawnlj/Build/Intermediates.noindex/GoogleUtilities.build/Debug-iphoneos/GoogleUtilities-Environment.build/Objects-normal/arm64/e6072d4f65d7061329687fe24e3d63a7-common-args.resp
    
    builtin-ScanDependencies -o /Users/emanuelflury/Library/Developer/Xcode/DerivedData/TaxedGmbH_IOS-gerngfqzuwudosgobknlgtoawnlj/Build/Intermediates.noindex/GoogleUtilities.build/Debug-iphoneos/GoogleUtilities-Environment.build/Objects-normal/arm64/GULNetworkInfo.o.scan -- /Applications/Xcode.app/Contents/Developer/Toolchains/XcodeDefault.xctoolchain/usr/bin/clang -x objective-c -ivfsstatcache /Users/emanuelflury/Library/Developer/Xcode/DerivedData/SDKStatCaches.noindex/iphoneos26.1-23B77-69b33fc7382b27d9b5d46e82a00f8e78.sdkstatcache -fmessage-length\=0 -fdiagnostics-show-note-include-stack -fmacro-backtrace-limit\=0 -fno-color-diagnostics -fmodules-prune-interval\=86400 -fmodules-prune-after\=345600 -fbuild-session-file\=/Users/emanuelflury/Library/Developer/Xcode/DerivedData/ModuleCache.noindex/Session.modulevalidation -fmodules-validate-once-per-build-session -Wnon-modular-include-in-framework-module -Werror\=non-modular-include-in-framework-module -Wno-trigraphs -Wno-missing-field-initializers -Wno-missing-prototypes -Wno-return-type -Wno-implicit-atomic-properties -Wno-objc-interface-ivars -Wno-arc-repeated-use-of-weak -Wno-missing-braces -Wparentheses -Wswitch -Wno-unused-function -Wno-unused-label -Wno-unused-parameter -Wno-unused-variable -Wunused-value -Wno-empty-body -Wno-uninitialized -Wno-unknown-pragmas -w -Wno-shadow -Wno-four-char-constants -Wno-conversion -Wno-constant-conversion -Wno-int-conversion -Wno-bool-conversion -Wno-enum-conversion -Wno-float-conversion -Wno-non-literal-null-conversion -Wno-objc-literal-conversion -Wshorten-64-to-32 -Wpointer-sign -Wno-newline-eof -Wno-selector -Wno-strict-selector-match -Wno-undeclared-selector -Wno-deprecated-implementations -Wno-implicit-fallthrough -fstrict-aliasing -Wprotocol -Wdeprecated-declarations -Wno-sign-conversion -Wno-infinite-recursion -Wno-comma -Wno-block-capture-autoreleasing -Wno-strict-prototypes -Wno-semicolon-before-method-body -index-store-path /Users/emanuelflury/Library/Developer/Xcode/DerivedData/TaxedGmbH_IOS-gerngfqzuwudosgobknlgtoawnlj/Index.noindex/DataStore @/Users/emanuelflury/Library/Developer/Xcode/DerivedData/TaxedGmbH_IOS-gerngfqzuwudosgobknlgtoawnlj/Build/Intermediates.noindex/GoogleUtilities.build/Debug-iphoneos/GoogleUtilities-Environment.build/Objects-normal/arm64/e6072d4f65d7061329687fe24e3d63a7-common-args.resp -include /Users/emanuelflury/Library/Developer/Xcode/DerivedData/TaxedGmbH_IOS-gerngfqzuwudosgobknlgtoawnlj/Build/Intermediates.noindex/GoogleUtilities.build/Debug-iphoneos/GoogleUtilities-Environment.build/DerivedSources/resource_bundle_accessor.h -MMD -MT dependencies -MF /Users/emanuelflury/Library/Developer/Xcode/DerivedData/TaxedGmbH_IOS-gerngfqzuwudosgobknlgtoawnlj/Build/Intermediates.noindex/GoogleUtilities.build/Debug-iphoneos/GoogleUtilities-Environment.build/Objects-normal/arm64/GULNetworkInfo.d --serialize-diagnostics /Users/emanuelflury/Library/Developer/Xcode/DerivedData/TaxedGmbH_IOS-gerngfqzuwudosgobknlgtoawnlj/Build/Intermediates.noindex/GoogleUtilities.build/Debug-iphoneos/GoogleUtilities-Environment.build/Objects-normal/arm64/GULNetworkInfo.dia -c /Users/emanuelflury/Library/Developer/Xcode/DerivedData/TaxedGmbH_IOS-gerngfqzuwudosgobknlgtoawnlj/SourcePackages/checkouts/GoogleUtilities/GoogleUtilities/Environment/NetworkInfo/GULNetworkInfo.m -o /Users/emanuelflury/Library/Developer/Xcode/DerivedData/TaxedGmbH_IOS-gerngfqzuwudosgobknlgtoawnlj/Build/Intermediates.noindex/GoogleUtilities.build/Debug-iphoneos/GoogleUtilities-Environment.build/Objects-normal/arm64/GULNetworkInfo.o -index-unit-output-path /GoogleUtilities.build/Debug-iphoneos/GoogleUtilities-Environment.build/Objects-normal/arm64/GULNetworkInfo.o

ScanDependencies /Users/emanuelflury/Library/Developer/Xcode/DerivedData/TaxedGmbH_IOS-gerngfqzuwudosgobknlgtoawnlj/Build/Intermediates.noindex/GoogleUtilities.build/Debug-iphoneos/GoogleUtilities-Environment.build/Objects-normal/arm64/GULKeychainUtils.o /Users/emanuelflury/Library/Developer/Xcode/DerivedData/TaxedGmbH_IOS-gerngfqzuwudosgobknlgtoawnlj/SourcePackages/checkouts/GoogleUtilities/GoogleUtilities/Environment/SecureStorage/GULKeychainUtils.m normal arm64 objective-c com.apple.compilers.llvm.clang.1_0.compiler (in target 'GoogleUtilities-Environment' from project 'GoogleUtilities')
    cd /Users/emanuelflury/github/TaxedGmbH_IOS/TaxedGmbH_IOS.xcodeproj
    
    Using response file: /Users/emanuelflury/Library/Developer/Xcode/DerivedData/TaxedGmbH_IOS-gerngfqzuwudosgobknlgtoawnlj/Build/Intermediates.noindex/GoogleUtilities.build/Debug-iphoneos/GoogleUtilities-Environment.build/Objects-normal/arm64/e6072d4f65d7061329687fe24e3d63a7-common-args.resp
    
    builtin-ScanDependencies -o /Users/emanuelflury/Library/Developer/Xcode/DerivedData/TaxedGmbH_IOS-gerngfqzuwudosgobknlgtoawnlj/Build/Intermediates.noindex/GoogleUtilities.build/Debug-iphoneos/GoogleUtilities-Environment.build/Objects-normal/arm64/GULKeychainUtils.o.scan -- /Applications/Xcode.app/Contents/Developer/Toolchains/XcodeDefault.xctoolchain/usr/bin/clang -x objective-c -ivfsstatcache /Users/emanuelflury/Library/Developer/Xcode/DerivedData/SDKStatCaches.noindex/iphoneos26.1-23B77-69b33fc7382b27d9b5d46e82a00f8e78.sdkstatcache -fmessage-length\=0 -fdiagnostics-show-note-include-stack -fmacro-backtrace-limit\=0 -fno-color-diagnostics -fmodules-prune-interval\=86400 -fmodules-prune-after\=345600 -fbuild-session-file\=/Users/emanuelflury/Library/Developer/Xcode/DerivedData/ModuleCache.noindex/Session.modulevalidation -fmodules-validate-once-per-build-session -Wnon-modular-include-in-framework-module -Werror\=non-modular-include-in-framework-module -Wno-trigraphs -Wno-missing-field-initializers -Wno-missing-prototypes -Wno-return-type -Wno-implicit-atomic-properties -Wno-objc-interface-ivars -Wno-arc-repeated-use-of-weak -Wno-missing-braces -Wparentheses -Wswitch -Wno-unused-function -Wno-unused-label -Wno-unused-parameter -Wno-unused-variable -Wunused-value -Wno-empty-body -Wno-uninitialized -Wno-unknown-pragmas -w -Wno-shadow -Wno-four-char-constants -Wno-conversion -Wno-constant-conversion -Wno-int-conversion -Wno-bool-conversion -Wno-enum-conversion -Wno-float-conversion -Wno-non-literal-null-conversion -Wno-objc-literal-conversion -Wshorten-64-to-32 -Wpointer-sign -Wno-newline-eof -Wno-selector -Wno-strict-selector-match -Wno-undeclared-selector -Wno-deprecated-implementations -Wno-implicit-fallthrough -fstrict-aliasing -Wprotocol -Wdeprecated-declarations -Wno-sign-conversion -Wno-infinite-recursion -Wno-comma -Wno-block-capture-autoreleasing -Wno-strict-prototypes -Wno-semicolon-before-method-body -index-store-path /Users/emanuelflury/Library/Developer/Xcode/DerivedData/TaxedGmbH_IOS-gerngfqzuwudosgobknlgtoawnlj/Index.noindex/DataStore @/Users/emanuelflury/Library/Developer/Xcode/DerivedData/TaxedGmbH_IOS-gerngfqzuwudosgobknlgtoawnlj/Build/Intermediates.noindex/GoogleUtilities.build/Debug-iphoneos/GoogleUtilities-Environment.build/Objects-normal/arm64/e6072d4f65d7061329687fe24e3d63a7-common-args.resp -include /Users/emanuelflury/Library/Developer/Xcode/DerivedData/TaxedGmbH_IOS-gerngfqzuwudosgobknlgtoawnlj/Build/Intermediates.noindex/GoogleUtilities.build/Debug-iphoneos/GoogleUtilities-Environment.build/DerivedSources/resource_bundle_accessor.h -MMD -MT dependencies -MF /Users/emanuelflury/Library/Developer/Xcode/DerivedData/TaxedGmbH_IOS-gerngfqzuwudosgobknlgtoawnlj/Build/Intermediates.noindex/GoogleUtilities.build/Debug-iphoneos/GoogleUtilities-Environment.build/Objects-normal/arm64/GULKeychainUtils.d --serialize-diagnostics /Users/emanuelflury/Library/Developer/Xcode/DerivedData/TaxedGmbH_IOS-gerngfqzuwudosgobknlgtoawnlj/Build/Intermediates.noindex/GoogleUtilities.build/Debug-iphoneos/GoogleUtilities-Environment.build/Objects-normal/arm64/GULKeychainUtils.dia -c /Users/emanuelflury/Library/Developer/Xcode/DerivedData/TaxedGmbH_IOS-gerngfqzuwudosgobknlgtoawnlj/SourcePackages/checkouts/GoogleUtilities/GoogleUtilities/Environment/SecureStorage/GULKeychainUtils.m -o /Users/emanuelflury/Library/Developer/Xcode/DerivedData/TaxedGmbH_IOS-gerngfqzuwudosgobknlgtoawnlj/Build/Intermediates.noindex/GoogleUtilities.build/Debug-iphoneos/GoogleUtilities-Environment.build/Objects-normal/arm64/GULKeychainUtils.o -index-unit-output-path /GoogleUtilities.build/Debug-iphoneos/GoogleUtilities-Environment.build/Objects-normal/arm64/GULKeychainUtils.o

PrecompileModule /Users/emanuelflury/Library/Developer/Xcode/DerivedData/TaxedGmbH_IOS-gerngfqzuwudosgobknlgtoawnlj/Build/Intermediates.noindex/ExplicitPrecompiledModules/_DarwinFoundation2-912H8FS53U1AQFA4CKG64527L.scan
    cd /
    builtin-precompileModule /Users/emanuelflury/Library/Developer/Xcode/DerivedData/TaxedGmbH_IOS-gerngfqzuwudosgobknlgtoawnlj/Build/Intermediates.noindex/ExplicitPrecompiledModules/_DarwinFoundation2-912H8FS53U1AQFA4CKG64527L.scan

PrecompileModule /Users/emanuelflury/Library/Developer/Xcode/DerivedData/TaxedGmbH_IOS-gerngfqzuwudosgobknlgtoawnlj/Build/Intermediates.noindex/ExplicitPrecompiledModules/_Builtin_limits-7152JDIPHY0NFD0PTB92XLYNV.scan
    cd /
    builtin-precompileModule /Users/emanuelflury/Library/Developer/Xcode/DerivedData/TaxedGmbH_IOS-gerngfqzuwudosgobknlgtoawnlj/Build/Intermediates.noindex/ExplicitPrecompiledModules/_Builtin_limits-7152JDIPHY0NFD0PTB92XLYNV.scan

ScanDependencies /Users/emanuelflury/Library/Developer/Xcode/DerivedData/TaxedGmbH_IOS-gerngfqzuwudosgobknlgtoawnlj/Build/Intermediates.noindex/GoogleUtilities.build/Debug-iphoneos/GoogleUtilities-Environment.build/Objects-normal/arm64/GULKeychainStorage.o /Users/emanuelflury/Library/Developer/Xcode/DerivedData/TaxedGmbH_IOS-gerngfqzuwudosgobknlgtoawnlj/SourcePackages/checkouts/GoogleUtilities/GoogleUtilities/Environment/SecureStorage/GULKeychainStorage.m normal arm64 objective-c com.apple.compilers.llvm.clang.1_0.compiler (in target 'GoogleUtilities-Environment' from project 'GoogleUtilities')
    cd /Users/emanuelflury/github/TaxedGmbH_IOS/TaxedGmbH_IOS.xcodeproj
    
    Using response file: /Users/emanuelflury/Library/Developer/Xcode/DerivedData/TaxedGmbH_IOS-gerngfqzuwudosgobknlgtoawnlj/Build/Intermediates.noindex/GoogleUtilities.build/Debug-iphoneos/GoogleUtilities-Environment.build/Objects-normal/arm64/e6072d4f65d7061329687fe24e3d63a7-common-args.resp
    
    builtin-ScanDependencies -o /Users/emanuelflury/Library/Developer/Xcode/DerivedData/TaxedGmbH_IOS-gerngfqzuwudosgobknlgtoawnlj/Build/Intermediates.noindex/GoogleUtilities.build/Debug-iphoneos/GoogleUtilities-Environment.build/Objects-normal/arm64/GULKeychainStorage.o.scan -- /Applications/Xcode.app/Contents/Developer/Toolchains/XcodeDefault.xctoolchain/usr/bin/clang -x objective-c -ivfsstatcache /Users/emanuelflury/Library/Developer/Xcode/DerivedData/SDKStatCaches.noindex/iphoneos26.1-23B77-69b33fc7382b27d9b5d46e82a00f8e78.sdkstatcache -fmessage-length\=0 -fdiagnostics-show-note-include-stack -fmacro-backtrace-limit\=0 -fno-color-diagnostics -fmodules-prune-interval\=86400 -fmodules-prune-after\=345600 -fbuild-session-file\=/Users/emanuelflury/Library/Developer/Xcode/DerivedData/ModuleCache.noindex/Session.modulevalidation -fmodules-validate-once-per-build-session -Wnon-modular-include-in-framework-module -Werror\=non-modular-include-in-framework-module -Wno-trigraphs -Wno-missing-field-initializers -Wno-missing-prototypes -Wno-return-type -Wno-implicit-atomic-properties -Wno-objc-interface-ivars -Wno-arc-repeated-use-of-weak -Wno-missing-braces -Wparentheses -Wswitch -Wno-unused-function -Wno-unused-label -Wno-unused-parameter -Wno-unused-variable -Wunused-value -Wno-empty-body -Wno-uninitialized -Wno-unknown-pragmas -w -Wno-shadow -Wno-four-char-constants -Wno-conversion -Wno-constant-conversion -Wno-int-conversion -Wno-bool-conversion -Wno-enum-conversion -Wno-float-conversion -Wno-non-literal-null-conversion -Wno-objc-literal-conversion -Wshorten-64-to-32 -Wpointer-sign -Wno-newline-eof -Wno-selector -Wno-strict-selector-match -Wno-undeclared-selector -Wno-deprecated-implementations -Wno-implicit-fallthrough -fstrict-aliasing -Wprotocol -Wdeprecated-declarations -Wno-sign-conversion -Wno-infinite-recursion -Wno-comma -Wno-block-capture-autoreleasing -Wno-strict-prototypes -Wno-semicolon-before-method-body -index-store-path /Users/emanuelflury/Library/Developer/Xcode/DerivedData/TaxedGmbH_IOS-gerngfqzuwudosgobknlgtoawnlj/Index.noindex/DataStore @/Users/emanuelflury/Library/Developer/Xcode/DerivedData/TaxedGmbH_IOS-gerngfqzuwudosgobknlgtoawnlj/Build/Intermediates.noindex/GoogleUtilities.build/Debug-iphoneos/GoogleUtilities-Environment.build/Objects-normal/arm64/e6072d4f65d7061329687fe24e3d63a7-common-args.resp -include /Users/emanuelflury/Library/Developer/Xcode/DerivedData/TaxedGmbH_IOS-gerngfqzuwudosgobknlgtoawnlj/Build/Intermediates.noindex/GoogleUtilities.build/Debug-iphoneos/GoogleUtilities-Environment.build/DerivedSources/resource_bundle_accessor.h -MMD -MT dependencies -MF /Users/emanuelflury/Library/Developer/Xcode/DerivedData/TaxedGmbH_IOS-gerngfqzuwudosgobknlgtoawnlj/Build/Intermediates.noindex/GoogleUtilities.build/Debug-iphoneos/GoogleUtilities-Environment.build/Objects-normal/arm64/GULKeychainStorage.d --serialize-diagnostics /Users/emanuelflury/Library/Developer/Xcode/DerivedData/TaxedGmbH_IOS-gerngfqzuwudosgobknlgtoawnlj/Build/Intermediates.noindex/GoogleUtilities.build/Debug-iphoneos/GoogleUtilities-Environment.build/Objects-normal/arm64/GULKeychainStorage.dia -c /Users/emanuelflury/Library/Developer/Xcode/DerivedData/TaxedGmbH_IOS-gerngfqzuwudosgobknlgtoawnlj/SourcePackages/checkouts/GoogleUtilities/GoogleUtilities/Environment/SecureStorage/GULKeychainStorage.m -o /Users/emanuelflury/Library/Developer/Xcode/DerivedData/TaxedGmbH_IOS-gerngfqzuwudosgobknlgtoawnlj/Build/Intermediates.noindex/GoogleUtilities.build/Debug-iphoneos/GoogleUtilities-Environment.build/Objects-normal/arm64/GULKeychainStorage.o -index-unit-output-path /GoogleUtilities.build/Debug-iphoneos/GoogleUtilities-Environment.build/Objects-normal/arm64/GULKeychainStorage.o

PrecompileModule /Users/emanuelflury/Library/Developer/Xcode/DerivedData/TaxedGmbH_IOS-gerngfqzuwudosgobknlgtoawnlj/Build/Intermediates.noindex/ExplicitPrecompiledModules/zlib-F1PPSWZ44XSBRM2D4X9S7L5RY.scan
    cd /
    builtin-precompileModule /Users/emanuelflury/Library/Developer/Xcode/DerivedData/TaxedGmbH_IOS-gerngfqzuwudosgobknlgtoawnlj/Build/Intermediates.noindex/ExplicitPrecompiledModules/zlib-F1PPSWZ44XSBRM2D4X9S7L5RY.scan

PrecompileModule /Users/emanuelflury/Library/Developer/Xcode/DerivedData/TaxedGmbH_IOS-gerngfqzuwudosgobknlgtoawnlj/Build/Intermediates.noindex/ExplicitPrecompiledModules/_Builtin_float-8QXI30KBROF1BGV17ALPZ7A6R.scan
    cd /
    builtin-precompileModule /Users/emanuelflury/Library/Developer/Xcode/DerivedData/TaxedGmbH_IOS-gerngfqzuwudosgobknlgtoawnlj/Build/Intermediates.noindex/ExplicitPrecompiledModules/_Builtin_float-8QXI30KBROF1BGV17ALPZ7A6R.scan

PrecompileModule /Users/emanuelflury/Library/Developer/Xcode/DerivedData/TaxedGmbH_IOS-gerngfqzuwudosgobknlgtoawnlj/Build/Intermediates.noindex/ExplicitPrecompiledModules/ptrauth-HWHD2HGM0IYI3IF0VA7PNBE5.scan
    cd /
    builtin-precompileModule /Users/emanuelflury/Library/Developer/Xcode/DerivedData/TaxedGmbH_IOS-gerngfqzuwudosgobknlgtoawnlj/Build/Intermediates.noindex/ExplicitPrecompiledModules/ptrauth-HWHD2HGM0IYI3IF0VA7PNBE5.scan

ScanDependencies /Users/emanuelflury/Library/Developer/Xcode/DerivedData/TaxedGmbH_IOS-gerngfqzuwudosgobknlgtoawnlj/Build/Intermediates.noindex/GoogleUtilities.build/Debug-iphoneos/GoogleUtilities-Environment.build/Objects-normal/arm64/GULAppEnvironmentUtil.o /Users/emanuelflury/Library/Developer/Xcode/DerivedData/TaxedGmbH_IOS-gerngfqzuwudosgobknlgtoawnlj/SourcePackages/checkouts/GoogleUtilities/GoogleUtilities/Environment/GULAppEnvironmentUtil.m normal arm64 objective-c com.apple.compilers.llvm.clang.1_0.compiler (in target 'GoogleUtilities-Environment' from project 'GoogleUtilities')
    cd /Users/emanuelflury/github/TaxedGmbH_IOS/TaxedGmbH_IOS.xcodeproj
    
    Using response file: /Users/emanuelflury/Library/Developer/Xcode/DerivedData/TaxedGmbH_IOS-gerngfqzuwudosgobknlgtoawnlj/Build/Intermediates.noindex/GoogleUtilities.build/Debug-iphoneos/GoogleUtilities-Environment.build/Objects-normal/arm64/e6072d4f65d7061329687fe24e3d63a7-common-args.resp
    
    builtin-ScanDependencies -o /Users/emanuelflury/Library/Developer/Xcode/DerivedData/TaxedGmbH_IOS-gerngfqzuwudosgobknlgtoawnlj/Build/Intermediates.noindex/GoogleUtilities.build/Debug-iphoneos/GoogleUtilities-Environment.build/Objects-normal/arm64/GULAppEnvironmentUtil.o.scan -- /Applications/Xcode.app/Contents/Developer/Toolchains/XcodeDefault.xctoolchain/usr/bin/clang -x objective-c -ivfsstatcache /Users/emanuelflury/Library/Developer/Xcode/DerivedData/SDKStatCaches.noindex/iphoneos26.1-23B77-69b33fc7382b27d9b5d46e82a00f8e78.sdkstatcache -fmessage-length\=0 -fdiagnostics-show-note-include-stack -fmacro-backtrace-limit\=0 -fno-color-diagnostics -fmodules-prune-interval\=86400 -fmodules-prune-after\=345600 -fbuild-session-file\=/Users/emanuelflury/Library/Developer/Xcode/DerivedData/ModuleCache.noindex/Session.modulevalidation -fmodules-validate-once-per-build-session -Wnon-modular-include-in-framework-module -Werror\=non-modular-include-in-framework-module -Wno-trigraphs -Wno-missing-field-initializers -Wno-missing-prototypes -Wno-return-type -Wno-implicit-atomic-properties -Wno-objc-interface-ivars -Wno-arc-repeated-use-of-weak -Wno-missing-braces -Wparentheses -Wswitch -Wno-unused-function -Wno-unused-label -Wno-unused-parameter -Wno-unused-variable -Wunused-value -Wno-empty-body -Wno-uninitialized -Wno-unknown-pragmas -w -Wno-shadow -Wno-four-char-constants -Wno-conversion -Wno-constant-conversion -Wno-int-conversion -Wno-bool-conversion -Wno-enum-conversion -Wno-float-conversion -Wno-non-literal-null-conversion -Wno-objc-literal-conversion -Wshorten-64-to-32 -Wpointer-sign -Wno-newline-eof -Wno-selector -Wno-strict-selector-match -Wno-undeclared-selector -Wno-deprecated-implementations -Wno-implicit-fallthrough -fstrict-aliasing -Wprotocol -Wdeprecated-declarations -Wno-sign-conversion -Wno-infinite-recursion -Wno-comma -Wno-block-capture-autoreleasing -Wno-strict-prototypes -Wno-semicolon-before-method-body -index-store-path /Users/emanuelflury/Library/Developer/Xcode/DerivedData/TaxedGmbH_IOS-gerngfqzuwudosgobknlgtoawnlj/Index.noindex/DataStore @/Users/emanuelflury/Library/Developer/Xcode/DerivedData/TaxedGmbH_IOS-gerngfqzuwudosgobknlgtoawnlj/Build/Intermediates.noindex/GoogleUtilities.build/Debug-iphoneos/GoogleUtilities-Environment.build/Objects-normal/arm64/e6072d4f65d7061329687fe24e3d63a7-common-args.resp -include /Users/emanuelflury/Library/Developer/Xcode/DerivedData/TaxedGmbH_IOS-gerngfqzuwudosgobknlgtoawnlj/Build/Intermediates.noindex/GoogleUtilities.build/Debug-iphoneos/GoogleUtilities-Environment.build/DerivedSources/resource_bundle_accessor.h -MMD -MT dependencies -MF /Users/emanuelflury/Library/Developer/Xcode/DerivedData/TaxedGmbH_IOS-gerngfqzuwudosgobknlgtoawnlj/Build/Intermediates.noindex/GoogleUtilities.build/Debug-iphoneos/GoogleUtilities-Environment.build/Objects-normal/arm64/GULAppEnvironmentUtil.d --serialize-diagnostics /Users/emanuelflury/Library/Developer/Xcode/DerivedData/TaxedGmbH_IOS-gerngfqzuwudosgobknlgtoawnlj/Build/Intermediates.noindex/GoogleUtilities.build/Debug-iphoneos/GoogleUtilities-Environment.build/Objects-normal/arm64/GULAppEnvironmentUtil.dia -c /Users/emanuelflury/Library/Developer/Xcode/DerivedData/TaxedGmbH_IOS-gerngfqzuwudosgobknlgtoawnlj/SourcePackages/checkouts/GoogleUtilities/GoogleUtilities/Environment/GULAppEnvironmentUtil.m -o /Users/emanuelflury/Library/Developer/Xcode/DerivedData/TaxedGmbH_IOS-gerngfqzuwudosgobknlgtoawnlj/Build/Intermediates.noindex/GoogleUtilities.build/Debug-iphoneos/GoogleUtilities-Environment.build/Objects-normal/arm64/GULAppEnvironmentUtil.o -index-unit-output-path /GoogleUtilities.build/Debug-iphoneos/GoogleUtilities-Environment.build/Objects-normal/arm64/GULAppEnvironmentUtil.o

ScanDependencies /Users/emanuelflury/Library/Developer/Xcode/DerivedData/TaxedGmbH_IOS-gerngfqzuwudosgobknlgtoawnlj/Build/Intermediates.noindex/GTMSessionFetcher.build/Debug-iphoneos/GTMSessionFetcherCore.build/Objects-normal/arm64/resource_bundle_accessor.o /Users/emanuelflury/Library/Developer/Xcode/DerivedData/TaxedGmbH_IOS-gerngfqzuwudosgobknlgtoawnlj/Build/Intermediates.noindex/GTMSessionFetcher.build/Debug-iphoneos/GTMSessionFetcherCore.build/DerivedSources/resource_bundle_accessor.m normal arm64 objective-c com.apple.compilers.llvm.clang.1_0.compiler (in target 'GTMSessionFetcherCore' from project 'GTMSessionFetcher')
    cd /Users/emanuelflury/github/TaxedGmbH_IOS/TaxedGmbH_IOS.xcodeproj
    
    Using response file: /Users/emanuelflury/Library/Developer/Xcode/DerivedData/TaxedGmbH_IOS-gerngfqzuwudosgobknlgtoawnlj/Build/Intermediates.noindex/GTMSessionFetcher.build/Debug-iphoneos/GTMSessionFetcherCore.build/Objects-normal/arm64/e6072d4f65d7061329687fe24e3d63a7-common-args.resp
    
    builtin-ScanDependencies -o /Users/emanuelflury/Library/Developer/Xcode/DerivedData/TaxedGmbH_IOS-gerngfqzuwudosgobknlgtoawnlj/Build/Intermediates.noindex/GTMSessionFetcher.build/Debug-iphoneos/GTMSessionFetcherCore.build/Objects-normal/arm64/resource_bundle_accessor.o.scan -- /Applications/Xcode.app/Contents/Developer/Toolchains/XcodeDefault.xctoolchain/usr/bin/clang -x objective-c -ivfsstatcache /Users/emanuelflury/Library/Developer/Xcode/DerivedData/SDKStatCaches.noindex/iphoneos26.1-23B77-69b33fc7382b27d9b5d46e82a00f8e78.sdkstatcache -fmessage-length\=0 -fdiagnostics-show-note-include-stack -fmacro-backtrace-limit\=0 -fno-color-diagnostics -fmodules-prune-interval\=86400 -fmodules-prune-after\=345600 -fbuild-session-file\=/Users/emanuelflury/Library/Developer/Xcode/DerivedData/ModuleCache.noindex/Session.modulevalidation -fmodules-validate-once-per-build-session -Wnon-modular-include-in-framework-module -Werror\=non-modular-include-in-framework-module -Wno-trigraphs -Wno-missing-field-initializers -Wno-missing-prototypes -Wno-return-type -Wno-implicit-atomic-properties -Wno-objc-interface-ivars -Wno-arc-repeated-use-of-weak -Wno-missing-braces -Wparentheses -Wswitch -Wno-unused-function -Wno-unused-label -Wno-unused-parameter -Wno-unused-variable -Wunused-value -Wno-empty-body -Wno-uninitialized -Wno-unknown-pragmas -w -Wno-shadow -Wno-four-char-constants -Wno-conversion -Wno-constant-conversion -Wno-int-conversion -Wno-bool-conversion -Wno-enum-conversion -Wno-float-conversion -Wno-non-literal-null-conversion -Wno-objc-literal-conversion -Wshorten-64-to-32 -Wpointer-sign -Wno-newline-eof -Wno-selector -Wno-strict-selector-match -Wno-undeclared-selector -Wno-deprecated-implementations -Wno-implicit-fallthrough -fstrict-aliasing -Wprotocol -Wdeprecated-declarations -Wno-sign-conversion -Wno-infinite-recursion -Wno-comma -Wno-block-capture-autoreleasing -Wno-strict-prototypes -Wno-semicolon-before-method-body -index-store-path /Users/emanuelflury/Library/Developer/Xcode/DerivedData/TaxedGmbH_IOS-gerngfqzuwudosgobknlgtoawnlj/Index.noindex/DataStore @/Users/emanuelflury/Library/Developer/Xcode/DerivedData/TaxedGmbH_IOS-gerngfqzuwudosgobknlgtoawnlj/Build/Intermediates.noindex/GTMSessionFetcher.build/Debug-iphoneos/GTMSessionFetcherCore.build/Objects-normal/arm64/e6072d4f65d7061329687fe24e3d63a7-common-args.resp -include /Users/emanuelflury/Library/Developer/Xcode/DerivedData/TaxedGmbH_IOS-gerngfqzuwudosgobknlgtoawnlj/Build/Intermediates.noindex/GTMSessionFetcher.build/Debug-iphoneos/GTMSessionFetcherCore.build/DerivedSources/resource_bundle_accessor.h -MMD -MT dependencies -MF /Users/emanuelflury/Library/Developer/Xcode/DerivedData/TaxedGmbH_IOS-gerngfqzuwudosgobknlgtoawnlj/Build/Intermediates.noindex/GTMSessionFetcher.build/Debug-iphoneos/GTMSessionFetcherCore.build/Objects-normal/arm64/resource_bundle_accessor.d --serialize-diagnostics /Users/emanuelflury/Library/Developer/Xcode/DerivedData/TaxedGmbH_IOS-gerngfqzuwudosgobknlgtoawnlj/Build/Intermediates.noindex/GTMSessionFetcher.build/Debug-iphoneos/GTMSessionFetcherCore.build/Objects-normal/arm64/resource_bundle_accessor.dia -c /Users/emanuelflury/Library/Developer/Xcode/DerivedData/TaxedGmbH_IOS-gerngfqzuwudosgobknlgtoawnlj/Build/Intermediates.noindex/GTMSessionFetcher.build/Debug-iphoneos/GTMSessionFetcherCore.build/DerivedSources/resource_bundle_accessor.m -o /Users/emanuelflury/Library/Developer/Xcode/DerivedData/TaxedGmbH_IOS-gerngfqzuwudosgobknlgtoawnlj/Build/Intermediates.noindex/GTMSessionFetcher.build/Debug-iphoneos/GTMSessionFetcherCore.build/Objects-normal/arm64/resource_bundle_accessor.o -index-unit-output-path /GTMSessionFetcher.build/Debug-iphoneos/GTMSessionFetcherCore.build/Objects-normal/arm64/resource_bundle_accessor.o

ScanDependencies /Users/emanuelflury/Library/Developer/Xcode/DerivedData/TaxedGmbH_IOS-gerngfqzuwudosgobknlgtoawnlj/Build/Intermediates.noindex/GTMSessionFetcher.build/Debug-iphoneos/GTMSessionFetcherCore.build/Objects-normal/arm64/GTMSessionUploadFetcher.o /Users/emanuelflury/Library/Developer/Xcode/DerivedData/TaxedGmbH_IOS-gerngfqzuwudosgobknlgtoawnlj/SourcePackages/checkouts/gtm-session-fetcher/Sources/Core/GTMSessionUploadFetcher.m normal arm64 objective-c com.apple.compilers.llvm.clang.1_0.compiler (in target 'GTMSessionFetcherCore' from project 'GTMSessionFetcher')
    cd /Users/emanuelflury/github/TaxedGmbH_IOS/TaxedGmbH_IOS.xcodeproj
    
    Using response file: /Users/emanuelflury/Library/Developer/Xcode/DerivedData/TaxedGmbH_IOS-gerngfqzuwudosgobknlgtoawnlj/Build/Intermediates.noindex/GTMSessionFetcher.build/Debug-iphoneos/GTMSessionFetcherCore.build/Objects-normal/arm64/e6072d4f65d7061329687fe24e3d63a7-common-args.resp
    
    builtin-ScanDependencies -o /Users/emanuelflury/Library/Developer/Xcode/DerivedData/TaxedGmbH_IOS-gerngfqzuwudosgobknlgtoawnlj/Build/Intermediates.noindex/GTMSessionFetcher.build/Debug-iphoneos/GTMSessionFetcherCore.build/Objects-normal/arm64/GTMSessionUploadFetcher.o.scan -- /Applications/Xcode.app/Contents/Developer/Toolchains/XcodeDefault.xctoolchain/usr/bin/clang -x objective-c -ivfsstatcache /Users/emanuelflury/Library/Developer/Xcode/DerivedData/SDKStatCaches.noindex/iphoneos26.1-23B77-69b33fc7382b27d9b5d46e82a00f8e78.sdkstatcache -fmessage-length\=0 -fdiagnostics-show-note-include-stack -fmacro-backtrace-limit\=0 -fno-color-diagnostics -fmodules-prune-interval\=86400 -fmodules-prune-after\=345600 -fbuild-session-file\=/Users/emanuelflury/Library/Developer/Xcode/DerivedData/ModuleCache.noindex/Session.modulevalidation -fmodules-validate-once-per-build-session -Wnon-modular-include-in-framework-module -Werror\=non-modular-include-in-framework-module -Wno-trigraphs -Wno-missing-field-initializers -Wno-missing-prototypes -Wno-return-type -Wno-implicit-atomic-properties -Wno-objc-interface-ivars -Wno-arc-repeated-use-of-weak -Wno-missing-braces -Wparentheses -Wswitch -Wno-unused-function -Wno-unused-label -Wno-unused-parameter -Wno-unused-variable -Wunused-value -Wno-empty-body -Wno-uninitialized -Wno-unknown-pragmas -w -Wno-shadow -Wno-four-char-constants -Wno-conversion -Wno-constant-conversion -Wno-int-conversion -Wno-bool-conversion -Wno-enum-conversion -Wno-float-conversion -Wno-non-literal-null-conversion -Wno-objc-literal-conversion -Wshorten-64-to-32 -Wpointer-sign -Wno-newline-eof -Wno-selector -Wno-strict-selector-match -Wno-undeclared-selector -Wno-deprecated-implementations -Wno-implicit-fallthrough -fstrict-aliasing -Wprotocol -Wdeprecated-declarations -Wno-sign-conversion -Wno-infinite-recursion -Wno-comma -Wno-block-capture-autoreleasing -Wno-strict-prototypes -Wno-semicolon-before-method-body -index-store-path /Users/emanuelflury/Library/Developer/Xcode/DerivedData/TaxedGmbH_IOS-gerngfqzuwudosgobknlgtoawnlj/Index.noindex/DataStore @/Users/emanuelflury/Library/Developer/Xcode/DerivedData/TaxedGmbH_IOS-gerngfqzuwudosgobknlgtoawnlj/Build/Intermediates.noindex/GTMSessionFetcher.build/Debug-iphoneos/GTMSessionFetcherCore.build/Objects-normal/arm64/e6072d4f65d7061329687fe24e3d63a7-common-args.resp -include /Users/emanuelflury/Library/Developer/Xcode/DerivedData/TaxedGmbH_IOS-gerngfqzuwudosgobknlgtoawnlj/Build/Intermediates.noindex/GTMSessionFetcher.build/Debug-iphoneos/GTMSessionFetcherCore.build/DerivedSources/resource_bundle_accessor.h -MMD -MT dependencies -MF /Users/emanuelflury/Library/Developer/Xcode/DerivedData/TaxedGmbH_IOS-gerngfqzuwudosgobknlgtoawnlj/Build/Intermediates.noindex/GTMSessionFetcher.build/Debug-iphoneos/GTMSessionFetcherCore.build/Objects-normal/arm64/GTMSessionUploadFetcher.d --serialize-diagnostics /Users/emanuelflury/Library/Developer/Xcode/DerivedData/TaxedGmbH_IOS-gerngfqzuwudosgobknlgtoawnlj/Build/Intermediates.noindex/GTMSessionFetcher.build/Debug-iphoneos/GTMSessionFetcherCore.build/Objects-normal/arm64/GTMSessionUploadFetcher.dia -c /Users/emanuelflury/Library/Developer/Xcode/DerivedData/TaxedGmbH_IOS-gerngfqzuwudosgobknlgtoawnlj/SourcePackages/checkouts/gtm-session-fetcher/Sources/Core/GTMSessionUploadFetcher.m -o /Users/emanuelflury/Library/Developer/Xcode/DerivedData/TaxedGmbH_IOS-gerngfqzuwudosgobknlgtoawnlj/Build/Intermediates.noindex/GTMSessionFetcher.build/Debug-iphoneos/GTMSessionFetcherCore.build/Objects-normal/arm64/GTMSessionUploadFetcher.o -index-unit-output-path /GTMSessionFetcher.build/Debug-iphoneos/GTMSessionFetcherCore.build/Objects-normal/arm64/GTMSessionUploadFetcher.o

ScanDependencies /Users/emanuelflury/Library/Developer/Xcode/DerivedData/TaxedGmbH_IOS-gerngfqzuwudosgobknlgtoawnlj/Build/Intermediates.noindex/GTMSessionFetcher.build/Debug-iphoneos/GTMSessionFetcherCore.build/Objects-normal/arm64/GTMSessionFetcherService.o /Users/emanuelflury/Library/Developer/Xcode/DerivedData/TaxedGmbH_IOS-gerngfqzuwudosgobknlgtoawnlj/SourcePackages/checkouts/gtm-session-fetcher/Sources/Core/GTMSessionFetcherService.m normal arm64 objective-c com.apple.compilers.llvm.clang.1_0.compiler (in target 'GTMSessionFetcherCore' from project 'GTMSessionFetcher')
    cd /Users/emanuelflury/github/TaxedGmbH_IOS/TaxedGmbH_IOS.xcodeproj
    
    Using response file: /Users/emanuelflury/Library/Developer/Xcode/DerivedData/TaxedGmbH_IOS-gerngfqzuwudosgobknlgtoawnlj/Build/Intermediates.noindex/GTMSessionFetcher.build/Debug-iphoneos/GTMSessionFetcherCore.build/Objects-normal/arm64/e6072d4f65d7061329687fe24e3d63a7-common-args.resp
    
    builtin-ScanDependencies -o /Users/emanuelflury/Library/Developer/Xcode/DerivedData/TaxedGmbH_IOS-gerngfqzuwudosgobknlgtoawnlj/Build/Intermediates.noindex/GTMSessionFetcher.build/Debug-iphoneos/GTMSessionFetcherCore.build/Objects-normal/arm64/GTMSessionFetcherService.o.scan -- /Applications/Xcode.app/Contents/Developer/Toolchains/XcodeDefault.xctoolchain/usr/bin/clang -x objective-c -ivfsstatcache /Users/emanuelflury/Library/Developer/Xcode/DerivedData/SDKStatCaches.noindex/iphoneos26.1-23B77-69b33fc7382b27d9b5d46e82a00f8e78.sdkstatcache -fmessage-length\=0 -fdiagnostics-show-note-include-stack -fmacro-backtrace-limit\=0 -fno-color-diagnostics -fmodules-prune-interval\=86400 -fmodules-prune-after\=345600 -fbuild-session-file\=/Users/emanuelflury/Library/Developer/Xcode/DerivedData/ModuleCache.noindex/Session.modulevalidation -fmodules-validate-once-per-build-session -Wnon-modular-include-in-framework-module -Werror\=non-modular-include-in-framework-module -Wno-trigraphs -Wno-missing-field-initializers -Wno-missing-prototypes -Wno-return-type -Wno-implicit-atomic-properties -Wno-objc-interface-ivars -Wno-arc-repeated-use-of-weak -Wno-missing-braces -Wparentheses -Wswitch -Wno-unused-function -Wno-unused-label -Wno-unused-parameter -Wno-unused-variable -Wunused-value -Wno-empty-body -Wno-uninitialized -Wno-unknown-pragmas -w -Wno-shadow -Wno-four-char-constants -Wno-conversion -Wno-constant-conversion -Wno-int-conversion -Wno-bool-conversion -Wno-enum-conversion -Wno-float-conversion -Wno-non-literal-null-conversion -Wno-objc-literal-conversion -Wshorten-64-to-32 -Wpointer-sign -Wno-newline-eof -Wno-selector -Wno-strict-selector-match -Wno-undeclared-selector -Wno-deprecated-implementations -Wno-implicit-fallthrough -fstrict-aliasing -Wprotocol -Wdeprecated-declarations -Wno-sign-conversion -Wno-infinite-recursion -Wno-comma -Wno-block-capture-autoreleasing -Wno-strict-prototypes -Wno-semicolon-before-method-body -index-store-path /Users/emanuelflury/Library/Developer/Xcode/DerivedData/TaxedGmbH_IOS-gerngfqzuwudosgobknlgtoawnlj/Index.noindex/DataStore @/Users/emanuelflury/Library/Developer/Xcode/DerivedData/TaxedGmbH_IOS-gerngfqzuwudosgobknlgtoawnlj/Build/Intermediates.noindex/GTMSessionFetcher.build/Debug-iphoneos/GTMSessionFetcherCore.build/Objects-normal/arm64/e6072d4f65d7061329687fe24e3d63a7-common-args.resp -include /Users/emanuelflury/Library/Developer/Xcode/DerivedData/TaxedGmbH_IOS-gerngfqzuwudosgobknlgtoawnlj/Build/Intermediates.noindex/GTMSessionFetcher.build/Debug-iphoneos/GTMSessionFetcherCore.build/DerivedSources/resource_bundle_accessor.h -MMD -MT dependencies -MF /Users/emanuelflury/Library/Developer/Xcode/DerivedData/TaxedGmbH_IOS-gerngfqzuwudosgobknlgtoawnlj/Build/Intermediates.noindex/GTMSessionFetcher.build/Debug-iphoneos/GTMSessionFetcherCore.build/Objects-normal/arm64/GTMSessionFetcherService.d --serialize-diagnostics /Users/emanuelflury/Library/Developer/Xcode/DerivedData/TaxedGmbH_IOS-gerngfqzuwudosgobknlgtoawnlj/Build/Intermediates.noindex/GTMSessionFetcher.build/Debug-iphoneos/GTMSessionFetcherCore.build/Objects-normal/arm64/GTMSessionFetcherService.dia -c /Users/emanuelflury/Library/Developer/Xcode/DerivedData/TaxedGmbH_IOS-gerngfqzuwudosgobknlgtoawnlj/SourcePackages/checkouts/gtm-session-fetcher/Sources/Core/GTMSessionFetcherService.m -o /Users/emanuelflury/Library/Developer/Xcode/DerivedData/TaxedGmbH_IOS-gerngfqzuwudosgobknlgtoawnlj/Build/Intermediates.noindex/GTMSessionFetcher.build/Debug-iphoneos/GTMSessionFetcherCore.build/Objects-normal/arm64/GTMSessionFetcherService.o -index-unit-output-path /GTMSessionFetcher.build/Debug-iphoneos/GTMSessionFetcherCore.build/Objects-normal/arm64/GTMSessionFetcherService.o

ScanDependencies /Users/emanuelflury/Library/Developer/Xcode/DerivedData/TaxedGmbH_IOS-gerngfqzuwudosgobknlgtoawnlj/Build/Intermediates.noindex/GTMSessionFetcher.build/Debug-iphoneos/GTMSessionFetcherCore.build/Objects-normal/arm64/GTMSessionFetcherLogging.o /Users/emanuelflury/Library/Developer/Xcode/DerivedData/TaxedGmbH_IOS-gerngfqzuwudosgobknlgtoawnlj/SourcePackages/checkouts/gtm-session-fetcher/Sources/Core/GTMSessionFetcherLogging.m normal arm64 objective-c com.apple.compilers.llvm.clang.1_0.compiler (in target 'GTMSessionFetcherCore' from project 'GTMSessionFetcher')
    cd /Users/emanuelflury/github/TaxedGmbH_IOS/TaxedGmbH_IOS.xcodeproj
    
    Using response file: /Users/emanuelflury/Library/Developer/Xcode/DerivedData/TaxedGmbH_IOS-gerngfqzuwudosgobknlgtoawnlj/Build/Intermediates.noindex/GTMSessionFetcher.build/Debug-iphoneos/GTMSessionFetcherCore.build/Objects-normal/arm64/e6072d4f65d7061329687fe24e3d63a7-common-args.resp
    
    builtin-ScanDependencies -o /Users/emanuelflury/Library/Developer/Xcode/DerivedData/TaxedGmbH_IOS-gerngfqzuwudosgobknlgtoawnlj/Build/Intermediates.noindex/GTMSessionFetcher.build/Debug-iphoneos/GTMSessionFetcherCore.build/Objects-normal/arm64/GTMSessionFetcherLogging.o.scan -- /Applications/Xcode.app/Contents/Developer/Toolchains/XcodeDefault.xctoolchain/usr/bin/clang -x objective-c -ivfsstatcache /Users/emanuelflury/Library/Developer/Xcode/DerivedData/SDKStatCaches.noindex/iphoneos26.1-23B77-69b33fc7382b27d9b5d46e82a00f8e78.sdkstatcache -fmessage-length\=0 -fdiagnostics-show-note-include-stack -fmacro-backtrace-limit\=0 -fno-color-diagnostics -fmodules-prune-interval\=86400 -fmodules-prune-after\=345600 -fbuild-session-file\=/Users/emanuelflury/Library/Developer/Xcode/DerivedData/ModuleCache.noindex/Session.modulevalidation -fmodules-validate-once-per-build-session -Wnon-modular-include-in-framework-module -Werror\=non-modular-include-in-framework-module -Wno-trigraphs -Wno-missing-field-initializers -Wno-missing-prototypes -Wno-return-type -Wno-implicit-atomic-properties -Wno-objc-interface-ivars -Wno-arc-repeated-use-of-weak -Wno-missing-braces -Wparentheses -Wswitch -Wno-unused-function -Wno-unused-label -Wno-unused-parameter -Wno-unused-variable -Wunused-value -Wno-empty-body -Wno-uninitialized -Wno-unknown-pragmas -w -Wno-shadow -Wno-four-char-constants -Wno-conversion -Wno-constant-conversion -Wno-int-conversion -Wno-bool-conversion -Wno-enum-conversion -Wno-float-conversion -Wno-non-literal-null-conversion -Wno-objc-literal-conversion -Wshorten-64-to-32 -Wpointer-sign -Wno-newline-eof -Wno-selector -Wno-strict-selector-match -Wno-undeclared-selector -Wno-deprecated-implementations -Wno-implicit-fallthrough -fstrict-aliasing -Wprotocol -Wdeprecated-declarations -Wno-sign-conversion -Wno-infinite-recursion -Wno-comma -Wno-block-capture-autoreleasing -Wno-strict-prototypes -Wno-semicolon-before-method-body -index-store-path /Users/emanuelflury/Library/Developer/Xcode/DerivedData/TaxedGmbH_IOS-gerngfqzuwudosgobknlgtoawnlj/Index.noindex/DataStore @/Users/emanuelflury/Library/Developer/Xcode/DerivedData/TaxedGmbH_IOS-gerngfqzuwudosgobknlgtoawnlj/Build/Intermediates.noindex/GTMSessionFetcher.build/Debug-iphoneos/GTMSessionFetcherCore.build/Objects-normal/arm64/e6072d4f65d7061329687fe24e3d63a7-common-args.resp -include /Users/emanuelflury/Library/Developer/Xcode/DerivedData/TaxedGmbH_IOS-gerngfqzuwudosgobknlgtoawnlj/Build/Intermediates.noindex/GTMSessionFetcher.build/Debug-iphoneos/GTMSessionFetcherCore.build/DerivedSources/resource_bundle_accessor.h -MMD -MT dependencies -MF /Users/emanuelflury/Library/Developer/Xcode/DerivedData/TaxedGmbH_IOS-gerngfqzuwudosgobknlgtoawnlj/Build/Intermediates.noindex/GTMSessionFetcher.build/Debug-iphoneos/GTMSessionFetcherCore.build/Objects-normal/arm64/GTMSessionFetcherLogging.d --serialize-diagnostics /Users/emanuelflury/Library/Developer/Xcode/DerivedData/TaxedGmbH_IOS-gerngfqzuwudosgobknlgtoawnlj/Build/Intermediates.noindex/GTMSessionFetcher.build/Debug-iphoneos/GTMSessionFetcherCore.build/Objects-normal/arm64/GTMSessionFetcherLogging.dia -c /Users/emanuelflury/Library/Developer/Xcode/DerivedData/TaxedGmbH_IOS-gerngfqzuwudosgobknlgtoawnlj/SourcePackages/checkouts/gtm-session-fetcher/Sources/Core/GTMSessionFetcherLogging.m -o /Users/emanuelflury/Library/Developer/Xcode/DerivedData/TaxedGmbH_IOS-gerngfqzuwudosgobknlgtoawnlj/Build/Intermediates.noindex/GTMSessionFetcher.build/Debug-iphoneos/GTMSessionFetcherCore.build/Objects-normal/arm64/GTMSessionFetcherLogging.o -index-unit-output-path /GTMSessionFetcher.build/Debug-iphoneos/GTMSessionFetcherCore.build/Objects-normal/arm64/GTMSessionFetcherLogging.o

ScanDependencies /Users/emanuelflury/Library/Developer/Xcode/DerivedData/TaxedGmbH_IOS-gerngfqzuwudosgobknlgtoawnlj/Build/Intermediates.noindex/GTMSessionFetcher.build/Debug-iphoneos/GTMSessionFetcherCore.build/Objects-normal/arm64/GTMSessionFetcher.o /Users/emanuelflury/Library/Developer/Xcode/DerivedData/TaxedGmbH_IOS-gerngfqzuwudosgobknlgtoawnlj/SourcePackages/checkouts/gtm-session-fetcher/Sources/Core/GTMSessionFetcher.m normal arm64 objective-c com.apple.compilers.llvm.clang.1_0.compiler (in target 'GTMSessionFetcherCore' from project 'GTMSessionFetcher')
    cd /Users/emanuelflury/github/TaxedGmbH_IOS/TaxedGmbH_IOS.xcodeproj
    
    Using response file: /Users/emanuelflury/Library/Developer/Xcode/DerivedData/TaxedGmbH_IOS-gerngfqzuwudosgobknlgtoawnlj/Build/Intermediates.noindex/GTMSessionFetcher.build/Debug-iphoneos/GTMSessionFetcherCore.build/Objects-normal/arm64/e6072d4f65d7061329687fe24e3d63a7-common-args.resp
    
    builtin-ScanDependencies -o /Users/emanuelflury/Library/Developer/Xcode/DerivedData/TaxedGmbH_IOS-gerngfqzuwudosgobknlgtoawnlj/Build/Intermediates.noindex/GTMSessionFetcher.build/Debug-iphoneos/GTMSessionFetcherCore.build/Objects-normal/arm64/GTMSessionFetcher.o.scan -- /Applications/Xcode.app/Contents/Developer/Toolchains/XcodeDefault.xctoolchain/usr/bin/clang -x objective-c -ivfsstatcache /Users/emanuelflury/Library/Developer/Xcode/DerivedData/SDKStatCaches.noindex/iphoneos26.1-23B77-69b33fc7382b27d9b5d46e82a00f8e78.sdkstatcache -fmessage-length\=0 -fdiagnostics-show-note-include-stack -fmacro-backtrace-limit\=0 -fno-color-diagnostics -fmodules-prune-interval\=86400 -fmodules-prune-after\=345600 -fbuild-session-file\=/Users/emanuelflury/Library/Developer/Xcode/DerivedData/ModuleCache.noindex/Session.modulevalidation -fmodules-validate-once-per-build-session -Wnon-modular-include-in-framework-module -Werror\=non-modular-include-in-framework-module -Wno-trigraphs -Wno-missing-field-initializers -Wno-missing-prototypes -Wno-return-type -Wno-implicit-atomic-properties -Wno-objc-interface-ivars -Wno-arc-repeated-use-of-weak -Wno-missing-braces -Wparentheses -Wswitch -Wno-unused-function -Wno-unused-label -Wno-unused-parameter -Wno-unused-variable -Wunused-value -Wno-empty-body -Wno-uninitialized -Wno-unknown-pragmas -w -Wno-shadow -Wno-four-char-constants -Wno-conversion -Wno-constant-conversion -Wno-int-conversion -Wno-bool-conversion -Wno-enum-conversion -Wno-float-conversion -Wno-non-literal-null-conversion -Wno-objc-literal-conversion -Wshorten-64-to-32 -Wpointer-sign -Wno-newline-eof -Wno-selector -Wno-strict-selector-match -Wno-undeclared-selector -Wno-deprecated-implementations -Wno-implicit-fallthrough -fstrict-aliasing -Wprotocol -Wdeprecated-declarations -Wno-sign-conversion -Wno-infinite-recursion -Wno-comma -Wno-block-capture-autoreleasing -Wno-strict-prototypes -Wno-semicolon-before-method-body -index-store-path /Users/emanuelflury/Library/Developer/Xcode/DerivedData/TaxedGmbH_IOS-gerngfqzuwudosgobknlgtoawnlj/Index.noindex/DataStore @/Users/emanuelflury/Library/Developer/Xcode/DerivedData/TaxedGmbH_IOS-gerngfqzuwudosgobknlgtoawnlj/Build/Intermediates.noindex/GTMSessionFetcher.build/Debug-iphoneos/GTMSessionFetcherCore.build/Objects-normal/arm64/e6072d4f65d7061329687fe24e3d63a7-common-args.resp -include /Users/emanuelflury/Library/Developer/Xcode/DerivedData/TaxedGmbH_IOS-gerngfqzuwudosgobknlgtoawnlj/Build/Intermediates.noindex/GTMSessionFetcher.build/Debug-iphoneos/GTMSessionFetcherCore.build/DerivedSources/resource_bundle_accessor.h -MMD -MT dependencies -MF /Users/emanuelflury/Library/Developer/Xcode/DerivedData/TaxedGmbH_IOS-gerngfqzuwudosgobknlgtoawnlj/Build/Intermediates.noindex/GTMSessionFetcher.build/Debug-iphoneos/GTMSessionFetcherCore.build/Objects-normal/arm64/GTMSessionFetcher.d --serialize-diagnostics /Users/emanuelflury/Library/Developer/Xcode/DerivedData/TaxedGmbH_IOS-gerngfqzuwudosgobknlgtoawnlj/Build/Intermediates.noindex/GTMSessionFetcher.build/Debug-iphoneos/GTMSessionFetcherCore.build/Objects-normal/arm64/GTMSessionFetcher.dia -c /Users/emanuelflury/Library/Developer/Xcode/DerivedData/TaxedGmbH_IOS-gerngfqzuwudosgobknlgtoawnlj/SourcePackages/checkouts/gtm-session-fetcher/Sources/Core/GTMSessionFetcher.m -o /Users/emanuelflury/Library/Developer/Xcode/DerivedData/TaxedGmbH_IOS-gerngfqzuwudosgobknlgtoawnlj/Build/Intermediates.noindex/GTMSessionFetcher.build/Debug-iphoneos/GTMSessionFetcherCore.build/Objects-normal/arm64/GTMSessionFetcher.o -index-unit-output-path /GTMSessionFetcher.build/Debug-iphoneos/GTMSessionFetcherCore.build/Objects-normal/arm64/GTMSessionFetcher.o

SwiftDriver\ Compilation FirebaseSharedSwift normal arm64 com.apple.xcode.tools.swift.compiler (in target 'FirebaseSharedSwift' from project 'Firebase')
    cd /Users/emanuelflury/github/TaxedGmbH_IOS/TaxedGmbH_IOS.xcodeproj
    builtin-Swift-Compilation -- /Applications/Xcode.app/Contents/Developer/Toolchains/XcodeDefault.xctoolchain/usr/bin/swiftc -module-name FirebaseSharedSwift -Onone -enforce-exclusivity\=checked @/Users/emanuelflury/Library/Developer/Xcode/DerivedData/TaxedGmbH_IOS-gerngfqzuwudosgobknlgtoawnlj/Build/Intermediates.noindex/Firebase.build/Debug-iphoneos/FirebaseSharedSwift.build/Objects-normal/arm64/FirebaseSharedSwift.SwiftFileList -DSWIFT_PACKAGE -DDEBUG -DSWIFT_MODULE_RESOURCE_BUNDLE_UNAVAILABLE -DXcode -plugin-path /Applications/Xcode.app/Contents/Developer/Toolchains/XcodeDefault.xctoolchain/usr/lib/swift/host/plugins/testing -enable-experimental-feature DebugDescriptionMacro -sdk /Applications/Xcode.app/Contents/Developer/Platforms/iPhoneOS.platform/Developer/SDKs/iPhoneOS26.1.sdk -target arm64-apple-ios15.0 -g -module-cache-path /Users/emanuelflury/Library/Developer/Xcode/DerivedData/ModuleCache.noindex -Xfrontend -serialize-debugging-options -profile-coverage-mapping -profile-generate -enable-testing -suppress-warnings -index-store-path /Users/emanuelflury/Library/Developer/Xcode/DerivedData/TaxedGmbH_IOS-gerngfqzuwudosgobknlgtoawnlj/Index.noindex/DataStore -Xcc -D_LIBCPP_HARDENING_MODE\=_LIBCPP_HARDENING_MODE_DEBUG -swift-version 5 -I /Users/emanuelflury/Library/Developer/Xcode/DerivedData/TaxedGmbH_IOS-gerngfqzuwudosgobknlgtoawnlj/Build/Products/Debug-iphoneos -Isystem /Applications/Xcode.app/Contents/Developer/Platforms/iPhoneOS.platform/Developer/usr/lib -F /Users/emanuelflury/Library/Developer/Xcode/DerivedData/TaxedGmbH_IOS-gerngfqzuwudosgobknlgtoawnlj/Build/Products/Debug-iphoneos -F /Applications/Xcode.app/Contents/Developer/Platforms/iPhoneOS.platform/Developer/Library/Frameworks -F /Applications/Xcode.app/Contents/Developer/Platforms/iPhoneOS.platform/Developer/SDKs/iPhoneOS26.1.sdk/Developer/Library/Frameworks -c -j12 -enable-batch-mode -incremental -Xcc -ivfsstatcache -Xcc /Users/emanuelflury/Library/Developer/Xcode/DerivedData/SDKStatCaches.noindex/iphoneos26.1-23B77-69b33fc7382b27d9b5d46e82a00f8e78.sdkstatcache -output-file-map /Users/emanuelflury/Library/Developer/Xcode/DerivedData/TaxedGmbH_IOS-gerngfqzuwudosgobknlgtoawnlj/Build/Intermediates.noindex/Firebase.build/Debug-iphoneos/FirebaseSharedSwift.build/Objects-normal/arm64/FirebaseSharedSwift-OutputFileMap.json -use-frontend-parseable-output -save-temps -no-color-diagnostics -explicit-module-build -module-cache-path /Users/emanuelflury/Library/Developer/Xcode/DerivedData/TaxedGmbH_IOS-gerngfqzuwudosgobknlgtoawnlj/Build/Intermediates.noindex/SwiftExplicitPrecompiledModules -clang-scanner-module-cache-path /Users/emanuelflury/Library/Developer/Xcode/DerivedData/ModuleCache.noindex -sdk-module-cache-path /Users/emanuelflury/Library/Developer/Xcode/DerivedData/ModuleCache.noindex -serialize-diagnostics -emit-dependencies -emit-module -emit-module-path /Users/emanuelflury/Library/Developer/Xcode/DerivedData/TaxedGmbH_IOS-gerngfqzuwudosgobknlgtoawnlj/Build/Intermediates.noindex/Firebase.build/Debug-iphoneos/FirebaseSharedSwift.build/Objects-normal/arm64/FirebaseSharedSwift.swiftmodule -user-module-version 12.6.0 -validate-clang-modules-once -clang-build-session-file /Users/emanuelflury/Library/Developer/Xcode/DerivedData/ModuleCache.noindex/Session.modulevalidation -package-name firebase_ios_sdk -Xcc -I/Users/emanuelflury/Library/Developer/Xcode/DerivedData/TaxedGmbH_IOS-gerngfqzuwudosgobknlgtoawnlj/Build/Intermediates.noindex/Firebase.build/Debug-iphoneos/FirebaseSharedSwift.build/swift-overrides.hmap -emit-const-values -Xfrontend -const-gather-protocols-file -Xfrontend /Users/emanuelflury/Library/Developer/Xcode/DerivedData/TaxedGmbH_IOS-gerngfqzuwudosgobknlgtoawnlj/Build/Intermediates.noindex/Firebase.build/Debug-iphoneos/FirebaseSharedSwift.build/Objects-normal/arm64/FirebaseSharedSwift_const_extract_protocols.json -Xcc -I/Users/emanuelflury/Library/Developer/Xcode/DerivedData/TaxedGmbH_IOS-gerngfqzuwudosgobknlgtoawnlj/Build/Products/Debug-iphoneos/include -Xcc -I/Users/emanuelflury/Library/Developer/Xcode/DerivedData/TaxedGmbH_IOS-gerngfqzuwudosgobknlgtoawnlj/Build/Intermediates.noindex/Firebase.build/Debug-iphoneos/FirebaseSharedSwift.build/DerivedSources-normal/arm64 -Xcc -I/Users/emanuelflury/Library/Developer/Xcode/DerivedData/TaxedGmbH_IOS-gerngfqzuwudosgobknlgtoawnlj/Build/Intermediates.noindex/Firebase.build/Debug-iphoneos/FirebaseSharedSwift.build/DerivedSources/arm64 -Xcc -I/Users/emanuelflury/Library/Developer/Xcode/DerivedData/TaxedGmbH_IOS-gerngfqzuwudosgobknlgtoawnlj/Build/Intermediates.noindex/Firebase.build/Debug-iphoneos/FirebaseSharedSwift.build/DerivedSources -Xcc -DSWIFT_PACKAGE -Xcc -DDEBUG\=1 -emit-objc-header -emit-objc-header-path /Users/emanuelflury/Library/Developer/Xcode/DerivedData/TaxedGmbH_IOS-gerngfqzuwudosgobknlgtoawnlj/Build/Intermediates.noindex/Firebase.build/Debug-iphoneos/FirebaseSharedSwift.build/Objects-normal/arm64/FirebaseSharedSwift-Swift.h -working-directory /Users/emanuelflury/github/TaxedGmbH_IOS/TaxedGmbH_IOS.xcodeproj -experimental-emit-module-separately -disable-cmo

PrecompileModule /Users/emanuelflury/Library/Developer/Xcode/DerivedData/TaxedGmbH_IOS-gerngfqzuwudosgobknlgtoawnlj/Build/Intermediates.noindex/ExplicitPrecompiledModules/_Builtin_stdint-2W56MJUFTW53BHTNOUSJBW5AM.scan
    cd /
    builtin-precompileModule /Users/emanuelflury/Library/Developer/Xcode/DerivedData/TaxedGmbH_IOS-gerngfqzuwudosgobknlgtoawnlj/Build/Intermediates.noindex/ExplicitPrecompiledModules/_Builtin_stdint-2W56MJUFTW53BHTNOUSJBW5AM.scan

ProcessXCFramework /Users/emanuelflury/Library/Developer/Xcode/DerivedData/TaxedGmbH_IOS-gerngfqzuwudosgobknlgtoawnlj/SourcePackages/artifacts/grpc-binary/openssl_grpc/openssl_grpc.xcframework /Users/emanuelflury/Library/Developer/Xcode/DerivedData/TaxedGmbH_IOS-gerngfqzuwudosgobknlgtoawnlj/Build/Products/Debug-iphoneos/openssl_grpc.framework ios
    cd /Users/emanuelflury/github/TaxedGmbH_IOS/TaxedGmbH_IOS.xcodeproj
    builtin-process-xcframework --xcframework /Users/emanuelflury/Library/Developer/Xcode/DerivedData/TaxedGmbH_IOS-gerngfqzuwudosgobknlgtoawnlj/SourcePackages/artifacts/grpc-binary/openssl_grpc/openssl_grpc.xcframework --platform ios --target-path /Users/emanuelflury/Library/Developer/Xcode/DerivedData/TaxedGmbH_IOS-gerngfqzuwudosgobknlgtoawnlj/Build/Products/Debug-iphoneos
/Users/emanuelflury/Library/Developer/Xcode/DerivedData/TaxedGmbH_IOS-gerngfqzuwudosgobknlgtoawnlj/SourcePackages/artifacts/grpc-binary/openssl_grpc/openssl_grpc.xcframework:1:1: note: The identity of “openssl_grpc.xcframework” is not recorded in your project.

ProcessXCFramework /Users/emanuelflury/Library/Developer/Xcode/DerivedData/TaxedGmbH_IOS-gerngfqzuwudosgobknlgtoawnlj/SourcePackages/artifacts/firebase-ios-sdk/FirebaseAnalytics/FirebaseAnalytics.xcframework /Users/emanuelflury/Library/Developer/Xcode/DerivedData/TaxedGmbH_IOS-gerngfqzuwudosgobknlgtoawnlj/Build/Products/Debug-iphoneos/FirebaseAnalytics.framework ios
    cd /Users/emanuelflury/github/TaxedGmbH_IOS/TaxedGmbH_IOS.xcodeproj
    builtin-process-xcframework --xcframework /Users/emanuelflury/Library/Developer/Xcode/DerivedData/TaxedGmbH_IOS-gerngfqzuwudosgobknlgtoawnlj/SourcePackages/artifacts/firebase-ios-sdk/FirebaseAnalytics/FirebaseAnalytics.xcframework --platform ios --target-path /Users/emanuelflury/Library/Developer/Xcode/DerivedData/TaxedGmbH_IOS-gerngfqzuwudosgobknlgtoawnlj/Build/Products/Debug-iphoneos
/Users/emanuelflury/Library/Developer/Xcode/DerivedData/TaxedGmbH_IOS-gerngfqzuwudosgobknlgtoawnlj/SourcePackages/artifacts/firebase-ios-sdk/FirebaseAnalytics/FirebaseAnalytics.xcframework:1:1: note: The identity of “FirebaseAnalytics.xcframework” is not recorded in your project.

ProcessXCFramework /Users/emanuelflury/Library/Developer/Xcode/DerivedData/TaxedGmbH_IOS-gerngfqzuwudosgobknlgtoawnlj/SourcePackages/artifacts/firebase-ios-sdk/FirebaseFirestoreInternal/FirebaseFirestoreInternal.xcframework /Users/emanuelflury/Library/Developer/Xcode/DerivedData/TaxedGmbH_IOS-gerngfqzuwudosgobknlgtoawnlj/Build/Products/Debug-iphoneos/FirebaseFirestoreInternal.framework ios
    cd /Users/emanuelflury/github/TaxedGmbH_IOS/TaxedGmbH_IOS.xcodeproj
    builtin-process-xcframework --xcframework /Users/emanuelflury/Library/Developer/Xcode/DerivedData/TaxedGmbH_IOS-gerngfqzuwudosgobknlgtoawnlj/SourcePackages/artifacts/firebase-ios-sdk/FirebaseFirestoreInternal/FirebaseFirestoreInternal.xcframework --platform ios --target-path /Users/emanuelflury/Library/Developer/Xcode/DerivedData/TaxedGmbH_IOS-gerngfqzuwudosgobknlgtoawnlj/Build/Products/Debug-iphoneos
/Users/emanuelflury/Library/Developer/Xcode/DerivedData/TaxedGmbH_IOS-gerngfqzuwudosgobknlgtoawnlj/SourcePackages/artifacts/firebase-ios-sdk/FirebaseFirestoreInternal/FirebaseFirestoreInternal.xcframework:1:1: note: The identity of “FirebaseFirestoreInternal.xcframework” is not recorded in your project.

ProcessXCFramework /Users/emanuelflury/Library/Developer/Xcode/DerivedData/TaxedGmbH_IOS-gerngfqzuwudosgobknlgtoawnlj/SourcePackages/artifacts/abseil-cpp-binary/absl/absl.xcframework /Users/emanuelflury/Library/Developer/Xcode/DerivedData/TaxedGmbH_IOS-gerngfqzuwudosgobknlgtoawnlj/Build/Products/Debug-iphoneos/absl.framework ios
    cd /Users/emanuelflury/github/TaxedGmbH_IOS/TaxedGmbH_IOS.xcodeproj
    builtin-process-xcframework --xcframework /Users/emanuelflury/Library/Developer/Xcode/DerivedData/TaxedGmbH_IOS-gerngfqzuwudosgobknlgtoawnlj/SourcePackages/artifacts/abseil-cpp-binary/absl/absl.xcframework --platform ios --target-path /Users/emanuelflury/Library/Developer/Xcode/DerivedData/TaxedGmbH_IOS-gerngfqzuwudosgobknlgtoawnlj/Build/Products/Debug-iphoneos
/Users/emanuelflury/Library/Developer/Xcode/DerivedData/TaxedGmbH_IOS-gerngfqzuwudosgobknlgtoawnlj/SourcePackages/artifacts/abseil-cpp-binary/absl/absl.xcframework:1:1: note: The identity of “absl.xcframework” is not recorded in your project.

PrecompileModule /Users/emanuelflury/Library/Developer/Xcode/DerivedData/TaxedGmbH_IOS-gerngfqzuwudosgobknlgtoawnlj/Build/Intermediates.noindex/ExplicitPrecompiledModules/_DarwinFoundation3-5OFTV0HNAM4RUDB0IVVC10XSI.scan
    cd /
    builtin-precompileModule /Users/emanuelflury/Library/Developer/Xcode/DerivedData/TaxedGmbH_IOS-gerngfqzuwudosgobknlgtoawnlj/Build/Intermediates.noindex/ExplicitPrecompiledModules/_DarwinFoundation3-5OFTV0HNAM4RUDB0IVVC10XSI.scan

ProcessXCFramework /Users/emanuelflury/Library/Developer/Xcode/DerivedData/TaxedGmbH_IOS-gerngfqzuwudosgobknlgtoawnlj/SourcePackages/artifacts/grpc-binary/grpc/grpc.xcframework /Users/emanuelflury/Library/Developer/Xcode/DerivedData/TaxedGmbH_IOS-gerngfqzuwudosgobknlgtoawnlj/Build/Products/Debug-iphoneos/grpc.framework ios
    cd /Users/emanuelflury/github/TaxedGmbH_IOS/TaxedGmbH_IOS.xcodeproj
    builtin-process-xcframework --xcframework /Users/emanuelflury/Library/Developer/Xcode/DerivedData/TaxedGmbH_IOS-gerngfqzuwudosgobknlgtoawnlj/SourcePackages/artifacts/grpc-binary/grpc/grpc.xcframework --platform ios --target-path /Users/emanuelflury/Library/Developer/Xcode/DerivedData/TaxedGmbH_IOS-gerngfqzuwudosgobknlgtoawnlj/Build/Products/Debug-iphoneos
/Users/emanuelflury/Library/Developer/Xcode/DerivedData/TaxedGmbH_IOS-gerngfqzuwudosgobknlgtoawnlj/SourcePackages/artifacts/grpc-binary/grpc/grpc.xcframework:1:1: note: The identity of “grpc.xcframework” is not recorded in your project.

ProcessXCFramework /Users/emanuelflury/Library/Developer/Xcode/DerivedData/TaxedGmbH_IOS-gerngfqzuwudosgobknlgtoawnlj/SourcePackages/artifacts/grpc-binary/grpcpp/grpcpp.xcframework /Users/emanuelflury/Library/Developer/Xcode/DerivedData/TaxedGmbH_IOS-gerngfqzuwudosgobknlgtoawnlj/Build/Products/Debug-iphoneos/grpcpp.framework ios
    cd /Users/emanuelflury/github/TaxedGmbH_IOS/TaxedGmbH_IOS.xcodeproj
    builtin-process-xcframework --xcframework /Users/emanuelflury/Library/Developer/Xcode/DerivedData/TaxedGmbH_IOS-gerngfqzuwudosgobknlgtoawnlj/SourcePackages/artifacts/grpc-binary/grpcpp/grpcpp.xcframework --platform ios --target-path /Users/emanuelflury/Library/Developer/Xcode/DerivedData/TaxedGmbH_IOS-gerngfqzuwudosgobknlgtoawnlj/Build/Products/Debug-iphoneos
/Users/emanuelflury/Library/Developer/Xcode/DerivedData/TaxedGmbH_IOS-gerngfqzuwudosgobknlgtoawnlj/SourcePackages/artifacts/grpc-binary/grpcpp/grpcpp.xcframework:1:1: note: The identity of “grpcpp.xcframework” is not recorded in your project.

WriteAuxiliaryFile /Users/emanuelflury/Library/Developer/Xcode/DerivedData/TaxedGmbH_IOS-gerngfqzuwudosgobknlgtoawnlj/Build/Intermediates.noindex/Firebase.build/Debug-iphoneos/FirebaseAnalyticsWrapper.build/Objects-normal/arm64/e6072d4f65d7061329687fe24e3d63a7-common-args.resp (in target 'FirebaseAnalyticsWrapper' from project 'Firebase')
    cd /Users/emanuelflury/Library/Developer/Xcode/DerivedData/TaxedGmbH_IOS-gerngfqzuwudosgobknlgtoawnlj/SourcePackages/checkouts/firebase-ios-sdk
    write-file /Users/emanuelflury/Library/Developer/Xcode/DerivedData/TaxedGmbH_IOS-gerngfqzuwudosgobknlgtoawnlj/Build/Intermediates.noindex/Firebase.build/Debug-iphoneos/FirebaseAnalyticsWrapper.build/Objects-normal/arm64/e6072d4f65d7061329687fe24e3d63a7-common-args.resp
-target arm64-apple-ios15.0 -fobjc-arc -fmodules -gmodules '-fmodules-cache-path=/Users/emanuelflury/Library/Developer/Xcode/DerivedData/ModuleCache.noindex' '-fmodule-name=FirebaseAnalyticsWrapper' -fpascal-strings -O0 -DSWIFT_PACKAGE '-DDEBUG=1' '-DOBJC_OLD_DISPATCH_PROTOTYPES=1' -isysroot /Applications/Xcode.app/Contents/Developer/Platforms/iPhoneOS.platform/Developer/SDKs/iPhoneOS26.1.sdk -g -fprofile-instr-generate -fcoverage-mapping -I/Users/emanuelflury/Library/Developer/Xcode/DerivedData/TaxedGmbH_IOS-gerngfqzuwudosgobknlgtoawnlj/SourcePackages/checkouts/promises/Sources/FBLPromises/include -I/Users/emanuelflury/Library/Developer/Xcode/DerivedData/TaxedGmbH_IOS-gerngfqzuwudosgobknlgtoawnlj/SourcePackages/checkouts/GoogleUtilities/GoogleUtilities/UserDefaults/Public -I/Users/emanuelflury/Library/Developer/Xcode/DerivedData/TaxedGmbH_IOS-gerngfqzuwudosgobknlgtoawnlj/SourcePackages/checkouts/google-ads-on-device-conversion-ios-sdk/GoogleAdsOnDeviceConversionWrapper/include -I/Users/emanuelflury/Library/Developer/Xcode/DerivedData/TaxedGmbH_IOS-gerngfqzuwudosgobknlgtoawnlj/SourcePackages/checkouts/GoogleAppMeasurement/GoogleAppMeasurementWrapper/include -I/Users/emanuelflury/Library/Developer/Xcode/DerivedData/TaxedGmbH_IOS-gerngfqzuwudosgobknlgtoawnlj/SourcePackages/checkouts/GoogleUtilities/GoogleUtilities/AppDelegateSwizzler/Public -I/Users/emanuelflury/Library/Developer/Xcode/DerivedData/TaxedGmbH_IOS-gerngfqzuwudosgobknlgtoawnlj/SourcePackages/checkouts/GoogleUtilities/GoogleUtilities/MethodSwizzler/Public -I/Users/emanuelflury/Library/Developer/Xcode/DerivedData/TaxedGmbH_IOS-gerngfqzuwudosgobknlgtoawnlj/SourcePackages/checkouts/GoogleUtilities/GoogleUtilities/Reachability/Public -I/Users/emanuelflury/Library/Developer/Xcode/DerivedData/TaxedGmbH_IOS-gerngfqzuwudosgobknlgtoawnlj/SourcePackages/checkouts/GoogleUtilities/GoogleUtilities/NSData+zlib/Public -I/Users/emanuelflury/Library/Developer/Xcode/DerivedData/TaxedGmbH_IOS-gerngfqzuwudosgobknlgtoawnlj/SourcePackages/checkouts/GoogleUtilities/GoogleUtilities/Logger/Public -I/Users/emanuelflury/Library/Developer/Xcode/DerivedData/TaxedGmbH_IOS-gerngfqzuwudosgobknlgtoawnlj/SourcePackages/checkouts/GoogleUtilities/GoogleUtilities/Environment/Public -I/Users/emanuelflury/Library/Developer/Xcode/DerivedData/TaxedGmbH_IOS-gerngfqzuwudosgobknlgtoawnlj/SourcePackages/checkouts/GoogleUtilities/third_party/IsAppEncrypted/Public -I/Users/emanuelflury/Library/Developer/Xcode/DerivedData/TaxedGmbH_IOS-gerngfqzuwudosgobknlgtoawnlj/SourcePackages/checkouts/GoogleUtilities/GoogleUtilities/Network/Public -I/Users/emanuelflury/Library/Developer/Xcode/DerivedData/TaxedGmbH_IOS-gerngfqzuwudosgobknlgtoawnlj/SourcePackages/checkouts/nanopb/spm_headers -I/Users/emanuelflury/Library/Developer/Xcode/DerivedData/TaxedGmbH_IOS-gerngfqzuwudosgobknlgtoawnlj/SourcePackages/checkouts/firebase-ios-sdk/FirebaseInstallations/Source/Library/Public -I/Users/emanuelflury/Library/Developer/Xcode/DerivedData/TaxedGmbH_IOS-gerngfqzuwudosgobknlgtoawnlj/SourcePackages/checkouts/firebase-ios-sdk/FirebaseCore/Sources/Public -I/Users/emanuelflury/Library/Developer/Xcode/DerivedData/TaxedGmbH_IOS-gerngfqzuwudosgobknlgtoawnlj/SourcePackages/checkouts/firebase-ios-sdk/CoreOnly/Sources -I/Users/emanuelflury/Library/Developer/Xcode/DerivedData/TaxedGmbH_IOS-gerngfqzuwudosgobknlgtoawnlj/Build/Products/Debug-iphoneos/include -I/Users/emanuelflury/Library/Developer/Xcode/DerivedData/TaxedGmbH_IOS-gerngfqzuwudosgobknlgtoawnlj/SourcePackages/checkouts/firebase-ios-sdk/FirebaseAnalyticsWrapper/include -I/Users/emanuelflury/Library/Developer/Xcode/DerivedData/TaxedGmbH_IOS-gerngfqzuwudosgobknlgtoawnlj/Build/Intermediates.noindex/Firebase.build/Debug-iphoneos/FirebaseAnalyticsWrapper.build/DerivedSources-normal/arm64 -I/Users/emanuelflury/Library/Developer/Xcode/DerivedData/TaxedGmbH_IOS-gerngfqzuwudosgobknlgtoawnlj/Build/Intermediates.noindex/Firebase.build/Debug-iphoneos/FirebaseAnalyticsWrapper.build/DerivedSources/arm64 -I/Users/emanuelflury/Library/Developer/Xcode/DerivedData/TaxedGmbH_IOS-gerngfqzuwudosgobknlgtoawnlj/Build/Intermediates.noindex/Firebase.build/Debug-iphoneos/FirebaseAnalyticsWrapper.build/DerivedSources -F/Users/emanuelflury/Library/Developer/Xcode/DerivedData/TaxedGmbH_IOS-gerngfqzuwudosgobknlgtoawnlj/Build/Products/Debug-iphoneos/PackageFrameworks -F/Users/emanuelflury/Library/Developer/Xcode/DerivedData/TaxedGmbH_IOS-gerngfqzuwudosgobknlgtoawnlj/Build/Products/Debug-iphoneos/PackageFrameworks -F/Users/emanuelflury/Library/Developer/Xcode/DerivedData/TaxedGmbH_IOS-gerngfqzuwudosgobknlgtoawnlj/Build/Products/Debug-iphoneos/PackageFrameworks -F/Users/emanuelflury/Library/Developer/Xcode/DerivedData/TaxedGmbH_IOS-gerngfqzuwudosgobknlgtoawnlj/Build/Products/Debug-iphoneos/PackageFrameworks -F/Users/emanuelflury/Library/Developer/Xcode/DerivedData/TaxedGmbH_IOS-gerngfqzuwudosgobknlgtoawnlj/Build/Products/Debug-iphoneos/PackageFrameworks -F/Users/emanuelflury/Library/Developer/Xcode/DerivedData/TaxedGmbH_IOS-gerngfqzuwudosgobknlgtoawnlj/Build/Products/Debug-iphoneos/PackageFrameworks -F/Users/emanuelflury/Library/Developer/Xcode/DerivedData/TaxedGmbH_IOS-gerngfqzuwudosgobknlgtoawnlj/Build/Products/Debug-iphoneos/PackageFrameworks -F/Users/emanuelflury/Library/Developer/Xcode/DerivedData/TaxedGmbH_IOS-gerngfqzuwudosgobknlgtoawnlj/Build/Products/Debug-iphoneos/PackageFrameworks -F/Users/emanuelflury/Library/Developer/Xcode/DerivedData/TaxedGmbH_IOS-gerngfqzuwudosgobknlgtoawnlj/Build/Products/Debug-iphoneos/PackageFrameworks -F/Users/emanuelflury/Library/Developer/Xcode/DerivedData/TaxedGmbH_IOS-gerngfqzuwudosgobknlgtoawnlj/Build/Products/Debug-iphoneos/PackageFrameworks -F/Users/emanuelflury/Library/Developer/Xcode/DerivedData/TaxedGmbH_IOS-gerngfqzuwudosgobknlgtoawnlj/Build/Products/Debug-iphoneos/PackageFrameworks -F/Users/emanuelflury/Library/Developer/Xcode/DerivedData/TaxedGmbH_IOS-gerngfqzuwudosgobknlgtoawnlj/Build/Products/Debug-iphoneos/PackageFrameworks -F/Users/emanuelflury/Library/Developer/Xcode/DerivedData/TaxedGmbH_IOS-gerngfqzuwudosgobknlgtoawnlj/Build/Products/Debug-iphoneos/PackageFrameworks -F/Users/emanuelflury/Library/Developer/Xcode/DerivedData/TaxedGmbH_IOS-gerngfqzuwudosgobknlgtoawnlj/Build/Products/Debug-iphoneos/PackageFrameworks -F/Users/emanuelflury/Library/Developer/Xcode/DerivedData/TaxedGmbH_IOS-gerngfqzuwudosgobknlgtoawnlj/Build/Products/Debug-iphoneos/PackageFrameworks -F/Users/emanuelflury/Library/Developer/Xcode/DerivedData/TaxedGmbH_IOS-gerngfqzuwudosgobknlgtoawnlj/Build/Products/Debug-iphoneos/PackageFrameworks -F/Users/emanuelflury/Library/Developer/Xcode/DerivedData/TaxedGmbH_IOS-gerngfqzuwudosgobknlgtoawnlj/Build/Products/Debug-iphoneos/PackageFrameworks -F/Users/emanuelflury/Library/Developer/Xcode/DerivedData/TaxedGmbH_IOS-gerngfqzuwudosgobknlgtoawnlj/Build/Products/Debug-iphoneos -iframework /Applications/Xcode.app/Contents/Developer/Platforms/iPhoneOS.platform/Developer/Library/Frameworks -iframework /Applications/Xcode.app/Contents/Developer/Platforms/iPhoneOS.platform/Developer/SDKs/iPhoneOS26.1.sdk/Developer/Library/Frameworks '-fmodule-map-file=/Users/emanuelflury/Library/Developer/Xcode/DerivedData/TaxedGmbH_IOS-gerngfqzuwudosgobknlgtoawnlj/Build/Intermediates.noindex/GeneratedModuleMaps-iphoneos/GoogleUtilities-UserDefaults.modulemap' '-fmodule-map-file=/Users/emanuelflury/Library/Developer/Xcode/DerivedData/TaxedGmbH_IOS-gerngfqzuwudosgobknlgtoawnlj/Build/Intermediates.noindex/GeneratedModuleMaps-iphoneos/GoogleAdsOnDeviceConversionTarget.modulemap' '-fmodule-map-file=/Users/emanuelflury/Library/Developer/Xcode/DerivedData/TaxedGmbH_IOS-gerngfqzuwudosgobknlgtoawnlj/Build/Intermediates.noindex/GeneratedModuleMaps-iphoneos/GoogleAppMeasurementTarget.modulemap' '-fmodule-map-file=/Users/emanuelflury/Library/Developer/Xcode/DerivedData/TaxedGmbH_IOS-gerngfqzuwudosgobknlgtoawnlj/Build/Intermediates.noindex/GeneratedModuleMaps-iphoneos/GoogleUtilities-AppDelegateSwizzler.modulemap' '-fmodule-map-file=/Users/emanuelflury/Library/Developer/Xcode/DerivedData/TaxedGmbH_IOS-gerngfqzuwudosgobknlgtoawnlj/Build/Intermediates.noindex/GeneratedModuleMaps-iphoneos/GoogleUtilities-MethodSwizzler.modulemap' '-fmodule-map-file=/Users/emanuelflury/Library/Developer/Xcode/DerivedData/TaxedGmbH_IOS-gerngfqzuwudosgobknlgtoawnlj/Build/Intermediates.noindex/GeneratedModuleMaps-iphoneos/GoogleUtilities-Reachability.modulemap' '-fmodule-map-file=/Users/emanuelflury/Library/Developer/Xcode/DerivedData/TaxedGmbH_IOS-gerngfqzuwudosgobknlgtoawnlj/Build/Intermediates.noindex/GeneratedModuleMaps-iphoneos/GoogleUtilities-NSData.modulemap' '-fmodule-map-file=/Users/emanuelflury/Library/Developer/Xcode/DerivedData/TaxedGmbH_IOS-gerngfqzuwudosgobknlgtoawnlj/Build/Intermediates.noindex/GeneratedModuleMaps-iphoneos/GoogleUtilities-Logger.modulemap' '-fmodule-map-file=/Users/emanuelflury/Library/Developer/Xcode/DerivedData/TaxedGmbH_IOS-gerngfqzuwudosgobknlgtoawnlj/Build/Intermediates.noindex/GeneratedModuleMaps-iphoneos/GoogleUtilities-Environment.modulemap' '-fmodule-map-file=/Users/emanuelflury/Library/Developer/Xcode/DerivedData/TaxedGmbH_IOS-gerngfqzuwudosgobknlgtoawnlj/Build/Intermediates.noindex/GeneratedModuleMaps-iphoneos/third-party-IsAppEncrypted.modulemap' '-fmodule-map-file=/Users/emanuelflury/Library/Developer/Xcode/DerivedData/TaxedGmbH_IOS-gerngfqzuwudosgobknlgtoawnlj/Build/Intermediates.noindex/GeneratedModuleMaps-iphoneos/GoogleUtilities-Network.modulemap' '-fmodule-map-file=/Users/emanuelflury/Library/Developer/Xcode/DerivedData/TaxedGmbH_IOS-gerngfqzuwudosgobknlgtoawnlj/Build/Intermediates.noindex/GeneratedModuleMaps-iphoneos/nanopb.modulemap' '-fmodule-map-file=/Users/emanuelflury/Library/Developer/Xcode/DerivedData/TaxedGmbH_IOS-gerngfqzuwudosgobknlgtoawnlj/Build/Intermediates.noindex/GeneratedModuleMaps-iphoneos/FirebaseInstallations.modulemap' '-fmodule-map-file=/Users/emanuelflury/Library/Developer/Xcode/DerivedData/TaxedGmbH_IOS-gerngfqzuwudosgobknlgtoawnlj/Build/Intermediates.noindex/GeneratedModuleMaps-iphoneos/FirebaseCore.modulemap' '-fmodule-map-file=/Users/emanuelflury/Library/Developer/Xcode/DerivedData/TaxedGmbH_IOS-gerngfqzuwudosgobknlgtoawnlj/Build/Intermediates.noindex/GeneratedModuleMaps-iphoneos/FirebaseCoreInternal.modulemap' -DXcode

WriteAuxiliaryFile /Users/emanuelflury/Library/Developer/Xcode/DerivedData/TaxedGmbH_IOS-gerngfqzuwudosgobknlgtoawnlj/Build/Intermediates.noindex/Firebase.build/Debug-iphoneos/FirebaseAnalyticsWrapper.build/Objects-normal/arm64/FirebaseAnalyticsWrapper.LinkFileList (in target 'FirebaseAnalyticsWrapper' from project 'Firebase')
    cd /Users/emanuelflury/Library/Developer/Xcode/DerivedData/TaxedGmbH_IOS-gerngfqzuwudosgobknlgtoawnlj/SourcePackages/checkouts/firebase-ios-sdk
    write-file /Users/emanuelflury/Library/Developer/Xcode/DerivedData/TaxedGmbH_IOS-gerngfqzuwudosgobknlgtoawnlj/Build/Intermediates.noindex/Firebase.build/Debug-iphoneos/FirebaseAnalyticsWrapper.build/Objects-normal/arm64/FirebaseAnalyticsWrapper.LinkFileList

WriteAuxiliaryFile /Users/emanuelflury/Library/Developer/Xcode/DerivedData/TaxedGmbH_IOS-gerngfqzuwudosgobknlgtoawnlj/Build/Intermediates.noindex/Firebase.build/Debug-iphoneos/FirebaseAnalyticsWrapper.build/FirebaseAnalyticsWrapper.modulemap (in target 'FirebaseAnalyticsWrapper' from project 'Firebase')
    cd /Users/emanuelflury/Library/Developer/Xcode/DerivedData/TaxedGmbH_IOS-gerngfqzuwudosgobknlgtoawnlj/SourcePackages/checkouts/firebase-ios-sdk
    write-file /Users/emanuelflury/Library/Developer/Xcode/DerivedData/TaxedGmbH_IOS-gerngfqzuwudosgobknlgtoawnlj/Build/Intermediates.noindex/Firebase.build/Debug-iphoneos/FirebaseAnalyticsWrapper.build/FirebaseAnalyticsWrapper.modulemap

WriteAuxiliaryFile /Users/emanuelflury/Library/Developer/Xcode/DerivedData/TaxedGmbH_IOS-gerngfqzuwudosgobknlgtoawnlj/Build/Intermediates.noindex/Firebase.build/Debug-iphoneos/FirebaseAnalyticsWrapper.build/FirebaseAnalyticsWrapper.DependencyStaticMetadataFileList (in target 'FirebaseAnalyticsWrapper' from project 'Firebase')
    cd /Users/emanuelflury/Library/Developer/Xcode/DerivedData/TaxedGmbH_IOS-gerngfqzuwudosgobknlgtoawnlj/SourcePackages/checkouts/firebase-ios-sdk
    write-file /Users/emanuelflury/Library/Developer/Xcode/DerivedData/TaxedGmbH_IOS-gerngfqzuwudosgobknlgtoawnlj/Build/Intermediates.noindex/Firebase.build/Debug-iphoneos/FirebaseAnalyticsWrapper.build/FirebaseAnalyticsWrapper.DependencyStaticMetadataFileList

WriteAuxiliaryFile /Users/emanuelflury/Library/Developer/Xcode/DerivedData/TaxedGmbH_IOS-gerngfqzuwudosgobknlgtoawnlj/Build/Intermediates.noindex/Firebase.build/Debug-iphoneos/FirebaseAnalyticsWrapper.build/FirebaseAnalyticsWrapper.DependencyMetadataFileList (in target 'FirebaseAnalyticsWrapper' from project 'Firebase')
    cd /Users/emanuelflury/Library/Developer/Xcode/DerivedData/TaxedGmbH_IOS-gerngfqzuwudosgobknlgtoawnlj/SourcePackages/checkouts/firebase-ios-sdk
    write-file /Users/emanuelflury/Library/Developer/Xcode/DerivedData/TaxedGmbH_IOS-gerngfqzuwudosgobknlgtoawnlj/Build/Intermediates.noindex/Firebase.build/Debug-iphoneos/FirebaseAnalyticsWrapper.build/FirebaseAnalyticsWrapper.DependencyMetadataFileList

Copy /Users/emanuelflury/Library/Developer/Xcode/DerivedData/TaxedGmbH_IOS-gerngfqzuwudosgobknlgtoawnlj/Build/Intermediates.noindex/GeneratedModuleMaps-iphoneos/FirebaseAnalyticsWrapper.modulemap /Users/emanuelflury/Library/Developer/Xcode/DerivedData/TaxedGmbH_IOS-gerngfqzuwudosgobknlgtoawnlj/Build/Intermediates.noindex/Firebase.build/Debug-iphoneos/FirebaseAnalyticsWrapper.build/FirebaseAnalyticsWrapper.modulemap (in target 'FirebaseAnalyticsWrapper' from project 'Firebase')
    cd /Users/emanuelflury/Library/Developer/Xcode/DerivedData/TaxedGmbH_IOS-gerngfqzuwudosgobknlgtoawnlj/SourcePackages/checkouts/firebase-ios-sdk
    builtin-copy -exclude .DS_Store -exclude CVS -exclude .svn -exclude .git -exclude .hg -resolve-src-symlinks /Users/emanuelflury/Library/Developer/Xcode/DerivedData/TaxedGmbH_IOS-gerngfqzuwudosgobknlgtoawnlj/Build/Intermediates.noindex/Firebase.build/Debug-iphoneos/FirebaseAnalyticsWrapper.build/FirebaseAnalyticsWrapper.modulemap /Users/emanuelflury/Library/Developer/Xcode/DerivedData/TaxedGmbH_IOS-gerngfqzuwudosgobknlgtoawnlj/Build/Intermediates.noindex/GeneratedModuleMaps-iphoneos

WriteAuxiliaryFile /Users/emanuelflury/Library/Developer/Xcode/DerivedData/TaxedGmbH_IOS-gerngfqzuwudosgobknlgtoawnlj/Build/Intermediates.noindex/Firebase.build/Debug-iphoneos/FirebaseAnalyticsTarget.build/Objects-normal/arm64/e6072d4f65d7061329687fe24e3d63a7-common-args.resp (in target 'FirebaseAnalyticsTarget' from project 'Firebase')
    cd /Users/emanuelflury/Library/Developer/Xcode/DerivedData/TaxedGmbH_IOS-gerngfqzuwudosgobknlgtoawnlj/SourcePackages/checkouts/firebase-ios-sdk
    write-file /Users/emanuelflury/Library/Developer/Xcode/DerivedData/TaxedGmbH_IOS-gerngfqzuwudosgobknlgtoawnlj/Build/Intermediates.noindex/Firebase.build/Debug-iphoneos/FirebaseAnalyticsTarget.build/Objects-normal/arm64/e6072d4f65d7061329687fe24e3d63a7-common-args.resp
-target arm64-apple-ios15.0 -fobjc-arc -fmodules -gmodules '-fmodules-cache-path=/Users/emanuelflury/Library/Developer/Xcode/DerivedData/ModuleCache.noindex' '-fmodule-name=FirebaseAnalyticsTarget' -fpascal-strings -O0 -DSWIFT_PACKAGE '-DDEBUG=1' '-DOBJC_OLD_DISPATCH_PROTOTYPES=1' -isysroot /Applications/Xcode.app/Contents/Developer/Platforms/iPhoneOS.platform/Developer/SDKs/iPhoneOS26.1.sdk -g -fprofile-instr-generate -fcoverage-mapping -I/Users/emanuelflury/Library/Developer/Xcode/DerivedData/TaxedGmbH_IOS-gerngfqzuwudosgobknlgtoawnlj/SourcePackages/checkouts/promises/Sources/FBLPromises/include -I/Users/emanuelflury/Library/Developer/Xcode/DerivedData/TaxedGmbH_IOS-gerngfqzuwudosgobknlgtoawnlj/SourcePackages/checkouts/GoogleUtilities/GoogleUtilities/UserDefaults/Public -I/Users/emanuelflury/Library/Developer/Xcode/DerivedData/TaxedGmbH_IOS-gerngfqzuwudosgobknlgtoawnlj/SourcePackages/checkouts/google-ads-on-device-conversion-ios-sdk/GoogleAdsOnDeviceConversionWrapper/include -I/Users/emanuelflury/Library/Developer/Xcode/DerivedData/TaxedGmbH_IOS-gerngfqzuwudosgobknlgtoawnlj/SourcePackages/checkouts/GoogleAppMeasurement/GoogleAppMeasurementWrapper/include -I/Users/emanuelflury/Library/Developer/Xcode/DerivedData/TaxedGmbH_IOS-gerngfqzuwudosgobknlgtoawnlj/SourcePackages/checkouts/GoogleUtilities/GoogleUtilities/AppDelegateSwizzler/Public -I/Users/emanuelflury/Library/Developer/Xcode/DerivedData/TaxedGmbH_IOS-gerngfqzuwudosgobknlgtoawnlj/SourcePackages/checkouts/GoogleUtilities/GoogleUtilities/MethodSwizzler/Public -I/Users/emanuelflury/Library/Developer/Xcode/DerivedData/TaxedGmbH_IOS-gerngfqzuwudosgobknlgtoawnlj/SourcePackages/checkouts/GoogleUtilities/GoogleUtilities/Reachability/Public -I/Users/emanuelflury/Library/Developer/Xcode/DerivedData/TaxedGmbH_IOS-gerngfqzuwudosgobknlgtoawnlj/SourcePackages/checkouts/GoogleUtilities/GoogleUtilities/NSData+zlib/Public -I/Users/emanuelflury/Library/Developer/Xcode/DerivedData/TaxedGmbH_IOS-gerngfqzuwudosgobknlgtoawnlj/SourcePackages/checkouts/GoogleUtilities/GoogleUtilities/Logger/Public -I/Users/emanuelflury/Library/Developer/Xcode/DerivedData/TaxedGmbH_IOS-gerngfqzuwudosgobknlgtoawnlj/SourcePackages/checkouts/GoogleUtilities/GoogleUtilities/Environment/Public -I/Users/emanuelflury/Library/Developer/Xcode/DerivedData/TaxedGmbH_IOS-gerngfqzuwudosgobknlgtoawnlj/SourcePackages/checkouts/GoogleUtilities/third_party/IsAppEncrypted/Public -I/Users/emanuelflury/Library/Developer/Xcode/DerivedData/TaxedGmbH_IOS-gerngfqzuwudosgobknlgtoawnlj/SourcePackages/checkouts/GoogleUtilities/GoogleUtilities/Network/Public -I/Users/emanuelflury/Library/Developer/Xcode/DerivedData/TaxedGmbH_IOS-gerngfqzuwudosgobknlgtoawnlj/SourcePackages/checkouts/nanopb/spm_headers -I/Users/emanuelflury/Library/Developer/Xcode/DerivedData/TaxedGmbH_IOS-gerngfqzuwudosgobknlgtoawnlj/SourcePackages/checkouts/firebase-ios-sdk/FirebaseAnalyticsWrapper/include -I/Users/emanuelflury/Library/Developer/Xcode/DerivedData/TaxedGmbH_IOS-gerngfqzuwudosgobknlgtoawnlj/SourcePackages/checkouts/firebase-ios-sdk/FirebaseInstallations/Source/Library/Public -I/Users/emanuelflury/Library/Developer/Xcode/DerivedData/TaxedGmbH_IOS-gerngfqzuwudosgobknlgtoawnlj/SourcePackages/checkouts/firebase-ios-sdk/FirebaseCore/Sources/Public -I/Users/emanuelflury/Library/Developer/Xcode/DerivedData/TaxedGmbH_IOS-gerngfqzuwudosgobknlgtoawnlj/SourcePackages/checkouts/firebase-ios-sdk/CoreOnly/Sources -I/Users/emanuelflury/Library/Developer/Xcode/DerivedData/TaxedGmbH_IOS-gerngfqzuwudosgobknlgtoawnlj/Build/Products/Debug-iphoneos/include -I/Users/emanuelflury/Library/Developer/Xcode/DerivedData/TaxedGmbH_IOS-gerngfqzuwudosgobknlgtoawnlj/SourcePackages/checkouts/firebase-ios-sdk/SwiftPM-PlatformExclude/FirebaseAnalyticsWrap/include -I/Users/emanuelflury/Library/Developer/Xcode/DerivedData/TaxedGmbH_IOS-gerngfqzuwudosgobknlgtoawnlj/Build/Intermediates.noindex/Firebase.build/Debug-iphoneos/FirebaseAnalyticsTarget.build/DerivedSources-normal/arm64 -I/Users/emanuelflury/Library/Developer/Xcode/DerivedData/TaxedGmbH_IOS-gerngfqzuwudosgobknlgtoawnlj/Build/Intermediates.noindex/Firebase.build/Debug-iphoneos/FirebaseAnalyticsTarget.build/DerivedSources/arm64 -I/Users/emanuelflury/Library/Developer/Xcode/DerivedData/TaxedGmbH_IOS-gerngfqzuwudosgobknlgtoawnlj/Build/Intermediates.noindex/Firebase.build/Debug-iphoneos/FirebaseAnalyticsTarget.build/DerivedSources -F/Users/emanuelflury/Library/Developer/Xcode/DerivedData/TaxedGmbH_IOS-gerngfqzuwudosgobknlgtoawnlj/Build/Products/Debug-iphoneos/PackageFrameworks -F/Users/emanuelflury/Library/Developer/Xcode/DerivedData/TaxedGmbH_IOS-gerngfqzuwudosgobknlgtoawnlj/Build/Products/Debug-iphoneos/PackageFrameworks -F/Users/emanuelflury/Library/Developer/Xcode/DerivedData/TaxedGmbH_IOS-gerngfqzuwudosgobknlgtoawnlj/Build/Products/Debug-iphoneos/PackageFrameworks -F/Users/emanuelflury/Library/Developer/Xcode/DerivedData/TaxedGmbH_IOS-gerngfqzuwudosgobknlgtoawnlj/Build/Products/Debug-iphoneos/PackageFrameworks -F/Users/emanuelflury/Library/Developer/Xcode/DerivedData/TaxedGmbH_IOS-gerngfqzuwudosgobknlgtoawnlj/Build/Products/Debug-iphoneos/PackageFrameworks -F/Users/emanuelflury/Library/Developer/Xcode/DerivedData/TaxedGmbH_IOS-gerngfqzuwudosgobknlgtoawnlj/Build/Products/Debug-iphoneos/PackageFrameworks -F/Users/emanuelflury/Library/Developer/Xcode/DerivedData/TaxedGmbH_IOS-gerngfqzuwudosgobknlgtoawnlj/Build/Products/Debug-iphoneos/PackageFrameworks -F/Users/emanuelflury/Library/Developer/Xcode/DerivedData/TaxedGmbH_IOS-gerngfqzuwudosgobknlgtoawnlj/Build/Products/Debug-iphoneos/PackageFrameworks -F/Users/emanuelflury/Library/Developer/Xcode/DerivedData/TaxedGmbH_IOS-gerngfqzuwudosgobknlgtoawnlj/Build/Products/Debug-iphoneos/PackageFrameworks -F/Users/emanuelflury/Library/Developer/Xcode/DerivedData/TaxedGmbH_IOS-gerngfqzuwudosgobknlgtoawnlj/Build/Products/Debug-iphoneos/PackageFrameworks -F/Users/emanuelflury/Library/Developer/Xcode/DerivedData/TaxedGmbH_IOS-gerngfqzuwudosgobknlgtoawnlj/Build/Products/Debug-iphoneos/PackageFrameworks -F/Users/emanuelflury/Library/Developer/Xcode/DerivedData/TaxedGmbH_IOS-gerngfqzuwudosgobknlgtoawnlj/Build/Products/Debug-iphoneos/PackageFrameworks -F/Users/emanuelflury/Library/Developer/Xcode/DerivedData/TaxedGmbH_IOS-gerngfqzuwudosgobknlgtoawnlj/Build/Products/Debug-iphoneos/PackageFrameworks -F/Users/emanuelflury/Library/Developer/Xcode/DerivedData/TaxedGmbH_IOS-gerngfqzuwudosgobknlgtoawnlj/Build/Products/Debug-iphoneos/PackageFrameworks -F/Users/emanuelflury/Library/Developer/Xcode/DerivedData/TaxedGmbH_IOS-gerngfqzuwudosgobknlgtoawnlj/Build/Products/Debug-iphoneos/PackageFrameworks -F/Users/emanuelflury/Library/Developer/Xcode/DerivedData/TaxedGmbH_IOS-gerngfqzuwudosgobknlgtoawnlj/Build/Products/Debug-iphoneos/PackageFrameworks -F/Users/emanuelflury/Library/Developer/Xcode/DerivedData/TaxedGmbH_IOS-gerngfqzuwudosgobknlgtoawnlj/Build/Products/Debug-iphoneos/PackageFrameworks -F/Users/emanuelflury/Library/Developer/Xcode/DerivedData/TaxedGmbH_IOS-gerngfqzuwudosgobknlgtoawnlj/Build/Products/Debug-iphoneos/PackageFrameworks -F/Users/emanuelflury/Library/Developer/Xcode/DerivedData/TaxedGmbH_IOS-gerngfqzuwudosgobknlgtoawnlj/Build/Products/Debug-iphoneos -iframework /Applications/Xcode.app/Contents/Developer/Platforms/iPhoneOS.platform/Developer/Library/Frameworks -iframework /Applications/Xcode.app/Contents/Developer/Platforms/iPhoneOS.platform/Developer/SDKs/iPhoneOS26.1.sdk/Developer/Library/Frameworks '-fmodule-map-file=/Users/emanuelflury/Library/Developer/Xcode/DerivedData/TaxedGmbH_IOS-gerngfqzuwudosgobknlgtoawnlj/Build/Intermediates.noindex/GeneratedModuleMaps-iphoneos/GoogleUtilities-UserDefaults.modulemap' '-fmodule-map-file=/Users/emanuelflury/Library/Developer/Xcode/DerivedData/TaxedGmbH_IOS-gerngfqzuwudosgobknlgtoawnlj/Build/Intermediates.noindex/GeneratedModuleMaps-iphoneos/GoogleAdsOnDeviceConversionTarget.modulemap' '-fmodule-map-file=/Users/emanuelflury/Library/Developer/Xcode/DerivedData/TaxedGmbH_IOS-gerngfqzuwudosgobknlgtoawnlj/Build/Intermediates.noindex/GeneratedModuleMaps-iphoneos/GoogleAppMeasurementTarget.modulemap' '-fmodule-map-file=/Users/emanuelflury/Library/Developer/Xcode/DerivedData/TaxedGmbH_IOS-gerngfqzuwudosgobknlgtoawnlj/Build/Intermediates.noindex/GeneratedModuleMaps-iphoneos/GoogleUtilities-AppDelegateSwizzler.modulemap' '-fmodule-map-file=/Users/emanuelflury/Library/Developer/Xcode/DerivedData/TaxedGmbH_IOS-gerngfqzuwudosgobknlgtoawnlj/Build/Intermediates.noindex/GeneratedModuleMaps-iphoneos/GoogleUtilities-MethodSwizzler.modulemap' '-fmodule-map-file=/Users/emanuelflury/Library/Developer/Xcode/DerivedData/TaxedGmbH_IOS-gerngfqzuwudosgobknlgtoawnlj/Build/Intermediates.noindex/GeneratedModuleMaps-iphoneos/GoogleUtilities-Reachability.modulemap' '-fmodule-map-file=/Users/emanuelflury/Library/Developer/Xcode/DerivedData/TaxedGmbH_IOS-gerngfqzuwudosgobknlgtoawnlj/Build/Intermediates.noindex/GeneratedModuleMaps-iphoneos/GoogleUtilities-NSData.modulemap' '-fmodule-map-file=/Users/emanuelflury/Library/Developer/Xcode/DerivedData/TaxedGmbH_IOS-gerngfqzuwudosgobknlgtoawnlj/Build/Intermediates.noindex/GeneratedModuleMaps-iphoneos/GoogleUtilities-Logger.modulemap' '-fmodule-map-file=/Users/emanuelflury/Library/Developer/Xcode/DerivedData/TaxedGmbH_IOS-gerngfqzuwudosgobknlgtoawnlj/Build/Intermediates.noindex/GeneratedModuleMaps-iphoneos/GoogleUtilities-Environment.modulemap' '-fmodule-map-file=/Users/emanuelflury/Library/Developer/Xcode/DerivedData/TaxedGmbH_IOS-gerngfqzuwudosgobknlgtoawnlj/Build/Intermediates.noindex/GeneratedModuleMaps-iphoneos/third-party-IsAppEncrypted.modulemap' '-fmodule-map-file=/Users/emanuelflury/Library/Developer/Xcode/DerivedData/TaxedGmbH_IOS-gerngfqzuwudosgobknlgtoawnlj/Build/Intermediates.noindex/GeneratedModuleMaps-iphoneos/GoogleUtilities-Network.modulemap' '-fmodule-map-file=/Users/emanuelflury/Library/Developer/Xcode/DerivedData/TaxedGmbH_IOS-gerngfqzuwudosgobknlgtoawnlj/Build/Intermediates.noindex/GeneratedModuleMaps-iphoneos/nanopb.modulemap' '-fmodule-map-file=/Users/emanuelflury/Library/Developer/Xcode/DerivedData/TaxedGmbH_IOS-gerngfqzuwudosgobknlgtoawnlj/Build/Intermediates.noindex/GeneratedModuleMaps-iphoneos/FirebaseAnalyticsWrapper.modulemap' '-fmodule-map-file=/Users/emanuelflury/Library/Developer/Xcode/DerivedData/TaxedGmbH_IOS-gerngfqzuwudosgobknlgtoawnlj/Build/Intermediates.noindex/GeneratedModuleMaps-iphoneos/FirebaseInstallations.modulemap' '-fmodule-map-file=/Users/emanuelflury/Library/Developer/Xcode/DerivedData/TaxedGmbH_IOS-gerngfqzuwudosgobknlgtoawnlj/Build/Intermediates.noindex/GeneratedModuleMaps-iphoneos/FirebaseCore.modulemap' '-fmodule-map-file=/Users/emanuelflury/Library/Developer/Xcode/DerivedData/TaxedGmbH_IOS-gerngfqzuwudosgobknlgtoawnlj/Build/Intermediates.noindex/GeneratedModuleMaps-iphoneos/FirebaseCoreInternal.modulemap' -DXcode

WriteAuxiliaryFile /Users/emanuelflury/Library/Developer/Xcode/DerivedData/TaxedGmbH_IOS-gerngfqzuwudosgobknlgtoawnlj/Build/Intermediates.noindex/Firebase.build/Debug-iphoneos/FirebaseAnalyticsTarget.build/Objects-normal/arm64/FirebaseAnalyticsTarget.LinkFileList (in target 'FirebaseAnalyticsTarget' from project 'Firebase')
    cd /Users/emanuelflury/Library/Developer/Xcode/DerivedData/TaxedGmbH_IOS-gerngfqzuwudosgobknlgtoawnlj/SourcePackages/checkouts/firebase-ios-sdk
    write-file /Users/emanuelflury/Library/Developer/Xcode/DerivedData/TaxedGmbH_IOS-gerngfqzuwudosgobknlgtoawnlj/Build/Intermediates.noindex/Firebase.build/Debug-iphoneos/FirebaseAnalyticsTarget.build/Objects-normal/arm64/FirebaseAnalyticsTarget.LinkFileList

WriteAuxiliaryFile /Users/emanuelflury/Library/Developer/Xcode/DerivedData/TaxedGmbH_IOS-gerngfqzuwudosgobknlgtoawnlj/Build/Intermediates.noindex/Firebase.build/Debug-iphoneos/FirebaseAnalyticsTarget.build/FirebaseAnalyticsTarget.modulemap (in target 'FirebaseAnalyticsTarget' from project 'Firebase')
    cd /Users/emanuelflury/Library/Developer/Xcode/DerivedData/TaxedGmbH_IOS-gerngfqzuwudosgobknlgtoawnlj/SourcePackages/checkouts/firebase-ios-sdk
    write-file /Users/emanuelflury/Library/Developer/Xcode/DerivedData/TaxedGmbH_IOS-gerngfqzuwudosgobknlgtoawnlj/Build/Intermediates.noindex/Firebase.build/Debug-iphoneos/FirebaseAnalyticsTarget.build/FirebaseAnalyticsTarget.modulemap

WriteAuxiliaryFile /Users/emanuelflury/Library/Developer/Xcode/DerivedData/TaxedGmbH_IOS-gerngfqzuwudosgobknlgtoawnlj/Build/Intermediates.noindex/Firebase.build/Debug-iphoneos/FirebaseAnalyticsTarget.build/FirebaseAnalyticsTarget.DependencyStaticMetadataFileList (in target 'FirebaseAnalyticsTarget' from project 'Firebase')
    cd /Users/emanuelflury/Library/Developer/Xcode/DerivedData/TaxedGmbH_IOS-gerngfqzuwudosgobknlgtoawnlj/SourcePackages/checkouts/firebase-ios-sdk
    write-file /Users/emanuelflury/Library/Developer/Xcode/DerivedData/TaxedGmbH_IOS-gerngfqzuwudosgobknlgtoawnlj/Build/Intermediates.noindex/Firebase.build/Debug-iphoneos/FirebaseAnalyticsTarget.build/FirebaseAnalyticsTarget.DependencyStaticMetadataFileList

WriteAuxiliaryFile /Users/emanuelflury/Library/Developer/Xcode/DerivedData/TaxedGmbH_IOS-gerngfqzuwudosgobknlgtoawnlj/Build/Intermediates.noindex/Firebase.build/Debug-iphoneos/FirebaseAnalyticsTarget.build/FirebaseAnalyticsTarget.DependencyMetadataFileList (in target 'FirebaseAnalyticsTarget' from project 'Firebase')
    cd /Users/emanuelflury/Library/Developer/Xcode/DerivedData/TaxedGmbH_IOS-gerngfqzuwudosgobknlgtoawnlj/SourcePackages/checkouts/firebase-ios-sdk
    write-file /Users/emanuelflury/Library/Developer/Xcode/DerivedData/TaxedGmbH_IOS-gerngfqzuwudosgobknlgtoawnlj/Build/Intermediates.noindex/Firebase.build/Debug-iphoneos/FirebaseAnalyticsTarget.build/FirebaseAnalyticsTarget.DependencyMetadataFileList

Copy /Users/emanuelflury/Library/Developer/Xcode/DerivedData/TaxedGmbH_IOS-gerngfqzuwudosgobknlgtoawnlj/Build/Intermediates.noindex/GeneratedModuleMaps-iphoneos/FirebaseAnalyticsTarget.modulemap /Users/emanuelflury/Library/Developer/Xcode/DerivedData/TaxedGmbH_IOS-gerngfqzuwudosgobknlgtoawnlj/Build/Intermediates.noindex/Firebase.build/Debug-iphoneos/FirebaseAnalyticsTarget.build/FirebaseAnalyticsTarget.modulemap (in target 'FirebaseAnalyticsTarget' from project 'Firebase')
    cd /Users/emanuelflury/Library/Developer/Xcode/DerivedData/TaxedGmbH_IOS-gerngfqzuwudosgobknlgtoawnlj/SourcePackages/checkouts/firebase-ios-sdk
    builtin-copy -exclude .DS_Store -exclude CVS -exclude .svn -exclude .git -exclude .hg -resolve-src-symlinks /Users/emanuelflury/Library/Developer/Xcode/DerivedData/TaxedGmbH_IOS-gerngfqzuwudosgobknlgtoawnlj/Build/Intermediates.noindex/Firebase.build/Debug-iphoneos/FirebaseAnalyticsTarget.build/FirebaseAnalyticsTarget.modulemap /Users/emanuelflury/Library/Developer/Xcode/DerivedData/TaxedGmbH_IOS-gerngfqzuwudosgobknlgtoawnlj/Build/Intermediates.noindex/GeneratedModuleMaps-iphoneos

RegisterExecutionPolicyException /Users/emanuelflury/Library/Developer/Xcode/DerivedData/TaxedGmbH_IOS-gerngfqzuwudosgobknlgtoawnlj/Build/Products/Debug-iphoneos/nanopb_nanopb.bundle (in target 'nanopb_nanopb' from project 'nanopb')
    cd /Users/emanuelflury/Library/Developer/Xcode/DerivedData/TaxedGmbH_IOS-gerngfqzuwudosgobknlgtoawnlj/SourcePackages/checkouts/nanopb
    builtin-RegisterExecutionPolicyException /Users/emanuelflury/Library/Developer/Xcode/DerivedData/TaxedGmbH_IOS-gerngfqzuwudosgobknlgtoawnlj/Build/Products/Debug-iphoneos/nanopb_nanopb.bundle

Touch /Users/emanuelflury/Library/Developer/Xcode/DerivedData/TaxedGmbH_IOS-gerngfqzuwudosgobknlgtoawnlj/Build/Products/Debug-iphoneos/nanopb_nanopb.bundle (in target 'nanopb_nanopb' from project 'nanopb')
    cd /Users/emanuelflury/Library/Developer/Xcode/DerivedData/TaxedGmbH_IOS-gerngfqzuwudosgobknlgtoawnlj/SourcePackages/checkouts/nanopb
    /usr/bin/touch -c /Users/emanuelflury/Library/Developer/Xcode/DerivedData/TaxedGmbH_IOS-gerngfqzuwudosgobknlgtoawnlj/Build/Products/Debug-iphoneos/nanopb_nanopb.bundle

RegisterExecutionPolicyException /Users/emanuelflury/Library/Developer/Xcode/DerivedData/TaxedGmbH_IOS-gerngfqzuwudosgobknlgtoawnlj/Build/Products/Debug-iphoneos/leveldb_leveldb.bundle (in target 'leveldb_leveldb' from project 'leveldb')
    cd /Users/emanuelflury/Library/Developer/Xcode/DerivedData/TaxedGmbH_IOS-gerngfqzuwudosgobknlgtoawnlj/SourcePackages/checkouts/leveldb
    builtin-RegisterExecutionPolicyException /Users/emanuelflury/Library/Developer/Xcode/DerivedData/TaxedGmbH_IOS-gerngfqzuwudosgobknlgtoawnlj/Build/Products/Debug-iphoneos/leveldb_leveldb.bundle

PrecompileModule /Users/emanuelflury/Library/Developer/Xcode/DerivedData/TaxedGmbH_IOS-gerngfqzuwudosgobknlgtoawnlj/Build/Intermediates.noindex/ExplicitPrecompiledModules/ObjectiveC-3QXMP0YMYUSXXMBN71H37NVCL.scan
    cd /
    builtin-precompileModule /Users/emanuelflury/Library/Developer/Xcode/DerivedData/TaxedGmbH_IOS-gerngfqzuwudosgobknlgtoawnlj/Build/Intermediates.noindex/ExplicitPrecompiledModules/ObjectiveC-3QXMP0YMYUSXXMBN71H37NVCL.scan

Touch /Users/emanuelflury/Library/Developer/Xcode/DerivedData/TaxedGmbH_IOS-gerngfqzuwudosgobknlgtoawnlj/Build/Products/Debug-iphoneos/leveldb_leveldb.bundle (in target 'leveldb_leveldb' from project 'leveldb')
    cd /Users/emanuelflury/Library/Developer/Xcode/DerivedData/TaxedGmbH_IOS-gerngfqzuwudosgobknlgtoawnlj/SourcePackages/checkouts/leveldb
    /usr/bin/touch -c /Users/emanuelflury/Library/Developer/Xcode/DerivedData/TaxedGmbH_IOS-gerngfqzuwudosgobknlgtoawnlj/Build/Products/Debug-iphoneos/leveldb_leveldb.bundle

Ld /Users/emanuelflury/Library/Developer/Xcode/DerivedData/TaxedGmbH_IOS-gerngfqzuwudosgobknlgtoawnlj/Build/Products/Debug-iphoneos/FirebaseSharedSwift.o normal (in target 'FirebaseSharedSwift' from project 'Firebase')
    cd /Users/emanuelflury/Library/Developer/Xcode/DerivedData/TaxedGmbH_IOS-gerngfqzuwudosgobknlgtoawnlj/SourcePackages/checkouts/firebase-ios-sdk
    /Applications/Xcode.app/Contents/Developer/Toolchains/XcodeDefault.xctoolchain/usr/bin/clang -Xlinker -reproducible -target arm64-apple-ios15.0 -r -isysroot /Applications/Xcode.app/Contents/Developer/Platforms/iPhoneOS.platform/Developer/SDKs/iPhoneOS26.1.sdk -O0 -w -L/Users/emanuelflury/Library/Developer/Xcode/DerivedData/TaxedGmbH_IOS-gerngfqzuwudosgobknlgtoawnlj/Build/Intermediates.noindex/EagerLinkingTBDs/Debug-iphoneos -L/Users/emanuelflury/Library/Developer/Xcode/DerivedData/TaxedGmbH_IOS-gerngfqzuwudosgobknlgtoawnlj/Build/Products/Debug-iphoneos -L/Applications/Xcode.app/Contents/Developer/Platforms/iPhoneOS.platform/Developer/usr/lib -F/Users/emanuelflury/Library/Developer/Xcode/DerivedData/TaxedGmbH_IOS-gerngfqzuwudosgobknlgtoawnlj/Build/Intermediates.noindex/EagerLinkingTBDs/Debug-iphoneos -F/Users/emanuelflury/Library/Developer/Xcode/DerivedData/TaxedGmbH_IOS-gerngfqzuwudosgobknlgtoawnlj/Build/Products/Debug-iphoneos -iframework /Applications/Xcode.app/Contents/Developer/Platforms/iPhoneOS.platform/Developer/Library/Frameworks -iframework /Applications/Xcode.app/Contents/Developer/Platforms/iPhoneOS.platform/Developer/SDKs/iPhoneOS26.1.sdk/Developer/Library/Frameworks -filelist /Users/emanuelflury/Library/Developer/Xcode/DerivedData/TaxedGmbH_IOS-gerngfqzuwudosgobknlgtoawnlj/Build/Intermediates.noindex/Firebase.build/Debug-iphoneos/FirebaseSharedSwift.build/Objects-normal/arm64/FirebaseSharedSwift.LinkFileList -nostdlib -Xlinker -object_path_lto -Xlinker /Users/emanuelflury/Library/Developer/Xcode/DerivedData/TaxedGmbH_IOS-gerngfqzuwudosgobknlgtoawnlj/Build/Intermediates.noindex/Firebase.build/Debug-iphoneos/FirebaseSharedSwift.build/Objects-normal/arm64/FirebaseSharedSwift_lto.o -rdynamic -Xlinker -no_deduplicate -Xlinker -debug_variant -Xlinker -dependency_info -Xlinker /Users/emanuelflury/Library/Developer/Xcode/DerivedData/TaxedGmbH_IOS-gerngfqzuwudosgobknlgtoawnlj/Build/Intermediates.noindex/Firebase.build/Debug-iphoneos/FirebaseSharedSwift.build/Objects-normal/arm64/FirebaseSharedSwift_dependency_info.dat -fobjc-link-runtime -L/Applications/Xcode.app/Contents/Developer/Toolchains/XcodeDefault.xctoolchain/usr/lib/swift/iphoneos -L/usr/lib/swift -Xlinker -add_ast_path -Xlinker /Users/emanuelflury/Library/Developer/Xcode/DerivedData/TaxedGmbH_IOS-gerngfqzuwudosgobknlgtoawnlj/Build/Intermediates.noindex/Firebase.build/Debug-iphoneos/FirebaseSharedSwift.build/Objects-normal/arm64/FirebaseSharedSwift.swiftmodule @/Users/emanuelflury/Library/Developer/Xcode/DerivedData/TaxedGmbH_IOS-gerngfqzuwudosgobknlgtoawnlj/Build/Intermediates.noindex/Firebase.build/Debug-iphoneos/FirebaseSharedSwift.build/Objects-normal/arm64/FirebaseSharedSwift-linker-args.resp -o /Users/emanuelflury/Library/Developer/Xcode/DerivedData/TaxedGmbH_IOS-gerngfqzuwudosgobknlgtoawnlj/Build/Products/Debug-iphoneos/FirebaseSharedSwift.o

ScanDependencies /Users/emanuelflury/Library/Developer/Xcode/DerivedData/TaxedGmbH_IOS-gerngfqzuwudosgobknlgtoawnlj/Build/Intermediates.noindex/Firebase.build/Debug-iphoneos/FirebaseAuthInternal.build/Objects-normal/arm64/FIRMultiFactorConstants.o /Users/emanuelflury/Library/Developer/Xcode/DerivedData/TaxedGmbH_IOS-gerngfqzuwudosgobknlgtoawnlj/SourcePackages/checkouts/firebase-ios-sdk/FirebaseAuth/Sources/ObjC/FIRMultiFactorConstants.m normal arm64 objective-c com.apple.compilers.llvm.clang.1_0.compiler (in target 'FirebaseAuthInternal' from project 'Firebase')
    cd /Users/emanuelflury/github/TaxedGmbH_IOS/TaxedGmbH_IOS.xcodeproj
    
    Using response file: /Users/emanuelflury/Library/Developer/Xcode/DerivedData/TaxedGmbH_IOS-gerngfqzuwudosgobknlgtoawnlj/Build/Intermediates.noindex/Firebase.build/Debug-iphoneos/FirebaseAuthInternal.build/Objects-normal/arm64/e6072d4f65d7061329687fe24e3d63a7-common-args.resp
    
    builtin-ScanDependencies -o /Users/emanuelflury/Library/Developer/Xcode/DerivedData/TaxedGmbH_IOS-gerngfqzuwudosgobknlgtoawnlj/Build/Intermediates.noindex/Firebase.build/Debug-iphoneos/FirebaseAuthInternal.build/Objects-normal/arm64/FIRMultiFactorConstants.o.scan -- /Applications/Xcode.app/Contents/Developer/Toolchains/XcodeDefault.xctoolchain/usr/bin/clang -x objective-c -ivfsstatcache /Users/emanuelflury/Library/Developer/Xcode/DerivedData/SDKStatCaches.noindex/iphoneos26.1-23B77-69b33fc7382b27d9b5d46e82a00f8e78.sdkstatcache -fmessage-length\=0 -fdiagnostics-show-note-include-stack -fmacro-backtrace-limit\=0 -fno-color-diagnostics -fmodules-prune-interval\=86400 -fmodules-prune-after\=345600 -fbuild-session-file\=/Users/emanuelflury/Library/Developer/Xcode/DerivedData/ModuleCache.noindex/Session.modulevalidation -fmodules-validate-once-per-build-session -Wnon-modular-include-in-framework-module -Werror\=non-modular-include-in-framework-module -Wno-trigraphs -Wno-missing-field-initializers -Wno-missing-prototypes -Wno-return-type -Wno-implicit-atomic-properties -Wno-objc-interface-ivars -Wno-arc-repeated-use-of-weak -Wno-missing-braces -Wparentheses -Wswitch -Wno-unused-function -Wno-unused-label -Wno-unused-parameter -Wno-unused-variable -Wunused-value -Wno-empty-body -Wno-uninitialized -Wno-unknown-pragmas -w -Wno-shadow -Wno-four-char-constants -Wno-conversion -Wno-constant-conversion -Wno-int-conversion -Wno-bool-conversion -Wno-enum-conversion -Wno-float-conversion -Wno-non-literal-null-conversion -Wno-objc-literal-conversion -Wshorten-64-to-32 -Wpointer-sign -Wno-newline-eof -Wno-selector -Wno-strict-selector-match -Wno-undeclared-selector -Wno-deprecated-implementations -Wno-implicit-fallthrough -fstrict-aliasing -Wprotocol -Wdeprecated-declarations -Wno-sign-conversion -Wno-infinite-recursion -Wno-comma -Wno-block-capture-autoreleasing -Wno-strict-prototypes -Wno-semicolon-before-method-body -index-store-path /Users/emanuelflury/Library/Developer/Xcode/DerivedData/TaxedGmbH_IOS-gerngfqzuwudosgobknlgtoawnlj/Index.noindex/DataStore @/Users/emanuelflury/Library/Developer/Xcode/DerivedData/TaxedGmbH_IOS-gerngfqzuwudosgobknlgtoawnlj/Build/Intermediates.noindex/Firebase.build/Debug-iphoneos/FirebaseAuthInternal.build/Objects-normal/arm64/e6072d4f65d7061329687fe24e3d63a7-common-args.resp -MMD -MT dependencies -MF /Users/emanuelflury/Library/Developer/Xcode/DerivedData/TaxedGmbH_IOS-gerngfqzuwudosgobknlgtoawnlj/Build/Intermediates.noindex/Firebase.build/Debug-iphoneos/FirebaseAuthInternal.build/Objects-normal/arm64/FIRMultiFactorConstants.d --serialize-diagnostics /Users/emanuelflury/Library/Developer/Xcode/DerivedData/TaxedGmbH_IOS-gerngfqzuwudosgobknlgtoawnlj/Build/Intermediates.noindex/Firebase.build/Debug-iphoneos/FirebaseAuthInternal.build/Objects-normal/arm64/FIRMultiFactorConstants.dia -c /Users/emanuelflury/Library/Developer/Xcode/DerivedData/TaxedGmbH_IOS-gerngfqzuwudosgobknlgtoawnlj/SourcePackages/checkouts/firebase-ios-sdk/FirebaseAuth/Sources/ObjC/FIRMultiFactorConstants.m -o /Users/emanuelflury/Library/Developer/Xcode/DerivedData/TaxedGmbH_IOS-gerngfqzuwudosgobknlgtoawnlj/Build/Intermediates.noindex/Firebase.build/Debug-iphoneos/FirebaseAuthInternal.build/Objects-normal/arm64/FIRMultiFactorConstants.o -index-unit-output-path /Firebase.build/Debug-iphoneos/FirebaseAuthInternal.build/Objects-normal/arm64/FIRMultiFactorConstants.o

PrecompileModule /Users/emanuelflury/Library/Developer/Xcode/DerivedData/TaxedGmbH_IOS-gerngfqzuwudosgobknlgtoawnlj/Build/Intermediates.noindex/ExplicitPrecompiledModules/MachO-67K2HIXI88DR49H6Y0EBI3RAH.scan
    cd /
    builtin-precompileModule /Users/emanuelflury/Library/Developer/Xcode/DerivedData/TaxedGmbH_IOS-gerngfqzuwudosgobknlgtoawnlj/Build/Intermediates.noindex/ExplicitPrecompiledModules/MachO-67K2HIXI88DR49H6Y0EBI3RAH.scan

PrecompileModule /Users/emanuelflury/Library/Developer/Xcode/DerivedData/TaxedGmbH_IOS-gerngfqzuwudosgobknlgtoawnlj/Build/Intermediates.noindex/ExplicitPrecompiledModules/ObjectiveC-5U6BT98NWAL3088JOLN9X31V8.scan
    cd /
    builtin-precompileModule /Users/emanuelflury/Library/Developer/Xcode/DerivedData/TaxedGmbH_IOS-gerngfqzuwudosgobknlgtoawnlj/Build/Intermediates.noindex/ExplicitPrecompiledModules/ObjectiveC-5U6BT98NWAL3088JOLN9X31V8.scan

PrecompileModule /Users/emanuelflury/Library/Developer/Xcode/DerivedData/TaxedGmbH_IOS-gerngfqzuwudosgobknlgtoawnlj/Build/Intermediates.noindex/ExplicitPrecompiledModules/_Builtin_inttypes-3I5AGSEUQ6TZLE4UDSM58LV2Q.scan
    cd /
    builtin-precompileModule /Users/emanuelflury/Library/Developer/Xcode/DerivedData/TaxedGmbH_IOS-gerngfqzuwudosgobknlgtoawnlj/Build/Intermediates.noindex/ExplicitPrecompiledModules/_Builtin_inttypes-3I5AGSEUQ6TZLE4UDSM58LV2Q.scan

ScanDependencies /Users/emanuelflury/Library/Developer/Xcode/DerivedData/TaxedGmbH_IOS-gerngfqzuwudosgobknlgtoawnlj/Build/Intermediates.noindex/Firebase.build/Debug-iphoneos/FirebaseAuthInternal.build/Objects-normal/arm64/FIRAuthProvider.o /Users/emanuelflury/Library/Developer/Xcode/DerivedData/TaxedGmbH_IOS-gerngfqzuwudosgobknlgtoawnlj/SourcePackages/checkouts/firebase-ios-sdk/FirebaseAuth/Sources/ObjC/FIRAuthProvider.m normal arm64 objective-c com.apple.compilers.llvm.clang.1_0.compiler (in target 'FirebaseAuthInternal' from project 'Firebase')
    cd /Users/emanuelflury/github/TaxedGmbH_IOS/TaxedGmbH_IOS.xcodeproj
    
    Using response file: /Users/emanuelflury/Library/Developer/Xcode/DerivedData/TaxedGmbH_IOS-gerngfqzuwudosgobknlgtoawnlj/Build/Intermediates.noindex/Firebase.build/Debug-iphoneos/FirebaseAuthInternal.build/Objects-normal/arm64/e6072d4f65d7061329687fe24e3d63a7-common-args.resp
    
    builtin-ScanDependencies -o /Users/emanuelflury/Library/Developer/Xcode/DerivedData/TaxedGmbH_IOS-gerngfqzuwudosgobknlgtoawnlj/Build/Intermediates.noindex/Firebase.build/Debug-iphoneos/FirebaseAuthInternal.build/Objects-normal/arm64/FIRAuthProvider.o.scan -- /Applications/Xcode.app/Contents/Developer/Toolchains/XcodeDefault.xctoolchain/usr/bin/clang -x objective-c -ivfsstatcache /Users/emanuelflury/Library/Developer/Xcode/DerivedData/SDKStatCaches.noindex/iphoneos26.1-23B77-69b33fc7382b27d9b5d46e82a00f8e78.sdkstatcache -fmessage-length\=0 -fdiagnostics-show-note-include-stack -fmacro-backtrace-limit\=0 -fno-color-diagnostics -fmodules-prune-interval\=86400 -fmodules-prune-after\=345600 -fbuild-session-file\=/Users/emanuelflury/Library/Developer/Xcode/DerivedData/ModuleCache.noindex/Session.modulevalidation -fmodules-validate-once-per-build-session -Wnon-modular-include-in-framework-module -Werror\=non-modular-include-in-framework-module -Wno-trigraphs -Wno-missing-field-initializers -Wno-missing-prototypes -Wno-return-type -Wno-implicit-atomic-properties -Wno-objc-interface-ivars -Wno-arc-repeated-use-of-weak -Wno-missing-braces -Wparentheses -Wswitch -Wno-unused-function -Wno-unused-label -Wno-unused-parameter -Wno-unused-variable -Wunused-value -Wno-empty-body -Wno-uninitialized -Wno-unknown-pragmas -w -Wno-shadow -Wno-four-char-constants -Wno-conversion -Wno-constant-conversion -Wno-int-conversion -Wno-bool-conversion -Wno-enum-conversion -Wno-float-conversion -Wno-non-literal-null-conversion -Wno-objc-literal-conversion -Wshorten-64-to-32 -Wpointer-sign -Wno-newline-eof -Wno-selector -Wno-strict-selector-match -Wno-undeclared-selector -Wno-deprecated-implementations -Wno-implicit-fallthrough -fstrict-aliasing -Wprotocol -Wdeprecated-declarations -Wno-sign-conversion -Wno-infinite-recursion -Wno-comma -Wno-block-capture-autoreleasing -Wno-strict-prototypes -Wno-semicolon-before-method-body -index-store-path /Users/emanuelflury/Library/Developer/Xcode/DerivedData/TaxedGmbH_IOS-gerngfqzuwudosgobknlgtoawnlj/Index.noindex/DataStore @/Users/emanuelflury/Library/Developer/Xcode/DerivedData/TaxedGmbH_IOS-gerngfqzuwudosgobknlgtoawnlj/Build/Intermediates.noindex/Firebase.build/Debug-iphoneos/FirebaseAuthInternal.build/Objects-normal/arm64/e6072d4f65d7061329687fe24e3d63a7-common-args.resp -MMD -MT dependencies -MF /Users/emanuelflury/Library/Developer/Xcode/DerivedData/TaxedGmbH_IOS-gerngfqzuwudosgobknlgtoawnlj/Build/Intermediates.noindex/Firebase.build/Debug-iphoneos/FirebaseAuthInternal.build/Objects-normal/arm64/FIRAuthProvider.d --serialize-diagnostics /Users/emanuelflury/Library/Developer/Xcode/DerivedData/TaxedGmbH_IOS-gerngfqzuwudosgobknlgtoawnlj/Build/Intermediates.noindex/Firebase.build/Debug-iphoneos/FirebaseAuthInternal.build/Objects-normal/arm64/FIRAuthProvider.dia -c /Users/emanuelflury/Library/Developer/Xcode/DerivedData/TaxedGmbH_IOS-gerngfqzuwudosgobknlgtoawnlj/SourcePackages/checkouts/firebase-ios-sdk/FirebaseAuth/Sources/ObjC/FIRAuthProvider.m -o /Users/emanuelflury/Library/Developer/Xcode/DerivedData/TaxedGmbH_IOS-gerngfqzuwudosgobknlgtoawnlj/Build/Intermediates.noindex/Firebase.build/Debug-iphoneos/FirebaseAuthInternal.build/Objects-normal/arm64/FIRAuthProvider.o -index-unit-output-path /Firebase.build/Debug-iphoneos/FirebaseAuthInternal.build/Objects-normal/arm64/FIRAuthProvider.o

PrecompileModule /Users/emanuelflury/Library/Developer/Xcode/DerivedData/TaxedGmbH_IOS-gerngfqzuwudosgobknlgtoawnlj/Build/Intermediates.noindex/ExplicitPrecompiledModules/os_object-8SOF5HBIXMVHPANJTXN26UNZ7.scan
    cd /
    builtin-precompileModule /Users/emanuelflury/Library/Developer/Xcode/DerivedData/TaxedGmbH_IOS-gerngfqzuwudosgobknlgtoawnlj/Build/Intermediates.noindex/ExplicitPrecompiledModules/os_object-8SOF5HBIXMVHPANJTXN26UNZ7.scan

PrecompileModule /Users/emanuelflury/Library/Developer/Xcode/DerivedData/TaxedGmbH_IOS-gerngfqzuwudosgobknlgtoawnlj/Build/Intermediates.noindex/ExplicitPrecompiledModules/Darwin-9OK03DAGC97JCT7VA28FZI3MI.scan
    cd /
    builtin-precompileModule /Users/emanuelflury/Library/Developer/Xcode/DerivedData/TaxedGmbH_IOS-gerngfqzuwudosgobknlgtoawnlj/Build/Intermediates.noindex/ExplicitPrecompiledModules/Darwin-9OK03DAGC97JCT7VA28FZI3MI.scan

ScanDependencies /Users/emanuelflury/Library/Developer/Xcode/DerivedData/TaxedGmbH_IOS-gerngfqzuwudosgobknlgtoawnlj/Build/Intermediates.noindex/Firebase.build/Debug-iphoneos/FirebaseAuthInternal.build/Objects-normal/arm64/FIRAuthErrorUtils.o /Users/emanuelflury/Library/Developer/Xcode/DerivedData/TaxedGmbH_IOS-gerngfqzuwudosgobknlgtoawnlj/SourcePackages/checkouts/firebase-ios-sdk/FirebaseAuth/Sources/ObjC/FIRAuthErrorUtils.m normal arm64 objective-c com.apple.compilers.llvm.clang.1_0.compiler (in target 'FirebaseAuthInternal' from project 'Firebase')
    cd /Users/emanuelflury/github/TaxedGmbH_IOS/TaxedGmbH_IOS.xcodeproj
    
    Using response file: /Users/emanuelflury/Library/Developer/Xcode/DerivedData/TaxedGmbH_IOS-gerngfqzuwudosgobknlgtoawnlj/Build/Intermediates.noindex/Firebase.build/Debug-iphoneos/FirebaseAuthInternal.build/Objects-normal/arm64/e6072d4f65d7061329687fe24e3d63a7-common-args.resp
    
    builtin-ScanDependencies -o /Users/emanuelflury/Library/Developer/Xcode/DerivedData/TaxedGmbH_IOS-gerngfqzuwudosgobknlgtoawnlj/Build/Intermediates.noindex/Firebase.build/Debug-iphoneos/FirebaseAuthInternal.build/Objects-normal/arm64/FIRAuthErrorUtils.o.scan -- /Applications/Xcode.app/Contents/Developer/Toolchains/XcodeDefault.xctoolchain/usr/bin/clang -x objective-c -ivfsstatcache /Users/emanuelflury/Library/Developer/Xcode/DerivedData/SDKStatCaches.noindex/iphoneos26.1-23B77-69b33fc7382b27d9b5d46e82a00f8e78.sdkstatcache -fmessage-length\=0 -fdiagnostics-show-note-include-stack -fmacro-backtrace-limit\=0 -fno-color-diagnostics -fmodules-prune-interval\=86400 -fmodules-prune-after\=345600 -fbuild-session-file\=/Users/emanuelflury/Library/Developer/Xcode/DerivedData/ModuleCache.noindex/Session.modulevalidation -fmodules-validate-once-per-build-session -Wnon-modular-include-in-framework-module -Werror\=non-modular-include-in-framework-module -Wno-trigraphs -Wno-missing-field-initializers -Wno-missing-prototypes -Wno-return-type -Wno-implicit-atomic-properties -Wno-objc-interface-ivars -Wno-arc-repeated-use-of-weak -Wno-missing-braces -Wparentheses -Wswitch -Wno-unused-function -Wno-unused-label -Wno-unused-parameter -Wno-unused-variable -Wunused-value -Wno-empty-body -Wno-uninitialized -Wno-unknown-pragmas -w -Wno-shadow -Wno-four-char-constants -Wno-conversion -Wno-constant-conversion -Wno-int-conversion -Wno-bool-conversion -Wno-enum-conversion -Wno-float-conversion -Wno-non-literal-null-conversion -Wno-objc-literal-conversion -Wshorten-64-to-32 -Wpointer-sign -Wno-newline-eof -Wno-selector -Wno-strict-selector-match -Wno-undeclared-selector -Wno-deprecated-implementations -Wno-implicit-fallthrough -fstrict-aliasing -Wprotocol -Wdeprecated-declarations -Wno-sign-conversion -Wno-infinite-recursion -Wno-comma -Wno-block-capture-autoreleasing -Wno-strict-prototypes -Wno-semicolon-before-method-body -index-store-path /Users/emanuelflury/Library/Developer/Xcode/DerivedData/TaxedGmbH_IOS-gerngfqzuwudosgobknlgtoawnlj/Index.noindex/DataStore @/Users/emanuelflury/Library/Developer/Xcode/DerivedData/TaxedGmbH_IOS-gerngfqzuwudosgobknlgtoawnlj/Build/Intermediates.noindex/Firebase.build/Debug-iphoneos/FirebaseAuthInternal.build/Objects-normal/arm64/e6072d4f65d7061329687fe24e3d63a7-common-args.resp -MMD -MT dependencies -MF /Users/emanuelflury/Library/Developer/Xcode/DerivedData/TaxedGmbH_IOS-gerngfqzuwudosgobknlgtoawnlj/Build/Intermediates.noindex/Firebase.build/Debug-iphoneos/FirebaseAuthInternal.build/Objects-normal/arm64/FIRAuthErrorUtils.d --serialize-diagnostics /Users/emanuelflury/Library/Developer/Xcode/DerivedData/TaxedGmbH_IOS-gerngfqzuwudosgobknlgtoawnlj/Build/Intermediates.noindex/Firebase.build/Debug-iphoneos/FirebaseAuthInternal.build/Objects-normal/arm64/FIRAuthErrorUtils.dia -c /Users/emanuelflury/Library/Developer/Xcode/DerivedData/TaxedGmbH_IOS-gerngfqzuwudosgobknlgtoawnlj/SourcePackages/checkouts/firebase-ios-sdk/FirebaseAuth/Sources/ObjC/FIRAuthErrorUtils.m -o /Users/emanuelflury/Library/Developer/Xcode/DerivedData/TaxedGmbH_IOS-gerngfqzuwudosgobknlgtoawnlj/Build/Intermediates.noindex/Firebase.build/Debug-iphoneos/FirebaseAuthInternal.build/Objects-normal/arm64/FIRAuthErrorUtils.o -index-unit-output-path /Firebase.build/Debug-iphoneos/FirebaseAuthInternal.build/Objects-normal/arm64/FIRAuthErrorUtils.o

ScanDependencies /Users/emanuelflury/Library/Developer/Xcode/DerivedData/TaxedGmbH_IOS-gerngfqzuwudosgobknlgtoawnlj/Build/Intermediates.noindex/Firebase.build/Debug-iphoneos/FirebaseAuthInternal.build/Objects-normal/arm64/FIRAuth.o /Users/emanuelflury/Library/Developer/Xcode/DerivedData/TaxedGmbH_IOS-gerngfqzuwudosgobknlgtoawnlj/SourcePackages/checkouts/firebase-ios-sdk/FirebaseAuth/Sources/ObjC/FIRAuth.m normal arm64 objective-c com.apple.compilers.llvm.clang.1_0.compiler (in target 'FirebaseAuthInternal' from project 'Firebase')
    cd /Users/emanuelflury/github/TaxedGmbH_IOS/TaxedGmbH_IOS.xcodeproj
    
    Using response file: /Users/emanuelflury/Library/Developer/Xcode/DerivedData/TaxedGmbH_IOS-gerngfqzuwudosgobknlgtoawnlj/Build/Intermediates.noindex/Firebase.build/Debug-iphoneos/FirebaseAuthInternal.build/Objects-normal/arm64/e6072d4f65d7061329687fe24e3d63a7-common-args.resp
    
    builtin-ScanDependencies -o /Users/emanuelflury/Library/Developer/Xcode/DerivedData/TaxedGmbH_IOS-gerngfqzuwudosgobknlgtoawnlj/Build/Intermediates.noindex/Firebase.build/Debug-iphoneos/FirebaseAuthInternal.build/Objects-normal/arm64/FIRAuth.o.scan -- /Applications/Xcode.app/Contents/Developer/Toolchains/XcodeDefault.xctoolchain/usr/bin/clang -x objective-c -ivfsstatcache /Users/emanuelflury/Library/Developer/Xcode/DerivedData/SDKStatCaches.noindex/iphoneos26.1-23B77-69b33fc7382b27d9b5d46e82a00f8e78.sdkstatcache -fmessage-length\=0 -fdiagnostics-show-note-include-stack -fmacro-backtrace-limit\=0 -fno-color-diagnostics -fmodules-prune-interval\=86400 -fmodules-prune-after\=345600 -fbuild-session-file\=/Users/emanuelflury/Library/Developer/Xcode/DerivedData/ModuleCache.noindex/Session.modulevalidation -fmodules-validate-once-per-build-session -Wnon-modular-include-in-framework-module -Werror\=non-modular-include-in-framework-module -Wno-trigraphs -Wno-missing-field-initializers -Wno-missing-prototypes -Wno-return-type -Wno-implicit-atomic-properties -Wno-objc-interface-ivars -Wno-arc-repeated-use-of-weak -Wno-missing-braces -Wparentheses -Wswitch -Wno-unused-function -Wno-unused-label -Wno-unused-parameter -Wno-unused-variable -Wunused-value -Wno-empty-body -Wno-uninitialized -Wno-unknown-pragmas -w -Wno-shadow -Wno-four-char-constants -Wno-conversion -Wno-constant-conversion -Wno-int-conversion -Wno-bool-conversion -Wno-enum-conversion -Wno-float-conversion -Wno-non-literal-null-conversion -Wno-objc-literal-conversion -Wshorten-64-to-32 -Wpointer-sign -Wno-newline-eof -Wno-selector -Wno-strict-selector-match -Wno-undeclared-selector -Wno-deprecated-implementations -Wno-implicit-fallthrough -fstrict-aliasing -Wprotocol -Wdeprecated-declarations -Wno-sign-conversion -Wno-infinite-recursion -Wno-comma -Wno-block-capture-autoreleasing -Wno-strict-prototypes -Wno-semicolon-before-method-body -index-store-path /Users/emanuelflury/Library/Developer/Xcode/DerivedData/TaxedGmbH_IOS-gerngfqzuwudosgobknlgtoawnlj/Index.noindex/DataStore @/Users/emanuelflury/Library/Developer/Xcode/DerivedData/TaxedGmbH_IOS-gerngfqzuwudosgobknlgtoawnlj/Build/Intermediates.noindex/Firebase.build/Debug-iphoneos/FirebaseAuthInternal.build/Objects-normal/arm64/e6072d4f65d7061329687fe24e3d63a7-common-args.resp -MMD -MT dependencies -MF /Users/emanuelflury/Library/Developer/Xcode/DerivedData/TaxedGmbH_IOS-gerngfqzuwudosgobknlgtoawnlj/Build/Intermediates.noindex/Firebase.build/Debug-iphoneos/FirebaseAuthInternal.build/Objects-normal/arm64/FIRAuth.d --serialize-diagnostics /Users/emanuelflury/Library/Developer/Xcode/DerivedData/TaxedGmbH_IOS-gerngfqzuwudosgobknlgtoawnlj/Build/Intermediates.noindex/Firebase.build/Debug-iphoneos/FirebaseAuthInternal.build/Objects-normal/arm64/FIRAuth.dia -c /Users/emanuelflury/Library/Developer/Xcode/DerivedData/TaxedGmbH_IOS-gerngfqzuwudosgobknlgtoawnlj/SourcePackages/checkouts/firebase-ios-sdk/FirebaseAuth/Sources/ObjC/FIRAuth.m -o /Users/emanuelflury/Library/Developer/Xcode/DerivedData/TaxedGmbH_IOS-gerngfqzuwudosgobknlgtoawnlj/Build/Intermediates.noindex/Firebase.build/Debug-iphoneos/FirebaseAuthInternal.build/Objects-normal/arm64/FIRAuth.o -index-unit-output-path /Firebase.build/Debug-iphoneos/FirebaseAuthInternal.build/Objects-normal/arm64/FIRAuth.o

PrecompileModule /Users/emanuelflury/Library/Developer/Xcode/DerivedData/TaxedGmbH_IOS-gerngfqzuwudosgobknlgtoawnlj/Build/Intermediates.noindex/ExplicitPrecompiledModules/ObjectiveC-B423ZRGXILJLAZ2BGS5NC3V2C.scan
    cd /
    builtin-precompileModule /Users/emanuelflury/Library/Developer/Xcode/DerivedData/TaxedGmbH_IOS-gerngfqzuwudosgobknlgtoawnlj/Build/Intermediates.noindex/ExplicitPrecompiledModules/ObjectiveC-B423ZRGXILJLAZ2BGS5NC3V2C.scan

CompileC /Users/emanuelflury/Library/Developer/Xcode/DerivedData/TaxedGmbH_IOS-gerngfqzuwudosgobknlgtoawnlj/Build/Intermediates.noindex/GoogleUtilities.build/Debug-iphoneos/third-party-IsAppEncrypted.build/Objects-normal/arm64/IsAppEncrypted.o /Users/emanuelflury/Library/Developer/Xcode/DerivedData/TaxedGmbH_IOS-gerngfqzuwudosgobknlgtoawnlj/SourcePackages/checkouts/GoogleUtilities/third_party/IsAppEncrypted/IsAppEncrypted.m normal arm64 objective-c com.apple.compilers.llvm.clang.1_0.compiler (in target 'third-party-IsAppEncrypted' from project 'GoogleUtilities')
    cd /Users/emanuelflury/github/TaxedGmbH_IOS/TaxedGmbH_IOS.xcodeproj
    
    Using response file: /Users/emanuelflury/Library/Developer/Xcode/DerivedData/TaxedGmbH_IOS-gerngfqzuwudosgobknlgtoawnlj/Build/Intermediates.noindex/GoogleUtilities.build/Debug-iphoneos/third-party-IsAppEncrypted.build/Objects-normal/arm64/e6072d4f65d7061329687fe24e3d63a7-common-args.resp
    
    /Applications/Xcode.app/Contents/Developer/Toolchains/XcodeDefault.xctoolchain/usr/bin/clang -x objective-c -ivfsstatcache /Users/emanuelflury/Library/Developer/Xcode/DerivedData/SDKStatCaches.noindex/iphoneos26.1-23B77-69b33fc7382b27d9b5d46e82a00f8e78.sdkstatcache -fmessage-length\=0 -fdiagnostics-show-note-include-stack -fmacro-backtrace-limit\=0 -fno-color-diagnostics -fmodules-prune-interval\=86400 -fmodules-prune-after\=345600 -fbuild-session-file\=/Users/emanuelflury/Library/Developer/Xcode/DerivedData/ModuleCache.noindex/Session.modulevalidation -fmodules-validate-once-per-build-session -Wnon-modular-include-in-framework-module -Werror\=non-modular-include-in-framework-module -Wno-trigraphs -Wno-missing-field-initializers -Wno-missing-prototypes -Wno-return-type -Wno-implicit-atomic-properties -Wno-objc-interface-ivars -Wno-arc-repeated-use-of-weak -Wno-missing-braces -Wparentheses -Wswitch -Wno-unused-function -Wno-unused-label -Wno-unused-parameter -Wno-unused-variable -Wunused-value -Wno-empty-body -Wno-uninitialized -Wno-unknown-pragmas -w -Wno-shadow -Wno-four-char-constants -Wno-conversion -Wno-constant-conversion -Wno-int-conversion -Wno-bool-conversion -Wno-enum-conversion -Wno-float-conversion -Wno-non-literal-null-conversion -Wno-objc-literal-conversion -Wshorten-64-to-32 -Wpointer-sign -Wno-newline-eof -Wno-selector -Wno-strict-selector-match -Wno-undeclared-selector -Wno-deprecated-implementations -Wno-implicit-fallthrough -fstrict-aliasing -Wprotocol -Wdeprecated-declarations -Wno-sign-conversion -Wno-infinite-recursion -Wno-comma -Wno-block-capture-autoreleasing -Wno-strict-prototypes -Wno-semicolon-before-method-body -index-store-path /Users/emanuelflury/Library/Developer/Xcode/DerivedData/TaxedGmbH_IOS-gerngfqzuwudosgobknlgtoawnlj/Index.noindex/DataStore @/Users/emanuelflury/Library/Developer/Xcode/DerivedData/TaxedGmbH_IOS-gerngfqzuwudosgobknlgtoawnlj/Build/Intermediates.noindex/GoogleUtilities.build/Debug-iphoneos/third-party-IsAppEncrypted.build/Objects-normal/arm64/e6072d4f65d7061329687fe24e3d63a7-common-args.resp -MMD -MT dependencies -MF /Users/emanuelflury/Library/Developer/Xcode/DerivedData/TaxedGmbH_IOS-gerngfqzuwudosgobknlgtoawnlj/Build/Intermediates.noindex/GoogleUtilities.build/Debug-iphoneos/third-party-IsAppEncrypted.build/Objects-normal/arm64/IsAppEncrypted.d --serialize-diagnostics /Users/emanuelflury/Library/Developer/Xcode/DerivedData/TaxedGmbH_IOS-gerngfqzuwudosgobknlgtoawnlj/Build/Intermediates.noindex/GoogleUtilities.build/Debug-iphoneos/third-party-IsAppEncrypted.build/Objects-normal/arm64/IsAppEncrypted.dia -c /Users/emanuelflury/Library/Developer/Xcode/DerivedData/TaxedGmbH_IOS-gerngfqzuwudosgobknlgtoawnlj/SourcePackages/checkouts/GoogleUtilities/third_party/IsAppEncrypted/IsAppEncrypted.m -o /Users/emanuelflury/Library/Developer/Xcode/DerivedData/TaxedGmbH_IOS-gerngfqzuwudosgobknlgtoawnlj/Build/Intermediates.noindex/GoogleUtilities.build/Debug-iphoneos/third-party-IsAppEncrypted.build/Objects-normal/arm64/IsAppEncrypted.o -index-unit-output-path /GoogleUtilities.build/Debug-iphoneos/third-party-IsAppEncrypted.build/Objects-normal/arm64/IsAppEncrypted.o

PrecompileModule /Users/emanuelflury/Library/Developer/Xcode/DerivedData/TaxedGmbH_IOS-gerngfqzuwudosgobknlgtoawnlj/Build/Intermediates.noindex/ExplicitPrecompiledModules/third_party_IsAppEncrypted-7TGH8S8SNYZ919ZROS7PHVZ0S.scan
    cd /
    builtin-precompileModule /Users/emanuelflury/Library/Developer/Xcode/DerivedData/TaxedGmbH_IOS-gerngfqzuwudosgobknlgtoawnlj/Build/Intermediates.noindex/ExplicitPrecompiledModules/third_party_IsAppEncrypted-7TGH8S8SNYZ919ZROS7PHVZ0S.scan

PrecompileModule /Users/emanuelflury/Library/Developer/Xcode/DerivedData/TaxedGmbH_IOS-gerngfqzuwudosgobknlgtoawnlj/Build/Intermediates.noindex/ExplicitPrecompiledModules/os_object-9LARV882P0QHZ2HAFE40HEXCW.scan
    cd /
    builtin-precompileModule /Users/emanuelflury/Library/Developer/Xcode/DerivedData/TaxedGmbH_IOS-gerngfqzuwudosgobknlgtoawnlj/Build/Intermediates.noindex/ExplicitPrecompiledModules/os_object-9LARV882P0QHZ2HAFE40HEXCW.scan

PrecompileModule /Users/emanuelflury/Library/Developer/Xcode/DerivedData/TaxedGmbH_IOS-gerngfqzuwudosgobknlgtoawnlj/Build/Intermediates.noindex/ExplicitPrecompiledModules/os_workgroup-1EK1QPY16FF5FSL6G3V7ZITO7.scan
    cd /
    builtin-precompileModule /Users/emanuelflury/Library/Developer/Xcode/DerivedData/TaxedGmbH_IOS-gerngfqzuwudosgobknlgtoawnlj/Build/Intermediates.noindex/ExplicitPrecompiledModules/os_workgroup-1EK1QPY16FF5FSL6G3V7ZITO7.scan

Ld /Users/emanuelflury/Library/Developer/Xcode/DerivedData/TaxedGmbH_IOS-gerngfqzuwudosgobknlgtoawnlj/Build/Products/Debug-iphoneos/third-party-IsAppEncrypted.o normal (in target 'third-party-IsAppEncrypted' from project 'GoogleUtilities')
    cd /Users/emanuelflury/Library/Developer/Xcode/DerivedData/TaxedGmbH_IOS-gerngfqzuwudosgobknlgtoawnlj/SourcePackages/checkouts/GoogleUtilities
    /Applications/Xcode.app/Contents/Developer/Toolchains/XcodeDefault.xctoolchain/usr/bin/clang -Xlinker -reproducible -target arm64-apple-ios12.0 -r -isysroot /Applications/Xcode.app/Contents/Developer/Platforms/iPhoneOS.platform/Developer/SDKs/iPhoneOS26.1.sdk -O0 -w -L/Users/emanuelflury/Library/Developer/Xcode/DerivedData/TaxedGmbH_IOS-gerngfqzuwudosgobknlgtoawnlj/Build/Intermediates.noindex/EagerLinkingTBDs/Debug-iphoneos -L/Users/emanuelflury/Library/Developer/Xcode/DerivedData/TaxedGmbH_IOS-gerngfqzuwudosgobknlgtoawnlj/Build/Products/Debug-iphoneos -L/Applications/Xcode.app/Contents/Developer/Platforms/iPhoneOS.platform/Developer/usr/lib -F/Users/emanuelflury/Library/Developer/Xcode/DerivedData/TaxedGmbH_IOS-gerngfqzuwudosgobknlgtoawnlj/Build/Intermediates.noindex/EagerLinkingTBDs/Debug-iphoneos -F/Users/emanuelflury/Library/Developer/Xcode/DerivedData/TaxedGmbH_IOS-gerngfqzuwudosgobknlgtoawnlj/Build/Products/Debug-iphoneos -iframework /Applications/Xcode.app/Contents/Developer/Platforms/iPhoneOS.platform/Developer/Library/Frameworks -iframework /Applications/Xcode.app/Contents/Developer/Platforms/iPhoneOS.platform/Developer/SDKs/iPhoneOS26.1.sdk/Developer/Library/Frameworks -filelist /Users/emanuelflury/Library/Developer/Xcode/DerivedData/TaxedGmbH_IOS-gerngfqzuwudosgobknlgtoawnlj/Build/Intermediates.noindex/GoogleUtilities.build/Debug-iphoneos/third-party-IsAppEncrypted.build/Objects-normal/arm64/third-party-IsAppEncrypted.LinkFileList -nostdlib -Xlinker -object_path_lto -Xlinker /Users/emanuelflury/Library/Developer/Xcode/DerivedData/TaxedGmbH_IOS-gerngfqzuwudosgobknlgtoawnlj/Build/Intermediates.noindex/GoogleUtilities.build/Debug-iphoneos/third-party-IsAppEncrypted.build/Objects-normal/arm64/third-party-IsAppEncrypted_lto.o -rdynamic -Xlinker -no_deduplicate -Xlinker -debug_variant -Xlinker -dependency_info -Xlinker /Users/emanuelflury/Library/Developer/Xcode/DerivedData/TaxedGmbH_IOS-gerngfqzuwudosgobknlgtoawnlj/Build/Intermediates.noindex/GoogleUtilities.build/Debug-iphoneos/third-party-IsAppEncrypted.build/Objects-normal/arm64/third-party-IsAppEncrypted_dependency_info.dat -fobjc-arc -fobjc-link-runtime -o /Users/emanuelflury/Library/Developer/Xcode/DerivedData/TaxedGmbH_IOS-gerngfqzuwudosgobknlgtoawnlj/Build/Products/Debug-iphoneos/third-party-IsAppEncrypted.o

RegisterExecutionPolicyException /Users/emanuelflury/Library/Developer/Xcode/DerivedData/TaxedGmbH_IOS-gerngfqzuwudosgobknlgtoawnlj/Build/Products/Debug-iphoneos/gRPC_opensslWrapper.bundle (in target 'gRPC_opensslWrapper' from project 'gRPC')
    cd /Users/emanuelflury/Library/Developer/Xcode/DerivedData/TaxedGmbH_IOS-gerngfqzuwudosgobknlgtoawnlj/SourcePackages/checkouts/grpc-binary
    builtin-RegisterExecutionPolicyException /Users/emanuelflury/Library/Developer/Xcode/DerivedData/TaxedGmbH_IOS-gerngfqzuwudosgobknlgtoawnlj/Build/Products/Debug-iphoneos/gRPC_opensslWrapper.bundle

Touch /Users/emanuelflury/Library/Developer/Xcode/DerivedData/TaxedGmbH_IOS-gerngfqzuwudosgobknlgtoawnlj/Build/Products/Debug-iphoneos/gRPC_opensslWrapper.bundle (in target 'gRPC_opensslWrapper' from project 'gRPC')
    cd /Users/emanuelflury/Library/Developer/Xcode/DerivedData/TaxedGmbH_IOS-gerngfqzuwudosgobknlgtoawnlj/SourcePackages/checkouts/grpc-binary
    /usr/bin/touch -c /Users/emanuelflury/Library/Developer/Xcode/DerivedData/TaxedGmbH_IOS-gerngfqzuwudosgobknlgtoawnlj/Build/Products/Debug-iphoneos/gRPC_opensslWrapper.bundle

RegisterExecutionPolicyException /Users/emanuelflury/Library/Developer/Xcode/DerivedData/TaxedGmbH_IOS-gerngfqzuwudosgobknlgtoawnlj/Build/Products/Debug-iphoneos/gRPC_grpcppWrapper.bundle (in target 'gRPC_grpcppWrapper' from project 'gRPC')
    cd /Users/emanuelflury/Library/Developer/Xcode/DerivedData/TaxedGmbH_IOS-gerngfqzuwudosgobknlgtoawnlj/SourcePackages/checkouts/grpc-binary
    builtin-RegisterExecutionPolicyException /Users/emanuelflury/Library/Developer/Xcode/DerivedData/TaxedGmbH_IOS-gerngfqzuwudosgobknlgtoawnlj/Build/Products/Debug-iphoneos/gRPC_grpcppWrapper.bundle

PrecompileModule /Users/emanuelflury/Library/Developer/Xcode/DerivedData/TaxedGmbH_IOS-gerngfqzuwudosgobknlgtoawnlj/Build/Intermediates.noindex/ExplicitPrecompiledModules/os_workgroup-71NAZ9XJBZGGY608TTFSV4IQ3.scan
    cd /
    builtin-precompileModule /Users/emanuelflury/Library/Developer/Xcode/DerivedData/TaxedGmbH_IOS-gerngfqzuwudosgobknlgtoawnlj/Build/Intermediates.noindex/ExplicitPrecompiledModules/os_workgroup-71NAZ9XJBZGGY608TTFSV4IQ3.scan

Touch /Users/emanuelflury/Library/Developer/Xcode/DerivedData/TaxedGmbH_IOS-gerngfqzuwudosgobknlgtoawnlj/Build/Products/Debug-iphoneos/gRPC_grpcppWrapper.bundle (in target 'gRPC_grpcppWrapper' from project 'gRPC')
    cd /Users/emanuelflury/Library/Developer/Xcode/DerivedData/TaxedGmbH_IOS-gerngfqzuwudosgobknlgtoawnlj/SourcePackages/checkouts/grpc-binary
    /usr/bin/touch -c /Users/emanuelflury/Library/Developer/Xcode/DerivedData/TaxedGmbH_IOS-gerngfqzuwudosgobknlgtoawnlj/Build/Products/Debug-iphoneos/gRPC_grpcppWrapper.bundle

PrecompileModule /Users/emanuelflury/Library/Developer/Xcode/DerivedData/TaxedGmbH_IOS-gerngfqzuwudosgobknlgtoawnlj/Build/Intermediates.noindex/ExplicitPrecompiledModules/os_object-EGWXEJZUX8HUTS4FZ2LW48RCX.scan
    cd /
    builtin-precompileModule /Users/emanuelflury/Library/Developer/Xcode/DerivedData/TaxedGmbH_IOS-gerngfqzuwudosgobknlgtoawnlj/Build/Intermediates.noindex/ExplicitPrecompiledModules/os_object-EGWXEJZUX8HUTS4FZ2LW48RCX.scan

RegisterExecutionPolicyException /Users/emanuelflury/Library/Developer/Xcode/DerivedData/TaxedGmbH_IOS-gerngfqzuwudosgobknlgtoawnlj/Build/Products/Debug-iphoneos/gRPC_grpcWrapper.bundle (in target 'gRPC_grpcWrapper' from project 'gRPC')
    cd /Users/emanuelflury/Library/Developer/Xcode/DerivedData/TaxedGmbH_IOS-gerngfqzuwudosgobknlgtoawnlj/SourcePackages/checkouts/grpc-binary
    builtin-RegisterExecutionPolicyException /Users/emanuelflury/Library/Developer/Xcode/DerivedData/TaxedGmbH_IOS-gerngfqzuwudosgobknlgtoawnlj/Build/Products/Debug-iphoneos/gRPC_grpcWrapper.bundle

PrecompileModule /Users/emanuelflury/Library/Developer/Xcode/DerivedData/TaxedGmbH_IOS-gerngfqzuwudosgobknlgtoawnlj/Build/Intermediates.noindex/ExplicitPrecompiledModules/Dispatch-5LLZ8NGTHRKPRLVZL02NZ9OPY.scan
    cd /
    builtin-precompileModule /Users/emanuelflury/Library/Developer/Xcode/DerivedData/TaxedGmbH_IOS-gerngfqzuwudosgobknlgtoawnlj/Build/Intermediates.noindex/ExplicitPrecompiledModules/Dispatch-5LLZ8NGTHRKPRLVZL02NZ9OPY.scan

RegisterExecutionPolicyException /Users/emanuelflury/Library/Developer/Xcode/DerivedData/TaxedGmbH_IOS-gerngfqzuwudosgobknlgtoawnlj/Build/Products/Debug-iphoneos/abseil_abslWrapper.bundle (in target 'abseil_abslWrapper' from project 'abseil')
    cd /Users/emanuelflury/Library/Developer/Xcode/DerivedData/TaxedGmbH_IOS-gerngfqzuwudosgobknlgtoawnlj/SourcePackages/checkouts/abseil-cpp-binary
    builtin-RegisterExecutionPolicyException /Users/emanuelflury/Library/Developer/Xcode/DerivedData/TaxedGmbH_IOS-gerngfqzuwudosgobknlgtoawnlj/Build/Products/Debug-iphoneos/abseil_abslWrapper.bundle

RegisterExecutionPolicyException /Users/emanuelflury/Library/Developer/Xcode/DerivedData/TaxedGmbH_IOS-gerngfqzuwudosgobknlgtoawnlj/Build/Products/Debug-iphoneos/third-party-IsAppEncrypted.o (in target 'third-party-IsAppEncrypted' from project 'GoogleUtilities')
    cd /Users/emanuelflury/Library/Developer/Xcode/DerivedData/TaxedGmbH_IOS-gerngfqzuwudosgobknlgtoawnlj/SourcePackages/checkouts/GoogleUtilities
    builtin-RegisterExecutionPolicyException /Users/emanuelflury/Library/Developer/Xcode/DerivedData/TaxedGmbH_IOS-gerngfqzuwudosgobknlgtoawnlj/Build/Products/Debug-iphoneos/third-party-IsAppEncrypted.o

Touch /Users/emanuelflury/Library/Developer/Xcode/DerivedData/TaxedGmbH_IOS-gerngfqzuwudosgobknlgtoawnlj/Build/Products/Debug-iphoneos/gRPC_grpcWrapper.bundle (in target 'gRPC_grpcWrapper' from project 'gRPC')
    cd /Users/emanuelflury/Library/Developer/Xcode/DerivedData/TaxedGmbH_IOS-gerngfqzuwudosgobknlgtoawnlj/SourcePackages/checkouts/grpc-binary
    /usr/bin/touch -c /Users/emanuelflury/Library/Developer/Xcode/DerivedData/TaxedGmbH_IOS-gerngfqzuwudosgobknlgtoawnlj/Build/Products/Debug-iphoneos/gRPC_grpcWrapper.bundle

Touch /Users/emanuelflury/Library/Developer/Xcode/DerivedData/TaxedGmbH_IOS-gerngfqzuwudosgobknlgtoawnlj/Build/Products/Debug-iphoneos/abseil_abslWrapper.bundle (in target 'abseil_abslWrapper' from project 'abseil')
    cd /Users/emanuelflury/Library/Developer/Xcode/DerivedData/TaxedGmbH_IOS-gerngfqzuwudosgobknlgtoawnlj/SourcePackages/checkouts/abseil-cpp-binary
    /usr/bin/touch -c /Users/emanuelflury/Library/Developer/Xcode/DerivedData/TaxedGmbH_IOS-gerngfqzuwudosgobknlgtoawnlj/Build/Products/Debug-iphoneos/abseil_abslWrapper.bundle

RegisterExecutionPolicyException /Users/emanuelflury/Library/Developer/Xcode/DerivedData/TaxedGmbH_IOS-gerngfqzuwudosgobknlgtoawnlj/Build/Products/Debug-iphoneos/Promises_FBLPromises.bundle (in target 'Promises_FBLPromises' from project 'Promises')
    cd /Users/emanuelflury/Library/Developer/Xcode/DerivedData/TaxedGmbH_IOS-gerngfqzuwudosgobknlgtoawnlj/SourcePackages/checkouts/promises
    builtin-RegisterExecutionPolicyException /Users/emanuelflury/Library/Developer/Xcode/DerivedData/TaxedGmbH_IOS-gerngfqzuwudosgobknlgtoawnlj/Build/Products/Debug-iphoneos/Promises_FBLPromises.bundle

RegisterExecutionPolicyException /Users/emanuelflury/Library/Developer/Xcode/DerivedData/TaxedGmbH_IOS-gerngfqzuwudosgobknlgtoawnlj/Build/Products/Debug-iphoneos/RecaptchaInterop.o (in target 'RecaptchaInterop' from project 'InteropForGoogle')
    cd /Users/emanuelflury/Library/Developer/Xcode/DerivedData/TaxedGmbH_IOS-gerngfqzuwudosgobknlgtoawnlj/SourcePackages/checkouts/interop-ios-for-google-sdks
    builtin-RegisterExecutionPolicyException /Users/emanuelflury/Library/Developer/Xcode/DerivedData/TaxedGmbH_IOS-gerngfqzuwudosgobknlgtoawnlj/Build/Products/Debug-iphoneos/RecaptchaInterop.o

PrecompileModule /Users/emanuelflury/Library/Developer/Xcode/DerivedData/TaxedGmbH_IOS-gerngfqzuwudosgobknlgtoawnlj/Build/Intermediates.noindex/ExplicitPrecompiledModules/Dispatch-EU0CON1SF7EJHO7XJARFZE8PS.scan
    cd /
    builtin-precompileModule /Users/emanuelflury/Library/Developer/Xcode/DerivedData/TaxedGmbH_IOS-gerngfqzuwudosgobknlgtoawnlj/Build/Intermediates.noindex/ExplicitPrecompiledModules/Dispatch-EU0CON1SF7EJHO7XJARFZE8PS.scan

Touch /Users/emanuelflury/Library/Developer/Xcode/DerivedData/TaxedGmbH_IOS-gerngfqzuwudosgobknlgtoawnlj/Build/Products/Debug-iphoneos/Promises_FBLPromises.bundle (in target 'Promises_FBLPromises' from project 'Promises')
    cd /Users/emanuelflury/Library/Developer/Xcode/DerivedData/TaxedGmbH_IOS-gerngfqzuwudosgobknlgtoawnlj/SourcePackages/checkouts/promises
    /usr/bin/touch -c /Users/emanuelflury/Library/Developer/Xcode/DerivedData/TaxedGmbH_IOS-gerngfqzuwudosgobknlgtoawnlj/Build/Products/Debug-iphoneos/Promises_FBLPromises.bundle

RegisterExecutionPolicyException /Users/emanuelflury/Library/Developer/Xcode/DerivedData/TaxedGmbH_IOS-gerngfqzuwudosgobknlgtoawnlj/Build/Products/Debug-iphoneos/GoogleUtilities_GoogleUtilities-UserDefaults.bundle (in target 'GoogleUtilities_GoogleUtilities-UserDefaults' from project 'GoogleUtilities')
    cd /Users/emanuelflury/Library/Developer/Xcode/DerivedData/TaxedGmbH_IOS-gerngfqzuwudosgobknlgtoawnlj/SourcePackages/checkouts/GoogleUtilities
    builtin-RegisterExecutionPolicyException /Users/emanuelflury/Library/Developer/Xcode/DerivedData/TaxedGmbH_IOS-gerngfqzuwudosgobknlgtoawnlj/Build/Products/Debug-iphoneos/GoogleUtilities_GoogleUtilities-UserDefaults.bundle

PrecompileModule /Users/emanuelflury/Library/Developer/Xcode/DerivedData/TaxedGmbH_IOS-gerngfqzuwudosgobknlgtoawnlj/Build/Intermediates.noindex/ExplicitPrecompiledModules/os_workgroup-BH6PZWU71G1KPUFPI9OQO6MQ7.scan
    cd /
    builtin-precompileModule /Users/emanuelflury/Library/Developer/Xcode/DerivedData/TaxedGmbH_IOS-gerngfqzuwudosgobknlgtoawnlj/Build/Intermediates.noindex/ExplicitPrecompiledModules/os_workgroup-BH6PZWU71G1KPUFPI9OQO6MQ7.scan

RegisterExecutionPolicyException /Users/emanuelflury/Library/Developer/Xcode/DerivedData/TaxedGmbH_IOS-gerngfqzuwudosgobknlgtoawnlj/Build/Products/Debug-iphoneos/GoogleUtilities_GoogleUtilities-Reachability.bundle (in target 'GoogleUtilities_GoogleUtilities-Reachability' from project 'GoogleUtilities')
    cd /Users/emanuelflury/Library/Developer/Xcode/DerivedData/TaxedGmbH_IOS-gerngfqzuwudosgobknlgtoawnlj/SourcePackages/checkouts/GoogleUtilities
    builtin-RegisterExecutionPolicyException /Users/emanuelflury/Library/Developer/Xcode/DerivedData/TaxedGmbH_IOS-gerngfqzuwudosgobknlgtoawnlj/Build/Products/Debug-iphoneos/GoogleUtilities_GoogleUtilities-Reachability.bundle

Touch /Users/emanuelflury/Library/Developer/Xcode/DerivedData/TaxedGmbH_IOS-gerngfqzuwudosgobknlgtoawnlj/Build/Products/Debug-iphoneos/GoogleUtilities_GoogleUtilities-UserDefaults.bundle (in target 'GoogleUtilities_GoogleUtilities-UserDefaults' from project 'GoogleUtilities')
    cd /Users/emanuelflury/Library/Developer/Xcode/DerivedData/TaxedGmbH_IOS-gerngfqzuwudosgobknlgtoawnlj/SourcePackages/checkouts/GoogleUtilities
    /usr/bin/touch -c /Users/emanuelflury/Library/Developer/Xcode/DerivedData/TaxedGmbH_IOS-gerngfqzuwudosgobknlgtoawnlj/Build/Products/Debug-iphoneos/GoogleUtilities_GoogleUtilities-UserDefaults.bundle

RegisterExecutionPolicyException /Users/emanuelflury/Library/Developer/Xcode/DerivedData/TaxedGmbH_IOS-gerngfqzuwudosgobknlgtoawnlj/Build/Products/Debug-iphoneos/GoogleUtilities_GoogleUtilities-Network.bundle (in target 'GoogleUtilities_GoogleUtilities-Network' from project 'GoogleUtilities')
    cd /Users/emanuelflury/Library/Developer/Xcode/DerivedData/TaxedGmbH_IOS-gerngfqzuwudosgobknlgtoawnlj/SourcePackages/checkouts/GoogleUtilities
    builtin-RegisterExecutionPolicyException /Users/emanuelflury/Library/Developer/Xcode/DerivedData/TaxedGmbH_IOS-gerngfqzuwudosgobknlgtoawnlj/Build/Products/Debug-iphoneos/GoogleUtilities_GoogleUtilities-Network.bundle

Touch /Users/emanuelflury/Library/Developer/Xcode/DerivedData/TaxedGmbH_IOS-gerngfqzuwudosgobknlgtoawnlj/Build/Products/Debug-iphoneos/GoogleUtilities_GoogleUtilities-Reachability.bundle (in target 'GoogleUtilities_GoogleUtilities-Reachability' from project 'GoogleUtilities')
    cd /Users/emanuelflury/Library/Developer/Xcode/DerivedData/TaxedGmbH_IOS-gerngfqzuwudosgobknlgtoawnlj/SourcePackages/checkouts/GoogleUtilities
    /usr/bin/touch -c /Users/emanuelflury/Library/Developer/Xcode/DerivedData/TaxedGmbH_IOS-gerngfqzuwudosgobknlgtoawnlj/Build/Products/Debug-iphoneos/GoogleUtilities_GoogleUtilities-Reachability.bundle

RegisterExecutionPolicyException /Users/emanuelflury/Library/Developer/Xcode/DerivedData/TaxedGmbH_IOS-gerngfqzuwudosgobknlgtoawnlj/Build/Products/Debug-iphoneos/GoogleUtilities_GoogleUtilities-NSData.bundle (in target 'GoogleUtilities_GoogleUtilities-NSData' from project 'GoogleUtilities')
    cd /Users/emanuelflury/Library/Developer/Xcode/DerivedData/TaxedGmbH_IOS-gerngfqzuwudosgobknlgtoawnlj/SourcePackages/checkouts/GoogleUtilities
    builtin-RegisterExecutionPolicyException /Users/emanuelflury/Library/Developer/Xcode/DerivedData/TaxedGmbH_IOS-gerngfqzuwudosgobknlgtoawnlj/Build/Products/Debug-iphoneos/GoogleUtilities_GoogleUtilities-NSData.bundle

ScanDependencies /Users/emanuelflury/Library/Developer/Xcode/DerivedData/TaxedGmbH_IOS-gerngfqzuwudosgobknlgtoawnlj/Build/Intermediates.noindex/GoogleUtilities.build/Debug-iphoneos/GoogleUtilities-Logger.build/Objects-normal/arm64/resource_bundle_accessor.o /Users/emanuelflury/Library/Developer/Xcode/DerivedData/TaxedGmbH_IOS-gerngfqzuwudosgobknlgtoawnlj/Build/Intermediates.noindex/GoogleUtilities.build/Debug-iphoneos/GoogleUtilities-Logger.build/DerivedSources/resource_bundle_accessor.m normal arm64 objective-c com.apple.compilers.llvm.clang.1_0.compiler (in target 'GoogleUtilities-Logger' from project 'GoogleUtilities')
    cd /Users/emanuelflury/github/TaxedGmbH_IOS/TaxedGmbH_IOS.xcodeproj
    
    Using response file: /Users/emanuelflury/Library/Developer/Xcode/DerivedData/TaxedGmbH_IOS-gerngfqzuwudosgobknlgtoawnlj/Build/Intermediates.noindex/GoogleUtilities.build/Debug-iphoneos/GoogleUtilities-Logger.build/Objects-normal/arm64/e6072d4f65d7061329687fe24e3d63a7-common-args.resp
    
    builtin-ScanDependencies -o /Users/emanuelflury/Library/Developer/Xcode/DerivedData/TaxedGmbH_IOS-gerngfqzuwudosgobknlgtoawnlj/Build/Intermediates.noindex/GoogleUtilities.build/Debug-iphoneos/GoogleUtilities-Logger.build/Objects-normal/arm64/resource_bundle_accessor.o.scan -- /Applications/Xcode.app/Contents/Developer/Toolchains/XcodeDefault.xctoolchain/usr/bin/clang -x objective-c -ivfsstatcache /Users/emanuelflury/Library/Developer/Xcode/DerivedData/SDKStatCaches.noindex/iphoneos26.1-23B77-69b33fc7382b27d9b5d46e82a00f8e78.sdkstatcache -fmessage-length\=0 -fdiagnostics-show-note-include-stack -fmacro-backtrace-limit\=0 -fno-color-diagnostics -fmodules-prune-interval\=86400 -fmodules-prune-after\=345600 -fbuild-session-file\=/Users/emanuelflury/Library/Developer/Xcode/DerivedData/ModuleCache.noindex/Session.modulevalidation -fmodules-validate-once-per-build-session -Wnon-modular-include-in-framework-module -Werror\=non-modular-include-in-framework-module -Wno-trigraphs -Wno-missing-field-initializers -Wno-missing-prototypes -Wno-return-type -Wno-implicit-atomic-properties -Wno-objc-interface-ivars -Wno-arc-repeated-use-of-weak -Wno-missing-braces -Wparentheses -Wswitch -Wno-unused-function -Wno-unused-label -Wno-unused-parameter -Wno-unused-variable -Wunused-value -Wno-empty-body -Wno-uninitialized -Wno-unknown-pragmas -w -Wno-shadow -Wno-four-char-constants -Wno-conversion -Wno-constant-conversion -Wno-int-conversion -Wno-bool-conversion -Wno-enum-conversion -Wno-float-conversion -Wno-non-literal-null-conversion -Wno-objc-literal-conversion -Wshorten-64-to-32 -Wpointer-sign -Wno-newline-eof -Wno-selector -Wno-strict-selector-match -Wno-undeclared-selector -Wno-deprecated-implementations -Wno-implicit-fallthrough -fstrict-aliasing -Wprotocol -Wdeprecated-declarations -Wno-sign-conversion -Wno-infinite-recursion -Wno-comma -Wno-block-capture-autoreleasing -Wno-strict-prototypes -Wno-semicolon-before-method-body -index-store-path /Users/emanuelflury/Library/Developer/Xcode/DerivedData/TaxedGmbH_IOS-gerngfqzuwudosgobknlgtoawnlj/Index.noindex/DataStore @/Users/emanuelflury/Library/Developer/Xcode/DerivedData/TaxedGmbH_IOS-gerngfqzuwudosgobknlgtoawnlj/Build/Intermediates.noindex/GoogleUtilities.build/Debug-iphoneos/GoogleUtilities-Logger.build/Objects-normal/arm64/e6072d4f65d7061329687fe24e3d63a7-common-args.resp -include /Users/emanuelflury/Library/Developer/Xcode/DerivedData/TaxedGmbH_IOS-gerngfqzuwudosgobknlgtoawnlj/Build/Intermediates.noindex/GoogleUtilities.build/Debug-iphoneos/GoogleUtilities-Logger.build/DerivedSources/resource_bundle_accessor.h -MMD -MT dependencies -MF /Users/emanuelflury/Library/Developer/Xcode/DerivedData/TaxedGmbH_IOS-gerngfqzuwudosgobknlgtoawnlj/Build/Intermediates.noindex/GoogleUtilities.build/Debug-iphoneos/GoogleUtilities-Logger.build/Objects-normal/arm64/resource_bundle_accessor.d --serialize-diagnostics /Users/emanuelflury/Library/Developer/Xcode/DerivedData/TaxedGmbH_IOS-gerngfqzuwudosgobknlgtoawnlj/Build/Intermediates.noindex/GoogleUtilities.build/Debug-iphoneos/GoogleUtilities-Logger.build/Objects-normal/arm64/resource_bundle_accessor.dia -c /Users/emanuelflury/Library/Developer/Xcode/DerivedData/TaxedGmbH_IOS-gerngfqzuwudosgobknlgtoawnlj/Build/Intermediates.noindex/GoogleUtilities.build/Debug-iphoneos/GoogleUtilities-Logger.build/DerivedSources/resource_bundle_accessor.m -o /Users/emanuelflury/Library/Developer/Xcode/DerivedData/TaxedGmbH_IOS-gerngfqzuwudosgobknlgtoawnlj/Build/Intermediates.noindex/GoogleUtilities.build/Debug-iphoneos/GoogleUtilities-Logger.build/Objects-normal/arm64/resource_bundle_accessor.o -index-unit-output-path /GoogleUtilities.build/Debug-iphoneos/GoogleUtilities-Logger.build/Objects-normal/arm64/resource_bundle_accessor.o

RegisterExecutionPolicyException /Users/emanuelflury/Library/Developer/Xcode/DerivedData/TaxedGmbH_IOS-gerngfqzuwudosgobknlgtoawnlj/Build/Products/Debug-iphoneos/GoogleUtilities_GoogleUtilities-MethodSwizzler.bundle (in target 'GoogleUtilities_GoogleUtilities-MethodSwizzler' from project 'GoogleUtilities')
    cd /Users/emanuelflury/Library/Developer/Xcode/DerivedData/TaxedGmbH_IOS-gerngfqzuwudosgobknlgtoawnlj/SourcePackages/checkouts/GoogleUtilities
    builtin-RegisterExecutionPolicyException /Users/emanuelflury/Library/Developer/Xcode/DerivedData/TaxedGmbH_IOS-gerngfqzuwudosgobknlgtoawnlj/Build/Products/Debug-iphoneos/GoogleUtilities_GoogleUtilities-MethodSwizzler.bundle

ScanDependencies /Users/emanuelflury/Library/Developer/Xcode/DerivedData/TaxedGmbH_IOS-gerngfqzuwudosgobknlgtoawnlj/Build/Intermediates.noindex/GoogleUtilities.build/Debug-iphoneos/GoogleUtilities-Logger.build/Objects-normal/arm64/GULLogger.o /Users/emanuelflury/Library/Developer/Xcode/DerivedData/TaxedGmbH_IOS-gerngfqzuwudosgobknlgtoawnlj/SourcePackages/checkouts/GoogleUtilities/GoogleUtilities/Logger/GULLogger.m normal arm64 objective-c com.apple.compilers.llvm.clang.1_0.compiler (in target 'GoogleUtilities-Logger' from project 'GoogleUtilities')
    cd /Users/emanuelflury/github/TaxedGmbH_IOS/TaxedGmbH_IOS.xcodeproj
    
    Using response file: /Users/emanuelflury/Library/Developer/Xcode/DerivedData/TaxedGmbH_IOS-gerngfqzuwudosgobknlgtoawnlj/Build/Intermediates.noindex/GoogleUtilities.build/Debug-iphoneos/GoogleUtilities-Logger.build/Objects-normal/arm64/e6072d4f65d7061329687fe24e3d63a7-common-args.resp
    
    builtin-ScanDependencies -o /Users/emanuelflury/Library/Developer/Xcode/DerivedData/TaxedGmbH_IOS-gerngfqzuwudosgobknlgtoawnlj/Build/Intermediates.noindex/GoogleUtilities.build/Debug-iphoneos/GoogleUtilities-Logger.build/Objects-normal/arm64/GULLogger.o.scan -- /Applications/Xcode.app/Contents/Developer/Toolchains/XcodeDefault.xctoolchain/usr/bin/clang -x objective-c -ivfsstatcache /Users/emanuelflury/Library/Developer/Xcode/DerivedData/SDKStatCaches.noindex/iphoneos26.1-23B77-69b33fc7382b27d9b5d46e82a00f8e78.sdkstatcache -fmessage-length\=0 -fdiagnostics-show-note-include-stack -fmacro-backtrace-limit\=0 -fno-color-diagnostics -fmodules-prune-interval\=86400 -fmodules-prune-after\=345600 -fbuild-session-file\=/Users/emanuelflury/Library/Developer/Xcode/DerivedData/ModuleCache.noindex/Session.modulevalidation -fmodules-validate-once-per-build-session -Wnon-modular-include-in-framework-module -Werror\=non-modular-include-in-framework-module -Wno-trigraphs -Wno-missing-field-initializers -Wno-missing-prototypes -Wno-return-type -Wno-implicit-atomic-properties -Wno-objc-interface-ivars -Wno-arc-repeated-use-of-weak -Wno-missing-braces -Wparentheses -Wswitch -Wno-unused-function -Wno-unused-label -Wno-unused-parameter -Wno-unused-variable -Wunused-value -Wno-empty-body -Wno-uninitialized -Wno-unknown-pragmas -w -Wno-shadow -Wno-four-char-constants -Wno-conversion -Wno-constant-conversion -Wno-int-conversion -Wno-bool-conversion -Wno-enum-conversion -Wno-float-conversion -Wno-non-literal-null-conversion -Wno-objc-literal-conversion -Wshorten-64-to-32 -Wpointer-sign -Wno-newline-eof -Wno-selector -Wno-strict-selector-match -Wno-undeclared-selector -Wno-deprecated-implementations -Wno-implicit-fallthrough -fstrict-aliasing -Wprotocol -Wdeprecated-declarations -Wno-sign-conversion -Wno-infinite-recursion -Wno-comma -Wno-block-capture-autoreleasing -Wno-strict-prototypes -Wno-semicolon-before-method-body -index-store-path /Users/emanuelflury/Library/Developer/Xcode/DerivedData/TaxedGmbH_IOS-gerngfqzuwudosgobknlgtoawnlj/Index.noindex/DataStore @/Users/emanuelflury/Library/Developer/Xcode/DerivedData/TaxedGmbH_IOS-gerngfqzuwudosgobknlgtoawnlj/Build/Intermediates.noindex/GoogleUtilities.build/Debug-iphoneos/GoogleUtilities-Logger.build/Objects-normal/arm64/e6072d4f65d7061329687fe24e3d63a7-common-args.resp -include /Users/emanuelflury/Library/Developer/Xcode/DerivedData/TaxedGmbH_IOS-gerngfqzuwudosgobknlgtoawnlj/Build/Intermediates.noindex/GoogleUtilities.build/Debug-iphoneos/GoogleUtilities-Logger.build/DerivedSources/resource_bundle_accessor.h -MMD -MT dependencies -MF /Users/emanuelflury/Library/Developer/Xcode/DerivedData/TaxedGmbH_IOS-gerngfqzuwudosgobknlgtoawnlj/Build/Intermediates.noindex/GoogleUtilities.build/Debug-iphoneos/GoogleUtilities-Logger.build/Objects-normal/arm64/GULLogger.d --serialize-diagnostics /Users/emanuelflury/Library/Developer/Xcode/DerivedData/TaxedGmbH_IOS-gerngfqzuwudosgobknlgtoawnlj/Build/Intermediates.noindex/GoogleUtilities.build/Debug-iphoneos/GoogleUtilities-Logger.build/Objects-normal/arm64/GULLogger.dia -c /Users/emanuelflury/Library/Developer/Xcode/DerivedData/TaxedGmbH_IOS-gerngfqzuwudosgobknlgtoawnlj/SourcePackages/checkouts/GoogleUtilities/GoogleUtilities/Logger/GULLogger.m -o /Users/emanuelflury/Library/Developer/Xcode/DerivedData/TaxedGmbH_IOS-gerngfqzuwudosgobknlgtoawnlj/Build/Intermediates.noindex/GoogleUtilities.build/Debug-iphoneos/GoogleUtilities-Logger.build/Objects-normal/arm64/GULLogger.o -index-unit-output-path /GoogleUtilities.build/Debug-iphoneos/GoogleUtilities-Logger.build/Objects-normal/arm64/GULLogger.o

ExtractAppIntentsMetadata (in target 'FirebaseSharedSwift' from project 'Firebase')
    cd /Users/emanuelflury/Library/Developer/Xcode/DerivedData/TaxedGmbH_IOS-gerngfqzuwudosgobknlgtoawnlj/SourcePackages/checkouts/firebase-ios-sdk
    /Applications/Xcode.app/Contents/Developer/Toolchains/XcodeDefault.xctoolchain/usr/bin/appintentsmetadataprocessor --toolchain-dir /Applications/Xcode.app/Contents/Developer/Toolchains/XcodeDefault.xctoolchain --module-name FirebaseSharedSwift --sdk-root /Applications/Xcode.app/Contents/Developer/Platforms/iPhoneOS.platform/Developer/SDKs/iPhoneOS26.1.sdk --xcode-version 17B55 --platform-family iOS --deployment-target 15.0 --bundle-identifier firebase-ios-sdk.FirebaseSharedSwift --output /Users/emanuelflury/Library/Developer/Xcode/DerivedData/TaxedGmbH_IOS-gerngfqzuwudosgobknlgtoawnlj/Build/Products/Debug-iphoneos/FirebaseSharedSwift.appintents --target-triple arm64-apple-ios15.0 --binary-file /Users/emanuelflury/Library/Developer/Xcode/DerivedData/TaxedGmbH_IOS-gerngfqzuwudosgobknlgtoawnlj/Build/Products/Debug-iphoneos/FirebaseSharedSwift.o --dependency-file /Users/emanuelflury/Library/Developer/Xcode/DerivedData/TaxedGmbH_IOS-gerngfqzuwudosgobknlgtoawnlj/Build/Intermediates.noindex/Firebase.build/Debug-iphoneos/FirebaseSharedSwift.build/Objects-normal/arm64/FirebaseSharedSwift_dependency_info.dat --stringsdata-file /Users/emanuelflury/Library/Developer/Xcode/DerivedData/TaxedGmbH_IOS-gerngfqzuwudosgobknlgtoawnlj/Build/Intermediates.noindex/Firebase.build/Debug-iphoneos/FirebaseSharedSwift.build/Objects-normal/arm64/ExtractedAppShortcutsMetadata.stringsdata --source-file-list /Users/emanuelflury/Library/Developer/Xcode/DerivedData/TaxedGmbH_IOS-gerngfqzuwudosgobknlgtoawnlj/Build/Intermediates.noindex/Firebase.build/Debug-iphoneos/FirebaseSharedSwift.build/Objects-normal/arm64/FirebaseSharedSwift.SwiftFileList --metadata-file-list /Users/emanuelflury/Library/Developer/Xcode/DerivedData/TaxedGmbH_IOS-gerngfqzuwudosgobknlgtoawnlj/Build/Intermediates.noindex/Firebase.build/Debug-iphoneos/FirebaseSharedSwift.build/FirebaseSharedSwift.DependencyMetadataFileList --static-metadata-file-list /Users/emanuelflury/Library/Developer/Xcode/DerivedData/TaxedGmbH_IOS-gerngfqzuwudosgobknlgtoawnlj/Build/Intermediates.noindex/Firebase.build/Debug-iphoneos/FirebaseSharedSwift.build/FirebaseSharedSwift.DependencyStaticMetadataFileList --swift-const-vals-list /Users/emanuelflury/Library/Developer/Xcode/DerivedData/TaxedGmbH_IOS-gerngfqzuwudosgobknlgtoawnlj/Build/Intermediates.noindex/Firebase.build/Debug-iphoneos/FirebaseSharedSwift.build/Objects-normal/arm64/FirebaseSharedSwift.SwiftConstValuesFileList --force --compile-time-extraction --deployment-aware-processing --validate-assistant-intents --no-app-shortcuts-localization
2025-12-04 19:37:28.773 appintentsmetadataprocessor[95257:1036381] Starting appintentsmetadataprocessor export
2025-12-04 19:37:29.998 appintentsmetadataprocessor[95257:1036381] Extracted no relevant App Intents symbols, skipping writing output

PrecompileModule /Users/emanuelflury/Library/Developer/Xcode/DerivedData/TaxedGmbH_IOS-gerngfqzuwudosgobknlgtoawnlj/Build/Intermediates.noindex/ExplicitPrecompiledModules/Dispatch-F0S43ZYPVJZTQ9U17N343L6CZ.scan
    cd /
    builtin-precompileModule /Users/emanuelflury/Library/Developer/Xcode/DerivedData/TaxedGmbH_IOS-gerngfqzuwudosgobknlgtoawnlj/Build/Intermediates.noindex/ExplicitPrecompiledModules/Dispatch-F0S43ZYPVJZTQ9U17N343L6CZ.scan

PrecompileModule /Users/emanuelflury/Library/Developer/Xcode/DerivedData/TaxedGmbH_IOS-gerngfqzuwudosgobknlgtoawnlj/Build/Intermediates.noindex/ExplicitPrecompiledModules/CoreFoundation-9FGYXNLKBX19C9VO6ADP0K6M8.scan
    cd /
    builtin-precompileModule /Users/emanuelflury/Library/Developer/Xcode/DerivedData/TaxedGmbH_IOS-gerngfqzuwudosgobknlgtoawnlj/Build/Intermediates.noindex/ExplicitPrecompiledModules/CoreFoundation-9FGYXNLKBX19C9VO6ADP0K6M8.scan

PrecompileModule /Users/emanuelflury/Library/Developer/Xcode/DerivedData/TaxedGmbH_IOS-gerngfqzuwudosgobknlgtoawnlj/Build/Intermediates.noindex/ExplicitPrecompiledModules/XPC-4G9TIFKYBZEFFSNR9KFOMMDLX.scan
    cd /
    builtin-precompileModule /Users/emanuelflury/Library/Developer/Xcode/DerivedData/TaxedGmbH_IOS-gerngfqzuwudosgobknlgtoawnlj/Build/Intermediates.noindex/ExplicitPrecompiledModules/XPC-4G9TIFKYBZEFFSNR9KFOMMDLX.scan

PrecompileModule /Users/emanuelflury/Library/Developer/Xcode/DerivedData/TaxedGmbH_IOS-gerngfqzuwudosgobknlgtoawnlj/Build/Intermediates.noindex/ExplicitPrecompiledModules/_Builtin_stdatomic-F4E9CSJDQA85SIK4DH7Y4P1XV.scan
    cd /
    builtin-precompileModule /Users/emanuelflury/Library/Developer/Xcode/DerivedData/TaxedGmbH_IOS-gerngfqzuwudosgobknlgtoawnlj/Build/Intermediates.noindex/ExplicitPrecompiledModules/_Builtin_stdatomic-F4E9CSJDQA85SIK4DH7Y4P1XV.scan

PrecompileModule /Users/emanuelflury/Library/Developer/Xcode/DerivedData/TaxedGmbH_IOS-gerngfqzuwudosgobknlgtoawnlj/Build/Intermediates.noindex/ExplicitPrecompiledModules/CoreFoundation-89GLRHKWGCON0NFHNRXMGOXJ3.scan
    cd /
    builtin-precompileModule /Users/emanuelflury/Library/Developer/Xcode/DerivedData/TaxedGmbH_IOS-gerngfqzuwudosgobknlgtoawnlj/Build/Intermediates.noindex/ExplicitPrecompiledModules/CoreFoundation-89GLRHKWGCON0NFHNRXMGOXJ3.scan

PrecompileModule /Users/emanuelflury/Library/Developer/Xcode/DerivedData/TaxedGmbH_IOS-gerngfqzuwudosgobknlgtoawnlj/Build/Intermediates.noindex/ExplicitPrecompiledModules/CoreFoundation-952KHD08FB94E5CH3YMP4NFA.scan
    cd /
    builtin-precompileModule /Users/emanuelflury/Library/Developer/Xcode/DerivedData/TaxedGmbH_IOS-gerngfqzuwudosgobknlgtoawnlj/Build/Intermediates.noindex/ExplicitPrecompiledModules/CoreFoundation-952KHD08FB94E5CH3YMP4NFA.scan

PrecompileModule /Users/emanuelflury/Library/Developer/Xcode/DerivedData/TaxedGmbH_IOS-gerngfqzuwudosgobknlgtoawnlj/Build/Intermediates.noindex/ExplicitPrecompiledModules/XPC-7N5RYYY1JUHBHXG8YKM0UEB4O.scan
    cd /
    builtin-precompileModule /Users/emanuelflury/Library/Developer/Xcode/DerivedData/TaxedGmbH_IOS-gerngfqzuwudosgobknlgtoawnlj/Build/Intermediates.noindex/ExplicitPrecompiledModules/XPC-7N5RYYY1JUHBHXG8YKM0UEB4O.scan

PrecompileModule /Users/emanuelflury/Library/Developer/Xcode/DerivedData/TaxedGmbH_IOS-gerngfqzuwudosgobknlgtoawnlj/Build/Intermediates.noindex/ExplicitPrecompiledModules/XPC-9GQP6BST12TGVRKSUI23UUYY5.scan
    cd /
    builtin-precompileModule /Users/emanuelflury/Library/Developer/Xcode/DerivedData/TaxedGmbH_IOS-gerngfqzuwudosgobknlgtoawnlj/Build/Intermediates.noindex/ExplicitPrecompiledModules/XPC-9GQP6BST12TGVRKSUI23UUYY5.scan

PrecompileModule /Users/emanuelflury/Library/Developer/Xcode/DerivedData/TaxedGmbH_IOS-gerngfqzuwudosgobknlgtoawnlj/Build/Intermediates.noindex/ExplicitPrecompiledModules/ObjectiveC-5FE0U9SUW77W8XF2JNN5GPED7.scan
    cd /
    builtin-precompileModule /Users/emanuelflury/Library/Developer/Xcode/DerivedData/TaxedGmbH_IOS-gerngfqzuwudosgobknlgtoawnlj/Build/Intermediates.noindex/ExplicitPrecompiledModules/ObjectiveC-5FE0U9SUW77W8XF2JNN5GPED7.scan

PrecompileModule /Users/emanuelflury/Library/Developer/Xcode/DerivedData/TaxedGmbH_IOS-gerngfqzuwudosgobknlgtoawnlj/Build/Intermediates.noindex/ExplicitPrecompiledModules/os-AEDA1PBV7G4KO17F4FAW7N5LP.scan
    cd /
    builtin-precompileModule /Users/emanuelflury/Library/Developer/Xcode/DerivedData/TaxedGmbH_IOS-gerngfqzuwudosgobknlgtoawnlj/Build/Intermediates.noindex/ExplicitPrecompiledModules/os-AEDA1PBV7G4KO17F4FAW7N5LP.scan

Touch /Users/emanuelflury/Library/Developer/Xcode/DerivedData/TaxedGmbH_IOS-gerngfqzuwudosgobknlgtoawnlj/Build/Products/Debug-iphoneos/GoogleUtilities_GoogleUtilities-Network.bundle (in target 'GoogleUtilities_GoogleUtilities-Network' from project 'GoogleUtilities')
    cd /Users/emanuelflury/Library/Developer/Xcode/DerivedData/TaxedGmbH_IOS-gerngfqzuwudosgobknlgtoawnlj/SourcePackages/checkouts/GoogleUtilities
    /usr/bin/touch -c /Users/emanuelflury/Library/Developer/Xcode/DerivedData/TaxedGmbH_IOS-gerngfqzuwudosgobknlgtoawnlj/Build/Products/Debug-iphoneos/GoogleUtilities_GoogleUtilities-Network.bundle

PrecompileModule /Users/emanuelflury/Library/Developer/Xcode/DerivedData/TaxedGmbH_IOS-gerngfqzuwudosgobknlgtoawnlj/Build/Intermediates.noindex/ExplicitPrecompiledModules/os_object-3AU8A9O5RQ8D2U2Z5SEB3S9AW.scan
    cd /
    builtin-precompileModule /Users/emanuelflury/Library/Developer/Xcode/DerivedData/TaxedGmbH_IOS-gerngfqzuwudosgobknlgtoawnlj/Build/Intermediates.noindex/ExplicitPrecompiledModules/os_object-3AU8A9O5RQ8D2U2Z5SEB3S9AW.scan

Touch /Users/emanuelflury/Library/Developer/Xcode/DerivedData/TaxedGmbH_IOS-gerngfqzuwudosgobknlgtoawnlj/Build/Products/Debug-iphoneos/GoogleUtilities_GoogleUtilities-NSData.bundle (in target 'GoogleUtilities_GoogleUtilities-NSData' from project 'GoogleUtilities')
    cd /Users/emanuelflury/Library/Developer/Xcode/DerivedData/TaxedGmbH_IOS-gerngfqzuwudosgobknlgtoawnlj/SourcePackages/checkouts/GoogleUtilities
    /usr/bin/touch -c /Users/emanuelflury/Library/Developer/Xcode/DerivedData/TaxedGmbH_IOS-gerngfqzuwudosgobknlgtoawnlj/Build/Products/Debug-iphoneos/GoogleUtilities_GoogleUtilities-NSData.bundle

WriteAuxiliaryFile /Users/emanuelflury/Library/Developer/Xcode/DerivedData/TaxedGmbH_IOS-gerngfqzuwudosgobknlgtoawnlj/Build/Intermediates.noindex/Firebase.build/Debug-iphoneos/FirebaseFirestoreTarget.build/Objects-normal/arm64/e6072d4f65d7061329687fe24e3d63a7-common-args.resp (in target 'FirebaseFirestoreTarget' from project 'Firebase')
    cd /Users/emanuelflury/Library/Developer/Xcode/DerivedData/TaxedGmbH_IOS-gerngfqzuwudosgobknlgtoawnlj/SourcePackages/checkouts/firebase-ios-sdk
    write-file /Users/emanuelflury/Library/Developer/Xcode/DerivedData/TaxedGmbH_IOS-gerngfqzuwudosgobknlgtoawnlj/Build/Intermediates.noindex/Firebase.build/Debug-iphoneos/FirebaseFirestoreTarget.build/Objects-normal/arm64/e6072d4f65d7061329687fe24e3d63a7-common-args.resp
-target arm64-apple-ios15.0 -fobjc-arc -fmodules -gmodules '-fmodules-cache-path=/Users/emanuelflury/Library/Developer/Xcode/DerivedData/ModuleCache.noindex' '-fmodule-name=FirebaseFirestoreTarget' -fpascal-strings -O0 -DSWIFT_PACKAGE '-DDEBUG=1' '-DFIREBASE_BINARY_FIRESTORE=1' '-DOBJC_OLD_DISPATCH_PROTOTYPES=1' -isysroot /Applications/Xcode.app/Contents/Developer/Platforms/iPhoneOS.platform/Developer/SDKs/iPhoneOS26.1.sdk -g -fprofile-instr-generate -fcoverage-mapping -I/Users/emanuelflury/Library/Developer/Xcode/DerivedData/TaxedGmbH_IOS-gerngfqzuwudosgobknlgtoawnlj/SourcePackages/checkouts/GoogleUtilities/GoogleUtilities/NSData+zlib/Public -I/Users/emanuelflury/Library/Developer/Xcode/DerivedData/TaxedGmbH_IOS-gerngfqzuwudosgobknlgtoawnlj/SourcePackages/checkouts/GoogleUtilities/GoogleUtilities/Environment/Public -I/Users/emanuelflury/Library/Developer/Xcode/DerivedData/TaxedGmbH_IOS-gerngfqzuwudosgobknlgtoawnlj/SourcePackages/checkouts/GoogleUtilities/third_party/IsAppEncrypted/Public -I/Users/emanuelflury/Library/Developer/Xcode/DerivedData/TaxedGmbH_IOS-gerngfqzuwudosgobknlgtoawnlj/SourcePackages/checkouts/GoogleUtilities/GoogleUtilities/Logger/Public -I/Users/emanuelflury/Library/Developer/Xcode/DerivedData/TaxedGmbH_IOS-gerngfqzuwudosgobknlgtoawnlj/SourcePackages/checkouts/abseil-cpp-binary/absl-Wrapper/include -I/Users/emanuelflury/Library/Developer/Xcode/DerivedData/TaxedGmbH_IOS-gerngfqzuwudosgobknlgtoawnlj/SourcePackages/checkouts/grpc-binary/openssl-grpc-Wrapper/include -I/Users/emanuelflury/Library/Developer/Xcode/DerivedData/TaxedGmbH_IOS-gerngfqzuwudosgobknlgtoawnlj/SourcePackages/checkouts/grpc-binary/grpc-Wrapper/include -I/Users/emanuelflury/Library/Developer/Xcode/DerivedData/TaxedGmbH_IOS-gerngfqzuwudosgobknlgtoawnlj/SourcePackages/checkouts/grpc-binary/grpcpp-Wrapper/include -I/Users/emanuelflury/Library/Developer/Xcode/DerivedData/TaxedGmbH_IOS-gerngfqzuwudosgobknlgtoawnlj/SourcePackages/checkouts/nanopb/spm_headers -I/Users/emanuelflury/Library/Developer/Xcode/DerivedData/TaxedGmbH_IOS-gerngfqzuwudosgobknlgtoawnlj/SourcePackages/checkouts/leveldb/include -I/Users/emanuelflury/Library/Developer/Xcode/DerivedData/TaxedGmbH_IOS-gerngfqzuwudosgobknlgtoawnlj/SourcePackages/checkouts/firebase-ios-sdk/FirebaseCore/Extension -I/Users/emanuelflury/Library/Developer/Xcode/DerivedData/TaxedGmbH_IOS-gerngfqzuwudosgobknlgtoawnlj/SourcePackages/checkouts/firebase-ios-sdk/FirebaseCore/Sources/Public -I/Users/emanuelflury/Library/Developer/Xcode/DerivedData/TaxedGmbH_IOS-gerngfqzuwudosgobknlgtoawnlj/SourcePackages/checkouts/firebase-ios-sdk/CoreOnly/Sources -I/Users/emanuelflury/Library/Developer/Xcode/DerivedData/TaxedGmbH_IOS-gerngfqzuwudosgobknlgtoawnlj/SourcePackages/checkouts/firebase-ios-sdk/FirebaseAppCheck/Interop/Public -I/Users/emanuelflury/Library/Developer/Xcode/DerivedData/TaxedGmbH_IOS-gerngfqzuwudosgobknlgtoawnlj/SourcePackages/checkouts/firebase-ios-sdk/FirebaseFirestoreInternal -I/Users/emanuelflury/Library/Developer/Xcode/DerivedData/TaxedGmbH_IOS-gerngfqzuwudosgobknlgtoawnlj/Build/Products/Debug-iphoneos/include -I/Users/emanuelflury/Library/Developer/Xcode/DerivedData/TaxedGmbH_IOS-gerngfqzuwudosgobknlgtoawnlj/SourcePackages/checkouts/firebase-ios-sdk/SwiftPM-PlatformExclude/FirebaseFirestoreWrap/include -I/Users/emanuelflury/Library/Developer/Xcode/DerivedData/TaxedGmbH_IOS-gerngfqzuwudosgobknlgtoawnlj/Build/Intermediates.noindex/Firebase.build/Debug-iphoneos/FirebaseFirestoreTarget.build/DerivedSources-normal/arm64 -I/Users/emanuelflury/Library/Developer/Xcode/DerivedData/TaxedGmbH_IOS-gerngfqzuwudosgobknlgtoawnlj/Build/Intermediates.noindex/Firebase.build/Debug-iphoneos/FirebaseFirestoreTarget.build/DerivedSources/arm64 -I/Users/emanuelflury/Library/Developer/Xcode/DerivedData/TaxedGmbH_IOS-gerngfqzuwudosgobknlgtoawnlj/Build/Intermediates.noindex/Firebase.build/Debug-iphoneos/FirebaseFirestoreTarget.build/DerivedSources -F/Users/emanuelflury/Library/Developer/Xcode/DerivedData/TaxedGmbH_IOS-gerngfqzuwudosgobknlgtoawnlj/Build/Products/Debug-iphoneos/PackageFrameworks -F/Users/emanuelflury/Library/Developer/Xcode/DerivedData/TaxedGmbH_IOS-gerngfqzuwudosgobknlgtoawnlj/Build/Products/Debug-iphoneos/PackageFrameworks -F/Users/emanuelflury/Library/Developer/Xcode/DerivedData/TaxedGmbH_IOS-gerngfqzuwudosgobknlgtoawnlj/Build/Products/Debug-iphoneos/PackageFrameworks -F/Users/emanuelflury/Library/Developer/Xcode/DerivedData/TaxedGmbH_IOS-gerngfqzuwudosgobknlgtoawnlj/Build/Products/Debug-iphoneos/PackageFrameworks -F/Users/emanuelflury/Library/Developer/Xcode/DerivedData/TaxedGmbH_IOS-gerngfqzuwudosgobknlgtoawnlj/Build/Products/Debug-iphoneos/PackageFrameworks -F/Users/emanuelflury/Library/Developer/Xcode/DerivedData/TaxedGmbH_IOS-gerngfqzuwudosgobknlgtoawnlj/Build/Products/Debug-iphoneos/PackageFrameworks -F/Users/emanuelflury/Library/Developer/Xcode/DerivedData/TaxedGmbH_IOS-gerngfqzuwudosgobknlgtoawnlj/Build/Products/Debug-iphoneos/PackageFrameworks -F/Users/emanuelflury/Library/Developer/Xcode/DerivedData/TaxedGmbH_IOS-gerngfqzuwudosgobknlgtoawnlj/Build/Products/Debug-iphoneos/PackageFrameworks -F/Users/emanuelflury/Library/Developer/Xcode/DerivedData/TaxedGmbH_IOS-gerngfqzuwudosgobknlgtoawnlj/Build/Products/Debug-iphoneos/PackageFrameworks -F/Users/emanuelflury/Library/Developer/Xcode/DerivedData/TaxedGmbH_IOS-gerngfqzuwudosgobknlgtoawnlj/Build/Products/Debug-iphoneos/PackageFrameworks -F/Users/emanuelflury/Library/Developer/Xcode/DerivedData/TaxedGmbH_IOS-gerngfqzuwudosgobknlgtoawnlj/Build/Products/Debug-iphoneos/PackageFrameworks -F/Users/emanuelflury/Library/Developer/Xcode/DerivedData/TaxedGmbH_IOS-gerngfqzuwudosgobknlgtoawnlj/Build/Products/Debug-iphoneos/PackageFrameworks -F/Users/emanuelflury/Library/Developer/Xcode/DerivedData/TaxedGmbH_IOS-gerngfqzuwudosgobknlgtoawnlj/Build/Products/Debug-iphoneos/PackageFrameworks -F/Users/emanuelflury/Library/Developer/Xcode/DerivedData/TaxedGmbH_IOS-gerngfqzuwudosgobknlgtoawnlj/Build/Products/Debug-iphoneos/PackageFrameworks -F/Users/emanuelflury/Library/Developer/Xcode/DerivedData/TaxedGmbH_IOS-gerngfqzuwudosgobknlgtoawnlj/Build/Products/Debug-iphoneos/PackageFrameworks -F/Users/emanuelflury/Library/Developer/Xcode/DerivedData/TaxedGmbH_IOS-gerngfqzuwudosgobknlgtoawnlj/Build/Products/Debug-iphoneos/PackageFrameworks -F/Users/emanuelflury/Library/Developer/Xcode/DerivedData/TaxedGmbH_IOS-gerngfqzuwudosgobknlgtoawnlj/Build/Products/Debug-iphoneos/PackageFrameworks -F/Users/emanuelflury/Library/Developer/Xcode/DerivedData/TaxedGmbH_IOS-gerngfqzuwudosgobknlgtoawnlj/Build/Products/Debug-iphoneos/PackageFrameworks -F/Users/emanuelflury/Library/Developer/Xcode/DerivedData/TaxedGmbH_IOS-gerngfqzuwudosgobknlgtoawnlj/Build/Products/Debug-iphoneos -iframework /Applications/Xcode.app/Contents/Developer/Platforms/iPhoneOS.platform/Developer/Library/Frameworks -iframework /Applications/Xcode.app/Contents/Developer/Platforms/iPhoneOS.platform/Developer/SDKs/iPhoneOS26.1.sdk/Developer/Library/Frameworks '-fmodule-map-file=/Users/emanuelflury/Library/Developer/Xcode/DerivedData/TaxedGmbH_IOS-gerngfqzuwudosgobknlgtoawnlj/Build/Intermediates.noindex/GeneratedModuleMaps-iphoneos/GoogleUtilities-NSData.modulemap' '-fmodule-map-file=/Users/emanuelflury/Library/Developer/Xcode/DerivedData/TaxedGmbH_IOS-gerngfqzuwudosgobknlgtoawnlj/Build/Intermediates.noindex/GeneratedModuleMaps-iphoneos/GoogleUtilities-Environment.modulemap' '-fmodule-map-file=/Users/emanuelflury/Library/Developer/Xcode/DerivedData/TaxedGmbH_IOS-gerngfqzuwudosgobknlgtoawnlj/Build/Intermediates.noindex/GeneratedModuleMaps-iphoneos/third-party-IsAppEncrypted.modulemap' '-fmodule-map-file=/Users/emanuelflury/Library/Developer/Xcode/DerivedData/TaxedGmbH_IOS-gerngfqzuwudosgobknlgtoawnlj/Build/Intermediates.noindex/GeneratedModuleMaps-iphoneos/GoogleUtilities-Logger.modulemap' '-fmodule-map-file=/Users/emanuelflury/Library/Developer/Xcode/DerivedData/TaxedGmbH_IOS-gerngfqzuwudosgobknlgtoawnlj/Build/Intermediates.noindex/GeneratedModuleMaps-iphoneos/abslWrapper.modulemap' '-fmodule-map-file=/Users/emanuelflury/Library/Developer/Xcode/DerivedData/TaxedGmbH_IOS-gerngfqzuwudosgobknlgtoawnlj/Build/Intermediates.noindex/GeneratedModuleMaps-iphoneos/opensslWrapper.modulemap' '-fmodule-map-file=/Users/emanuelflury/Library/Developer/Xcode/DerivedData/TaxedGmbH_IOS-gerngfqzuwudosgobknlgtoawnlj/Build/Intermediates.noindex/GeneratedModuleMaps-iphoneos/grpcWrapper.modulemap' '-fmodule-map-file=/Users/emanuelflury/Library/Developer/Xcode/DerivedData/TaxedGmbH_IOS-gerngfqzuwudosgobknlgtoawnlj/Build/Intermediates.noindex/GeneratedModuleMaps-iphoneos/grpcppWrapper.modulemap' '-fmodule-map-file=/Users/emanuelflury/Library/Developer/Xcode/DerivedData/TaxedGmbH_IOS-gerngfqzuwudosgobknlgtoawnlj/Build/Intermediates.noindex/GeneratedModuleMaps-iphoneos/nanopb.modulemap' '-fmodule-map-file=/Users/emanuelflury/Library/Developer/Xcode/DerivedData/TaxedGmbH_IOS-gerngfqzuwudosgobknlgtoawnlj/Build/Intermediates.noindex/GeneratedModuleMaps-iphoneos/leveldb.modulemap' '-fmodule-map-file=/Users/emanuelflury/Library/Developer/Xcode/DerivedData/TaxedGmbH_IOS-gerngfqzuwudosgobknlgtoawnlj/Build/Intermediates.noindex/GeneratedModuleMaps-iphoneos/FirebaseFirestore.modulemap' '-fmodule-map-file=/Users/emanuelflury/Library/Developer/Xcode/DerivedData/TaxedGmbH_IOS-gerngfqzuwudosgobknlgtoawnlj/Build/Intermediates.noindex/GeneratedModuleMaps-iphoneos/FirebaseSharedSwift.modulemap' '-fmodule-map-file=/Users/emanuelflury/Library/Developer/Xcode/DerivedData/TaxedGmbH_IOS-gerngfqzuwudosgobknlgtoawnlj/Build/Intermediates.noindex/GeneratedModuleMaps-iphoneos/FirebaseCoreExtension.modulemap' '-fmodule-map-file=/Users/emanuelflury/Library/Developer/Xcode/DerivedData/TaxedGmbH_IOS-gerngfqzuwudosgobknlgtoawnlj/Build/Intermediates.noindex/GeneratedModuleMaps-iphoneos/FirebaseCore.modulemap' '-fmodule-map-file=/Users/emanuelflury/Library/Developer/Xcode/DerivedData/TaxedGmbH_IOS-gerngfqzuwudosgobknlgtoawnlj/Build/Intermediates.noindex/GeneratedModuleMaps-iphoneos/FirebaseCoreInternal.modulemap' '-fmodule-map-file=/Users/emanuelflury/Library/Developer/Xcode/DerivedData/TaxedGmbH_IOS-gerngfqzuwudosgobknlgtoawnlj/Build/Intermediates.noindex/GeneratedModuleMaps-iphoneos/FirebaseAppCheckInterop.modulemap' '-fmodule-map-file=/Users/emanuelflury/Library/Developer/Xcode/DerivedData/TaxedGmbH_IOS-gerngfqzuwudosgobknlgtoawnlj/Build/Intermediates.noindex/GeneratedModuleMaps-iphoneos/FirebaseFirestoreInternalWrapper.modulemap' -DXcode

WriteAuxiliaryFile /Users/emanuelflury/Library/Developer/Xcode/DerivedData/TaxedGmbH_IOS-gerngfqzuwudosgobknlgtoawnlj/Build/Intermediates.noindex/Firebase.build/Debug-iphoneos/FirebaseFirestoreTarget.build/Objects-normal/arm64/FirebaseFirestoreTarget.LinkFileList (in target 'FirebaseFirestoreTarget' from project 'Firebase')
    cd /Users/emanuelflury/Library/Developer/Xcode/DerivedData/TaxedGmbH_IOS-gerngfqzuwudosgobknlgtoawnlj/SourcePackages/checkouts/firebase-ios-sdk
    write-file /Users/emanuelflury/Library/Developer/Xcode/DerivedData/TaxedGmbH_IOS-gerngfqzuwudosgobknlgtoawnlj/Build/Intermediates.noindex/Firebase.build/Debug-iphoneos/FirebaseFirestoreTarget.build/Objects-normal/arm64/FirebaseFirestoreTarget.LinkFileList

WriteAuxiliaryFile /Users/emanuelflury/Library/Developer/Xcode/DerivedData/TaxedGmbH_IOS-gerngfqzuwudosgobknlgtoawnlj/Build/Intermediates.noindex/Firebase.build/Debug-iphoneos/FirebaseFirestoreTarget.build/FirebaseFirestoreTarget.modulemap (in target 'FirebaseFirestoreTarget' from project 'Firebase')
    cd /Users/emanuelflury/Library/Developer/Xcode/DerivedData/TaxedGmbH_IOS-gerngfqzuwudosgobknlgtoawnlj/SourcePackages/checkouts/firebase-ios-sdk
    write-file /Users/emanuelflury/Library/Developer/Xcode/DerivedData/TaxedGmbH_IOS-gerngfqzuwudosgobknlgtoawnlj/Build/Intermediates.noindex/Firebase.build/Debug-iphoneos/FirebaseFirestoreTarget.build/FirebaseFirestoreTarget.modulemap

WriteAuxiliaryFile /Users/emanuelflury/Library/Developer/Xcode/DerivedData/TaxedGmbH_IOS-gerngfqzuwudosgobknlgtoawnlj/Build/Intermediates.noindex/Firebase.build/Debug-iphoneos/FirebaseFirestoreTarget.build/FirebaseFirestoreTarget.DependencyStaticMetadataFileList (in target 'FirebaseFirestoreTarget' from project 'Firebase')
    cd /Users/emanuelflury/Library/Developer/Xcode/DerivedData/TaxedGmbH_IOS-gerngfqzuwudosgobknlgtoawnlj/SourcePackages/checkouts/firebase-ios-sdk
    write-file /Users/emanuelflury/Library/Developer/Xcode/DerivedData/TaxedGmbH_IOS-gerngfqzuwudosgobknlgtoawnlj/Build/Intermediates.noindex/Firebase.build/Debug-iphoneos/FirebaseFirestoreTarget.build/FirebaseFirestoreTarget.DependencyStaticMetadataFileList

WriteAuxiliaryFile /Users/emanuelflury/Library/Developer/Xcode/DerivedData/TaxedGmbH_IOS-gerngfqzuwudosgobknlgtoawnlj/Build/Intermediates.noindex/Firebase.build/Debug-iphoneos/FirebaseFirestoreTarget.build/FirebaseFirestoreTarget.DependencyMetadataFileList (in target 'FirebaseFirestoreTarget' from project 'Firebase')
    cd /Users/emanuelflury/Library/Developer/Xcode/DerivedData/TaxedGmbH_IOS-gerngfqzuwudosgobknlgtoawnlj/SourcePackages/checkouts/firebase-ios-sdk
    write-file /Users/emanuelflury/Library/Developer/Xcode/DerivedData/TaxedGmbH_IOS-gerngfqzuwudosgobknlgtoawnlj/Build/Intermediates.noindex/Firebase.build/Debug-iphoneos/FirebaseFirestoreTarget.build/FirebaseFirestoreTarget.DependencyMetadataFileList

Copy /Users/emanuelflury/Library/Developer/Xcode/DerivedData/TaxedGmbH_IOS-gerngfqzuwudosgobknlgtoawnlj/Build/Intermediates.noindex/GeneratedModuleMaps-iphoneos/FirebaseFirestoreTarget.modulemap /Users/emanuelflury/Library/Developer/Xcode/DerivedData/TaxedGmbH_IOS-gerngfqzuwudosgobknlgtoawnlj/Build/Intermediates.noindex/Firebase.build/Debug-iphoneos/FirebaseFirestoreTarget.build/FirebaseFirestoreTarget.modulemap (in target 'FirebaseFirestoreTarget' from project 'Firebase')
    cd /Users/emanuelflury/Library/Developer/Xcode/DerivedData/TaxedGmbH_IOS-gerngfqzuwudosgobknlgtoawnlj/SourcePackages/checkouts/firebase-ios-sdk
    builtin-copy -exclude .DS_Store -exclude CVS -exclude .svn -exclude .git -exclude .hg -resolve-src-symlinks /Users/emanuelflury/Library/Developer/Xcode/DerivedData/TaxedGmbH_IOS-gerngfqzuwudosgobknlgtoawnlj/Build/Intermediates.noindex/Firebase.build/Debug-iphoneos/FirebaseFirestoreTarget.build/FirebaseFirestoreTarget.modulemap /Users/emanuelflury/Library/Developer/Xcode/DerivedData/TaxedGmbH_IOS-gerngfqzuwudosgobknlgtoawnlj/Build/Intermediates.noindex/GeneratedModuleMaps-iphoneos

WriteAuxiliaryFile /Users/emanuelflury/Library/Developer/Xcode/DerivedData/TaxedGmbH_IOS-gerngfqzuwudosgobknlgtoawnlj/Build/Intermediates.noindex/Firebase.build/Debug-iphoneos/FirebaseFirestoreInternalWrapper.build/Objects-normal/arm64/e6072d4f65d7061329687fe24e3d63a7-common-args.resp (in target 'FirebaseFirestoreInternalWrapper' from project 'Firebase')
    cd /Users/emanuelflury/Library/Developer/Xcode/DerivedData/TaxedGmbH_IOS-gerngfqzuwudosgobknlgtoawnlj/SourcePackages/checkouts/firebase-ios-sdk
    write-file /Users/emanuelflury/Library/Developer/Xcode/DerivedData/TaxedGmbH_IOS-gerngfqzuwudosgobknlgtoawnlj/Build/Intermediates.noindex/Firebase.build/Debug-iphoneos/FirebaseFirestoreInternalWrapper.build/Objects-normal/arm64/e6072d4f65d7061329687fe24e3d63a7-common-args.resp
-target arm64-apple-ios15.0 -fobjc-arc -fmodules -gmodules '-fmodules-cache-path=/Users/emanuelflury/Library/Developer/Xcode/DerivedData/ModuleCache.noindex' '-fmodule-name=FirebaseFirestoreInternalWrapper' -fpascal-strings -O0 -DSWIFT_PACKAGE '-DDEBUG=1' '-DOBJC_OLD_DISPATCH_PROTOTYPES=1' -isysroot /Applications/Xcode.app/Contents/Developer/Platforms/iPhoneOS.platform/Developer/SDKs/iPhoneOS26.1.sdk -g -fprofile-instr-generate -fcoverage-mapping -I/Users/emanuelflury/Library/Developer/Xcode/DerivedData/TaxedGmbH_IOS-gerngfqzuwudosgobknlgtoawnlj/Build/Products/Debug-iphoneos/include -I/Users/emanuelflury/Library/Developer/Xcode/DerivedData/TaxedGmbH_IOS-gerngfqzuwudosgobknlgtoawnlj/SourcePackages/checkouts/firebase-ios-sdk/FirebaseFirestoreInternal -I/Users/emanuelflury/Library/Developer/Xcode/DerivedData/TaxedGmbH_IOS-gerngfqzuwudosgobknlgtoawnlj/Build/Intermediates.noindex/Firebase.build/Debug-iphoneos/FirebaseFirestoreInternalWrapper.build/DerivedSources-normal/arm64 -I/Users/emanuelflury/Library/Developer/Xcode/DerivedData/TaxedGmbH_IOS-gerngfqzuwudosgobknlgtoawnlj/Build/Intermediates.noindex/Firebase.build/Debug-iphoneos/FirebaseFirestoreInternalWrapper.build/DerivedSources/arm64 -I/Users/emanuelflury/Library/Developer/Xcode/DerivedData/TaxedGmbH_IOS-gerngfqzuwudosgobknlgtoawnlj/Build/Intermediates.noindex/Firebase.build/Debug-iphoneos/FirebaseFirestoreInternalWrapper.build/DerivedSources -F/Users/emanuelflury/Library/Developer/Xcode/DerivedData/TaxedGmbH_IOS-gerngfqzuwudosgobknlgtoawnlj/Build/Products/Debug-iphoneos -iframework /Applications/Xcode.app/Contents/Developer/Platforms/iPhoneOS.platform/Developer/Library/Frameworks -iframework /Applications/Xcode.app/Contents/Developer/Platforms/iPhoneOS.platform/Developer/SDKs/iPhoneOS26.1.sdk/Developer/Library/Frameworks -DXcode

WriteAuxiliaryFile /Users/emanuelflury/Library/Developer/Xcode/DerivedData/TaxedGmbH_IOS-gerngfqzuwudosgobknlgtoawnlj/Build/Intermediates.noindex/Firebase.build/Debug-iphoneos/FirebaseFirestoreInternalWrapper.build/Objects-normal/arm64/FirebaseFirestoreInternalWrapper.LinkFileList (in target 'FirebaseFirestoreInternalWrapper' from project 'Firebase')
    cd /Users/emanuelflury/Library/Developer/Xcode/DerivedData/TaxedGmbH_IOS-gerngfqzuwudosgobknlgtoawnlj/SourcePackages/checkouts/firebase-ios-sdk
    write-file /Users/emanuelflury/Library/Developer/Xcode/DerivedData/TaxedGmbH_IOS-gerngfqzuwudosgobknlgtoawnlj/Build/Intermediates.noindex/Firebase.build/Debug-iphoneos/FirebaseFirestoreInternalWrapper.build/Objects-normal/arm64/FirebaseFirestoreInternalWrapper.LinkFileList

WriteAuxiliaryFile /Users/emanuelflury/Library/Developer/Xcode/DerivedData/TaxedGmbH_IOS-gerngfqzuwudosgobknlgtoawnlj/Build/Intermediates.noindex/Firebase.build/Debug-iphoneos/FirebaseFirestoreInternalWrapper.build/FirebaseFirestoreInternalWrapper.modulemap (in target 'FirebaseFirestoreInternalWrapper' from project 'Firebase')
    cd /Users/emanuelflury/Library/Developer/Xcode/DerivedData/TaxedGmbH_IOS-gerngfqzuwudosgobknlgtoawnlj/SourcePackages/checkouts/firebase-ios-sdk
    write-file /Users/emanuelflury/Library/Developer/Xcode/DerivedData/TaxedGmbH_IOS-gerngfqzuwudosgobknlgtoawnlj/Build/Intermediates.noindex/Firebase.build/Debug-iphoneos/FirebaseFirestoreInternalWrapper.build/FirebaseFirestoreInternalWrapper.modulemap

WriteAuxiliaryFile /Users/emanuelflury/Library/Developer/Xcode/DerivedData/TaxedGmbH_IOS-gerngfqzuwudosgobknlgtoawnlj/Build/Intermediates.noindex/Firebase.build/Debug-iphoneos/FirebaseFirestoreInternalWrapper.build/FirebaseFirestoreInternalWrapper.DependencyStaticMetadataFileList (in target 'FirebaseFirestoreInternalWrapper' from project 'Firebase')
    cd /Users/emanuelflury/Library/Developer/Xcode/DerivedData/TaxedGmbH_IOS-gerngfqzuwudosgobknlgtoawnlj/SourcePackages/checkouts/firebase-ios-sdk
    write-file /Users/emanuelflury/Library/Developer/Xcode/DerivedData/TaxedGmbH_IOS-gerngfqzuwudosgobknlgtoawnlj/Build/Intermediates.noindex/Firebase.build/Debug-iphoneos/FirebaseFirestoreInternalWrapper.build/FirebaseFirestoreInternalWrapper.DependencyStaticMetadataFileList

WriteAuxiliaryFile /Users/emanuelflury/Library/Developer/Xcode/DerivedData/TaxedGmbH_IOS-gerngfqzuwudosgobknlgtoawnlj/Build/Intermediates.noindex/Firebase.build/Debug-iphoneos/FirebaseFirestoreInternalWrapper.build/FirebaseFirestoreInternalWrapper.DependencyMetadataFileList (in target 'FirebaseFirestoreInternalWrapper' from project 'Firebase')
    cd /Users/emanuelflury/Library/Developer/Xcode/DerivedData/TaxedGmbH_IOS-gerngfqzuwudosgobknlgtoawnlj/SourcePackages/checkouts/firebase-ios-sdk
    write-file /Users/emanuelflury/Library/Developer/Xcode/DerivedData/TaxedGmbH_IOS-gerngfqzuwudosgobknlgtoawnlj/Build/Intermediates.noindex/Firebase.build/Debug-iphoneos/FirebaseFirestoreInternalWrapper.build/FirebaseFirestoreInternalWrapper.DependencyMetadataFileList

Copy /Users/emanuelflury/Library/Developer/Xcode/DerivedData/TaxedGmbH_IOS-gerngfqzuwudosgobknlgtoawnlj/Build/Intermediates.noindex/GeneratedModuleMaps-iphoneos/FirebaseFirestoreInternalWrapper.modulemap /Users/emanuelflury/Library/Developer/Xcode/DerivedData/TaxedGmbH_IOS-gerngfqzuwudosgobknlgtoawnlj/Build/Intermediates.noindex/Firebase.build/Debug-iphoneos/FirebaseFirestoreInternalWrapper.build/FirebaseFirestoreInternalWrapper.modulemap (in target 'FirebaseFirestoreInternalWrapper' from project 'Firebase')
    cd /Users/emanuelflury/Library/Developer/Xcode/DerivedData/TaxedGmbH_IOS-gerngfqzuwudosgobknlgtoawnlj/SourcePackages/checkouts/firebase-ios-sdk
    builtin-copy -exclude .DS_Store -exclude CVS -exclude .svn -exclude .git -exclude .hg -resolve-src-symlinks /Users/emanuelflury/Library/Developer/Xcode/DerivedData/TaxedGmbH_IOS-gerngfqzuwudosgobknlgtoawnlj/Build/Intermediates.noindex/Firebase.build/Debug-iphoneos/FirebaseFirestoreInternalWrapper.build/FirebaseFirestoreInternalWrapper.modulemap /Users/emanuelflury/Library/Developer/Xcode/DerivedData/TaxedGmbH_IOS-gerngfqzuwudosgobknlgtoawnlj/Build/Intermediates.noindex/GeneratedModuleMaps-iphoneos

Touch /Users/emanuelflury/Library/Developer/Xcode/DerivedData/TaxedGmbH_IOS-gerngfqzuwudosgobknlgtoawnlj/Build/Products/Debug-iphoneos/GoogleUtilities_GoogleUtilities-MethodSwizzler.bundle (in target 'GoogleUtilities_GoogleUtilities-MethodSwizzler' from project 'GoogleUtilities')
    cd /Users/emanuelflury/Library/Developer/Xcode/DerivedData/TaxedGmbH_IOS-gerngfqzuwudosgobknlgtoawnlj/SourcePackages/checkouts/GoogleUtilities
    /usr/bin/touch -c /Users/emanuelflury/Library/Developer/Xcode/DerivedData/TaxedGmbH_IOS-gerngfqzuwudosgobknlgtoawnlj/Build/Products/Debug-iphoneos/GoogleUtilities_GoogleUtilities-MethodSwizzler.bundle

ScanDependencies /Users/emanuelflury/Library/Developer/Xcode/DerivedData/TaxedGmbH_IOS-gerngfqzuwudosgobknlgtoawnlj/Build/Intermediates.noindex/GoogleUtilities.build/Debug-iphoneos/GoogleUtilities-UserDefaults.build/Objects-normal/arm64/resource_bundle_accessor.o /Users/emanuelflury/Library/Developer/Xcode/DerivedData/TaxedGmbH_IOS-gerngfqzuwudosgobknlgtoawnlj/Build/Intermediates.noindex/GoogleUtilities.build/Debug-iphoneos/GoogleUtilities-UserDefaults.build/DerivedSources/resource_bundle_accessor.m normal arm64 objective-c com.apple.compilers.llvm.clang.1_0.compiler (in target 'GoogleUtilities-UserDefaults' from project 'GoogleUtilities')
    cd /Users/emanuelflury/github/TaxedGmbH_IOS/TaxedGmbH_IOS.xcodeproj
    
    Using response file: /Users/emanuelflury/Library/Developer/Xcode/DerivedData/TaxedGmbH_IOS-gerngfqzuwudosgobknlgtoawnlj/Build/Intermediates.noindex/GoogleUtilities.build/Debug-iphoneos/GoogleUtilities-UserDefaults.build/Objects-normal/arm64/e6072d4f65d7061329687fe24e3d63a7-common-args.resp
    
    builtin-ScanDependencies -o /Users/emanuelflury/Library/Developer/Xcode/DerivedData/TaxedGmbH_IOS-gerngfqzuwudosgobknlgtoawnlj/Build/Intermediates.noindex/GoogleUtilities.build/Debug-iphoneos/GoogleUtilities-UserDefaults.build/Objects-normal/arm64/resource_bundle_accessor.o.scan -- /Applications/Xcode.app/Contents/Developer/Toolchains/XcodeDefault.xctoolchain/usr/bin/clang -x objective-c -ivfsstatcache /Users/emanuelflury/Library/Developer/Xcode/DerivedData/SDKStatCaches.noindex/iphoneos26.1-23B77-69b33fc7382b27d9b5d46e82a00f8e78.sdkstatcache -fmessage-length\=0 -fdiagnostics-show-note-include-stack -fmacro-backtrace-limit\=0 -fno-color-diagnostics -fmodules-prune-interval\=86400 -fmodules-prune-after\=345600 -fbuild-session-file\=/Users/emanuelflury/Library/Developer/Xcode/DerivedData/ModuleCache.noindex/Session.modulevalidation -fmodules-validate-once-per-build-session -Wnon-modular-include-in-framework-module -Werror\=non-modular-include-in-framework-module -Wno-trigraphs -Wno-missing-field-initializers -Wno-missing-prototypes -Wno-return-type -Wno-implicit-atomic-properties -Wno-objc-interface-ivars -Wno-arc-repeated-use-of-weak -Wno-missing-braces -Wparentheses -Wswitch -Wno-unused-function -Wno-unused-label -Wno-unused-parameter -Wno-unused-variable -Wunused-value -Wno-empty-body -Wno-uninitialized -Wno-unknown-pragmas -w -Wno-shadow -Wno-four-char-constants -Wno-conversion -Wno-constant-conversion -Wno-int-conversion -Wno-bool-conversion -Wno-enum-conversion -Wno-float-conversion -Wno-non-literal-null-conversion -Wno-objc-literal-conversion -Wshorten-64-to-32 -Wpointer-sign -Wno-newline-eof -Wno-selector -Wno-strict-selector-match -Wno-undeclared-selector -Wno-deprecated-implementations -Wno-implicit-fallthrough -fstrict-aliasing -Wprotocol -Wdeprecated-declarations -Wno-sign-conversion -Wno-infinite-recursion -Wno-comma -Wno-block-capture-autoreleasing -Wno-strict-prototypes -Wno-semicolon-before-method-body -index-store-path /Users/emanuelflury/Library/Developer/Xcode/DerivedData/TaxedGmbH_IOS-gerngfqzuwudosgobknlgtoawnlj/Index.noindex/DataStore @/Users/emanuelflury/Library/Developer/Xcode/DerivedData/TaxedGmbH_IOS-gerngfqzuwudosgobknlgtoawnlj/Build/Intermediates.noindex/GoogleUtilities.build/Debug-iphoneos/GoogleUtilities-UserDefaults.build/Objects-normal/arm64/e6072d4f65d7061329687fe24e3d63a7-common-args.resp -include /Users/emanuelflury/Library/Developer/Xcode/DerivedData/TaxedGmbH_IOS-gerngfqzuwudosgobknlgtoawnlj/Build/Intermediates.noindex/GoogleUtilities.build/Debug-iphoneos/GoogleUtilities-UserDefaults.build/DerivedSources/resource_bundle_accessor.h -MMD -MT dependencies -MF /Users/emanuelflury/Library/Developer/Xcode/DerivedData/TaxedGmbH_IOS-gerngfqzuwudosgobknlgtoawnlj/Build/Intermediates.noindex/GoogleUtilities.build/Debug-iphoneos/GoogleUtilities-UserDefaults.build/Objects-normal/arm64/resource_bundle_accessor.d --serialize-diagnostics /Users/emanuelflury/Library/Developer/Xcode/DerivedData/TaxedGmbH_IOS-gerngfqzuwudosgobknlgtoawnlj/Build/Intermediates.noindex/GoogleUtilities.build/Debug-iphoneos/GoogleUtilities-UserDefaults.build/Objects-normal/arm64/resource_bundle_accessor.dia -c /Users/emanuelflury/Library/Developer/Xcode/DerivedData/TaxedGmbH_IOS-gerngfqzuwudosgobknlgtoawnlj/Build/Intermediates.noindex/GoogleUtilities.build/Debug-iphoneos/GoogleUtilities-UserDefaults.build/DerivedSources/resource_bundle_accessor.m -o /Users/emanuelflury/Library/Developer/Xcode/DerivedData/TaxedGmbH_IOS-gerngfqzuwudosgobknlgtoawnlj/Build/Intermediates.noindex/GoogleUtilities.build/Debug-iphoneos/GoogleUtilities-UserDefaults.build/Objects-normal/arm64/resource_bundle_accessor.o -index-unit-output-path /GoogleUtilities.build/Debug-iphoneos/GoogleUtilities-UserDefaults.build/Objects-normal/arm64/resource_bundle_accessor.o

ScanDependencies /Users/emanuelflury/Library/Developer/Xcode/DerivedData/TaxedGmbH_IOS-gerngfqzuwudosgobknlgtoawnlj/Build/Intermediates.noindex/GoogleUtilities.build/Debug-iphoneos/GoogleUtilities-UserDefaults.build/Objects-normal/arm64/GULUserDefaults.o /Users/emanuelflury/Library/Developer/Xcode/DerivedData/TaxedGmbH_IOS-gerngfqzuwudosgobknlgtoawnlj/SourcePackages/checkouts/GoogleUtilities/GoogleUtilities/UserDefaults/GULUserDefaults.m normal arm64 objective-c com.apple.compilers.llvm.clang.1_0.compiler (in target 'GoogleUtilities-UserDefaults' from project 'GoogleUtilities')
    cd /Users/emanuelflury/github/TaxedGmbH_IOS/TaxedGmbH_IOS.xcodeproj
    
    Using response file: /Users/emanuelflury/Library/Developer/Xcode/DerivedData/TaxedGmbH_IOS-gerngfqzuwudosgobknlgtoawnlj/Build/Intermediates.noindex/GoogleUtilities.build/Debug-iphoneos/GoogleUtilities-UserDefaults.build/Objects-normal/arm64/e6072d4f65d7061329687fe24e3d63a7-common-args.resp
    
    builtin-ScanDependencies -o /Users/emanuelflury/Library/Developer/Xcode/DerivedData/TaxedGmbH_IOS-gerngfqzuwudosgobknlgtoawnlj/Build/Intermediates.noindex/GoogleUtilities.build/Debug-iphoneos/GoogleUtilities-UserDefaults.build/Objects-normal/arm64/GULUserDefaults.o.scan -- /Applications/Xcode.app/Contents/Developer/Toolchains/XcodeDefault.xctoolchain/usr/bin/clang -x objective-c -ivfsstatcache /Users/emanuelflury/Library/Developer/Xcode/DerivedData/SDKStatCaches.noindex/iphoneos26.1-23B77-69b33fc7382b27d9b5d46e82a00f8e78.sdkstatcache -fmessage-length\=0 -fdiagnostics-show-note-include-stack -fmacro-backtrace-limit\=0 -fno-color-diagnostics -fmodules-prune-interval\=86400 -fmodules-prune-after\=345600 -fbuild-session-file\=/Users/emanuelflury/Library/Developer/Xcode/DerivedData/ModuleCache.noindex/Session.modulevalidation -fmodules-validate-once-per-build-session -Wnon-modular-include-in-framework-module -Werror\=non-modular-include-in-framework-module -Wno-trigraphs -Wno-missing-field-initializers -Wno-missing-prototypes -Wno-return-type -Wno-implicit-atomic-properties -Wno-objc-interface-ivars -Wno-arc-repeated-use-of-weak -Wno-missing-braces -Wparentheses -Wswitch -Wno-unused-function -Wno-unused-label -Wno-unused-parameter -Wno-unused-variable -Wunused-value -Wno-empty-body -Wno-uninitialized -Wno-unknown-pragmas -w -Wno-shadow -Wno-four-char-constants -Wno-conversion -Wno-constant-conversion -Wno-int-conversion -Wno-bool-conversion -Wno-enum-conversion -Wno-float-conversion -Wno-non-literal-null-conversion -Wno-objc-literal-conversion -Wshorten-64-to-32 -Wpointer-sign -Wno-newline-eof -Wno-selector -Wno-strict-selector-match -Wno-undeclared-selector -Wno-deprecated-implementations -Wno-implicit-fallthrough -fstrict-aliasing -Wprotocol -Wdeprecated-declarations -Wno-sign-conversion -Wno-infinite-recursion -Wno-comma -Wno-block-capture-autoreleasing -Wno-strict-prototypes -Wno-semicolon-before-method-body -index-store-path /Users/emanuelflury/Library/Developer/Xcode/DerivedData/TaxedGmbH_IOS-gerngfqzuwudosgobknlgtoawnlj/Index.noindex/DataStore @/Users/emanuelflury/Library/Developer/Xcode/DerivedData/TaxedGmbH_IOS-gerngfqzuwudosgobknlgtoawnlj/Build/Intermediates.noindex/GoogleUtilities.build/Debug-iphoneos/GoogleUtilities-UserDefaults.build/Objects-normal/arm64/e6072d4f65d7061329687fe24e3d63a7-common-args.resp -include /Users/emanuelflury/Library/Developer/Xcode/DerivedData/TaxedGmbH_IOS-gerngfqzuwudosgobknlgtoawnlj/Build/Intermediates.noindex/GoogleUtilities.build/Debug-iphoneos/GoogleUtilities-UserDefaults.build/DerivedSources/resource_bundle_accessor.h -MMD -MT dependencies -MF /Users/emanuelflury/Library/Developer/Xcode/DerivedData/TaxedGmbH_IOS-gerngfqzuwudosgobknlgtoawnlj/Build/Intermediates.noindex/GoogleUtilities.build/Debug-iphoneos/GoogleUtilities-UserDefaults.build/Objects-normal/arm64/GULUserDefaults.d --serialize-diagnostics /Users/emanuelflury/Library/Developer/Xcode/DerivedData/TaxedGmbH_IOS-gerngfqzuwudosgobknlgtoawnlj/Build/Intermediates.noindex/GoogleUtilities.build/Debug-iphoneos/GoogleUtilities-UserDefaults.build/Objects-normal/arm64/GULUserDefaults.dia -c /Users/emanuelflury/Library/Developer/Xcode/DerivedData/TaxedGmbH_IOS-gerngfqzuwudosgobknlgtoawnlj/SourcePackages/checkouts/GoogleUtilities/GoogleUtilities/UserDefaults/GULUserDefaults.m -o /Users/emanuelflury/Library/Developer/Xcode/DerivedData/TaxedGmbH_IOS-gerngfqzuwudosgobknlgtoawnlj/Build/Intermediates.noindex/GoogleUtilities.build/Debug-iphoneos/GoogleUtilities-UserDefaults.build/Objects-normal/arm64/GULUserDefaults.o -index-unit-output-path /GoogleUtilities.build/Debug-iphoneos/GoogleUtilities-UserDefaults.build/Objects-normal/arm64/GULUserDefaults.o

ScanDependencies /Users/emanuelflury/Library/Developer/Xcode/DerivedData/TaxedGmbH_IOS-gerngfqzuwudosgobknlgtoawnlj/Build/Intermediates.noindex/GoogleUtilities.build/Debug-iphoneos/GoogleUtilities-Reachability.build/Objects-normal/arm64/resource_bundle_accessor.o /Users/emanuelflury/Library/Developer/Xcode/DerivedData/TaxedGmbH_IOS-gerngfqzuwudosgobknlgtoawnlj/Build/Intermediates.noindex/GoogleUtilities.build/Debug-iphoneos/GoogleUtilities-Reachability.build/DerivedSources/resource_bundle_accessor.m normal arm64 objective-c com.apple.compilers.llvm.clang.1_0.compiler (in target 'GoogleUtilities-Reachability' from project 'GoogleUtilities')
    cd /Users/emanuelflury/github/TaxedGmbH_IOS/TaxedGmbH_IOS.xcodeproj
    
    Using response file: /Users/emanuelflury/Library/Developer/Xcode/DerivedData/TaxedGmbH_IOS-gerngfqzuwudosgobknlgtoawnlj/Build/Intermediates.noindex/GoogleUtilities.build/Debug-iphoneos/GoogleUtilities-Reachability.build/Objects-normal/arm64/e6072d4f65d7061329687fe24e3d63a7-common-args.resp
    
    builtin-ScanDependencies -o /Users/emanuelflury/Library/Developer/Xcode/DerivedData/TaxedGmbH_IOS-gerngfqzuwudosgobknlgtoawnlj/Build/Intermediates.noindex/GoogleUtilities.build/Debug-iphoneos/GoogleUtilities-Reachability.build/Objects-normal/arm64/resource_bundle_accessor.o.scan -- /Applications/Xcode.app/Contents/Developer/Toolchains/XcodeDefault.xctoolchain/usr/bin/clang -x objective-c -ivfsstatcache /Users/emanuelflury/Library/Developer/Xcode/DerivedData/SDKStatCaches.noindex/iphoneos26.1-23B77-69b33fc7382b27d9b5d46e82a00f8e78.sdkstatcache -fmessage-length\=0 -fdiagnostics-show-note-include-stack -fmacro-backtrace-limit\=0 -fno-color-diagnostics -fmodules-prune-interval\=86400 -fmodules-prune-after\=345600 -fbuild-session-file\=/Users/emanuelflury/Library/Developer/Xcode/DerivedData/ModuleCache.noindex/Session.modulevalidation -fmodules-validate-once-per-build-session -Wnon-modular-include-in-framework-module -Werror\=non-modular-include-in-framework-module -Wno-trigraphs -Wno-missing-field-initializers -Wno-missing-prototypes -Wno-return-type -Wno-implicit-atomic-properties -Wno-objc-interface-ivars -Wno-arc-repeated-use-of-weak -Wno-missing-braces -Wparentheses -Wswitch -Wno-unused-function -Wno-unused-label -Wno-unused-parameter -Wno-unused-variable -Wunused-value -Wno-empty-body -Wno-uninitialized -Wno-unknown-pragmas -w -Wno-shadow -Wno-four-char-constants -Wno-conversion -Wno-constant-conversion -Wno-int-conversion -Wno-bool-conversion -Wno-enum-conversion -Wno-float-conversion -Wno-non-literal-null-conversion -Wno-objc-literal-conversion -Wshorten-64-to-32 -Wpointer-sign -Wno-newline-eof -Wno-selector -Wno-strict-selector-match -Wno-undeclared-selector -Wno-deprecated-implementations -Wno-implicit-fallthrough -fstrict-aliasing -Wprotocol -Wdeprecated-declarations -Wno-sign-conversion -Wno-infinite-recursion -Wno-comma -Wno-block-capture-autoreleasing -Wno-strict-prototypes -Wno-semicolon-before-method-body -index-store-path /Users/emanuelflury/Library/Developer/Xcode/DerivedData/TaxedGmbH_IOS-gerngfqzuwudosgobknlgtoawnlj/Index.noindex/DataStore @/Users/emanuelflury/Library/Developer/Xcode/DerivedData/TaxedGmbH_IOS-gerngfqzuwudosgobknlgtoawnlj/Build/Intermediates.noindex/GoogleUtilities.build/Debug-iphoneos/GoogleUtilities-Reachability.build/Objects-normal/arm64/e6072d4f65d7061329687fe24e3d63a7-common-args.resp -include /Users/emanuelflury/Library/Developer/Xcode/DerivedData/TaxedGmbH_IOS-gerngfqzuwudosgobknlgtoawnlj/Build/Intermediates.noindex/GoogleUtilities.build/Debug-iphoneos/GoogleUtilities-Reachability.build/DerivedSources/resource_bundle_accessor.h -MMD -MT dependencies -MF /Users/emanuelflury/Library/Developer/Xcode/DerivedData/TaxedGmbH_IOS-gerngfqzuwudosgobknlgtoawnlj/Build/Intermediates.noindex/GoogleUtilities.build/Debug-iphoneos/GoogleUtilities-Reachability.build/Objects-normal/arm64/resource_bundle_accessor.d --serialize-diagnostics /Users/emanuelflury/Library/Developer/Xcode/DerivedData/TaxedGmbH_IOS-gerngfqzuwudosgobknlgtoawnlj/Build/Intermediates.noindex/GoogleUtilities.build/Debug-iphoneos/GoogleUtilities-Reachability.build/Objects-normal/arm64/resource_bundle_accessor.dia -c /Users/emanuelflury/Library/Developer/Xcode/DerivedData/TaxedGmbH_IOS-gerngfqzuwudosgobknlgtoawnlj/Build/Intermediates.noindex/GoogleUtilities.build/Debug-iphoneos/GoogleUtilities-Reachability.build/DerivedSources/resource_bundle_accessor.m -o /Users/emanuelflury/Library/Developer/Xcode/DerivedData/TaxedGmbH_IOS-gerngfqzuwudosgobknlgtoawnlj/Build/Intermediates.noindex/GoogleUtilities.build/Debug-iphoneos/GoogleUtilities-Reachability.build/Objects-normal/arm64/resource_bundle_accessor.o -index-unit-output-path /GoogleUtilities.build/Debug-iphoneos/GoogleUtilities-Reachability.build/Objects-normal/arm64/resource_bundle_accessor.o

PrecompileModule /Users/emanuelflury/Library/Developer/Xcode/DerivedData/TaxedGmbH_IOS-gerngfqzuwudosgobknlgtoawnlj/Build/Intermediates.noindex/ExplicitPrecompiledModules/os_workgroup-8JO4E0573B3F4O30X7ZSEV8II.scan
    cd /
    builtin-precompileModule /Users/emanuelflury/Library/Developer/Xcode/DerivedData/TaxedGmbH_IOS-gerngfqzuwudosgobknlgtoawnlj/Build/Intermediates.noindex/ExplicitPrecompiledModules/os_workgroup-8JO4E0573B3F4O30X7ZSEV8II.scan

PrecompileModule /Users/emanuelflury/Library/Developer/Xcode/DerivedData/TaxedGmbH_IOS-gerngfqzuwudosgobknlgtoawnlj/Build/Intermediates.noindex/ExplicitPrecompiledModules/CFNetwork-B9UTUGIG78KB7QOSI23O8QC54.scan
    cd /
    builtin-precompileModule /Users/emanuelflury/Library/Developer/Xcode/DerivedData/TaxedGmbH_IOS-gerngfqzuwudosgobknlgtoawnlj/Build/Intermediates.noindex/ExplicitPrecompiledModules/CFNetwork-B9UTUGIG78KB7QOSI23O8QC54.scan

PrecompileModule /Users/emanuelflury/Library/Developer/Xcode/DerivedData/TaxedGmbH_IOS-gerngfqzuwudosgobknlgtoawnlj/Build/Intermediates.noindex/ExplicitPrecompiledModules/Security-5MDHZSBQLR2GG2LXTZC5NDTP3.scan
    cd /
    builtin-precompileModule /Users/emanuelflury/Library/Developer/Xcode/DerivedData/TaxedGmbH_IOS-gerngfqzuwudosgobknlgtoawnlj/Build/Intermediates.noindex/ExplicitPrecompiledModules/Security-5MDHZSBQLR2GG2LXTZC5NDTP3.scan

ScanDependencies /Users/emanuelflury/Library/Developer/Xcode/DerivedData/TaxedGmbH_IOS-gerngfqzuwudosgobknlgtoawnlj/Build/Intermediates.noindex/GoogleUtilities.build/Debug-iphoneos/GoogleUtilities-Reachability.build/Objects-normal/arm64/GULReachabilityChecker.o /Users/emanuelflury/Library/Developer/Xcode/DerivedData/TaxedGmbH_IOS-gerngfqzuwudosgobknlgtoawnlj/SourcePackages/checkouts/GoogleUtilities/GoogleUtilities/Reachability/GULReachabilityChecker.m normal arm64 objective-c com.apple.compilers.llvm.clang.1_0.compiler (in target 'GoogleUtilities-Reachability' from project 'GoogleUtilities')
    cd /Users/emanuelflury/github/TaxedGmbH_IOS/TaxedGmbH_IOS.xcodeproj
    
    Using response file: /Users/emanuelflury/Library/Developer/Xcode/DerivedData/TaxedGmbH_IOS-gerngfqzuwudosgobknlgtoawnlj/Build/Intermediates.noindex/GoogleUtilities.build/Debug-iphoneos/GoogleUtilities-Reachability.build/Objects-normal/arm64/e6072d4f65d7061329687fe24e3d63a7-common-args.resp
    
    builtin-ScanDependencies -o /Users/emanuelflury/Library/Developer/Xcode/DerivedData/TaxedGmbH_IOS-gerngfqzuwudosgobknlgtoawnlj/Build/Intermediates.noindex/GoogleUtilities.build/Debug-iphoneos/GoogleUtilities-Reachability.build/Objects-normal/arm64/GULReachabilityChecker.o.scan -- /Applications/Xcode.app/Contents/Developer/Toolchains/XcodeDefault.xctoolchain/usr/bin/clang -x objective-c -ivfsstatcache /Users/emanuelflury/Library/Developer/Xcode/DerivedData/SDKStatCaches.noindex/iphoneos26.1-23B77-69b33fc7382b27d9b5d46e82a00f8e78.sdkstatcache -fmessage-length\=0 -fdiagnostics-show-note-include-stack -fmacro-backtrace-limit\=0 -fno-color-diagnostics -fmodules-prune-interval\=86400 -fmodules-prune-after\=345600 -fbuild-session-file\=/Users/emanuelflury/Library/Developer/Xcode/DerivedData/ModuleCache.noindex/Session.modulevalidation -fmodules-validate-once-per-build-session -Wnon-modular-include-in-framework-module -Werror\=non-modular-include-in-framework-module -Wno-trigraphs -Wno-missing-field-initializers -Wno-missing-prototypes -Wno-return-type -Wno-implicit-atomic-properties -Wno-objc-interface-ivars -Wno-arc-repeated-use-of-weak -Wno-missing-braces -Wparentheses -Wswitch -Wno-unused-function -Wno-unused-label -Wno-unused-parameter -Wno-unused-variable -Wunused-value -Wno-empty-body -Wno-uninitialized -Wno-unknown-pragmas -w -Wno-shadow -Wno-four-char-constants -Wno-conversion -Wno-constant-conversion -Wno-int-conversion -Wno-bool-conversion -Wno-enum-conversion -Wno-float-conversion -Wno-non-literal-null-conversion -Wno-objc-literal-conversion -Wshorten-64-to-32 -Wpointer-sign -Wno-newline-eof -Wno-selector -Wno-strict-selector-match -Wno-undeclared-selector -Wno-deprecated-implementations -Wno-implicit-fallthrough -fstrict-aliasing -Wprotocol -Wdeprecated-declarations -Wno-sign-conversion -Wno-infinite-recursion -Wno-comma -Wno-block-capture-autoreleasing -Wno-strict-prototypes -Wno-semicolon-before-method-body -index-store-path /Users/emanuelflury/Library/Developer/Xcode/DerivedData/TaxedGmbH_IOS-gerngfqzuwudosgobknlgtoawnlj/Index.noindex/DataStore @/Users/emanuelflury/Library/Developer/Xcode/DerivedData/TaxedGmbH_IOS-gerngfqzuwudosgobknlgtoawnlj/Build/Intermediates.noindex/GoogleUtilities.build/Debug-iphoneos/GoogleUtilities-Reachability.build/Objects-normal/arm64/e6072d4f65d7061329687fe24e3d63a7-common-args.resp -include /Users/emanuelflury/Library/Developer/Xcode/DerivedData/TaxedGmbH_IOS-gerngfqzuwudosgobknlgtoawnlj/Build/Intermediates.noindex/GoogleUtilities.build/Debug-iphoneos/GoogleUtilities-Reachability.build/DerivedSources/resource_bundle_accessor.h -MMD -MT dependencies -MF /Users/emanuelflury/Library/Developer/Xcode/DerivedData/TaxedGmbH_IOS-gerngfqzuwudosgobknlgtoawnlj/Build/Intermediates.noindex/GoogleUtilities.build/Debug-iphoneos/GoogleUtilities-Reachability.build/Objects-normal/arm64/GULReachabilityChecker.d --serialize-diagnostics /Users/emanuelflury/Library/Developer/Xcode/DerivedData/TaxedGmbH_IOS-gerngfqzuwudosgobknlgtoawnlj/Build/Intermediates.noindex/GoogleUtilities.build/Debug-iphoneos/GoogleUtilities-Reachability.build/Objects-normal/arm64/GULReachabilityChecker.dia -c /Users/emanuelflury/Library/Developer/Xcode/DerivedData/TaxedGmbH_IOS-gerngfqzuwudosgobknlgtoawnlj/SourcePackages/checkouts/GoogleUtilities/GoogleUtilities/Reachability/GULReachabilityChecker.m -o /Users/emanuelflury/Library/Developer/Xcode/DerivedData/TaxedGmbH_IOS-gerngfqzuwudosgobknlgtoawnlj/Build/Intermediates.noindex/GoogleUtilities.build/Debug-iphoneos/GoogleUtilities-Reachability.build/Objects-normal/arm64/GULReachabilityChecker.o -index-unit-output-path /GoogleUtilities.build/Debug-iphoneos/GoogleUtilities-Reachability.build/Objects-normal/arm64/GULReachabilityChecker.o

PrecompileModule /Users/emanuelflury/Library/Developer/Xcode/DerivedData/TaxedGmbH_IOS-gerngfqzuwudosgobknlgtoawnlj/Build/Intermediates.noindex/ExplicitPrecompiledModules/Dispatch-CNAGH4HHBYXZPS37X6NJPPFUO.scan
    cd /
    builtin-precompileModule /Users/emanuelflury/Library/Developer/Xcode/DerivedData/TaxedGmbH_IOS-gerngfqzuwudosgobknlgtoawnlj/Build/Intermediates.noindex/ExplicitPrecompiledModules/Dispatch-CNAGH4HHBYXZPS37X6NJPPFUO.scan

PrecompileModule /Users/emanuelflury/Library/Developer/Xcode/DerivedData/TaxedGmbH_IOS-gerngfqzuwudosgobknlgtoawnlj/Build/Intermediates.noindex/ExplicitPrecompiledModules/CFNetwork-AYJM6M04GYNZM9WKYXKXEXIEY.scan
    cd /
    builtin-precompileModule /Users/emanuelflury/Library/Developer/Xcode/DerivedData/TaxedGmbH_IOS-gerngfqzuwudosgobknlgtoawnlj/Build/Intermediates.noindex/ExplicitPrecompiledModules/CFNetwork-AYJM6M04GYNZM9WKYXKXEXIEY.scan

PrecompileModule /Users/emanuelflury/Library/Developer/Xcode/DerivedData/TaxedGmbH_IOS-gerngfqzuwudosgobknlgtoawnlj/Build/Intermediates.noindex/ExplicitPrecompiledModules/Security-263DCXNLKRE1HH6RS6FVN3FS1.scan
    cd /
    builtin-precompileModule /Users/emanuelflury/Library/Developer/Xcode/DerivedData/TaxedGmbH_IOS-gerngfqzuwudosgobknlgtoawnlj/Build/Intermediates.noindex/ExplicitPrecompiledModules/Security-263DCXNLKRE1HH6RS6FVN3FS1.scan

PrecompileModule /Users/emanuelflury/Library/Developer/Xcode/DerivedData/TaxedGmbH_IOS-gerngfqzuwudosgobknlgtoawnlj/Build/Intermediates.noindex/ExplicitPrecompiledModules/CFNetwork-1SZIRHSS9K9CGV6NN676IXF5N.scan
    cd /
    builtin-precompileModule /Users/emanuelflury/Library/Developer/Xcode/DerivedData/TaxedGmbH_IOS-gerngfqzuwudosgobknlgtoawnlj/Build/Intermediates.noindex/ExplicitPrecompiledModules/CFNetwork-1SZIRHSS9K9CGV6NN676IXF5N.scan

PrecompileModule /Users/emanuelflury/Library/Developer/Xcode/DerivedData/TaxedGmbH_IOS-gerngfqzuwudosgobknlgtoawnlj/Build/Intermediates.noindex/ExplicitPrecompiledModules/SystemConfiguration-38XEBDDE8IWA8SYPAM3PM9DTF.scan
    cd /
    builtin-precompileModule /Users/emanuelflury/Library/Developer/Xcode/DerivedData/TaxedGmbH_IOS-gerngfqzuwudosgobknlgtoawnlj/Build/Intermediates.noindex/ExplicitPrecompiledModules/SystemConfiguration-38XEBDDE8IWA8SYPAM3PM9DTF.scan

PrecompileModule /Users/emanuelflury/Library/Developer/Xcode/DerivedData/TaxedGmbH_IOS-gerngfqzuwudosgobknlgtoawnlj/Build/Intermediates.noindex/ExplicitPrecompiledModules/Security-VF0VIPXHST6F5FP5PP9MVN1O.scan
    cd /
    builtin-precompileModule /Users/emanuelflury/Library/Developer/Xcode/DerivedData/TaxedGmbH_IOS-gerngfqzuwudosgobknlgtoawnlj/Build/Intermediates.noindex/ExplicitPrecompiledModules/Security-VF0VIPXHST6F5FP5PP9MVN1O.scan

PrecompileModule /Users/emanuelflury/Library/Developer/Xcode/DerivedData/TaxedGmbH_IOS-gerngfqzuwudosgobknlgtoawnlj/Build/Intermediates.noindex/ExplicitPrecompiledModules/XPC-9EZCVUVOKLN4MWD14TVK9HYLM.scan
    cd /
    builtin-precompileModule /Users/emanuelflury/Library/Developer/Xcode/DerivedData/TaxedGmbH_IOS-gerngfqzuwudosgobknlgtoawnlj/Build/Intermediates.noindex/ExplicitPrecompiledModules/XPC-9EZCVUVOKLN4MWD14TVK9HYLM.scan

PrecompileModule /Users/emanuelflury/Library/Developer/Xcode/DerivedData/TaxedGmbH_IOS-gerngfqzuwudosgobknlgtoawnlj/Build/Intermediates.noindex/ExplicitPrecompiledModules/CoreFoundation-AP0AAP4FS5Z0SP6ZHILAVCO8S.scan
    cd /
    builtin-precompileModule /Users/emanuelflury/Library/Developer/Xcode/DerivedData/TaxedGmbH_IOS-gerngfqzuwudosgobknlgtoawnlj/Build/Intermediates.noindex/ExplicitPrecompiledModules/CoreFoundation-AP0AAP4FS5Z0SP6ZHILAVCO8S.scan

PrecompileModule /Users/emanuelflury/Library/Developer/Xcode/DerivedData/TaxedGmbH_IOS-gerngfqzuwudosgobknlgtoawnlj/Build/Intermediates.noindex/ExplicitPrecompiledModules/CoreGraphics-B4NSAX2W97HTLFLY1QMYH550R.scan
    cd /
    builtin-precompileModule /Users/emanuelflury/Library/Developer/Xcode/DerivedData/TaxedGmbH_IOS-gerngfqzuwudosgobknlgtoawnlj/Build/Intermediates.noindex/ExplicitPrecompiledModules/CoreGraphics-B4NSAX2W97HTLFLY1QMYH550R.scan

PrecompileModule /Users/emanuelflury/Library/Developer/Xcode/DerivedData/TaxedGmbH_IOS-gerngfqzuwudosgobknlgtoawnlj/Build/Intermediates.noindex/ExplicitPrecompiledModules/Foundation-DI4DD67QF5H0H9EDX556BXIZP.scan
    cd /
    builtin-precompileModule /Users/emanuelflury/Library/Developer/Xcode/DerivedData/TaxedGmbH_IOS-gerngfqzuwudosgobknlgtoawnlj/Build/Intermediates.noindex/ExplicitPrecompiledModules/Foundation-DI4DD67QF5H0H9EDX556BXIZP.scan

PrecompileModule /Users/emanuelflury/Library/Developer/Xcode/DerivedData/TaxedGmbH_IOS-gerngfqzuwudosgobknlgtoawnlj/Build/Intermediates.noindex/ExplicitPrecompiledModules/Foundation-3TGFZ6YGC1Z3ZJKXHIFJ4AQ96.scan
    cd /
    builtin-precompileModule /Users/emanuelflury/Library/Developer/Xcode/DerivedData/TaxedGmbH_IOS-gerngfqzuwudosgobknlgtoawnlj/Build/Intermediates.noindex/ExplicitPrecompiledModules/Foundation-3TGFZ6YGC1Z3ZJKXHIFJ4AQ96.scan

WriteAuxiliaryFile /Users/emanuelflury/Library/Developer/Xcode/DerivedData/TaxedGmbH_IOS-gerngfqzuwudosgobknlgtoawnlj/Build/Intermediates.noindex/Firebase.build/Debug-iphoneos/FirebaseFirestore.build/Objects-normal/arm64/FirebaseFirestore_const_extract_protocols.json (in target 'FirebaseFirestore' from project 'Firebase')
    cd /Users/emanuelflury/Library/Developer/Xcode/DerivedData/TaxedGmbH_IOS-gerngfqzuwudosgobknlgtoawnlj/SourcePackages/checkouts/firebase-ios-sdk
    write-file /Users/emanuelflury/Library/Developer/Xcode/DerivedData/TaxedGmbH_IOS-gerngfqzuwudosgobknlgtoawnlj/Build/Intermediates.noindex/Firebase.build/Debug-iphoneos/FirebaseFirestore.build/Objects-normal/arm64/FirebaseFirestore_const_extract_protocols.json

WriteAuxiliaryFile /Users/emanuelflury/Library/Developer/Xcode/DerivedData/TaxedGmbH_IOS-gerngfqzuwudosgobknlgtoawnlj/Build/Intermediates.noindex/Firebase.build/Debug-iphoneos/FirebaseFirestore.build/Objects-normal/arm64/FirebaseFirestore.SwiftFileList (in target 'FirebaseFirestore' from project 'Firebase')
    cd /Users/emanuelflury/Library/Developer/Xcode/DerivedData/TaxedGmbH_IOS-gerngfqzuwudosgobknlgtoawnlj/SourcePackages/checkouts/firebase-ios-sdk
    write-file /Users/emanuelflury/Library/Developer/Xcode/DerivedData/TaxedGmbH_IOS-gerngfqzuwudosgobknlgtoawnlj/Build/Intermediates.noindex/Firebase.build/Debug-iphoneos/FirebaseFirestore.build/Objects-normal/arm64/FirebaseFirestore.SwiftFileList

WriteAuxiliaryFile /Users/emanuelflury/Library/Developer/Xcode/DerivedData/TaxedGmbH_IOS-gerngfqzuwudosgobknlgtoawnlj/Build/Intermediates.noindex/Firebase.build/Debug-iphoneos/FirebaseFirestore.build/Objects-normal/arm64/FirebaseFirestore.SwiftConstValuesFileList (in target 'FirebaseFirestore' from project 'Firebase')
    cd /Users/emanuelflury/Library/Developer/Xcode/DerivedData/TaxedGmbH_IOS-gerngfqzuwudosgobknlgtoawnlj/SourcePackages/checkouts/firebase-ios-sdk
    write-file /Users/emanuelflury/Library/Developer/Xcode/DerivedData/TaxedGmbH_IOS-gerngfqzuwudosgobknlgtoawnlj/Build/Intermediates.noindex/Firebase.build/Debug-iphoneos/FirebaseFirestore.build/Objects-normal/arm64/FirebaseFirestore.SwiftConstValuesFileList

WriteAuxiliaryFile /Users/emanuelflury/Library/Developer/Xcode/DerivedData/TaxedGmbH_IOS-gerngfqzuwudosgobknlgtoawnlj/Build/Intermediates.noindex/Firebase.build/Debug-iphoneos/FirebaseFirestore.build/Objects-normal/arm64/FirebaseFirestore.LinkFileList (in target 'FirebaseFirestore' from project 'Firebase')
    cd /Users/emanuelflury/Library/Developer/Xcode/DerivedData/TaxedGmbH_IOS-gerngfqzuwudosgobknlgtoawnlj/SourcePackages/checkouts/firebase-ios-sdk
    write-file /Users/emanuelflury/Library/Developer/Xcode/DerivedData/TaxedGmbH_IOS-gerngfqzuwudosgobknlgtoawnlj/Build/Intermediates.noindex/Firebase.build/Debug-iphoneos/FirebaseFirestore.build/Objects-normal/arm64/FirebaseFirestore.LinkFileList

WriteAuxiliaryFile /Users/emanuelflury/Library/Developer/Xcode/DerivedData/TaxedGmbH_IOS-gerngfqzuwudosgobknlgtoawnlj/Build/Intermediates.noindex/Firebase.build/Debug-iphoneos/FirebaseFirestore.build/Objects-normal/arm64/FirebaseFirestore-OutputFileMap.json (in target 'FirebaseFirestore' from project 'Firebase')
    cd /Users/emanuelflury/Library/Developer/Xcode/DerivedData/TaxedGmbH_IOS-gerngfqzuwudosgobknlgtoawnlj/SourcePackages/checkouts/firebase-ios-sdk
    write-file /Users/emanuelflury/Library/Developer/Xcode/DerivedData/TaxedGmbH_IOS-gerngfqzuwudosgobknlgtoawnlj/Build/Intermediates.noindex/Firebase.build/Debug-iphoneos/FirebaseFirestore.build/Objects-normal/arm64/FirebaseFirestore-OutputFileMap.json

WriteAuxiliaryFile /Users/emanuelflury/Library/Developer/Xcode/DerivedData/TaxedGmbH_IOS-gerngfqzuwudosgobknlgtoawnlj/Build/Intermediates.noindex/Firebase.build/Debug-iphoneos/FirebaseFirestore.build/FirebaseFirestore.modulemap (in target 'FirebaseFirestore' from project 'Firebase')
    cd /Users/emanuelflury/Library/Developer/Xcode/DerivedData/TaxedGmbH_IOS-gerngfqzuwudosgobknlgtoawnlj/SourcePackages/checkouts/firebase-ios-sdk
    write-file /Users/emanuelflury/Library/Developer/Xcode/DerivedData/TaxedGmbH_IOS-gerngfqzuwudosgobknlgtoawnlj/Build/Intermediates.noindex/Firebase.build/Debug-iphoneos/FirebaseFirestore.build/FirebaseFirestore.modulemap

WriteAuxiliaryFile /Users/emanuelflury/Library/Developer/Xcode/DerivedData/TaxedGmbH_IOS-gerngfqzuwudosgobknlgtoawnlj/Build/Intermediates.noindex/Firebase.build/Debug-iphoneos/FirebaseFirestore.build/FirebaseFirestore.DependencyStaticMetadataFileList (in target 'FirebaseFirestore' from project 'Firebase')
    cd /Users/emanuelflury/Library/Developer/Xcode/DerivedData/TaxedGmbH_IOS-gerngfqzuwudosgobknlgtoawnlj/SourcePackages/checkouts/firebase-ios-sdk
    write-file /Users/emanuelflury/Library/Developer/Xcode/DerivedData/TaxedGmbH_IOS-gerngfqzuwudosgobknlgtoawnlj/Build/Intermediates.noindex/Firebase.build/Debug-iphoneos/FirebaseFirestore.build/FirebaseFirestore.DependencyStaticMetadataFileList

WriteAuxiliaryFile /Users/emanuelflury/Library/Developer/Xcode/DerivedData/TaxedGmbH_IOS-gerngfqzuwudosgobknlgtoawnlj/Build/Intermediates.noindex/Firebase.build/Debug-iphoneos/FirebaseFirestore.build/FirebaseFirestore.DependencyMetadataFileList (in target 'FirebaseFirestore' from project 'Firebase')
    cd /Users/emanuelflury/Library/Developer/Xcode/DerivedData/TaxedGmbH_IOS-gerngfqzuwudosgobknlgtoawnlj/SourcePackages/checkouts/firebase-ios-sdk
    write-file /Users/emanuelflury/Library/Developer/Xcode/DerivedData/TaxedGmbH_IOS-gerngfqzuwudosgobknlgtoawnlj/Build/Intermediates.noindex/Firebase.build/Debug-iphoneos/FirebaseFirestore.build/FirebaseFirestore.DependencyMetadataFileList

WriteAuxiliaryFile /Users/emanuelflury/Library/Developer/Xcode/DerivedData/TaxedGmbH_IOS-gerngfqzuwudosgobknlgtoawnlj/Build/Intermediates.noindex/Firebase.build/Debug-iphoneos/FirebaseFirestore.build/DerivedSources/resource_bundle_accessor.swift (in target 'FirebaseFirestore' from project 'Firebase')
    cd /Users/emanuelflury/Library/Developer/Xcode/DerivedData/TaxedGmbH_IOS-gerngfqzuwudosgobknlgtoawnlj/SourcePackages/checkouts/firebase-ios-sdk
    write-file /Users/emanuelflury/Library/Developer/Xcode/DerivedData/TaxedGmbH_IOS-gerngfqzuwudosgobknlgtoawnlj/Build/Intermediates.noindex/Firebase.build/Debug-iphoneos/FirebaseFirestore.build/DerivedSources/resource_bundle_accessor.swift

Copy /Users/emanuelflury/Library/Developer/Xcode/DerivedData/TaxedGmbH_IOS-gerngfqzuwudosgobknlgtoawnlj/Build/Intermediates.noindex/GeneratedModuleMaps-iphoneos/FirebaseFirestore.modulemap /Users/emanuelflury/Library/Developer/Xcode/DerivedData/TaxedGmbH_IOS-gerngfqzuwudosgobknlgtoawnlj/Build/Intermediates.noindex/Firebase.build/Debug-iphoneos/FirebaseFirestore.build/FirebaseFirestore.modulemap (in target 'FirebaseFirestore' from project 'Firebase')
    cd /Users/emanuelflury/Library/Developer/Xcode/DerivedData/TaxedGmbH_IOS-gerngfqzuwudosgobknlgtoawnlj/SourcePackages/checkouts/firebase-ios-sdk
    builtin-copy -exclude .DS_Store -exclude CVS -exclude .svn -exclude .git -exclude .hg -resolve-src-symlinks /Users/emanuelflury/Library/Developer/Xcode/DerivedData/TaxedGmbH_IOS-gerngfqzuwudosgobknlgtoawnlj/Build/Intermediates.noindex/Firebase.build/Debug-iphoneos/FirebaseFirestore.build/FirebaseFirestore.modulemap /Users/emanuelflury/Library/Developer/Xcode/DerivedData/TaxedGmbH_IOS-gerngfqzuwudosgobknlgtoawnlj/Build/Intermediates.noindex/GeneratedModuleMaps-iphoneos

RegisterExecutionPolicyException /Users/emanuelflury/Library/Developer/Xcode/DerivedData/TaxedGmbH_IOS-gerngfqzuwudosgobknlgtoawnlj/Build/Products/Debug-iphoneos/GoogleUtilities_GoogleUtilities-Logger.bundle (in target 'GoogleUtilities_GoogleUtilities-Logger' from project 'GoogleUtilities')
    cd /Users/emanuelflury/Library/Developer/Xcode/DerivedData/TaxedGmbH_IOS-gerngfqzuwudosgobknlgtoawnlj/SourcePackages/checkouts/GoogleUtilities
    builtin-RegisterExecutionPolicyException /Users/emanuelflury/Library/Developer/Xcode/DerivedData/TaxedGmbH_IOS-gerngfqzuwudosgobknlgtoawnlj/Build/Products/Debug-iphoneos/GoogleUtilities_GoogleUtilities-Logger.bundle

RegisterExecutionPolicyException /Users/emanuelflury/Library/Developer/Xcode/DerivedData/TaxedGmbH_IOS-gerngfqzuwudosgobknlgtoawnlj/Build/Products/Debug-iphoneos/GoogleUtilities_GoogleUtilities-Environment.bundle (in target 'GoogleUtilities_GoogleUtilities-Environment' from project 'GoogleUtilities')
    cd /Users/emanuelflury/Library/Developer/Xcode/DerivedData/TaxedGmbH_IOS-gerngfqzuwudosgobknlgtoawnlj/SourcePackages/checkouts/GoogleUtilities
    builtin-RegisterExecutionPolicyException /Users/emanuelflury/Library/Developer/Xcode/DerivedData/TaxedGmbH_IOS-gerngfqzuwudosgobknlgtoawnlj/Build/Products/Debug-iphoneos/GoogleUtilities_GoogleUtilities-Environment.bundle

Touch /Users/emanuelflury/Library/Developer/Xcode/DerivedData/TaxedGmbH_IOS-gerngfqzuwudosgobknlgtoawnlj/Build/Products/Debug-iphoneos/GoogleUtilities_GoogleUtilities-Logger.bundle (in target 'GoogleUtilities_GoogleUtilities-Logger' from project 'GoogleUtilities')
    cd /Users/emanuelflury/Library/Developer/Xcode/DerivedData/TaxedGmbH_IOS-gerngfqzuwudosgobknlgtoawnlj/SourcePackages/checkouts/GoogleUtilities
    /usr/bin/touch -c /Users/emanuelflury/Library/Developer/Xcode/DerivedData/TaxedGmbH_IOS-gerngfqzuwudosgobknlgtoawnlj/Build/Products/Debug-iphoneos/GoogleUtilities_GoogleUtilities-Logger.bundle

Touch /Users/emanuelflury/Library/Developer/Xcode/DerivedData/TaxedGmbH_IOS-gerngfqzuwudosgobknlgtoawnlj/Build/Products/Debug-iphoneos/GoogleUtilities_GoogleUtilities-Environment.bundle (in target 'GoogleUtilities_GoogleUtilities-Environment' from project 'GoogleUtilities')
    cd /Users/emanuelflury/Library/Developer/Xcode/DerivedData/TaxedGmbH_IOS-gerngfqzuwudosgobknlgtoawnlj/SourcePackages/checkouts/GoogleUtilities
    /usr/bin/touch -c /Users/emanuelflury/Library/Developer/Xcode/DerivedData/TaxedGmbH_IOS-gerngfqzuwudosgobknlgtoawnlj/Build/Products/Debug-iphoneos/GoogleUtilities_GoogleUtilities-Environment.bundle

RegisterExecutionPolicyException /Users/emanuelflury/Library/Developer/Xcode/DerivedData/TaxedGmbH_IOS-gerngfqzuwudosgobknlgtoawnlj/Build/Products/Debug-iphoneos/GoogleUtilities_GoogleUtilities-AppDelegateSwizzler.bundle (in target 'GoogleUtilities_GoogleUtilities-AppDelegateSwizzler' from project 'GoogleUtilities')
    cd /Users/emanuelflury/Library/Developer/Xcode/DerivedData/TaxedGmbH_IOS-gerngfqzuwudosgobknlgtoawnlj/SourcePackages/checkouts/GoogleUtilities
    builtin-RegisterExecutionPolicyException /Users/emanuelflury/Library/Developer/Xcode/DerivedData/TaxedGmbH_IOS-gerngfqzuwudosgobknlgtoawnlj/Build/Products/Debug-iphoneos/GoogleUtilities_GoogleUtilities-AppDelegateSwizzler.bundle

PrecompileModule /Users/emanuelflury/Library/Developer/Xcode/DerivedData/TaxedGmbH_IOS-gerngfqzuwudosgobknlgtoawnlj/Build/Intermediates.noindex/ExplicitPrecompiledModules/Foundation-3YUT47XDUYU04D3X1YTY351IH.scan
    cd /
    builtin-precompileModule /Users/emanuelflury/Library/Developer/Xcode/DerivedData/TaxedGmbH_IOS-gerngfqzuwudosgobknlgtoawnlj/Build/Intermediates.noindex/ExplicitPrecompiledModules/Foundation-3YUT47XDUYU04D3X1YTY351IH.scan

Touch /Users/emanuelflury/Library/Developer/Xcode/DerivedData/TaxedGmbH_IOS-gerngfqzuwudosgobknlgtoawnlj/Build/Products/Debug-iphoneos/GoogleUtilities_GoogleUtilities-AppDelegateSwizzler.bundle (in target 'GoogleUtilities_GoogleUtilities-AppDelegateSwizzler' from project 'GoogleUtilities')
    cd /Users/emanuelflury/Library/Developer/Xcode/DerivedData/TaxedGmbH_IOS-gerngfqzuwudosgobknlgtoawnlj/SourcePackages/checkouts/GoogleUtilities
    /usr/bin/touch -c /Users/emanuelflury/Library/Developer/Xcode/DerivedData/TaxedGmbH_IOS-gerngfqzuwudosgobknlgtoawnlj/Build/Products/Debug-iphoneos/GoogleUtilities_GoogleUtilities-AppDelegateSwizzler.bundle

ScanDependencies /Users/emanuelflury/Library/Developer/Xcode/DerivedData/TaxedGmbH_IOS-gerngfqzuwudosgobknlgtoawnlj/Build/Intermediates.noindex/GoogleUtilities.build/Debug-iphoneos/GoogleUtilities-MethodSwizzler.build/Objects-normal/arm64/resource_bundle_accessor.o /Users/emanuelflury/Library/Developer/Xcode/DerivedData/TaxedGmbH_IOS-gerngfqzuwudosgobknlgtoawnlj/Build/Intermediates.noindex/GoogleUtilities.build/Debug-iphoneos/GoogleUtilities-MethodSwizzler.build/DerivedSources/resource_bundle_accessor.m normal arm64 objective-c com.apple.compilers.llvm.clang.1_0.compiler (in target 'GoogleUtilities-MethodSwizzler' from project 'GoogleUtilities')
    cd /Users/emanuelflury/github/TaxedGmbH_IOS/TaxedGmbH_IOS.xcodeproj
    
    Using response file: /Users/emanuelflury/Library/Developer/Xcode/DerivedData/TaxedGmbH_IOS-gerngfqzuwudosgobknlgtoawnlj/Build/Intermediates.noindex/GoogleUtilities.build/Debug-iphoneos/GoogleUtilities-MethodSwizzler.build/Objects-normal/arm64/e6072d4f65d7061329687fe24e3d63a7-common-args.resp
    
    builtin-ScanDependencies -o /Users/emanuelflury/Library/Developer/Xcode/DerivedData/TaxedGmbH_IOS-gerngfqzuwudosgobknlgtoawnlj/Build/Intermediates.noindex/GoogleUtilities.build/Debug-iphoneos/GoogleUtilities-MethodSwizzler.build/Objects-normal/arm64/resource_bundle_accessor.o.scan -- /Applications/Xcode.app/Contents/Developer/Toolchains/XcodeDefault.xctoolchain/usr/bin/clang -x objective-c -ivfsstatcache /Users/emanuelflury/Library/Developer/Xcode/DerivedData/SDKStatCaches.noindex/iphoneos26.1-23B77-69b33fc7382b27d9b5d46e82a00f8e78.sdkstatcache -fmessage-length\=0 -fdiagnostics-show-note-include-stack -fmacro-backtrace-limit\=0 -fno-color-diagnostics -fmodules-prune-interval\=86400 -fmodules-prune-after\=345600 -fbuild-session-file\=/Users/emanuelflury/Library/Developer/Xcode/DerivedData/ModuleCache.noindex/Session.modulevalidation -fmodules-validate-once-per-build-session -Wnon-modular-include-in-framework-module -Werror\=non-modular-include-in-framework-module -Wno-trigraphs -Wno-missing-field-initializers -Wno-missing-prototypes -Wno-return-type -Wno-implicit-atomic-properties -Wno-objc-interface-ivars -Wno-arc-repeated-use-of-weak -Wno-missing-braces -Wparentheses -Wswitch -Wno-unused-function -Wno-unused-label -Wno-unused-parameter -Wno-unused-variable -Wunused-value -Wno-empty-body -Wno-uninitialized -Wno-unknown-pragmas -w -Wno-shadow -Wno-four-char-constants -Wno-conversion -Wno-constant-conversion -Wno-int-conversion -Wno-bool-conversion -Wno-enum-conversion -Wno-float-conversion -Wno-non-literal-null-conversion -Wno-objc-literal-conversion -Wshorten-64-to-32 -Wpointer-sign -Wno-newline-eof -Wno-selector -Wno-strict-selector-match -Wno-undeclared-selector -Wno-deprecated-implementations -Wno-implicit-fallthrough -fstrict-aliasing -Wprotocol -Wdeprecated-declarations -Wno-sign-conversion -Wno-infinite-recursion -Wno-comma -Wno-block-capture-autoreleasing -Wno-strict-prototypes -Wno-semicolon-before-method-body -index-store-path /Users/emanuelflury/Library/Developer/Xcode/DerivedData/TaxedGmbH_IOS-gerngfqzuwudosgobknlgtoawnlj/Index.noindex/DataStore @/Users/emanuelflury/Library/Developer/Xcode/DerivedData/TaxedGmbH_IOS-gerngfqzuwudosgobknlgtoawnlj/Build/Intermediates.noindex/GoogleUtilities.build/Debug-iphoneos/GoogleUtilities-MethodSwizzler.build/Objects-normal/arm64/e6072d4f65d7061329687fe24e3d63a7-common-args.resp -include /Users/emanuelflury/Library/Developer/Xcode/DerivedData/TaxedGmbH_IOS-gerngfqzuwudosgobknlgtoawnlj/Build/Intermediates.noindex/GoogleUtilities.build/Debug-iphoneos/GoogleUtilities-MethodSwizzler.build/DerivedSources/resource_bundle_accessor.h -MMD -MT dependencies -MF /Users/emanuelflury/Library/Developer/Xcode/DerivedData/TaxedGmbH_IOS-gerngfqzuwudosgobknlgtoawnlj/Build/Intermediates.noindex/GoogleUtilities.build/Debug-iphoneos/GoogleUtilities-MethodSwizzler.build/Objects-normal/arm64/resource_bundle_accessor.d --serialize-diagnostics /Users/emanuelflury/Library/Developer/Xcode/DerivedData/TaxedGmbH_IOS-gerngfqzuwudosgobknlgtoawnlj/Build/Intermediates.noindex/GoogleUtilities.build/Debug-iphoneos/GoogleUtilities-MethodSwizzler.build/Objects-normal/arm64/resource_bundle_accessor.dia -c /Users/emanuelflury/Library/Developer/Xcode/DerivedData/TaxedGmbH_IOS-gerngfqzuwudosgobknlgtoawnlj/Build/Intermediates.noindex/GoogleUtilities.build/Debug-iphoneos/GoogleUtilities-MethodSwizzler.build/DerivedSources/resource_bundle_accessor.m -o /Users/emanuelflury/Library/Developer/Xcode/DerivedData/TaxedGmbH_IOS-gerngfqzuwudosgobknlgtoawnlj/Build/Intermediates.noindex/GoogleUtilities.build/Debug-iphoneos/GoogleUtilities-MethodSwizzler.build/Objects-normal/arm64/resource_bundle_accessor.o -index-unit-output-path /GoogleUtilities.build/Debug-iphoneos/GoogleUtilities-MethodSwizzler.build/Objects-normal/arm64/resource_bundle_accessor.o

ScanDependencies /Users/emanuelflury/Library/Developer/Xcode/DerivedData/TaxedGmbH_IOS-gerngfqzuwudosgobknlgtoawnlj/Build/Intermediates.noindex/GoogleUtilities.build/Debug-iphoneos/GoogleUtilities-Network.build/Objects-normal/arm64/resource_bundle_accessor.o /Users/emanuelflury/Library/Developer/Xcode/DerivedData/TaxedGmbH_IOS-gerngfqzuwudosgobknlgtoawnlj/Build/Intermediates.noindex/GoogleUtilities.build/Debug-iphoneos/GoogleUtilities-Network.build/DerivedSources/resource_bundle_accessor.m normal arm64 objective-c com.apple.compilers.llvm.clang.1_0.compiler (in target 'GoogleUtilities-Network' from project 'GoogleUtilities')
    cd /Users/emanuelflury/github/TaxedGmbH_IOS/TaxedGmbH_IOS.xcodeproj
    
    Using response file: /Users/emanuelflury/Library/Developer/Xcode/DerivedData/TaxedGmbH_IOS-gerngfqzuwudosgobknlgtoawnlj/Build/Intermediates.noindex/GoogleUtilities.build/Debug-iphoneos/GoogleUtilities-Network.build/Objects-normal/arm64/e6072d4f65d7061329687fe24e3d63a7-common-args.resp
    
    builtin-ScanDependencies -o /Users/emanuelflury/Library/Developer/Xcode/DerivedData/TaxedGmbH_IOS-gerngfqzuwudosgobknlgtoawnlj/Build/Intermediates.noindex/GoogleUtilities.build/Debug-iphoneos/GoogleUtilities-Network.build/Objects-normal/arm64/resource_bundle_accessor.o.scan -- /Applications/Xcode.app/Contents/Developer/Toolchains/XcodeDefault.xctoolchain/usr/bin/clang -x objective-c -ivfsstatcache /Users/emanuelflury/Library/Developer/Xcode/DerivedData/SDKStatCaches.noindex/iphoneos26.1-23B77-69b33fc7382b27d9b5d46e82a00f8e78.sdkstatcache -fmessage-length\=0 -fdiagnostics-show-note-include-stack -fmacro-backtrace-limit\=0 -fno-color-diagnostics -fmodules-prune-interval\=86400 -fmodules-prune-after\=345600 -fbuild-session-file\=/Users/emanuelflury/Library/Developer/Xcode/DerivedData/ModuleCache.noindex/Session.modulevalidation -fmodules-validate-once-per-build-session -Wnon-modular-include-in-framework-module -Werror\=non-modular-include-in-framework-module -Wno-trigraphs -Wno-missing-field-initializers -Wno-missing-prototypes -Wno-return-type -Wno-implicit-atomic-properties -Wno-objc-interface-ivars -Wno-arc-repeated-use-of-weak -Wno-missing-braces -Wparentheses -Wswitch -Wno-unused-function -Wno-unused-label -Wno-unused-parameter -Wno-unused-variable -Wunused-value -Wno-empty-body -Wno-uninitialized -Wno-unknown-pragmas -w -Wno-shadow -Wno-four-char-constants -Wno-conversion -Wno-constant-conversion -Wno-int-conversion -Wno-bool-conversion -Wno-enum-conversion -Wno-float-conversion -Wno-non-literal-null-conversion -Wno-objc-literal-conversion -Wshorten-64-to-32 -Wpointer-sign -Wno-newline-eof -Wno-selector -Wno-strict-selector-match -Wno-undeclared-selector -Wno-deprecated-implementations -Wno-implicit-fallthrough -fstrict-aliasing -Wprotocol -Wdeprecated-declarations -Wno-sign-conversion -Wno-infinite-recursion -Wno-comma -Wno-block-capture-autoreleasing -Wno-strict-prototypes -Wno-semicolon-before-method-body -index-store-path /Users/emanuelflury/Library/Developer/Xcode/DerivedData/TaxedGmbH_IOS-gerngfqzuwudosgobknlgtoawnlj/Index.noindex/DataStore @/Users/emanuelflury/Library/Developer/Xcode/DerivedData/TaxedGmbH_IOS-gerngfqzuwudosgobknlgtoawnlj/Build/Intermediates.noindex/GoogleUtilities.build/Debug-iphoneos/GoogleUtilities-Network.build/Objects-normal/arm64/e6072d4f65d7061329687fe24e3d63a7-common-args.resp -include /Users/emanuelflury/Library/Developer/Xcode/DerivedData/TaxedGmbH_IOS-gerngfqzuwudosgobknlgtoawnlj/Build/Intermediates.noindex/GoogleUtilities.build/Debug-iphoneos/GoogleUtilities-Network.build/DerivedSources/resource_bundle_accessor.h -MMD -MT dependencies -MF /Users/emanuelflury/Library/Developer/Xcode/DerivedData/TaxedGmbH_IOS-gerngfqzuwudosgobknlgtoawnlj/Build/Intermediates.noindex/GoogleUtilities.build/Debug-iphoneos/GoogleUtilities-Network.build/Objects-normal/arm64/resource_bundle_accessor.d --serialize-diagnostics /Users/emanuelflury/Library/Developer/Xcode/DerivedData/TaxedGmbH_IOS-gerngfqzuwudosgobknlgtoawnlj/Build/Intermediates.noindex/GoogleUtilities.build/Debug-iphoneos/GoogleUtilities-Network.build/Objects-normal/arm64/resource_bundle_accessor.dia -c /Users/emanuelflury/Library/Developer/Xcode/DerivedData/TaxedGmbH_IOS-gerngfqzuwudosgobknlgtoawnlj/Build/Intermediates.noindex/GoogleUtilities.build/Debug-iphoneos/GoogleUtilities-Network.build/DerivedSources/resource_bundle_accessor.m -o /Users/emanuelflury/Library/Developer/Xcode/DerivedData/TaxedGmbH_IOS-gerngfqzuwudosgobknlgtoawnlj/Build/Intermediates.noindex/GoogleUtilities.build/Debug-iphoneos/GoogleUtilities-Network.build/Objects-normal/arm64/resource_bundle_accessor.o -index-unit-output-path /GoogleUtilities.build/Debug-iphoneos/GoogleUtilities-Network.build/Objects-normal/arm64/resource_bundle_accessor.o

ScanDependencies /Users/emanuelflury/Library/Developer/Xcode/DerivedData/TaxedGmbH_IOS-gerngfqzuwudosgobknlgtoawnlj/Build/Intermediates.noindex/GoogleUtilities.build/Debug-iphoneos/GoogleUtilities-Network.build/Objects-normal/arm64/GULNetworkURLSession.o /Users/emanuelflury/Library/Developer/Xcode/DerivedData/TaxedGmbH_IOS-gerngfqzuwudosgobknlgtoawnlj/SourcePackages/checkouts/GoogleUtilities/GoogleUtilities/Network/GULNetworkURLSession.m normal arm64 objective-c com.apple.compilers.llvm.clang.1_0.compiler (in target 'GoogleUtilities-Network' from project 'GoogleUtilities')
    cd /Users/emanuelflury/github/TaxedGmbH_IOS/TaxedGmbH_IOS.xcodeproj
    
    Using response file: /Users/emanuelflury/Library/Developer/Xcode/DerivedData/TaxedGmbH_IOS-gerngfqzuwudosgobknlgtoawnlj/Build/Intermediates.noindex/GoogleUtilities.build/Debug-iphoneos/GoogleUtilities-Network.build/Objects-normal/arm64/e6072d4f65d7061329687fe24e3d63a7-common-args.resp
    
    builtin-ScanDependencies -o /Users/emanuelflury/Library/Developer/Xcode/DerivedData/TaxedGmbH_IOS-gerngfqzuwudosgobknlgtoawnlj/Build/Intermediates.noindex/GoogleUtilities.build/Debug-iphoneos/GoogleUtilities-Network.build/Objects-normal/arm64/GULNetworkURLSession.o.scan -- /Applications/Xcode.app/Contents/Developer/Toolchains/XcodeDefault.xctoolchain/usr/bin/clang -x objective-c -ivfsstatcache /Users/emanuelflury/Library/Developer/Xcode/DerivedData/SDKStatCaches.noindex/iphoneos26.1-23B77-69b33fc7382b27d9b5d46e82a00f8e78.sdkstatcache -fmessage-length\=0 -fdiagnostics-show-note-include-stack -fmacro-backtrace-limit\=0 -fno-color-diagnostics -fmodules-prune-interval\=86400 -fmodules-prune-after\=345600 -fbuild-session-file\=/Users/emanuelflury/Library/Developer/Xcode/DerivedData/ModuleCache.noindex/Session.modulevalidation -fmodules-validate-once-per-build-session -Wnon-modular-include-in-framework-module -Werror\=non-modular-include-in-framework-module -Wno-trigraphs -Wno-missing-field-initializers -Wno-missing-prototypes -Wno-return-type -Wno-implicit-atomic-properties -Wno-objc-interface-ivars -Wno-arc-repeated-use-of-weak -Wno-missing-braces -Wparentheses -Wswitch -Wno-unused-function -Wno-unused-label -Wno-unused-parameter -Wno-unused-variable -Wunused-value -Wno-empty-body -Wno-uninitialized -Wno-unknown-pragmas -w -Wno-shadow -Wno-four-char-constants -Wno-conversion -Wno-constant-conversion -Wno-int-conversion -Wno-bool-conversion -Wno-enum-conversion -Wno-float-conversion -Wno-non-literal-null-conversion -Wno-objc-literal-conversion -Wshorten-64-to-32 -Wpointer-sign -Wno-newline-eof -Wno-selector -Wno-strict-selector-match -Wno-undeclared-selector -Wno-deprecated-implementations -Wno-implicit-fallthrough -fstrict-aliasing -Wprotocol -Wdeprecated-declarations -Wno-sign-conversion -Wno-infinite-recursion -Wno-comma -Wno-block-capture-autoreleasing -Wno-strict-prototypes -Wno-semicolon-before-method-body -index-store-path /Users/emanuelflury/Library/Developer/Xcode/DerivedData/TaxedGmbH_IOS-gerngfqzuwudosgobknlgtoawnlj/Index.noindex/DataStore @/Users/emanuelflury/Library/Developer/Xcode/DerivedData/TaxedGmbH_IOS-gerngfqzuwudosgobknlgtoawnlj/Build/Intermediates.noindex/GoogleUtilities.build/Debug-iphoneos/GoogleUtilities-Network.build/Objects-normal/arm64/e6072d4f65d7061329687fe24e3d63a7-common-args.resp -include /Users/emanuelflury/Library/Developer/Xcode/DerivedData/TaxedGmbH_IOS-gerngfqzuwudosgobknlgtoawnlj/Build/Intermediates.noindex/GoogleUtilities.build/Debug-iphoneos/GoogleUtilities-Network.build/DerivedSources/resource_bundle_accessor.h -MMD -MT dependencies -MF /Users/emanuelflury/Library/Developer/Xcode/DerivedData/TaxedGmbH_IOS-gerngfqzuwudosgobknlgtoawnlj/Build/Intermediates.noindex/GoogleUtilities.build/Debug-iphoneos/GoogleUtilities-Network.build/Objects-normal/arm64/GULNetworkURLSession.d --serialize-diagnostics /Users/emanuelflury/Library/Developer/Xcode/DerivedData/TaxedGmbH_IOS-gerngfqzuwudosgobknlgtoawnlj/Build/Intermediates.noindex/GoogleUtilities.build/Debug-iphoneos/GoogleUtilities-Network.build/Objects-normal/arm64/GULNetworkURLSession.dia -c /Users/emanuelflury/Library/Developer/Xcode/DerivedData/TaxedGmbH_IOS-gerngfqzuwudosgobknlgtoawnlj/SourcePackages/checkouts/GoogleUtilities/GoogleUtilities/Network/GULNetworkURLSession.m -o /Users/emanuelflury/Library/Developer/Xcode/DerivedData/TaxedGmbH_IOS-gerngfqzuwudosgobknlgtoawnlj/Build/Intermediates.noindex/GoogleUtilities.build/Debug-iphoneos/GoogleUtilities-Network.build/Objects-normal/arm64/GULNetworkURLSession.o -index-unit-output-path /GoogleUtilities.build/Debug-iphoneos/GoogleUtilities-Network.build/Objects-normal/arm64/GULNetworkURLSession.o

ScanDependencies /Users/emanuelflury/Library/Developer/Xcode/DerivedData/TaxedGmbH_IOS-gerngfqzuwudosgobknlgtoawnlj/Build/Intermediates.noindex/GoogleUtilities.build/Debug-iphoneos/GoogleUtilities-Network.build/Objects-normal/arm64/GULNetworkConstants.o /Users/emanuelflury/Library/Developer/Xcode/DerivedData/TaxedGmbH_IOS-gerngfqzuwudosgobknlgtoawnlj/SourcePackages/checkouts/GoogleUtilities/GoogleUtilities/Network/GULNetworkConstants.m normal arm64 objective-c com.apple.compilers.llvm.clang.1_0.compiler (in target 'GoogleUtilities-Network' from project 'GoogleUtilities')
    cd /Users/emanuelflury/github/TaxedGmbH_IOS/TaxedGmbH_IOS.xcodeproj
    
    Using response file: /Users/emanuelflury/Library/Developer/Xcode/DerivedData/TaxedGmbH_IOS-gerngfqzuwudosgobknlgtoawnlj/Build/Intermediates.noindex/GoogleUtilities.build/Debug-iphoneos/GoogleUtilities-Network.build/Objects-normal/arm64/e6072d4f65d7061329687fe24e3d63a7-common-args.resp
    
    builtin-ScanDependencies -o /Users/emanuelflury/Library/Developer/Xcode/DerivedData/TaxedGmbH_IOS-gerngfqzuwudosgobknlgtoawnlj/Build/Intermediates.noindex/GoogleUtilities.build/Debug-iphoneos/GoogleUtilities-Network.build/Objects-normal/arm64/GULNetworkConstants.o.scan -- /Applications/Xcode.app/Contents/Developer/Toolchains/XcodeDefault.xctoolchain/usr/bin/clang -x objective-c -ivfsstatcache /Users/emanuelflury/Library/Developer/Xcode/DerivedData/SDKStatCaches.noindex/iphoneos26.1-23B77-69b33fc7382b27d9b5d46e82a00f8e78.sdkstatcache -fmessage-length\=0 -fdiagnostics-show-note-include-stack -fmacro-backtrace-limit\=0 -fno-color-diagnostics -fmodules-prune-interval\=86400 -fmodules-prune-after\=345600 -fbuild-session-file\=/Users/emanuelflury/Library/Developer/Xcode/DerivedData/ModuleCache.noindex/Session.modulevalidation -fmodules-validate-once-per-build-session -Wnon-modular-include-in-framework-module -Werror\=non-modular-include-in-framework-module -Wno-trigraphs -Wno-missing-field-initializers -Wno-missing-prototypes -Wno-return-type -Wno-implicit-atomic-properties -Wno-objc-interface-ivars -Wno-arc-repeated-use-of-weak -Wno-missing-braces -Wparentheses -Wswitch -Wno-unused-function -Wno-unused-label -Wno-unused-parameter -Wno-unused-variable -Wunused-value -Wno-empty-body -Wno-uninitialized -Wno-unknown-pragmas -w -Wno-shadow -Wno-four-char-constants -Wno-conversion -Wno-constant-conversion -Wno-int-conversion -Wno-bool-conversion -Wno-enum-conversion -Wno-float-conversion -Wno-non-literal-null-conversion -Wno-objc-literal-conversion -Wshorten-64-to-32 -Wpointer-sign -Wno-newline-eof -Wno-selector -Wno-strict-selector-match -Wno-undeclared-selector -Wno-deprecated-implementations -Wno-implicit-fallthrough -fstrict-aliasing -Wprotocol -Wdeprecated-declarations -Wno-sign-conversion -Wno-infinite-recursion -Wno-comma -Wno-block-capture-autoreleasing -Wno-strict-prototypes -Wno-semicolon-before-method-body -index-store-path /Users/emanuelflury/Library/Developer/Xcode/DerivedData/TaxedGmbH_IOS-gerngfqzuwudosgobknlgtoawnlj/Index.noindex/DataStore @/Users/emanuelflury/Library/Developer/Xcode/DerivedData/TaxedGmbH_IOS-gerngfqzuwudosgobknlgtoawnlj/Build/Intermediates.noindex/GoogleUtilities.build/Debug-iphoneos/GoogleUtilities-Network.build/Objects-normal/arm64/e6072d4f65d7061329687fe24e3d63a7-common-args.resp -include /Users/emanuelflury/Library/Developer/Xcode/DerivedData/TaxedGmbH_IOS-gerngfqzuwudosgobknlgtoawnlj/Build/Intermediates.noindex/GoogleUtilities.build/Debug-iphoneos/GoogleUtilities-Network.build/DerivedSources/resource_bundle_accessor.h -MMD -MT dependencies -MF /Users/emanuelflury/Library/Developer/Xcode/DerivedData/TaxedGmbH_IOS-gerngfqzuwudosgobknlgtoawnlj/Build/Intermediates.noindex/GoogleUtilities.build/Debug-iphoneos/GoogleUtilities-Network.build/Objects-normal/arm64/GULNetworkConstants.d --serialize-diagnostics /Users/emanuelflury/Library/Developer/Xcode/DerivedData/TaxedGmbH_IOS-gerngfqzuwudosgobknlgtoawnlj/Build/Intermediates.noindex/GoogleUtilities.build/Debug-iphoneos/GoogleUtilities-Network.build/Objects-normal/arm64/GULNetworkConstants.dia -c /Users/emanuelflury/Library/Developer/Xcode/DerivedData/TaxedGmbH_IOS-gerngfqzuwudosgobknlgtoawnlj/SourcePackages/checkouts/GoogleUtilities/GoogleUtilities/Network/GULNetworkConstants.m -o /Users/emanuelflury/Library/Developer/Xcode/DerivedData/TaxedGmbH_IOS-gerngfqzuwudosgobknlgtoawnlj/Build/Intermediates.noindex/GoogleUtilities.build/Debug-iphoneos/GoogleUtilities-Network.build/Objects-normal/arm64/GULNetworkConstants.o -index-unit-output-path /GoogleUtilities.build/Debug-iphoneos/GoogleUtilities-Network.build/Objects-normal/arm64/GULNetworkConstants.o

WriteAuxiliaryFile /Users/emanuelflury/Library/Developer/Xcode/DerivedData/TaxedGmbH_IOS-gerngfqzuwudosgobknlgtoawnlj/Build/Intermediates.noindex/abseil.build/Debug-iphoneos/abslWrapper.build/abslWrapper.modulemap (in target 'abslWrapper' from project 'abseil')
    cd /Users/emanuelflury/Library/Developer/Xcode/DerivedData/TaxedGmbH_IOS-gerngfqzuwudosgobknlgtoawnlj/SourcePackages/checkouts/abseil-cpp-binary
    write-file /Users/emanuelflury/Library/Developer/Xcode/DerivedData/TaxedGmbH_IOS-gerngfqzuwudosgobknlgtoawnlj/Build/Intermediates.noindex/abseil.build/Debug-iphoneos/abslWrapper.build/abslWrapper.modulemap

WriteAuxiliaryFile /Users/emanuelflury/Library/Developer/Xcode/DerivedData/TaxedGmbH_IOS-gerngfqzuwudosgobknlgtoawnlj/Build/Intermediates.noindex/abseil.build/Debug-iphoneos/abslWrapper.build/abslWrapper.DependencyStaticMetadataFileList (in target 'abslWrapper' from project 'abseil')
    cd /Users/emanuelflury/Library/Developer/Xcode/DerivedData/TaxedGmbH_IOS-gerngfqzuwudosgobknlgtoawnlj/SourcePackages/checkouts/abseil-cpp-binary
    write-file /Users/emanuelflury/Library/Developer/Xcode/DerivedData/TaxedGmbH_IOS-gerngfqzuwudosgobknlgtoawnlj/Build/Intermediates.noindex/abseil.build/Debug-iphoneos/abslWrapper.build/abslWrapper.DependencyStaticMetadataFileList

WriteAuxiliaryFile /Users/emanuelflury/Library/Developer/Xcode/DerivedData/TaxedGmbH_IOS-gerngfqzuwudosgobknlgtoawnlj/Build/Intermediates.noindex/abseil.build/Debug-iphoneos/abslWrapper.build/abslWrapper.DependencyMetadataFileList (in target 'abslWrapper' from project 'abseil')
    cd /Users/emanuelflury/Library/Developer/Xcode/DerivedData/TaxedGmbH_IOS-gerngfqzuwudosgobknlgtoawnlj/SourcePackages/checkouts/abseil-cpp-binary
    write-file /Users/emanuelflury/Library/Developer/Xcode/DerivedData/TaxedGmbH_IOS-gerngfqzuwudosgobknlgtoawnlj/Build/Intermediates.noindex/abseil.build/Debug-iphoneos/abslWrapper.build/abslWrapper.DependencyMetadataFileList

WriteAuxiliaryFile /Users/emanuelflury/Library/Developer/Xcode/DerivedData/TaxedGmbH_IOS-gerngfqzuwudosgobknlgtoawnlj/Build/Intermediates.noindex/abseil.build/Debug-iphoneos/abslWrapper.build/Objects-normal/arm64/e6072d4f65d7061329687fe24e3d63a7-common-args.resp (in target 'abslWrapper' from project 'abseil')
    cd /Users/emanuelflury/Library/Developer/Xcode/DerivedData/TaxedGmbH_IOS-gerngfqzuwudosgobknlgtoawnlj/SourcePackages/checkouts/abseil-cpp-binary
    write-file /Users/emanuelflury/Library/Developer/Xcode/DerivedData/TaxedGmbH_IOS-gerngfqzuwudosgobknlgtoawnlj/Build/Intermediates.noindex/abseil.build/Debug-iphoneos/abslWrapper.build/Objects-normal/arm64/e6072d4f65d7061329687fe24e3d63a7-common-args.resp
-target arm64-apple-ios12.0 -fobjc-arc -fmodules -gmodules '-fmodules-cache-path=/Users/emanuelflury/Library/Developer/Xcode/DerivedData/ModuleCache.noindex' '-fmodule-name=abslWrapper' -fpascal-strings -O0 -DSWIFT_PACKAGE '-DDEBUG=1' '-DOBJC_OLD_DISPATCH_PROTOTYPES=1' -isysroot /Applications/Xcode.app/Contents/Developer/Platforms/iPhoneOS.platform/Developer/SDKs/iPhoneOS26.1.sdk -g -fprofile-instr-generate -fcoverage-mapping -I/Users/emanuelflury/Library/Developer/Xcode/DerivedData/TaxedGmbH_IOS-gerngfqzuwudosgobknlgtoawnlj/Build/Products/Debug-iphoneos/include -I/Users/emanuelflury/Library/Developer/Xcode/DerivedData/TaxedGmbH_IOS-gerngfqzuwudosgobknlgtoawnlj/SourcePackages/checkouts/abseil-cpp-binary/absl-Wrapper/include -I/Users/emanuelflury/Library/Developer/Xcode/DerivedData/TaxedGmbH_IOS-gerngfqzuwudosgobknlgtoawnlj/Build/Intermediates.noindex/abseil.build/Debug-iphoneos/abslWrapper.build/DerivedSources-normal/arm64 -I/Users/emanuelflury/Library/Developer/Xcode/DerivedData/TaxedGmbH_IOS-gerngfqzuwudosgobknlgtoawnlj/Build/Intermediates.noindex/abseil.build/Debug-iphoneos/abslWrapper.build/DerivedSources/arm64 -I/Users/emanuelflury/Library/Developer/Xcode/DerivedData/TaxedGmbH_IOS-gerngfqzuwudosgobknlgtoawnlj/Build/Intermediates.noindex/abseil.build/Debug-iphoneos/abslWrapper.build/DerivedSources -F/Users/emanuelflury/Library/Developer/Xcode/DerivedData/TaxedGmbH_IOS-gerngfqzuwudosgobknlgtoawnlj/Build/Products/Debug-iphoneos -iframework /Applications/Xcode.app/Contents/Developer/Platforms/iPhoneOS.platform/Developer/Library/Frameworks -iframework /Applications/Xcode.app/Contents/Developer/Platforms/iPhoneOS.platform/Developer/SDKs/iPhoneOS26.1.sdk/Developer/Library/Frameworks -DXcode

WriteAuxiliaryFile /Users/emanuelflury/Library/Developer/Xcode/DerivedData/TaxedGmbH_IOS-gerngfqzuwudosgobknlgtoawnlj/Build/Intermediates.noindex/abseil.build/Debug-iphoneos/abslWrapper.build/Objects-normal/arm64/abslWrapper.LinkFileList (in target 'abslWrapper' from project 'abseil')
    cd /Users/emanuelflury/Library/Developer/Xcode/DerivedData/TaxedGmbH_IOS-gerngfqzuwudosgobknlgtoawnlj/SourcePackages/checkouts/abseil-cpp-binary
    write-file /Users/emanuelflury/Library/Developer/Xcode/DerivedData/TaxedGmbH_IOS-gerngfqzuwudosgobknlgtoawnlj/Build/Intermediates.noindex/abseil.build/Debug-iphoneos/abslWrapper.build/Objects-normal/arm64/abslWrapper.LinkFileList

WriteAuxiliaryFile /Users/emanuelflury/Library/Developer/Xcode/DerivedData/TaxedGmbH_IOS-gerngfqzuwudosgobknlgtoawnlj/Build/Intermediates.noindex/abseil.build/Debug-iphoneos/abslWrapper.build/DerivedSources/resource_bundle_accessor.m (in target 'abslWrapper' from project 'abseil')
    cd /Users/emanuelflury/Library/Developer/Xcode/DerivedData/TaxedGmbH_IOS-gerngfqzuwudosgobknlgtoawnlj/SourcePackages/checkouts/abseil-cpp-binary
    write-file /Users/emanuelflury/Library/Developer/Xcode/DerivedData/TaxedGmbH_IOS-gerngfqzuwudosgobknlgtoawnlj/Build/Intermediates.noindex/abseil.build/Debug-iphoneos/abslWrapper.build/DerivedSources/resource_bundle_accessor.m

WriteAuxiliaryFile /Users/emanuelflury/Library/Developer/Xcode/DerivedData/TaxedGmbH_IOS-gerngfqzuwudosgobknlgtoawnlj/Build/Intermediates.noindex/abseil.build/Debug-iphoneos/abslWrapper.build/DerivedSources/resource_bundle_accessor.h (in target 'abslWrapper' from project 'abseil')
    cd /Users/emanuelflury/Library/Developer/Xcode/DerivedData/TaxedGmbH_IOS-gerngfqzuwudosgobknlgtoawnlj/SourcePackages/checkouts/abseil-cpp-binary
    write-file /Users/emanuelflury/Library/Developer/Xcode/DerivedData/TaxedGmbH_IOS-gerngfqzuwudosgobknlgtoawnlj/Build/Intermediates.noindex/abseil.build/Debug-iphoneos/abslWrapper.build/DerivedSources/resource_bundle_accessor.h

Copy /Users/emanuelflury/Library/Developer/Xcode/DerivedData/TaxedGmbH_IOS-gerngfqzuwudosgobknlgtoawnlj/Build/Intermediates.noindex/GeneratedModuleMaps-iphoneos/abslWrapper.modulemap /Users/emanuelflury/Library/Developer/Xcode/DerivedData/TaxedGmbH_IOS-gerngfqzuwudosgobknlgtoawnlj/Build/Intermediates.noindex/abseil.build/Debug-iphoneos/abslWrapper.build/abslWrapper.modulemap (in target 'abslWrapper' from project 'abseil')
    cd /Users/emanuelflury/Library/Developer/Xcode/DerivedData/TaxedGmbH_IOS-gerngfqzuwudosgobknlgtoawnlj/SourcePackages/checkouts/abseil-cpp-binary
    builtin-copy -exclude .DS_Store -exclude CVS -exclude .svn -exclude .git -exclude .hg -resolve-src-symlinks /Users/emanuelflury/Library/Developer/Xcode/DerivedData/TaxedGmbH_IOS-gerngfqzuwudosgobknlgtoawnlj/Build/Intermediates.noindex/abseil.build/Debug-iphoneos/abslWrapper.build/abslWrapper.modulemap /Users/emanuelflury/Library/Developer/Xcode/DerivedData/TaxedGmbH_IOS-gerngfqzuwudosgobknlgtoawnlj/Build/Intermediates.noindex/GeneratedModuleMaps-iphoneos

PrecompileModule /Users/emanuelflury/Library/Developer/Xcode/DerivedData/TaxedGmbH_IOS-gerngfqzuwudosgobknlgtoawnlj/Build/Intermediates.noindex/ExplicitPrecompiledModules/ImageIO-ANPX6PW2U7SVIU15OE3WX8HX5.scan
    cd /
    builtin-precompileModule /Users/emanuelflury/Library/Developer/Xcode/DerivedData/TaxedGmbH_IOS-gerngfqzuwudosgobknlgtoawnlj/Build/Intermediates.noindex/ExplicitPrecompiledModules/ImageIO-ANPX6PW2U7SVIU15OE3WX8HX5.scan

PrecompileModule /Users/emanuelflury/Library/Developer/Xcode/DerivedData/TaxedGmbH_IOS-gerngfqzuwudosgobknlgtoawnlj/Build/Intermediates.noindex/ExplicitPrecompiledModules/CoreText-8EPQ0JT7USRICM9GUT2G5ULYT.scan
    cd /
    builtin-precompileModule /Users/emanuelflury/Library/Developer/Xcode/DerivedData/TaxedGmbH_IOS-gerngfqzuwudosgobknlgtoawnlj/Build/Intermediates.noindex/ExplicitPrecompiledModules/CoreText-8EPQ0JT7USRICM9GUT2G5ULYT.scan

ScanDependencies /Users/emanuelflury/Library/Developer/Xcode/DerivedData/TaxedGmbH_IOS-gerngfqzuwudosgobknlgtoawnlj/Build/Intermediates.noindex/GoogleUtilities.build/Debug-iphoneos/GoogleUtilities-Network.build/Objects-normal/arm64/GULNetwork.o /Users/emanuelflury/Library/Developer/Xcode/DerivedData/TaxedGmbH_IOS-gerngfqzuwudosgobknlgtoawnlj/SourcePackages/checkouts/GoogleUtilities/GoogleUtilities/Network/GULNetwork.m normal arm64 objective-c com.apple.compilers.llvm.clang.1_0.compiler (in target 'GoogleUtilities-Network' from project 'GoogleUtilities')
    cd /Users/emanuelflury/github/TaxedGmbH_IOS/TaxedGmbH_IOS.xcodeproj
    
    Using response file: /Users/emanuelflury/Library/Developer/Xcode/DerivedData/TaxedGmbH_IOS-gerngfqzuwudosgobknlgtoawnlj/Build/Intermediates.noindex/GoogleUtilities.build/Debug-iphoneos/GoogleUtilities-Network.build/Objects-normal/arm64/e6072d4f65d7061329687fe24e3d63a7-common-args.resp
    
    builtin-ScanDependencies -o /Users/emanuelflury/Library/Developer/Xcode/DerivedData/TaxedGmbH_IOS-gerngfqzuwudosgobknlgtoawnlj/Build/Intermediates.noindex/GoogleUtilities.build/Debug-iphoneos/GoogleUtilities-Network.build/Objects-normal/arm64/GULNetwork.o.scan -- /Applications/Xcode.app/Contents/Developer/Toolchains/XcodeDefault.xctoolchain/usr/bin/clang -x objective-c -ivfsstatcache /Users/emanuelflury/Library/Developer/Xcode/DerivedData/SDKStatCaches.noindex/iphoneos26.1-23B77-69b33fc7382b27d9b5d46e82a00f8e78.sdkstatcache -fmessage-length\=0 -fdiagnostics-show-note-include-stack -fmacro-backtrace-limit\=0 -fno-color-diagnostics -fmodules-prune-interval\=86400 -fmodules-prune-after\=345600 -fbuild-session-file\=/Users/emanuelflury/Library/Developer/Xcode/DerivedData/ModuleCache.noindex/Session.modulevalidation -fmodules-validate-once-per-build-session -Wnon-modular-include-in-framework-module -Werror\=non-modular-include-in-framework-module -Wno-trigraphs -Wno-missing-field-initializers -Wno-missing-prototypes -Wno-return-type -Wno-implicit-atomic-properties -Wno-objc-interface-ivars -Wno-arc-repeated-use-of-weak -Wno-missing-braces -Wparentheses -Wswitch -Wno-unused-function -Wno-unused-label -Wno-unused-parameter -Wno-unused-variable -Wunused-value -Wno-empty-body -Wno-uninitialized -Wno-unknown-pragmas -w -Wno-shadow -Wno-four-char-constants -Wno-conversion -Wno-constant-conversion -Wno-int-conversion -Wno-bool-conversion -Wno-enum-conversion -Wno-float-conversion -Wno-non-literal-null-conversion -Wno-objc-literal-conversion -Wshorten-64-to-32 -Wpointer-sign -Wno-newline-eof -Wno-selector -Wno-strict-selector-match -Wno-undeclared-selector -Wno-deprecated-implementations -Wno-implicit-fallthrough -fstrict-aliasing -Wprotocol -Wdeprecated-declarations -Wno-sign-conversion -Wno-infinite-recursion -Wno-comma -Wno-block-capture-autoreleasing -Wno-strict-prototypes -Wno-semicolon-before-method-body -index-store-path /Users/emanuelflury/Library/Developer/Xcode/DerivedData/TaxedGmbH_IOS-gerngfqzuwudosgobknlgtoawnlj/Index.noindex/DataStore @/Users/emanuelflury/Library/Developer/Xcode/DerivedData/TaxedGmbH_IOS-gerngfqzuwudosgobknlgtoawnlj/Build/Intermediates.noindex/GoogleUtilities.build/Debug-iphoneos/GoogleUtilities-Network.build/Objects-normal/arm64/e6072d4f65d7061329687fe24e3d63a7-common-args.resp -include /Users/emanuelflury/Library/Developer/Xcode/DerivedData/TaxedGmbH_IOS-gerngfqzuwudosgobknlgtoawnlj/Build/Intermediates.noindex/GoogleUtilities.build/Debug-iphoneos/GoogleUtilities-Network.build/DerivedSources/resource_bundle_accessor.h -MMD -MT dependencies -MF /Users/emanuelflury/Library/Developer/Xcode/DerivedData/TaxedGmbH_IOS-gerngfqzuwudosgobknlgtoawnlj/Build/Intermediates.noindex/GoogleUtilities.build/Debug-iphoneos/GoogleUtilities-Network.build/Objects-normal/arm64/GULNetwork.d --serialize-diagnostics /Users/emanuelflury/Library/Developer/Xcode/DerivedData/TaxedGmbH_IOS-gerngfqzuwudosgobknlgtoawnlj/Build/Intermediates.noindex/GoogleUtilities.build/Debug-iphoneos/GoogleUtilities-Network.build/Objects-normal/arm64/GULNetwork.dia -c /Users/emanuelflury/Library/Developer/Xcode/DerivedData/TaxedGmbH_IOS-gerngfqzuwudosgobknlgtoawnlj/SourcePackages/checkouts/GoogleUtilities/GoogleUtilities/Network/GULNetwork.m -o /Users/emanuelflury/Library/Developer/Xcode/DerivedData/TaxedGmbH_IOS-gerngfqzuwudosgobknlgtoawnlj/Build/Intermediates.noindex/GoogleUtilities.build/Debug-iphoneos/GoogleUtilities-Network.build/Objects-normal/arm64/GULNetwork.o -index-unit-output-path /GoogleUtilities.build/Debug-iphoneos/GoogleUtilities-Network.build/Objects-normal/arm64/GULNetwork.o

PrecompileModule /Users/emanuelflury/Library/Developer/Xcode/DerivedData/TaxedGmbH_IOS-gerngfqzuwudosgobknlgtoawnlj/Build/Intermediates.noindex/ExplicitPrecompiledModules/CoreGraphics-EQWOQH982SELR5Z34H4UWVGTH.scan
    cd /
    builtin-precompileModule /Users/emanuelflury/Library/Developer/Xcode/DerivedData/TaxedGmbH_IOS-gerngfqzuwudosgobknlgtoawnlj/Build/Intermediates.noindex/ExplicitPrecompiledModules/CoreGraphics-EQWOQH982SELR5Z34H4UWVGTH.scan

PrecompileModule /Users/emanuelflury/Library/Developer/Xcode/DerivedData/TaxedGmbH_IOS-gerngfqzuwudosgobknlgtoawnlj/Build/Intermediates.noindex/ExplicitPrecompiledModules/Security-9XYHDVRR3H980T4T7JH00NRJ8.scan
    cd /
    builtin-precompileModule /Users/emanuelflury/Library/Developer/Xcode/DerivedData/TaxedGmbH_IOS-gerngfqzuwudosgobknlgtoawnlj/Build/Intermediates.noindex/ExplicitPrecompiledModules/Security-9XYHDVRR3H980T4T7JH00NRJ8.scan

PrecompileModule /Users/emanuelflury/Library/Developer/Xcode/DerivedData/TaxedGmbH_IOS-gerngfqzuwudosgobknlgtoawnlj/Build/Intermediates.noindex/ExplicitPrecompiledModules/CFNetwork-3PBRVLDRQE6A0DGW9AFH1UXTB.scan
    cd /
    builtin-precompileModule /Users/emanuelflury/Library/Developer/Xcode/DerivedData/TaxedGmbH_IOS-gerngfqzuwudosgobknlgtoawnlj/Build/Intermediates.noindex/ExplicitPrecompiledModules/CFNetwork-3PBRVLDRQE6A0DGW9AFH1UXTB.scan

PrecompileModule /Users/emanuelflury/Library/Developer/Xcode/DerivedData/TaxedGmbH_IOS-gerngfqzuwudosgobknlgtoawnlj/Build/Intermediates.noindex/ExplicitPrecompiledModules/ObjectiveC-88I4YDJ1L3L75NQ9B9WYVTZ95.scan
    cd /
    builtin-precompileModule /Users/emanuelflury/Library/Developer/Xcode/DerivedData/TaxedGmbH_IOS-gerngfqzuwudosgobknlgtoawnlj/Build/Intermediates.noindex/ExplicitPrecompiledModules/ObjectiveC-88I4YDJ1L3L75NQ9B9WYVTZ95.scan

ScanDependencies /Users/emanuelflury/Library/Developer/Xcode/DerivedData/TaxedGmbH_IOS-gerngfqzuwudosgobknlgtoawnlj/Build/Intermediates.noindex/GoogleUtilities.build/Debug-iphoneos/GoogleUtilities-Network.build/Objects-normal/arm64/GULMutableDictionary.o /Users/emanuelflury/Library/Developer/Xcode/DerivedData/TaxedGmbH_IOS-gerngfqzuwudosgobknlgtoawnlj/SourcePackages/checkouts/GoogleUtilities/GoogleUtilities/Network/GULMutableDictionary.m normal arm64 objective-c com.apple.compilers.llvm.clang.1_0.compiler (in target 'GoogleUtilities-Network' from project 'GoogleUtilities')
    cd /Users/emanuelflury/github/TaxedGmbH_IOS/TaxedGmbH_IOS.xcodeproj
    
    Using response file: /Users/emanuelflury/Library/Developer/Xcode/DerivedData/TaxedGmbH_IOS-gerngfqzuwudosgobknlgtoawnlj/Build/Intermediates.noindex/GoogleUtilities.build/Debug-iphoneos/GoogleUtilities-Network.build/Objects-normal/arm64/e6072d4f65d7061329687fe24e3d63a7-common-args.resp
    
    builtin-ScanDependencies -o /Users/emanuelflury/Library/Developer/Xcode/DerivedData/TaxedGmbH_IOS-gerngfqzuwudosgobknlgtoawnlj/Build/Intermediates.noindex/GoogleUtilities.build/Debug-iphoneos/GoogleUtilities-Network.build/Objects-normal/arm64/GULMutableDictionary.o.scan -- /Applications/Xcode.app/Contents/Developer/Toolchains/XcodeDefault.xctoolchain/usr/bin/clang -x objective-c -ivfsstatcache /Users/emanuelflury/Library/Developer/Xcode/DerivedData/SDKStatCaches.noindex/iphoneos26.1-23B77-69b33fc7382b27d9b5d46e82a00f8e78.sdkstatcache -fmessage-length\=0 -fdiagnostics-show-note-include-stack -fmacro-backtrace-limit\=0 -fno-color-diagnostics -fmodules-prune-interval\=86400 -fmodules-prune-after\=345600 -fbuild-session-file\=/Users/emanuelflury/Library/Developer/Xcode/DerivedData/ModuleCache.noindex/Session.modulevalidation -fmodules-validate-once-per-build-session -Wnon-modular-include-in-framework-module -Werror\=non-modular-include-in-framework-module -Wno-trigraphs -Wno-missing-field-initializers -Wno-missing-prototypes -Wno-return-type -Wno-implicit-atomic-properties -Wno-objc-interface-ivars -Wno-arc-repeated-use-of-weak -Wno-missing-braces -Wparentheses -Wswitch -Wno-unused-function -Wno-unused-label -Wno-unused-parameter -Wno-unused-variable -Wunused-value -Wno-empty-body -Wno-uninitialized -Wno-unknown-pragmas -w -Wno-shadow -Wno-four-char-constants -Wno-conversion -Wno-constant-conversion -Wno-int-conversion -Wno-bool-conversion -Wno-enum-conversion -Wno-float-conversion -Wno-non-literal-null-conversion -Wno-objc-literal-conversion -Wshorten-64-to-32 -Wpointer-sign -Wno-newline-eof -Wno-selector -Wno-strict-selector-match -Wno-undeclared-selector -Wno-deprecated-implementations -Wno-implicit-fallthrough -fstrict-aliasing -Wprotocol -Wdeprecated-declarations -Wno-sign-conversion -Wno-infinite-recursion -Wno-comma -Wno-block-capture-autoreleasing -Wno-strict-prototypes -Wno-semicolon-before-method-body -index-store-path /Users/emanuelflury/Library/Developer/Xcode/DerivedData/TaxedGmbH_IOS-gerngfqzuwudosgobknlgtoawnlj/Index.noindex/DataStore @/Users/emanuelflury/Library/Developer/Xcode/DerivedData/TaxedGmbH_IOS-gerngfqzuwudosgobknlgtoawnlj/Build/Intermediates.noindex/GoogleUtilities.build/Debug-iphoneos/GoogleUtilities-Network.build/Objects-normal/arm64/e6072d4f65d7061329687fe24e3d63a7-common-args.resp -include /Users/emanuelflury/Library/Developer/Xcode/DerivedData/TaxedGmbH_IOS-gerngfqzuwudosgobknlgtoawnlj/Build/Intermediates.noindex/GoogleUtilities.build/Debug-iphoneos/GoogleUtilities-Network.build/DerivedSources/resource_bundle_accessor.h -MMD -MT dependencies -MF /Users/emanuelflury/Library/Developer/Xcode/DerivedData/TaxedGmbH_IOS-gerngfqzuwudosgobknlgtoawnlj/Build/Intermediates.noindex/GoogleUtilities.build/Debug-iphoneos/GoogleUtilities-Network.build/Objects-normal/arm64/GULMutableDictionary.d --serialize-diagnostics /Users/emanuelflury/Library/Developer/Xcode/DerivedData/TaxedGmbH_IOS-gerngfqzuwudosgobknlgtoawnlj/Build/Intermediates.noindex/GoogleUtilities.build/Debug-iphoneos/GoogleUtilities-Network.build/Objects-normal/arm64/GULMutableDictionary.dia -c /Users/emanuelflury/Library/Developer/Xcode/DerivedData/TaxedGmbH_IOS-gerngfqzuwudosgobknlgtoawnlj/SourcePackages/checkouts/GoogleUtilities/GoogleUtilities/Network/GULMutableDictionary.m -o /Users/emanuelflury/Library/Developer/Xcode/DerivedData/TaxedGmbH_IOS-gerngfqzuwudosgobknlgtoawnlj/Build/Intermediates.noindex/GoogleUtilities.build/Debug-iphoneos/GoogleUtilities-Network.build/Objects-normal/arm64/GULMutableDictionary.o -index-unit-output-path /GoogleUtilities.build/Debug-iphoneos/GoogleUtilities-Network.build/Objects-normal/arm64/GULMutableDictionary.o

ScanDependencies /Users/emanuelflury/Library/Developer/Xcode/DerivedData/TaxedGmbH_IOS-gerngfqzuwudosgobknlgtoawnlj/Build/Intermediates.noindex/GoogleUtilities.build/Debug-iphoneos/GoogleUtilities-MethodSwizzler.build/Objects-normal/arm64/GULSwizzler.o /Users/emanuelflury/Library/Developer/Xcode/DerivedData/TaxedGmbH_IOS-gerngfqzuwudosgobknlgtoawnlj/SourcePackages/checkouts/GoogleUtilities/GoogleUtilities/MethodSwizzler/GULSwizzler.m normal arm64 objective-c com.apple.compilers.llvm.clang.1_0.compiler (in target 'GoogleUtilities-MethodSwizzler' from project 'GoogleUtilities')
    cd /Users/emanuelflury/github/TaxedGmbH_IOS/TaxedGmbH_IOS.xcodeproj
    
    Using response file: /Users/emanuelflury/Library/Developer/Xcode/DerivedData/TaxedGmbH_IOS-gerngfqzuwudosgobknlgtoawnlj/Build/Intermediates.noindex/GoogleUtilities.build/Debug-iphoneos/GoogleUtilities-MethodSwizzler.build/Objects-normal/arm64/e6072d4f65d7061329687fe24e3d63a7-common-args.resp
    
    builtin-ScanDependencies -o /Users/emanuelflury/Library/Developer/Xcode/DerivedData/TaxedGmbH_IOS-gerngfqzuwudosgobknlgtoawnlj/Build/Intermediates.noindex/GoogleUtilities.build/Debug-iphoneos/GoogleUtilities-MethodSwizzler.build/Objects-normal/arm64/GULSwizzler.o.scan -- /Applications/Xcode.app/Contents/Developer/Toolchains/XcodeDefault.xctoolchain/usr/bin/clang -x objective-c -ivfsstatcache /Users/emanuelflury/Library/Developer/Xcode/DerivedData/SDKStatCaches.noindex/iphoneos26.1-23B77-69b33fc7382b27d9b5d46e82a00f8e78.sdkstatcache -fmessage-length\=0 -fdiagnostics-show-note-include-stack -fmacro-backtrace-limit\=0 -fno-color-diagnostics -fmodules-prune-interval\=86400 -fmodules-prune-after\=345600 -fbuild-session-file\=/Users/emanuelflury/Library/Developer/Xcode/DerivedData/ModuleCache.noindex/Session.modulevalidation -fmodules-validate-once-per-build-session -Wnon-modular-include-in-framework-module -Werror\=non-modular-include-in-framework-module -Wno-trigraphs -Wno-missing-field-initializers -Wno-missing-prototypes -Wno-return-type -Wno-implicit-atomic-properties -Wno-objc-interface-ivars -Wno-arc-repeated-use-of-weak -Wno-missing-braces -Wparentheses -Wswitch -Wno-unused-function -Wno-unused-label -Wno-unused-parameter -Wno-unused-variable -Wunused-value -Wno-empty-body -Wno-uninitialized -Wno-unknown-pragmas -w -Wno-shadow -Wno-four-char-constants -Wno-conversion -Wno-constant-conversion -Wno-int-conversion -Wno-bool-conversion -Wno-enum-conversion -Wno-float-conversion -Wno-non-literal-null-conversion -Wno-objc-literal-conversion -Wshorten-64-to-32 -Wpointer-sign -Wno-newline-eof -Wno-selector -Wno-strict-selector-match -Wno-undeclared-selector -Wno-deprecated-implementations -Wno-implicit-fallthrough -fstrict-aliasing -Wprotocol -Wdeprecated-declarations -Wno-sign-conversion -Wno-infinite-recursion -Wno-comma -Wno-block-capture-autoreleasing -Wno-strict-prototypes -Wno-semicolon-before-method-body -index-store-path /Users/emanuelflury/Library/Developer/Xcode/DerivedData/TaxedGmbH_IOS-gerngfqzuwudosgobknlgtoawnlj/Index.noindex/DataStore @/Users/emanuelflury/Library/Developer/Xcode/DerivedData/TaxedGmbH_IOS-gerngfqzuwudosgobknlgtoawnlj/Build/Intermediates.noindex/GoogleUtilities.build/Debug-iphoneos/GoogleUtilities-MethodSwizzler.build/Objects-normal/arm64/e6072d4f65d7061329687fe24e3d63a7-common-args.resp -include /Users/emanuelflury/Library/Developer/Xcode/DerivedData/TaxedGmbH_IOS-gerngfqzuwudosgobknlgtoawnlj/Build/Intermediates.noindex/GoogleUtilities.build/Debug-iphoneos/GoogleUtilities-MethodSwizzler.build/DerivedSources/resource_bundle_accessor.h -MMD -MT dependencies -MF /Users/emanuelflury/Library/Developer/Xcode/DerivedData/TaxedGmbH_IOS-gerngfqzuwudosgobknlgtoawnlj/Build/Intermediates.noindex/GoogleUtilities.build/Debug-iphoneos/GoogleUtilities-MethodSwizzler.build/Objects-normal/arm64/GULSwizzler.d --serialize-diagnostics /Users/emanuelflury/Library/Developer/Xcode/DerivedData/TaxedGmbH_IOS-gerngfqzuwudosgobknlgtoawnlj/Build/Intermediates.noindex/GoogleUtilities.build/Debug-iphoneos/GoogleUtilities-MethodSwizzler.build/Objects-normal/arm64/GULSwizzler.dia -c /Users/emanuelflury/Library/Developer/Xcode/DerivedData/TaxedGmbH_IOS-gerngfqzuwudosgobknlgtoawnlj/SourcePackages/checkouts/GoogleUtilities/GoogleUtilities/MethodSwizzler/GULSwizzler.m -o /Users/emanuelflury/Library/Developer/Xcode/DerivedData/TaxedGmbH_IOS-gerngfqzuwudosgobknlgtoawnlj/Build/Intermediates.noindex/GoogleUtilities.build/Debug-iphoneos/GoogleUtilities-MethodSwizzler.build/Objects-normal/arm64/GULSwizzler.o -index-unit-output-path /GoogleUtilities.build/Debug-iphoneos/GoogleUtilities-MethodSwizzler.build/Objects-normal/arm64/GULSwizzler.o

PrecompileModule /Users/emanuelflury/Library/Developer/Xcode/DerivedData/TaxedGmbH_IOS-gerngfqzuwudosgobknlgtoawnlj/Build/Intermediates.noindex/ExplicitPrecompiledModules/Foundation-BMRARI0NI4ZG24ORELML9M91N.scan
    cd /
    builtin-precompileModule /Users/emanuelflury/Library/Developer/Xcode/DerivedData/TaxedGmbH_IOS-gerngfqzuwudosgobknlgtoawnlj/Build/Intermediates.noindex/ExplicitPrecompiledModules/Foundation-BMRARI0NI4ZG24ORELML9M91N.scan

PrecompileModule /Users/emanuelflury/Library/Developer/Xcode/DerivedData/TaxedGmbH_IOS-gerngfqzuwudosgobknlgtoawnlj/Build/Intermediates.noindex/ExplicitPrecompiledModules/CoreText-B16HFGHK8GEW3O3ZAP3PDDDAE.scan
    cd /
    builtin-precompileModule /Users/emanuelflury/Library/Developer/Xcode/DerivedData/TaxedGmbH_IOS-gerngfqzuwudosgobknlgtoawnlj/Build/Intermediates.noindex/ExplicitPrecompiledModules/CoreText-B16HFGHK8GEW3O3ZAP3PDDDAE.scan

PrecompileModule /Users/emanuelflury/Library/Developer/Xcode/DerivedData/TaxedGmbH_IOS-gerngfqzuwudosgobknlgtoawnlj/Build/Intermediates.noindex/ExplicitPrecompiledModules/ImageIO-6X022CKQ3JX1BP14EF4M560JX.scan
    cd /
    builtin-precompileModule /Users/emanuelflury/Library/Developer/Xcode/DerivedData/TaxedGmbH_IOS-gerngfqzuwudosgobknlgtoawnlj/Build/Intermediates.noindex/ExplicitPrecompiledModules/ImageIO-6X022CKQ3JX1BP14EF4M560JX.scan

PrecompileModule /Users/emanuelflury/Library/Developer/Xcode/DerivedData/TaxedGmbH_IOS-gerngfqzuwudosgobknlgtoawnlj/Build/Intermediates.noindex/ExplicitPrecompiledModules/os_object-8ZBJBMF9OMAEGOMQFLZPZSGMN.scan
    cd /
    builtin-precompileModule /Users/emanuelflury/Library/Developer/Xcode/DerivedData/TaxedGmbH_IOS-gerngfqzuwudosgobknlgtoawnlj/Build/Intermediates.noindex/ExplicitPrecompiledModules/os_object-8ZBJBMF9OMAEGOMQFLZPZSGMN.scan

ScanDependencies /Users/emanuelflury/Library/Developer/Xcode/DerivedData/TaxedGmbH_IOS-gerngfqzuwudosgobknlgtoawnlj/Build/Intermediates.noindex/abseil.build/Debug-iphoneos/abslWrapper.build/Objects-normal/arm64/resource_bundle_accessor.o /Users/emanuelflury/Library/Developer/Xcode/DerivedData/TaxedGmbH_IOS-gerngfqzuwudosgobknlgtoawnlj/Build/Intermediates.noindex/abseil.build/Debug-iphoneos/abslWrapper.build/DerivedSources/resource_bundle_accessor.m normal arm64 objective-c com.apple.compilers.llvm.clang.1_0.compiler (in target 'abslWrapper' from project 'abseil')
    cd /Users/emanuelflury/github/TaxedGmbH_IOS/TaxedGmbH_IOS.xcodeproj
    
    Using response file: /Users/emanuelflury/Library/Developer/Xcode/DerivedData/TaxedGmbH_IOS-gerngfqzuwudosgobknlgtoawnlj/Build/Intermediates.noindex/abseil.build/Debug-iphoneos/abslWrapper.build/Objects-normal/arm64/e6072d4f65d7061329687fe24e3d63a7-common-args.resp
    
    builtin-ScanDependencies -o /Users/emanuelflury/Library/Developer/Xcode/DerivedData/TaxedGmbH_IOS-gerngfqzuwudosgobknlgtoawnlj/Build/Intermediates.noindex/abseil.build/Debug-iphoneos/abslWrapper.build/Objects-normal/arm64/resource_bundle_accessor.o.scan -- /Applications/Xcode.app/Contents/Developer/Toolchains/XcodeDefault.xctoolchain/usr/bin/clang -x objective-c -ivfsstatcache /Users/emanuelflury/Library/Developer/Xcode/DerivedData/SDKStatCaches.noindex/iphoneos26.1-23B77-69b33fc7382b27d9b5d46e82a00f8e78.sdkstatcache -fmessage-length\=0 -fdiagnostics-show-note-include-stack -fmacro-backtrace-limit\=0 -fno-color-diagnostics -fmodules-prune-interval\=86400 -fmodules-prune-after\=345600 -fbuild-session-file\=/Users/emanuelflury/Library/Developer/Xcode/DerivedData/ModuleCache.noindex/Session.modulevalidation -fmodules-validate-once-per-build-session -Wnon-modular-include-in-framework-module -Werror\=non-modular-include-in-framework-module -Wno-trigraphs -Wno-missing-field-initializers -Wno-missing-prototypes -Wno-return-type -Wno-implicit-atomic-properties -Wno-objc-interface-ivars -Wno-arc-repeated-use-of-weak -Wno-missing-braces -Wparentheses -Wswitch -Wno-unused-function -Wno-unused-label -Wno-unused-parameter -Wno-unused-variable -Wunused-value -Wno-empty-body -Wno-uninitialized -Wno-unknown-pragmas -w -Wno-shadow -Wno-four-char-constants -Wno-conversion -Wno-constant-conversion -Wno-int-conversion -Wno-bool-conversion -Wno-enum-conversion -Wno-float-conversion -Wno-non-literal-null-conversion -Wno-objc-literal-conversion -Wshorten-64-to-32 -Wpointer-sign -Wno-newline-eof -Wno-selector -Wno-strict-selector-match -Wno-undeclared-selector -Wno-deprecated-implementations -Wno-implicit-fallthrough -fstrict-aliasing -Wprotocol -Wdeprecated-declarations -Wno-sign-conversion -Wno-infinite-recursion -Wno-comma -Wno-block-capture-autoreleasing -Wno-strict-prototypes -Wno-semicolon-before-method-body -index-store-path /Users/emanuelflury/Library/Developer/Xcode/DerivedData/TaxedGmbH_IOS-gerngfqzuwudosgobknlgtoawnlj/Index.noindex/DataStore @/Users/emanuelflury/Library/Developer/Xcode/DerivedData/TaxedGmbH_IOS-gerngfqzuwudosgobknlgtoawnlj/Build/Intermediates.noindex/abseil.build/Debug-iphoneos/abslWrapper.build/Objects-normal/arm64/e6072d4f65d7061329687fe24e3d63a7-common-args.resp -include /Users/emanuelflury/Library/Developer/Xcode/DerivedData/TaxedGmbH_IOS-gerngfqzuwudosgobknlgtoawnlj/Build/Intermediates.noindex/abseil.build/Debug-iphoneos/abslWrapper.build/DerivedSources/resource_bundle_accessor.h -MMD -MT dependencies -MF /Users/emanuelflury/Library/Developer/Xcode/DerivedData/TaxedGmbH_IOS-gerngfqzuwudosgobknlgtoawnlj/Build/Intermediates.noindex/abseil.build/Debug-iphoneos/abslWrapper.build/Objects-normal/arm64/resource_bundle_accessor.d --serialize-diagnostics /Users/emanuelflury/Library/Developer/Xcode/DerivedData/TaxedGmbH_IOS-gerngfqzuwudosgobknlgtoawnlj/Build/Intermediates.noindex/abseil.build/Debug-iphoneos/abslWrapper.build/Objects-normal/arm64/resource_bundle_accessor.dia -c /Users/emanuelflury/Library/Developer/Xcode/DerivedData/TaxedGmbH_IOS-gerngfqzuwudosgobknlgtoawnlj/Build/Intermediates.noindex/abseil.build/Debug-iphoneos/abslWrapper.build/DerivedSources/resource_bundle_accessor.m -o /Users/emanuelflury/Library/Developer/Xcode/DerivedData/TaxedGmbH_IOS-gerngfqzuwudosgobknlgtoawnlj/Build/Intermediates.noindex/abseil.build/Debug-iphoneos/abslWrapper.build/Objects-normal/arm64/resource_bundle_accessor.o -index-unit-output-path /abseil.build/Debug-iphoneos/abslWrapper.build/Objects-normal/arm64/resource_bundle_accessor.o

ScanDependencies /Users/emanuelflury/Library/Developer/Xcode/DerivedData/TaxedGmbH_IOS-gerngfqzuwudosgobknlgtoawnlj/Build/Intermediates.noindex/abseil.build/Debug-iphoneos/abslWrapper.build/Objects-normal/arm64/empty.o /Users/emanuelflury/Library/Developer/Xcode/DerivedData/TaxedGmbH_IOS-gerngfqzuwudosgobknlgtoawnlj/SourcePackages/checkouts/abseil-cpp-binary/absl-Wrapper/empty.m normal arm64 objective-c com.apple.compilers.llvm.clang.1_0.compiler (in target 'abslWrapper' from project 'abseil')
    cd /Users/emanuelflury/github/TaxedGmbH_IOS/TaxedGmbH_IOS.xcodeproj
    
    Using response file: /Users/emanuelflury/Library/Developer/Xcode/DerivedData/TaxedGmbH_IOS-gerngfqzuwudosgobknlgtoawnlj/Build/Intermediates.noindex/abseil.build/Debug-iphoneos/abslWrapper.build/Objects-normal/arm64/e6072d4f65d7061329687fe24e3d63a7-common-args.resp
    
    builtin-ScanDependencies -o /Users/emanuelflury/Library/Developer/Xcode/DerivedData/TaxedGmbH_IOS-gerngfqzuwudosgobknlgtoawnlj/Build/Intermediates.noindex/abseil.build/Debug-iphoneos/abslWrapper.build/Objects-normal/arm64/empty.o.scan -- /Applications/Xcode.app/Contents/Developer/Toolchains/XcodeDefault.xctoolchain/usr/bin/clang -x objective-c -ivfsstatcache /Users/emanuelflury/Library/Developer/Xcode/DerivedData/SDKStatCaches.noindex/iphoneos26.1-23B77-69b33fc7382b27d9b5d46e82a00f8e78.sdkstatcache -fmessage-length\=0 -fdiagnostics-show-note-include-stack -fmacro-backtrace-limit\=0 -fno-color-diagnostics -fmodules-prune-interval\=86400 -fmodules-prune-after\=345600 -fbuild-session-file\=/Users/emanuelflury/Library/Developer/Xcode/DerivedData/ModuleCache.noindex/Session.modulevalidation -fmodules-validate-once-per-build-session -Wnon-modular-include-in-framework-module -Werror\=non-modular-include-in-framework-module -Wno-trigraphs -Wno-missing-field-initializers -Wno-missing-prototypes -Wno-return-type -Wno-implicit-atomic-properties -Wno-objc-interface-ivars -Wno-arc-repeated-use-of-weak -Wno-missing-braces -Wparentheses -Wswitch -Wno-unused-function -Wno-unused-label -Wno-unused-parameter -Wno-unused-variable -Wunused-value -Wno-empty-body -Wno-uninitialized -Wno-unknown-pragmas -w -Wno-shadow -Wno-four-char-constants -Wno-conversion -Wno-constant-conversion -Wno-int-conversion -Wno-bool-conversion -Wno-enum-conversion -Wno-float-conversion -Wno-non-literal-null-conversion -Wno-objc-literal-conversion -Wshorten-64-to-32 -Wpointer-sign -Wno-newline-eof -Wno-selector -Wno-strict-selector-match -Wno-undeclared-selector -Wno-deprecated-implementations -Wno-implicit-fallthrough -fstrict-aliasing -Wprotocol -Wdeprecated-declarations -Wno-sign-conversion -Wno-infinite-recursion -Wno-comma -Wno-block-capture-autoreleasing -Wno-strict-prototypes -Wno-semicolon-before-method-body -index-store-path /Users/emanuelflury/Library/Developer/Xcode/DerivedData/TaxedGmbH_IOS-gerngfqzuwudosgobknlgtoawnlj/Index.noindex/DataStore @/Users/emanuelflury/Library/Developer/Xcode/DerivedData/TaxedGmbH_IOS-gerngfqzuwudosgobknlgtoawnlj/Build/Intermediates.noindex/abseil.build/Debug-iphoneos/abslWrapper.build/Objects-normal/arm64/e6072d4f65d7061329687fe24e3d63a7-common-args.resp -include /Users/emanuelflury/Library/Developer/Xcode/DerivedData/TaxedGmbH_IOS-gerngfqzuwudosgobknlgtoawnlj/Build/Intermediates.noindex/abseil.build/Debug-iphoneos/abslWrapper.build/DerivedSources/resource_bundle_accessor.h -MMD -MT dependencies -MF /Users/emanuelflury/Library/Developer/Xcode/DerivedData/TaxedGmbH_IOS-gerngfqzuwudosgobknlgtoawnlj/Build/Intermediates.noindex/abseil.build/Debug-iphoneos/abslWrapper.build/Objects-normal/arm64/empty.d --serialize-diagnostics /Users/emanuelflury/Library/Developer/Xcode/DerivedData/TaxedGmbH_IOS-gerngfqzuwudosgobknlgtoawnlj/Build/Intermediates.noindex/abseil.build/Debug-iphoneos/abslWrapper.build/Objects-normal/arm64/empty.dia -c /Users/emanuelflury/Library/Developer/Xcode/DerivedData/TaxedGmbH_IOS-gerngfqzuwudosgobknlgtoawnlj/SourcePackages/checkouts/abseil-cpp-binary/absl-Wrapper/empty.m -o /Users/emanuelflury/Library/Developer/Xcode/DerivedData/TaxedGmbH_IOS-gerngfqzuwudosgobknlgtoawnlj/Build/Intermediates.noindex/abseil.build/Debug-iphoneos/abslWrapper.build/Objects-normal/arm64/empty.o -index-unit-output-path /abseil.build/Debug-iphoneos/abslWrapper.build/Objects-normal/arm64/empty.o

PrecompileModule /Users/emanuelflury/Library/Developer/Xcode/DerivedData/TaxedGmbH_IOS-gerngfqzuwudosgobknlgtoawnlj/Build/Intermediates.noindex/ExplicitPrecompiledModules/os_workgroup-E7GXTV0IGH40YL5VCBCHNY0VW.scan
    cd /
    builtin-precompileModule /Users/emanuelflury/Library/Developer/Xcode/DerivedData/TaxedGmbH_IOS-gerngfqzuwudosgobknlgtoawnlj/Build/Intermediates.noindex/ExplicitPrecompiledModules/os_workgroup-E7GXTV0IGH40YL5VCBCHNY0VW.scan

WriteAuxiliaryFile /Users/emanuelflury/Library/Developer/Xcode/DerivedData/TaxedGmbH_IOS-gerngfqzuwudosgobknlgtoawnlj/Build/Intermediates.noindex/gRPC.build/Debug-iphoneos/opensslWrapper.build/opensslWrapper.modulemap (in target 'opensslWrapper' from project 'gRPC')
    cd /Users/emanuelflury/Library/Developer/Xcode/DerivedData/TaxedGmbH_IOS-gerngfqzuwudosgobknlgtoawnlj/SourcePackages/checkouts/grpc-binary
    write-file /Users/emanuelflury/Library/Developer/Xcode/DerivedData/TaxedGmbH_IOS-gerngfqzuwudosgobknlgtoawnlj/Build/Intermediates.noindex/gRPC.build/Debug-iphoneos/opensslWrapper.build/opensslWrapper.modulemap

WriteAuxiliaryFile /Users/emanuelflury/Library/Developer/Xcode/DerivedData/TaxedGmbH_IOS-gerngfqzuwudosgobknlgtoawnlj/Build/Intermediates.noindex/gRPC.build/Debug-iphoneos/opensslWrapper.build/opensslWrapper.DependencyStaticMetadataFileList (in target 'opensslWrapper' from project 'gRPC')
    cd /Users/emanuelflury/Library/Developer/Xcode/DerivedData/TaxedGmbH_IOS-gerngfqzuwudosgobknlgtoawnlj/SourcePackages/checkouts/grpc-binary
    write-file /Users/emanuelflury/Library/Developer/Xcode/DerivedData/TaxedGmbH_IOS-gerngfqzuwudosgobknlgtoawnlj/Build/Intermediates.noindex/gRPC.build/Debug-iphoneos/opensslWrapper.build/opensslWrapper.DependencyStaticMetadataFileList

WriteAuxiliaryFile /Users/emanuelflury/Library/Developer/Xcode/DerivedData/TaxedGmbH_IOS-gerngfqzuwudosgobknlgtoawnlj/Build/Intermediates.noindex/gRPC.build/Debug-iphoneos/opensslWrapper.build/opensslWrapper.DependencyMetadataFileList (in target 'opensslWrapper' from project 'gRPC')
    cd /Users/emanuelflury/Library/Developer/Xcode/DerivedData/TaxedGmbH_IOS-gerngfqzuwudosgobknlgtoawnlj/SourcePackages/checkouts/grpc-binary
    write-file /Users/emanuelflury/Library/Developer/Xcode/DerivedData/TaxedGmbH_IOS-gerngfqzuwudosgobknlgtoawnlj/Build/Intermediates.noindex/gRPC.build/Debug-iphoneos/opensslWrapper.build/opensslWrapper.DependencyMetadataFileList

WriteAuxiliaryFile /Users/emanuelflury/Library/Developer/Xcode/DerivedData/TaxedGmbH_IOS-gerngfqzuwudosgobknlgtoawnlj/Build/Intermediates.noindex/gRPC.build/Debug-iphoneos/opensslWrapper.build/Objects-normal/arm64/opensslWrapper.LinkFileList (in target 'opensslWrapper' from project 'gRPC')
    cd /Users/emanuelflury/Library/Developer/Xcode/DerivedData/TaxedGmbH_IOS-gerngfqzuwudosgobknlgtoawnlj/SourcePackages/checkouts/grpc-binary
    write-file /Users/emanuelflury/Library/Developer/Xcode/DerivedData/TaxedGmbH_IOS-gerngfqzuwudosgobknlgtoawnlj/Build/Intermediates.noindex/gRPC.build/Debug-iphoneos/opensslWrapper.build/Objects-normal/arm64/opensslWrapper.LinkFileList

WriteAuxiliaryFile /Users/emanuelflury/Library/Developer/Xcode/DerivedData/TaxedGmbH_IOS-gerngfqzuwudosgobknlgtoawnlj/Build/Intermediates.noindex/gRPC.build/Debug-iphoneos/opensslWrapper.build/Objects-normal/arm64/e6072d4f65d7061329687fe24e3d63a7-common-args.resp (in target 'opensslWrapper' from project 'gRPC')
    cd /Users/emanuelflury/Library/Developer/Xcode/DerivedData/TaxedGmbH_IOS-gerngfqzuwudosgobknlgtoawnlj/SourcePackages/checkouts/grpc-binary
    write-file /Users/emanuelflury/Library/Developer/Xcode/DerivedData/TaxedGmbH_IOS-gerngfqzuwudosgobknlgtoawnlj/Build/Intermediates.noindex/gRPC.build/Debug-iphoneos/opensslWrapper.build/Objects-normal/arm64/e6072d4f65d7061329687fe24e3d63a7-common-args.resp
-target arm64-apple-ios12.0 -fobjc-arc -fmodules -gmodules '-fmodules-cache-path=/Users/emanuelflury/Library/Developer/Xcode/DerivedData/ModuleCache.noindex' '-fmodule-name=opensslWrapper' -fpascal-strings -O0 -DSWIFT_PACKAGE '-DDEBUG=1' '-DOBJC_OLD_DISPATCH_PROTOTYPES=1' -isysroot /Applications/Xcode.app/Contents/Developer/Platforms/iPhoneOS.platform/Developer/SDKs/iPhoneOS26.1.sdk -g -fprofile-instr-generate -fcoverage-mapping -I/Users/emanuelflury/Library/Developer/Xcode/DerivedData/TaxedGmbH_IOS-gerngfqzuwudosgobknlgtoawnlj/Build/Products/Debug-iphoneos/include -I/Users/emanuelflury/Library/Developer/Xcode/DerivedData/TaxedGmbH_IOS-gerngfqzuwudosgobknlgtoawnlj/SourcePackages/checkouts/grpc-binary/openssl-grpc-Wrapper/include -I/Users/emanuelflury/Library/Developer/Xcode/DerivedData/TaxedGmbH_IOS-gerngfqzuwudosgobknlgtoawnlj/Build/Intermediates.noindex/gRPC.build/Debug-iphoneos/opensslWrapper.build/DerivedSources-normal/arm64 -I/Users/emanuelflury/Library/Developer/Xcode/DerivedData/TaxedGmbH_IOS-gerngfqzuwudosgobknlgtoawnlj/Build/Intermediates.noindex/gRPC.build/Debug-iphoneos/opensslWrapper.build/DerivedSources/arm64 -I/Users/emanuelflury/Library/Developer/Xcode/DerivedData/TaxedGmbH_IOS-gerngfqzuwudosgobknlgtoawnlj/Build/Intermediates.noindex/gRPC.build/Debug-iphoneos/opensslWrapper.build/DerivedSources -F/Users/emanuelflury/Library/Developer/Xcode/DerivedData/TaxedGmbH_IOS-gerngfqzuwudosgobknlgtoawnlj/Build/Products/Debug-iphoneos -iframework /Applications/Xcode.app/Contents/Developer/Platforms/iPhoneOS.platform/Developer/Library/Frameworks -iframework /Applications/Xcode.app/Contents/Developer/Platforms/iPhoneOS.platform/Developer/SDKs/iPhoneOS26.1.sdk/Developer/Library/Frameworks -DXcode

WriteAuxiliaryFile /Users/emanuelflury/Library/Developer/Xcode/DerivedData/TaxedGmbH_IOS-gerngfqzuwudosgobknlgtoawnlj/Build/Intermediates.noindex/gRPC.build/Debug-iphoneos/opensslWrapper.build/DerivedSources/resource_bundle_accessor.m (in target 'opensslWrapper' from project 'gRPC')
    cd /Users/emanuelflury/Library/Developer/Xcode/DerivedData/TaxedGmbH_IOS-gerngfqzuwudosgobknlgtoawnlj/SourcePackages/checkouts/grpc-binary
    write-file /Users/emanuelflury/Library/Developer/Xcode/DerivedData/TaxedGmbH_IOS-gerngfqzuwudosgobknlgtoawnlj/Build/Intermediates.noindex/gRPC.build/Debug-iphoneos/opensslWrapper.build/DerivedSources/resource_bundle_accessor.m

WriteAuxiliaryFile /Users/emanuelflury/Library/Developer/Xcode/DerivedData/TaxedGmbH_IOS-gerngfqzuwudosgobknlgtoawnlj/Build/Intermediates.noindex/gRPC.build/Debug-iphoneos/opensslWrapper.build/DerivedSources/resource_bundle_accessor.h (in target 'opensslWrapper' from project 'gRPC')
    cd /Users/emanuelflury/Library/Developer/Xcode/DerivedData/TaxedGmbH_IOS-gerngfqzuwudosgobknlgtoawnlj/SourcePackages/checkouts/grpc-binary
    write-file /Users/emanuelflury/Library/Developer/Xcode/DerivedData/TaxedGmbH_IOS-gerngfqzuwudosgobknlgtoawnlj/Build/Intermediates.noindex/gRPC.build/Debug-iphoneos/opensslWrapper.build/DerivedSources/resource_bundle_accessor.h

Copy /Users/emanuelflury/Library/Developer/Xcode/DerivedData/TaxedGmbH_IOS-gerngfqzuwudosgobknlgtoawnlj/Build/Intermediates.noindex/GeneratedModuleMaps-iphoneos/opensslWrapper.modulemap /Users/emanuelflury/Library/Developer/Xcode/DerivedData/TaxedGmbH_IOS-gerngfqzuwudosgobknlgtoawnlj/Build/Intermediates.noindex/gRPC.build/Debug-iphoneos/opensslWrapper.build/opensslWrapper.modulemap (in target 'opensslWrapper' from project 'gRPC')
    cd /Users/emanuelflury/Library/Developer/Xcode/DerivedData/TaxedGmbH_IOS-gerngfqzuwudosgobknlgtoawnlj/SourcePackages/checkouts/grpc-binary
    builtin-copy -exclude .DS_Store -exclude CVS -exclude .svn -exclude .git -exclude .hg -resolve-src-symlinks /Users/emanuelflury/Library/Developer/Xcode/DerivedData/TaxedGmbH_IOS-gerngfqzuwudosgobknlgtoawnlj/Build/Intermediates.noindex/gRPC.build/Debug-iphoneos/opensslWrapper.build/opensslWrapper.modulemap /Users/emanuelflury/Library/Developer/Xcode/DerivedData/TaxedGmbH_IOS-gerngfqzuwudosgobknlgtoawnlj/Build/Intermediates.noindex/GeneratedModuleMaps-iphoneos

ScanDependencies /Users/emanuelflury/Library/Developer/Xcode/DerivedData/TaxedGmbH_IOS-gerngfqzuwudosgobknlgtoawnlj/Build/Intermediates.noindex/GoogleDataTransport.build/Debug-iphoneos/GoogleDataTransport.build/Objects-normal/arm64/resource_bundle_accessor.o /Users/emanuelflury/Library/Developer/Xcode/DerivedData/TaxedGmbH_IOS-gerngfqzuwudosgobknlgtoawnlj/Build/Intermediates.noindex/GoogleDataTransport.build/Debug-iphoneos/GoogleDataTransport.build/DerivedSources/resource_bundle_accessor.m normal arm64 objective-c com.apple.compilers.llvm.clang.1_0.compiler (in target 'GoogleDataTransport' from project 'GoogleDataTransport')
    cd /Users/emanuelflury/github/TaxedGmbH_IOS/TaxedGmbH_IOS.xcodeproj
    
    Using response file: /Users/emanuelflury/Library/Developer/Xcode/DerivedData/TaxedGmbH_IOS-gerngfqzuwudosgobknlgtoawnlj/Build/Intermediates.noindex/GoogleDataTransport.build/Debug-iphoneos/GoogleDataTransport.build/Objects-normal/arm64/e6072d4f65d7061329687fe24e3d63a7-common-args.resp
    
    builtin-ScanDependencies -o /Users/emanuelflury/Library/Developer/Xcode/DerivedData/TaxedGmbH_IOS-gerngfqzuwudosgobknlgtoawnlj/Build/Intermediates.noindex/GoogleDataTransport.build/Debug-iphoneos/GoogleDataTransport.build/Objects-normal/arm64/resource_bundle_accessor.o.scan -- /Applications/Xcode.app/Contents/Developer/Toolchains/XcodeDefault.xctoolchain/usr/bin/clang -x objective-c -ivfsstatcache /Users/emanuelflury/Library/Developer/Xcode/DerivedData/SDKStatCaches.noindex/iphoneos26.1-23B77-69b33fc7382b27d9b5d46e82a00f8e78.sdkstatcache -fmessage-length\=0 -fdiagnostics-show-note-include-stack -fmacro-backtrace-limit\=0 -fno-color-diagnostics -fmodules-prune-interval\=86400 -fmodules-prune-after\=345600 -fbuild-session-file\=/Users/emanuelflury/Library/Developer/Xcode/DerivedData/ModuleCache.noindex/Session.modulevalidation -fmodules-validate-once-per-build-session -Wnon-modular-include-in-framework-module -Werror\=non-modular-include-in-framework-module -Wno-trigraphs -Wno-missing-field-initializers -Wno-missing-prototypes -Wno-return-type -Wno-implicit-atomic-properties -Wno-objc-interface-ivars -Wno-arc-repeated-use-of-weak -Wno-missing-braces -Wparentheses -Wswitch -Wno-unused-function -Wno-unused-label -Wno-unused-parameter -Wno-unused-variable -Wunused-value -Wno-empty-body -Wno-uninitialized -Wno-unknown-pragmas -w -Wno-shadow -Wno-four-char-constants -Wno-conversion -Wno-constant-conversion -Wno-int-conversion -Wno-bool-conversion -Wno-enum-conversion -Wno-float-conversion -Wno-non-literal-null-conversion -Wno-objc-literal-conversion -Wshorten-64-to-32 -Wpointer-sign -Wno-newline-eof -Wno-selector -Wno-strict-selector-match -Wno-undeclared-selector -Wno-deprecated-implementations -Wno-implicit-fallthrough -fstrict-aliasing -Wprotocol -Wdeprecated-declarations -Wno-sign-conversion -Wno-infinite-recursion -Wno-comma -Wno-block-capture-autoreleasing -Wno-strict-prototypes -Wno-semicolon-before-method-body -index-store-path /Users/emanuelflury/Library/Developer/Xcode/DerivedData/TaxedGmbH_IOS-gerngfqzuwudosgobknlgtoawnlj/Index.noindex/DataStore @/Users/emanuelflury/Library/Developer/Xcode/DerivedData/TaxedGmbH_IOS-gerngfqzuwudosgobknlgtoawnlj/Build/Intermediates.noindex/GoogleDataTransport.build/Debug-iphoneos/GoogleDataTransport.build/Objects-normal/arm64/e6072d4f65d7061329687fe24e3d63a7-common-args.resp -include /Users/emanuelflury/Library/Developer/Xcode/DerivedData/TaxedGmbH_IOS-gerngfqzuwudosgobknlgtoawnlj/Build/Intermediates.noindex/GoogleDataTransport.build/Debug-iphoneos/GoogleDataTransport.build/DerivedSources/resource_bundle_accessor.h -MMD -MT dependencies -MF /Users/emanuelflury/Library/Developer/Xcode/DerivedData/TaxedGmbH_IOS-gerngfqzuwudosgobknlgtoawnlj/Build/Intermediates.noindex/GoogleDataTransport.build/Debug-iphoneos/GoogleDataTransport.build/Objects-normal/arm64/resource_bundle_accessor.d --serialize-diagnostics /Users/emanuelflury/Library/Developer/Xcode/DerivedData/TaxedGmbH_IOS-gerngfqzuwudosgobknlgtoawnlj/Build/Intermediates.noindex/GoogleDataTransport.build/Debug-iphoneos/GoogleDataTransport.build/Objects-normal/arm64/resource_bundle_accessor.dia -c /Users/emanuelflury/Library/Developer/Xcode/DerivedData/TaxedGmbH_IOS-gerngfqzuwudosgobknlgtoawnlj/Build/Intermediates.noindex/GoogleDataTransport.build/Debug-iphoneos/GoogleDataTransport.build/DerivedSources/resource_bundle_accessor.m -o /Users/emanuelflury/Library/Developer/Xcode/DerivedData/TaxedGmbH_IOS-gerngfqzuwudosgobknlgtoawnlj/Build/Intermediates.noindex/GoogleDataTransport.build/Debug-iphoneos/GoogleDataTransport.build/Objects-normal/arm64/resource_bundle_accessor.o -index-unit-output-path /GoogleDataTransport.build/Debug-iphoneos/GoogleDataTransport.build/Objects-normal/arm64/resource_bundle_accessor.o

ScanDependencies /Users/emanuelflury/Library/Developer/Xcode/DerivedData/TaxedGmbH_IOS-gerngfqzuwudosgobknlgtoawnlj/Build/Intermediates.noindex/GoogleUtilities.build/Debug-iphoneos/GoogleUtilities-AppDelegateSwizzler.build/Objects-normal/arm64/resource_bundle_accessor.o /Users/emanuelflury/Library/Developer/Xcode/DerivedData/TaxedGmbH_IOS-gerngfqzuwudosgobknlgtoawnlj/Build/Intermediates.noindex/GoogleUtilities.build/Debug-iphoneos/GoogleUtilities-AppDelegateSwizzler.build/DerivedSources/resource_bundle_accessor.m normal arm64 objective-c com.apple.compilers.llvm.clang.1_0.compiler (in target 'GoogleUtilities-AppDelegateSwizzler' from project 'GoogleUtilities')
    cd /Users/emanuelflury/github/TaxedGmbH_IOS/TaxedGmbH_IOS.xcodeproj
    
    Using response file: /Users/emanuelflury/Library/Developer/Xcode/DerivedData/TaxedGmbH_IOS-gerngfqzuwudosgobknlgtoawnlj/Build/Intermediates.noindex/GoogleUtilities.build/Debug-iphoneos/GoogleUtilities-AppDelegateSwizzler.build/Objects-normal/arm64/e6072d4f65d7061329687fe24e3d63a7-common-args.resp
    
    builtin-ScanDependencies -o /Users/emanuelflury/Library/Developer/Xcode/DerivedData/TaxedGmbH_IOS-gerngfqzuwudosgobknlgtoawnlj/Build/Intermediates.noindex/GoogleUtilities.build/Debug-iphoneos/GoogleUtilities-AppDelegateSwizzler.build/Objects-normal/arm64/resource_bundle_accessor.o.scan -- /Applications/Xcode.app/Contents/Developer/Toolchains/XcodeDefault.xctoolchain/usr/bin/clang -x objective-c -ivfsstatcache /Users/emanuelflury/Library/Developer/Xcode/DerivedData/SDKStatCaches.noindex/iphoneos26.1-23B77-69b33fc7382b27d9b5d46e82a00f8e78.sdkstatcache -fmessage-length\=0 -fdiagnostics-show-note-include-stack -fmacro-backtrace-limit\=0 -fno-color-diagnostics -fmodules-prune-interval\=86400 -fmodules-prune-after\=345600 -fbuild-session-file\=/Users/emanuelflury/Library/Developer/Xcode/DerivedData/ModuleCache.noindex/Session.modulevalidation -fmodules-validate-once-per-build-session -Wnon-modular-include-in-framework-module -Werror\=non-modular-include-in-framework-module -Wno-trigraphs -Wno-missing-field-initializers -Wno-missing-prototypes -Wno-return-type -Wno-implicit-atomic-properties -Wno-objc-interface-ivars -Wno-arc-repeated-use-of-weak -Wno-missing-braces -Wparentheses -Wswitch -Wno-unused-function -Wno-unused-label -Wno-unused-parameter -Wno-unused-variable -Wunused-value -Wno-empty-body -Wno-uninitialized -Wno-unknown-pragmas -w -Wno-shadow -Wno-four-char-constants -Wno-conversion -Wno-constant-conversion -Wno-int-conversion -Wno-bool-conversion -Wno-enum-conversion -Wno-float-conversion -Wno-non-literal-null-conversion -Wno-objc-literal-conversion -Wshorten-64-to-32 -Wpointer-sign -Wno-newline-eof -Wno-selector -Wno-strict-selector-match -Wno-undeclared-selector -Wno-deprecated-implementations -Wno-implicit-fallthrough -fstrict-aliasing -Wprotocol -Wdeprecated-declarations -Wno-sign-conversion -Wno-infinite-recursion -Wno-comma -Wno-block-capture-autoreleasing -Wno-strict-prototypes -Wno-semicolon-before-method-body -index-store-path /Users/emanuelflury/Library/Developer/Xcode/DerivedData/TaxedGmbH_IOS-gerngfqzuwudosgobknlgtoawnlj/Index.noindex/DataStore @/Users/emanuelflury/Library/Developer/Xcode/DerivedData/TaxedGmbH_IOS-gerngfqzuwudosgobknlgtoawnlj/Build/Intermediates.noindex/GoogleUtilities.build/Debug-iphoneos/GoogleUtilities-AppDelegateSwizzler.build/Objects-normal/arm64/e6072d4f65d7061329687fe24e3d63a7-common-args.resp -include /Users/emanuelflury/Library/Developer/Xcode/DerivedData/TaxedGmbH_IOS-gerngfqzuwudosgobknlgtoawnlj/Build/Intermediates.noindex/GoogleUtilities.build/Debug-iphoneos/GoogleUtilities-AppDelegateSwizzler.build/DerivedSources/resource_bundle_accessor.h -MMD -MT dependencies -MF /Users/emanuelflury/Library/Developer/Xcode/DerivedData/TaxedGmbH_IOS-gerngfqzuwudosgobknlgtoawnlj/Build/Intermediates.noindex/GoogleUtilities.build/Debug-iphoneos/GoogleUtilities-AppDelegateSwizzler.build/Objects-normal/arm64/resource_bundle_accessor.d --serialize-diagnostics /Users/emanuelflury/Library/Developer/Xcode/DerivedData/TaxedGmbH_IOS-gerngfqzuwudosgobknlgtoawnlj/Build/Intermediates.noindex/GoogleUtilities.build/Debug-iphoneos/GoogleUtilities-AppDelegateSwizzler.build/Objects-normal/arm64/resource_bundle_accessor.dia -c /Users/emanuelflury/Library/Developer/Xcode/DerivedData/TaxedGmbH_IOS-gerngfqzuwudosgobknlgtoawnlj/Build/Intermediates.noindex/GoogleUtilities.build/Debug-iphoneos/GoogleUtilities-AppDelegateSwizzler.build/DerivedSources/resource_bundle_accessor.m -o /Users/emanuelflury/Library/Developer/Xcode/DerivedData/TaxedGmbH_IOS-gerngfqzuwudosgobknlgtoawnlj/Build/Intermediates.noindex/GoogleUtilities.build/Debug-iphoneos/GoogleUtilities-AppDelegateSwizzler.build/Objects-normal/arm64/resource_bundle_accessor.o -index-unit-output-path /GoogleUtilities.build/Debug-iphoneos/GoogleUtilities-AppDelegateSwizzler.build/Objects-normal/arm64/resource_bundle_accessor.o

ScanDependencies /Users/emanuelflury/Library/Developer/Xcode/DerivedData/TaxedGmbH_IOS-gerngfqzuwudosgobknlgtoawnlj/Build/Intermediates.noindex/GoogleUtilities.build/Debug-iphoneos/GoogleUtilities-AppDelegateSwizzler.build/Objects-normal/arm64/GULSceneDelegateSwizzler.o /Users/emanuelflury/Library/Developer/Xcode/DerivedData/TaxedGmbH_IOS-gerngfqzuwudosgobknlgtoawnlj/SourcePackages/checkouts/GoogleUtilities/GoogleUtilities/AppDelegateSwizzler/GULSceneDelegateSwizzler.m normal arm64 objective-c com.apple.compilers.llvm.clang.1_0.compiler (in target 'GoogleUtilities-AppDelegateSwizzler' from project 'GoogleUtilities')
    cd /Users/emanuelflury/github/TaxedGmbH_IOS/TaxedGmbH_IOS.xcodeproj
    
    Using response file: /Users/emanuelflury/Library/Developer/Xcode/DerivedData/TaxedGmbH_IOS-gerngfqzuwudosgobknlgtoawnlj/Build/Intermediates.noindex/GoogleUtilities.build/Debug-iphoneos/GoogleUtilities-AppDelegateSwizzler.build/Objects-normal/arm64/e6072d4f65d7061329687fe24e3d63a7-common-args.resp
    
    builtin-ScanDependencies -o /Users/emanuelflury/Library/Developer/Xcode/DerivedData/TaxedGmbH_IOS-gerngfqzuwudosgobknlgtoawnlj/Build/Intermediates.noindex/GoogleUtilities.build/Debug-iphoneos/GoogleUtilities-AppDelegateSwizzler.build/Objects-normal/arm64/GULSceneDelegateSwizzler.o.scan -- /Applications/Xcode.app/Contents/Developer/Toolchains/XcodeDefault.xctoolchain/usr/bin/clang -x objective-c -ivfsstatcache /Users/emanuelflury/Library/Developer/Xcode/DerivedData/SDKStatCaches.noindex/iphoneos26.1-23B77-69b33fc7382b27d9b5d46e82a00f8e78.sdkstatcache -fmessage-length\=0 -fdiagnostics-show-note-include-stack -fmacro-backtrace-limit\=0 -fno-color-diagnostics -fmodules-prune-interval\=86400 -fmodules-prune-after\=345600 -fbuild-session-file\=/Users/emanuelflury/Library/Developer/Xcode/DerivedData/ModuleCache.noindex/Session.modulevalidation -fmodules-validate-once-per-build-session -Wnon-modular-include-in-framework-module -Werror\=non-modular-include-in-framework-module -Wno-trigraphs -Wno-missing-field-initializers -Wno-missing-prototypes -Wno-return-type -Wno-implicit-atomic-properties -Wno-objc-interface-ivars -Wno-arc-repeated-use-of-weak -Wno-missing-braces -Wparentheses -Wswitch -Wno-unused-function -Wno-unused-label -Wno-unused-parameter -Wno-unused-variable -Wunused-value -Wno-empty-body -Wno-uninitialized -Wno-unknown-pragmas -w -Wno-shadow -Wno-four-char-constants -Wno-conversion -Wno-constant-conversion -Wno-int-conversion -Wno-bool-conversion -Wno-enum-conversion -Wno-float-conversion -Wno-non-literal-null-conversion -Wno-objc-literal-conversion -Wshorten-64-to-32 -Wpointer-sign -Wno-newline-eof -Wno-selector -Wno-strict-selector-match -Wno-undeclared-selector -Wno-deprecated-implementations -Wno-implicit-fallthrough -fstrict-aliasing -Wprotocol -Wdeprecated-declarations -Wno-sign-conversion -Wno-infinite-recursion -Wno-comma -Wno-block-capture-autoreleasing -Wno-strict-prototypes -Wno-semicolon-before-method-body -index-store-path /Users/emanuelflury/Library/Developer/Xcode/DerivedData/TaxedGmbH_IOS-gerngfqzuwudosgobknlgtoawnlj/Index.noindex/DataStore @/Users/emanuelflury/Library/Developer/Xcode/DerivedData/TaxedGmbH_IOS-gerngfqzuwudosgobknlgtoawnlj/Build/Intermediates.noindex/GoogleUtilities.build/Debug-iphoneos/GoogleUtilities-AppDelegateSwizzler.build/Objects-normal/arm64/e6072d4f65d7061329687fe24e3d63a7-common-args.resp -include /Users/emanuelflury/Library/Developer/Xcode/DerivedData/TaxedGmbH_IOS-gerngfqzuwudosgobknlgtoawnlj/Build/Intermediates.noindex/GoogleUtilities.build/Debug-iphoneos/GoogleUtilities-AppDelegateSwizzler.build/DerivedSources/resource_bundle_accessor.h -MMD -MT dependencies -MF /Users/emanuelflury/Library/Developer/Xcode/DerivedData/TaxedGmbH_IOS-gerngfqzuwudosgobknlgtoawnlj/Build/Intermediates.noindex/GoogleUtilities.build/Debug-iphoneos/GoogleUtilities-AppDelegateSwizzler.build/Objects-normal/arm64/GULSceneDelegateSwizzler.d --serialize-diagnostics /Users/emanuelflury/Library/Developer/Xcode/DerivedData/TaxedGmbH_IOS-gerngfqzuwudosgobknlgtoawnlj/Build/Intermediates.noindex/GoogleUtilities.build/Debug-iphoneos/GoogleUtilities-AppDelegateSwizzler.build/Objects-normal/arm64/GULSceneDelegateSwizzler.dia -c /Users/emanuelflury/Library/Developer/Xcode/DerivedData/TaxedGmbH_IOS-gerngfqzuwudosgobknlgtoawnlj/SourcePackages/checkouts/GoogleUtilities/GoogleUtilities/AppDelegateSwizzler/GULSceneDelegateSwizzler.m -o /Users/emanuelflury/Library/Developer/Xcode/DerivedData/TaxedGmbH_IOS-gerngfqzuwudosgobknlgtoawnlj/Build/Intermediates.noindex/GoogleUtilities.build/Debug-iphoneos/GoogleUtilities-AppDelegateSwizzler.build/Objects-normal/arm64/GULSceneDelegateSwizzler.o -index-unit-output-path /GoogleUtilities.build/Debug-iphoneos/GoogleUtilities-AppDelegateSwizzler.build/Objects-normal/arm64/GULSceneDelegateSwizzler.o

ScanDependencies /Users/emanuelflury/Library/Developer/Xcode/DerivedData/TaxedGmbH_IOS-gerngfqzuwudosgobknlgtoawnlj/Build/Intermediates.noindex/GoogleUtilities.build/Debug-iphoneos/GoogleUtilities-AppDelegateSwizzler.build/Objects-normal/arm64/GULAppDelegateSwizzler.o /Users/emanuelflury/Library/Developer/Xcode/DerivedData/TaxedGmbH_IOS-gerngfqzuwudosgobknlgtoawnlj/SourcePackages/checkouts/GoogleUtilities/GoogleUtilities/AppDelegateSwizzler/GULAppDelegateSwizzler.m normal arm64 objective-c com.apple.compilers.llvm.clang.1_0.compiler (in target 'GoogleUtilities-AppDelegateSwizzler' from project 'GoogleUtilities')
    cd /Users/emanuelflury/github/TaxedGmbH_IOS/TaxedGmbH_IOS.xcodeproj
    
    Using response file: /Users/emanuelflury/Library/Developer/Xcode/DerivedData/TaxedGmbH_IOS-gerngfqzuwudosgobknlgtoawnlj/Build/Intermediates.noindex/GoogleUtilities.build/Debug-iphoneos/GoogleUtilities-AppDelegateSwizzler.build/Objects-normal/arm64/e6072d4f65d7061329687fe24e3d63a7-common-args.resp
    
    builtin-ScanDependencies -o /Users/emanuelflury/Library/Developer/Xcode/DerivedData/TaxedGmbH_IOS-gerngfqzuwudosgobknlgtoawnlj/Build/Intermediates.noindex/GoogleUtilities.build/Debug-iphoneos/GoogleUtilities-AppDelegateSwizzler.build/Objects-normal/arm64/GULAppDelegateSwizzler.o.scan -- /Applications/Xcode.app/Contents/Developer/Toolchains/XcodeDefault.xctoolchain/usr/bin/clang -x objective-c -ivfsstatcache /Users/emanuelflury/Library/Developer/Xcode/DerivedData/SDKStatCaches.noindex/iphoneos26.1-23B77-69b33fc7382b27d9b5d46e82a00f8e78.sdkstatcache -fmessage-length\=0 -fdiagnostics-show-note-include-stack -fmacro-backtrace-limit\=0 -fno-color-diagnostics -fmodules-prune-interval\=86400 -fmodules-prune-after\=345600 -fbuild-session-file\=/Users/emanuelflury/Library/Developer/Xcode/DerivedData/ModuleCache.noindex/Session.modulevalidation -fmodules-validate-once-per-build-session -Wnon-modular-include-in-framework-module -Werror\=non-modular-include-in-framework-module -Wno-trigraphs -Wno-missing-field-initializers -Wno-missing-prototypes -Wno-return-type -Wno-implicit-atomic-properties -Wno-objc-interface-ivars -Wno-arc-repeated-use-of-weak -Wno-missing-braces -Wparentheses -Wswitch -Wno-unused-function -Wno-unused-label -Wno-unused-parameter -Wno-unused-variable -Wunused-value -Wno-empty-body -Wno-uninitialized -Wno-unknown-pragmas -w -Wno-shadow -Wno-four-char-constants -Wno-conversion -Wno-constant-conversion -Wno-int-conversion -Wno-bool-conversion -Wno-enum-conversion -Wno-float-conversion -Wno-non-literal-null-conversion -Wno-objc-literal-conversion -Wshorten-64-to-32 -Wpointer-sign -Wno-newline-eof -Wno-selector -Wno-strict-selector-match -Wno-undeclared-selector -Wno-deprecated-implementations -Wno-implicit-fallthrough -fstrict-aliasing -Wprotocol -Wdeprecated-declarations -Wno-sign-conversion -Wno-infinite-recursion -Wno-comma -Wno-block-capture-autoreleasing -Wno-strict-prototypes -Wno-semicolon-before-method-body -index-store-path /Users/emanuelflury/Library/Developer/Xcode/DerivedData/TaxedGmbH_IOS-gerngfqzuwudosgobknlgtoawnlj/Index.noindex/DataStore @/Users/emanuelflury/Library/Developer/Xcode/DerivedData/TaxedGmbH_IOS-gerngfqzuwudosgobknlgtoawnlj/Build/Intermediates.noindex/GoogleUtilities.build/Debug-iphoneos/GoogleUtilities-AppDelegateSwizzler.build/Objects-normal/arm64/e6072d4f65d7061329687fe24e3d63a7-common-args.resp -include /Users/emanuelflury/Library/Developer/Xcode/DerivedData/TaxedGmbH_IOS-gerngfqzuwudosgobknlgtoawnlj/Build/Intermediates.noindex/GoogleUtilities.build/Debug-iphoneos/GoogleUtilities-AppDelegateSwizzler.build/DerivedSources/resource_bundle_accessor.h -MMD -MT dependencies -MF /Users/emanuelflury/Library/Developer/Xcode/DerivedData/TaxedGmbH_IOS-gerngfqzuwudosgobknlgtoawnlj/Build/Intermediates.noindex/GoogleUtilities.build/Debug-iphoneos/GoogleUtilities-AppDelegateSwizzler.build/Objects-normal/arm64/GULAppDelegateSwizzler.d --serialize-diagnostics /Users/emanuelflury/Library/Developer/Xcode/DerivedData/TaxedGmbH_IOS-gerngfqzuwudosgobknlgtoawnlj/Build/Intermediates.noindex/GoogleUtilities.build/Debug-iphoneos/GoogleUtilities-AppDelegateSwizzler.build/Objects-normal/arm64/GULAppDelegateSwizzler.dia -c /Users/emanuelflury/Library/Developer/Xcode/DerivedData/TaxedGmbH_IOS-gerngfqzuwudosgobknlgtoawnlj/SourcePackages/checkouts/GoogleUtilities/GoogleUtilities/AppDelegateSwizzler/GULAppDelegateSwizzler.m -o /Users/emanuelflury/Library/Developer/Xcode/DerivedData/TaxedGmbH_IOS-gerngfqzuwudosgobknlgtoawnlj/Build/Intermediates.noindex/GoogleUtilities.build/Debug-iphoneos/GoogleUtilities-AppDelegateSwizzler.build/Objects-normal/arm64/GULAppDelegateSwizzler.o -index-unit-output-path /GoogleUtilities.build/Debug-iphoneos/GoogleUtilities-AppDelegateSwizzler.build/Objects-normal/arm64/GULAppDelegateSwizzler.o

ScanDependencies /Users/emanuelflury/Library/Developer/Xcode/DerivedData/TaxedGmbH_IOS-gerngfqzuwudosgobknlgtoawnlj/Build/Intermediates.noindex/GoogleDataTransport.build/Debug-iphoneos/GoogleDataTransport.build/Objects-normal/arm64/external_privacy_context.nanopb.o /Users/emanuelflury/Library/Developer/Xcode/DerivedData/TaxedGmbH_IOS-gerngfqzuwudosgobknlgtoawnlj/SourcePackages/checkouts/GoogleDataTransport/GoogleDataTransport/GDTCCTLibrary/Protogen/nanopb/external_privacy_context.nanopb.c normal arm64 c com.apple.compilers.llvm.clang.1_0.compiler (in target 'GoogleDataTransport' from project 'GoogleDataTransport')
    cd /Users/emanuelflury/github/TaxedGmbH_IOS/TaxedGmbH_IOS.xcodeproj
    
    Using response file: /Users/emanuelflury/Library/Developer/Xcode/DerivedData/TaxedGmbH_IOS-gerngfqzuwudosgobknlgtoawnlj/Build/Intermediates.noindex/GoogleDataTransport.build/Debug-iphoneos/GoogleDataTransport.build/Objects-normal/arm64/7187679823f38a2a940e0043cdf9d637-common-args.resp
    
    builtin-ScanDependencies -o /Users/emanuelflury/Library/Developer/Xcode/DerivedData/TaxedGmbH_IOS-gerngfqzuwudosgobknlgtoawnlj/Build/Intermediates.noindex/GoogleDataTransport.build/Debug-iphoneos/GoogleDataTransport.build/Objects-normal/arm64/external_privacy_context.nanopb.o.scan -- /Applications/Xcode.app/Contents/Developer/Toolchains/XcodeDefault.xctoolchain/usr/bin/clang -x c -ivfsstatcache /Users/emanuelflury/Library/Developer/Xcode/DerivedData/SDKStatCaches.noindex/iphoneos26.1-23B77-69b33fc7382b27d9b5d46e82a00f8e78.sdkstatcache -fmessage-length\=0 -fdiagnostics-show-note-include-stack -fmacro-backtrace-limit\=0 -fno-color-diagnostics -fmodules-prune-interval\=86400 -fmodules-prune-after\=345600 -fbuild-session-file\=/Users/emanuelflury/Library/Developer/Xcode/DerivedData/ModuleCache.noindex/Session.modulevalidation -fmodules-validate-once-per-build-session -Wnon-modular-include-in-framework-module -Werror\=non-modular-include-in-framework-module -Wno-trigraphs -Wno-missing-field-initializers -Wno-missing-prototypes -Wno-return-type -Wno-missing-braces -Wparentheses -Wswitch -Wno-unused-function -Wno-unused-label -Wno-unused-parameter -Wno-unused-variable -Wunused-value -Wno-empty-body -Wno-uninitialized -Wno-unknown-pragmas -w -Wno-shadow -Wno-four-char-constants -Wno-conversion -Wno-constant-conversion -Wno-int-conversion -Wno-bool-conversion -Wno-enum-conversion -Wno-float-conversion -Wno-non-literal-null-conversion -Wno-objc-literal-conversion -Wshorten-64-to-32 -Wpointer-sign -Wno-newline-eof -Wno-implicit-fallthrough -fstrict-aliasing -Wdeprecated-declarations -Wno-sign-conversion -Wno-infinite-recursion -Wno-comma -Wno-block-capture-autoreleasing -Wno-strict-prototypes -Wno-semicolon-before-method-body -index-store-path /Users/emanuelflury/Library/Developer/Xcode/DerivedData/TaxedGmbH_IOS-gerngfqzuwudosgobknlgtoawnlj/Index.noindex/DataStore @/Users/emanuelflury/Library/Developer/Xcode/DerivedData/TaxedGmbH_IOS-gerngfqzuwudosgobknlgtoawnlj/Build/Intermediates.noindex/GoogleDataTransport.build/Debug-iphoneos/GoogleDataTransport.build/Objects-normal/arm64/7187679823f38a2a940e0043cdf9d637-common-args.resp -MMD -MT dependencies -MF /Users/emanuelflury/Library/Developer/Xcode/DerivedData/TaxedGmbH_IOS-gerngfqzuwudosgobknlgtoawnlj/Build/Intermediates.noindex/GoogleDataTransport.build/Debug-iphoneos/GoogleDataTransport.build/Objects-normal/arm64/external_privacy_context.nanopb.d --serialize-diagnostics /Users/emanuelflury/Library/Developer/Xcode/DerivedData/TaxedGmbH_IOS-gerngfqzuwudosgobknlgtoawnlj/Build/Intermediates.noindex/GoogleDataTransport.build/Debug-iphoneos/GoogleDataTransport.build/Objects-normal/arm64/external_privacy_context.nanopb.dia -c /Users/emanuelflury/Library/Developer/Xcode/DerivedData/TaxedGmbH_IOS-gerngfqzuwudosgobknlgtoawnlj/SourcePackages/checkouts/GoogleDataTransport/GoogleDataTransport/GDTCCTLibrary/Protogen/nanopb/external_privacy_context.nanopb.c -o /Users/emanuelflury/Library/Developer/Xcode/DerivedData/TaxedGmbH_IOS-gerngfqzuwudosgobknlgtoawnlj/Build/Intermediates.noindex/GoogleDataTransport.build/Debug-iphoneos/GoogleDataTransport.build/Objects-normal/arm64/external_privacy_context.nanopb.o -index-unit-output-path /GoogleDataTransport.build/Debug-iphoneos/GoogleDataTransport.build/Objects-normal/arm64/external_privacy_context.nanopb.o

PrecompileModule /Users/emanuelflury/Library/Developer/Xcode/DerivedData/TaxedGmbH_IOS-gerngfqzuwudosgobknlgtoawnlj/Build/Intermediates.noindex/ExplicitPrecompiledModules/Dispatch-594KF29QHKSCY9LCKF9KVFX9M.scan
    cd /
    builtin-precompileModule /Users/emanuelflury/Library/Developer/Xcode/DerivedData/TaxedGmbH_IOS-gerngfqzuwudosgobknlgtoawnlj/Build/Intermediates.noindex/ExplicitPrecompiledModules/Dispatch-594KF29QHKSCY9LCKF9KVFX9M.scan

ScanDependencies /Users/emanuelflury/Library/Developer/Xcode/DerivedData/TaxedGmbH_IOS-gerngfqzuwudosgobknlgtoawnlj/Build/Intermediates.noindex/GoogleDataTransport.build/Debug-iphoneos/GoogleDataTransport.build/Objects-normal/arm64/external_prequest_context.nanopb.o /Users/emanuelflury/Library/Developer/Xcode/DerivedData/TaxedGmbH_IOS-gerngfqzuwudosgobknlgtoawnlj/SourcePackages/checkouts/GoogleDataTransport/GoogleDataTransport/GDTCCTLibrary/Protogen/nanopb/external_prequest_context.nanopb.c normal arm64 c com.apple.compilers.llvm.clang.1_0.compiler (in target 'GoogleDataTransport' from project 'GoogleDataTransport')
    cd /Users/emanuelflury/github/TaxedGmbH_IOS/TaxedGmbH_IOS.xcodeproj
    
    Using response file: /Users/emanuelflury/Library/Developer/Xcode/DerivedData/TaxedGmbH_IOS-gerngfqzuwudosgobknlgtoawnlj/Build/Intermediates.noindex/GoogleDataTransport.build/Debug-iphoneos/GoogleDataTransport.build/Objects-normal/arm64/7187679823f38a2a940e0043cdf9d637-common-args.resp
    
    builtin-ScanDependencies -o /Users/emanuelflury/Library/Developer/Xcode/DerivedData/TaxedGmbH_IOS-gerngfqzuwudosgobknlgtoawnlj/Build/Intermediates.noindex/GoogleDataTransport.build/Debug-iphoneos/GoogleDataTransport.build/Objects-normal/arm64/external_prequest_context.nanopb.o.scan -- /Applications/Xcode.app/Contents/Developer/Toolchains/XcodeDefault.xctoolchain/usr/bin/clang -x c -ivfsstatcache /Users/emanuelflury/Library/Developer/Xcode/DerivedData/SDKStatCaches.noindex/iphoneos26.1-23B77-69b33fc7382b27d9b5d46e82a00f8e78.sdkstatcache -fmessage-length\=0 -fdiagnostics-show-note-include-stack -fmacro-backtrace-limit\=0 -fno-color-diagnostics -fmodules-prune-interval\=86400 -fmodules-prune-after\=345600 -fbuild-session-file\=/Users/emanuelflury/Library/Developer/Xcode/DerivedData/ModuleCache.noindex/Session.modulevalidation -fmodules-validate-once-per-build-session -Wnon-modular-include-in-framework-module -Werror\=non-modular-include-in-framework-module -Wno-trigraphs -Wno-missing-field-initializers -Wno-missing-prototypes -Wno-return-type -Wno-missing-braces -Wparentheses -Wswitch -Wno-unused-function -Wno-unused-label -Wno-unused-parameter -Wno-unused-variable -Wunused-value -Wno-empty-body -Wno-uninitialized -Wno-unknown-pragmas -w -Wno-shadow -Wno-four-char-constants -Wno-conversion -Wno-constant-conversion -Wno-int-conversion -Wno-bool-conversion -Wno-enum-conversion -Wno-float-conversion -Wno-non-literal-null-conversion -Wno-objc-literal-conversion -Wshorten-64-to-32 -Wpointer-sign -Wno-newline-eof -Wno-implicit-fallthrough -fstrict-aliasing -Wdeprecated-declarations -Wno-sign-conversion -Wno-infinite-recursion -Wno-comma -Wno-block-capture-autoreleasing -Wno-strict-prototypes -Wno-semicolon-before-method-body -index-store-path /Users/emanuelflury/Library/Developer/Xcode/DerivedData/TaxedGmbH_IOS-gerngfqzuwudosgobknlgtoawnlj/Index.noindex/DataStore @/Users/emanuelflury/Library/Developer/Xcode/DerivedData/TaxedGmbH_IOS-gerngfqzuwudosgobknlgtoawnlj/Build/Intermediates.noindex/GoogleDataTransport.build/Debug-iphoneos/GoogleDataTransport.build/Objects-normal/arm64/7187679823f38a2a940e0043cdf9d637-common-args.resp -MMD -MT dependencies -MF /Users/emanuelflury/Library/Developer/Xcode/DerivedData/TaxedGmbH_IOS-gerngfqzuwudosgobknlgtoawnlj/Build/Intermediates.noindex/GoogleDataTransport.build/Debug-iphoneos/GoogleDataTransport.build/Objects-normal/arm64/external_prequest_context.nanopb.d --serialize-diagnostics /Users/emanuelflury/Library/Developer/Xcode/DerivedData/TaxedGmbH_IOS-gerngfqzuwudosgobknlgtoawnlj/Build/Intermediates.noindex/GoogleDataTransport.build/Debug-iphoneos/GoogleDataTransport.build/Objects-normal/arm64/external_prequest_context.nanopb.dia -c /Users/emanuelflury/Library/Developer/Xcode/DerivedData/TaxedGmbH_IOS-gerngfqzuwudosgobknlgtoawnlj/SourcePackages/checkouts/GoogleDataTransport/GoogleDataTransport/GDTCCTLibrary/Protogen/nanopb/external_prequest_context.nanopb.c -o /Users/emanuelflury/Library/Developer/Xcode/DerivedData/TaxedGmbH_IOS-gerngfqzuwudosgobknlgtoawnlj/Build/Intermediates.noindex/GoogleDataTransport.build/Debug-iphoneos/GoogleDataTransport.build/Objects-normal/arm64/external_prequest_context.nanopb.o -index-unit-output-path /GoogleDataTransport.build/Debug-iphoneos/GoogleDataTransport.build/Objects-normal/arm64/external_prequest_context.nanopb.o

ScanDependencies /Users/emanuelflury/Library/Developer/Xcode/DerivedData/TaxedGmbH_IOS-gerngfqzuwudosgobknlgtoawnlj/Build/Intermediates.noindex/GoogleDataTransport.build/Debug-iphoneos/GoogleDataTransport.build/Objects-normal/arm64/compliance.nanopb.o /Users/emanuelflury/Library/Developer/Xcode/DerivedData/TaxedGmbH_IOS-gerngfqzuwudosgobknlgtoawnlj/SourcePackages/checkouts/GoogleDataTransport/GoogleDataTransport/GDTCCTLibrary/Protogen/nanopb/compliance.nanopb.c normal arm64 c com.apple.compilers.llvm.clang.1_0.compiler (in target 'GoogleDataTransport' from project 'GoogleDataTransport')
    cd /Users/emanuelflury/github/TaxedGmbH_IOS/TaxedGmbH_IOS.xcodeproj
    
    Using response file: /Users/emanuelflury/Library/Developer/Xcode/DerivedData/TaxedGmbH_IOS-gerngfqzuwudosgobknlgtoawnlj/Build/Intermediates.noindex/GoogleDataTransport.build/Debug-iphoneos/GoogleDataTransport.build/Objects-normal/arm64/7187679823f38a2a940e0043cdf9d637-common-args.resp
    
    builtin-ScanDependencies -o /Users/emanuelflury/Library/Developer/Xcode/DerivedData/TaxedGmbH_IOS-gerngfqzuwudosgobknlgtoawnlj/Build/Intermediates.noindex/GoogleDataTransport.build/Debug-iphoneos/GoogleDataTransport.build/Objects-normal/arm64/compliance.nanopb.o.scan -- /Applications/Xcode.app/Contents/Developer/Toolchains/XcodeDefault.xctoolchain/usr/bin/clang -x c -ivfsstatcache /Users/emanuelflury/Library/Developer/Xcode/DerivedData/SDKStatCaches.noindex/iphoneos26.1-23B77-69b33fc7382b27d9b5d46e82a00f8e78.sdkstatcache -fmessage-length\=0 -fdiagnostics-show-note-include-stack -fmacro-backtrace-limit\=0 -fno-color-diagnostics -fmodules-prune-interval\=86400 -fmodules-prune-after\=345600 -fbuild-session-file\=/Users/emanuelflury/Library/Developer/Xcode/DerivedData/ModuleCache.noindex/Session.modulevalidation -fmodules-validate-once-per-build-session -Wnon-modular-include-in-framework-module -Werror\=non-modular-include-in-framework-module -Wno-trigraphs -Wno-missing-field-initializers -Wno-missing-prototypes -Wno-return-type -Wno-missing-braces -Wparentheses -Wswitch -Wno-unused-function -Wno-unused-label -Wno-unused-parameter -Wno-unused-variable -Wunused-value -Wno-empty-body -Wno-uninitialized -Wno-unknown-pragmas -w -Wno-shadow -Wno-four-char-constants -Wno-conversion -Wno-constant-conversion -Wno-int-conversion -Wno-bool-conversion -Wno-enum-conversion -Wno-float-conversion -Wno-non-literal-null-conversion -Wno-objc-literal-conversion -Wshorten-64-to-32 -Wpointer-sign -Wno-newline-eof -Wno-implicit-fallthrough -fstrict-aliasing -Wdeprecated-declarations -Wno-sign-conversion -Wno-infinite-recursion -Wno-comma -Wno-block-capture-autoreleasing -Wno-strict-prototypes -Wno-semicolon-before-method-body -index-store-path /Users/emanuelflury/Library/Developer/Xcode/DerivedData/TaxedGmbH_IOS-gerngfqzuwudosgobknlgtoawnlj/Index.noindex/DataStore @/Users/emanuelflury/Library/Developer/Xcode/DerivedData/TaxedGmbH_IOS-gerngfqzuwudosgobknlgtoawnlj/Build/Intermediates.noindex/GoogleDataTransport.build/Debug-iphoneos/GoogleDataTransport.build/Objects-normal/arm64/7187679823f38a2a940e0043cdf9d637-common-args.resp -MMD -MT dependencies -MF /Users/emanuelflury/Library/Developer/Xcode/DerivedData/TaxedGmbH_IOS-gerngfqzuwudosgobknlgtoawnlj/Build/Intermediates.noindex/GoogleDataTransport.build/Debug-iphoneos/GoogleDataTransport.build/Objects-normal/arm64/compliance.nanopb.d --serialize-diagnostics /Users/emanuelflury/Library/Developer/Xcode/DerivedData/TaxedGmbH_IOS-gerngfqzuwudosgobknlgtoawnlj/Build/Intermediates.noindex/GoogleDataTransport.build/Debug-iphoneos/GoogleDataTransport.build/Objects-normal/arm64/compliance.nanopb.dia -c /Users/emanuelflury/Library/Developer/Xcode/DerivedData/TaxedGmbH_IOS-gerngfqzuwudosgobknlgtoawnlj/SourcePackages/checkouts/GoogleDataTransport/GoogleDataTransport/GDTCCTLibrary/Protogen/nanopb/compliance.nanopb.c -o /Users/emanuelflury/Library/Developer/Xcode/DerivedData/TaxedGmbH_IOS-gerngfqzuwudosgobknlgtoawnlj/Build/Intermediates.noindex/GoogleDataTransport.build/Debug-iphoneos/GoogleDataTransport.build/Objects-normal/arm64/compliance.nanopb.o -index-unit-output-path /GoogleDataTransport.build/Debug-iphoneos/GoogleDataTransport.build/Objects-normal/arm64/compliance.nanopb.o

ScanDependencies /Users/emanuelflury/Library/Developer/Xcode/DerivedData/TaxedGmbH_IOS-gerngfqzuwudosgobknlgtoawnlj/Build/Intermediates.noindex/GoogleDataTransport.build/Debug-iphoneos/GoogleDataTransport.build/Objects-normal/arm64/client_metrics.nanopb.o /Users/emanuelflury/Library/Developer/Xcode/DerivedData/TaxedGmbH_IOS-gerngfqzuwudosgobknlgtoawnlj/SourcePackages/checkouts/GoogleDataTransport/GoogleDataTransport/GDTCCTLibrary/Protogen/nanopb/client_metrics.nanopb.c normal arm64 c com.apple.compilers.llvm.clang.1_0.compiler (in target 'GoogleDataTransport' from project 'GoogleDataTransport')
    cd /Users/emanuelflury/github/TaxedGmbH_IOS/TaxedGmbH_IOS.xcodeproj
    
    Using response file: /Users/emanuelflury/Library/Developer/Xcode/DerivedData/TaxedGmbH_IOS-gerngfqzuwudosgobknlgtoawnlj/Build/Intermediates.noindex/GoogleDataTransport.build/Debug-iphoneos/GoogleDataTransport.build/Objects-normal/arm64/7187679823f38a2a940e0043cdf9d637-common-args.resp
    
    builtin-ScanDependencies -o /Users/emanuelflury/Library/Developer/Xcode/DerivedData/TaxedGmbH_IOS-gerngfqzuwudosgobknlgtoawnlj/Build/Intermediates.noindex/GoogleDataTransport.build/Debug-iphoneos/GoogleDataTransport.build/Objects-normal/arm64/client_metrics.nanopb.o.scan -- /Applications/Xcode.app/Contents/Developer/Toolchains/XcodeDefault.xctoolchain/usr/bin/clang -x c -ivfsstatcache /Users/emanuelflury/Library/Developer/Xcode/DerivedData/SDKStatCaches.noindex/iphoneos26.1-23B77-69b33fc7382b27d9b5d46e82a00f8e78.sdkstatcache -fmessage-length\=0 -fdiagnostics-show-note-include-stack -fmacro-backtrace-limit\=0 -fno-color-diagnostics -fmodules-prune-interval\=86400 -fmodules-prune-after\=345600 -fbuild-session-file\=/Users/emanuelflury/Library/Developer/Xcode/DerivedData/ModuleCache.noindex/Session.modulevalidation -fmodules-validate-once-per-build-session -Wnon-modular-include-in-framework-module -Werror\=non-modular-include-in-framework-module -Wno-trigraphs -Wno-missing-field-initializers -Wno-missing-prototypes -Wno-return-type -Wno-missing-braces -Wparentheses -Wswitch -Wno-unused-function -Wno-unused-label -Wno-unused-parameter -Wno-unused-variable -Wunused-value -Wno-empty-body -Wno-uninitialized -Wno-unknown-pragmas -w -Wno-shadow -Wno-four-char-constants -Wno-conversion -Wno-constant-conversion -Wno-int-conversion -Wno-bool-conversion -Wno-enum-conversion -Wno-float-conversion -Wno-non-literal-null-conversion -Wno-objc-literal-conversion -Wshorten-64-to-32 -Wpointer-sign -Wno-newline-eof -Wno-implicit-fallthrough -fstrict-aliasing -Wdeprecated-declarations -Wno-sign-conversion -Wno-infinite-recursion -Wno-comma -Wno-block-capture-autoreleasing -Wno-strict-prototypes -Wno-semicolon-before-method-body -index-store-path /Users/emanuelflury/Library/Developer/Xcode/DerivedData/TaxedGmbH_IOS-gerngfqzuwudosgobknlgtoawnlj/Index.noindex/DataStore @/Users/emanuelflury/Library/Developer/Xcode/DerivedData/TaxedGmbH_IOS-gerngfqzuwudosgobknlgtoawnlj/Build/Intermediates.noindex/GoogleDataTransport.build/Debug-iphoneos/GoogleDataTransport.build/Objects-normal/arm64/7187679823f38a2a940e0043cdf9d637-common-args.resp -MMD -MT dependencies -MF /Users/emanuelflury/Library/Developer/Xcode/DerivedData/TaxedGmbH_IOS-gerngfqzuwudosgobknlgtoawnlj/Build/Intermediates.noindex/GoogleDataTransport.build/Debug-iphoneos/GoogleDataTransport.build/Objects-normal/arm64/client_metrics.nanopb.d --serialize-diagnostics /Users/emanuelflury/Library/Developer/Xcode/DerivedData/TaxedGmbH_IOS-gerngfqzuwudosgobknlgtoawnlj/Build/Intermediates.noindex/GoogleDataTransport.build/Debug-iphoneos/GoogleDataTransport.build/Objects-normal/arm64/client_metrics.nanopb.dia -c /Users/emanuelflury/Library/Developer/Xcode/DerivedData/TaxedGmbH_IOS-gerngfqzuwudosgobknlgtoawnlj/SourcePackages/checkouts/GoogleDataTransport/GoogleDataTransport/GDTCCTLibrary/Protogen/nanopb/client_metrics.nanopb.c -o /Users/emanuelflury/Library/Developer/Xcode/DerivedData/TaxedGmbH_IOS-gerngfqzuwudosgobknlgtoawnlj/Build/Intermediates.noindex/GoogleDataTransport.build/Debug-iphoneos/GoogleDataTransport.build/Objects-normal/arm64/client_metrics.nanopb.o -index-unit-output-path /GoogleDataTransport.build/Debug-iphoneos/GoogleDataTransport.build/Objects-normal/arm64/client_metrics.nanopb.o

PrecompileModule /Users/emanuelflury/Library/Developer/Xcode/DerivedData/TaxedGmbH_IOS-gerngfqzuwudosgobknlgtoawnlj/Build/Intermediates.noindex/ExplicitPrecompiledModules/_AvailabilityInternal-5936JQN0GDEE8DHNSFEE5LLCE.scan
    cd /
    builtin-precompileModule /Users/emanuelflury/Library/Developer/Xcode/DerivedData/TaxedGmbH_IOS-gerngfqzuwudosgobknlgtoawnlj/Build/Intermediates.noindex/ExplicitPrecompiledModules/_AvailabilityInternal-5936JQN0GDEE8DHNSFEE5LLCE.scan

PrecompileModule /Users/emanuelflury/Library/Developer/Xcode/DerivedData/TaxedGmbH_IOS-gerngfqzuwudosgobknlgtoawnlj/Build/Intermediates.noindex/ExplicitPrecompiledModules/_Builtin_stdbool-EDNDAF8R59XRPKA1F31Z0CLRB.scan
    cd /
    builtin-precompileModule /Users/emanuelflury/Library/Developer/Xcode/DerivedData/TaxedGmbH_IOS-gerngfqzuwudosgobknlgtoawnlj/Build/Intermediates.noindex/ExplicitPrecompiledModules/_Builtin_stdbool-EDNDAF8R59XRPKA1F31Z0CLRB.scan

PrecompileModule /Users/emanuelflury/Library/Developer/Xcode/DerivedData/TaxedGmbH_IOS-gerngfqzuwudosgobknlgtoawnlj/Build/Intermediates.noindex/ExplicitPrecompiledModules/ptrcheck-79A1I1L9MCNB2P8YMAFPE9TH5.scan
    cd /
    builtin-precompileModule /Users/emanuelflury/Library/Developer/Xcode/DerivedData/TaxedGmbH_IOS-gerngfqzuwudosgobknlgtoawnlj/Build/Intermediates.noindex/ExplicitPrecompiledModules/ptrcheck-79A1I1L9MCNB2P8YMAFPE9TH5.scan

PrecompileModule /Users/emanuelflury/Library/Developer/Xcode/DerivedData/TaxedGmbH_IOS-gerngfqzuwudosgobknlgtoawnlj/Build/Intermediates.noindex/ExplicitPrecompiledModules/_AvailabilityInternal-1NB98HGMTT7T1T851XQB419R1.scan
    cd /
    builtin-precompileModule /Users/emanuelflury/Library/Developer/Xcode/DerivedData/TaxedGmbH_IOS-gerngfqzuwudosgobknlgtoawnlj/Build/Intermediates.noindex/ExplicitPrecompiledModules/_AvailabilityInternal-1NB98HGMTT7T1T851XQB419R1.scan

PrecompileModule /Users/emanuelflury/Library/Developer/Xcode/DerivedData/TaxedGmbH_IOS-gerngfqzuwudosgobknlgtoawnlj/Build/Intermediates.noindex/ExplicitPrecompiledModules/_Builtin_stdarg-7ARK5NPRIOTOITPRW5M4ZZKZM.scan
    cd /
    builtin-precompileModule /Users/emanuelflury/Library/Developer/Xcode/DerivedData/TaxedGmbH_IOS-gerngfqzuwudosgobknlgtoawnlj/Build/Intermediates.noindex/ExplicitPrecompiledModules/_Builtin_stdarg-7ARK5NPRIOTOITPRW5M4ZZKZM.scan

PrecompileModule /Users/emanuelflury/Library/Developer/Xcode/DerivedData/TaxedGmbH_IOS-gerngfqzuwudosgobknlgtoawnlj/Build/Intermediates.noindex/ExplicitPrecompiledModules/_Builtin_stddef-B32F94N9GJFKAERW8MPFA75R.scan
    cd /
    builtin-precompileModule /Users/emanuelflury/Library/Developer/Xcode/DerivedData/TaxedGmbH_IOS-gerngfqzuwudosgobknlgtoawnlj/Build/Intermediates.noindex/ExplicitPrecompiledModules/_Builtin_stddef-B32F94N9GJFKAERW8MPFA75R.scan

PrecompileModule /Users/emanuelflury/Library/Developer/Xcode/DerivedData/TaxedGmbH_IOS-gerngfqzuwudosgobknlgtoawnlj/Build/Intermediates.noindex/ExplicitPrecompiledModules/ptrcheck-9FDPK1H6EN9FXIKJ4LB8VO5QK.scan
    cd /
    builtin-precompileModule /Users/emanuelflury/Library/Developer/Xcode/DerivedData/TaxedGmbH_IOS-gerngfqzuwudosgobknlgtoawnlj/Build/Intermediates.noindex/ExplicitPrecompiledModules/ptrcheck-9FDPK1H6EN9FXIKJ4LB8VO5QK.scan

PrecompileModule /Users/emanuelflury/Library/Developer/Xcode/DerivedData/TaxedGmbH_IOS-gerngfqzuwudosgobknlgtoawnlj/Build/Intermediates.noindex/ExplicitPrecompiledModules/_Builtin_float-5WNBHKPQOJSU6LSY3FT4CKMG1.scan
    cd /
    builtin-precompileModule /Users/emanuelflury/Library/Developer/Xcode/DerivedData/TaxedGmbH_IOS-gerngfqzuwudosgobknlgtoawnlj/Build/Intermediates.noindex/ExplicitPrecompiledModules/_Builtin_float-5WNBHKPQOJSU6LSY3FT4CKMG1.scan

PrecompileModule /Users/emanuelflury/Library/Developer/Xcode/DerivedData/TaxedGmbH_IOS-gerngfqzuwudosgobknlgtoawnlj/Build/Intermediates.noindex/ExplicitPrecompiledModules/XPC-9VX5NNUDK7IQN0VTFHBKUCX71.scan
    cd /
    builtin-precompileModule /Users/emanuelflury/Library/Developer/Xcode/DerivedData/TaxedGmbH_IOS-gerngfqzuwudosgobknlgtoawnlj/Build/Intermediates.noindex/ExplicitPrecompiledModules/XPC-9VX5NNUDK7IQN0VTFHBKUCX71.scan

PrecompileModule /Users/emanuelflury/Library/Developer/Xcode/DerivedData/TaxedGmbH_IOS-gerngfqzuwudosgobknlgtoawnlj/Build/Intermediates.noindex/ExplicitPrecompiledModules/CoreFoundation-68ZE3Q7RAI4R56YSNQBF0R9T3.scan
    cd /
    builtin-precompileModule /Users/emanuelflury/Library/Developer/Xcode/DerivedData/TaxedGmbH_IOS-gerngfqzuwudosgobknlgtoawnlj/Build/Intermediates.noindex/ExplicitPrecompiledModules/CoreFoundation-68ZE3Q7RAI4R56YSNQBF0R9T3.scan

PrecompileModule /Users/emanuelflury/Library/Developer/Xcode/DerivedData/TaxedGmbH_IOS-gerngfqzuwudosgobknlgtoawnlj/Build/Intermediates.noindex/ExplicitPrecompiledModules/_Builtin_stddef-7S8ZYWHER4S1A7JOI3CXK5AF8.scan
    cd /
    builtin-precompileModule /Users/emanuelflury/Library/Developer/Xcode/DerivedData/TaxedGmbH_IOS-gerngfqzuwudosgobknlgtoawnlj/Build/Intermediates.noindex/ExplicitPrecompiledModules/_Builtin_stddef-7S8ZYWHER4S1A7JOI3CXK5AF8.scan

PrecompileModule /Users/emanuelflury/Library/Developer/Xcode/DerivedData/TaxedGmbH_IOS-gerngfqzuwudosgobknlgtoawnlj/Build/Intermediates.noindex/ExplicitPrecompiledModules/_DarwinFoundation1-8WIMCJ08SPTRGEM88VQ2EKFYT.scan
    cd /
    builtin-precompileModule /Users/emanuelflury/Library/Developer/Xcode/DerivedData/TaxedGmbH_IOS-gerngfqzuwudosgobknlgtoawnlj/Build/Intermediates.noindex/ExplicitPrecompiledModules/_DarwinFoundation1-8WIMCJ08SPTRGEM88VQ2EKFYT.scan

PrecompileModule /Users/emanuelflury/Library/Developer/Xcode/DerivedData/TaxedGmbH_IOS-gerngfqzuwudosgobknlgtoawnlj/Build/Intermediates.noindex/ExplicitPrecompiledModules/_DarwinFoundation1-9ARX0JQH1LBOCFNYTP7N25JZZ.scan
    cd /
    builtin-precompileModule /Users/emanuelflury/Library/Developer/Xcode/DerivedData/TaxedGmbH_IOS-gerngfqzuwudosgobknlgtoawnlj/Build/Intermediates.noindex/ExplicitPrecompiledModules/_DarwinFoundation1-9ARX0JQH1LBOCFNYTP7N25JZZ.scan

PrecompileModule /Users/emanuelflury/Library/Developer/Xcode/DerivedData/TaxedGmbH_IOS-gerngfqzuwudosgobknlgtoawnlj/Build/Intermediates.noindex/ExplicitPrecompiledModules/_Builtin_stdbool-9TZMVIM3Z92ELLY3XSV30KUAV.scan
    cd /
    builtin-precompileModule /Users/emanuelflury/Library/Developer/Xcode/DerivedData/TaxedGmbH_IOS-gerngfqzuwudosgobknlgtoawnlj/Build/Intermediates.noindex/ExplicitPrecompiledModules/_Builtin_stdbool-9TZMVIM3Z92ELLY3XSV30KUAV.scan

PrecompileModule /Users/emanuelflury/Library/Developer/Xcode/DerivedData/TaxedGmbH_IOS-gerngfqzuwudosgobknlgtoawnlj/Build/Intermediates.noindex/ExplicitPrecompiledModules/_Builtin_stdarg-8DJ6ES65MTMV33PP6K77YTUTG.scan
    cd /
    builtin-precompileModule /Users/emanuelflury/Library/Developer/Xcode/DerivedData/TaxedGmbH_IOS-gerngfqzuwudosgobknlgtoawnlj/Build/Intermediates.noindex/ExplicitPrecompiledModules/_Builtin_stdarg-8DJ6ES65MTMV33PP6K77YTUTG.scan

PrecompileModule /Users/emanuelflury/Library/Developer/Xcode/DerivedData/TaxedGmbH_IOS-gerngfqzuwudosgobknlgtoawnlj/Build/Intermediates.noindex/ExplicitPrecompiledModules/ptrauth-CQAY5HYZ6SFSRBN6L5CK4RYWY.scan
    cd /
    builtin-precompileModule /Users/emanuelflury/Library/Developer/Xcode/DerivedData/TaxedGmbH_IOS-gerngfqzuwudosgobknlgtoawnlj/Build/Intermediates.noindex/ExplicitPrecompiledModules/ptrauth-CQAY5HYZ6SFSRBN6L5CK4RYWY.scan

ScanDependencies /Users/emanuelflury/Library/Developer/Xcode/DerivedData/TaxedGmbH_IOS-gerngfqzuwudosgobknlgtoawnlj/Build/Intermediates.noindex/GoogleDataTransport.build/Debug-iphoneos/GoogleDataTransport.build/Objects-normal/arm64/cct.nanopb.o /Users/emanuelflury/Library/Developer/Xcode/DerivedData/TaxedGmbH_IOS-gerngfqzuwudosgobknlgtoawnlj/SourcePackages/checkouts/GoogleDataTransport/GoogleDataTransport/GDTCCTLibrary/Protogen/nanopb/cct.nanopb.c normal arm64 c com.apple.compilers.llvm.clang.1_0.compiler (in target 'GoogleDataTransport' from project 'GoogleDataTransport')
    cd /Users/emanuelflury/github/TaxedGmbH_IOS/TaxedGmbH_IOS.xcodeproj
    
    Using response file: /Users/emanuelflury/Library/Developer/Xcode/DerivedData/TaxedGmbH_IOS-gerngfqzuwudosgobknlgtoawnlj/Build/Intermediates.noindex/GoogleDataTransport.build/Debug-iphoneos/GoogleDataTransport.build/Objects-normal/arm64/7187679823f38a2a940e0043cdf9d637-common-args.resp
    
    builtin-ScanDependencies -o /Users/emanuelflury/Library/Developer/Xcode/DerivedData/TaxedGmbH_IOS-gerngfqzuwudosgobknlgtoawnlj/Build/Intermediates.noindex/GoogleDataTransport.build/Debug-iphoneos/GoogleDataTransport.build/Objects-normal/arm64/cct.nanopb.o.scan -- /Applications/Xcode.app/Contents/Developer/Toolchains/XcodeDefault.xctoolchain/usr/bin/clang -x c -ivfsstatcache /Users/emanuelflury/Library/Developer/Xcode/DerivedData/SDKStatCaches.noindex/iphoneos26.1-23B77-69b33fc7382b27d9b5d46e82a00f8e78.sdkstatcache -fmessage-length\=0 -fdiagnostics-show-note-include-stack -fmacro-backtrace-limit\=0 -fno-color-diagnostics -fmodules-prune-interval\=86400 -fmodules-prune-after\=345600 -fbuild-session-file\=/Users/emanuelflury/Library/Developer/Xcode/DerivedData/ModuleCache.noindex/Session.modulevalidation -fmodules-validate-once-per-build-session -Wnon-modular-include-in-framework-module -Werror\=non-modular-include-in-framework-module -Wno-trigraphs -Wno-missing-field-initializers -Wno-missing-prototypes -Wno-return-type -Wno-missing-braces -Wparentheses -Wswitch -Wno-unused-function -Wno-unused-label -Wno-unused-parameter -Wno-unused-variable -Wunused-value -Wno-empty-body -Wno-uninitialized -Wno-unknown-pragmas -w -Wno-shadow -Wno-four-char-constants -Wno-conversion -Wno-constant-conversion -Wno-int-conversion -Wno-bool-conversion -Wno-enum-conversion -Wno-float-conversion -Wno-non-literal-null-conversion -Wno-objc-literal-conversion -Wshorten-64-to-32 -Wpointer-sign -Wno-newline-eof -Wno-implicit-fallthrough -fstrict-aliasing -Wdeprecated-declarations -Wno-sign-conversion -Wno-infinite-recursion -Wno-comma -Wno-block-capture-autoreleasing -Wno-strict-prototypes -Wno-semicolon-before-method-body -index-store-path /Users/emanuelflury/Library/Developer/Xcode/DerivedData/TaxedGmbH_IOS-gerngfqzuwudosgobknlgtoawnlj/Index.noindex/DataStore @/Users/emanuelflury/Library/Developer/Xcode/DerivedData/TaxedGmbH_IOS-gerngfqzuwudosgobknlgtoawnlj/Build/Intermediates.noindex/GoogleDataTransport.build/Debug-iphoneos/GoogleDataTransport.build/Objects-normal/arm64/7187679823f38a2a940e0043cdf9d637-common-args.resp -MMD -MT dependencies -MF /Users/emanuelflury/Library/Developer/Xcode/DerivedData/TaxedGmbH_IOS-gerngfqzuwudosgobknlgtoawnlj/Build/Intermediates.noindex/GoogleDataTransport.build/Debug-iphoneos/GoogleDataTransport.build/Objects-normal/arm64/cct.nanopb.d --serialize-diagnostics /Users/emanuelflury/Library/Developer/Xcode/DerivedData/TaxedGmbH_IOS-gerngfqzuwudosgobknlgtoawnlj/Build/Intermediates.noindex/GoogleDataTransport.build/Debug-iphoneos/GoogleDataTransport.build/Objects-normal/arm64/cct.nanopb.dia -c /Users/emanuelflury/Library/Developer/Xcode/DerivedData/TaxedGmbH_IOS-gerngfqzuwudosgobknlgtoawnlj/SourcePackages/checkouts/GoogleDataTransport/GoogleDataTransport/GDTCCTLibrary/Protogen/nanopb/cct.nanopb.c -o /Users/emanuelflury/Library/Developer/Xcode/DerivedData/TaxedGmbH_IOS-gerngfqzuwudosgobknlgtoawnlj/Build/Intermediates.noindex/GoogleDataTransport.build/Debug-iphoneos/GoogleDataTransport.build/Objects-normal/arm64/cct.nanopb.o -index-unit-output-path /GoogleDataTransport.build/Debug-iphoneos/GoogleDataTransport.build/Objects-normal/arm64/cct.nanopb.o

ScanDependencies /Users/emanuelflury/Library/Developer/Xcode/DerivedData/TaxedGmbH_IOS-gerngfqzuwudosgobknlgtoawnlj/Build/Intermediates.noindex/GoogleDataTransport.build/Debug-iphoneos/GoogleDataTransport.build/Objects-normal/arm64/GDTCORUploadCoordinator.o /Users/emanuelflury/Library/Developer/Xcode/DerivedData/TaxedGmbH_IOS-gerngfqzuwudosgobknlgtoawnlj/SourcePackages/checkouts/GoogleDataTransport/GoogleDataTransport/GDTCORLibrary/GDTCORUploadCoordinator.m normal arm64 objective-c com.apple.compilers.llvm.clang.1_0.compiler (in target 'GoogleDataTransport' from project 'GoogleDataTransport')
    cd /Users/emanuelflury/github/TaxedGmbH_IOS/TaxedGmbH_IOS.xcodeproj
    
    Using response file: /Users/emanuelflury/Library/Developer/Xcode/DerivedData/TaxedGmbH_IOS-gerngfqzuwudosgobknlgtoawnlj/Build/Intermediates.noindex/GoogleDataTransport.build/Debug-iphoneos/GoogleDataTransport.build/Objects-normal/arm64/e6072d4f65d7061329687fe24e3d63a7-common-args.resp
    
    builtin-ScanDependencies -o /Users/emanuelflury/Library/Developer/Xcode/DerivedData/TaxedGmbH_IOS-gerngfqzuwudosgobknlgtoawnlj/Build/Intermediates.noindex/GoogleDataTransport.build/Debug-iphoneos/GoogleDataTransport.build/Objects-normal/arm64/GDTCORUploadCoordinator.o.scan -- /Applications/Xcode.app/Contents/Developer/Toolchains/XcodeDefault.xctoolchain/usr/bin/clang -x objective-c -ivfsstatcache /Users/emanuelflury/Library/Developer/Xcode/DerivedData/SDKStatCaches.noindex/iphoneos26.1-23B77-69b33fc7382b27d9b5d46e82a00f8e78.sdkstatcache -fmessage-length\=0 -fdiagnostics-show-note-include-stack -fmacro-backtrace-limit\=0 -fno-color-diagnostics -fmodules-prune-interval\=86400 -fmodules-prune-after\=345600 -fbuild-session-file\=/Users/emanuelflury/Library/Developer/Xcode/DerivedData/ModuleCache.noindex/Session.modulevalidation -fmodules-validate-once-per-build-session -Wnon-modular-include-in-framework-module -Werror\=non-modular-include-in-framework-module -Wno-trigraphs -Wno-missing-field-initializers -Wno-missing-prototypes -Wno-return-type -Wno-implicit-atomic-properties -Wno-objc-interface-ivars -Wno-arc-repeated-use-of-weak -Wno-missing-braces -Wparentheses -Wswitch -Wno-unused-function -Wno-unused-label -Wno-unused-parameter -Wno-unused-variable -Wunused-value -Wno-empty-body -Wno-uninitialized -Wno-unknown-pragmas -w -Wno-shadow -Wno-four-char-constants -Wno-conversion -Wno-constant-conversion -Wno-int-conversion -Wno-bool-conversion -Wno-enum-conversion -Wno-float-conversion -Wno-non-literal-null-conversion -Wno-objc-literal-conversion -Wshorten-64-to-32 -Wpointer-sign -Wno-newline-eof -Wno-selector -Wno-strict-selector-match -Wno-undeclared-selector -Wno-deprecated-implementations -Wno-implicit-fallthrough -fstrict-aliasing -Wprotocol -Wdeprecated-declarations -Wno-sign-conversion -Wno-infinite-recursion -Wno-comma -Wno-block-capture-autoreleasing -Wno-strict-prototypes -Wno-semicolon-before-method-body -index-store-path /Users/emanuelflury/Library/Developer/Xcode/DerivedData/TaxedGmbH_IOS-gerngfqzuwudosgobknlgtoawnlj/Index.noindex/DataStore @/Users/emanuelflury/Library/Developer/Xcode/DerivedData/TaxedGmbH_IOS-gerngfqzuwudosgobknlgtoawnlj/Build/Intermediates.noindex/GoogleDataTransport.build/Debug-iphoneos/GoogleDataTransport.build/Objects-normal/arm64/e6072d4f65d7061329687fe24e3d63a7-common-args.resp -include /Users/emanuelflury/Library/Developer/Xcode/DerivedData/TaxedGmbH_IOS-gerngfqzuwudosgobknlgtoawnlj/Build/Intermediates.noindex/GoogleDataTransport.build/Debug-iphoneos/GoogleDataTransport.build/DerivedSources/resource_bundle_accessor.h -MMD -MT dependencies -MF /Users/emanuelflury/Library/Developer/Xcode/DerivedData/TaxedGmbH_IOS-gerngfqzuwudosgobknlgtoawnlj/Build/Intermediates.noindex/GoogleDataTransport.build/Debug-iphoneos/GoogleDataTransport.build/Objects-normal/arm64/GDTCORUploadCoordinator.d --serialize-diagnostics /Users/emanuelflury/Library/Developer/Xcode/DerivedData/TaxedGmbH_IOS-gerngfqzuwudosgobknlgtoawnlj/Build/Intermediates.noindex/GoogleDataTransport.build/Debug-iphoneos/GoogleDataTransport.build/Objects-normal/arm64/GDTCORUploadCoordinator.dia -c /Users/emanuelflury/Library/Developer/Xcode/DerivedData/TaxedGmbH_IOS-gerngfqzuwudosgobknlgtoawnlj/SourcePackages/checkouts/GoogleDataTransport/GoogleDataTransport/GDTCORLibrary/GDTCORUploadCoordinator.m -o /Users/emanuelflury/Library/Developer/Xcode/DerivedData/TaxedGmbH_IOS-gerngfqzuwudosgobknlgtoawnlj/Build/Intermediates.noindex/GoogleDataTransport.build/Debug-iphoneos/GoogleDataTransport.build/Objects-normal/arm64/GDTCORUploadCoordinator.o -index-unit-output-path /GoogleDataTransport.build/Debug-iphoneos/GoogleDataTransport.build/Objects-normal/arm64/GDTCORUploadCoordinator.o

PrecompileModule /Users/emanuelflury/Library/Developer/Xcode/DerivedData/TaxedGmbH_IOS-gerngfqzuwudosgobknlgtoawnlj/Build/Intermediates.noindex/ExplicitPrecompiledModules/_DarwinFoundation2-8UDD2S613JW4R9FWA2LNM8M9O.scan
    cd /
    builtin-precompileModule /Users/emanuelflury/Library/Developer/Xcode/DerivedData/TaxedGmbH_IOS-gerngfqzuwudosgobknlgtoawnlj/Build/Intermediates.noindex/ExplicitPrecompiledModules/_DarwinFoundation2-8UDD2S613JW4R9FWA2LNM8M9O.scan

PrecompileModule /Users/emanuelflury/Library/Developer/Xcode/DerivedData/TaxedGmbH_IOS-gerngfqzuwudosgobknlgtoawnlj/Build/Intermediates.noindex/ExplicitPrecompiledModules/_DarwinFoundation2-3Z29VJYBPRGXSOGAYAIIF19ER.scan
    cd /
    builtin-precompileModule /Users/emanuelflury/Library/Developer/Xcode/DerivedData/TaxedGmbH_IOS-gerngfqzuwudosgobknlgtoawnlj/Build/Intermediates.noindex/ExplicitPrecompiledModules/_DarwinFoundation2-3Z29VJYBPRGXSOGAYAIIF19ER.scan

PrecompileModule /Users/emanuelflury/Library/Developer/Xcode/DerivedData/TaxedGmbH_IOS-gerngfqzuwudosgobknlgtoawnlj/Build/Intermediates.noindex/ExplicitPrecompiledModules/_Builtin_limits-ANBF5OTF315A2QLNZ6XS3905J.scan
    cd /
    builtin-precompileModule /Users/emanuelflury/Library/Developer/Xcode/DerivedData/TaxedGmbH_IOS-gerngfqzuwudosgobknlgtoawnlj/Build/Intermediates.noindex/ExplicitPrecompiledModules/_Builtin_limits-ANBF5OTF315A2QLNZ6XS3905J.scan

ScanDependencies /Users/emanuelflury/Library/Developer/Xcode/DerivedData/TaxedGmbH_IOS-gerngfqzuwudosgobknlgtoawnlj/Build/Intermediates.noindex/GoogleDataTransport.build/Debug-iphoneos/GoogleDataTransport.build/Objects-normal/arm64/GDTCORUploadBatch.o /Users/emanuelflury/Library/Developer/Xcode/DerivedData/TaxedGmbH_IOS-gerngfqzuwudosgobknlgtoawnlj/SourcePackages/checkouts/GoogleDataTransport/GoogleDataTransport/GDTCORLibrary/GDTCORUploadBatch.m normal arm64 objective-c com.apple.compilers.llvm.clang.1_0.compiler (in target 'GoogleDataTransport' from project 'GoogleDataTransport')
    cd /Users/emanuelflury/github/TaxedGmbH_IOS/TaxedGmbH_IOS.xcodeproj
    
    Using response file: /Users/emanuelflury/Library/Developer/Xcode/DerivedData/TaxedGmbH_IOS-gerngfqzuwudosgobknlgtoawnlj/Build/Intermediates.noindex/GoogleDataTransport.build/Debug-iphoneos/GoogleDataTransport.build/Objects-normal/arm64/e6072d4f65d7061329687fe24e3d63a7-common-args.resp
    
    builtin-ScanDependencies -o /Users/emanuelflury/Library/Developer/Xcode/DerivedData/TaxedGmbH_IOS-gerngfqzuwudosgobknlgtoawnlj/Build/Intermediates.noindex/GoogleDataTransport.build/Debug-iphoneos/GoogleDataTransport.build/Objects-normal/arm64/GDTCORUploadBatch.o.scan -- /Applications/Xcode.app/Contents/Developer/Toolchains/XcodeDefault.xctoolchain/usr/bin/clang -x objective-c -ivfsstatcache /Users/emanuelflury/Library/Developer/Xcode/DerivedData/SDKStatCaches.noindex/iphoneos26.1-23B77-69b33fc7382b27d9b5d46e82a00f8e78.sdkstatcache -fmessage-length\=0 -fdiagnostics-show-note-include-stack -fmacro-backtrace-limit\=0 -fno-color-diagnostics -fmodules-prune-interval\=86400 -fmodules-prune-after\=345600 -fbuild-session-file\=/Users/emanuelflury/Library/Developer/Xcode/DerivedData/ModuleCache.noindex/Session.modulevalidation -fmodules-validate-once-per-build-session -Wnon-modular-include-in-framework-module -Werror\=non-modular-include-in-framework-module -Wno-trigraphs -Wno-missing-field-initializers -Wno-missing-prototypes -Wno-return-type -Wno-implicit-atomic-properties -Wno-objc-interface-ivars -Wno-arc-repeated-use-of-weak -Wno-missing-braces -Wparentheses -Wswitch -Wno-unused-function -Wno-unused-label -Wno-unused-parameter -Wno-unused-variable -Wunused-value -Wno-empty-body -Wno-uninitialized -Wno-unknown-pragmas -w -Wno-shadow -Wno-four-char-constants -Wno-conversion -Wno-constant-conversion -Wno-int-conversion -Wno-bool-conversion -Wno-enum-conversion -Wno-float-conversion -Wno-non-literal-null-conversion -Wno-objc-literal-conversion -Wshorten-64-to-32 -Wpointer-sign -Wno-newline-eof -Wno-selector -Wno-strict-selector-match -Wno-undeclared-selector -Wno-deprecated-implementations -Wno-implicit-fallthrough -fstrict-aliasing -Wprotocol -Wdeprecated-declarations -Wno-sign-conversion -Wno-infinite-recursion -Wno-comma -Wno-block-capture-autoreleasing -Wno-strict-prototypes -Wno-semicolon-before-method-body -index-store-path /Users/emanuelflury/Library/Developer/Xcode/DerivedData/TaxedGmbH_IOS-gerngfqzuwudosgobknlgtoawnlj/Index.noindex/DataStore @/Users/emanuelflury/Library/Developer/Xcode/DerivedData/TaxedGmbH_IOS-gerngfqzuwudosgobknlgtoawnlj/Build/Intermediates.noindex/GoogleDataTransport.build/Debug-iphoneos/GoogleDataTransport.build/Objects-normal/arm64/e6072d4f65d7061329687fe24e3d63a7-common-args.resp -include /Users/emanuelflury/Library/Developer/Xcode/DerivedData/TaxedGmbH_IOS-gerngfqzuwudosgobknlgtoawnlj/Build/Intermediates.noindex/GoogleDataTransport.build/Debug-iphoneos/GoogleDataTransport.build/DerivedSources/resource_bundle_accessor.h -MMD -MT dependencies -MF /Users/emanuelflury/Library/Developer/Xcode/DerivedData/TaxedGmbH_IOS-gerngfqzuwudosgobknlgtoawnlj/Build/Intermediates.noindex/GoogleDataTransport.build/Debug-iphoneos/GoogleDataTransport.build/Objects-normal/arm64/GDTCORUploadBatch.d --serialize-diagnostics /Users/emanuelflury/Library/Developer/Xcode/DerivedData/TaxedGmbH_IOS-gerngfqzuwudosgobknlgtoawnlj/Build/Intermediates.noindex/GoogleDataTransport.build/Debug-iphoneos/GoogleDataTransport.build/Objects-normal/arm64/GDTCORUploadBatch.dia -c /Users/emanuelflury/Library/Developer/Xcode/DerivedData/TaxedGmbH_IOS-gerngfqzuwudosgobknlgtoawnlj/SourcePackages/checkouts/GoogleDataTransport/GoogleDataTransport/GDTCORLibrary/GDTCORUploadBatch.m -o /Users/emanuelflury/Library/Developer/Xcode/DerivedData/TaxedGmbH_IOS-gerngfqzuwudosgobknlgtoawnlj/Build/Intermediates.noindex/GoogleDataTransport.build/Debug-iphoneos/GoogleDataTransport.build/Objects-normal/arm64/GDTCORUploadBatch.o -index-unit-output-path /GoogleDataTransport.build/Debug-iphoneos/GoogleDataTransport.build/Objects-normal/arm64/GDTCORUploadBatch.o

ScanDependencies /Users/emanuelflury/Library/Developer/Xcode/DerivedData/TaxedGmbH_IOS-gerngfqzuwudosgobknlgtoawnlj/Build/Intermediates.noindex/GoogleDataTransport.build/Debug-iphoneos/GoogleDataTransport.build/Objects-normal/arm64/GDTCORTransport.o /Users/emanuelflury/Library/Developer/Xcode/DerivedData/TaxedGmbH_IOS-gerngfqzuwudosgobknlgtoawnlj/SourcePackages/checkouts/GoogleDataTransport/GoogleDataTransport/GDTCORLibrary/GDTCORTransport.m normal arm64 objective-c com.apple.compilers.llvm.clang.1_0.compiler (in target 'GoogleDataTransport' from project 'GoogleDataTransport')
    cd /Users/emanuelflury/github/TaxedGmbH_IOS/TaxedGmbH_IOS.xcodeproj
    
    Using response file: /Users/emanuelflury/Library/Developer/Xcode/DerivedData/TaxedGmbH_IOS-gerngfqzuwudosgobknlgtoawnlj/Build/Intermediates.noindex/GoogleDataTransport.build/Debug-iphoneos/GoogleDataTransport.build/Objects-normal/arm64/e6072d4f65d7061329687fe24e3d63a7-common-args.resp
    
    builtin-ScanDependencies -o /Users/emanuelflury/Library/Developer/Xcode/DerivedData/TaxedGmbH_IOS-gerngfqzuwudosgobknlgtoawnlj/Build/Intermediates.noindex/GoogleDataTransport.build/Debug-iphoneos/GoogleDataTransport.build/Objects-normal/arm64/GDTCORTransport.o.scan -- /Applications/Xcode.app/Contents/Developer/Toolchains/XcodeDefault.xctoolchain/usr/bin/clang -x objective-c -ivfsstatcache /Users/emanuelflury/Library/Developer/Xcode/DerivedData/SDKStatCaches.noindex/iphoneos26.1-23B77-69b33fc7382b27d9b5d46e82a00f8e78.sdkstatcache -fmessage-length\=0 -fdiagnostics-show-note-include-stack -fmacro-backtrace-limit\=0 -fno-color-diagnostics -fmodules-prune-interval\=86400 -fmodules-prune-after\=345600 -fbuild-session-file\=/Users/emanuelflury/Library/Developer/Xcode/DerivedData/ModuleCache.noindex/Session.modulevalidation -fmodules-validate-once-per-build-session -Wnon-modular-include-in-framework-module -Werror\=non-modular-include-in-framework-module -Wno-trigraphs -Wno-missing-field-initializers -Wno-missing-prototypes -Wno-return-type -Wno-implicit-atomic-properties -Wno-objc-interface-ivars -Wno-arc-repeated-use-of-weak -Wno-missing-braces -Wparentheses -Wswitch -Wno-unused-function -Wno-unused-label -Wno-unused-parameter -Wno-unused-variable -Wunused-value -Wno-empty-body -Wno-uninitialized -Wno-unknown-pragmas -w -Wno-shadow -Wno-four-char-constants -Wno-conversion -Wno-constant-conversion -Wno-int-conversion -Wno-bool-conversion -Wno-enum-conversion -Wno-float-conversion -Wno-non-literal-null-conversion -Wno-objc-literal-conversion -Wshorten-64-to-32 -Wpointer-sign -Wno-newline-eof -Wno-selector -Wno-strict-selector-match -Wno-undeclared-selector -Wno-deprecated-implementations -Wno-implicit-fallthrough -fstrict-aliasing -Wprotocol -Wdeprecated-declarations -Wno-sign-conversion -Wno-infinite-recursion -Wno-comma -Wno-block-capture-autoreleasing -Wno-strict-prototypes -Wno-semicolon-before-method-body -index-store-path /Users/emanuelflury/Library/Developer/Xcode/DerivedData/TaxedGmbH_IOS-gerngfqzuwudosgobknlgtoawnlj/Index.noindex/DataStore @/Users/emanuelflury/Library/Developer/Xcode/DerivedData/TaxedGmbH_IOS-gerngfqzuwudosgobknlgtoawnlj/Build/Intermediates.noindex/GoogleDataTransport.build/Debug-iphoneos/GoogleDataTransport.build/Objects-normal/arm64/e6072d4f65d7061329687fe24e3d63a7-common-args.resp -include /Users/emanuelflury/Library/Developer/Xcode/DerivedData/TaxedGmbH_IOS-gerngfqzuwudosgobknlgtoawnlj/Build/Intermediates.noindex/GoogleDataTransport.build/Debug-iphoneos/GoogleDataTransport.build/DerivedSources/resource_bundle_accessor.h -MMD -MT dependencies -MF /Users/emanuelflury/Library/Developer/Xcode/DerivedData/TaxedGmbH_IOS-gerngfqzuwudosgobknlgtoawnlj/Build/Intermediates.noindex/GoogleDataTransport.build/Debug-iphoneos/GoogleDataTransport.build/Objects-normal/arm64/GDTCORTransport.d --serialize-diagnostics /Users/emanuelflury/Library/Developer/Xcode/DerivedData/TaxedGmbH_IOS-gerngfqzuwudosgobknlgtoawnlj/Build/Intermediates.noindex/GoogleDataTransport.build/Debug-iphoneos/GoogleDataTransport.build/Objects-normal/arm64/GDTCORTransport.dia -c /Users/emanuelflury/Library/Developer/Xcode/DerivedData/TaxedGmbH_IOS-gerngfqzuwudosgobknlgtoawnlj/SourcePackages/checkouts/GoogleDataTransport/GoogleDataTransport/GDTCORLibrary/GDTCORTransport.m -o /Users/emanuelflury/Library/Developer/Xcode/DerivedData/TaxedGmbH_IOS-gerngfqzuwudosgobknlgtoawnlj/Build/Intermediates.noindex/GoogleDataTransport.build/Debug-iphoneos/GoogleDataTransport.build/Objects-normal/arm64/GDTCORTransport.o -index-unit-output-path /GoogleDataTransport.build/Debug-iphoneos/GoogleDataTransport.build/Objects-normal/arm64/GDTCORTransport.o

ScanDependencies /Users/emanuelflury/Library/Developer/Xcode/DerivedData/TaxedGmbH_IOS-gerngfqzuwudosgobknlgtoawnlj/Build/Intermediates.noindex/GoogleDataTransport.build/Debug-iphoneos/GoogleDataTransport.build/Objects-normal/arm64/GDTCORTransformer.o /Users/emanuelflury/Library/Developer/Xcode/DerivedData/TaxedGmbH_IOS-gerngfqzuwudosgobknlgtoawnlj/SourcePackages/checkouts/GoogleDataTransport/GoogleDataTransport/GDTCORLibrary/GDTCORTransformer.m normal arm64 objective-c com.apple.compilers.llvm.clang.1_0.compiler (in target 'GoogleDataTransport' from project 'GoogleDataTransport')
    cd /Users/emanuelflury/github/TaxedGmbH_IOS/TaxedGmbH_IOS.xcodeproj
    
    Using response file: /Users/emanuelflury/Library/Developer/Xcode/DerivedData/TaxedGmbH_IOS-gerngfqzuwudosgobknlgtoawnlj/Build/Intermediates.noindex/GoogleDataTransport.build/Debug-iphoneos/GoogleDataTransport.build/Objects-normal/arm64/e6072d4f65d7061329687fe24e3d63a7-common-args.resp
    
    builtin-ScanDependencies -o /Users/emanuelflury/Library/Developer/Xcode/DerivedData/TaxedGmbH_IOS-gerngfqzuwudosgobknlgtoawnlj/Build/Intermediates.noindex/GoogleDataTransport.build/Debug-iphoneos/GoogleDataTransport.build/Objects-normal/arm64/GDTCORTransformer.o.scan -- /Applications/Xcode.app/Contents/Developer/Toolchains/XcodeDefault.xctoolchain/usr/bin/clang -x objective-c -ivfsstatcache /Users/emanuelflury/Library/Developer/Xcode/DerivedData/SDKStatCaches.noindex/iphoneos26.1-23B77-69b33fc7382b27d9b5d46e82a00f8e78.sdkstatcache -fmessage-length\=0 -fdiagnostics-show-note-include-stack -fmacro-backtrace-limit\=0 -fno-color-diagnostics -fmodules-prune-interval\=86400 -fmodules-prune-after\=345600 -fbuild-session-file\=/Users/emanuelflury/Library/Developer/Xcode/DerivedData/ModuleCache.noindex/Session.modulevalidation -fmodules-validate-once-per-build-session -Wnon-modular-include-in-framework-module -Werror\=non-modular-include-in-framework-module -Wno-trigraphs -Wno-missing-field-initializers -Wno-missing-prototypes -Wno-return-type -Wno-implicit-atomic-properties -Wno-objc-interface-ivars -Wno-arc-repeated-use-of-weak -Wno-missing-braces -Wparentheses -Wswitch -Wno-unused-function -Wno-unused-label -Wno-unused-parameter -Wno-unused-variable -Wunused-value -Wno-empty-body -Wno-uninitialized -Wno-unknown-pragmas -w -Wno-shadow -Wno-four-char-constants -Wno-conversion -Wno-constant-conversion -Wno-int-conversion -Wno-bool-conversion -Wno-enum-conversion -Wno-float-conversion -Wno-non-literal-null-conversion -Wno-objc-literal-conversion -Wshorten-64-to-32 -Wpointer-sign -Wno-newline-eof -Wno-selector -Wno-strict-selector-match -Wno-undeclared-selector -Wno-deprecated-implementations -Wno-implicit-fallthrough -fstrict-aliasing -Wprotocol -Wdeprecated-declarations -Wno-sign-conversion -Wno-infinite-recursion -Wno-comma -Wno-block-capture-autoreleasing -Wno-strict-prototypes -Wno-semicolon-before-method-body -index-store-path /Users/emanuelflury/Library/Developer/Xcode/DerivedData/TaxedGmbH_IOS-gerngfqzuwudosgobknlgtoawnlj/Index.noindex/DataStore @/Users/emanuelflury/Library/Developer/Xcode/DerivedData/TaxedGmbH_IOS-gerngfqzuwudosgobknlgtoawnlj/Build/Intermediates.noindex/GoogleDataTransport.build/Debug-iphoneos/GoogleDataTransport.build/Objects-normal/arm64/e6072d4f65d7061329687fe24e3d63a7-common-args.resp -include /Users/emanuelflury/Library/Developer/Xcode/DerivedData/TaxedGmbH_IOS-gerngfqzuwudosgobknlgtoawnlj/Build/Intermediates.noindex/GoogleDataTransport.build/Debug-iphoneos/GoogleDataTransport.build/DerivedSources/resource_bundle_accessor.h -MMD -MT dependencies -MF /Users/emanuelflury/Library/Developer/Xcode/DerivedData/TaxedGmbH_IOS-gerngfqzuwudosgobknlgtoawnlj/Build/Intermediates.noindex/GoogleDataTransport.build/Debug-iphoneos/GoogleDataTransport.build/Objects-normal/arm64/GDTCORTransformer.d --serialize-diagnostics /Users/emanuelflury/Library/Developer/Xcode/DerivedData/TaxedGmbH_IOS-gerngfqzuwudosgobknlgtoawnlj/Build/Intermediates.noindex/GoogleDataTransport.build/Debug-iphoneos/GoogleDataTransport.build/Objects-normal/arm64/GDTCORTransformer.dia -c /Users/emanuelflury/Library/Developer/Xcode/DerivedData/TaxedGmbH_IOS-gerngfqzuwudosgobknlgtoawnlj/SourcePackages/checkouts/GoogleDataTransport/GoogleDataTransport/GDTCORLibrary/GDTCORTransformer.m -o /Users/emanuelflury/Library/Developer/Xcode/DerivedData/TaxedGmbH_IOS-gerngfqzuwudosgobknlgtoawnlj/Build/Intermediates.noindex/GoogleDataTransport.build/Debug-iphoneos/GoogleDataTransport.build/Objects-normal/arm64/GDTCORTransformer.o -index-unit-output-path /GoogleDataTransport.build/Debug-iphoneos/GoogleDataTransport.build/Objects-normal/arm64/GDTCORTransformer.o

ScanDependencies /Users/emanuelflury/Library/Developer/Xcode/DerivedData/TaxedGmbH_IOS-gerngfqzuwudosgobknlgtoawnlj/Build/Intermediates.noindex/GoogleDataTransport.build/Debug-iphoneos/GoogleDataTransport.build/Objects-normal/arm64/GDTCORStorageMetadata.o /Users/emanuelflury/Library/Developer/Xcode/DerivedData/TaxedGmbH_IOS-gerngfqzuwudosgobknlgtoawnlj/SourcePackages/checkouts/GoogleDataTransport/GoogleDataTransport/GDTCORLibrary/GDTCORStorageMetadata.m normal arm64 objective-c com.apple.compilers.llvm.clang.1_0.compiler (in target 'GoogleDataTransport' from project 'GoogleDataTransport')
    cd /Users/emanuelflury/github/TaxedGmbH_IOS/TaxedGmbH_IOS.xcodeproj
    
    Using response file: /Users/emanuelflury/Library/Developer/Xcode/DerivedData/TaxedGmbH_IOS-gerngfqzuwudosgobknlgtoawnlj/Build/Intermediates.noindex/GoogleDataTransport.build/Debug-iphoneos/GoogleDataTransport.build/Objects-normal/arm64/e6072d4f65d7061329687fe24e3d63a7-common-args.resp
    
    builtin-ScanDependencies -o /Users/emanuelflury/Library/Developer/Xcode/DerivedData/TaxedGmbH_IOS-gerngfqzuwudosgobknlgtoawnlj/Build/Intermediates.noindex/GoogleDataTransport.build/Debug-iphoneos/GoogleDataTransport.build/Objects-normal/arm64/GDTCORStorageMetadata.o.scan -- /Applications/Xcode.app/Contents/Developer/Toolchains/XcodeDefault.xctoolchain/usr/bin/clang -x objective-c -ivfsstatcache /Users/emanuelflury/Library/Developer/Xcode/DerivedData/SDKStatCaches.noindex/iphoneos26.1-23B77-69b33fc7382b27d9b5d46e82a00f8e78.sdkstatcache -fmessage-length\=0 -fdiagnostics-show-note-include-stack -fmacro-backtrace-limit\=0 -fno-color-diagnostics -fmodules-prune-interval\=86400 -fmodules-prune-after\=345600 -fbuild-session-file\=/Users/emanuelflury/Library/Developer/Xcode/DerivedData/ModuleCache.noindex/Session.modulevalidation -fmodules-validate-once-per-build-session -Wnon-modular-include-in-framework-module -Werror\=non-modular-include-in-framework-module -Wno-trigraphs -Wno-missing-field-initializers -Wno-missing-prototypes -Wno-return-type -Wno-implicit-atomic-properties -Wno-objc-interface-ivars -Wno-arc-repeated-use-of-weak -Wno-missing-braces -Wparentheses -Wswitch -Wno-unused-function -Wno-unused-label -Wno-unused-parameter -Wno-unused-variable -Wunused-value -Wno-empty-body -Wno-uninitialized -Wno-unknown-pragmas -w -Wno-shadow -Wno-four-char-constants -Wno-conversion -Wno-constant-conversion -Wno-int-conversion -Wno-bool-conversion -Wno-enum-conversion -Wno-float-conversion -Wno-non-literal-null-conversion -Wno-objc-literal-conversion -Wshorten-64-to-32 -Wpointer-sign -Wno-newline-eof -Wno-selector -Wno-strict-selector-match -Wno-undeclared-selector -Wno-deprecated-implementations -Wno-implicit-fallthrough -fstrict-aliasing -Wprotocol -Wdeprecated-declarations -Wno-sign-conversion -Wno-infinite-recursion -Wno-comma -Wno-block-capture-autoreleasing -Wno-strict-prototypes -Wno-semicolon-before-method-body -index-store-path /Users/emanuelflury/Library/Developer/Xcode/DerivedData/TaxedGmbH_IOS-gerngfqzuwudosgobknlgtoawnlj/Index.noindex/DataStore @/Users/emanuelflury/Library/Developer/Xcode/DerivedData/TaxedGmbH_IOS-gerngfqzuwudosgobknlgtoawnlj/Build/Intermediates.noindex/GoogleDataTransport.build/Debug-iphoneos/GoogleDataTransport.build/Objects-normal/arm64/e6072d4f65d7061329687fe24e3d63a7-common-args.resp -include /Users/emanuelflury/Library/Developer/Xcode/DerivedData/TaxedGmbH_IOS-gerngfqzuwudosgobknlgtoawnlj/Build/Intermediates.noindex/GoogleDataTransport.build/Debug-iphoneos/GoogleDataTransport.build/DerivedSources/resource_bundle_accessor.h -MMD -MT dependencies -MF /Users/emanuelflury/Library/Developer/Xcode/DerivedData/TaxedGmbH_IOS-gerngfqzuwudosgobknlgtoawnlj/Build/Intermediates.noindex/GoogleDataTransport.build/Debug-iphoneos/GoogleDataTransport.build/Objects-normal/arm64/GDTCORStorageMetadata.d --serialize-diagnostics /Users/emanuelflury/Library/Developer/Xcode/DerivedData/TaxedGmbH_IOS-gerngfqzuwudosgobknlgtoawnlj/Build/Intermediates.noindex/GoogleDataTransport.build/Debug-iphoneos/GoogleDataTransport.build/Objects-normal/arm64/GDTCORStorageMetadata.dia -c /Users/emanuelflury/Library/Developer/Xcode/DerivedData/TaxedGmbH_IOS-gerngfqzuwudosgobknlgtoawnlj/SourcePackages/checkouts/GoogleDataTransport/GoogleDataTransport/GDTCORLibrary/GDTCORStorageMetadata.m -o /Users/emanuelflury/Library/Developer/Xcode/DerivedData/TaxedGmbH_IOS-gerngfqzuwudosgobknlgtoawnlj/Build/Intermediates.noindex/GoogleDataTransport.build/Debug-iphoneos/GoogleDataTransport.build/Objects-normal/arm64/GDTCORStorageMetadata.o -index-unit-output-path /GoogleDataTransport.build/Debug-iphoneos/GoogleDataTransport.build/Objects-normal/arm64/GDTCORStorageMetadata.o

PrecompileModule /Users/emanuelflury/Library/Developer/Xcode/DerivedData/TaxedGmbH_IOS-gerngfqzuwudosgobknlgtoawnlj/Build/Intermediates.noindex/ExplicitPrecompiledModules/_Builtin_stdint-NSP2UNUSGXABP7TV4K9DAP3.scan
    cd /
    builtin-precompileModule /Users/emanuelflury/Library/Developer/Xcode/DerivedData/TaxedGmbH_IOS-gerngfqzuwudosgobknlgtoawnlj/Build/Intermediates.noindex/ExplicitPrecompiledModules/_Builtin_stdint-NSP2UNUSGXABP7TV4K9DAP3.scan

ScanDependencies /Users/emanuelflury/Library/Developer/Xcode/DerivedData/TaxedGmbH_IOS-gerngfqzuwudosgobknlgtoawnlj/Build/Intermediates.noindex/GoogleDataTransport.build/Debug-iphoneos/GoogleDataTransport.build/Objects-normal/arm64/GDTCORStorageEventSelector.o /Users/emanuelflury/Library/Developer/Xcode/DerivedData/TaxedGmbH_IOS-gerngfqzuwudosgobknlgtoawnlj/SourcePackages/checkouts/GoogleDataTransport/GoogleDataTransport/GDTCORLibrary/GDTCORStorageEventSelector.m normal arm64 objective-c com.apple.compilers.llvm.clang.1_0.compiler (in target 'GoogleDataTransport' from project 'GoogleDataTransport')
    cd /Users/emanuelflury/github/TaxedGmbH_IOS/TaxedGmbH_IOS.xcodeproj
    
    Using response file: /Users/emanuelflury/Library/Developer/Xcode/DerivedData/TaxedGmbH_IOS-gerngfqzuwudosgobknlgtoawnlj/Build/Intermediates.noindex/GoogleDataTransport.build/Debug-iphoneos/GoogleDataTransport.build/Objects-normal/arm64/e6072d4f65d7061329687fe24e3d63a7-common-args.resp
    
    builtin-ScanDependencies -o /Users/emanuelflury/Library/Developer/Xcode/DerivedData/TaxedGmbH_IOS-gerngfqzuwudosgobknlgtoawnlj/Build/Intermediates.noindex/GoogleDataTransport.build/Debug-iphoneos/GoogleDataTransport.build/Objects-normal/arm64/GDTCORStorageEventSelector.o.scan -- /Applications/Xcode.app/Contents/Developer/Toolchains/XcodeDefault.xctoolchain/usr/bin/clang -x objective-c -ivfsstatcache /Users/emanuelflury/Library/Developer/Xcode/DerivedData/SDKStatCaches.noindex/iphoneos26.1-23B77-69b33fc7382b27d9b5d46e82a00f8e78.sdkstatcache -fmessage-length\=0 -fdiagnostics-show-note-include-stack -fmacro-backtrace-limit\=0 -fno-color-diagnostics -fmodules-prune-interval\=86400 -fmodules-prune-after\=345600 -fbuild-session-file\=/Users/emanuelflury/Library/Developer/Xcode/DerivedData/ModuleCache.noindex/Session.modulevalidation -fmodules-validate-once-per-build-session -Wnon-modular-include-in-framework-module -Werror\=non-modular-include-in-framework-module -Wno-trigraphs -Wno-missing-field-initializers -Wno-missing-prototypes -Wno-return-type -Wno-implicit-atomic-properties -Wno-objc-interface-ivars -Wno-arc-repeated-use-of-weak -Wno-missing-braces -Wparentheses -Wswitch -Wno-unused-function -Wno-unused-label -Wno-unused-parameter -Wno-unused-variable -Wunused-value -Wno-empty-body -Wno-uninitialized -Wno-unknown-pragmas -w -Wno-shadow -Wno-four-char-constants -Wno-conversion -Wno-constant-conversion -Wno-int-conversion -Wno-bool-conversion -Wno-enum-conversion -Wno-float-conversion -Wno-non-literal-null-conversion -Wno-objc-literal-conversion -Wshorten-64-to-32 -Wpointer-sign -Wno-newline-eof -Wno-selector -Wno-strict-selector-match -Wno-undeclared-selector -Wno-deprecated-implementations -Wno-implicit-fallthrough -fstrict-aliasing -Wprotocol -Wdeprecated-declarations -Wno-sign-conversion -Wno-infinite-recursion -Wno-comma -Wno-block-capture-autoreleasing -Wno-strict-prototypes -Wno-semicolon-before-method-body -index-store-path /Users/emanuelflury/Library/Developer/Xcode/DerivedData/TaxedGmbH_IOS-gerngfqzuwudosgobknlgtoawnlj/Index.noindex/DataStore @/Users/emanuelflury/Library/Developer/Xcode/DerivedData/TaxedGmbH_IOS-gerngfqzuwudosgobknlgtoawnlj/Build/Intermediates.noindex/GoogleDataTransport.build/Debug-iphoneos/GoogleDataTransport.build/Objects-normal/arm64/e6072d4f65d7061329687fe24e3d63a7-common-args.resp -include /Users/emanuelflury/Library/Developer/Xcode/DerivedData/TaxedGmbH_IOS-gerngfqzuwudosgobknlgtoawnlj/Build/Intermediates.noindex/GoogleDataTransport.build/Debug-iphoneos/GoogleDataTransport.build/DerivedSources/resource_bundle_accessor.h -MMD -MT dependencies -MF /Users/emanuelflury/Library/Developer/Xcode/DerivedData/TaxedGmbH_IOS-gerngfqzuwudosgobknlgtoawnlj/Build/Intermediates.noindex/GoogleDataTransport.build/Debug-iphoneos/GoogleDataTransport.build/Objects-normal/arm64/GDTCORStorageEventSelector.d --serialize-diagnostics /Users/emanuelflury/Library/Developer/Xcode/DerivedData/TaxedGmbH_IOS-gerngfqzuwudosgobknlgtoawnlj/Build/Intermediates.noindex/GoogleDataTransport.build/Debug-iphoneos/GoogleDataTransport.build/Objects-normal/arm64/GDTCORStorageEventSelector.dia -c /Users/emanuelflury/Library/Developer/Xcode/DerivedData/TaxedGmbH_IOS-gerngfqzuwudosgobknlgtoawnlj/SourcePackages/checkouts/GoogleDataTransport/GoogleDataTransport/GDTCORLibrary/GDTCORStorageEventSelector.m -o /Users/emanuelflury/Library/Developer/Xcode/DerivedData/TaxedGmbH_IOS-gerngfqzuwudosgobknlgtoawnlj/Build/Intermediates.noindex/GoogleDataTransport.build/Debug-iphoneos/GoogleDataTransport.build/Objects-normal/arm64/GDTCORStorageEventSelector.o -index-unit-output-path /GoogleDataTransport.build/Debug-iphoneos/GoogleDataTransport.build/Objects-normal/arm64/GDTCORStorageEventSelector.o

ScanDependencies /Users/emanuelflury/Library/Developer/Xcode/DerivedData/TaxedGmbH_IOS-gerngfqzuwudosgobknlgtoawnlj/Build/Intermediates.noindex/GoogleDataTransport.build/Debug-iphoneos/GoogleDataTransport.build/Objects-normal/arm64/GDTCORRegistrar.o /Users/emanuelflury/Library/Developer/Xcode/DerivedData/TaxedGmbH_IOS-gerngfqzuwudosgobknlgtoawnlj/SourcePackages/checkouts/GoogleDataTransport/GoogleDataTransport/GDTCORLibrary/GDTCORRegistrar.m normal arm64 objective-c com.apple.compilers.llvm.clang.1_0.compiler (in target 'GoogleDataTransport' from project 'GoogleDataTransport')
    cd /Users/emanuelflury/github/TaxedGmbH_IOS/TaxedGmbH_IOS.xcodeproj
    
    Using response file: /Users/emanuelflury/Library/Developer/Xcode/DerivedData/TaxedGmbH_IOS-gerngfqzuwudosgobknlgtoawnlj/Build/Intermediates.noindex/GoogleDataTransport.build/Debug-iphoneos/GoogleDataTransport.build/Objects-normal/arm64/e6072d4f65d7061329687fe24e3d63a7-common-args.resp
    
    builtin-ScanDependencies -o /Users/emanuelflury/Library/Developer/Xcode/DerivedData/TaxedGmbH_IOS-gerngfqzuwudosgobknlgtoawnlj/Build/Intermediates.noindex/GoogleDataTransport.build/Debug-iphoneos/GoogleDataTransport.build/Objects-normal/arm64/GDTCORRegistrar.o.scan -- /Applications/Xcode.app/Contents/Developer/Toolchains/XcodeDefault.xctoolchain/usr/bin/clang -x objective-c -ivfsstatcache /Users/emanuelflury/Library/Developer/Xcode/DerivedData/SDKStatCaches.noindex/iphoneos26.1-23B77-69b33fc7382b27d9b5d46e82a00f8e78.sdkstatcache -fmessage-length\=0 -fdiagnostics-show-note-include-stack -fmacro-backtrace-limit\=0 -fno-color-diagnostics -fmodules-prune-interval\=86400 -fmodules-prune-after\=345600 -fbuild-session-file\=/Users/emanuelflury/Library/Developer/Xcode/DerivedData/ModuleCache.noindex/Session.modulevalidation -fmodules-validate-once-per-build-session -Wnon-modular-include-in-framework-module -Werror\=non-modular-include-in-framework-module -Wno-trigraphs -Wno-missing-field-initializers -Wno-missing-prototypes -Wno-return-type -Wno-implicit-atomic-properties -Wno-objc-interface-ivars -Wno-arc-repeated-use-of-weak -Wno-missing-braces -Wparentheses -Wswitch -Wno-unused-function -Wno-unused-label -Wno-unused-parameter -Wno-unused-variable -Wunused-value -Wno-empty-body -Wno-uninitialized -Wno-unknown-pragmas -w -Wno-shadow -Wno-four-char-constants -Wno-conversion -Wno-constant-conversion -Wno-int-conversion -Wno-bool-conversion -Wno-enum-conversion -Wno-float-conversion -Wno-non-literal-null-conversion -Wno-objc-literal-conversion -Wshorten-64-to-32 -Wpointer-sign -Wno-newline-eof -Wno-selector -Wno-strict-selector-match -Wno-undeclared-selector -Wno-deprecated-implementations -Wno-implicit-fallthrough -fstrict-aliasing -Wprotocol -Wdeprecated-declarations -Wno-sign-conversion -Wno-infinite-recursion -Wno-comma -Wno-block-capture-autoreleasing -Wno-strict-prototypes -Wno-semicolon-before-method-body -index-store-path /Users/emanuelflury/Library/Developer/Xcode/DerivedData/TaxedGmbH_IOS-gerngfqzuwudosgobknlgtoawnlj/Index.noindex/DataStore @/Users/emanuelflury/Library/Developer/Xcode/DerivedData/TaxedGmbH_IOS-gerngfqzuwudosgobknlgtoawnlj/Build/Intermediates.noindex/GoogleDataTransport.build/Debug-iphoneos/GoogleDataTransport.build/Objects-normal/arm64/e6072d4f65d7061329687fe24e3d63a7-common-args.resp -include /Users/emanuelflury/Library/Developer/Xcode/DerivedData/TaxedGmbH_IOS-gerngfqzuwudosgobknlgtoawnlj/Build/Intermediates.noindex/GoogleDataTransport.build/Debug-iphoneos/GoogleDataTransport.build/DerivedSources/resource_bundle_accessor.h -MMD -MT dependencies -MF /Users/emanuelflury/Library/Developer/Xcode/DerivedData/TaxedGmbH_IOS-gerngfqzuwudosgobknlgtoawnlj/Build/Intermediates.noindex/GoogleDataTransport.build/Debug-iphoneos/GoogleDataTransport.build/Objects-normal/arm64/GDTCORRegistrar.d --serialize-diagnostics /Users/emanuelflury/Library/Developer/Xcode/DerivedData/TaxedGmbH_IOS-gerngfqzuwudosgobknlgtoawnlj/Build/Intermediates.noindex/GoogleDataTransport.build/Debug-iphoneos/GoogleDataTransport.build/Objects-normal/arm64/GDTCORRegistrar.dia -c /Users/emanuelflury/Library/Developer/Xcode/DerivedData/TaxedGmbH_IOS-gerngfqzuwudosgobknlgtoawnlj/SourcePackages/checkouts/GoogleDataTransport/GoogleDataTransport/GDTCORLibrary/GDTCORRegistrar.m -o /Users/emanuelflury/Library/Developer/Xcode/DerivedData/TaxedGmbH_IOS-gerngfqzuwudosgobknlgtoawnlj/Build/Intermediates.noindex/GoogleDataTransport.build/Debug-iphoneos/GoogleDataTransport.build/Objects-normal/arm64/GDTCORRegistrar.o -index-unit-output-path /GoogleDataTransport.build/Debug-iphoneos/GoogleDataTransport.build/Objects-normal/arm64/GDTCORRegistrar.o

ScanDependencies /Users/emanuelflury/Library/Developer/Xcode/DerivedData/TaxedGmbH_IOS-gerngfqzuwudosgobknlgtoawnlj/Build/Intermediates.noindex/GoogleDataTransport.build/Debug-iphoneos/GoogleDataTransport.build/Objects-normal/arm64/GDTCORReachability.o /Users/emanuelflury/Library/Developer/Xcode/DerivedData/TaxedGmbH_IOS-gerngfqzuwudosgobknlgtoawnlj/SourcePackages/checkouts/GoogleDataTransport/GoogleDataTransport/GDTCORLibrary/GDTCORReachability.m normal arm64 objective-c com.apple.compilers.llvm.clang.1_0.compiler (in target 'GoogleDataTransport' from project 'GoogleDataTransport')
    cd /Users/emanuelflury/github/TaxedGmbH_IOS/TaxedGmbH_IOS.xcodeproj
    
    Using response file: /Users/emanuelflury/Library/Developer/Xcode/DerivedData/TaxedGmbH_IOS-gerngfqzuwudosgobknlgtoawnlj/Build/Intermediates.noindex/GoogleDataTransport.build/Debug-iphoneos/GoogleDataTransport.build/Objects-normal/arm64/e6072d4f65d7061329687fe24e3d63a7-common-args.resp
    
    builtin-ScanDependencies -o /Users/emanuelflury/Library/Developer/Xcode/DerivedData/TaxedGmbH_IOS-gerngfqzuwudosgobknlgtoawnlj/Build/Intermediates.noindex/GoogleDataTransport.build/Debug-iphoneos/GoogleDataTransport.build/Objects-normal/arm64/GDTCORReachability.o.scan -- /Applications/Xcode.app/Contents/Developer/Toolchains/XcodeDefault.xctoolchain/usr/bin/clang -x objective-c -ivfsstatcache /Users/emanuelflury/Library/Developer/Xcode/DerivedData/SDKStatCaches.noindex/iphoneos26.1-23B77-69b33fc7382b27d9b5d46e82a00f8e78.sdkstatcache -fmessage-length\=0 -fdiagnostics-show-note-include-stack -fmacro-backtrace-limit\=0 -fno-color-diagnostics -fmodules-prune-interval\=86400 -fmodules-prune-after\=345600 -fbuild-session-file\=/Users/emanuelflury/Library/Developer/Xcode/DerivedData/ModuleCache.noindex/Session.modulevalidation -fmodules-validate-once-per-build-session -Wnon-modular-include-in-framework-module -Werror\=non-modular-include-in-framework-module -Wno-trigraphs -Wno-missing-field-initializers -Wno-missing-prototypes -Wno-return-type -Wno-implicit-atomic-properties -Wno-objc-interface-ivars -Wno-arc-repeated-use-of-weak -Wno-missing-braces -Wparentheses -Wswitch -Wno-unused-function -Wno-unused-label -Wno-unused-parameter -Wno-unused-variable -Wunused-value -Wno-empty-body -Wno-uninitialized -Wno-unknown-pragmas -w -Wno-shadow -Wno-four-char-constants -Wno-conversion -Wno-constant-conversion -Wno-int-conversion -Wno-bool-conversion -Wno-enum-conversion -Wno-float-conversion -Wno-non-literal-null-conversion -Wno-objc-literal-conversion -Wshorten-64-to-32 -Wpointer-sign -Wno-newline-eof -Wno-selector -Wno-strict-selector-match -Wno-undeclared-selector -Wno-deprecated-implementations -Wno-implicit-fallthrough -fstrict-aliasing -Wprotocol -Wdeprecated-declarations -Wno-sign-conversion -Wno-infinite-recursion -Wno-comma -Wno-block-capture-autoreleasing -Wno-strict-prototypes -Wno-semicolon-before-method-body -index-store-path /Users/emanuelflury/Library/Developer/Xcode/DerivedData/TaxedGmbH_IOS-gerngfqzuwudosgobknlgtoawnlj/Index.noindex/DataStore @/Users/emanuelflury/Library/Developer/Xcode/DerivedData/TaxedGmbH_IOS-gerngfqzuwudosgobknlgtoawnlj/Build/Intermediates.noindex/GoogleDataTransport.build/Debug-iphoneos/GoogleDataTransport.build/Objects-normal/arm64/e6072d4f65d7061329687fe24e3d63a7-common-args.resp -include /Users/emanuelflury/Library/Developer/Xcode/DerivedData/TaxedGmbH_IOS-gerngfqzuwudosgobknlgtoawnlj/Build/Intermediates.noindex/GoogleDataTransport.build/Debug-iphoneos/GoogleDataTransport.build/DerivedSources/resource_bundle_accessor.h -MMD -MT dependencies -MF /Users/emanuelflury/Library/Developer/Xcode/DerivedData/TaxedGmbH_IOS-gerngfqzuwudosgobknlgtoawnlj/Build/Intermediates.noindex/GoogleDataTransport.build/Debug-iphoneos/GoogleDataTransport.build/Objects-normal/arm64/GDTCORReachability.d --serialize-diagnostics /Users/emanuelflury/Library/Developer/Xcode/DerivedData/TaxedGmbH_IOS-gerngfqzuwudosgobknlgtoawnlj/Build/Intermediates.noindex/GoogleDataTransport.build/Debug-iphoneos/GoogleDataTransport.build/Objects-normal/arm64/GDTCORReachability.dia -c /Users/emanuelflury/Library/Developer/Xcode/DerivedData/TaxedGmbH_IOS-gerngfqzuwudosgobknlgtoawnlj/SourcePackages/checkouts/GoogleDataTransport/GoogleDataTransport/GDTCORLibrary/GDTCORReachability.m -o /Users/emanuelflury/Library/Developer/Xcode/DerivedData/TaxedGmbH_IOS-gerngfqzuwudosgobknlgtoawnlj/Build/Intermediates.noindex/GoogleDataTransport.build/Debug-iphoneos/GoogleDataTransport.build/Objects-normal/arm64/GDTCORReachability.o -index-unit-output-path /GoogleDataTransport.build/Debug-iphoneos/GoogleDataTransport.build/Objects-normal/arm64/GDTCORReachability.o

ScanDependencies /Users/emanuelflury/Library/Developer/Xcode/DerivedData/TaxedGmbH_IOS-gerngfqzuwudosgobknlgtoawnlj/Build/Intermediates.noindex/GoogleDataTransport.build/Debug-iphoneos/GoogleDataTransport.build/Objects-normal/arm64/GDTCORProductData.o /Users/emanuelflury/Library/Developer/Xcode/DerivedData/TaxedGmbH_IOS-gerngfqzuwudosgobknlgtoawnlj/SourcePackages/checkouts/GoogleDataTransport/GoogleDataTransport/GDTCORLibrary/GDTCORProductData.m normal arm64 objective-c com.apple.compilers.llvm.clang.1_0.compiler (in target 'GoogleDataTransport' from project 'GoogleDataTransport')
    cd /Users/emanuelflury/github/TaxedGmbH_IOS/TaxedGmbH_IOS.xcodeproj
    
    Using response file: /Users/emanuelflury/Library/Developer/Xcode/DerivedData/TaxedGmbH_IOS-gerngfqzuwudosgobknlgtoawnlj/Build/Intermediates.noindex/GoogleDataTransport.build/Debug-iphoneos/GoogleDataTransport.build/Objects-normal/arm64/e6072d4f65d7061329687fe24e3d63a7-common-args.resp
    
    builtin-ScanDependencies -o /Users/emanuelflury/Library/Developer/Xcode/DerivedData/TaxedGmbH_IOS-gerngfqzuwudosgobknlgtoawnlj/Build/Intermediates.noindex/GoogleDataTransport.build/Debug-iphoneos/GoogleDataTransport.build/Objects-normal/arm64/GDTCORProductData.o.scan -- /Applications/Xcode.app/Contents/Developer/Toolchains/XcodeDefault.xctoolchain/usr/bin/clang -x objective-c -ivfsstatcache /Users/emanuelflury/Library/Developer/Xcode/DerivedData/SDKStatCaches.noindex/iphoneos26.1-23B77-69b33fc7382b27d9b5d46e82a00f8e78.sdkstatcache -fmessage-length\=0 -fdiagnostics-show-note-include-stack -fmacro-backtrace-limit\=0 -fno-color-diagnostics -fmodules-prune-interval\=86400 -fmodules-prune-after\=345600 -fbuild-session-file\=/Users/emanuelflury/Library/Developer/Xcode/DerivedData/ModuleCache.noindex/Session.modulevalidation -fmodules-validate-once-per-build-session -Wnon-modular-include-in-framework-module -Werror\=non-modular-include-in-framework-module -Wno-trigraphs -Wno-missing-field-initializers -Wno-missing-prototypes -Wno-return-type -Wno-implicit-atomic-properties -Wno-objc-interface-ivars -Wno-arc-repeated-use-of-weak -Wno-missing-braces -Wparentheses -Wswitch -Wno-unused-function -Wno-unused-label -Wno-unused-parameter -Wno-unused-variable -Wunused-value -Wno-empty-body -Wno-uninitialized -Wno-unknown-pragmas -w -Wno-shadow -Wno-four-char-constants -Wno-conversion -Wno-constant-conversion -Wno-int-conversion -Wno-bool-conversion -Wno-enum-conversion -Wno-float-conversion -Wno-non-literal-null-conversion -Wno-objc-literal-conversion -Wshorten-64-to-32 -Wpointer-sign -Wno-newline-eof -Wno-selector -Wno-strict-selector-match -Wno-undeclared-selector -Wno-deprecated-implementations -Wno-implicit-fallthrough -fstrict-aliasing -Wprotocol -Wdeprecated-declarations -Wno-sign-conversion -Wno-infinite-recursion -Wno-comma -Wno-block-capture-autoreleasing -Wno-strict-prototypes -Wno-semicolon-before-method-body -index-store-path /Users/emanuelflury/Library/Developer/Xcode/DerivedData/TaxedGmbH_IOS-gerngfqzuwudosgobknlgtoawnlj/Index.noindex/DataStore @/Users/emanuelflury/Library/Developer/Xcode/DerivedData/TaxedGmbH_IOS-gerngfqzuwudosgobknlgtoawnlj/Build/Intermediates.noindex/GoogleDataTransport.build/Debug-iphoneos/GoogleDataTransport.build/Objects-normal/arm64/e6072d4f65d7061329687fe24e3d63a7-common-args.resp -include /Users/emanuelflury/Library/Developer/Xcode/DerivedData/TaxedGmbH_IOS-gerngfqzuwudosgobknlgtoawnlj/Build/Intermediates.noindex/GoogleDataTransport.build/Debug-iphoneos/GoogleDataTransport.build/DerivedSources/resource_bundle_accessor.h -MMD -MT dependencies -MF /Users/emanuelflury/Library/Developer/Xcode/DerivedData/TaxedGmbH_IOS-gerngfqzuwudosgobknlgtoawnlj/Build/Intermediates.noindex/GoogleDataTransport.build/Debug-iphoneos/GoogleDataTransport.build/Objects-normal/arm64/GDTCORProductData.d --serialize-diagnostics /Users/emanuelflury/Library/Developer/Xcode/DerivedData/TaxedGmbH_IOS-gerngfqzuwudosgobknlgtoawnlj/Build/Intermediates.noindex/GoogleDataTransport.build/Debug-iphoneos/GoogleDataTransport.build/Objects-normal/arm64/GDTCORProductData.dia -c /Users/emanuelflury/Library/Developer/Xcode/DerivedData/TaxedGmbH_IOS-gerngfqzuwudosgobknlgtoawnlj/SourcePackages/checkouts/GoogleDataTransport/GoogleDataTransport/GDTCORLibrary/GDTCORProductData.m -o /Users/emanuelflury/Library/Developer/Xcode/DerivedData/TaxedGmbH_IOS-gerngfqzuwudosgobknlgtoawnlj/Build/Intermediates.noindex/GoogleDataTransport.build/Debug-iphoneos/GoogleDataTransport.build/Objects-normal/arm64/GDTCORProductData.o -index-unit-output-path /GoogleDataTransport.build/Debug-iphoneos/GoogleDataTransport.build/Objects-normal/arm64/GDTCORProductData.o

PrecompileModule /Users/emanuelflury/Library/Developer/Xcode/DerivedData/TaxedGmbH_IOS-gerngfqzuwudosgobknlgtoawnlj/Build/Intermediates.noindex/ExplicitPrecompiledModules/_Builtin_stdint-DADO9UIJRCJNCE6RAUCU6BL5U.scan
    cd /
    builtin-precompileModule /Users/emanuelflury/Library/Developer/Xcode/DerivedData/TaxedGmbH_IOS-gerngfqzuwudosgobknlgtoawnlj/Build/Intermediates.noindex/ExplicitPrecompiledModules/_Builtin_stdint-DADO9UIJRCJNCE6RAUCU6BL5U.scan

PrecompileModule /Users/emanuelflury/Library/Developer/Xcode/DerivedData/TaxedGmbH_IOS-gerngfqzuwudosgobknlgtoawnlj/Build/Intermediates.noindex/ExplicitPrecompiledModules/_DarwinFoundation3-DN54ROSFNGOH3A5X5ILMQOSJ7.scan
    cd /
    builtin-precompileModule /Users/emanuelflury/Library/Developer/Xcode/DerivedData/TaxedGmbH_IOS-gerngfqzuwudosgobknlgtoawnlj/Build/Intermediates.noindex/ExplicitPrecompiledModules/_DarwinFoundation3-DN54ROSFNGOH3A5X5ILMQOSJ7.scan

ScanDependencies /Users/emanuelflury/Library/Developer/Xcode/DerivedData/TaxedGmbH_IOS-gerngfqzuwudosgobknlgtoawnlj/Build/Intermediates.noindex/GoogleDataTransport.build/Debug-iphoneos/GoogleDataTransport.build/Objects-normal/arm64/GDTCORPlatform.o /Users/emanuelflury/Library/Developer/Xcode/DerivedData/TaxedGmbH_IOS-gerngfqzuwudosgobknlgtoawnlj/SourcePackages/checkouts/GoogleDataTransport/GoogleDataTransport/GDTCORLibrary/GDTCORPlatform.m normal arm64 objective-c com.apple.compilers.llvm.clang.1_0.compiler (in target 'GoogleDataTransport' from project 'GoogleDataTransport')
    cd /Users/emanuelflury/github/TaxedGmbH_IOS/TaxedGmbH_IOS.xcodeproj
    
    Using response file: /Users/emanuelflury/Library/Developer/Xcode/DerivedData/TaxedGmbH_IOS-gerngfqzuwudosgobknlgtoawnlj/Build/Intermediates.noindex/GoogleDataTransport.build/Debug-iphoneos/GoogleDataTransport.build/Objects-normal/arm64/e6072d4f65d7061329687fe24e3d63a7-common-args.resp
    
    builtin-ScanDependencies -o /Users/emanuelflury/Library/Developer/Xcode/DerivedData/TaxedGmbH_IOS-gerngfqzuwudosgobknlgtoawnlj/Build/Intermediates.noindex/GoogleDataTransport.build/Debug-iphoneos/GoogleDataTransport.build/Objects-normal/arm64/GDTCORPlatform.o.scan -- /Applications/Xcode.app/Contents/Developer/Toolchains/XcodeDefault.xctoolchain/usr/bin/clang -x objective-c -ivfsstatcache /Users/emanuelflury/Library/Developer/Xcode/DerivedData/SDKStatCaches.noindex/iphoneos26.1-23B77-69b33fc7382b27d9b5d46e82a00f8e78.sdkstatcache -fmessage-length\=0 -fdiagnostics-show-note-include-stack -fmacro-backtrace-limit\=0 -fno-color-diagnostics -fmodules-prune-interval\=86400 -fmodules-prune-after\=345600 -fbuild-session-file\=/Users/emanuelflury/Library/Developer/Xcode/DerivedData/ModuleCache.noindex/Session.modulevalidation -fmodules-validate-once-per-build-session -Wnon-modular-include-in-framework-module -Werror\=non-modular-include-in-framework-module -Wno-trigraphs -Wno-missing-field-initializers -Wno-missing-prototypes -Wno-return-type -Wno-implicit-atomic-properties -Wno-objc-interface-ivars -Wno-arc-repeated-use-of-weak -Wno-missing-braces -Wparentheses -Wswitch -Wno-unused-function -Wno-unused-label -Wno-unused-parameter -Wno-unused-variable -Wunused-value -Wno-empty-body -Wno-uninitialized -Wno-unknown-pragmas -w -Wno-shadow -Wno-four-char-constants -Wno-conversion -Wno-constant-conversion -Wno-int-conversion -Wno-bool-conversion -Wno-enum-conversion -Wno-float-conversion -Wno-non-literal-null-conversion -Wno-objc-literal-conversion -Wshorten-64-to-32 -Wpointer-sign -Wno-newline-eof -Wno-selector -Wno-strict-selector-match -Wno-undeclared-selector -Wno-deprecated-implementations -Wno-implicit-fallthrough -fstrict-aliasing -Wprotocol -Wdeprecated-declarations -Wno-sign-conversion -Wno-infinite-recursion -Wno-comma -Wno-block-capture-autoreleasing -Wno-strict-prototypes -Wno-semicolon-before-method-body -index-store-path /Users/emanuelflury/Library/Developer/Xcode/DerivedData/TaxedGmbH_IOS-gerngfqzuwudosgobknlgtoawnlj/Index.noindex/DataStore @/Users/emanuelflury/Library/Developer/Xcode/DerivedData/TaxedGmbH_IOS-gerngfqzuwudosgobknlgtoawnlj/Build/Intermediates.noindex/GoogleDataTransport.build/Debug-iphoneos/GoogleDataTransport.build/Objects-normal/arm64/e6072d4f65d7061329687fe24e3d63a7-common-args.resp -include /Users/emanuelflury/Library/Developer/Xcode/DerivedData/TaxedGmbH_IOS-gerngfqzuwudosgobknlgtoawnlj/Build/Intermediates.noindex/GoogleDataTransport.build/Debug-iphoneos/GoogleDataTransport.build/DerivedSources/resource_bundle_accessor.h -MMD -MT dependencies -MF /Users/emanuelflury/Library/Developer/Xcode/DerivedData/TaxedGmbH_IOS-gerngfqzuwudosgobknlgtoawnlj/Build/Intermediates.noindex/GoogleDataTransport.build/Debug-iphoneos/GoogleDataTransport.build/Objects-normal/arm64/GDTCORPlatform.d --serialize-diagnostics /Users/emanuelflury/Library/Developer/Xcode/DerivedData/TaxedGmbH_IOS-gerngfqzuwudosgobknlgtoawnlj/Build/Intermediates.noindex/GoogleDataTransport.build/Debug-iphoneos/GoogleDataTransport.build/Objects-normal/arm64/GDTCORPlatform.dia -c /Users/emanuelflury/Library/Developer/Xcode/DerivedData/TaxedGmbH_IOS-gerngfqzuwudosgobknlgtoawnlj/SourcePackages/checkouts/GoogleDataTransport/GoogleDataTransport/GDTCORLibrary/GDTCORPlatform.m -o /Users/emanuelflury/Library/Developer/Xcode/DerivedData/TaxedGmbH_IOS-gerngfqzuwudosgobknlgtoawnlj/Build/Intermediates.noindex/GoogleDataTransport.build/Debug-iphoneos/GoogleDataTransport.build/Objects-normal/arm64/GDTCORPlatform.o -index-unit-output-path /GoogleDataTransport.build/Debug-iphoneos/GoogleDataTransport.build/Objects-normal/arm64/GDTCORPlatform.o

PrecompileModule /Users/emanuelflury/Library/Developer/Xcode/DerivedData/TaxedGmbH_IOS-gerngfqzuwudosgobknlgtoawnlj/Build/Intermediates.noindex/ExplicitPrecompiledModules/_DarwinFoundation3-93ZYWTN5HH1WH6AVQN8VI9Z0X.scan
    cd /
    builtin-precompileModule /Users/emanuelflury/Library/Developer/Xcode/DerivedData/TaxedGmbH_IOS-gerngfqzuwudosgobknlgtoawnlj/Build/Intermediates.noindex/ExplicitPrecompiledModules/_DarwinFoundation3-93ZYWTN5HH1WH6AVQN8VI9Z0X.scan

PrecompileModule /Users/emanuelflury/Library/Developer/Xcode/DerivedData/TaxedGmbH_IOS-gerngfqzuwudosgobknlgtoawnlj/Build/Intermediates.noindex/ExplicitPrecompiledModules/Security-8VXZ0YAZWGFOUV89WTIPWW9KJ.scan
    cd /
    builtin-precompileModule /Users/emanuelflury/Library/Developer/Xcode/DerivedData/TaxedGmbH_IOS-gerngfqzuwudosgobknlgtoawnlj/Build/Intermediates.noindex/ExplicitPrecompiledModules/Security-8VXZ0YAZWGFOUV89WTIPWW9KJ.scan

PrecompileModule /Users/emanuelflury/Library/Developer/Xcode/DerivedData/TaxedGmbH_IOS-gerngfqzuwudosgobknlgtoawnlj/Build/Intermediates.noindex/ExplicitPrecompiledModules/CFNetwork-10GHS3VM94ERWH1NC8PY0VQ9H.scan
    cd /
    builtin-precompileModule /Users/emanuelflury/Library/Developer/Xcode/DerivedData/TaxedGmbH_IOS-gerngfqzuwudosgobknlgtoawnlj/Build/Intermediates.noindex/ExplicitPrecompiledModules/CFNetwork-10GHS3VM94ERWH1NC8PY0VQ9H.scan

ScanDependencies /Users/emanuelflury/Library/Developer/Xcode/DerivedData/TaxedGmbH_IOS-gerngfqzuwudosgobknlgtoawnlj/Build/Intermediates.noindex/GoogleDataTransport.build/Debug-iphoneos/GoogleDataTransport.build/Objects-normal/arm64/GDTCORMetricsMetadata.o /Users/emanuelflury/Library/Developer/Xcode/DerivedData/TaxedGmbH_IOS-gerngfqzuwudosgobknlgtoawnlj/SourcePackages/checkouts/GoogleDataTransport/GoogleDataTransport/GDTCORLibrary/GDTCORMetricsMetadata.m normal arm64 objective-c com.apple.compilers.llvm.clang.1_0.compiler (in target 'GoogleDataTransport' from project 'GoogleDataTransport')
    cd /Users/emanuelflury/github/TaxedGmbH_IOS/TaxedGmbH_IOS.xcodeproj
    
    Using response file: /Users/emanuelflury/Library/Developer/Xcode/DerivedData/TaxedGmbH_IOS-gerngfqzuwudosgobknlgtoawnlj/Build/Intermediates.noindex/GoogleDataTransport.build/Debug-iphoneos/GoogleDataTransport.build/Objects-normal/arm64/e6072d4f65d7061329687fe24e3d63a7-common-args.resp
    
    builtin-ScanDependencies -o /Users/emanuelflury/Library/Developer/Xcode/DerivedData/TaxedGmbH_IOS-gerngfqzuwudosgobknlgtoawnlj/Build/Intermediates.noindex/GoogleDataTransport.build/Debug-iphoneos/GoogleDataTransport.build/Objects-normal/arm64/GDTCORMetricsMetadata.o.scan -- /Applications/Xcode.app/Contents/Developer/Toolchains/XcodeDefault.xctoolchain/usr/bin/clang -x objective-c -ivfsstatcache /Users/emanuelflury/Library/Developer/Xcode/DerivedData/SDKStatCaches.noindex/iphoneos26.1-23B77-69b33fc7382b27d9b5d46e82a00f8e78.sdkstatcache -fmessage-length\=0 -fdiagnostics-show-note-include-stack -fmacro-backtrace-limit\=0 -fno-color-diagnostics -fmodules-prune-interval\=86400 -fmodules-prune-after\=345600 -fbuild-session-file\=/Users/emanuelflury/Library/Developer/Xcode/DerivedData/ModuleCache.noindex/Session.modulevalidation -fmodules-validate-once-per-build-session -Wnon-modular-include-in-framework-module -Werror\=non-modular-include-in-framework-module -Wno-trigraphs -Wno-missing-field-initializers -Wno-missing-prototypes -Wno-return-type -Wno-implicit-atomic-properties -Wno-objc-interface-ivars -Wno-arc-repeated-use-of-weak -Wno-missing-braces -Wparentheses -Wswitch -Wno-unused-function -Wno-unused-label -Wno-unused-parameter -Wno-unused-variable -Wunused-value -Wno-empty-body -Wno-uninitialized -Wno-unknown-pragmas -w -Wno-shadow -Wno-four-char-constants -Wno-conversion -Wno-constant-conversion -Wno-int-conversion -Wno-bool-conversion -Wno-enum-conversion -Wno-float-conversion -Wno-non-literal-null-conversion -Wno-objc-literal-conversion -Wshorten-64-to-32 -Wpointer-sign -Wno-newline-eof -Wno-selector -Wno-strict-selector-match -Wno-undeclared-selector -Wno-deprecated-implementations -Wno-implicit-fallthrough -fstrict-aliasing -Wprotocol -Wdeprecated-declarations -Wno-sign-conversion -Wno-infinite-recursion -Wno-comma -Wno-block-capture-autoreleasing -Wno-strict-prototypes -Wno-semicolon-before-method-body -index-store-path /Users/emanuelflury/Library/Developer/Xcode/DerivedData/TaxedGmbH_IOS-gerngfqzuwudosgobknlgtoawnlj/Index.noindex/DataStore @/Users/emanuelflury/Library/Developer/Xcode/DerivedData/TaxedGmbH_IOS-gerngfqzuwudosgobknlgtoawnlj/Build/Intermediates.noindex/GoogleDataTransport.build/Debug-iphoneos/GoogleDataTransport.build/Objects-normal/arm64/e6072d4f65d7061329687fe24e3d63a7-common-args.resp -include /Users/emanuelflury/Library/Developer/Xcode/DerivedData/TaxedGmbH_IOS-gerngfqzuwudosgobknlgtoawnlj/Build/Intermediates.noindex/GoogleDataTransport.build/Debug-iphoneos/GoogleDataTransport.build/DerivedSources/resource_bundle_accessor.h -MMD -MT dependencies -MF /Users/emanuelflury/Library/Developer/Xcode/DerivedData/TaxedGmbH_IOS-gerngfqzuwudosgobknlgtoawnlj/Build/Intermediates.noindex/GoogleDataTransport.build/Debug-iphoneos/GoogleDataTransport.build/Objects-normal/arm64/GDTCORMetricsMetadata.d --serialize-diagnostics /Users/emanuelflury/Library/Developer/Xcode/DerivedData/TaxedGmbH_IOS-gerngfqzuwudosgobknlgtoawnlj/Build/Intermediates.noindex/GoogleDataTransport.build/Debug-iphoneos/GoogleDataTransport.build/Objects-normal/arm64/GDTCORMetricsMetadata.dia -c /Users/emanuelflury/Library/Developer/Xcode/DerivedData/TaxedGmbH_IOS-gerngfqzuwudosgobknlgtoawnlj/SourcePackages/checkouts/GoogleDataTransport/GoogleDataTransport/GDTCORLibrary/GDTCORMetricsMetadata.m -o /Users/emanuelflury/Library/Developer/Xcode/DerivedData/TaxedGmbH_IOS-gerngfqzuwudosgobknlgtoawnlj/Build/Intermediates.noindex/GoogleDataTransport.build/Debug-iphoneos/GoogleDataTransport.build/Objects-normal/arm64/GDTCORMetricsMetadata.o -index-unit-output-path /GoogleDataTransport.build/Debug-iphoneos/GoogleDataTransport.build/Objects-normal/arm64/GDTCORMetricsMetadata.o

CompileC /Users/emanuelflury/Library/Developer/Xcode/DerivedData/TaxedGmbH_IOS-gerngfqzuwudosgobknlgtoawnlj/Build/Intermediates.noindex/Firebase.build/Debug-iphoneos/FirebaseCoreExtension.build/Objects-normal/arm64/resource_bundle_accessor.o /Users/emanuelflury/Library/Developer/Xcode/DerivedData/TaxedGmbH_IOS-gerngfqzuwudosgobknlgtoawnlj/Build/Intermediates.noindex/Firebase.build/Debug-iphoneos/FirebaseCoreExtension.build/DerivedSources/resource_bundle_accessor.m normal arm64 objective-c com.apple.compilers.llvm.clang.1_0.compiler (in target 'FirebaseCoreExtension' from project 'Firebase')
    cd /Users/emanuelflury/github/TaxedGmbH_IOS/TaxedGmbH_IOS.xcodeproj
    
    Using response file: /Users/emanuelflury/Library/Developer/Xcode/DerivedData/TaxedGmbH_IOS-gerngfqzuwudosgobknlgtoawnlj/Build/Intermediates.noindex/Firebase.build/Debug-iphoneos/FirebaseCoreExtension.build/Objects-normal/arm64/e6072d4f65d7061329687fe24e3d63a7-common-args.resp
    
    /Applications/Xcode.app/Contents/Developer/Toolchains/XcodeDefault.xctoolchain/usr/bin/clang -x objective-c -ivfsstatcache /Users/emanuelflury/Library/Developer/Xcode/DerivedData/SDKStatCaches.noindex/iphoneos26.1-23B77-69b33fc7382b27d9b5d46e82a00f8e78.sdkstatcache -fmessage-length\=0 -fdiagnostics-show-note-include-stack -fmacro-backtrace-limit\=0 -fno-color-diagnostics -fmodules-prune-interval\=86400 -fmodules-prune-after\=345600 -fbuild-session-file\=/Users/emanuelflury/Library/Developer/Xcode/DerivedData/ModuleCache.noindex/Session.modulevalidation -fmodules-validate-once-per-build-session -Wnon-modular-include-in-framework-module -Werror\=non-modular-include-in-framework-module -Wno-trigraphs -Wno-missing-field-initializers -Wno-missing-prototypes -Wno-return-type -Wno-implicit-atomic-properties -Wno-objc-interface-ivars -Wno-arc-repeated-use-of-weak -Wno-missing-braces -Wparentheses -Wswitch -Wno-unused-function -Wno-unused-label -Wno-unused-parameter -Wno-unused-variable -Wunused-value -Wno-empty-body -Wno-uninitialized -Wno-unknown-pragmas -w -Wno-shadow -Wno-four-char-constants -Wno-conversion -Wno-constant-conversion -Wno-int-conversion -Wno-bool-conversion -Wno-enum-conversion -Wno-float-conversion -Wno-non-literal-null-conversion -Wno-objc-literal-conversion -Wshorten-64-to-32 -Wpointer-sign -Wno-newline-eof -Wno-selector -Wno-strict-selector-match -Wno-undeclared-selector -Wno-deprecated-implementations -Wno-implicit-fallthrough -fstrict-aliasing -Wprotocol -Wdeprecated-declarations -Wno-sign-conversion -Wno-infinite-recursion -Wno-comma -Wno-block-capture-autoreleasing -Wno-strict-prototypes -Wno-semicolon-before-method-body -index-store-path /Users/emanuelflury/Library/Developer/Xcode/DerivedData/TaxedGmbH_IOS-gerngfqzuwudosgobknlgtoawnlj/Index.noindex/DataStore @/Users/emanuelflury/Library/Developer/Xcode/DerivedData/TaxedGmbH_IOS-gerngfqzuwudosgobknlgtoawnlj/Build/Intermediates.noindex/Firebase.build/Debug-iphoneos/FirebaseCoreExtension.build/Objects-normal/arm64/e6072d4f65d7061329687fe24e3d63a7-common-args.resp -include /Users/emanuelflury/Library/Developer/Xcode/DerivedData/TaxedGmbH_IOS-gerngfqzuwudosgobknlgtoawnlj/Build/Intermediates.noindex/Firebase.build/Debug-iphoneos/FirebaseCoreExtension.build/DerivedSources/resource_bundle_accessor.h -MMD -MT dependencies -MF /Users/emanuelflury/Library/Developer/Xcode/DerivedData/TaxedGmbH_IOS-gerngfqzuwudosgobknlgtoawnlj/Build/Intermediates.noindex/Firebase.build/Debug-iphoneos/FirebaseCoreExtension.build/Objects-normal/arm64/resource_bundle_accessor.d --serialize-diagnostics /Users/emanuelflury/Library/Developer/Xcode/DerivedData/TaxedGmbH_IOS-gerngfqzuwudosgobknlgtoawnlj/Build/Intermediates.noindex/Firebase.build/Debug-iphoneos/FirebaseCoreExtension.build/Objects-normal/arm64/resource_bundle_accessor.dia -c /Users/emanuelflury/Library/Developer/Xcode/DerivedData/TaxedGmbH_IOS-gerngfqzuwudosgobknlgtoawnlj/Build/Intermediates.noindex/Firebase.build/Debug-iphoneos/FirebaseCoreExtension.build/DerivedSources/resource_bundle_accessor.m -o /Users/emanuelflury/Library/Developer/Xcode/DerivedData/TaxedGmbH_IOS-gerngfqzuwudosgobknlgtoawnlj/Build/Intermediates.noindex/Firebase.build/Debug-iphoneos/FirebaseCoreExtension.build/Objects-normal/arm64/resource_bundle_accessor.o -index-unit-output-path /Firebase.build/Debug-iphoneos/FirebaseCoreExtension.build/Objects-normal/arm64/resource_bundle_accessor.o

CompileC /Users/emanuelflury/Library/Developer/Xcode/DerivedData/TaxedGmbH_IOS-gerngfqzuwudosgobknlgtoawnlj/Build/Intermediates.noindex/Firebase.build/Debug-iphoneos/FirebaseCoreExtension.build/Objects-normal/arm64/dummy.o /Users/emanuelflury/Library/Developer/Xcode/DerivedData/TaxedGmbH_IOS-gerngfqzuwudosgobknlgtoawnlj/SourcePackages/checkouts/firebase-ios-sdk/FirebaseCore/Extension/dummy.m normal arm64 objective-c com.apple.compilers.llvm.clang.1_0.compiler (in target 'FirebaseCoreExtension' from project 'Firebase')
    cd /Users/emanuelflury/github/TaxedGmbH_IOS/TaxedGmbH_IOS.xcodeproj
    
    Using response file: /Users/emanuelflury/Library/Developer/Xcode/DerivedData/TaxedGmbH_IOS-gerngfqzuwudosgobknlgtoawnlj/Build/Intermediates.noindex/Firebase.build/Debug-iphoneos/FirebaseCoreExtension.build/Objects-normal/arm64/e6072d4f65d7061329687fe24e3d63a7-common-args.resp
    
    /Applications/Xcode.app/Contents/Developer/Toolchains/XcodeDefault.xctoolchain/usr/bin/clang -x objective-c -ivfsstatcache /Users/emanuelflury/Library/Developer/Xcode/DerivedData/SDKStatCaches.noindex/iphoneos26.1-23B77-69b33fc7382b27d9b5d46e82a00f8e78.sdkstatcache -fmessage-length\=0 -fdiagnostics-show-note-include-stack -fmacro-backtrace-limit\=0 -fno-color-diagnostics -fmodules-prune-interval\=86400 -fmodules-prune-after\=345600 -fbuild-session-file\=/Users/emanuelflury/Library/Developer/Xcode/DerivedData/ModuleCache.noindex/Session.modulevalidation -fmodules-validate-once-per-build-session -Wnon-modular-include-in-framework-module -Werror\=non-modular-include-in-framework-module -Wno-trigraphs -Wno-missing-field-initializers -Wno-missing-prototypes -Wno-return-type -Wno-implicit-atomic-properties -Wno-objc-interface-ivars -Wno-arc-repeated-use-of-weak -Wno-missing-braces -Wparentheses -Wswitch -Wno-unused-function -Wno-unused-label -Wno-unused-parameter -Wno-unused-variable -Wunused-value -Wno-empty-body -Wno-uninitialized -Wno-unknown-pragmas -w -Wno-shadow -Wno-four-char-constants -Wno-conversion -Wno-constant-conversion -Wno-int-conversion -Wno-bool-conversion -Wno-enum-conversion -Wno-float-conversion -Wno-non-literal-null-conversion -Wno-objc-literal-conversion -Wshorten-64-to-32 -Wpointer-sign -Wno-newline-eof -Wno-selector -Wno-strict-selector-match -Wno-undeclared-selector -Wno-deprecated-implementations -Wno-implicit-fallthrough -fstrict-aliasing -Wprotocol -Wdeprecated-declarations -Wno-sign-conversion -Wno-infinite-recursion -Wno-comma -Wno-block-capture-autoreleasing -Wno-strict-prototypes -Wno-semicolon-before-method-body -index-store-path /Users/emanuelflury/Library/Developer/Xcode/DerivedData/TaxedGmbH_IOS-gerngfqzuwudosgobknlgtoawnlj/Index.noindex/DataStore @/Users/emanuelflury/Library/Developer/Xcode/DerivedData/TaxedGmbH_IOS-gerngfqzuwudosgobknlgtoawnlj/Build/Intermediates.noindex/Firebase.build/Debug-iphoneos/FirebaseCoreExtension.build/Objects-normal/arm64/e6072d4f65d7061329687fe24e3d63a7-common-args.resp -include /Users/emanuelflury/Library/Developer/Xcode/DerivedData/TaxedGmbH_IOS-gerngfqzuwudosgobknlgtoawnlj/Build/Intermediates.noindex/Firebase.build/Debug-iphoneos/FirebaseCoreExtension.build/DerivedSources/resource_bundle_accessor.h -MMD -MT dependencies -MF /Users/emanuelflury/Library/Developer/Xcode/DerivedData/TaxedGmbH_IOS-gerngfqzuwudosgobknlgtoawnlj/Build/Intermediates.noindex/Firebase.build/Debug-iphoneos/FirebaseCoreExtension.build/Objects-normal/arm64/dummy.d --serialize-diagnostics /Users/emanuelflury/Library/Developer/Xcode/DerivedData/TaxedGmbH_IOS-gerngfqzuwudosgobknlgtoawnlj/Build/Intermediates.noindex/Firebase.build/Debug-iphoneos/FirebaseCoreExtension.build/Objects-normal/arm64/dummy.dia -c /Users/emanuelflury/Library/Developer/Xcode/DerivedData/TaxedGmbH_IOS-gerngfqzuwudosgobknlgtoawnlj/SourcePackages/checkouts/firebase-ios-sdk/FirebaseCore/Extension/dummy.m -o /Users/emanuelflury/Library/Developer/Xcode/DerivedData/TaxedGmbH_IOS-gerngfqzuwudosgobknlgtoawnlj/Build/Intermediates.noindex/Firebase.build/Debug-iphoneos/FirebaseCoreExtension.build/Objects-normal/arm64/dummy.o -index-unit-output-path /Firebase.build/Debug-iphoneos/FirebaseCoreExtension.build/Objects-normal/arm64/dummy.o

CompileC /Users/emanuelflury/Library/Developer/Xcode/DerivedData/TaxedGmbH_IOS-gerngfqzuwudosgobknlgtoawnlj/Build/Intermediates.noindex/Firebase.build/Debug-iphoneos/FirebaseAuthInternal.build/Objects-normal/arm64/FIRMultiFactorConstants.o /Users/emanuelflury/Library/Developer/Xcode/DerivedData/TaxedGmbH_IOS-gerngfqzuwudosgobknlgtoawnlj/SourcePackages/checkouts/firebase-ios-sdk/FirebaseAuth/Sources/ObjC/FIRMultiFactorConstants.m normal arm64 objective-c com.apple.compilers.llvm.clang.1_0.compiler (in target 'FirebaseAuthInternal' from project 'Firebase')
    cd /Users/emanuelflury/github/TaxedGmbH_IOS/TaxedGmbH_IOS.xcodeproj
    
    Using response file: /Users/emanuelflury/Library/Developer/Xcode/DerivedData/TaxedGmbH_IOS-gerngfqzuwudosgobknlgtoawnlj/Build/Intermediates.noindex/Firebase.build/Debug-iphoneos/FirebaseAuthInternal.build/Objects-normal/arm64/e6072d4f65d7061329687fe24e3d63a7-common-args.resp
    
    /Applications/Xcode.app/Contents/Developer/Toolchains/XcodeDefault.xctoolchain/usr/bin/clang -x objective-c -ivfsstatcache /Users/emanuelflury/Library/Developer/Xcode/DerivedData/SDKStatCaches.noindex/iphoneos26.1-23B77-69b33fc7382b27d9b5d46e82a00f8e78.sdkstatcache -fmessage-length\=0 -fdiagnostics-show-note-include-stack -fmacro-backtrace-limit\=0 -fno-color-diagnostics -fmodules-prune-interval\=86400 -fmodules-prune-after\=345600 -fbuild-session-file\=/Users/emanuelflury/Library/Developer/Xcode/DerivedData/ModuleCache.noindex/Session.modulevalidation -fmodules-validate-once-per-build-session -Wnon-modular-include-in-framework-module -Werror\=non-modular-include-in-framework-module -Wno-trigraphs -Wno-missing-field-initializers -Wno-missing-prototypes -Wno-return-type -Wno-implicit-atomic-properties -Wno-objc-interface-ivars -Wno-arc-repeated-use-of-weak -Wno-missing-braces -Wparentheses -Wswitch -Wno-unused-function -Wno-unused-label -Wno-unused-parameter -Wno-unused-variable -Wunused-value -Wno-empty-body -Wno-uninitialized -Wno-unknown-pragmas -w -Wno-shadow -Wno-four-char-constants -Wno-conversion -Wno-constant-conversion -Wno-int-conversion -Wno-bool-conversion -Wno-enum-conversion -Wno-float-conversion -Wno-non-literal-null-conversion -Wno-objc-literal-conversion -Wshorten-64-to-32 -Wpointer-sign -Wno-newline-eof -Wno-selector -Wno-strict-selector-match -Wno-undeclared-selector -Wno-deprecated-implementations -Wno-implicit-fallthrough -fstrict-aliasing -Wprotocol -Wdeprecated-declarations -Wno-sign-conversion -Wno-infinite-recursion -Wno-comma -Wno-block-capture-autoreleasing -Wno-strict-prototypes -Wno-semicolon-before-method-body -index-store-path /Users/emanuelflury/Library/Developer/Xcode/DerivedData/TaxedGmbH_IOS-gerngfqzuwudosgobknlgtoawnlj/Index.noindex/DataStore @/Users/emanuelflury/Library/Developer/Xcode/DerivedData/TaxedGmbH_IOS-gerngfqzuwudosgobknlgtoawnlj/Build/Intermediates.noindex/Firebase.build/Debug-iphoneos/FirebaseAuthInternal.build/Objects-normal/arm64/e6072d4f65d7061329687fe24e3d63a7-common-args.resp -MMD -MT dependencies -MF /Users/emanuelflury/Library/Developer/Xcode/DerivedData/TaxedGmbH_IOS-gerngfqzuwudosgobknlgtoawnlj/Build/Intermediates.noindex/Firebase.build/Debug-iphoneos/FirebaseAuthInternal.build/Objects-normal/arm64/FIRMultiFactorConstants.d --serialize-diagnostics /Users/emanuelflury/Library/Developer/Xcode/DerivedData/TaxedGmbH_IOS-gerngfqzuwudosgobknlgtoawnlj/Build/Intermediates.noindex/Firebase.build/Debug-iphoneos/FirebaseAuthInternal.build/Objects-normal/arm64/FIRMultiFactorConstants.dia -c /Users/emanuelflury/Library/Developer/Xcode/DerivedData/TaxedGmbH_IOS-gerngfqzuwudosgobknlgtoawnlj/SourcePackages/checkouts/firebase-ios-sdk/FirebaseAuth/Sources/ObjC/FIRMultiFactorConstants.m -o /Users/emanuelflury/Library/Developer/Xcode/DerivedData/TaxedGmbH_IOS-gerngfqzuwudosgobknlgtoawnlj/Build/Intermediates.noindex/Firebase.build/Debug-iphoneos/FirebaseAuthInternal.build/Objects-normal/arm64/FIRMultiFactorConstants.o -index-unit-output-path /Firebase.build/Debug-iphoneos/FirebaseAuthInternal.build/Objects-normal/arm64/FIRMultiFactorConstants.o

CompileC /Users/emanuelflury/Library/Developer/Xcode/DerivedData/TaxedGmbH_IOS-gerngfqzuwudosgobknlgtoawnlj/Build/Intermediates.noindex/Firebase.build/Debug-iphoneos/FirebaseAuthInternal.build/Objects-normal/arm64/FIRAuthProvider.o /Users/emanuelflury/Library/Developer/Xcode/DerivedData/TaxedGmbH_IOS-gerngfqzuwudosgobknlgtoawnlj/SourcePackages/checkouts/firebase-ios-sdk/FirebaseAuth/Sources/ObjC/FIRAuthProvider.m normal arm64 objective-c com.apple.compilers.llvm.clang.1_0.compiler (in target 'FirebaseAuthInternal' from project 'Firebase')
    cd /Users/emanuelflury/github/TaxedGmbH_IOS/TaxedGmbH_IOS.xcodeproj
    
    Using response file: /Users/emanuelflury/Library/Developer/Xcode/DerivedData/TaxedGmbH_IOS-gerngfqzuwudosgobknlgtoawnlj/Build/Intermediates.noindex/Firebase.build/Debug-iphoneos/FirebaseAuthInternal.build/Objects-normal/arm64/e6072d4f65d7061329687fe24e3d63a7-common-args.resp
    
    /Applications/Xcode.app/Contents/Developer/Toolchains/XcodeDefault.xctoolchain/usr/bin/clang -x objective-c -ivfsstatcache /Users/emanuelflury/Library/Developer/Xcode/DerivedData/SDKStatCaches.noindex/iphoneos26.1-23B77-69b33fc7382b27d9b5d46e82a00f8e78.sdkstatcache -fmessage-length\=0 -fdiagnostics-show-note-include-stack -fmacro-backtrace-limit\=0 -fno-color-diagnostics -fmodules-prune-interval\=86400 -fmodules-prune-after\=345600 -fbuild-session-file\=/Users/emanuelflury/Library/Developer/Xcode/DerivedData/ModuleCache.noindex/Session.modulevalidation -fmodules-validate-once-per-build-session -Wnon-modular-include-in-framework-module -Werror\=non-modular-include-in-framework-module -Wno-trigraphs -Wno-missing-field-initializers -Wno-missing-prototypes -Wno-return-type -Wno-implicit-atomic-properties -Wno-objc-interface-ivars -Wno-arc-repeated-use-of-weak -Wno-missing-braces -Wparentheses -Wswitch -Wno-unused-function -Wno-unused-label -Wno-unused-parameter -Wno-unused-variable -Wunused-value -Wno-empty-body -Wno-uninitialized -Wno-unknown-pragmas -w -Wno-shadow -Wno-four-char-constants -Wno-conversion -Wno-constant-conversion -Wno-int-conversion -Wno-bool-conversion -Wno-enum-conversion -Wno-float-conversion -Wno-non-literal-null-conversion -Wno-objc-literal-conversion -Wshorten-64-to-32 -Wpointer-sign -Wno-newline-eof -Wno-selector -Wno-strict-selector-match -Wno-undeclared-selector -Wno-deprecated-implementations -Wno-implicit-fallthrough -fstrict-aliasing -Wprotocol -Wdeprecated-declarations -Wno-sign-conversion -Wno-infinite-recursion -Wno-comma -Wno-block-capture-autoreleasing -Wno-strict-prototypes -Wno-semicolon-before-method-body -index-store-path /Users/emanuelflury/Library/Developer/Xcode/DerivedData/TaxedGmbH_IOS-gerngfqzuwudosgobknlgtoawnlj/Index.noindex/DataStore @/Users/emanuelflury/Library/Developer/Xcode/DerivedData/TaxedGmbH_IOS-gerngfqzuwudosgobknlgtoawnlj/Build/Intermediates.noindex/Firebase.build/Debug-iphoneos/FirebaseAuthInternal.build/Objects-normal/arm64/e6072d4f65d7061329687fe24e3d63a7-common-args.resp -MMD -MT dependencies -MF /Users/emanuelflury/Library/Developer/Xcode/DerivedData/TaxedGmbH_IOS-gerngfqzuwudosgobknlgtoawnlj/Build/Intermediates.noindex/Firebase.build/Debug-iphoneos/FirebaseAuthInternal.build/Objects-normal/arm64/FIRAuthProvider.d --serialize-diagnostics /Users/emanuelflury/Library/Developer/Xcode/DerivedData/TaxedGmbH_IOS-gerngfqzuwudosgobknlgtoawnlj/Build/Intermediates.noindex/Firebase.build/Debug-iphoneos/FirebaseAuthInternal.build/Objects-normal/arm64/FIRAuthProvider.dia -c /Users/emanuelflury/Library/Developer/Xcode/DerivedData/TaxedGmbH_IOS-gerngfqzuwudosgobknlgtoawnlj/SourcePackages/checkouts/firebase-ios-sdk/FirebaseAuth/Sources/ObjC/FIRAuthProvider.m -o /Users/emanuelflury/Library/Developer/Xcode/DerivedData/TaxedGmbH_IOS-gerngfqzuwudosgobknlgtoawnlj/Build/Intermediates.noindex/Firebase.build/Debug-iphoneos/FirebaseAuthInternal.build/Objects-normal/arm64/FIRAuthProvider.o -index-unit-output-path /Firebase.build/Debug-iphoneos/FirebaseAuthInternal.build/Objects-normal/arm64/FIRAuthProvider.o

CompileC /Users/emanuelflury/Library/Developer/Xcode/DerivedData/TaxedGmbH_IOS-gerngfqzuwudosgobknlgtoawnlj/Build/Intermediates.noindex/Firebase.build/Debug-iphoneos/FirebaseAuthInternal.build/Objects-normal/arm64/FIRAuthErrorUtils.o /Users/emanuelflury/Library/Developer/Xcode/DerivedData/TaxedGmbH_IOS-gerngfqzuwudosgobknlgtoawnlj/SourcePackages/checkouts/firebase-ios-sdk/FirebaseAuth/Sources/ObjC/FIRAuthErrorUtils.m normal arm64 objective-c com.apple.compilers.llvm.clang.1_0.compiler (in target 'FirebaseAuthInternal' from project 'Firebase')
    cd /Users/emanuelflury/github/TaxedGmbH_IOS/TaxedGmbH_IOS.xcodeproj
    
    Using response file: /Users/emanuelflury/Library/Developer/Xcode/DerivedData/TaxedGmbH_IOS-gerngfqzuwudosgobknlgtoawnlj/Build/Intermediates.noindex/Firebase.build/Debug-iphoneos/FirebaseAuthInternal.build/Objects-normal/arm64/e6072d4f65d7061329687fe24e3d63a7-common-args.resp
    
    /Applications/Xcode.app/Contents/Developer/Toolchains/XcodeDefault.xctoolchain/usr/bin/clang -x objective-c -ivfsstatcache /Users/emanuelflury/Library/Developer/Xcode/DerivedData/SDKStatCaches.noindex/iphoneos26.1-23B77-69b33fc7382b27d9b5d46e82a00f8e78.sdkstatcache -fmessage-length\=0 -fdiagnostics-show-note-include-stack -fmacro-backtrace-limit\=0 -fno-color-diagnostics -fmodules-prune-interval\=86400 -fmodules-prune-after\=345600 -fbuild-session-file\=/Users/emanuelflury/Library/Developer/Xcode/DerivedData/ModuleCache.noindex/Session.modulevalidation -fmodules-validate-once-per-build-session -Wnon-modular-include-in-framework-module -Werror\=non-modular-include-in-framework-module -Wno-trigraphs -Wno-missing-field-initializers -Wno-missing-prototypes -Wno-return-type -Wno-implicit-atomic-properties -Wno-objc-interface-ivars -Wno-arc-repeated-use-of-weak -Wno-missing-braces -Wparentheses -Wswitch -Wno-unused-function -Wno-unused-label -Wno-unused-parameter -Wno-unused-variable -Wunused-value -Wno-empty-body -Wno-uninitialized -Wno-unknown-pragmas -w -Wno-shadow -Wno-four-char-constants -Wno-conversion -Wno-constant-conversion -Wno-int-conversion -Wno-bool-conversion -Wno-enum-conversion -Wno-float-conversion -Wno-non-literal-null-conversion -Wno-objc-literal-conversion -Wshorten-64-to-32 -Wpointer-sign -Wno-newline-eof -Wno-selector -Wno-strict-selector-match -Wno-undeclared-selector -Wno-deprecated-implementations -Wno-implicit-fallthrough -fstrict-aliasing -Wprotocol -Wdeprecated-declarations -Wno-sign-conversion -Wno-infinite-recursion -Wno-comma -Wno-block-capture-autoreleasing -Wno-strict-prototypes -Wno-semicolon-before-method-body -index-store-path /Users/emanuelflury/Library/Developer/Xcode/DerivedData/TaxedGmbH_IOS-gerngfqzuwudosgobknlgtoawnlj/Index.noindex/DataStore @/Users/emanuelflury/Library/Developer/Xcode/DerivedData/TaxedGmbH_IOS-gerngfqzuwudosgobknlgtoawnlj/Build/Intermediates.noindex/Firebase.build/Debug-iphoneos/FirebaseAuthInternal.build/Objects-normal/arm64/e6072d4f65d7061329687fe24e3d63a7-common-args.resp -MMD -MT dependencies -MF /Users/emanuelflury/Library/Developer/Xcode/DerivedData/TaxedGmbH_IOS-gerngfqzuwudosgobknlgtoawnlj/Build/Intermediates.noindex/Firebase.build/Debug-iphoneos/FirebaseAuthInternal.build/Objects-normal/arm64/FIRAuthErrorUtils.d --serialize-diagnostics /Users/emanuelflury/Library/Developer/Xcode/DerivedData/TaxedGmbH_IOS-gerngfqzuwudosgobknlgtoawnlj/Build/Intermediates.noindex/Firebase.build/Debug-iphoneos/FirebaseAuthInternal.build/Objects-normal/arm64/FIRAuthErrorUtils.dia -c /Users/emanuelflury/Library/Developer/Xcode/DerivedData/TaxedGmbH_IOS-gerngfqzuwudosgobknlgtoawnlj/SourcePackages/checkouts/firebase-ios-sdk/FirebaseAuth/Sources/ObjC/FIRAuthErrorUtils.m -o /Users/emanuelflury/Library/Developer/Xcode/DerivedData/TaxedGmbH_IOS-gerngfqzuwudosgobknlgtoawnlj/Build/Intermediates.noindex/Firebase.build/Debug-iphoneos/FirebaseAuthInternal.build/Objects-normal/arm64/FIRAuthErrorUtils.o -index-unit-output-path /Firebase.build/Debug-iphoneos/FirebaseAuthInternal.build/Objects-normal/arm64/FIRAuthErrorUtils.o

CompileC /Users/emanuelflury/Library/Developer/Xcode/DerivedData/TaxedGmbH_IOS-gerngfqzuwudosgobknlgtoawnlj/Build/Intermediates.noindex/Firebase.build/Debug-iphoneos/FirebaseAuthInternal.build/Objects-normal/arm64/FIRAuth.o /Users/emanuelflury/Library/Developer/Xcode/DerivedData/TaxedGmbH_IOS-gerngfqzuwudosgobknlgtoawnlj/SourcePackages/checkouts/firebase-ios-sdk/FirebaseAuth/Sources/ObjC/FIRAuth.m normal arm64 objective-c com.apple.compilers.llvm.clang.1_0.compiler (in target 'FirebaseAuthInternal' from project 'Firebase')
    cd /Users/emanuelflury/github/TaxedGmbH_IOS/TaxedGmbH_IOS.xcodeproj
    
    Using response file: /Users/emanuelflury/Library/Developer/Xcode/DerivedData/TaxedGmbH_IOS-gerngfqzuwudosgobknlgtoawnlj/Build/Intermediates.noindex/Firebase.build/Debug-iphoneos/FirebaseAuthInternal.build/Objects-normal/arm64/e6072d4f65d7061329687fe24e3d63a7-common-args.resp
    
    /Applications/Xcode.app/Contents/Developer/Toolchains/XcodeDefault.xctoolchain/usr/bin/clang -x objective-c -ivfsstatcache /Users/emanuelflury/Library/Developer/Xcode/DerivedData/SDKStatCaches.noindex/iphoneos26.1-23B77-69b33fc7382b27d9b5d46e82a00f8e78.sdkstatcache -fmessage-length\=0 -fdiagnostics-show-note-include-stack -fmacro-backtrace-limit\=0 -fno-color-diagnostics -fmodules-prune-interval\=86400 -fmodules-prune-after\=345600 -fbuild-session-file\=/Users/emanuelflury/Library/Developer/Xcode/DerivedData/ModuleCache.noindex/Session.modulevalidation -fmodules-validate-once-per-build-session -Wnon-modular-include-in-framework-module -Werror\=non-modular-include-in-framework-module -Wno-trigraphs -Wno-missing-field-initializers -Wno-missing-prototypes -Wno-return-type -Wno-implicit-atomic-properties -Wno-objc-interface-ivars -Wno-arc-repeated-use-of-weak -Wno-missing-braces -Wparentheses -Wswitch -Wno-unused-function -Wno-unused-label -Wno-unused-parameter -Wno-unused-variable -Wunused-value -Wno-empty-body -Wno-uninitialized -Wno-unknown-pragmas -w -Wno-shadow -Wno-four-char-constants -Wno-conversion -Wno-constant-conversion -Wno-int-conversion -Wno-bool-conversion -Wno-enum-conversion -Wno-float-conversion -Wno-non-literal-null-conversion -Wno-objc-literal-conversion -Wshorten-64-to-32 -Wpointer-sign -Wno-newline-eof -Wno-selector -Wno-strict-selector-match -Wno-undeclared-selector -Wno-deprecated-implementations -Wno-implicit-fallthrough -fstrict-aliasing -Wprotocol -Wdeprecated-declarations -Wno-sign-conversion -Wno-infinite-recursion -Wno-comma -Wno-block-capture-autoreleasing -Wno-strict-prototypes -Wno-semicolon-before-method-body -index-store-path /Users/emanuelflury/Library/Developer/Xcode/DerivedData/TaxedGmbH_IOS-gerngfqzuwudosgobknlgtoawnlj/Index.noindex/DataStore @/Users/emanuelflury/Library/Developer/Xcode/DerivedData/TaxedGmbH_IOS-gerngfqzuwudosgobknlgtoawnlj/Build/Intermediates.noindex/Firebase.build/Debug-iphoneos/FirebaseAuthInternal.build/Objects-normal/arm64/e6072d4f65d7061329687fe24e3d63a7-common-args.resp -MMD -MT dependencies -MF /Users/emanuelflury/Library/Developer/Xcode/DerivedData/TaxedGmbH_IOS-gerngfqzuwudosgobknlgtoawnlj/Build/Intermediates.noindex/Firebase.build/Debug-iphoneos/FirebaseAuthInternal.build/Objects-normal/arm64/FIRAuth.d --serialize-diagnostics /Users/emanuelflury/Library/Developer/Xcode/DerivedData/TaxedGmbH_IOS-gerngfqzuwudosgobknlgtoawnlj/Build/Intermediates.noindex/Firebase.build/Debug-iphoneos/FirebaseAuthInternal.build/Objects-normal/arm64/FIRAuth.dia -c /Users/emanuelflury/Library/Developer/Xcode/DerivedData/TaxedGmbH_IOS-gerngfqzuwudosgobknlgtoawnlj/SourcePackages/checkouts/firebase-ios-sdk/FirebaseAuth/Sources/ObjC/FIRAuth.m -o /Users/emanuelflury/Library/Developer/Xcode/DerivedData/TaxedGmbH_IOS-gerngfqzuwudosgobknlgtoawnlj/Build/Intermediates.noindex/Firebase.build/Debug-iphoneos/FirebaseAuthInternal.build/Objects-normal/arm64/FIRAuth.o -index-unit-output-path /Firebase.build/Debug-iphoneos/FirebaseAuthInternal.build/Objects-normal/arm64/FIRAuth.o

PrecompileModule /Users/emanuelflury/Library/Developer/Xcode/DerivedData/TaxedGmbH_IOS-gerngfqzuwudosgobknlgtoawnlj/Build/Intermediates.noindex/ExplicitPrecompiledModules/nanopb-D701LD3UROVF5GK4W6X5RROHZ.scan
    cd /
    builtin-precompileModule /Users/emanuelflury/Library/Developer/Xcode/DerivedData/TaxedGmbH_IOS-gerngfqzuwudosgobknlgtoawnlj/Build/Intermediates.noindex/ExplicitPrecompiledModules/nanopb-D701LD3UROVF5GK4W6X5RROHZ.scan

PrecompileModule /Users/emanuelflury/Library/Developer/Xcode/DerivedData/TaxedGmbH_IOS-gerngfqzuwudosgobknlgtoawnlj/Build/Intermediates.noindex/ExplicitPrecompiledModules/_Builtin_inttypes-AWQUK9BXZNHEYZ4YXRXP82OTO.scan
    cd /
    builtin-precompileModule /Users/emanuelflury/Library/Developer/Xcode/DerivedData/TaxedGmbH_IOS-gerngfqzuwudosgobknlgtoawnlj/Build/Intermediates.noindex/ExplicitPrecompiledModules/_Builtin_inttypes-AWQUK9BXZNHEYZ4YXRXP82OTO.scan

PrecompileModule /Users/emanuelflury/Library/Developer/Xcode/DerivedData/TaxedGmbH_IOS-gerngfqzuwudosgobknlgtoawnlj/Build/Intermediates.noindex/ExplicitPrecompiledModules/Foundation-7SYQNSAAFZHNXQAX0M8A3CYH9.scan
    cd /
    builtin-precompileModule /Users/emanuelflury/Library/Developer/Xcode/DerivedData/TaxedGmbH_IOS-gerngfqzuwudosgobknlgtoawnlj/Build/Intermediates.noindex/ExplicitPrecompiledModules/Foundation-7SYQNSAAFZHNXQAX0M8A3CYH9.scan

ScanDependencies /Users/emanuelflury/Library/Developer/Xcode/DerivedData/TaxedGmbH_IOS-gerngfqzuwudosgobknlgtoawnlj/Build/Intermediates.noindex/GoogleDataTransport.build/Debug-iphoneos/GoogleDataTransport.build/Objects-normal/arm64/GDTCORMetricsController.o /Users/emanuelflury/Library/Developer/Xcode/DerivedData/TaxedGmbH_IOS-gerngfqzuwudosgobknlgtoawnlj/SourcePackages/checkouts/GoogleDataTransport/GoogleDataTransport/GDTCORLibrary/GDTCORMetricsController.m normal arm64 objective-c com.apple.compilers.llvm.clang.1_0.compiler (in target 'GoogleDataTransport' from project 'GoogleDataTransport')
    cd /Users/emanuelflury/github/TaxedGmbH_IOS/TaxedGmbH_IOS.xcodeproj
    
    Using response file: /Users/emanuelflury/Library/Developer/Xcode/DerivedData/TaxedGmbH_IOS-gerngfqzuwudosgobknlgtoawnlj/Build/Intermediates.noindex/GoogleDataTransport.build/Debug-iphoneos/GoogleDataTransport.build/Objects-normal/arm64/e6072d4f65d7061329687fe24e3d63a7-common-args.resp
    
    builtin-ScanDependencies -o /Users/emanuelflury/Library/Developer/Xcode/DerivedData/TaxedGmbH_IOS-gerngfqzuwudosgobknlgtoawnlj/Build/Intermediates.noindex/GoogleDataTransport.build/Debug-iphoneos/GoogleDataTransport.build/Objects-normal/arm64/GDTCORMetricsController.o.scan -- /Applications/Xcode.app/Contents/Developer/Toolchains/XcodeDefault.xctoolchain/usr/bin/clang -x objective-c -ivfsstatcache /Users/emanuelflury/Library/Developer/Xcode/DerivedData/SDKStatCaches.noindex/iphoneos26.1-23B77-69b33fc7382b27d9b5d46e82a00f8e78.sdkstatcache -fmessage-length\=0 -fdiagnostics-show-note-include-stack -fmacro-backtrace-limit\=0 -fno-color-diagnostics -fmodules-prune-interval\=86400 -fmodules-prune-after\=345600 -fbuild-session-file\=/Users/emanuelflury/Library/Developer/Xcode/DerivedData/ModuleCache.noindex/Session.modulevalidation -fmodules-validate-once-per-build-session -Wnon-modular-include-in-framework-module -Werror\=non-modular-include-in-framework-module -Wno-trigraphs -Wno-missing-field-initializers -Wno-missing-prototypes -Wno-return-type -Wno-implicit-atomic-properties -Wno-objc-interface-ivars -Wno-arc-repeated-use-of-weak -Wno-missing-braces -Wparentheses -Wswitch -Wno-unused-function -Wno-unused-label -Wno-unused-parameter -Wno-unused-variable -Wunused-value -Wno-empty-body -Wno-uninitialized -Wno-unknown-pragmas -w -Wno-shadow -Wno-four-char-constants -Wno-conversion -Wno-constant-conversion -Wno-int-conversion -Wno-bool-conversion -Wno-enum-conversion -Wno-float-conversion -Wno-non-literal-null-conversion -Wno-objc-literal-conversion -Wshorten-64-to-32 -Wpointer-sign -Wno-newline-eof -Wno-selector -Wno-strict-selector-match -Wno-undeclared-selector -Wno-deprecated-implementations -Wno-implicit-fallthrough -fstrict-aliasing -Wprotocol -Wdeprecated-declarations -Wno-sign-conversion -Wno-infinite-recursion -Wno-comma -Wno-block-capture-autoreleasing -Wno-strict-prototypes -Wno-semicolon-before-method-body -index-store-path /Users/emanuelflury/Library/Developer/Xcode/DerivedData/TaxedGmbH_IOS-gerngfqzuwudosgobknlgtoawnlj/Index.noindex/DataStore @/Users/emanuelflury/Library/Developer/Xcode/DerivedData/TaxedGmbH_IOS-gerngfqzuwudosgobknlgtoawnlj/Build/Intermediates.noindex/GoogleDataTransport.build/Debug-iphoneos/GoogleDataTransport.build/Objects-normal/arm64/e6072d4f65d7061329687fe24e3d63a7-common-args.resp -include /Users/emanuelflury/Library/Developer/Xcode/DerivedData/TaxedGmbH_IOS-gerngfqzuwudosgobknlgtoawnlj/Build/Intermediates.noindex/GoogleDataTransport.build/Debug-iphoneos/GoogleDataTransport.build/DerivedSources/resource_bundle_accessor.h -MMD -MT dependencies -MF /Users/emanuelflury/Library/Developer/Xcode/DerivedData/TaxedGmbH_IOS-gerngfqzuwudosgobknlgtoawnlj/Build/Intermediates.noindex/GoogleDataTransport.build/Debug-iphoneos/GoogleDataTransport.build/Objects-normal/arm64/GDTCORMetricsController.d --serialize-diagnostics /Users/emanuelflury/Library/Developer/Xcode/DerivedData/TaxedGmbH_IOS-gerngfqzuwudosgobknlgtoawnlj/Build/Intermediates.noindex/GoogleDataTransport.build/Debug-iphoneos/GoogleDataTransport.build/Objects-normal/arm64/GDTCORMetricsController.dia -c /Users/emanuelflury/Library/Developer/Xcode/DerivedData/TaxedGmbH_IOS-gerngfqzuwudosgobknlgtoawnlj/SourcePackages/checkouts/GoogleDataTransport/GoogleDataTransport/GDTCORLibrary/GDTCORMetricsController.m -o /Users/emanuelflury/Library/Developer/Xcode/DerivedData/TaxedGmbH_IOS-gerngfqzuwudosgobknlgtoawnlj/Build/Intermediates.noindex/GoogleDataTransport.build/Debug-iphoneos/GoogleDataTransport.build/Objects-normal/arm64/GDTCORMetricsController.o -index-unit-output-path /GoogleDataTransport.build/Debug-iphoneos/GoogleDataTransport.build/Objects-normal/arm64/GDTCORMetricsController.o

ScanDependencies /Users/emanuelflury/Library/Developer/Xcode/DerivedData/TaxedGmbH_IOS-gerngfqzuwudosgobknlgtoawnlj/Build/Intermediates.noindex/GoogleDataTransport.build/Debug-iphoneos/GoogleDataTransport.build/Objects-normal/arm64/GDTCORMetrics.o /Users/emanuelflury/Library/Developer/Xcode/DerivedData/TaxedGmbH_IOS-gerngfqzuwudosgobknlgtoawnlj/SourcePackages/checkouts/GoogleDataTransport/GoogleDataTransport/GDTCORLibrary/GDTCORMetrics.m normal arm64 objective-c com.apple.compilers.llvm.clang.1_0.compiler (in target 'GoogleDataTransport' from project 'GoogleDataTransport')
    cd /Users/emanuelflury/github/TaxedGmbH_IOS/TaxedGmbH_IOS.xcodeproj
    
    Using response file: /Users/emanuelflury/Library/Developer/Xcode/DerivedData/TaxedGmbH_IOS-gerngfqzuwudosgobknlgtoawnlj/Build/Intermediates.noindex/GoogleDataTransport.build/Debug-iphoneos/GoogleDataTransport.build/Objects-normal/arm64/e6072d4f65d7061329687fe24e3d63a7-common-args.resp
    
    builtin-ScanDependencies -o /Users/emanuelflury/Library/Developer/Xcode/DerivedData/TaxedGmbH_IOS-gerngfqzuwudosgobknlgtoawnlj/Build/Intermediates.noindex/GoogleDataTransport.build/Debug-iphoneos/GoogleDataTransport.build/Objects-normal/arm64/GDTCORMetrics.o.scan -- /Applications/Xcode.app/Contents/Developer/Toolchains/XcodeDefault.xctoolchain/usr/bin/clang -x objective-c -ivfsstatcache /Users/emanuelflury/Library/Developer/Xcode/DerivedData/SDKStatCaches.noindex/iphoneos26.1-23B77-69b33fc7382b27d9b5d46e82a00f8e78.sdkstatcache -fmessage-length\=0 -fdiagnostics-show-note-include-stack -fmacro-backtrace-limit\=0 -fno-color-diagnostics -fmodules-prune-interval\=86400 -fmodules-prune-after\=345600 -fbuild-session-file\=/Users/emanuelflury/Library/Developer/Xcode/DerivedData/ModuleCache.noindex/Session.modulevalidation -fmodules-validate-once-per-build-session -Wnon-modular-include-in-framework-module -Werror\=non-modular-include-in-framework-module -Wno-trigraphs -Wno-missing-field-initializers -Wno-missing-prototypes -Wno-return-type -Wno-implicit-atomic-properties -Wno-objc-interface-ivars -Wno-arc-repeated-use-of-weak -Wno-missing-braces -Wparentheses -Wswitch -Wno-unused-function -Wno-unused-label -Wno-unused-parameter -Wno-unused-variable -Wunused-value -Wno-empty-body -Wno-uninitialized -Wno-unknown-pragmas -w -Wno-shadow -Wno-four-char-constants -Wno-conversion -Wno-constant-conversion -Wno-int-conversion -Wno-bool-conversion -Wno-enum-conversion -Wno-float-conversion -Wno-non-literal-null-conversion -Wno-objc-literal-conversion -Wshorten-64-to-32 -Wpointer-sign -Wno-newline-eof -Wno-selector -Wno-strict-selector-match -Wno-undeclared-selector -Wno-deprecated-implementations -Wno-implicit-fallthrough -fstrict-aliasing -Wprotocol -Wdeprecated-declarations -Wno-sign-conversion -Wno-infinite-recursion -Wno-comma -Wno-block-capture-autoreleasing -Wno-strict-prototypes -Wno-semicolon-before-method-body -index-store-path /Users/emanuelflury/Library/Developer/Xcode/DerivedData/TaxedGmbH_IOS-gerngfqzuwudosgobknlgtoawnlj/Index.noindex/DataStore @/Users/emanuelflury/Library/Developer/Xcode/DerivedData/TaxedGmbH_IOS-gerngfqzuwudosgobknlgtoawnlj/Build/Intermediates.noindex/GoogleDataTransport.build/Debug-iphoneos/GoogleDataTransport.build/Objects-normal/arm64/e6072d4f65d7061329687fe24e3d63a7-common-args.resp -include /Users/emanuelflury/Library/Developer/Xcode/DerivedData/TaxedGmbH_IOS-gerngfqzuwudosgobknlgtoawnlj/Build/Intermediates.noindex/GoogleDataTransport.build/Debug-iphoneos/GoogleDataTransport.build/DerivedSources/resource_bundle_accessor.h -MMD -MT dependencies -MF /Users/emanuelflury/Library/Developer/Xcode/DerivedData/TaxedGmbH_IOS-gerngfqzuwudosgobknlgtoawnlj/Build/Intermediates.noindex/GoogleDataTransport.build/Debug-iphoneos/GoogleDataTransport.build/Objects-normal/arm64/GDTCORMetrics.d --serialize-diagnostics /Users/emanuelflury/Library/Developer/Xcode/DerivedData/TaxedGmbH_IOS-gerngfqzuwudosgobknlgtoawnlj/Build/Intermediates.noindex/GoogleDataTransport.build/Debug-iphoneos/GoogleDataTransport.build/Objects-normal/arm64/GDTCORMetrics.dia -c /Users/emanuelflury/Library/Developer/Xcode/DerivedData/TaxedGmbH_IOS-gerngfqzuwudosgobknlgtoawnlj/SourcePackages/checkouts/GoogleDataTransport/GoogleDataTransport/GDTCORLibrary/GDTCORMetrics.m -o /Users/emanuelflury/Library/Developer/Xcode/DerivedData/TaxedGmbH_IOS-gerngfqzuwudosgobknlgtoawnlj/Build/Intermediates.noindex/GoogleDataTransport.build/Debug-iphoneos/GoogleDataTransport.build/Objects-normal/arm64/GDTCORMetrics.o -index-unit-output-path /GoogleDataTransport.build/Debug-iphoneos/GoogleDataTransport.build/Objects-normal/arm64/GDTCORMetrics.o

ScanDependencies /Users/emanuelflury/Library/Developer/Xcode/DerivedData/TaxedGmbH_IOS-gerngfqzuwudosgobknlgtoawnlj/Build/Intermediates.noindex/GoogleDataTransport.build/Debug-iphoneos/GoogleDataTransport.build/Objects-normal/arm64/GDTCORMetrics+GDTCCTSupport.o /Users/emanuelflury/Library/Developer/Xcode/DerivedData/TaxedGmbH_IOS-gerngfqzuwudosgobknlgtoawnlj/SourcePackages/checkouts/GoogleDataTransport/GoogleDataTransport/GDTCCTLibrary/GDTCORMetrics+GDTCCTSupport.m normal arm64 objective-c com.apple.compilers.llvm.clang.1_0.compiler (in target 'GoogleDataTransport' from project 'GoogleDataTransport')
    cd /Users/emanuelflury/github/TaxedGmbH_IOS/TaxedGmbH_IOS.xcodeproj
    
    Using response file: /Users/emanuelflury/Library/Developer/Xcode/DerivedData/TaxedGmbH_IOS-gerngfqzuwudosgobknlgtoawnlj/Build/Intermediates.noindex/GoogleDataTransport.build/Debug-iphoneos/GoogleDataTransport.build/Objects-normal/arm64/e6072d4f65d7061329687fe24e3d63a7-common-args.resp
    
    builtin-ScanDependencies -o /Users/emanuelflury/Library/Developer/Xcode/DerivedData/TaxedGmbH_IOS-gerngfqzuwudosgobknlgtoawnlj/Build/Intermediates.noindex/GoogleDataTransport.build/Debug-iphoneos/GoogleDataTransport.build/Objects-normal/arm64/GDTCORMetrics+GDTCCTSupport.o.scan -- /Applications/Xcode.app/Contents/Developer/Toolchains/XcodeDefault.xctoolchain/usr/bin/clang -x objective-c -ivfsstatcache /Users/emanuelflury/Library/Developer/Xcode/DerivedData/SDKStatCaches.noindex/iphoneos26.1-23B77-69b33fc7382b27d9b5d46e82a00f8e78.sdkstatcache -fmessage-length\=0 -fdiagnostics-show-note-include-stack -fmacro-backtrace-limit\=0 -fno-color-diagnostics -fmodules-prune-interval\=86400 -fmodules-prune-after\=345600 -fbuild-session-file\=/Users/emanuelflury/Library/Developer/Xcode/DerivedData/ModuleCache.noindex/Session.modulevalidation -fmodules-validate-once-per-build-session -Wnon-modular-include-in-framework-module -Werror\=non-modular-include-in-framework-module -Wno-trigraphs -Wno-missing-field-initializers -Wno-missing-prototypes -Wno-return-type -Wno-implicit-atomic-properties -Wno-objc-interface-ivars -Wno-arc-repeated-use-of-weak -Wno-missing-braces -Wparentheses -Wswitch -Wno-unused-function -Wno-unused-label -Wno-unused-parameter -Wno-unused-variable -Wunused-value -Wno-empty-body -Wno-uninitialized -Wno-unknown-pragmas -w -Wno-shadow -Wno-four-char-constants -Wno-conversion -Wno-constant-conversion -Wno-int-conversion -Wno-bool-conversion -Wno-enum-conversion -Wno-float-conversion -Wno-non-literal-null-conversion -Wno-objc-literal-conversion -Wshorten-64-to-32 -Wpointer-sign -Wno-newline-eof -Wno-selector -Wno-strict-selector-match -Wno-undeclared-selector -Wno-deprecated-implementations -Wno-implicit-fallthrough -fstrict-aliasing -Wprotocol -Wdeprecated-declarations -Wno-sign-conversion -Wno-infinite-recursion -Wno-comma -Wno-block-capture-autoreleasing -Wno-strict-prototypes -Wno-semicolon-before-method-body -index-store-path /Users/emanuelflury/Library/Developer/Xcode/DerivedData/TaxedGmbH_IOS-gerngfqzuwudosgobknlgtoawnlj/Index.noindex/DataStore @/Users/emanuelflury/Library/Developer/Xcode/DerivedData/TaxedGmbH_IOS-gerngfqzuwudosgobknlgtoawnlj/Build/Intermediates.noindex/GoogleDataTransport.build/Debug-iphoneos/GoogleDataTransport.build/Objects-normal/arm64/e6072d4f65d7061329687fe24e3d63a7-common-args.resp -include /Users/emanuelflury/Library/Developer/Xcode/DerivedData/TaxedGmbH_IOS-gerngfqzuwudosgobknlgtoawnlj/Build/Intermediates.noindex/GoogleDataTransport.build/Debug-iphoneos/GoogleDataTransport.build/DerivedSources/resource_bundle_accessor.h -MMD -MT dependencies -MF /Users/emanuelflury/Library/Developer/Xcode/DerivedData/TaxedGmbH_IOS-gerngfqzuwudosgobknlgtoawnlj/Build/Intermediates.noindex/GoogleDataTransport.build/Debug-iphoneos/GoogleDataTransport.build/Objects-normal/arm64/GDTCORMetrics+GDTCCTSupport.d --serialize-diagnostics /Users/emanuelflury/Library/Developer/Xcode/DerivedData/TaxedGmbH_IOS-gerngfqzuwudosgobknlgtoawnlj/Build/Intermediates.noindex/GoogleDataTransport.build/Debug-iphoneos/GoogleDataTransport.build/Objects-normal/arm64/GDTCORMetrics+GDTCCTSupport.dia -c /Users/emanuelflury/Library/Developer/Xcode/DerivedData/TaxedGmbH_IOS-gerngfqzuwudosgobknlgtoawnlj/SourcePackages/checkouts/GoogleDataTransport/GoogleDataTransport/GDTCCTLibrary/GDTCORMetrics+GDTCCTSupport.m -o /Users/emanuelflury/Library/Developer/Xcode/DerivedData/TaxedGmbH_IOS-gerngfqzuwudosgobknlgtoawnlj/Build/Intermediates.noindex/GoogleDataTransport.build/Debug-iphoneos/GoogleDataTransport.build/Objects-normal/arm64/GDTCORMetrics+GDTCCTSupport.o -index-unit-output-path /GoogleDataTransport.build/Debug-iphoneos/GoogleDataTransport.build/Objects-normal/arm64/GDTCORMetrics+GDTCCTSupport.o

ScanDependencies /Users/emanuelflury/Library/Developer/Xcode/DerivedData/TaxedGmbH_IOS-gerngfqzuwudosgobknlgtoawnlj/Build/Intermediates.noindex/GoogleDataTransport.build/Debug-iphoneos/GoogleDataTransport.build/Objects-normal/arm64/GDTCORLogSourceMetrics.o /Users/emanuelflury/Library/Developer/Xcode/DerivedData/TaxedGmbH_IOS-gerngfqzuwudosgobknlgtoawnlj/SourcePackages/checkouts/GoogleDataTransport/GoogleDataTransport/GDTCORLibrary/GDTCORLogSourceMetrics.m normal arm64 objective-c com.apple.compilers.llvm.clang.1_0.compiler (in target 'GoogleDataTransport' from project 'GoogleDataTransport')
    cd /Users/emanuelflury/github/TaxedGmbH_IOS/TaxedGmbH_IOS.xcodeproj
    
    Using response file: /Users/emanuelflury/Library/Developer/Xcode/DerivedData/TaxedGmbH_IOS-gerngfqzuwudosgobknlgtoawnlj/Build/Intermediates.noindex/GoogleDataTransport.build/Debug-iphoneos/GoogleDataTransport.build/Objects-normal/arm64/e6072d4f65d7061329687fe24e3d63a7-common-args.resp
    
    builtin-ScanDependencies -o /Users/emanuelflury/Library/Developer/Xcode/DerivedData/TaxedGmbH_IOS-gerngfqzuwudosgobknlgtoawnlj/Build/Intermediates.noindex/GoogleDataTransport.build/Debug-iphoneos/GoogleDataTransport.build/Objects-normal/arm64/GDTCORLogSourceMetrics.o.scan -- /Applications/Xcode.app/Contents/Developer/Toolchains/XcodeDefault.xctoolchain/usr/bin/clang -x objective-c -ivfsstatcache /Users/emanuelflury/Library/Developer/Xcode/DerivedData/SDKStatCaches.noindex/iphoneos26.1-23B77-69b33fc7382b27d9b5d46e82a00f8e78.sdkstatcache -fmessage-length\=0 -fdiagnostics-show-note-include-stack -fmacro-backtrace-limit\=0 -fno-color-diagnostics -fmodules-prune-interval\=86400 -fmodules-prune-after\=345600 -fbuild-session-file\=/Users/emanuelflury/Library/Developer/Xcode/DerivedData/ModuleCache.noindex/Session.modulevalidation -fmodules-validate-once-per-build-session -Wnon-modular-include-in-framework-module -Werror\=non-modular-include-in-framework-module -Wno-trigraphs -Wno-missing-field-initializers -Wno-missing-prototypes -Wno-return-type -Wno-implicit-atomic-properties -Wno-objc-interface-ivars -Wno-arc-repeated-use-of-weak -Wno-missing-braces -Wparentheses -Wswitch -Wno-unused-function -Wno-unused-label -Wno-unused-parameter -Wno-unused-variable -Wunused-value -Wno-empty-body -Wno-uninitialized -Wno-unknown-pragmas -w -Wno-shadow -Wno-four-char-constants -Wno-conversion -Wno-constant-conversion -Wno-int-conversion -Wno-bool-conversion -Wno-enum-conversion -Wno-float-conversion -Wno-non-literal-null-conversion -Wno-objc-literal-conversion -Wshorten-64-to-32 -Wpointer-sign -Wno-newline-eof -Wno-selector -Wno-strict-selector-match -Wno-undeclared-selector -Wno-deprecated-implementations -Wno-implicit-fallthrough -fstrict-aliasing -Wprotocol -Wdeprecated-declarations -Wno-sign-conversion -Wno-infinite-recursion -Wno-comma -Wno-block-capture-autoreleasing -Wno-strict-prototypes -Wno-semicolon-before-method-body -index-store-path /Users/emanuelflury/Library/Developer/Xcode/DerivedData/TaxedGmbH_IOS-gerngfqzuwudosgobknlgtoawnlj/Index.noindex/DataStore @/Users/emanuelflury/Library/Developer/Xcode/DerivedData/TaxedGmbH_IOS-gerngfqzuwudosgobknlgtoawnlj/Build/Intermediates.noindex/GoogleDataTransport.build/Debug-iphoneos/GoogleDataTransport.build/Objects-normal/arm64/e6072d4f65d7061329687fe24e3d63a7-common-args.resp -include /Users/emanuelflury/Library/Developer/Xcode/DerivedData/TaxedGmbH_IOS-gerngfqzuwudosgobknlgtoawnlj/Build/Intermediates.noindex/GoogleDataTransport.build/Debug-iphoneos/GoogleDataTransport.build/DerivedSources/resource_bundle_accessor.h -MMD -MT dependencies -MF /Users/emanuelflury/Library/Developer/Xcode/DerivedData/TaxedGmbH_IOS-gerngfqzuwudosgobknlgtoawnlj/Build/Intermediates.noindex/GoogleDataTransport.build/Debug-iphoneos/GoogleDataTransport.build/Objects-normal/arm64/GDTCORLogSourceMetrics.d --serialize-diagnostics /Users/emanuelflury/Library/Developer/Xcode/DerivedData/TaxedGmbH_IOS-gerngfqzuwudosgobknlgtoawnlj/Build/Intermediates.noindex/GoogleDataTransport.build/Debug-iphoneos/GoogleDataTransport.build/Objects-normal/arm64/GDTCORLogSourceMetrics.dia -c /Users/emanuelflury/Library/Developer/Xcode/DerivedData/TaxedGmbH_IOS-gerngfqzuwudosgobknlgtoawnlj/SourcePackages/checkouts/GoogleDataTransport/GoogleDataTransport/GDTCORLibrary/GDTCORLogSourceMetrics.m -o /Users/emanuelflury/Library/Developer/Xcode/DerivedData/TaxedGmbH_IOS-gerngfqzuwudosgobknlgtoawnlj/Build/Intermediates.noindex/GoogleDataTransport.build/Debug-iphoneos/GoogleDataTransport.build/Objects-normal/arm64/GDTCORLogSourceMetrics.o -index-unit-output-path /GoogleDataTransport.build/Debug-iphoneos/GoogleDataTransport.build/Objects-normal/arm64/GDTCORLogSourceMetrics.o

Ld /Users/emanuelflury/Library/Developer/Xcode/DerivedData/TaxedGmbH_IOS-gerngfqzuwudosgobknlgtoawnlj/Build/Products/Debug-iphoneos/FirebaseAuthInternal.o normal (in target 'FirebaseAuthInternal' from project 'Firebase')
    cd /Users/emanuelflury/Library/Developer/Xcode/DerivedData/TaxedGmbH_IOS-gerngfqzuwudosgobknlgtoawnlj/SourcePackages/checkouts/firebase-ios-sdk
    /Applications/Xcode.app/Contents/Developer/Toolchains/XcodeDefault.xctoolchain/usr/bin/clang -Xlinker -reproducible -target arm64-apple-ios15.0 -r -isysroot /Applications/Xcode.app/Contents/Developer/Platforms/iPhoneOS.platform/Developer/SDKs/iPhoneOS26.1.sdk -O0 -w -L/Users/emanuelflury/Library/Developer/Xcode/DerivedData/TaxedGmbH_IOS-gerngfqzuwudosgobknlgtoawnlj/Build/Intermediates.noindex/EagerLinkingTBDs/Debug-iphoneos -L/Users/emanuelflury/Library/Developer/Xcode/DerivedData/TaxedGmbH_IOS-gerngfqzuwudosgobknlgtoawnlj/Build/Products/Debug-iphoneos -L/Applications/Xcode.app/Contents/Developer/Platforms/iPhoneOS.platform/Developer/usr/lib -F/Users/emanuelflury/Library/Developer/Xcode/DerivedData/TaxedGmbH_IOS-gerngfqzuwudosgobknlgtoawnlj/Build/Intermediates.noindex/EagerLinkingTBDs/Debug-iphoneos -F/Users/emanuelflury/Library/Developer/Xcode/DerivedData/TaxedGmbH_IOS-gerngfqzuwudosgobknlgtoawnlj/Build/Products/Debug-iphoneos/PackageFrameworks -F/Users/emanuelflury/Library/Developer/Xcode/DerivedData/TaxedGmbH_IOS-gerngfqzuwudosgobknlgtoawnlj/Build/Products/Debug-iphoneos -iframework /Applications/Xcode.app/Contents/Developer/Platforms/iPhoneOS.platform/Developer/Library/Frameworks -iframework /Applications/Xcode.app/Contents/Developer/Platforms/iPhoneOS.platform/Developer/SDKs/iPhoneOS26.1.sdk/Developer/Library/Frameworks -filelist /Users/emanuelflury/Library/Developer/Xcode/DerivedData/TaxedGmbH_IOS-gerngfqzuwudosgobknlgtoawnlj/Build/Intermediates.noindex/Firebase.build/Debug-iphoneos/FirebaseAuthInternal.build/Objects-normal/arm64/FirebaseAuthInternal.LinkFileList -nostdlib -Xlinker -object_path_lto -Xlinker /Users/emanuelflury/Library/Developer/Xcode/DerivedData/TaxedGmbH_IOS-gerngfqzuwudosgobknlgtoawnlj/Build/Intermediates.noindex/Firebase.build/Debug-iphoneos/FirebaseAuthInternal.build/Objects-normal/arm64/FirebaseAuthInternal_lto.o -rdynamic -Xlinker -no_deduplicate -Xlinker -debug_variant -Xlinker -dependency_info -Xlinker /Users/emanuelflury/Library/Developer/Xcode/DerivedData/TaxedGmbH_IOS-gerngfqzuwudosgobknlgtoawnlj/Build/Intermediates.noindex/Firebase.build/Debug-iphoneos/FirebaseAuthInternal.build/Objects-normal/arm64/FirebaseAuthInternal_dependency_info.dat -fobjc-arc -fobjc-link-runtime -o /Users/emanuelflury/Library/Developer/Xcode/DerivedData/TaxedGmbH_IOS-gerngfqzuwudosgobknlgtoawnlj/Build/Products/Debug-iphoneos/FirebaseAuthInternal.o

PrecompileModule /Users/emanuelflury/Library/Developer/Xcode/DerivedData/TaxedGmbH_IOS-gerngfqzuwudosgobknlgtoawnlj/Build/Intermediates.noindex/ExplicitPrecompiledModules/Darwin-760Q7RUX214EI802IZJ3QS7EB.scan
    cd /
    builtin-precompileModule /Users/emanuelflury/Library/Developer/Xcode/DerivedData/TaxedGmbH_IOS-gerngfqzuwudosgobknlgtoawnlj/Build/Intermediates.noindex/ExplicitPrecompiledModules/Darwin-760Q7RUX214EI802IZJ3QS7EB.scan

CompileC /Users/emanuelflury/Library/Developer/Xcode/DerivedData/TaxedGmbH_IOS-gerngfqzuwudosgobknlgtoawnlj/Build/Intermediates.noindex/GoogleDataTransport.build/Debug-iphoneos/GoogleDataTransport.build/Objects-normal/arm64/external_privacy_context.nanopb.o /Users/emanuelflury/Library/Developer/Xcode/DerivedData/TaxedGmbH_IOS-gerngfqzuwudosgobknlgtoawnlj/SourcePackages/checkouts/GoogleDataTransport/GoogleDataTransport/GDTCCTLibrary/Protogen/nanopb/external_privacy_context.nanopb.c normal arm64 c com.apple.compilers.llvm.clang.1_0.compiler (in target 'GoogleDataTransport' from project 'GoogleDataTransport')
    cd /Users/emanuelflury/github/TaxedGmbH_IOS/TaxedGmbH_IOS.xcodeproj
    
    Using response file: /Users/emanuelflury/Library/Developer/Xcode/DerivedData/TaxedGmbH_IOS-gerngfqzuwudosgobknlgtoawnlj/Build/Intermediates.noindex/GoogleDataTransport.build/Debug-iphoneos/GoogleDataTransport.build/Objects-normal/arm64/7187679823f38a2a940e0043cdf9d637-common-args.resp
    
    /Applications/Xcode.app/Contents/Developer/Toolchains/XcodeDefault.xctoolchain/usr/bin/clang -x c -ivfsstatcache /Users/emanuelflury/Library/Developer/Xcode/DerivedData/SDKStatCaches.noindex/iphoneos26.1-23B77-69b33fc7382b27d9b5d46e82a00f8e78.sdkstatcache -fmessage-length\=0 -fdiagnostics-show-note-include-stack -fmacro-backtrace-limit\=0 -fno-color-diagnostics -fmodules-prune-interval\=86400 -fmodules-prune-after\=345600 -fbuild-session-file\=/Users/emanuelflury/Library/Developer/Xcode/DerivedData/ModuleCache.noindex/Session.modulevalidation -fmodules-validate-once-per-build-session -Wnon-modular-include-in-framework-module -Werror\=non-modular-include-in-framework-module -Wno-trigraphs -Wno-missing-field-initializers -Wno-missing-prototypes -Wno-return-type -Wno-missing-braces -Wparentheses -Wswitch -Wno-unused-function -Wno-unused-label -Wno-unused-parameter -Wno-unused-variable -Wunused-value -Wno-empty-body -Wno-uninitialized -Wno-unknown-pragmas -w -Wno-shadow -Wno-four-char-constants -Wno-conversion -Wno-constant-conversion -Wno-int-conversion -Wno-bool-conversion -Wno-enum-conversion -Wno-float-conversion -Wno-non-literal-null-conversion -Wno-objc-literal-conversion -Wshorten-64-to-32 -Wpointer-sign -Wno-newline-eof -Wno-implicit-fallthrough -fstrict-aliasing -Wdeprecated-declarations -Wno-sign-conversion -Wno-infinite-recursion -Wno-comma -Wno-block-capture-autoreleasing -Wno-strict-prototypes -Wno-semicolon-before-method-body -index-store-path /Users/emanuelflury/Library/Developer/Xcode/DerivedData/TaxedGmbH_IOS-gerngfqzuwudosgobknlgtoawnlj/Index.noindex/DataStore @/Users/emanuelflury/Library/Developer/Xcode/DerivedData/TaxedGmbH_IOS-gerngfqzuwudosgobknlgtoawnlj/Build/Intermediates.noindex/GoogleDataTransport.build/Debug-iphoneos/GoogleDataTransport.build/Objects-normal/arm64/7187679823f38a2a940e0043cdf9d637-common-args.resp -MMD -MT dependencies -MF /Users/emanuelflury/Library/Developer/Xcode/DerivedData/TaxedGmbH_IOS-gerngfqzuwudosgobknlgtoawnlj/Build/Intermediates.noindex/GoogleDataTransport.build/Debug-iphoneos/GoogleDataTransport.build/Objects-normal/arm64/external_privacy_context.nanopb.d --serialize-diagnostics /Users/emanuelflury/Library/Developer/Xcode/DerivedData/TaxedGmbH_IOS-gerngfqzuwudosgobknlgtoawnlj/Build/Intermediates.noindex/GoogleDataTransport.build/Debug-iphoneos/GoogleDataTransport.build/Objects-normal/arm64/external_privacy_context.nanopb.dia -c /Users/emanuelflury/Library/Developer/Xcode/DerivedData/TaxedGmbH_IOS-gerngfqzuwudosgobknlgtoawnlj/SourcePackages/checkouts/GoogleDataTransport/GoogleDataTransport/GDTCCTLibrary/Protogen/nanopb/external_privacy_context.nanopb.c -o /Users/emanuelflury/Library/Developer/Xcode/DerivedData/TaxedGmbH_IOS-gerngfqzuwudosgobknlgtoawnlj/Build/Intermediates.noindex/GoogleDataTransport.build/Debug-iphoneos/GoogleDataTransport.build/Objects-normal/arm64/external_privacy_context.nanopb.o -index-unit-output-path /GoogleDataTransport.build/Debug-iphoneos/GoogleDataTransport.build/Objects-normal/arm64/external_privacy_context.nanopb.o

CompileC /Users/emanuelflury/Library/Developer/Xcode/DerivedData/TaxedGmbH_IOS-gerngfqzuwudosgobknlgtoawnlj/Build/Intermediates.noindex/GoogleDataTransport.build/Debug-iphoneos/GoogleDataTransport.build/Objects-normal/arm64/external_prequest_context.nanopb.o /Users/emanuelflury/Library/Developer/Xcode/DerivedData/TaxedGmbH_IOS-gerngfqzuwudosgobknlgtoawnlj/SourcePackages/checkouts/GoogleDataTransport/GoogleDataTransport/GDTCCTLibrary/Protogen/nanopb/external_prequest_context.nanopb.c normal arm64 c com.apple.compilers.llvm.clang.1_0.compiler (in target 'GoogleDataTransport' from project 'GoogleDataTransport')
    cd /Users/emanuelflury/github/TaxedGmbH_IOS/TaxedGmbH_IOS.xcodeproj
    
    Using response file: /Users/emanuelflury/Library/Developer/Xcode/DerivedData/TaxedGmbH_IOS-gerngfqzuwudosgobknlgtoawnlj/Build/Intermediates.noindex/GoogleDataTransport.build/Debug-iphoneos/GoogleDataTransport.build/Objects-normal/arm64/7187679823f38a2a940e0043cdf9d637-common-args.resp
    
    /Applications/Xcode.app/Contents/Developer/Toolchains/XcodeDefault.xctoolchain/usr/bin/clang -x c -ivfsstatcache /Users/emanuelflury/Library/Developer/Xcode/DerivedData/SDKStatCaches.noindex/iphoneos26.1-23B77-69b33fc7382b27d9b5d46e82a00f8e78.sdkstatcache -fmessage-length\=0 -fdiagnostics-show-note-include-stack -fmacro-backtrace-limit\=0 -fno-color-diagnostics -fmodules-prune-interval\=86400 -fmodules-prune-after\=345600 -fbuild-session-file\=/Users/emanuelflury/Library/Developer/Xcode/DerivedData/ModuleCache.noindex/Session.modulevalidation -fmodules-validate-once-per-build-session -Wnon-modular-include-in-framework-module -Werror\=non-modular-include-in-framework-module -Wno-trigraphs -Wno-missing-field-initializers -Wno-missing-prototypes -Wno-return-type -Wno-missing-braces -Wparentheses -Wswitch -Wno-unused-function -Wno-unused-label -Wno-unused-parameter -Wno-unused-variable -Wunused-value -Wno-empty-body -Wno-uninitialized -Wno-unknown-pragmas -w -Wno-shadow -Wno-four-char-constants -Wno-conversion -Wno-constant-conversion -Wno-int-conversion -Wno-bool-conversion -Wno-enum-conversion -Wno-float-conversion -Wno-non-literal-null-conversion -Wno-objc-literal-conversion -Wshorten-64-to-32 -Wpointer-sign -Wno-newline-eof -Wno-implicit-fallthrough -fstrict-aliasing -Wdeprecated-declarations -Wno-sign-conversion -Wno-infinite-recursion -Wno-comma -Wno-block-capture-autoreleasing -Wno-strict-prototypes -Wno-semicolon-before-method-body -index-store-path /Users/emanuelflury/Library/Developer/Xcode/DerivedData/TaxedGmbH_IOS-gerngfqzuwudosgobknlgtoawnlj/Index.noindex/DataStore @/Users/emanuelflury/Library/Developer/Xcode/DerivedData/TaxedGmbH_IOS-gerngfqzuwudosgobknlgtoawnlj/Build/Intermediates.noindex/GoogleDataTransport.build/Debug-iphoneos/GoogleDataTransport.build/Objects-normal/arm64/7187679823f38a2a940e0043cdf9d637-common-args.resp -MMD -MT dependencies -MF /Users/emanuelflury/Library/Developer/Xcode/DerivedData/TaxedGmbH_IOS-gerngfqzuwudosgobknlgtoawnlj/Build/Intermediates.noindex/GoogleDataTransport.build/Debug-iphoneos/GoogleDataTransport.build/Objects-normal/arm64/external_prequest_context.nanopb.d --serialize-diagnostics /Users/emanuelflury/Library/Developer/Xcode/DerivedData/TaxedGmbH_IOS-gerngfqzuwudosgobknlgtoawnlj/Build/Intermediates.noindex/GoogleDataTransport.build/Debug-iphoneos/GoogleDataTransport.build/Objects-normal/arm64/external_prequest_context.nanopb.dia -c /Users/emanuelflury/Library/Developer/Xcode/DerivedData/TaxedGmbH_IOS-gerngfqzuwudosgobknlgtoawnlj/SourcePackages/checkouts/GoogleDataTransport/GoogleDataTransport/GDTCCTLibrary/Protogen/nanopb/external_prequest_context.nanopb.c -o /Users/emanuelflury/Library/Developer/Xcode/DerivedData/TaxedGmbH_IOS-gerngfqzuwudosgobknlgtoawnlj/Build/Intermediates.noindex/GoogleDataTransport.build/Debug-iphoneos/GoogleDataTransport.build/Objects-normal/arm64/external_prequest_context.nanopb.o -index-unit-output-path /GoogleDataTransport.build/Debug-iphoneos/GoogleDataTransport.build/Objects-normal/arm64/external_prequest_context.nanopb.o

CompileC /Users/emanuelflury/Library/Developer/Xcode/DerivedData/TaxedGmbH_IOS-gerngfqzuwudosgobknlgtoawnlj/Build/Intermediates.noindex/GoogleDataTransport.build/Debug-iphoneos/GoogleDataTransport.build/Objects-normal/arm64/compliance.nanopb.o /Users/emanuelflury/Library/Developer/Xcode/DerivedData/TaxedGmbH_IOS-gerngfqzuwudosgobknlgtoawnlj/SourcePackages/checkouts/GoogleDataTransport/GoogleDataTransport/GDTCCTLibrary/Protogen/nanopb/compliance.nanopb.c normal arm64 c com.apple.compilers.llvm.clang.1_0.compiler (in target 'GoogleDataTransport' from project 'GoogleDataTransport')
    cd /Users/emanuelflury/github/TaxedGmbH_IOS/TaxedGmbH_IOS.xcodeproj
    
    Using response file: /Users/emanuelflury/Library/Developer/Xcode/DerivedData/TaxedGmbH_IOS-gerngfqzuwudosgobknlgtoawnlj/Build/Intermediates.noindex/GoogleDataTransport.build/Debug-iphoneos/GoogleDataTransport.build/Objects-normal/arm64/7187679823f38a2a940e0043cdf9d637-common-args.resp
    
    /Applications/Xcode.app/Contents/Developer/Toolchains/XcodeDefault.xctoolchain/usr/bin/clang -x c -ivfsstatcache /Users/emanuelflury/Library/Developer/Xcode/DerivedData/SDKStatCaches.noindex/iphoneos26.1-23B77-69b33fc7382b27d9b5d46e82a00f8e78.sdkstatcache -fmessage-length\=0 -fdiagnostics-show-note-include-stack -fmacro-backtrace-limit\=0 -fno-color-diagnostics -fmodules-prune-interval\=86400 -fmodules-prune-after\=345600 -fbuild-session-file\=/Users/emanuelflury/Library/Developer/Xcode/DerivedData/ModuleCache.noindex/Session.modulevalidation -fmodules-validate-once-per-build-session -Wnon-modular-include-in-framework-module -Werror\=non-modular-include-in-framework-module -Wno-trigraphs -Wno-missing-field-initializers -Wno-missing-prototypes -Wno-return-type -Wno-missing-braces -Wparentheses -Wswitch -Wno-unused-function -Wno-unused-label -Wno-unused-parameter -Wno-unused-variable -Wunused-value -Wno-empty-body -Wno-uninitialized -Wno-unknown-pragmas -w -Wno-shadow -Wno-four-char-constants -Wno-conversion -Wno-constant-conversion -Wno-int-conversion -Wno-bool-conversion -Wno-enum-conversion -Wno-float-conversion -Wno-non-literal-null-conversion -Wno-objc-literal-conversion -Wshorten-64-to-32 -Wpointer-sign -Wno-newline-eof -Wno-implicit-fallthrough -fstrict-aliasing -Wdeprecated-declarations -Wno-sign-conversion -Wno-infinite-recursion -Wno-comma -Wno-block-capture-autoreleasing -Wno-strict-prototypes -Wno-semicolon-before-method-body -index-store-path /Users/emanuelflury/Library/Developer/Xcode/DerivedData/TaxedGmbH_IOS-gerngfqzuwudosgobknlgtoawnlj/Index.noindex/DataStore @/Users/emanuelflury/Library/Developer/Xcode/DerivedData/TaxedGmbH_IOS-gerngfqzuwudosgobknlgtoawnlj/Build/Intermediates.noindex/GoogleDataTransport.build/Debug-iphoneos/GoogleDataTransport.build/Objects-normal/arm64/7187679823f38a2a940e0043cdf9d637-common-args.resp -MMD -MT dependencies -MF /Users/emanuelflury/Library/Developer/Xcode/DerivedData/TaxedGmbH_IOS-gerngfqzuwudosgobknlgtoawnlj/Build/Intermediates.noindex/GoogleDataTransport.build/Debug-iphoneos/GoogleDataTransport.build/Objects-normal/arm64/compliance.nanopb.d --serialize-diagnostics /Users/emanuelflury/Library/Developer/Xcode/DerivedData/TaxedGmbH_IOS-gerngfqzuwudosgobknlgtoawnlj/Build/Intermediates.noindex/GoogleDataTransport.build/Debug-iphoneos/GoogleDataTransport.build/Objects-normal/arm64/compliance.nanopb.dia -c /Users/emanuelflury/Library/Developer/Xcode/DerivedData/TaxedGmbH_IOS-gerngfqzuwudosgobknlgtoawnlj/SourcePackages/checkouts/GoogleDataTransport/GoogleDataTransport/GDTCCTLibrary/Protogen/nanopb/compliance.nanopb.c -o /Users/emanuelflury/Library/Developer/Xcode/DerivedData/TaxedGmbH_IOS-gerngfqzuwudosgobknlgtoawnlj/Build/Intermediates.noindex/GoogleDataTransport.build/Debug-iphoneos/GoogleDataTransport.build/Objects-normal/arm64/compliance.nanopb.o -index-unit-output-path /GoogleDataTransport.build/Debug-iphoneos/GoogleDataTransport.build/Objects-normal/arm64/compliance.nanopb.o

CompileC /Users/emanuelflury/Library/Developer/Xcode/DerivedData/TaxedGmbH_IOS-gerngfqzuwudosgobknlgtoawnlj/Build/Intermediates.noindex/nanopb.build/Debug-iphoneos/nanopb.build/Objects-normal/arm64/resource_bundle_accessor.o /Users/emanuelflury/Library/Developer/Xcode/DerivedData/TaxedGmbH_IOS-gerngfqzuwudosgobknlgtoawnlj/Build/Intermediates.noindex/nanopb.build/Debug-iphoneos/nanopb.build/DerivedSources/resource_bundle_accessor.m normal arm64 objective-c com.apple.compilers.llvm.clang.1_0.compiler (in target 'nanopb' from project 'nanopb')
    cd /Users/emanuelflury/github/TaxedGmbH_IOS/TaxedGmbH_IOS.xcodeproj
    
    Using response file: /Users/emanuelflury/Library/Developer/Xcode/DerivedData/TaxedGmbH_IOS-gerngfqzuwudosgobknlgtoawnlj/Build/Intermediates.noindex/nanopb.build/Debug-iphoneos/nanopb.build/Objects-normal/arm64/e6072d4f65d7061329687fe24e3d63a7-common-args.resp
    
    /Applications/Xcode.app/Contents/Developer/Toolchains/XcodeDefault.xctoolchain/usr/bin/clang -x objective-c -ivfsstatcache /Users/emanuelflury/Library/Developer/Xcode/DerivedData/SDKStatCaches.noindex/iphoneos26.1-23B77-69b33fc7382b27d9b5d46e82a00f8e78.sdkstatcache -fmessage-length\=0 -fdiagnostics-show-note-include-stack -fmacro-backtrace-limit\=0 -fno-color-diagnostics -fmodules-prune-interval\=86400 -fmodules-prune-after\=345600 -fbuild-session-file\=/Users/emanuelflury/Library/Developer/Xcode/DerivedData/ModuleCache.noindex/Session.modulevalidation -fmodules-validate-once-per-build-session -Wnon-modular-include-in-framework-module -Werror\=non-modular-include-in-framework-module -Wno-trigraphs -Wno-missing-field-initializers -Wno-missing-prototypes -Wno-return-type -Wno-implicit-atomic-properties -Wno-objc-interface-ivars -Wno-arc-repeated-use-of-weak -Wno-missing-braces -Wparentheses -Wswitch -Wno-unused-function -Wno-unused-label -Wno-unused-parameter -Wno-unused-variable -Wunused-value -Wno-empty-body -Wno-uninitialized -Wno-unknown-pragmas -w -Wno-shadow -Wno-four-char-constants -Wno-conversion -Wno-constant-conversion -Wno-int-conversion -Wno-bool-conversion -Wno-enum-conversion -Wno-float-conversion -Wno-non-literal-null-conversion -Wno-objc-literal-conversion -Wshorten-64-to-32 -Wpointer-sign -Wno-newline-eof -Wno-selector -Wno-strict-selector-match -Wno-undeclared-selector -Wno-deprecated-implementations -Wno-implicit-fallthrough -fstrict-aliasing -Wprotocol -Wdeprecated-declarations -Wno-sign-conversion -Wno-infinite-recursion -Wno-comma -Wno-block-capture-autoreleasing -Wno-strict-prototypes -Wno-semicolon-before-method-body -index-store-path /Users/emanuelflury/Library/Developer/Xcode/DerivedData/TaxedGmbH_IOS-gerngfqzuwudosgobknlgtoawnlj/Index.noindex/DataStore @/Users/emanuelflury/Library/Developer/Xcode/DerivedData/TaxedGmbH_IOS-gerngfqzuwudosgobknlgtoawnlj/Build/Intermediates.noindex/nanopb.build/Debug-iphoneos/nanopb.build/Objects-normal/arm64/e6072d4f65d7061329687fe24e3d63a7-common-args.resp -include /Users/emanuelflury/Library/Developer/Xcode/DerivedData/TaxedGmbH_IOS-gerngfqzuwudosgobknlgtoawnlj/Build/Intermediates.noindex/nanopb.build/Debug-iphoneos/nanopb.build/DerivedSources/resource_bundle_accessor.h -MMD -MT dependencies -MF /Users/emanuelflury/Library/Developer/Xcode/DerivedData/TaxedGmbH_IOS-gerngfqzuwudosgobknlgtoawnlj/Build/Intermediates.noindex/nanopb.build/Debug-iphoneos/nanopb.build/Objects-normal/arm64/resource_bundle_accessor.d --serialize-diagnostics /Users/emanuelflury/Library/Developer/Xcode/DerivedData/TaxedGmbH_IOS-gerngfqzuwudosgobknlgtoawnlj/Build/Intermediates.noindex/nanopb.build/Debug-iphoneos/nanopb.build/Objects-normal/arm64/resource_bundle_accessor.dia -c /Users/emanuelflury/Library/Developer/Xcode/DerivedData/TaxedGmbH_IOS-gerngfqzuwudosgobknlgtoawnlj/Build/Intermediates.noindex/nanopb.build/Debug-iphoneos/nanopb.build/DerivedSources/resource_bundle_accessor.m -o /Users/emanuelflury/Library/Developer/Xcode/DerivedData/TaxedGmbH_IOS-gerngfqzuwudosgobknlgtoawnlj/Build/Intermediates.noindex/nanopb.build/Debug-iphoneos/nanopb.build/Objects-normal/arm64/resource_bundle_accessor.o -index-unit-output-path /nanopb.build/Debug-iphoneos/nanopb.build/Objects-normal/arm64/resource_bundle_accessor.o

CompileC /Users/emanuelflury/Library/Developer/Xcode/DerivedData/TaxedGmbH_IOS-gerngfqzuwudosgobknlgtoawnlj/Build/Intermediates.noindex/GoogleDataTransport.build/Debug-iphoneos/GoogleDataTransport.build/Objects-normal/arm64/client_metrics.nanopb.o /Users/emanuelflury/Library/Developer/Xcode/DerivedData/TaxedGmbH_IOS-gerngfqzuwudosgobknlgtoawnlj/SourcePackages/checkouts/GoogleDataTransport/GoogleDataTransport/GDTCCTLibrary/Protogen/nanopb/client_metrics.nanopb.c normal arm64 c com.apple.compilers.llvm.clang.1_0.compiler (in target 'GoogleDataTransport' from project 'GoogleDataTransport')
    cd /Users/emanuelflury/github/TaxedGmbH_IOS/TaxedGmbH_IOS.xcodeproj
    
    Using response file: /Users/emanuelflury/Library/Developer/Xcode/DerivedData/TaxedGmbH_IOS-gerngfqzuwudosgobknlgtoawnlj/Build/Intermediates.noindex/GoogleDataTransport.build/Debug-iphoneos/GoogleDataTransport.build/Objects-normal/arm64/7187679823f38a2a940e0043cdf9d637-common-args.resp
    
    /Applications/Xcode.app/Contents/Developer/Toolchains/XcodeDefault.xctoolchain/usr/bin/clang -x c -ivfsstatcache /Users/emanuelflury/Library/Developer/Xcode/DerivedData/SDKStatCaches.noindex/iphoneos26.1-23B77-69b33fc7382b27d9b5d46e82a00f8e78.sdkstatcache -fmessage-length\=0 -fdiagnostics-show-note-include-stack -fmacro-backtrace-limit\=0 -fno-color-diagnostics -fmodules-prune-interval\=86400 -fmodules-prune-after\=345600 -fbuild-session-file\=/Users/emanuelflury/Library/Developer/Xcode/DerivedData/ModuleCache.noindex/Session.modulevalidation -fmodules-validate-once-per-build-session -Wnon-modular-include-in-framework-module -Werror\=non-modular-include-in-framework-module -Wno-trigraphs -Wno-missing-field-initializers -Wno-missing-prototypes -Wno-return-type -Wno-missing-braces -Wparentheses -Wswitch -Wno-unused-function -Wno-unused-label -Wno-unused-parameter -Wno-unused-variable -Wunused-value -Wno-empty-body -Wno-uninitialized -Wno-unknown-pragmas -w -Wno-shadow -Wno-four-char-constants -Wno-conversion -Wno-constant-conversion -Wno-int-conversion -Wno-bool-conversion -Wno-enum-conversion -Wno-float-conversion -Wno-non-literal-null-conversion -Wno-objc-literal-conversion -Wshorten-64-to-32 -Wpointer-sign -Wno-newline-eof -Wno-implicit-fallthrough -fstrict-aliasing -Wdeprecated-declarations -Wno-sign-conversion -Wno-infinite-recursion -Wno-comma -Wno-block-capture-autoreleasing -Wno-strict-prototypes -Wno-semicolon-before-method-body -index-store-path /Users/emanuelflury/Library/Developer/Xcode/DerivedData/TaxedGmbH_IOS-gerngfqzuwudosgobknlgtoawnlj/Index.noindex/DataStore @/Users/emanuelflury/Library/Developer/Xcode/DerivedData/TaxedGmbH_IOS-gerngfqzuwudosgobknlgtoawnlj/Build/Intermediates.noindex/GoogleDataTransport.build/Debug-iphoneos/GoogleDataTransport.build/Objects-normal/arm64/7187679823f38a2a940e0043cdf9d637-common-args.resp -MMD -MT dependencies -MF /Users/emanuelflury/Library/Developer/Xcode/DerivedData/TaxedGmbH_IOS-gerngfqzuwudosgobknlgtoawnlj/Build/Intermediates.noindex/GoogleDataTransport.build/Debug-iphoneos/GoogleDataTransport.build/Objects-normal/arm64/client_metrics.nanopb.d --serialize-diagnostics /Users/emanuelflury/Library/Developer/Xcode/DerivedData/TaxedGmbH_IOS-gerngfqzuwudosgobknlgtoawnlj/Build/Intermediates.noindex/GoogleDataTransport.build/Debug-iphoneos/GoogleDataTransport.build/Objects-normal/arm64/client_metrics.nanopb.dia -c /Users/emanuelflury/Library/Developer/Xcode/DerivedData/TaxedGmbH_IOS-gerngfqzuwudosgobknlgtoawnlj/SourcePackages/checkouts/GoogleDataTransport/GoogleDataTransport/GDTCCTLibrary/Protogen/nanopb/client_metrics.nanopb.c -o /Users/emanuelflury/Library/Developer/Xcode/DerivedData/TaxedGmbH_IOS-gerngfqzuwudosgobknlgtoawnlj/Build/Intermediates.noindex/GoogleDataTransport.build/Debug-iphoneos/GoogleDataTransport.build/Objects-normal/arm64/client_metrics.nanopb.o -index-unit-output-path /GoogleDataTransport.build/Debug-iphoneos/GoogleDataTransport.build/Objects-normal/arm64/client_metrics.nanopb.o

CompileC /Users/emanuelflury/Library/Developer/Xcode/DerivedData/TaxedGmbH_IOS-gerngfqzuwudosgobknlgtoawnlj/Build/Intermediates.noindex/GoogleDataTransport.build/Debug-iphoneos/GoogleDataTransport.build/Objects-normal/arm64/cct.nanopb.o /Users/emanuelflury/Library/Developer/Xcode/DerivedData/TaxedGmbH_IOS-gerngfqzuwudosgobknlgtoawnlj/SourcePackages/checkouts/GoogleDataTransport/GoogleDataTransport/GDTCCTLibrary/Protogen/nanopb/cct.nanopb.c normal arm64 c com.apple.compilers.llvm.clang.1_0.compiler (in target 'GoogleDataTransport' from project 'GoogleDataTransport')
    cd /Users/emanuelflury/github/TaxedGmbH_IOS/TaxedGmbH_IOS.xcodeproj
    
    Using response file: /Users/emanuelflury/Library/Developer/Xcode/DerivedData/TaxedGmbH_IOS-gerngfqzuwudosgobknlgtoawnlj/Build/Intermediates.noindex/GoogleDataTransport.build/Debug-iphoneos/GoogleDataTransport.build/Objects-normal/arm64/7187679823f38a2a940e0043cdf9d637-common-args.resp
    
    /Applications/Xcode.app/Contents/Developer/Toolchains/XcodeDefault.xctoolchain/usr/bin/clang -x c -ivfsstatcache /Users/emanuelflury/Library/Developer/Xcode/DerivedData/SDKStatCaches.noindex/iphoneos26.1-23B77-69b33fc7382b27d9b5d46e82a00f8e78.sdkstatcache -fmessage-length\=0 -fdiagnostics-show-note-include-stack -fmacro-backtrace-limit\=0 -fno-color-diagnostics -fmodules-prune-interval\=86400 -fmodules-prune-after\=345600 -fbuild-session-file\=/Users/emanuelflury/Library/Developer/Xcode/DerivedData/ModuleCache.noindex/Session.modulevalidation -fmodules-validate-once-per-build-session -Wnon-modular-include-in-framework-module -Werror\=non-modular-include-in-framework-module -Wno-trigraphs -Wno-missing-field-initializers -Wno-missing-prototypes -Wno-return-type -Wno-missing-braces -Wparentheses -Wswitch -Wno-unused-function -Wno-unused-label -Wno-unused-parameter -Wno-unused-variable -Wunused-value -Wno-empty-body -Wno-uninitialized -Wno-unknown-pragmas -w -Wno-shadow -Wno-four-char-constants -Wno-conversion -Wno-constant-conversion -Wno-int-conversion -Wno-bool-conversion -Wno-enum-conversion -Wno-float-conversion -Wno-non-literal-null-conversion -Wno-objc-literal-conversion -Wshorten-64-to-32 -Wpointer-sign -Wno-newline-eof -Wno-implicit-fallthrough -fstrict-aliasing -Wdeprecated-declarations -Wno-sign-conversion -Wno-infinite-recursion -Wno-comma -Wno-block-capture-autoreleasing -Wno-strict-prototypes -Wno-semicolon-before-method-body -index-store-path /Users/emanuelflury/Library/Developer/Xcode/DerivedData/TaxedGmbH_IOS-gerngfqzuwudosgobknlgtoawnlj/Index.noindex/DataStore @/Users/emanuelflury/Library/Developer/Xcode/DerivedData/TaxedGmbH_IOS-gerngfqzuwudosgobknlgtoawnlj/Build/Intermediates.noindex/GoogleDataTransport.build/Debug-iphoneos/GoogleDataTransport.build/Objects-normal/arm64/7187679823f38a2a940e0043cdf9d637-common-args.resp -MMD -MT dependencies -MF /Users/emanuelflury/Library/Developer/Xcode/DerivedData/TaxedGmbH_IOS-gerngfqzuwudosgobknlgtoawnlj/Build/Intermediates.noindex/GoogleDataTransport.build/Debug-iphoneos/GoogleDataTransport.build/Objects-normal/arm64/cct.nanopb.d --serialize-diagnostics /Users/emanuelflury/Library/Developer/Xcode/DerivedData/TaxedGmbH_IOS-gerngfqzuwudosgobknlgtoawnlj/Build/Intermediates.noindex/GoogleDataTransport.build/Debug-iphoneos/GoogleDataTransport.build/Objects-normal/arm64/cct.nanopb.dia -c /Users/emanuelflury/Library/Developer/Xcode/DerivedData/TaxedGmbH_IOS-gerngfqzuwudosgobknlgtoawnlj/SourcePackages/checkouts/GoogleDataTransport/GoogleDataTransport/GDTCCTLibrary/Protogen/nanopb/cct.nanopb.c -o /Users/emanuelflury/Library/Developer/Xcode/DerivedData/TaxedGmbH_IOS-gerngfqzuwudosgobknlgtoawnlj/Build/Intermediates.noindex/GoogleDataTransport.build/Debug-iphoneos/GoogleDataTransport.build/Objects-normal/arm64/cct.nanopb.o -index-unit-output-path /GoogleDataTransport.build/Debug-iphoneos/GoogleDataTransport.build/Objects-normal/arm64/cct.nanopb.o

CompileC /Users/emanuelflury/Library/Developer/Xcode/DerivedData/TaxedGmbH_IOS-gerngfqzuwudosgobknlgtoawnlj/Build/Intermediates.noindex/GoogleUtilities.build/Debug-iphoneos/GoogleUtilities-UserDefaults.build/Objects-normal/arm64/resource_bundle_accessor.o /Users/emanuelflury/Library/Developer/Xcode/DerivedData/TaxedGmbH_IOS-gerngfqzuwudosgobknlgtoawnlj/Build/Intermediates.noindex/GoogleUtilities.build/Debug-iphoneos/GoogleUtilities-UserDefaults.build/DerivedSources/resource_bundle_accessor.m normal arm64 objective-c com.apple.compilers.llvm.clang.1_0.compiler (in target 'GoogleUtilities-UserDefaults' from project 'GoogleUtilities')
    cd /Users/emanuelflury/github/TaxedGmbH_IOS/TaxedGmbH_IOS.xcodeproj
    
    Using response file: /Users/emanuelflury/Library/Developer/Xcode/DerivedData/TaxedGmbH_IOS-gerngfqzuwudosgobknlgtoawnlj/Build/Intermediates.noindex/GoogleUtilities.build/Debug-iphoneos/GoogleUtilities-UserDefaults.build/Objects-normal/arm64/e6072d4f65d7061329687fe24e3d63a7-common-args.resp
    
    /Applications/Xcode.app/Contents/Developer/Toolchains/XcodeDefault.xctoolchain/usr/bin/clang -x objective-c -ivfsstatcache /Users/emanuelflury/Library/Developer/Xcode/DerivedData/SDKStatCaches.noindex/iphoneos26.1-23B77-69b33fc7382b27d9b5d46e82a00f8e78.sdkstatcache -fmessage-length\=0 -fdiagnostics-show-note-include-stack -fmacro-backtrace-limit\=0 -fno-color-diagnostics -fmodules-prune-interval\=86400 -fmodules-prune-after\=345600 -fbuild-session-file\=/Users/emanuelflury/Library/Developer/Xcode/DerivedData/ModuleCache.noindex/Session.modulevalidation -fmodules-validate-once-per-build-session -Wnon-modular-include-in-framework-module -Werror\=non-modular-include-in-framework-module -Wno-trigraphs -Wno-missing-field-initializers -Wno-missing-prototypes -Wno-return-type -Wno-implicit-atomic-properties -Wno-objc-interface-ivars -Wno-arc-repeated-use-of-weak -Wno-missing-braces -Wparentheses -Wswitch -Wno-unused-function -Wno-unused-label -Wno-unused-parameter -Wno-unused-variable -Wunused-value -Wno-empty-body -Wno-uninitialized -Wno-unknown-pragmas -w -Wno-shadow -Wno-four-char-constants -Wno-conversion -Wno-constant-conversion -Wno-int-conversion -Wno-bool-conversion -Wno-enum-conversion -Wno-float-conversion -Wno-non-literal-null-conversion -Wno-objc-literal-conversion -Wshorten-64-to-32 -Wpointer-sign -Wno-newline-eof -Wno-selector -Wno-strict-selector-match -Wno-undeclared-selector -Wno-deprecated-implementations -Wno-implicit-fallthrough -fstrict-aliasing -Wprotocol -Wdeprecated-declarations -Wno-sign-conversion -Wno-infinite-recursion -Wno-comma -Wno-block-capture-autoreleasing -Wno-strict-prototypes -Wno-semicolon-before-method-body -index-store-path /Users/emanuelflury/Library/Developer/Xcode/DerivedData/TaxedGmbH_IOS-gerngfqzuwudosgobknlgtoawnlj/Index.noindex/DataStore @/Users/emanuelflury/Library/Developer/Xcode/DerivedData/TaxedGmbH_IOS-gerngfqzuwudosgobknlgtoawnlj/Build/Intermediates.noindex/GoogleUtilities.build/Debug-iphoneos/GoogleUtilities-UserDefaults.build/Objects-normal/arm64/e6072d4f65d7061329687fe24e3d63a7-common-args.resp -include /Users/emanuelflury/Library/Developer/Xcode/DerivedData/TaxedGmbH_IOS-gerngfqzuwudosgobknlgtoawnlj/Build/Intermediates.noindex/GoogleUtilities.build/Debug-iphoneos/GoogleUtilities-UserDefaults.build/DerivedSources/resource_bundle_accessor.h -MMD -MT dependencies -MF /Users/emanuelflury/Library/Developer/Xcode/DerivedData/TaxedGmbH_IOS-gerngfqzuwudosgobknlgtoawnlj/Build/Intermediates.noindex/GoogleUtilities.build/Debug-iphoneos/GoogleUtilities-UserDefaults.build/Objects-normal/arm64/resource_bundle_accessor.d --serialize-diagnostics /Users/emanuelflury/Library/Developer/Xcode/DerivedData/TaxedGmbH_IOS-gerngfqzuwudosgobknlgtoawnlj/Build/Intermediates.noindex/GoogleUtilities.build/Debug-iphoneos/GoogleUtilities-UserDefaults.build/Objects-normal/arm64/resource_bundle_accessor.dia -c /Users/emanuelflury/Library/Developer/Xcode/DerivedData/TaxedGmbH_IOS-gerngfqzuwudosgobknlgtoawnlj/Build/Intermediates.noindex/GoogleUtilities.build/Debug-iphoneos/GoogleUtilities-UserDefaults.build/DerivedSources/resource_bundle_accessor.m -o /Users/emanuelflury/Library/Developer/Xcode/DerivedData/TaxedGmbH_IOS-gerngfqzuwudosgobknlgtoawnlj/Build/Intermediates.noindex/GoogleUtilities.build/Debug-iphoneos/GoogleUtilities-UserDefaults.build/Objects-normal/arm64/resource_bundle_accessor.o -index-unit-output-path /GoogleUtilities.build/Debug-iphoneos/GoogleUtilities-UserDefaults.build/Objects-normal/arm64/resource_bundle_accessor.o

CompileC /Users/emanuelflury/Library/Developer/Xcode/DerivedData/TaxedGmbH_IOS-gerngfqzuwudosgobknlgtoawnlj/Build/Intermediates.noindex/GoogleUtilities.build/Debug-iphoneos/GoogleUtilities-Reachability.build/Objects-normal/arm64/resource_bundle_accessor.o /Users/emanuelflury/Library/Developer/Xcode/DerivedData/TaxedGmbH_IOS-gerngfqzuwudosgobknlgtoawnlj/Build/Intermediates.noindex/GoogleUtilities.build/Debug-iphoneos/GoogleUtilities-Reachability.build/DerivedSources/resource_bundle_accessor.m normal arm64 objective-c com.apple.compilers.llvm.clang.1_0.compiler (in target 'GoogleUtilities-Reachability' from project 'GoogleUtilities')
    cd /Users/emanuelflury/github/TaxedGmbH_IOS/TaxedGmbH_IOS.xcodeproj
    
    Using response file: /Users/emanuelflury/Library/Developer/Xcode/DerivedData/TaxedGmbH_IOS-gerngfqzuwudosgobknlgtoawnlj/Build/Intermediates.noindex/GoogleUtilities.build/Debug-iphoneos/GoogleUtilities-Reachability.build/Objects-normal/arm64/e6072d4f65d7061329687fe24e3d63a7-common-args.resp
    
    /Applications/Xcode.app/Contents/Developer/Toolchains/XcodeDefault.xctoolchain/usr/bin/clang -x objective-c -ivfsstatcache /Users/emanuelflury/Library/Developer/Xcode/DerivedData/SDKStatCaches.noindex/iphoneos26.1-23B77-69b33fc7382b27d9b5d46e82a00f8e78.sdkstatcache -fmessage-length\=0 -fdiagnostics-show-note-include-stack -fmacro-backtrace-limit\=0 -fno-color-diagnostics -fmodules-prune-interval\=86400 -fmodules-prune-after\=345600 -fbuild-session-file\=/Users/emanuelflury/Library/Developer/Xcode/DerivedData/ModuleCache.noindex/Session.modulevalidation -fmodules-validate-once-per-build-session -Wnon-modular-include-in-framework-module -Werror\=non-modular-include-in-framework-module -Wno-trigraphs -Wno-missing-field-initializers -Wno-missing-prototypes -Wno-return-type -Wno-implicit-atomic-properties -Wno-objc-interface-ivars -Wno-arc-repeated-use-of-weak -Wno-missing-braces -Wparentheses -Wswitch -Wno-unused-function -Wno-unused-label -Wno-unused-parameter -Wno-unused-variable -Wunused-value -Wno-empty-body -Wno-uninitialized -Wno-unknown-pragmas -w -Wno-shadow -Wno-four-char-constants -Wno-conversion -Wno-constant-conversion -Wno-int-conversion -Wno-bool-conversion -Wno-enum-conversion -Wno-float-conversion -Wno-non-literal-null-conversion -Wno-objc-literal-conversion -Wshorten-64-to-32 -Wpointer-sign -Wno-newline-eof -Wno-selector -Wno-strict-selector-match -Wno-undeclared-selector -Wno-deprecated-implementations -Wno-implicit-fallthrough -fstrict-aliasing -Wprotocol -Wdeprecated-declarations -Wno-sign-conversion -Wno-infinite-recursion -Wno-comma -Wno-block-capture-autoreleasing -Wno-strict-prototypes -Wno-semicolon-before-method-body -index-store-path /Users/emanuelflury/Library/Developer/Xcode/DerivedData/TaxedGmbH_IOS-gerngfqzuwudosgobknlgtoawnlj/Index.noindex/DataStore @/Users/emanuelflury/Library/Developer/Xcode/DerivedData/TaxedGmbH_IOS-gerngfqzuwudosgobknlgtoawnlj/Build/Intermediates.noindex/GoogleUtilities.build/Debug-iphoneos/GoogleUtilities-Reachability.build/Objects-normal/arm64/e6072d4f65d7061329687fe24e3d63a7-common-args.resp -include /Users/emanuelflury/Library/Developer/Xcode/DerivedData/TaxedGmbH_IOS-gerngfqzuwudosgobknlgtoawnlj/Build/Intermediates.noindex/GoogleUtilities.build/Debug-iphoneos/GoogleUtilities-Reachability.build/DerivedSources/resource_bundle_accessor.h -MMD -MT dependencies -MF /Users/emanuelflury/Library/Developer/Xcode/DerivedData/TaxedGmbH_IOS-gerngfqzuwudosgobknlgtoawnlj/Build/Intermediates.noindex/GoogleUtilities.build/Debug-iphoneos/GoogleUtilities-Reachability.build/Objects-normal/arm64/resource_bundle_accessor.d --serialize-diagnostics /Users/emanuelflury/Library/Developer/Xcode/DerivedData/TaxedGmbH_IOS-gerngfqzuwudosgobknlgtoawnlj/Build/Intermediates.noindex/GoogleUtilities.build/Debug-iphoneos/GoogleUtilities-Reachability.build/Objects-normal/arm64/resource_bundle_accessor.dia -c /Users/emanuelflury/Library/Developer/Xcode/DerivedData/TaxedGmbH_IOS-gerngfqzuwudosgobknlgtoawnlj/Build/Intermediates.noindex/GoogleUtilities.build/Debug-iphoneos/GoogleUtilities-Reachability.build/DerivedSources/resource_bundle_accessor.m -o /Users/emanuelflury/Library/Developer/Xcode/DerivedData/TaxedGmbH_IOS-gerngfqzuwudosgobknlgtoawnlj/Build/Intermediates.noindex/GoogleUtilities.build/Debug-iphoneos/GoogleUtilities-Reachability.build/Objects-normal/arm64/resource_bundle_accessor.o -index-unit-output-path /GoogleUtilities.build/Debug-iphoneos/GoogleUtilities-Reachability.build/Objects-normal/arm64/resource_bundle_accessor.o

CompileC /Users/emanuelflury/Library/Developer/Xcode/DerivedData/TaxedGmbH_IOS-gerngfqzuwudosgobknlgtoawnlj/Build/Intermediates.noindex/GoogleUtilities.build/Debug-iphoneos/GoogleUtilities-Network.build/Objects-normal/arm64/resource_bundle_accessor.o /Users/emanuelflury/Library/Developer/Xcode/DerivedData/TaxedGmbH_IOS-gerngfqzuwudosgobknlgtoawnlj/Build/Intermediates.noindex/GoogleUtilities.build/Debug-iphoneos/GoogleUtilities-Network.build/DerivedSources/resource_bundle_accessor.m normal arm64 objective-c com.apple.compilers.llvm.clang.1_0.compiler (in target 'GoogleUtilities-Network' from project 'GoogleUtilities')
    cd /Users/emanuelflury/github/TaxedGmbH_IOS/TaxedGmbH_IOS.xcodeproj
    
    Using response file: /Users/emanuelflury/Library/Developer/Xcode/DerivedData/TaxedGmbH_IOS-gerngfqzuwudosgobknlgtoawnlj/Build/Intermediates.noindex/GoogleUtilities.build/Debug-iphoneos/GoogleUtilities-Network.build/Objects-normal/arm64/e6072d4f65d7061329687fe24e3d63a7-common-args.resp
    
    /Applications/Xcode.app/Contents/Developer/Toolchains/XcodeDefault.xctoolchain/usr/bin/clang -x objective-c -ivfsstatcache /Users/emanuelflury/Library/Developer/Xcode/DerivedData/SDKStatCaches.noindex/iphoneos26.1-23B77-69b33fc7382b27d9b5d46e82a00f8e78.sdkstatcache -fmessage-length\=0 -fdiagnostics-show-note-include-stack -fmacro-backtrace-limit\=0 -fno-color-diagnostics -fmodules-prune-interval\=86400 -fmodules-prune-after\=345600 -fbuild-session-file\=/Users/emanuelflury/Library/Developer/Xcode/DerivedData/ModuleCache.noindex/Session.modulevalidation -fmodules-validate-once-per-build-session -Wnon-modular-include-in-framework-module -Werror\=non-modular-include-in-framework-module -Wno-trigraphs -Wno-missing-field-initializers -Wno-missing-prototypes -Wno-return-type -Wno-implicit-atomic-properties -Wno-objc-interface-ivars -Wno-arc-repeated-use-of-weak -Wno-missing-braces -Wparentheses -Wswitch -Wno-unused-function -Wno-unused-label -Wno-unused-parameter -Wno-unused-variable -Wunused-value -Wno-empty-body -Wno-uninitialized -Wno-unknown-pragmas -w -Wno-shadow -Wno-four-char-constants -Wno-conversion -Wno-constant-conversion -Wno-int-conversion -Wno-bool-conversion -Wno-enum-conversion -Wno-float-conversion -Wno-non-literal-null-conversion -Wno-objc-literal-conversion -Wshorten-64-to-32 -Wpointer-sign -Wno-newline-eof -Wno-selector -Wno-strict-selector-match -Wno-undeclared-selector -Wno-deprecated-implementations -Wno-implicit-fallthrough -fstrict-aliasing -Wprotocol -Wdeprecated-declarations -Wno-sign-conversion -Wno-infinite-recursion -Wno-comma -Wno-block-capture-autoreleasing -Wno-strict-prototypes -Wno-semicolon-before-method-body -index-store-path /Users/emanuelflury/Library/Developer/Xcode/DerivedData/TaxedGmbH_IOS-gerngfqzuwudosgobknlgtoawnlj/Index.noindex/DataStore @/Users/emanuelflury/Library/Developer/Xcode/DerivedData/TaxedGmbH_IOS-gerngfqzuwudosgobknlgtoawnlj/Build/Intermediates.noindex/GoogleUtilities.build/Debug-iphoneos/GoogleUtilities-Network.build/Objects-normal/arm64/e6072d4f65d7061329687fe24e3d63a7-common-args.resp -include /Users/emanuelflury/Library/Developer/Xcode/DerivedData/TaxedGmbH_IOS-gerngfqzuwudosgobknlgtoawnlj/Build/Intermediates.noindex/GoogleUtilities.build/Debug-iphoneos/GoogleUtilities-Network.build/DerivedSources/resource_bundle_accessor.h -MMD -MT dependencies -MF /Users/emanuelflury/Library/Developer/Xcode/DerivedData/TaxedGmbH_IOS-gerngfqzuwudosgobknlgtoawnlj/Build/Intermediates.noindex/GoogleUtilities.build/Debug-iphoneos/GoogleUtilities-Network.build/Objects-normal/arm64/resource_bundle_accessor.d --serialize-diagnostics /Users/emanuelflury/Library/Developer/Xcode/DerivedData/TaxedGmbH_IOS-gerngfqzuwudosgobknlgtoawnlj/Build/Intermediates.noindex/GoogleUtilities.build/Debug-iphoneos/GoogleUtilities-Network.build/Objects-normal/arm64/resource_bundle_accessor.dia -c /Users/emanuelflury/Library/Developer/Xcode/DerivedData/TaxedGmbH_IOS-gerngfqzuwudosgobknlgtoawnlj/Build/Intermediates.noindex/GoogleUtilities.build/Debug-iphoneos/GoogleUtilities-Network.build/DerivedSources/resource_bundle_accessor.m -o /Users/emanuelflury/Library/Developer/Xcode/DerivedData/TaxedGmbH_IOS-gerngfqzuwudosgobknlgtoawnlj/Build/Intermediates.noindex/GoogleUtilities.build/Debug-iphoneos/GoogleUtilities-Network.build/Objects-normal/arm64/resource_bundle_accessor.o -index-unit-output-path /GoogleUtilities.build/Debug-iphoneos/GoogleUtilities-Network.build/Objects-normal/arm64/resource_bundle_accessor.o

CompileC /Users/emanuelflury/Library/Developer/Xcode/DerivedData/TaxedGmbH_IOS-gerngfqzuwudosgobknlgtoawnlj/Build/Intermediates.noindex/GoogleUtilities.build/Debug-iphoneos/GoogleUtilities-Network.build/Objects-normal/arm64/GULMutableDictionary.o /Users/emanuelflury/Library/Developer/Xcode/DerivedData/TaxedGmbH_IOS-gerngfqzuwudosgobknlgtoawnlj/SourcePackages/checkouts/GoogleUtilities/GoogleUtilities/Network/GULMutableDictionary.m normal arm64 objective-c com.apple.compilers.llvm.clang.1_0.compiler (in target 'GoogleUtilities-Network' from project 'GoogleUtilities')
    cd /Users/emanuelflury/github/TaxedGmbH_IOS/TaxedGmbH_IOS.xcodeproj
    
    Using response file: /Users/emanuelflury/Library/Developer/Xcode/DerivedData/TaxedGmbH_IOS-gerngfqzuwudosgobknlgtoawnlj/Build/Intermediates.noindex/GoogleUtilities.build/Debug-iphoneos/GoogleUtilities-Network.build/Objects-normal/arm64/e6072d4f65d7061329687fe24e3d63a7-common-args.resp
    
    /Applications/Xcode.app/Contents/Developer/Toolchains/XcodeDefault.xctoolchain/usr/bin/clang -x objective-c -ivfsstatcache /Users/emanuelflury/Library/Developer/Xcode/DerivedData/SDKStatCaches.noindex/iphoneos26.1-23B77-69b33fc7382b27d9b5d46e82a00f8e78.sdkstatcache -fmessage-length\=0 -fdiagnostics-show-note-include-stack -fmacro-backtrace-limit\=0 -fno-color-diagnostics -fmodules-prune-interval\=86400 -fmodules-prune-after\=345600 -fbuild-session-file\=/Users/emanuelflury/Library/Developer/Xcode/DerivedData/ModuleCache.noindex/Session.modulevalidation -fmodules-validate-once-per-build-session -Wnon-modular-include-in-framework-module -Werror\=non-modular-include-in-framework-module -Wno-trigraphs -Wno-missing-field-initializers -Wno-missing-prototypes -Wno-return-type -Wno-implicit-atomic-properties -Wno-objc-interface-ivars -Wno-arc-repeated-use-of-weak -Wno-missing-braces -Wparentheses -Wswitch -Wno-unused-function -Wno-unused-label -Wno-unused-parameter -Wno-unused-variable -Wunused-value -Wno-empty-body -Wno-uninitialized -Wno-unknown-pragmas -w -Wno-shadow -Wno-four-char-constants -Wno-conversion -Wno-constant-conversion -Wno-int-conversion -Wno-bool-conversion -Wno-enum-conversion -Wno-float-conversion -Wno-non-literal-null-conversion -Wno-objc-literal-conversion -Wshorten-64-to-32 -Wpointer-sign -Wno-newline-eof -Wno-selector -Wno-strict-selector-match -Wno-undeclared-selector -Wno-deprecated-implementations -Wno-implicit-fallthrough -fstrict-aliasing -Wprotocol -Wdeprecated-declarations -Wno-sign-conversion -Wno-infinite-recursion -Wno-comma -Wno-block-capture-autoreleasing -Wno-strict-prototypes -Wno-semicolon-before-method-body -index-store-path /Users/emanuelflury/Library/Developer/Xcode/DerivedData/TaxedGmbH_IOS-gerngfqzuwudosgobknlgtoawnlj/Index.noindex/DataStore @/Users/emanuelflury/Library/Developer/Xcode/DerivedData/TaxedGmbH_IOS-gerngfqzuwudosgobknlgtoawnlj/Build/Intermediates.noindex/GoogleUtilities.build/Debug-iphoneos/GoogleUtilities-Network.build/Objects-normal/arm64/e6072d4f65d7061329687fe24e3d63a7-common-args.resp -include /Users/emanuelflury/Library/Developer/Xcode/DerivedData/TaxedGmbH_IOS-gerngfqzuwudosgobknlgtoawnlj/Build/Intermediates.noindex/GoogleUtilities.build/Debug-iphoneos/GoogleUtilities-Network.build/DerivedSources/resource_bundle_accessor.h -MMD -MT dependencies -MF /Users/emanuelflury/Library/Developer/Xcode/DerivedData/TaxedGmbH_IOS-gerngfqzuwudosgobknlgtoawnlj/Build/Intermediates.noindex/GoogleUtilities.build/Debug-iphoneos/GoogleUtilities-Network.build/Objects-normal/arm64/GULMutableDictionary.d --serialize-diagnostics /Users/emanuelflury/Library/Developer/Xcode/DerivedData/TaxedGmbH_IOS-gerngfqzuwudosgobknlgtoawnlj/Build/Intermediates.noindex/GoogleUtilities.build/Debug-iphoneos/GoogleUtilities-Network.build/Objects-normal/arm64/GULMutableDictionary.dia -c /Users/emanuelflury/Library/Developer/Xcode/DerivedData/TaxedGmbH_IOS-gerngfqzuwudosgobknlgtoawnlj/SourcePackages/checkouts/GoogleUtilities/GoogleUtilities/Network/GULMutableDictionary.m -o /Users/emanuelflury/Library/Developer/Xcode/DerivedData/TaxedGmbH_IOS-gerngfqzuwudosgobknlgtoawnlj/Build/Intermediates.noindex/GoogleUtilities.build/Debug-iphoneos/GoogleUtilities-Network.build/Objects-normal/arm64/GULMutableDictionary.o -index-unit-output-path /GoogleUtilities.build/Debug-iphoneos/GoogleUtilities-Network.build/Objects-normal/arm64/GULMutableDictionary.o

CompileC /Users/emanuelflury/Library/Developer/Xcode/DerivedData/TaxedGmbH_IOS-gerngfqzuwudosgobknlgtoawnlj/Build/Intermediates.noindex/GoogleUtilities.build/Debug-iphoneos/GoogleUtilities-NSData.build/Objects-normal/arm64/resource_bundle_accessor.o /Users/emanuelflury/Library/Developer/Xcode/DerivedData/TaxedGmbH_IOS-gerngfqzuwudosgobknlgtoawnlj/Build/Intermediates.noindex/GoogleUtilities.build/Debug-iphoneos/GoogleUtilities-NSData.build/DerivedSources/resource_bundle_accessor.m normal arm64 objective-c com.apple.compilers.llvm.clang.1_0.compiler (in target 'GoogleUtilities-NSData' from project 'GoogleUtilities')
    cd /Users/emanuelflury/github/TaxedGmbH_IOS/TaxedGmbH_IOS.xcodeproj
    
    Using response file: /Users/emanuelflury/Library/Developer/Xcode/DerivedData/TaxedGmbH_IOS-gerngfqzuwudosgobknlgtoawnlj/Build/Intermediates.noindex/GoogleUtilities.build/Debug-iphoneos/GoogleUtilities-NSData.build/Objects-normal/arm64/e6072d4f65d7061329687fe24e3d63a7-common-args.resp
    
    /Applications/Xcode.app/Contents/Developer/Toolchains/XcodeDefault.xctoolchain/usr/bin/clang -x objective-c -ivfsstatcache /Users/emanuelflury/Library/Developer/Xcode/DerivedData/SDKStatCaches.noindex/iphoneos26.1-23B77-69b33fc7382b27d9b5d46e82a00f8e78.sdkstatcache -fmessage-length\=0 -fdiagnostics-show-note-include-stack -fmacro-backtrace-limit\=0 -fno-color-diagnostics -fmodules-prune-interval\=86400 -fmodules-prune-after\=345600 -fbuild-session-file\=/Users/emanuelflury/Library/Developer/Xcode/DerivedData/ModuleCache.noindex/Session.modulevalidation -fmodules-validate-once-per-build-session -Wnon-modular-include-in-framework-module -Werror\=non-modular-include-in-framework-module -Wno-trigraphs -Wno-missing-field-initializers -Wno-missing-prototypes -Wno-return-type -Wno-implicit-atomic-properties -Wno-objc-interface-ivars -Wno-arc-repeated-use-of-weak -Wno-missing-braces -Wparentheses -Wswitch -Wno-unused-function -Wno-unused-label -Wno-unused-parameter -Wno-unused-variable -Wunused-value -Wno-empty-body -Wno-uninitialized -Wno-unknown-pragmas -w -Wno-shadow -Wno-four-char-constants -Wno-conversion -Wno-constant-conversion -Wno-int-conversion -Wno-bool-conversion -Wno-enum-conversion -Wno-float-conversion -Wno-non-literal-null-conversion -Wno-objc-literal-conversion -Wshorten-64-to-32 -Wpointer-sign -Wno-newline-eof -Wno-selector -Wno-strict-selector-match -Wno-undeclared-selector -Wno-deprecated-implementations -Wno-implicit-fallthrough -fstrict-aliasing -Wprotocol -Wdeprecated-declarations -Wno-sign-conversion -Wno-infinite-recursion -Wno-comma -Wno-block-capture-autoreleasing -Wno-strict-prototypes -Wno-semicolon-before-method-body -index-store-path /Users/emanuelflury/Library/Developer/Xcode/DerivedData/TaxedGmbH_IOS-gerngfqzuwudosgobknlgtoawnlj/Index.noindex/DataStore @/Users/emanuelflury/Library/Developer/Xcode/DerivedData/TaxedGmbH_IOS-gerngfqzuwudosgobknlgtoawnlj/Build/Intermediates.noindex/GoogleUtilities.build/Debug-iphoneos/GoogleUtilities-NSData.build/Objects-normal/arm64/e6072d4f65d7061329687fe24e3d63a7-common-args.resp -include /Users/emanuelflury/Library/Developer/Xcode/DerivedData/TaxedGmbH_IOS-gerngfqzuwudosgobknlgtoawnlj/Build/Intermediates.noindex/GoogleUtilities.build/Debug-iphoneos/GoogleUtilities-NSData.build/DerivedSources/resource_bundle_accessor.h -MMD -MT dependencies -MF /Users/emanuelflury/Library/Developer/Xcode/DerivedData/TaxedGmbH_IOS-gerngfqzuwudosgobknlgtoawnlj/Build/Intermediates.noindex/GoogleUtilities.build/Debug-iphoneos/GoogleUtilities-NSData.build/Objects-normal/arm64/resource_bundle_accessor.d --serialize-diagnostics /Users/emanuelflury/Library/Developer/Xcode/DerivedData/TaxedGmbH_IOS-gerngfqzuwudosgobknlgtoawnlj/Build/Intermediates.noindex/GoogleUtilities.build/Debug-iphoneos/GoogleUtilities-NSData.build/Objects-normal/arm64/resource_bundle_accessor.dia -c /Users/emanuelflury/Library/Developer/Xcode/DerivedData/TaxedGmbH_IOS-gerngfqzuwudosgobknlgtoawnlj/Build/Intermediates.noindex/GoogleUtilities.build/Debug-iphoneos/GoogleUtilities-NSData.build/DerivedSources/resource_bundle_accessor.m -o /Users/emanuelflury/Library/Developer/Xcode/DerivedData/TaxedGmbH_IOS-gerngfqzuwudosgobknlgtoawnlj/Build/Intermediates.noindex/GoogleUtilities.build/Debug-iphoneos/GoogleUtilities-NSData.build/Objects-normal/arm64/resource_bundle_accessor.o -index-unit-output-path /GoogleUtilities.build/Debug-iphoneos/GoogleUtilities-NSData.build/Objects-normal/arm64/resource_bundle_accessor.o

CompileC /Users/emanuelflury/Library/Developer/Xcode/DerivedData/TaxedGmbH_IOS-gerngfqzuwudosgobknlgtoawnlj/Build/Intermediates.noindex/GoogleUtilities.build/Debug-iphoneos/GoogleUtilities-NSData.build/Objects-normal/arm64/GULNSData+zlib.o /Users/emanuelflury/Library/Developer/Xcode/DerivedData/TaxedGmbH_IOS-gerngfqzuwudosgobknlgtoawnlj/SourcePackages/checkouts/GoogleUtilities/GoogleUtilities/NSData+zlib/GULNSData+zlib.m normal arm64 objective-c com.apple.compilers.llvm.clang.1_0.compiler (in target 'GoogleUtilities-NSData' from project 'GoogleUtilities')
    cd /Users/emanuelflury/github/TaxedGmbH_IOS/TaxedGmbH_IOS.xcodeproj
    
    Using response file: /Users/emanuelflury/Library/Developer/Xcode/DerivedData/TaxedGmbH_IOS-gerngfqzuwudosgobknlgtoawnlj/Build/Intermediates.noindex/GoogleUtilities.build/Debug-iphoneos/GoogleUtilities-NSData.build/Objects-normal/arm64/e6072d4f65d7061329687fe24e3d63a7-common-args.resp
    
    /Applications/Xcode.app/Contents/Developer/Toolchains/XcodeDefault.xctoolchain/usr/bin/clang -x objective-c -ivfsstatcache /Users/emanuelflury/Library/Developer/Xcode/DerivedData/SDKStatCaches.noindex/iphoneos26.1-23B77-69b33fc7382b27d9b5d46e82a00f8e78.sdkstatcache -fmessage-length\=0 -fdiagnostics-show-note-include-stack -fmacro-backtrace-limit\=0 -fno-color-diagnostics -fmodules-prune-interval\=86400 -fmodules-prune-after\=345600 -fbuild-session-file\=/Users/emanuelflury/Library/Developer/Xcode/DerivedData/ModuleCache.noindex/Session.modulevalidation -fmodules-validate-once-per-build-session -Wnon-modular-include-in-framework-module -Werror\=non-modular-include-in-framework-module -Wno-trigraphs -Wno-missing-field-initializers -Wno-missing-prototypes -Wno-return-type -Wno-implicit-atomic-properties -Wno-objc-interface-ivars -Wno-arc-repeated-use-of-weak -Wno-missing-braces -Wparentheses -Wswitch -Wno-unused-function -Wno-unused-label -Wno-unused-parameter -Wno-unused-variable -Wunused-value -Wno-empty-body -Wno-uninitialized -Wno-unknown-pragmas -w -Wno-shadow -Wno-four-char-constants -Wno-conversion -Wno-constant-conversion -Wno-int-conversion -Wno-bool-conversion -Wno-enum-conversion -Wno-float-conversion -Wno-non-literal-null-conversion -Wno-objc-literal-conversion -Wshorten-64-to-32 -Wpointer-sign -Wno-newline-eof -Wno-selector -Wno-strict-selector-match -Wno-undeclared-selector -Wno-deprecated-implementations -Wno-implicit-fallthrough -fstrict-aliasing -Wprotocol -Wdeprecated-declarations -Wno-sign-conversion -Wno-infinite-recursion -Wno-comma -Wno-block-capture-autoreleasing -Wno-strict-prototypes -Wno-semicolon-before-method-body -index-store-path /Users/emanuelflury/Library/Developer/Xcode/DerivedData/TaxedGmbH_IOS-gerngfqzuwudosgobknlgtoawnlj/Index.noindex/DataStore @/Users/emanuelflury/Library/Developer/Xcode/DerivedData/TaxedGmbH_IOS-gerngfqzuwudosgobknlgtoawnlj/Build/Intermediates.noindex/GoogleUtilities.build/Debug-iphoneos/GoogleUtilities-NSData.build/Objects-normal/arm64/e6072d4f65d7061329687fe24e3d63a7-common-args.resp -include /Users/emanuelflury/Library/Developer/Xcode/DerivedData/TaxedGmbH_IOS-gerngfqzuwudosgobknlgtoawnlj/Build/Intermediates.noindex/GoogleUtilities.build/Debug-iphoneos/GoogleUtilities-NSData.build/DerivedSources/resource_bundle_accessor.h -MMD -MT dependencies -MF /Users/emanuelflury/Library/Developer/Xcode/DerivedData/TaxedGmbH_IOS-gerngfqzuwudosgobknlgtoawnlj/Build/Intermediates.noindex/GoogleUtilities.build/Debug-iphoneos/GoogleUtilities-NSData.build/Objects-normal/arm64/GULNSData+zlib.d --serialize-diagnostics /Users/emanuelflury/Library/Developer/Xcode/DerivedData/TaxedGmbH_IOS-gerngfqzuwudosgobknlgtoawnlj/Build/Intermediates.noindex/GoogleUtilities.build/Debug-iphoneos/GoogleUtilities-NSData.build/Objects-normal/arm64/GULNSData+zlib.dia -c /Users/emanuelflury/Library/Developer/Xcode/DerivedData/TaxedGmbH_IOS-gerngfqzuwudosgobknlgtoawnlj/SourcePackages/checkouts/GoogleUtilities/GoogleUtilities/NSData+zlib/GULNSData+zlib.m -o /Users/emanuelflury/Library/Developer/Xcode/DerivedData/TaxedGmbH_IOS-gerngfqzuwudosgobknlgtoawnlj/Build/Intermediates.noindex/GoogleUtilities.build/Debug-iphoneos/GoogleUtilities-NSData.build/Objects-normal/arm64/GULNSData+zlib.o -index-unit-output-path /GoogleUtilities.build/Debug-iphoneos/GoogleUtilities-NSData.build/Objects-normal/arm64/GULNSData+zlib.o

Ld /Users/emanuelflury/Library/Developer/Xcode/DerivedData/TaxedGmbH_IOS-gerngfqzuwudosgobknlgtoawnlj/Build/Products/Debug-iphoneos/nanopb.o normal (in target 'nanopb' from project 'nanopb')
    cd /Users/emanuelflury/Library/Developer/Xcode/DerivedData/TaxedGmbH_IOS-gerngfqzuwudosgobknlgtoawnlj/SourcePackages/checkouts/nanopb
    /Applications/Xcode.app/Contents/Developer/Toolchains/XcodeDefault.xctoolchain/usr/bin/clang -Xlinker -reproducible -target arm64-apple-ios12.0 -r -isysroot /Applications/Xcode.app/Contents/Developer/Platforms/iPhoneOS.platform/Developer/SDKs/iPhoneOS26.1.sdk -O0 -w -L/Users/emanuelflury/Library/Developer/Xcode/DerivedData/TaxedGmbH_IOS-gerngfqzuwudosgobknlgtoawnlj/Build/Intermediates.noindex/EagerLinkingTBDs/Debug-iphoneos -L/Users/emanuelflury/Library/Developer/Xcode/DerivedData/TaxedGmbH_IOS-gerngfqzuwudosgobknlgtoawnlj/Build/Products/Debug-iphoneos -L/Applications/Xcode.app/Contents/Developer/Platforms/iPhoneOS.platform/Developer/usr/lib -F/Users/emanuelflury/Library/Developer/Xcode/DerivedData/TaxedGmbH_IOS-gerngfqzuwudosgobknlgtoawnlj/Build/Intermediates.noindex/EagerLinkingTBDs/Debug-iphoneos -F/Users/emanuelflury/Library/Developer/Xcode/DerivedData/TaxedGmbH_IOS-gerngfqzuwudosgobknlgtoawnlj/Build/Products/Debug-iphoneos -iframework /Applications/Xcode.app/Contents/Developer/Platforms/iPhoneOS.platform/Developer/Library/Frameworks -iframework /Applications/Xcode.app/Contents/Developer/Platforms/iPhoneOS.platform/Developer/SDKs/iPhoneOS26.1.sdk/Developer/Library/Frameworks -filelist /Users/emanuelflury/Library/Developer/Xcode/DerivedData/TaxedGmbH_IOS-gerngfqzuwudosgobknlgtoawnlj/Build/Intermediates.noindex/nanopb.build/Debug-iphoneos/nanopb.build/Objects-normal/arm64/nanopb.LinkFileList -nostdlib -Xlinker -object_path_lto -Xlinker /Users/emanuelflury/Library/Developer/Xcode/DerivedData/TaxedGmbH_IOS-gerngfqzuwudosgobknlgtoawnlj/Build/Intermediates.noindex/nanopb.build/Debug-iphoneos/nanopb.build/Objects-normal/arm64/nanopb_lto.o -rdynamic -Xlinker -no_deduplicate -Xlinker -debug_variant -Xlinker -dependency_info -Xlinker /Users/emanuelflury/Library/Developer/Xcode/DerivedData/TaxedGmbH_IOS-gerngfqzuwudosgobknlgtoawnlj/Build/Intermediates.noindex/nanopb.build/Debug-iphoneos/nanopb.build/Objects-normal/arm64/nanopb_dependency_info.dat -fobjc-arc -fobjc-link-runtime -o /Users/emanuelflury/Library/Developer/Xcode/DerivedData/TaxedGmbH_IOS-gerngfqzuwudosgobknlgtoawnlj/Build/Products/Debug-iphoneos/nanopb.o

CompileC /Users/emanuelflury/Library/Developer/Xcode/DerivedData/TaxedGmbH_IOS-gerngfqzuwudosgobknlgtoawnlj/Build/Intermediates.noindex/GoogleUtilities.build/Debug-iphoneos/GoogleUtilities-MethodSwizzler.build/Objects-normal/arm64/resource_bundle_accessor.o /Users/emanuelflury/Library/Developer/Xcode/DerivedData/TaxedGmbH_IOS-gerngfqzuwudosgobknlgtoawnlj/Build/Intermediates.noindex/GoogleUtilities.build/Debug-iphoneos/GoogleUtilities-MethodSwizzler.build/DerivedSources/resource_bundle_accessor.m normal arm64 objective-c com.apple.compilers.llvm.clang.1_0.compiler (in target 'GoogleUtilities-MethodSwizzler' from project 'GoogleUtilities')
    cd /Users/emanuelflury/github/TaxedGmbH_IOS/TaxedGmbH_IOS.xcodeproj
    
    Using response file: /Users/emanuelflury/Library/Developer/Xcode/DerivedData/TaxedGmbH_IOS-gerngfqzuwudosgobknlgtoawnlj/Build/Intermediates.noindex/GoogleUtilities.build/Debug-iphoneos/GoogleUtilities-MethodSwizzler.build/Objects-normal/arm64/e6072d4f65d7061329687fe24e3d63a7-common-args.resp
    
    /Applications/Xcode.app/Contents/Developer/Toolchains/XcodeDefault.xctoolchain/usr/bin/clang -x objective-c -ivfsstatcache /Users/emanuelflury/Library/Developer/Xcode/DerivedData/SDKStatCaches.noindex/iphoneos26.1-23B77-69b33fc7382b27d9b5d46e82a00f8e78.sdkstatcache -fmessage-length\=0 -fdiagnostics-show-note-include-stack -fmacro-backtrace-limit\=0 -fno-color-diagnostics -fmodules-prune-interval\=86400 -fmodules-prune-after\=345600 -fbuild-session-file\=/Users/emanuelflury/Library/Developer/Xcode/DerivedData/ModuleCache.noindex/Session.modulevalidation -fmodules-validate-once-per-build-session -Wnon-modular-include-in-framework-module -Werror\=non-modular-include-in-framework-module -Wno-trigraphs -Wno-missing-field-initializers -Wno-missing-prototypes -Wno-return-type -Wno-implicit-atomic-properties -Wno-objc-interface-ivars -Wno-arc-repeated-use-of-weak -Wno-missing-braces -Wparentheses -Wswitch -Wno-unused-function -Wno-unused-label -Wno-unused-parameter -Wno-unused-variable -Wunused-value -Wno-empty-body -Wno-uninitialized -Wno-unknown-pragmas -w -Wno-shadow -Wno-four-char-constants -Wno-conversion -Wno-constant-conversion -Wno-int-conversion -Wno-bool-conversion -Wno-enum-conversion -Wno-float-conversion -Wno-non-literal-null-conversion -Wno-objc-literal-conversion -Wshorten-64-to-32 -Wpointer-sign -Wno-newline-eof -Wno-selector -Wno-strict-selector-match -Wno-undeclared-selector -Wno-deprecated-implementations -Wno-implicit-fallthrough -fstrict-aliasing -Wprotocol -Wdeprecated-declarations -Wno-sign-conversion -Wno-infinite-recursion -Wno-comma -Wno-block-capture-autoreleasing -Wno-strict-prototypes -Wno-semicolon-before-method-body -index-store-path /Users/emanuelflury/Library/Developer/Xcode/DerivedData/TaxedGmbH_IOS-gerngfqzuwudosgobknlgtoawnlj/Index.noindex/DataStore @/Users/emanuelflury/Library/Developer/Xcode/DerivedData/TaxedGmbH_IOS-gerngfqzuwudosgobknlgtoawnlj/Build/Intermediates.noindex/GoogleUtilities.build/Debug-iphoneos/GoogleUtilities-MethodSwizzler.build/Objects-normal/arm64/e6072d4f65d7061329687fe24e3d63a7-common-args.resp -include /Users/emanuelflury/Library/Developer/Xcode/DerivedData/TaxedGmbH_IOS-gerngfqzuwudosgobknlgtoawnlj/Build/Intermediates.noindex/GoogleUtilities.build/Debug-iphoneos/GoogleUtilities-MethodSwizzler.build/DerivedSources/resource_bundle_accessor.h -MMD -MT dependencies -MF /Users/emanuelflury/Library/Developer/Xcode/DerivedData/TaxedGmbH_IOS-gerngfqzuwudosgobknlgtoawnlj/Build/Intermediates.noindex/GoogleUtilities.build/Debug-iphoneos/GoogleUtilities-MethodSwizzler.build/Objects-normal/arm64/resource_bundle_accessor.d --serialize-diagnostics /Users/emanuelflury/Library/Developer/Xcode/DerivedData/TaxedGmbH_IOS-gerngfqzuwudosgobknlgtoawnlj/Build/Intermediates.noindex/GoogleUtilities.build/Debug-iphoneos/GoogleUtilities-MethodSwizzler.build/Objects-normal/arm64/resource_bundle_accessor.dia -c /Users/emanuelflury/Library/Developer/Xcode/DerivedData/TaxedGmbH_IOS-gerngfqzuwudosgobknlgtoawnlj/Build/Intermediates.noindex/GoogleUtilities.build/Debug-iphoneos/GoogleUtilities-MethodSwizzler.build/DerivedSources/resource_bundle_accessor.m -o /Users/emanuelflury/Library/Developer/Xcode/DerivedData/TaxedGmbH_IOS-gerngfqzuwudosgobknlgtoawnlj/Build/Intermediates.noindex/GoogleUtilities.build/Debug-iphoneos/GoogleUtilities-MethodSwizzler.build/Objects-normal/arm64/resource_bundle_accessor.o -index-unit-output-path /GoogleUtilities.build/Debug-iphoneos/GoogleUtilities-MethodSwizzler.build/Objects-normal/arm64/resource_bundle_accessor.o

CompileC /Users/emanuelflury/Library/Developer/Xcode/DerivedData/TaxedGmbH_IOS-gerngfqzuwudosgobknlgtoawnlj/Build/Intermediates.noindex/GoogleUtilities.build/Debug-iphoneos/GoogleUtilities-Logger.build/Objects-normal/arm64/resource_bundle_accessor.o /Users/emanuelflury/Library/Developer/Xcode/DerivedData/TaxedGmbH_IOS-gerngfqzuwudosgobknlgtoawnlj/Build/Intermediates.noindex/GoogleUtilities.build/Debug-iphoneos/GoogleUtilities-Logger.build/DerivedSources/resource_bundle_accessor.m normal arm64 objective-c com.apple.compilers.llvm.clang.1_0.compiler (in target 'GoogleUtilities-Logger' from project 'GoogleUtilities')
    cd /Users/emanuelflury/github/TaxedGmbH_IOS/TaxedGmbH_IOS.xcodeproj
    
    Using response file: /Users/emanuelflury/Library/Developer/Xcode/DerivedData/TaxedGmbH_IOS-gerngfqzuwudosgobknlgtoawnlj/Build/Intermediates.noindex/GoogleUtilities.build/Debug-iphoneos/GoogleUtilities-Logger.build/Objects-normal/arm64/e6072d4f65d7061329687fe24e3d63a7-common-args.resp
    
    /Applications/Xcode.app/Contents/Developer/Toolchains/XcodeDefault.xctoolchain/usr/bin/clang -x objective-c -ivfsstatcache /Users/emanuelflury/Library/Developer/Xcode/DerivedData/SDKStatCaches.noindex/iphoneos26.1-23B77-69b33fc7382b27d9b5d46e82a00f8e78.sdkstatcache -fmessage-length\=0 -fdiagnostics-show-note-include-stack -fmacro-backtrace-limit\=0 -fno-color-diagnostics -fmodules-prune-interval\=86400 -fmodules-prune-after\=345600 -fbuild-session-file\=/Users/emanuelflury/Library/Developer/Xcode/DerivedData/ModuleCache.noindex/Session.modulevalidation -fmodules-validate-once-per-build-session -Wnon-modular-include-in-framework-module -Werror\=non-modular-include-in-framework-module -Wno-trigraphs -Wno-missing-field-initializers -Wno-missing-prototypes -Wno-return-type -Wno-implicit-atomic-properties -Wno-objc-interface-ivars -Wno-arc-repeated-use-of-weak -Wno-missing-braces -Wparentheses -Wswitch -Wno-unused-function -Wno-unused-label -Wno-unused-parameter -Wno-unused-variable -Wunused-value -Wno-empty-body -Wno-uninitialized -Wno-unknown-pragmas -w -Wno-shadow -Wno-four-char-constants -Wno-conversion -Wno-constant-conversion -Wno-int-conversion -Wno-bool-conversion -Wno-enum-conversion -Wno-float-conversion -Wno-non-literal-null-conversion -Wno-objc-literal-conversion -Wshorten-64-to-32 -Wpointer-sign -Wno-newline-eof -Wno-selector -Wno-strict-selector-match -Wno-undeclared-selector -Wno-deprecated-implementations -Wno-implicit-fallthrough -fstrict-aliasing -Wprotocol -Wdeprecated-declarations -Wno-sign-conversion -Wno-infinite-recursion -Wno-comma -Wno-block-capture-autoreleasing -Wno-strict-prototypes -Wno-semicolon-before-method-body -index-store-path /Users/emanuelflury/Library/Developer/Xcode/DerivedData/TaxedGmbH_IOS-gerngfqzuwudosgobknlgtoawnlj/Index.noindex/DataStore @/Users/emanuelflury/Library/Developer/Xcode/DerivedData/TaxedGmbH_IOS-gerngfqzuwudosgobknlgtoawnlj/Build/Intermediates.noindex/GoogleUtilities.build/Debug-iphoneos/GoogleUtilities-Logger.build/Objects-normal/arm64/e6072d4f65d7061329687fe24e3d63a7-common-args.resp -include /Users/emanuelflury/Library/Developer/Xcode/DerivedData/TaxedGmbH_IOS-gerngfqzuwudosgobknlgtoawnlj/Build/Intermediates.noindex/GoogleUtilities.build/Debug-iphoneos/GoogleUtilities-Logger.build/DerivedSources/resource_bundle_accessor.h -MMD -MT dependencies -MF /Users/emanuelflury/Library/Developer/Xcode/DerivedData/TaxedGmbH_IOS-gerngfqzuwudosgobknlgtoawnlj/Build/Intermediates.noindex/GoogleUtilities.build/Debug-iphoneos/GoogleUtilities-Logger.build/Objects-normal/arm64/resource_bundle_accessor.d --serialize-diagnostics /Users/emanuelflury/Library/Developer/Xcode/DerivedData/TaxedGmbH_IOS-gerngfqzuwudosgobknlgtoawnlj/Build/Intermediates.noindex/GoogleUtilities.build/Debug-iphoneos/GoogleUtilities-Logger.build/Objects-normal/arm64/resource_bundle_accessor.dia -c /Users/emanuelflury/Library/Developer/Xcode/DerivedData/TaxedGmbH_IOS-gerngfqzuwudosgobknlgtoawnlj/Build/Intermediates.noindex/GoogleUtilities.build/Debug-iphoneos/GoogleUtilities-Logger.build/DerivedSources/resource_bundle_accessor.m -o /Users/emanuelflury/Library/Developer/Xcode/DerivedData/TaxedGmbH_IOS-gerngfqzuwudosgobknlgtoawnlj/Build/Intermediates.noindex/GoogleUtilities.build/Debug-iphoneos/GoogleUtilities-Logger.build/Objects-normal/arm64/resource_bundle_accessor.o -index-unit-output-path /GoogleUtilities.build/Debug-iphoneos/GoogleUtilities-Logger.build/Objects-normal/arm64/resource_bundle_accessor.o

CompileC /Users/emanuelflury/Library/Developer/Xcode/DerivedData/TaxedGmbH_IOS-gerngfqzuwudosgobknlgtoawnlj/Build/Intermediates.noindex/GoogleUtilities.build/Debug-iphoneos/GoogleUtilities-Environment.build/Objects-normal/arm64/resource_bundle_accessor.o /Users/emanuelflury/Library/Developer/Xcode/DerivedData/TaxedGmbH_IOS-gerngfqzuwudosgobknlgtoawnlj/Build/Intermediates.noindex/GoogleUtilities.build/Debug-iphoneos/GoogleUtilities-Environment.build/DerivedSources/resource_bundle_accessor.m normal arm64 objective-c com.apple.compilers.llvm.clang.1_0.compiler (in target 'GoogleUtilities-Environment' from project 'GoogleUtilities')
    cd /Users/emanuelflury/github/TaxedGmbH_IOS/TaxedGmbH_IOS.xcodeproj
    
    Using response file: /Users/emanuelflury/Library/Developer/Xcode/DerivedData/TaxedGmbH_IOS-gerngfqzuwudosgobknlgtoawnlj/Build/Intermediates.noindex/GoogleUtilities.build/Debug-iphoneos/GoogleUtilities-Environment.build/Objects-normal/arm64/e6072d4f65d7061329687fe24e3d63a7-common-args.resp
    
    /Applications/Xcode.app/Contents/Developer/Toolchains/XcodeDefault.xctoolchain/usr/bin/clang -x objective-c -ivfsstatcache /Users/emanuelflury/Library/Developer/Xcode/DerivedData/SDKStatCaches.noindex/iphoneos26.1-23B77-69b33fc7382b27d9b5d46e82a00f8e78.sdkstatcache -fmessage-length\=0 -fdiagnostics-show-note-include-stack -fmacro-backtrace-limit\=0 -fno-color-diagnostics -fmodules-prune-interval\=86400 -fmodules-prune-after\=345600 -fbuild-session-file\=/Users/emanuelflury/Library/Developer/Xcode/DerivedData/ModuleCache.noindex/Session.modulevalidation -fmodules-validate-once-per-build-session -Wnon-modular-include-in-framework-module -Werror\=non-modular-include-in-framework-module -Wno-trigraphs -Wno-missing-field-initializers -Wno-missing-prototypes -Wno-return-type -Wno-implicit-atomic-properties -Wno-objc-interface-ivars -Wno-arc-repeated-use-of-weak -Wno-missing-braces -Wparentheses -Wswitch -Wno-unused-function -Wno-unused-label -Wno-unused-parameter -Wno-unused-variable -Wunused-value -Wno-empty-body -Wno-uninitialized -Wno-unknown-pragmas -w -Wno-shadow -Wno-four-char-constants -Wno-conversion -Wno-constant-conversion -Wno-int-conversion -Wno-bool-conversion -Wno-enum-conversion -Wno-float-conversion -Wno-non-literal-null-conversion -Wno-objc-literal-conversion -Wshorten-64-to-32 -Wpointer-sign -Wno-newline-eof -Wno-selector -Wno-strict-selector-match -Wno-undeclared-selector -Wno-deprecated-implementations -Wno-implicit-fallthrough -fstrict-aliasing -Wprotocol -Wdeprecated-declarations -Wno-sign-conversion -Wno-infinite-recursion -Wno-comma -Wno-block-capture-autoreleasing -Wno-strict-prototypes -Wno-semicolon-before-method-body -index-store-path /Users/emanuelflury/Library/Developer/Xcode/DerivedData/TaxedGmbH_IOS-gerngfqzuwudosgobknlgtoawnlj/Index.noindex/DataStore @/Users/emanuelflury/Library/Developer/Xcode/DerivedData/TaxedGmbH_IOS-gerngfqzuwudosgobknlgtoawnlj/Build/Intermediates.noindex/GoogleUtilities.build/Debug-iphoneos/GoogleUtilities-Environment.build/Objects-normal/arm64/e6072d4f65d7061329687fe24e3d63a7-common-args.resp -include /Users/emanuelflury/Library/Developer/Xcode/DerivedData/TaxedGmbH_IOS-gerngfqzuwudosgobknlgtoawnlj/Build/Intermediates.noindex/GoogleUtilities.build/Debug-iphoneos/GoogleUtilities-Environment.build/DerivedSources/resource_bundle_accessor.h -MMD -MT dependencies -MF /Users/emanuelflury/Library/Developer/Xcode/DerivedData/TaxedGmbH_IOS-gerngfqzuwudosgobknlgtoawnlj/Build/Intermediates.noindex/GoogleUtilities.build/Debug-iphoneos/GoogleUtilities-Environment.build/Objects-normal/arm64/resource_bundle_accessor.d --serialize-diagnostics /Users/emanuelflury/Library/Developer/Xcode/DerivedData/TaxedGmbH_IOS-gerngfqzuwudosgobknlgtoawnlj/Build/Intermediates.noindex/GoogleUtilities.build/Debug-iphoneos/GoogleUtilities-Environment.build/Objects-normal/arm64/resource_bundle_accessor.dia -c /Users/emanuelflury/Library/Developer/Xcode/DerivedData/TaxedGmbH_IOS-gerngfqzuwudosgobknlgtoawnlj/Build/Intermediates.noindex/GoogleUtilities.build/Debug-iphoneos/GoogleUtilities-Environment.build/DerivedSources/resource_bundle_accessor.m -o /Users/emanuelflury/Library/Developer/Xcode/DerivedData/TaxedGmbH_IOS-gerngfqzuwudosgobknlgtoawnlj/Build/Intermediates.noindex/GoogleUtilities.build/Debug-iphoneos/GoogleUtilities-Environment.build/Objects-normal/arm64/resource_bundle_accessor.o -index-unit-output-path /GoogleUtilities.build/Debug-iphoneos/GoogleUtilities-Environment.build/Objects-normal/arm64/resource_bundle_accessor.o

CompileC /Users/emanuelflury/Library/Developer/Xcode/DerivedData/TaxedGmbH_IOS-gerngfqzuwudosgobknlgtoawnlj/Build/Intermediates.noindex/GoogleUtilities.build/Debug-iphoneos/GoogleUtilities-Environment.build/Objects-normal/arm64/GULKeychainUtils.o /Users/emanuelflury/Library/Developer/Xcode/DerivedData/TaxedGmbH_IOS-gerngfqzuwudosgobknlgtoawnlj/SourcePackages/checkouts/GoogleUtilities/GoogleUtilities/Environment/SecureStorage/GULKeychainUtils.m normal arm64 objective-c com.apple.compilers.llvm.clang.1_0.compiler (in target 'GoogleUtilities-Environment' from project 'GoogleUtilities')
    cd /Users/emanuelflury/github/TaxedGmbH_IOS/TaxedGmbH_IOS.xcodeproj
    
    Using response file: /Users/emanuelflury/Library/Developer/Xcode/DerivedData/TaxedGmbH_IOS-gerngfqzuwudosgobknlgtoawnlj/Build/Intermediates.noindex/GoogleUtilities.build/Debug-iphoneos/GoogleUtilities-Environment.build/Objects-normal/arm64/e6072d4f65d7061329687fe24e3d63a7-common-args.resp
    
    /Applications/Xcode.app/Contents/Developer/Toolchains/XcodeDefault.xctoolchain/usr/bin/clang -x objective-c -ivfsstatcache /Users/emanuelflury/Library/Developer/Xcode/DerivedData/SDKStatCaches.noindex/iphoneos26.1-23B77-69b33fc7382b27d9b5d46e82a00f8e78.sdkstatcache -fmessage-length\=0 -fdiagnostics-show-note-include-stack -fmacro-backtrace-limit\=0 -fno-color-diagnostics -fmodules-prune-interval\=86400 -fmodules-prune-after\=345600 -fbuild-session-file\=/Users/emanuelflury/Library/Developer/Xcode/DerivedData/ModuleCache.noindex/Session.modulevalidation -fmodules-validate-once-per-build-session -Wnon-modular-include-in-framework-module -Werror\=non-modular-include-in-framework-module -Wno-trigraphs -Wno-missing-field-initializers -Wno-missing-prototypes -Wno-return-type -Wno-implicit-atomic-properties -Wno-objc-interface-ivars -Wno-arc-repeated-use-of-weak -Wno-missing-braces -Wparentheses -Wswitch -Wno-unused-function -Wno-unused-label -Wno-unused-parameter -Wno-unused-variable -Wunused-value -Wno-empty-body -Wno-uninitialized -Wno-unknown-pragmas -w -Wno-shadow -Wno-four-char-constants -Wno-conversion -Wno-constant-conversion -Wno-int-conversion -Wno-bool-conversion -Wno-enum-conversion -Wno-float-conversion -Wno-non-literal-null-conversion -Wno-objc-literal-conversion -Wshorten-64-to-32 -Wpointer-sign -Wno-newline-eof -Wno-selector -Wno-strict-selector-match -Wno-undeclared-selector -Wno-deprecated-implementations -Wno-implicit-fallthrough -fstrict-aliasing -Wprotocol -Wdeprecated-declarations -Wno-sign-conversion -Wno-infinite-recursion -Wno-comma -Wno-block-capture-autoreleasing -Wno-strict-prototypes -Wno-semicolon-before-method-body -index-store-path /Users/emanuelflury/Library/Developer/Xcode/DerivedData/TaxedGmbH_IOS-gerngfqzuwudosgobknlgtoawnlj/Index.noindex/DataStore @/Users/emanuelflury/Library/Developer/Xcode/DerivedData/TaxedGmbH_IOS-gerngfqzuwudosgobknlgtoawnlj/Build/Intermediates.noindex/GoogleUtilities.build/Debug-iphoneos/GoogleUtilities-Environment.build/Objects-normal/arm64/e6072d4f65d7061329687fe24e3d63a7-common-args.resp -include /Users/emanuelflury/Library/Developer/Xcode/DerivedData/TaxedGmbH_IOS-gerngfqzuwudosgobknlgtoawnlj/Build/Intermediates.noindex/GoogleUtilities.build/Debug-iphoneos/GoogleUtilities-Environment.build/DerivedSources/resource_bundle_accessor.h -MMD -MT dependencies -MF /Users/emanuelflury/Library/Developer/Xcode/DerivedData/TaxedGmbH_IOS-gerngfqzuwudosgobknlgtoawnlj/Build/Intermediates.noindex/GoogleUtilities.build/Debug-iphoneos/GoogleUtilities-Environment.build/Objects-normal/arm64/GULKeychainUtils.d --serialize-diagnostics /Users/emanuelflury/Library/Developer/Xcode/DerivedData/TaxedGmbH_IOS-gerngfqzuwudosgobknlgtoawnlj/Build/Intermediates.noindex/GoogleUtilities.build/Debug-iphoneos/GoogleUtilities-Environment.build/Objects-normal/arm64/GULKeychainUtils.dia -c /Users/emanuelflury/Library/Developer/Xcode/DerivedData/TaxedGmbH_IOS-gerngfqzuwudosgobknlgtoawnlj/SourcePackages/checkouts/GoogleUtilities/GoogleUtilities/Environment/SecureStorage/GULKeychainUtils.m -o /Users/emanuelflury/Library/Developer/Xcode/DerivedData/TaxedGmbH_IOS-gerngfqzuwudosgobknlgtoawnlj/Build/Intermediates.noindex/GoogleUtilities.build/Debug-iphoneos/GoogleUtilities-Environment.build/Objects-normal/arm64/GULKeychainUtils.o -index-unit-output-path /GoogleUtilities.build/Debug-iphoneos/GoogleUtilities-Environment.build/Objects-normal/arm64/GULKeychainUtils.o

CompileC /Users/emanuelflury/Library/Developer/Xcode/DerivedData/TaxedGmbH_IOS-gerngfqzuwudosgobknlgtoawnlj/Build/Intermediates.noindex/GoogleUtilities.build/Debug-iphoneos/GoogleUtilities-Environment.build/Objects-normal/arm64/GULKeychainStorage.o /Users/emanuelflury/Library/Developer/Xcode/DerivedData/TaxedGmbH_IOS-gerngfqzuwudosgobknlgtoawnlj/SourcePackages/checkouts/GoogleUtilities/GoogleUtilities/Environment/SecureStorage/GULKeychainStorage.m normal arm64 objective-c com.apple.compilers.llvm.clang.1_0.compiler (in target 'GoogleUtilities-Environment' from project 'GoogleUtilities')
    cd /Users/emanuelflury/github/TaxedGmbH_IOS/TaxedGmbH_IOS.xcodeproj
    
    Using response file: /Users/emanuelflury/Library/Developer/Xcode/DerivedData/TaxedGmbH_IOS-gerngfqzuwudosgobknlgtoawnlj/Build/Intermediates.noindex/GoogleUtilities.build/Debug-iphoneos/GoogleUtilities-Environment.build/Objects-normal/arm64/e6072d4f65d7061329687fe24e3d63a7-common-args.resp
    
    /Applications/Xcode.app/Contents/Developer/Toolchains/XcodeDefault.xctoolchain/usr/bin/clang -x objective-c -ivfsstatcache /Users/emanuelflury/Library/Developer/Xcode/DerivedData/SDKStatCaches.noindex/iphoneos26.1-23B77-69b33fc7382b27d9b5d46e82a00f8e78.sdkstatcache -fmessage-length\=0 -fdiagnostics-show-note-include-stack -fmacro-backtrace-limit\=0 -fno-color-diagnostics -fmodules-prune-interval\=86400 -fmodules-prune-after\=345600 -fbuild-session-file\=/Users/emanuelflury/Library/Developer/Xcode/DerivedData/ModuleCache.noindex/Session.modulevalidation -fmodules-validate-once-per-build-session -Wnon-modular-include-in-framework-module -Werror\=non-modular-include-in-framework-module -Wno-trigraphs -Wno-missing-field-initializers -Wno-missing-prototypes -Wno-return-type -Wno-implicit-atomic-properties -Wno-objc-interface-ivars -Wno-arc-repeated-use-of-weak -Wno-missing-braces -Wparentheses -Wswitch -Wno-unused-function -Wno-unused-label -Wno-unused-parameter -Wno-unused-variable -Wunused-value -Wno-empty-body -Wno-uninitialized -Wno-unknown-pragmas -w -Wno-shadow -Wno-four-char-constants -Wno-conversion -Wno-constant-conversion -Wno-int-conversion -Wno-bool-conversion -Wno-enum-conversion -Wno-float-conversion -Wno-non-literal-null-conversion -Wno-objc-literal-conversion -Wshorten-64-to-32 -Wpointer-sign -Wno-newline-eof -Wno-selector -Wno-strict-selector-match -Wno-undeclared-selector -Wno-deprecated-implementations -Wno-implicit-fallthrough -fstrict-aliasing -Wprotocol -Wdeprecated-declarations -Wno-sign-conversion -Wno-infinite-recursion -Wno-comma -Wno-block-capture-autoreleasing -Wno-strict-prototypes -Wno-semicolon-before-method-body -index-store-path /Users/emanuelflury/Library/Developer/Xcode/DerivedData/TaxedGmbH_IOS-gerngfqzuwudosgobknlgtoawnlj/Index.noindex/DataStore @/Users/emanuelflury/Library/Developer/Xcode/DerivedData/TaxedGmbH_IOS-gerngfqzuwudosgobknlgtoawnlj/Build/Intermediates.noindex/GoogleUtilities.build/Debug-iphoneos/GoogleUtilities-Environment.build/Objects-normal/arm64/e6072d4f65d7061329687fe24e3d63a7-common-args.resp -include /Users/emanuelflury/Library/Developer/Xcode/DerivedData/TaxedGmbH_IOS-gerngfqzuwudosgobknlgtoawnlj/Build/Intermediates.noindex/GoogleUtilities.build/Debug-iphoneos/GoogleUtilities-Environment.build/DerivedSources/resource_bundle_accessor.h -MMD -MT dependencies -MF /Users/emanuelflury/Library/Developer/Xcode/DerivedData/TaxedGmbH_IOS-gerngfqzuwudosgobknlgtoawnlj/Build/Intermediates.noindex/GoogleUtilities.build/Debug-iphoneos/GoogleUtilities-Environment.build/Objects-normal/arm64/GULKeychainStorage.d --serialize-diagnostics /Users/emanuelflury/Library/Developer/Xcode/DerivedData/TaxedGmbH_IOS-gerngfqzuwudosgobknlgtoawnlj/Build/Intermediates.noindex/GoogleUtilities.build/Debug-iphoneos/GoogleUtilities-Environment.build/Objects-normal/arm64/GULKeychainStorage.dia -c /Users/emanuelflury/Library/Developer/Xcode/DerivedData/TaxedGmbH_IOS-gerngfqzuwudosgobknlgtoawnlj/SourcePackages/checkouts/GoogleUtilities/GoogleUtilities/Environment/SecureStorage/GULKeychainStorage.m -o /Users/emanuelflury/Library/Developer/Xcode/DerivedData/TaxedGmbH_IOS-gerngfqzuwudosgobknlgtoawnlj/Build/Intermediates.noindex/GoogleUtilities.build/Debug-iphoneos/GoogleUtilities-Environment.build/Objects-normal/arm64/GULKeychainStorage.o -index-unit-output-path /GoogleUtilities.build/Debug-iphoneos/GoogleUtilities-Environment.build/Objects-normal/arm64/GULKeychainStorage.o

CompileC /Users/emanuelflury/Library/Developer/Xcode/DerivedData/TaxedGmbH_IOS-gerngfqzuwudosgobknlgtoawnlj/Build/Intermediates.noindex/GoogleUtilities.build/Debug-iphoneos/GoogleUtilities-AppDelegateSwizzler.build/Objects-normal/arm64/resource_bundle_accessor.o /Users/emanuelflury/Library/Developer/Xcode/DerivedData/TaxedGmbH_IOS-gerngfqzuwudosgobknlgtoawnlj/Build/Intermediates.noindex/GoogleUtilities.build/Debug-iphoneos/GoogleUtilities-AppDelegateSwizzler.build/DerivedSources/resource_bundle_accessor.m normal arm64 objective-c com.apple.compilers.llvm.clang.1_0.compiler (in target 'GoogleUtilities-AppDelegateSwizzler' from project 'GoogleUtilities')
    cd /Users/emanuelflury/github/TaxedGmbH_IOS/TaxedGmbH_IOS.xcodeproj
    
    Using response file: /Users/emanuelflury/Library/Developer/Xcode/DerivedData/TaxedGmbH_IOS-gerngfqzuwudosgobknlgtoawnlj/Build/Intermediates.noindex/GoogleUtilities.build/Debug-iphoneos/GoogleUtilities-AppDelegateSwizzler.build/Objects-normal/arm64/e6072d4f65d7061329687fe24e3d63a7-common-args.resp
    
    /Applications/Xcode.app/Contents/Developer/Toolchains/XcodeDefault.xctoolchain/usr/bin/clang -x objective-c -ivfsstatcache /Users/emanuelflury/Library/Developer/Xcode/DerivedData/SDKStatCaches.noindex/iphoneos26.1-23B77-69b33fc7382b27d9b5d46e82a00f8e78.sdkstatcache -fmessage-length\=0 -fdiagnostics-show-note-include-stack -fmacro-backtrace-limit\=0 -fno-color-diagnostics -fmodules-prune-interval\=86400 -fmodules-prune-after\=345600 -fbuild-session-file\=/Users/emanuelflury/Library/Developer/Xcode/DerivedData/ModuleCache.noindex/Session.modulevalidation -fmodules-validate-once-per-build-session -Wnon-modular-include-in-framework-module -Werror\=non-modular-include-in-framework-module -Wno-trigraphs -Wno-missing-field-initializers -Wno-missing-prototypes -Wno-return-type -Wno-implicit-atomic-properties -Wno-objc-interface-ivars -Wno-arc-repeated-use-of-weak -Wno-missing-braces -Wparentheses -Wswitch -Wno-unused-function -Wno-unused-label -Wno-unused-parameter -Wno-unused-variable -Wunused-value -Wno-empty-body -Wno-uninitialized -Wno-unknown-pragmas -w -Wno-shadow -Wno-four-char-constants -Wno-conversion -Wno-constant-conversion -Wno-int-conversion -Wno-bool-conversion -Wno-enum-conversion -Wno-float-conversion -Wno-non-literal-null-conversion -Wno-objc-literal-conversion -Wshorten-64-to-32 -Wpointer-sign -Wno-newline-eof -Wno-selector -Wno-strict-selector-match -Wno-undeclared-selector -Wno-deprecated-implementations -Wno-implicit-fallthrough -fstrict-aliasing -Wprotocol -Wdeprecated-declarations -Wno-sign-conversion -Wno-infinite-recursion -Wno-comma -Wno-block-capture-autoreleasing -Wno-strict-prototypes -Wno-semicolon-before-method-body -index-store-path /Users/emanuelflury/Library/Developer/Xcode/DerivedData/TaxedGmbH_IOS-gerngfqzuwudosgobknlgtoawnlj/Index.noindex/DataStore @/Users/emanuelflury/Library/Developer/Xcode/DerivedData/TaxedGmbH_IOS-gerngfqzuwudosgobknlgtoawnlj/Build/Intermediates.noindex/GoogleUtilities.build/Debug-iphoneos/GoogleUtilities-AppDelegateSwizzler.build/Objects-normal/arm64/e6072d4f65d7061329687fe24e3d63a7-common-args.resp -include /Users/emanuelflury/Library/Developer/Xcode/DerivedData/TaxedGmbH_IOS-gerngfqzuwudosgobknlgtoawnlj/Build/Intermediates.noindex/GoogleUtilities.build/Debug-iphoneos/GoogleUtilities-AppDelegateSwizzler.build/DerivedSources/resource_bundle_accessor.h -MMD -MT dependencies -MF /Users/emanuelflury/Library/Developer/Xcode/DerivedData/TaxedGmbH_IOS-gerngfqzuwudosgobknlgtoawnlj/Build/Intermediates.noindex/GoogleUtilities.build/Debug-iphoneos/GoogleUtilities-AppDelegateSwizzler.build/Objects-normal/arm64/resource_bundle_accessor.d --serialize-diagnostics /Users/emanuelflury/Library/Developer/Xcode/DerivedData/TaxedGmbH_IOS-gerngfqzuwudosgobknlgtoawnlj/Build/Intermediates.noindex/GoogleUtilities.build/Debug-iphoneos/GoogleUtilities-AppDelegateSwizzler.build/Objects-normal/arm64/resource_bundle_accessor.dia -c /Users/emanuelflury/Library/Developer/Xcode/DerivedData/TaxedGmbH_IOS-gerngfqzuwudosgobknlgtoawnlj/Build/Intermediates.noindex/GoogleUtilities.build/Debug-iphoneos/GoogleUtilities-AppDelegateSwizzler.build/DerivedSources/resource_bundle_accessor.m -o /Users/emanuelflury/Library/Developer/Xcode/DerivedData/TaxedGmbH_IOS-gerngfqzuwudosgobknlgtoawnlj/Build/Intermediates.noindex/GoogleUtilities.build/Debug-iphoneos/GoogleUtilities-AppDelegateSwizzler.build/Objects-normal/arm64/resource_bundle_accessor.o -index-unit-output-path /GoogleUtilities.build/Debug-iphoneos/GoogleUtilities-AppDelegateSwizzler.build/Objects-normal/arm64/resource_bundle_accessor.o

PrecompileModule /Users/emanuelflury/Library/Developer/Xcode/DerivedData/TaxedGmbH_IOS-gerngfqzuwudosgobknlgtoawnlj/Build/Intermediates.noindex/ExplicitPrecompiledModules/GoogleUtilities_Environment-ATZRTOWIKAAPMMSO44OHFJFXD.scan
    cd /
    builtin-precompileModule /Users/emanuelflury/Library/Developer/Xcode/DerivedData/TaxedGmbH_IOS-gerngfqzuwudosgobknlgtoawnlj/Build/Intermediates.noindex/ExplicitPrecompiledModules/GoogleUtilities_Environment-ATZRTOWIKAAPMMSO44OHFJFXD.scan

Ld /Users/emanuelflury/Library/Developer/Xcode/DerivedData/TaxedGmbH_IOS-gerngfqzuwudosgobknlgtoawnlj/Build/Products/Debug-iphoneos/GoogleUtilities-NSData.o normal (in target 'GoogleUtilities-NSData' from project 'GoogleUtilities')
    cd /Users/emanuelflury/Library/Developer/Xcode/DerivedData/TaxedGmbH_IOS-gerngfqzuwudosgobknlgtoawnlj/SourcePackages/checkouts/GoogleUtilities
    /Applications/Xcode.app/Contents/Developer/Toolchains/XcodeDefault.xctoolchain/usr/bin/clang -Xlinker -reproducible -target arm64-apple-ios12.0 -r -isysroot /Applications/Xcode.app/Contents/Developer/Platforms/iPhoneOS.platform/Developer/SDKs/iPhoneOS26.1.sdk -O0 -w -L/Users/emanuelflury/Library/Developer/Xcode/DerivedData/TaxedGmbH_IOS-gerngfqzuwudosgobknlgtoawnlj/Build/Intermediates.noindex/EagerLinkingTBDs/Debug-iphoneos -L/Users/emanuelflury/Library/Developer/Xcode/DerivedData/TaxedGmbH_IOS-gerngfqzuwudosgobknlgtoawnlj/Build/Products/Debug-iphoneos -L/Applications/Xcode.app/Contents/Developer/Platforms/iPhoneOS.platform/Developer/usr/lib -F/Users/emanuelflury/Library/Developer/Xcode/DerivedData/TaxedGmbH_IOS-gerngfqzuwudosgobknlgtoawnlj/Build/Intermediates.noindex/EagerLinkingTBDs/Debug-iphoneos -F/Users/emanuelflury/Library/Developer/Xcode/DerivedData/TaxedGmbH_IOS-gerngfqzuwudosgobknlgtoawnlj/Build/Products/Debug-iphoneos -iframework /Applications/Xcode.app/Contents/Developer/Platforms/iPhoneOS.platform/Developer/Library/Frameworks -iframework /Applications/Xcode.app/Contents/Developer/Platforms/iPhoneOS.platform/Developer/SDKs/iPhoneOS26.1.sdk/Developer/Library/Frameworks -filelist /Users/emanuelflury/Library/Developer/Xcode/DerivedData/TaxedGmbH_IOS-gerngfqzuwudosgobknlgtoawnlj/Build/Intermediates.noindex/GoogleUtilities.build/Debug-iphoneos/GoogleUtilities-NSData.build/Objects-normal/arm64/GoogleUtilities-NSData.LinkFileList -nostdlib -Xlinker -object_path_lto -Xlinker /Users/emanuelflury/Library/Developer/Xcode/DerivedData/TaxedGmbH_IOS-gerngfqzuwudosgobknlgtoawnlj/Build/Intermediates.noindex/GoogleUtilities.build/Debug-iphoneos/GoogleUtilities-NSData.build/Objects-normal/arm64/GoogleUtilities-NSData_lto.o -rdynamic -Xlinker -no_deduplicate -Xlinker -debug_variant -Xlinker -dependency_info -Xlinker /Users/emanuelflury/Library/Developer/Xcode/DerivedData/TaxedGmbH_IOS-gerngfqzuwudosgobknlgtoawnlj/Build/Intermediates.noindex/GoogleUtilities.build/Debug-iphoneos/GoogleUtilities-NSData.build/Objects-normal/arm64/GoogleUtilities-NSData_dependency_info.dat -fobjc-arc -fobjc-link-runtime -o /Users/emanuelflury/Library/Developer/Xcode/DerivedData/TaxedGmbH_IOS-gerngfqzuwudosgobknlgtoawnlj/Build/Products/Debug-iphoneos/GoogleUtilities-NSData.o

PrecompileModule /Users/emanuelflury/Library/Developer/Xcode/DerivedData/TaxedGmbH_IOS-gerngfqzuwudosgobknlgtoawnlj/Build/Intermediates.noindex/ExplicitPrecompiledModules/UIUtilities-1OVR6IELPVRU8AL6MZ7EEE16I.scan
    cd /
    builtin-precompileModule /Users/emanuelflury/Library/Developer/Xcode/DerivedData/TaxedGmbH_IOS-gerngfqzuwudosgobknlgtoawnlj/Build/Intermediates.noindex/ExplicitPrecompiledModules/UIUtilities-1OVR6IELPVRU8AL6MZ7EEE16I.scan

PrecompileModule /Users/emanuelflury/Library/Developer/Xcode/DerivedData/TaxedGmbH_IOS-gerngfqzuwudosgobknlgtoawnlj/Build/Intermediates.noindex/ExplicitPrecompiledModules/FileProvider-6E7I9KXJ4K2FN76CH1HGOMKXR.scan
    cd /
    builtin-precompileModule /Users/emanuelflury/Library/Developer/Xcode/DerivedData/TaxedGmbH_IOS-gerngfqzuwudosgobknlgtoawnlj/Build/Intermediates.noindex/ExplicitPrecompiledModules/FileProvider-6E7I9KXJ4K2FN76CH1HGOMKXR.scan

PrecompileModule /Users/emanuelflury/Library/Developer/Xcode/DerivedData/TaxedGmbH_IOS-gerngfqzuwudosgobknlgtoawnlj/Build/Intermediates.noindex/ExplicitPrecompiledModules/GoogleUtilities_Network-23583QJA9M7GAL1TMYPG24OLV.scan
    cd /
    builtin-precompileModule /Users/emanuelflury/Library/Developer/Xcode/DerivedData/TaxedGmbH_IOS-gerngfqzuwudosgobknlgtoawnlj/Build/Intermediates.noindex/ExplicitPrecompiledModules/GoogleUtilities_Network-23583QJA9M7GAL1TMYPG24OLV.scan

PrecompileModule /Users/emanuelflury/Library/Developer/Xcode/DerivedData/TaxedGmbH_IOS-gerngfqzuwudosgobknlgtoawnlj/Build/Intermediates.noindex/ExplicitPrecompiledModules/IOSurface-AHOS0OJS6XTLARTSZLW2U82ZR.scan
    cd /
    builtin-precompileModule /Users/emanuelflury/Library/Developer/Xcode/DerivedData/TaxedGmbH_IOS-gerngfqzuwudosgobknlgtoawnlj/Build/Intermediates.noindex/ExplicitPrecompiledModules/IOSurface-AHOS0OJS6XTLARTSZLW2U82ZR.scan

PrecompileModule /Users/emanuelflury/Library/Developer/Xcode/DerivedData/TaxedGmbH_IOS-gerngfqzuwudosgobknlgtoawnlj/Build/Intermediates.noindex/ExplicitPrecompiledModules/GoogleUtilities_Reachability-BYRNSQHVSSLFFNKM9AKT41HEJ.scan
    cd /
    builtin-precompileModule /Users/emanuelflury/Library/Developer/Xcode/DerivedData/TaxedGmbH_IOS-gerngfqzuwudosgobknlgtoawnlj/Build/Intermediates.noindex/ExplicitPrecompiledModules/GoogleUtilities_Reachability-BYRNSQHVSSLFFNKM9AKT41HEJ.scan

CompileC /Users/emanuelflury/Library/Developer/Xcode/DerivedData/TaxedGmbH_IOS-gerngfqzuwudosgobknlgtoawnlj/Build/Intermediates.noindex/GoogleUtilities.build/Debug-iphoneos/GoogleUtilities-Logger.build/Objects-normal/arm64/GULLogger.o /Users/emanuelflury/Library/Developer/Xcode/DerivedData/TaxedGmbH_IOS-gerngfqzuwudosgobknlgtoawnlj/SourcePackages/checkouts/GoogleUtilities/GoogleUtilities/Logger/GULLogger.m normal arm64 objective-c com.apple.compilers.llvm.clang.1_0.compiler (in target 'GoogleUtilities-Logger' from project 'GoogleUtilities')
    cd /Users/emanuelflury/github/TaxedGmbH_IOS/TaxedGmbH_IOS.xcodeproj
    
    Using response file: /Users/emanuelflury/Library/Developer/Xcode/DerivedData/TaxedGmbH_IOS-gerngfqzuwudosgobknlgtoawnlj/Build/Intermediates.noindex/GoogleUtilities.build/Debug-iphoneos/GoogleUtilities-Logger.build/Objects-normal/arm64/e6072d4f65d7061329687fe24e3d63a7-common-args.resp
    
    /Applications/Xcode.app/Contents/Developer/Toolchains/XcodeDefault.xctoolchain/usr/bin/clang -x objective-c -ivfsstatcache /Users/emanuelflury/Library/Developer/Xcode/DerivedData/SDKStatCaches.noindex/iphoneos26.1-23B77-69b33fc7382b27d9b5d46e82a00f8e78.sdkstatcache -fmessage-length\=0 -fdiagnostics-show-note-include-stack -fmacro-backtrace-limit\=0 -fno-color-diagnostics -fmodules-prune-interval\=86400 -fmodules-prune-after\=345600 -fbuild-session-file\=/Users/emanuelflury/Library/Developer/Xcode/DerivedData/ModuleCache.noindex/Session.modulevalidation -fmodules-validate-once-per-build-session -Wnon-modular-include-in-framework-module -Werror\=non-modular-include-in-framework-module -Wno-trigraphs -Wno-missing-field-initializers -Wno-missing-prototypes -Wno-return-type -Wno-implicit-atomic-properties -Wno-objc-interface-ivars -Wno-arc-repeated-use-of-weak -Wno-missing-braces -Wparentheses -Wswitch -Wno-unused-function -Wno-unused-label -Wno-unused-parameter -Wno-unused-variable -Wunused-value -Wno-empty-body -Wno-uninitialized -Wno-unknown-pragmas -w -Wno-shadow -Wno-four-char-constants -Wno-conversion -Wno-constant-conversion -Wno-int-conversion -Wno-bool-conversion -Wno-enum-conversion -Wno-float-conversion -Wno-non-literal-null-conversion -Wno-objc-literal-conversion -Wshorten-64-to-32 -Wpointer-sign -Wno-newline-eof -Wno-selector -Wno-strict-selector-match -Wno-undeclared-selector -Wno-deprecated-implementations -Wno-implicit-fallthrough -fstrict-aliasing -Wprotocol -Wdeprecated-declarations -Wno-sign-conversion -Wno-infinite-recursion -Wno-comma -Wno-block-capture-autoreleasing -Wno-strict-prototypes -Wno-semicolon-before-method-body -index-store-path /Users/emanuelflury/Library/Developer/Xcode/DerivedData/TaxedGmbH_IOS-gerngfqzuwudosgobknlgtoawnlj/Index.noindex/DataStore @/Users/emanuelflury/Library/Developer/Xcode/DerivedData/TaxedGmbH_IOS-gerngfqzuwudosgobknlgtoawnlj/Build/Intermediates.noindex/GoogleUtilities.build/Debug-iphoneos/GoogleUtilities-Logger.build/Objects-normal/arm64/e6072d4f65d7061329687fe24e3d63a7-common-args.resp -include /Users/emanuelflury/Library/Developer/Xcode/DerivedData/TaxedGmbH_IOS-gerngfqzuwudosgobknlgtoawnlj/Build/Intermediates.noindex/GoogleUtilities.build/Debug-iphoneos/GoogleUtilities-Logger.build/DerivedSources/resource_bundle_accessor.h -MMD -MT dependencies -MF /Users/emanuelflury/Library/Developer/Xcode/DerivedData/TaxedGmbH_IOS-gerngfqzuwudosgobknlgtoawnlj/Build/Intermediates.noindex/GoogleUtilities.build/Debug-iphoneos/GoogleUtilities-Logger.build/Objects-normal/arm64/GULLogger.d --serialize-diagnostics /Users/emanuelflury/Library/Developer/Xcode/DerivedData/TaxedGmbH_IOS-gerngfqzuwudosgobknlgtoawnlj/Build/Intermediates.noindex/GoogleUtilities.build/Debug-iphoneos/GoogleUtilities-Logger.build/Objects-normal/arm64/GULLogger.dia -c /Users/emanuelflury/Library/Developer/Xcode/DerivedData/TaxedGmbH_IOS-gerngfqzuwudosgobknlgtoawnlj/SourcePackages/checkouts/GoogleUtilities/GoogleUtilities/Logger/GULLogger.m -o /Users/emanuelflury/Library/Developer/Xcode/DerivedData/TaxedGmbH_IOS-gerngfqzuwudosgobknlgtoawnlj/Build/Intermediates.noindex/GoogleUtilities.build/Debug-iphoneos/GoogleUtilities-Logger.build/Objects-normal/arm64/GULLogger.o -index-unit-output-path /GoogleUtilities.build/Debug-iphoneos/GoogleUtilities-Logger.build/Objects-normal/arm64/GULLogger.o

PrecompileModule /Users/emanuelflury/Library/Developer/Xcode/DerivedData/TaxedGmbH_IOS-gerngfqzuwudosgobknlgtoawnlj/Build/Intermediates.noindex/ExplicitPrecompiledModules/GoogleUtilities_Logger-1T7N4N71GR1BYVJCVHZP1CPD5.scan
    cd /
    builtin-precompileModule /Users/emanuelflury/Library/Developer/Xcode/DerivedData/TaxedGmbH_IOS-gerngfqzuwudosgobknlgtoawnlj/Build/Intermediates.noindex/ExplicitPrecompiledModules/GoogleUtilities_Logger-1T7N4N71GR1BYVJCVHZP1CPD5.scan

PrecompileModule /Users/emanuelflury/Library/Developer/Xcode/DerivedData/TaxedGmbH_IOS-gerngfqzuwudosgobknlgtoawnlj/Build/Intermediates.noindex/ExplicitPrecompiledModules/CoreTelephony-CVZ30CL2IV5T4T5XIOM63KH2J.scan
    cd /
    builtin-precompileModule /Users/emanuelflury/Library/Developer/Xcode/DerivedData/TaxedGmbH_IOS-gerngfqzuwudosgobknlgtoawnlj/Build/Intermediates.noindex/ExplicitPrecompiledModules/CoreTelephony-CVZ30CL2IV5T4T5XIOM63KH2J.scan

PrecompileModule /Users/emanuelflury/Library/Developer/Xcode/DerivedData/TaxedGmbH_IOS-gerngfqzuwudosgobknlgtoawnlj/Build/Intermediates.noindex/ExplicitPrecompiledModules/nanopb-CIDD0JM2GPZYF3FGXU7YXOW24.scan
    cd /
    builtin-precompileModule /Users/emanuelflury/Library/Developer/Xcode/DerivedData/TaxedGmbH_IOS-gerngfqzuwudosgobknlgtoawnlj/Build/Intermediates.noindex/ExplicitPrecompiledModules/nanopb-CIDD0JM2GPZYF3FGXU7YXOW24.scan

PrecompileModule /Users/emanuelflury/Library/Developer/Xcode/DerivedData/TaxedGmbH_IOS-gerngfqzuwudosgobknlgtoawnlj/Build/Intermediates.noindex/ExplicitPrecompiledModules/UserNotifications-4826H1WKQHZDP3K8POFH7Z42T.scan
    cd /
    builtin-precompileModule /Users/emanuelflury/Library/Developer/Xcode/DerivedData/TaxedGmbH_IOS-gerngfqzuwudosgobknlgtoawnlj/Build/Intermediates.noindex/ExplicitPrecompiledModules/UserNotifications-4826H1WKQHZDP3K8POFH7Z42T.scan

PrecompileModule /Users/emanuelflury/Library/Developer/Xcode/DerivedData/TaxedGmbH_IOS-gerngfqzuwudosgobknlgtoawnlj/Build/Intermediates.noindex/ExplicitPrecompiledModules/GoogleUtilities_NSData-8ACOLKLRDX4ZS1KBQHYMDQ27Y.scan
    cd /
    builtin-precompileModule /Users/emanuelflury/Library/Developer/Xcode/DerivedData/TaxedGmbH_IOS-gerngfqzuwudosgobknlgtoawnlj/Build/Intermediates.noindex/ExplicitPrecompiledModules/GoogleUtilities_NSData-8ACOLKLRDX4ZS1KBQHYMDQ27Y.scan

PrecompileModule /Users/emanuelflury/Library/Developer/Xcode/DerivedData/TaxedGmbH_IOS-gerngfqzuwudosgobknlgtoawnlj/Build/Intermediates.noindex/ExplicitPrecompiledModules/Metal-20LHG2U47PD6PVH852BN90FAD.scan
    cd /
    builtin-precompileModule /Users/emanuelflury/Library/Developer/Xcode/DerivedData/TaxedGmbH_IOS-gerngfqzuwudosgobknlgtoawnlj/Build/Intermediates.noindex/ExplicitPrecompiledModules/Metal-20LHG2U47PD6PVH852BN90FAD.scan

CompileC /Users/emanuelflury/Library/Developer/Xcode/DerivedData/TaxedGmbH_IOS-gerngfqzuwudosgobknlgtoawnlj/Build/Intermediates.noindex/GoogleUtilities.build/Debug-iphoneos/GoogleUtilities-UserDefaults.build/Objects-normal/arm64/GULUserDefaults.o /Users/emanuelflury/Library/Developer/Xcode/DerivedData/TaxedGmbH_IOS-gerngfqzuwudosgobknlgtoawnlj/SourcePackages/checkouts/GoogleUtilities/GoogleUtilities/UserDefaults/GULUserDefaults.m normal arm64 objective-c com.apple.compilers.llvm.clang.1_0.compiler (in target 'GoogleUtilities-UserDefaults' from project 'GoogleUtilities')
    cd /Users/emanuelflury/github/TaxedGmbH_IOS/TaxedGmbH_IOS.xcodeproj
    
    Using response file: /Users/emanuelflury/Library/Developer/Xcode/DerivedData/TaxedGmbH_IOS-gerngfqzuwudosgobknlgtoawnlj/Build/Intermediates.noindex/GoogleUtilities.build/Debug-iphoneos/GoogleUtilities-UserDefaults.build/Objects-normal/arm64/e6072d4f65d7061329687fe24e3d63a7-common-args.resp
    
    /Applications/Xcode.app/Contents/Developer/Toolchains/XcodeDefault.xctoolchain/usr/bin/clang -x objective-c -ivfsstatcache /Users/emanuelflury/Library/Developer/Xcode/DerivedData/SDKStatCaches.noindex/iphoneos26.1-23B77-69b33fc7382b27d9b5d46e82a00f8e78.sdkstatcache -fmessage-length\=0 -fdiagnostics-show-note-include-stack -fmacro-backtrace-limit\=0 -fno-color-diagnostics -fmodules-prune-interval\=86400 -fmodules-prune-after\=345600 -fbuild-session-file\=/Users/emanuelflury/Library/Developer/Xcode/DerivedData/ModuleCache.noindex/Session.modulevalidation -fmodules-validate-once-per-build-session -Wnon-modular-include-in-framework-module -Werror\=non-modular-include-in-framework-module -Wno-trigraphs -Wno-missing-field-initializers -Wno-missing-prototypes -Wno-return-type -Wno-implicit-atomic-properties -Wno-objc-interface-ivars -Wno-arc-repeated-use-of-weak -Wno-missing-braces -Wparentheses -Wswitch -Wno-unused-function -Wno-unused-label -Wno-unused-parameter -Wno-unused-variable -Wunused-value -Wno-empty-body -Wno-uninitialized -Wno-unknown-pragmas -w -Wno-shadow -Wno-four-char-constants -Wno-conversion -Wno-constant-conversion -Wno-int-conversion -Wno-bool-conversion -Wno-enum-conversion -Wno-float-conversion -Wno-non-literal-null-conversion -Wno-objc-literal-conversion -Wshorten-64-to-32 -Wpointer-sign -Wno-newline-eof -Wno-selector -Wno-strict-selector-match -Wno-undeclared-selector -Wno-deprecated-implementations -Wno-implicit-fallthrough -fstrict-aliasing -Wprotocol -Wdeprecated-declarations -Wno-sign-conversion -Wno-infinite-recursion -Wno-comma -Wno-block-capture-autoreleasing -Wno-strict-prototypes -Wno-semicolon-before-method-body -index-store-path /Users/emanuelflury/Library/Developer/Xcode/DerivedData/TaxedGmbH_IOS-gerngfqzuwudosgobknlgtoawnlj/Index.noindex/DataStore @/Users/emanuelflury/Library/Developer/Xcode/DerivedData/TaxedGmbH_IOS-gerngfqzuwudosgobknlgtoawnlj/Build/Intermediates.noindex/GoogleUtilities.build/Debug-iphoneos/GoogleUtilities-UserDefaults.build/Objects-normal/arm64/e6072d4f65d7061329687fe24e3d63a7-common-args.resp -include /Users/emanuelflury/Library/Developer/Xcode/DerivedData/TaxedGmbH_IOS-gerngfqzuwudosgobknlgtoawnlj/Build/Intermediates.noindex/GoogleUtilities.build/Debug-iphoneos/GoogleUtilities-UserDefaults.build/DerivedSources/resource_bundle_accessor.h -MMD -MT dependencies -MF /Users/emanuelflury/Library/Developer/Xcode/DerivedData/TaxedGmbH_IOS-gerngfqzuwudosgobknlgtoawnlj/Build/Intermediates.noindex/GoogleUtilities.build/Debug-iphoneos/GoogleUtilities-UserDefaults.build/Objects-normal/arm64/GULUserDefaults.d --serialize-diagnostics /Users/emanuelflury/Library/Developer/Xcode/DerivedData/TaxedGmbH_IOS-gerngfqzuwudosgobknlgtoawnlj/Build/Intermediates.noindex/GoogleUtilities.build/Debug-iphoneos/GoogleUtilities-UserDefaults.build/Objects-normal/arm64/GULUserDefaults.dia -c /Users/emanuelflury/Library/Developer/Xcode/DerivedData/TaxedGmbH_IOS-gerngfqzuwudosgobknlgtoawnlj/SourcePackages/checkouts/GoogleUtilities/GoogleUtilities/UserDefaults/GULUserDefaults.m -o /Users/emanuelflury/Library/Developer/Xcode/DerivedData/TaxedGmbH_IOS-gerngfqzuwudosgobknlgtoawnlj/Build/Intermediates.noindex/GoogleUtilities.build/Debug-iphoneos/GoogleUtilities-UserDefaults.build/Objects-normal/arm64/GULUserDefaults.o -index-unit-output-path /GoogleUtilities.build/Debug-iphoneos/GoogleUtilities-UserDefaults.build/Objects-normal/arm64/GULUserDefaults.o

CompileC /Users/emanuelflury/Library/Developer/Xcode/DerivedData/TaxedGmbH_IOS-gerngfqzuwudosgobknlgtoawnlj/Build/Intermediates.noindex/GoogleUtilities.build/Debug-iphoneos/GoogleUtilities-Reachability.build/Objects-normal/arm64/GULReachabilityChecker.o /Users/emanuelflury/Library/Developer/Xcode/DerivedData/TaxedGmbH_IOS-gerngfqzuwudosgobknlgtoawnlj/SourcePackages/checkouts/GoogleUtilities/GoogleUtilities/Reachability/GULReachabilityChecker.m normal arm64 objective-c com.apple.compilers.llvm.clang.1_0.compiler (in target 'GoogleUtilities-Reachability' from project 'GoogleUtilities')
    cd /Users/emanuelflury/github/TaxedGmbH_IOS/TaxedGmbH_IOS.xcodeproj
    
    Using response file: /Users/emanuelflury/Library/Developer/Xcode/DerivedData/TaxedGmbH_IOS-gerngfqzuwudosgobknlgtoawnlj/Build/Intermediates.noindex/GoogleUtilities.build/Debug-iphoneos/GoogleUtilities-Reachability.build/Objects-normal/arm64/e6072d4f65d7061329687fe24e3d63a7-common-args.resp
    
    /Applications/Xcode.app/Contents/Developer/Toolchains/XcodeDefault.xctoolchain/usr/bin/clang -x objective-c -ivfsstatcache /Users/emanuelflury/Library/Developer/Xcode/DerivedData/SDKStatCaches.noindex/iphoneos26.1-23B77-69b33fc7382b27d9b5d46e82a00f8e78.sdkstatcache -fmessage-length\=0 -fdiagnostics-show-note-include-stack -fmacro-backtrace-limit\=0 -fno-color-diagnostics -fmodules-prune-interval\=86400 -fmodules-prune-after\=345600 -fbuild-session-file\=/Users/emanuelflury/Library/Developer/Xcode/DerivedData/ModuleCache.noindex/Session.modulevalidation -fmodules-validate-once-per-build-session -Wnon-modular-include-in-framework-module -Werror\=non-modular-include-in-framework-module -Wno-trigraphs -Wno-missing-field-initializers -Wno-missing-prototypes -Wno-return-type -Wno-implicit-atomic-properties -Wno-objc-interface-ivars -Wno-arc-repeated-use-of-weak -Wno-missing-braces -Wparentheses -Wswitch -Wno-unused-function -Wno-unused-label -Wno-unused-parameter -Wno-unused-variable -Wunused-value -Wno-empty-body -Wno-uninitialized -Wno-unknown-pragmas -w -Wno-shadow -Wno-four-char-constants -Wno-conversion -Wno-constant-conversion -Wno-int-conversion -Wno-bool-conversion -Wno-enum-conversion -Wno-float-conversion -Wno-non-literal-null-conversion -Wno-objc-literal-conversion -Wshorten-64-to-32 -Wpointer-sign -Wno-newline-eof -Wno-selector -Wno-strict-selector-match -Wno-undeclared-selector -Wno-deprecated-implementations -Wno-implicit-fallthrough -fstrict-aliasing -Wprotocol -Wdeprecated-declarations -Wno-sign-conversion -Wno-infinite-recursion -Wno-comma -Wno-block-capture-autoreleasing -Wno-strict-prototypes -Wno-semicolon-before-method-body -index-store-path /Users/emanuelflury/Library/Developer/Xcode/DerivedData/TaxedGmbH_IOS-gerngfqzuwudosgobknlgtoawnlj/Index.noindex/DataStore @/Users/emanuelflury/Library/Developer/Xcode/DerivedData/TaxedGmbH_IOS-gerngfqzuwudosgobknlgtoawnlj/Build/Intermediates.noindex/GoogleUtilities.build/Debug-iphoneos/GoogleUtilities-Reachability.build/Objects-normal/arm64/e6072d4f65d7061329687fe24e3d63a7-common-args.resp -include /Users/emanuelflury/Library/Developer/Xcode/DerivedData/TaxedGmbH_IOS-gerngfqzuwudosgobknlgtoawnlj/Build/Intermediates.noindex/GoogleUtilities.build/Debug-iphoneos/GoogleUtilities-Reachability.build/DerivedSources/resource_bundle_accessor.h -MMD -MT dependencies -MF /Users/emanuelflury/Library/Developer/Xcode/DerivedData/TaxedGmbH_IOS-gerngfqzuwudosgobknlgtoawnlj/Build/Intermediates.noindex/GoogleUtilities.build/Debug-iphoneos/GoogleUtilities-Reachability.build/Objects-normal/arm64/GULReachabilityChecker.d --serialize-diagnostics /Users/emanuelflury/Library/Developer/Xcode/DerivedData/TaxedGmbH_IOS-gerngfqzuwudosgobknlgtoawnlj/Build/Intermediates.noindex/GoogleUtilities.build/Debug-iphoneos/GoogleUtilities-Reachability.build/Objects-normal/arm64/GULReachabilityChecker.dia -c /Users/emanuelflury/Library/Developer/Xcode/DerivedData/TaxedGmbH_IOS-gerngfqzuwudosgobknlgtoawnlj/SourcePackages/checkouts/GoogleUtilities/GoogleUtilities/Reachability/GULReachabilityChecker.m -o /Users/emanuelflury/Library/Developer/Xcode/DerivedData/TaxedGmbH_IOS-gerngfqzuwudosgobknlgtoawnlj/Build/Intermediates.noindex/GoogleUtilities.build/Debug-iphoneos/GoogleUtilities-Reachability.build/Objects-normal/arm64/GULReachabilityChecker.o -index-unit-output-path /GoogleUtilities.build/Debug-iphoneos/GoogleUtilities-Reachability.build/Objects-normal/arm64/GULReachabilityChecker.o

CompileC /Users/emanuelflury/Library/Developer/Xcode/DerivedData/TaxedGmbH_IOS-gerngfqzuwudosgobknlgtoawnlj/Build/Intermediates.noindex/GoogleUtilities.build/Debug-iphoneos/GoogleUtilities-Network.build/Objects-normal/arm64/GULNetworkURLSession.o /Users/emanuelflury/Library/Developer/Xcode/DerivedData/TaxedGmbH_IOS-gerngfqzuwudosgobknlgtoawnlj/SourcePackages/checkouts/GoogleUtilities/GoogleUtilities/Network/GULNetworkURLSession.m normal arm64 objective-c com.apple.compilers.llvm.clang.1_0.compiler (in target 'GoogleUtilities-Network' from project 'GoogleUtilities')
    cd /Users/emanuelflury/github/TaxedGmbH_IOS/TaxedGmbH_IOS.xcodeproj
    
    Using response file: /Users/emanuelflury/Library/Developer/Xcode/DerivedData/TaxedGmbH_IOS-gerngfqzuwudosgobknlgtoawnlj/Build/Intermediates.noindex/GoogleUtilities.build/Debug-iphoneos/GoogleUtilities-Network.build/Objects-normal/arm64/e6072d4f65d7061329687fe24e3d63a7-common-args.resp
    
    /Applications/Xcode.app/Contents/Developer/Toolchains/XcodeDefault.xctoolchain/usr/bin/clang -x objective-c -ivfsstatcache /Users/emanuelflury/Library/Developer/Xcode/DerivedData/SDKStatCaches.noindex/iphoneos26.1-23B77-69b33fc7382b27d9b5d46e82a00f8e78.sdkstatcache -fmessage-length\=0 -fdiagnostics-show-note-include-stack -fmacro-backtrace-limit\=0 -fno-color-diagnostics -fmodules-prune-interval\=86400 -fmodules-prune-after\=345600 -fbuild-session-file\=/Users/emanuelflury/Library/Developer/Xcode/DerivedData/ModuleCache.noindex/Session.modulevalidation -fmodules-validate-once-per-build-session -Wnon-modular-include-in-framework-module -Werror\=non-modular-include-in-framework-module -Wno-trigraphs -Wno-missing-field-initializers -Wno-missing-prototypes -Wno-return-type -Wno-implicit-atomic-properties -Wno-objc-interface-ivars -Wno-arc-repeated-use-of-weak -Wno-missing-braces -Wparentheses -Wswitch -Wno-unused-function -Wno-unused-label -Wno-unused-parameter -Wno-unused-variable -Wunused-value -Wno-empty-body -Wno-uninitialized -Wno-unknown-pragmas -w -Wno-shadow -Wno-four-char-constants -Wno-conversion -Wno-constant-conversion -Wno-int-conversion -Wno-bool-conversion -Wno-enum-conversion -Wno-float-conversion -Wno-non-literal-null-conversion -Wno-objc-literal-conversion -Wshorten-64-to-32 -Wpointer-sign -Wno-newline-eof -Wno-selector -Wno-strict-selector-match -Wno-undeclared-selector -Wno-deprecated-implementations -Wno-implicit-fallthrough -fstrict-aliasing -Wprotocol -Wdeprecated-declarations -Wno-sign-conversion -Wno-infinite-recursion -Wno-comma -Wno-block-capture-autoreleasing -Wno-strict-prototypes -Wno-semicolon-before-method-body -index-store-path /Users/emanuelflury/Library/Developer/Xcode/DerivedData/TaxedGmbH_IOS-gerngfqzuwudosgobknlgtoawnlj/Index.noindex/DataStore @/Users/emanuelflury/Library/Developer/Xcode/DerivedData/TaxedGmbH_IOS-gerngfqzuwudosgobknlgtoawnlj/Build/Intermediates.noindex/GoogleUtilities.build/Debug-iphoneos/GoogleUtilities-Network.build/Objects-normal/arm64/e6072d4f65d7061329687fe24e3d63a7-common-args.resp -include /Users/emanuelflury/Library/Developer/Xcode/DerivedData/TaxedGmbH_IOS-gerngfqzuwudosgobknlgtoawnlj/Build/Intermediates.noindex/GoogleUtilities.build/Debug-iphoneos/GoogleUtilities-Network.build/DerivedSources/resource_bundle_accessor.h -MMD -MT dependencies -MF /Users/emanuelflury/Library/Developer/Xcode/DerivedData/TaxedGmbH_IOS-gerngfqzuwudosgobknlgtoawnlj/Build/Intermediates.noindex/GoogleUtilities.build/Debug-iphoneos/GoogleUtilities-Network.build/Objects-normal/arm64/GULNetworkURLSession.d --serialize-diagnostics /Users/emanuelflury/Library/Developer/Xcode/DerivedData/TaxedGmbH_IOS-gerngfqzuwudosgobknlgtoawnlj/Build/Intermediates.noindex/GoogleUtilities.build/Debug-iphoneos/GoogleUtilities-Network.build/Objects-normal/arm64/GULNetworkURLSession.dia -c /Users/emanuelflury/Library/Developer/Xcode/DerivedData/TaxedGmbH_IOS-gerngfqzuwudosgobknlgtoawnlj/SourcePackages/checkouts/GoogleUtilities/GoogleUtilities/Network/GULNetworkURLSession.m -o /Users/emanuelflury/Library/Developer/Xcode/DerivedData/TaxedGmbH_IOS-gerngfqzuwudosgobknlgtoawnlj/Build/Intermediates.noindex/GoogleUtilities.build/Debug-iphoneos/GoogleUtilities-Network.build/Objects-normal/arm64/GULNetworkURLSession.o -index-unit-output-path /GoogleUtilities.build/Debug-iphoneos/GoogleUtilities-Network.build/Objects-normal/arm64/GULNetworkURLSession.o

CompileC /Users/emanuelflury/Library/Developer/Xcode/DerivedData/TaxedGmbH_IOS-gerngfqzuwudosgobknlgtoawnlj/Build/Intermediates.noindex/abseil.build/Debug-iphoneos/abslWrapper.build/Objects-normal/arm64/resource_bundle_accessor.o /Users/emanuelflury/Library/Developer/Xcode/DerivedData/TaxedGmbH_IOS-gerngfqzuwudosgobknlgtoawnlj/Build/Intermediates.noindex/abseil.build/Debug-iphoneos/abslWrapper.build/DerivedSources/resource_bundle_accessor.m normal arm64 objective-c com.apple.compilers.llvm.clang.1_0.compiler (in target 'abslWrapper' from project 'abseil')
    cd /Users/emanuelflury/github/TaxedGmbH_IOS/TaxedGmbH_IOS.xcodeproj
    
    Using response file: /Users/emanuelflury/Library/Developer/Xcode/DerivedData/TaxedGmbH_IOS-gerngfqzuwudosgobknlgtoawnlj/Build/Intermediates.noindex/abseil.build/Debug-iphoneos/abslWrapper.build/Objects-normal/arm64/e6072d4f65d7061329687fe24e3d63a7-common-args.resp
    
    /Applications/Xcode.app/Contents/Developer/Toolchains/XcodeDefault.xctoolchain/usr/bin/clang -x objective-c -ivfsstatcache /Users/emanuelflury/Library/Developer/Xcode/DerivedData/SDKStatCaches.noindex/iphoneos26.1-23B77-69b33fc7382b27d9b5d46e82a00f8e78.sdkstatcache -fmessage-length\=0 -fdiagnostics-show-note-include-stack -fmacro-backtrace-limit\=0 -fno-color-diagnostics -fmodules-prune-interval\=86400 -fmodules-prune-after\=345600 -fbuild-session-file\=/Users/emanuelflury/Library/Developer/Xcode/DerivedData/ModuleCache.noindex/Session.modulevalidation -fmodules-validate-once-per-build-session -Wnon-modular-include-in-framework-module -Werror\=non-modular-include-in-framework-module -Wno-trigraphs -Wno-missing-field-initializers -Wno-missing-prototypes -Wno-return-type -Wno-implicit-atomic-properties -Wno-objc-interface-ivars -Wno-arc-repeated-use-of-weak -Wno-missing-braces -Wparentheses -Wswitch -Wno-unused-function -Wno-unused-label -Wno-unused-parameter -Wno-unused-variable -Wunused-value -Wno-empty-body -Wno-uninitialized -Wno-unknown-pragmas -w -Wno-shadow -Wno-four-char-constants -Wno-conversion -Wno-constant-conversion -Wno-int-conversion -Wno-bool-conversion -Wno-enum-conversion -Wno-float-conversion -Wno-non-literal-null-conversion -Wno-objc-literal-conversion -Wshorten-64-to-32 -Wpointer-sign -Wno-newline-eof -Wno-selector -Wno-strict-selector-match -Wno-undeclared-selector -Wno-deprecated-implementations -Wno-implicit-fallthrough -fstrict-aliasing -Wprotocol -Wdeprecated-declarations -Wno-sign-conversion -Wno-infinite-recursion -Wno-comma -Wno-block-capture-autoreleasing -Wno-strict-prototypes -Wno-semicolon-before-method-body -index-store-path /Users/emanuelflury/Library/Developer/Xcode/DerivedData/TaxedGmbH_IOS-gerngfqzuwudosgobknlgtoawnlj/Index.noindex/DataStore @/Users/emanuelflury/Library/Developer/Xcode/DerivedData/TaxedGmbH_IOS-gerngfqzuwudosgobknlgtoawnlj/Build/Intermediates.noindex/abseil.build/Debug-iphoneos/abslWrapper.build/Objects-normal/arm64/e6072d4f65d7061329687fe24e3d63a7-common-args.resp -include /Users/emanuelflury/Library/Developer/Xcode/DerivedData/TaxedGmbH_IOS-gerngfqzuwudosgobknlgtoawnlj/Build/Intermediates.noindex/abseil.build/Debug-iphoneos/abslWrapper.build/DerivedSources/resource_bundle_accessor.h -MMD -MT dependencies -MF /Users/emanuelflury/Library/Developer/Xcode/DerivedData/TaxedGmbH_IOS-gerngfqzuwudosgobknlgtoawnlj/Build/Intermediates.noindex/abseil.build/Debug-iphoneos/abslWrapper.build/Objects-normal/arm64/resource_bundle_accessor.d --serialize-diagnostics /Users/emanuelflury/Library/Developer/Xcode/DerivedData/TaxedGmbH_IOS-gerngfqzuwudosgobknlgtoawnlj/Build/Intermediates.noindex/abseil.build/Debug-iphoneos/abslWrapper.build/Objects-normal/arm64/resource_bundle_accessor.dia -c /Users/emanuelflury/Library/Developer/Xcode/DerivedData/TaxedGmbH_IOS-gerngfqzuwudosgobknlgtoawnlj/Build/Intermediates.noindex/abseil.build/Debug-iphoneos/abslWrapper.build/DerivedSources/resource_bundle_accessor.m -o /Users/emanuelflury/Library/Developer/Xcode/DerivedData/TaxedGmbH_IOS-gerngfqzuwudosgobknlgtoawnlj/Build/Intermediates.noindex/abseil.build/Debug-iphoneos/abslWrapper.build/Objects-normal/arm64/resource_bundle_accessor.o -index-unit-output-path /abseil.build/Debug-iphoneos/abslWrapper.build/Objects-normal/arm64/resource_bundle_accessor.o

CompileC /Users/emanuelflury/Library/Developer/Xcode/DerivedData/TaxedGmbH_IOS-gerngfqzuwudosgobknlgtoawnlj/Build/Intermediates.noindex/abseil.build/Debug-iphoneos/abslWrapper.build/Objects-normal/arm64/empty.o /Users/emanuelflury/Library/Developer/Xcode/DerivedData/TaxedGmbH_IOS-gerngfqzuwudosgobknlgtoawnlj/SourcePackages/checkouts/abseil-cpp-binary/absl-Wrapper/empty.m normal arm64 objective-c com.apple.compilers.llvm.clang.1_0.compiler (in target 'abslWrapper' from project 'abseil')
    cd /Users/emanuelflury/github/TaxedGmbH_IOS/TaxedGmbH_IOS.xcodeproj
    
    Using response file: /Users/emanuelflury/Library/Developer/Xcode/DerivedData/TaxedGmbH_IOS-gerngfqzuwudosgobknlgtoawnlj/Build/Intermediates.noindex/abseil.build/Debug-iphoneos/abslWrapper.build/Objects-normal/arm64/e6072d4f65d7061329687fe24e3d63a7-common-args.resp
    
    /Applications/Xcode.app/Contents/Developer/Toolchains/XcodeDefault.xctoolchain/usr/bin/clang -x objective-c -ivfsstatcache /Users/emanuelflury/Library/Developer/Xcode/DerivedData/SDKStatCaches.noindex/iphoneos26.1-23B77-69b33fc7382b27d9b5d46e82a00f8e78.sdkstatcache -fmessage-length\=0 -fdiagnostics-show-note-include-stack -fmacro-backtrace-limit\=0 -fno-color-diagnostics -fmodules-prune-interval\=86400 -fmodules-prune-after\=345600 -fbuild-session-file\=/Users/emanuelflury/Library/Developer/Xcode/DerivedData/ModuleCache.noindex/Session.modulevalidation -fmodules-validate-once-per-build-session -Wnon-modular-include-in-framework-module -Werror\=non-modular-include-in-framework-module -Wno-trigraphs -Wno-missing-field-initializers -Wno-missing-prototypes -Wno-return-type -Wno-implicit-atomic-properties -Wno-objc-interface-ivars -Wno-arc-repeated-use-of-weak -Wno-missing-braces -Wparentheses -Wswitch -Wno-unused-function -Wno-unused-label -Wno-unused-parameter -Wno-unused-variable -Wunused-value -Wno-empty-body -Wno-uninitialized -Wno-unknown-pragmas -w -Wno-shadow -Wno-four-char-constants -Wno-conversion -Wno-constant-conversion -Wno-int-conversion -Wno-bool-conversion -Wno-enum-conversion -Wno-float-conversion -Wno-non-literal-null-conversion -Wno-objc-literal-conversion -Wshorten-64-to-32 -Wpointer-sign -Wno-newline-eof -Wno-selector -Wno-strict-selector-match -Wno-undeclared-selector -Wno-deprecated-implementations -Wno-implicit-fallthrough -fstrict-aliasing -Wprotocol -Wdeprecated-declarations -Wno-sign-conversion -Wno-infinite-recursion -Wno-comma -Wno-block-capture-autoreleasing -Wno-strict-prototypes -Wno-semicolon-before-method-body -index-store-path /Users/emanuelflury/Library/Developer/Xcode/DerivedData/TaxedGmbH_IOS-gerngfqzuwudosgobknlgtoawnlj/Index.noindex/DataStore @/Users/emanuelflury/Library/Developer/Xcode/DerivedData/TaxedGmbH_IOS-gerngfqzuwudosgobknlgtoawnlj/Build/Intermediates.noindex/abseil.build/Debug-iphoneos/abslWrapper.build/Objects-normal/arm64/e6072d4f65d7061329687fe24e3d63a7-common-args.resp -include /Users/emanuelflury/Library/Developer/Xcode/DerivedData/TaxedGmbH_IOS-gerngfqzuwudosgobknlgtoawnlj/Build/Intermediates.noindex/abseil.build/Debug-iphoneos/abslWrapper.build/DerivedSources/resource_bundle_accessor.h -MMD -MT dependencies -MF /Users/emanuelflury/Library/Developer/Xcode/DerivedData/TaxedGmbH_IOS-gerngfqzuwudosgobknlgtoawnlj/Build/Intermediates.noindex/abseil.build/Debug-iphoneos/abslWrapper.build/Objects-normal/arm64/empty.d --serialize-diagnostics /Users/emanuelflury/Library/Developer/Xcode/DerivedData/TaxedGmbH_IOS-gerngfqzuwudosgobknlgtoawnlj/Build/Intermediates.noindex/abseil.build/Debug-iphoneos/abslWrapper.build/Objects-normal/arm64/empty.dia -c /Users/emanuelflury/Library/Developer/Xcode/DerivedData/TaxedGmbH_IOS-gerngfqzuwudosgobknlgtoawnlj/SourcePackages/checkouts/abseil-cpp-binary/absl-Wrapper/empty.m -o /Users/emanuelflury/Library/Developer/Xcode/DerivedData/TaxedGmbH_IOS-gerngfqzuwudosgobknlgtoawnlj/Build/Intermediates.noindex/abseil.build/Debug-iphoneos/abslWrapper.build/Objects-normal/arm64/empty.o -index-unit-output-path /abseil.build/Debug-iphoneos/abslWrapper.build/Objects-normal/arm64/empty.o

CompileC /Users/emanuelflury/Library/Developer/Xcode/DerivedData/TaxedGmbH_IOS-gerngfqzuwudosgobknlgtoawnlj/Build/Intermediates.noindex/GoogleUtilities.build/Debug-iphoneos/GoogleUtilities-Network.build/Objects-normal/arm64/GULNetworkConstants.o /Users/emanuelflury/Library/Developer/Xcode/DerivedData/TaxedGmbH_IOS-gerngfqzuwudosgobknlgtoawnlj/SourcePackages/checkouts/GoogleUtilities/GoogleUtilities/Network/GULNetworkConstants.m normal arm64 objective-c com.apple.compilers.llvm.clang.1_0.compiler (in target 'GoogleUtilities-Network' from project 'GoogleUtilities')
    cd /Users/emanuelflury/github/TaxedGmbH_IOS/TaxedGmbH_IOS.xcodeproj
    
    Using response file: /Users/emanuelflury/Library/Developer/Xcode/DerivedData/TaxedGmbH_IOS-gerngfqzuwudosgobknlgtoawnlj/Build/Intermediates.noindex/GoogleUtilities.build/Debug-iphoneos/GoogleUtilities-Network.build/Objects-normal/arm64/e6072d4f65d7061329687fe24e3d63a7-common-args.resp
    
    /Applications/Xcode.app/Contents/Developer/Toolchains/XcodeDefault.xctoolchain/usr/bin/clang -x objective-c -ivfsstatcache /Users/emanuelflury/Library/Developer/Xcode/DerivedData/SDKStatCaches.noindex/iphoneos26.1-23B77-69b33fc7382b27d9b5d46e82a00f8e78.sdkstatcache -fmessage-length\=0 -fdiagnostics-show-note-include-stack -fmacro-backtrace-limit\=0 -fno-color-diagnostics -fmodules-prune-interval\=86400 -fmodules-prune-after\=345600 -fbuild-session-file\=/Users/emanuelflury/Library/Developer/Xcode/DerivedData/ModuleCache.noindex/Session.modulevalidation -fmodules-validate-once-per-build-session -Wnon-modular-include-in-framework-module -Werror\=non-modular-include-in-framework-module -Wno-trigraphs -Wno-missing-field-initializers -Wno-missing-prototypes -Wno-return-type -Wno-implicit-atomic-properties -Wno-objc-interface-ivars -Wno-arc-repeated-use-of-weak -Wno-missing-braces -Wparentheses -Wswitch -Wno-unused-function -Wno-unused-label -Wno-unused-parameter -Wno-unused-variable -Wunused-value -Wno-empty-body -Wno-uninitialized -Wno-unknown-pragmas -w -Wno-shadow -Wno-four-char-constants -Wno-conversion -Wno-constant-conversion -Wno-int-conversion -Wno-bool-conversion -Wno-enum-conversion -Wno-float-conversion -Wno-non-literal-null-conversion -Wno-objc-literal-conversion -Wshorten-64-to-32 -Wpointer-sign -Wno-newline-eof -Wno-selector -Wno-strict-selector-match -Wno-undeclared-selector -Wno-deprecated-implementations -Wno-implicit-fallthrough -fstrict-aliasing -Wprotocol -Wdeprecated-declarations -Wno-sign-conversion -Wno-infinite-recursion -Wno-comma -Wno-block-capture-autoreleasing -Wno-strict-prototypes -Wno-semicolon-before-method-body -index-store-path /Users/emanuelflury/Library/Developer/Xcode/DerivedData/TaxedGmbH_IOS-gerngfqzuwudosgobknlgtoawnlj/Index.noindex/DataStore @/Users/emanuelflury/Library/Developer/Xcode/DerivedData/TaxedGmbH_IOS-gerngfqzuwudosgobknlgtoawnlj/Build/Intermediates.noindex/GoogleUtilities.build/Debug-iphoneos/GoogleUtilities-Network.build/Objects-normal/arm64/e6072d4f65d7061329687fe24e3d63a7-common-args.resp -include /Users/emanuelflury/Library/Developer/Xcode/DerivedData/TaxedGmbH_IOS-gerngfqzuwudosgobknlgtoawnlj/Build/Intermediates.noindex/GoogleUtilities.build/Debug-iphoneos/GoogleUtilities-Network.build/DerivedSources/resource_bundle_accessor.h -MMD -MT dependencies -MF /Users/emanuelflury/Library/Developer/Xcode/DerivedData/TaxedGmbH_IOS-gerngfqzuwudosgobknlgtoawnlj/Build/Intermediates.noindex/GoogleUtilities.build/Debug-iphoneos/GoogleUtilities-Network.build/Objects-normal/arm64/GULNetworkConstants.d --serialize-diagnostics /Users/emanuelflury/Library/Developer/Xcode/DerivedData/TaxedGmbH_IOS-gerngfqzuwudosgobknlgtoawnlj/Build/Intermediates.noindex/GoogleUtilities.build/Debug-iphoneos/GoogleUtilities-Network.build/Objects-normal/arm64/GULNetworkConstants.dia -c /Users/emanuelflury/Library/Developer/Xcode/DerivedData/TaxedGmbH_IOS-gerngfqzuwudosgobknlgtoawnlj/SourcePackages/checkouts/GoogleUtilities/GoogleUtilities/Network/GULNetworkConstants.m -o /Users/emanuelflury/Library/Developer/Xcode/DerivedData/TaxedGmbH_IOS-gerngfqzuwudosgobknlgtoawnlj/Build/Intermediates.noindex/GoogleUtilities.build/Debug-iphoneos/GoogleUtilities-Network.build/Objects-normal/arm64/GULNetworkConstants.o -index-unit-output-path /GoogleUtilities.build/Debug-iphoneos/GoogleUtilities-Network.build/Objects-normal/arm64/GULNetworkConstants.o

CompileC /Users/emanuelflury/Library/Developer/Xcode/DerivedData/TaxedGmbH_IOS-gerngfqzuwudosgobknlgtoawnlj/Build/Intermediates.noindex/GoogleUtilities.build/Debug-iphoneos/GoogleUtilities-Network.build/Objects-normal/arm64/GULNetwork.o /Users/emanuelflury/Library/Developer/Xcode/DerivedData/TaxedGmbH_IOS-gerngfqzuwudosgobknlgtoawnlj/SourcePackages/checkouts/GoogleUtilities/GoogleUtilities/Network/GULNetwork.m normal arm64 objective-c com.apple.compilers.llvm.clang.1_0.compiler (in target 'GoogleUtilities-Network' from project 'GoogleUtilities')
    cd /Users/emanuelflury/github/TaxedGmbH_IOS/TaxedGmbH_IOS.xcodeproj
    
    Using response file: /Users/emanuelflury/Library/Developer/Xcode/DerivedData/TaxedGmbH_IOS-gerngfqzuwudosgobknlgtoawnlj/Build/Intermediates.noindex/GoogleUtilities.build/Debug-iphoneos/GoogleUtilities-Network.build/Objects-normal/arm64/e6072d4f65d7061329687fe24e3d63a7-common-args.resp
    
    /Applications/Xcode.app/Contents/Developer/Toolchains/XcodeDefault.xctoolchain/usr/bin/clang -x objective-c -ivfsstatcache /Users/emanuelflury/Library/Developer/Xcode/DerivedData/SDKStatCaches.noindex/iphoneos26.1-23B77-69b33fc7382b27d9b5d46e82a00f8e78.sdkstatcache -fmessage-length\=0 -fdiagnostics-show-note-include-stack -fmacro-backtrace-limit\=0 -fno-color-diagnostics -fmodules-prune-interval\=86400 -fmodules-prune-after\=345600 -fbuild-session-file\=/Users/emanuelflury/Library/Developer/Xcode/DerivedData/ModuleCache.noindex/Session.modulevalidation -fmodules-validate-once-per-build-session -Wnon-modular-include-in-framework-module -Werror\=non-modular-include-in-framework-module -Wno-trigraphs -Wno-missing-field-initializers -Wno-missing-prototypes -Wno-return-type -Wno-implicit-atomic-properties -Wno-objc-interface-ivars -Wno-arc-repeated-use-of-weak -Wno-missing-braces -Wparentheses -Wswitch -Wno-unused-function -Wno-unused-label -Wno-unused-parameter -Wno-unused-variable -Wunused-value -Wno-empty-body -Wno-uninitialized -Wno-unknown-pragmas -w -Wno-shadow -Wno-four-char-constants -Wno-conversion -Wno-constant-conversion -Wno-int-conversion -Wno-bool-conversion -Wno-enum-conversion -Wno-float-conversion -Wno-non-literal-null-conversion -Wno-objc-literal-conversion -Wshorten-64-to-32 -Wpointer-sign -Wno-newline-eof -Wno-selector -Wno-strict-selector-match -Wno-undeclared-selector -Wno-deprecated-implementations -Wno-implicit-fallthrough -fstrict-aliasing -Wprotocol -Wdeprecated-declarations -Wno-sign-conversion -Wno-infinite-recursion -Wno-comma -Wno-block-capture-autoreleasing -Wno-strict-prototypes -Wno-semicolon-before-method-body -index-store-path /Users/emanuelflury/Library/Developer/Xcode/DerivedData/TaxedGmbH_IOS-gerngfqzuwudosgobknlgtoawnlj/Index.noindex/DataStore @/Users/emanuelflury/Library/Developer/Xcode/DerivedData/TaxedGmbH_IOS-gerngfqzuwudosgobknlgtoawnlj/Build/Intermediates.noindex/GoogleUtilities.build/Debug-iphoneos/GoogleUtilities-Network.build/Objects-normal/arm64/e6072d4f65d7061329687fe24e3d63a7-common-args.resp -include /Users/emanuelflury/Library/Developer/Xcode/DerivedData/TaxedGmbH_IOS-gerngfqzuwudosgobknlgtoawnlj/Build/Intermediates.noindex/GoogleUtilities.build/Debug-iphoneos/GoogleUtilities-Network.build/DerivedSources/resource_bundle_accessor.h -MMD -MT dependencies -MF /Users/emanuelflury/Library/Developer/Xcode/DerivedData/TaxedGmbH_IOS-gerngfqzuwudosgobknlgtoawnlj/Build/Intermediates.noindex/GoogleUtilities.build/Debug-iphoneos/GoogleUtilities-Network.build/Objects-normal/arm64/GULNetwork.d --serialize-diagnostics /Users/emanuelflury/Library/Developer/Xcode/DerivedData/TaxedGmbH_IOS-gerngfqzuwudosgobknlgtoawnlj/Build/Intermediates.noindex/GoogleUtilities.build/Debug-iphoneos/GoogleUtilities-Network.build/Objects-normal/arm64/GULNetwork.dia -c /Users/emanuelflury/Library/Developer/Xcode/DerivedData/TaxedGmbH_IOS-gerngfqzuwudosgobknlgtoawnlj/SourcePackages/checkouts/GoogleUtilities/GoogleUtilities/Network/GULNetwork.m -o /Users/emanuelflury/Library/Developer/Xcode/DerivedData/TaxedGmbH_IOS-gerngfqzuwudosgobknlgtoawnlj/Build/Intermediates.noindex/GoogleUtilities.build/Debug-iphoneos/GoogleUtilities-Network.build/Objects-normal/arm64/GULNetwork.o -index-unit-output-path /GoogleUtilities.build/Debug-iphoneos/GoogleUtilities-Network.build/Objects-normal/arm64/GULNetwork.o

CompileC /Users/emanuelflury/Library/Developer/Xcode/DerivedData/TaxedGmbH_IOS-gerngfqzuwudosgobknlgtoawnlj/Build/Intermediates.noindex/GoogleUtilities.build/Debug-iphoneos/GoogleUtilities-MethodSwizzler.build/Objects-normal/arm64/GULSwizzler.o /Users/emanuelflury/Library/Developer/Xcode/DerivedData/TaxedGmbH_IOS-gerngfqzuwudosgobknlgtoawnlj/SourcePackages/checkouts/GoogleUtilities/GoogleUtilities/MethodSwizzler/GULSwizzler.m normal arm64 objective-c com.apple.compilers.llvm.clang.1_0.compiler (in target 'GoogleUtilities-MethodSwizzler' from project 'GoogleUtilities')
    cd /Users/emanuelflury/github/TaxedGmbH_IOS/TaxedGmbH_IOS.xcodeproj
    
    Using response file: /Users/emanuelflury/Library/Developer/Xcode/DerivedData/TaxedGmbH_IOS-gerngfqzuwudosgobknlgtoawnlj/Build/Intermediates.noindex/GoogleUtilities.build/Debug-iphoneos/GoogleUtilities-MethodSwizzler.build/Objects-normal/arm64/e6072d4f65d7061329687fe24e3d63a7-common-args.resp
    
    /Applications/Xcode.app/Contents/Developer/Toolchains/XcodeDefault.xctoolchain/usr/bin/clang -x objective-c -ivfsstatcache /Users/emanuelflury/Library/Developer/Xcode/DerivedData/SDKStatCaches.noindex/iphoneos26.1-23B77-69b33fc7382b27d9b5d46e82a00f8e78.sdkstatcache -fmessage-length\=0 -fdiagnostics-show-note-include-stack -fmacro-backtrace-limit\=0 -fno-color-diagnostics -fmodules-prune-interval\=86400 -fmodules-prune-after\=345600 -fbuild-session-file\=/Users/emanuelflury/Library/Developer/Xcode/DerivedData/ModuleCache.noindex/Session.modulevalidation -fmodules-validate-once-per-build-session -Wnon-modular-include-in-framework-module -Werror\=non-modular-include-in-framework-module -Wno-trigraphs -Wno-missing-field-initializers -Wno-missing-prototypes -Wno-return-type -Wno-implicit-atomic-properties -Wno-objc-interface-ivars -Wno-arc-repeated-use-of-weak -Wno-missing-braces -Wparentheses -Wswitch -Wno-unused-function -Wno-unused-label -Wno-unused-parameter -Wno-unused-variable -Wunused-value -Wno-empty-body -Wno-uninitialized -Wno-unknown-pragmas -w -Wno-shadow -Wno-four-char-constants -Wno-conversion -Wno-constant-conversion -Wno-int-conversion -Wno-bool-conversion -Wno-enum-conversion -Wno-float-conversion -Wno-non-literal-null-conversion -Wno-objc-literal-conversion -Wshorten-64-to-32 -Wpointer-sign -Wno-newline-eof -Wno-selector -Wno-strict-selector-match -Wno-undeclared-selector -Wno-deprecated-implementations -Wno-implicit-fallthrough -fstrict-aliasing -Wprotocol -Wdeprecated-declarations -Wno-sign-conversion -Wno-infinite-recursion -Wno-comma -Wno-block-capture-autoreleasing -Wno-strict-prototypes -Wno-semicolon-before-method-body -index-store-path /Users/emanuelflury/Library/Developer/Xcode/DerivedData/TaxedGmbH_IOS-gerngfqzuwudosgobknlgtoawnlj/Index.noindex/DataStore @/Users/emanuelflury/Library/Developer/Xcode/DerivedData/TaxedGmbH_IOS-gerngfqzuwudosgobknlgtoawnlj/Build/Intermediates.noindex/GoogleUtilities.build/Debug-iphoneos/GoogleUtilities-MethodSwizzler.build/Objects-normal/arm64/e6072d4f65d7061329687fe24e3d63a7-common-args.resp -include /Users/emanuelflury/Library/Developer/Xcode/DerivedData/TaxedGmbH_IOS-gerngfqzuwudosgobknlgtoawnlj/Build/Intermediates.noindex/GoogleUtilities.build/Debug-iphoneos/GoogleUtilities-MethodSwizzler.build/DerivedSources/resource_bundle_accessor.h -MMD -MT dependencies -MF /Users/emanuelflury/Library/Developer/Xcode/DerivedData/TaxedGmbH_IOS-gerngfqzuwudosgobknlgtoawnlj/Build/Intermediates.noindex/GoogleUtilities.build/Debug-iphoneos/GoogleUtilities-MethodSwizzler.build/Objects-normal/arm64/GULSwizzler.d --serialize-diagnostics /Users/emanuelflury/Library/Developer/Xcode/DerivedData/TaxedGmbH_IOS-gerngfqzuwudosgobknlgtoawnlj/Build/Intermediates.noindex/GoogleUtilities.build/Debug-iphoneos/GoogleUtilities-MethodSwizzler.build/Objects-normal/arm64/GULSwizzler.dia -c /Users/emanuelflury/Library/Developer/Xcode/DerivedData/TaxedGmbH_IOS-gerngfqzuwudosgobknlgtoawnlj/SourcePackages/checkouts/GoogleUtilities/GoogleUtilities/MethodSwizzler/GULSwizzler.m -o /Users/emanuelflury/Library/Developer/Xcode/DerivedData/TaxedGmbH_IOS-gerngfqzuwudosgobknlgtoawnlj/Build/Intermediates.noindex/GoogleUtilities.build/Debug-iphoneos/GoogleUtilities-MethodSwizzler.build/Objects-normal/arm64/GULSwizzler.o -index-unit-output-path /GoogleUtilities.build/Debug-iphoneos/GoogleUtilities-MethodSwizzler.build/Objects-normal/arm64/GULSwizzler.o

CompileC /Users/emanuelflury/Library/Developer/Xcode/DerivedData/TaxedGmbH_IOS-gerngfqzuwudosgobknlgtoawnlj/Build/Intermediates.noindex/GoogleUtilities.build/Debug-iphoneos/GoogleUtilities-Environment.build/Objects-normal/arm64/GULNetworkInfo.o /Users/emanuelflury/Library/Developer/Xcode/DerivedData/TaxedGmbH_IOS-gerngfqzuwudosgobknlgtoawnlj/SourcePackages/checkouts/GoogleUtilities/GoogleUtilities/Environment/NetworkInfo/GULNetworkInfo.m normal arm64 objective-c com.apple.compilers.llvm.clang.1_0.compiler (in target 'GoogleUtilities-Environment' from project 'GoogleUtilities')
    cd /Users/emanuelflury/github/TaxedGmbH_IOS/TaxedGmbH_IOS.xcodeproj
    
    Using response file: /Users/emanuelflury/Library/Developer/Xcode/DerivedData/TaxedGmbH_IOS-gerngfqzuwudosgobknlgtoawnlj/Build/Intermediates.noindex/GoogleUtilities.build/Debug-iphoneos/GoogleUtilities-Environment.build/Objects-normal/arm64/e6072d4f65d7061329687fe24e3d63a7-common-args.resp
    
    /Applications/Xcode.app/Contents/Developer/Toolchains/XcodeDefault.xctoolchain/usr/bin/clang -x objective-c -ivfsstatcache /Users/emanuelflury/Library/Developer/Xcode/DerivedData/SDKStatCaches.noindex/iphoneos26.1-23B77-69b33fc7382b27d9b5d46e82a00f8e78.sdkstatcache -fmessage-length\=0 -fdiagnostics-show-note-include-stack -fmacro-backtrace-limit\=0 -fno-color-diagnostics -fmodules-prune-interval\=86400 -fmodules-prune-after\=345600 -fbuild-session-file\=/Users/emanuelflury/Library/Developer/Xcode/DerivedData/ModuleCache.noindex/Session.modulevalidation -fmodules-validate-once-per-build-session -Wnon-modular-include-in-framework-module -Werror\=non-modular-include-in-framework-module -Wno-trigraphs -Wno-missing-field-initializers -Wno-missing-prototypes -Wno-return-type -Wno-implicit-atomic-properties -Wno-objc-interface-ivars -Wno-arc-repeated-use-of-weak -Wno-missing-braces -Wparentheses -Wswitch -Wno-unused-function -Wno-unused-label -Wno-unused-parameter -Wno-unused-variable -Wunused-value -Wno-empty-body -Wno-uninitialized -Wno-unknown-pragmas -w -Wno-shadow -Wno-four-char-constants -Wno-conversion -Wno-constant-conversion -Wno-int-conversion -Wno-bool-conversion -Wno-enum-conversion -Wno-float-conversion -Wno-non-literal-null-conversion -Wno-objc-literal-conversion -Wshorten-64-to-32 -Wpointer-sign -Wno-newline-eof -Wno-selector -Wno-strict-selector-match -Wno-undeclared-selector -Wno-deprecated-implementations -Wno-implicit-fallthrough -fstrict-aliasing -Wprotocol -Wdeprecated-declarations -Wno-sign-conversion -Wno-infinite-recursion -Wno-comma -Wno-block-capture-autoreleasing -Wno-strict-prototypes -Wno-semicolon-before-method-body -index-store-path /Users/emanuelflury/Library/Developer/Xcode/DerivedData/TaxedGmbH_IOS-gerngfqzuwudosgobknlgtoawnlj/Index.noindex/DataStore @/Users/emanuelflury/Library/Developer/Xcode/DerivedData/TaxedGmbH_IOS-gerngfqzuwudosgobknlgtoawnlj/Build/Intermediates.noindex/GoogleUtilities.build/Debug-iphoneos/GoogleUtilities-Environment.build/Objects-normal/arm64/e6072d4f65d7061329687fe24e3d63a7-common-args.resp -include /Users/emanuelflury/Library/Developer/Xcode/DerivedData/TaxedGmbH_IOS-gerngfqzuwudosgobknlgtoawnlj/Build/Intermediates.noindex/GoogleUtilities.build/Debug-iphoneos/GoogleUtilities-Environment.build/DerivedSources/resource_bundle_accessor.h -MMD -MT dependencies -MF /Users/emanuelflury/Library/Developer/Xcode/DerivedData/TaxedGmbH_IOS-gerngfqzuwudosgobknlgtoawnlj/Build/Intermediates.noindex/GoogleUtilities.build/Debug-iphoneos/GoogleUtilities-Environment.build/Objects-normal/arm64/GULNetworkInfo.d --serialize-diagnostics /Users/emanuelflury/Library/Developer/Xcode/DerivedData/TaxedGmbH_IOS-gerngfqzuwudosgobknlgtoawnlj/Build/Intermediates.noindex/GoogleUtilities.build/Debug-iphoneos/GoogleUtilities-Environment.build/Objects-normal/arm64/GULNetworkInfo.dia -c /Users/emanuelflury/Library/Developer/Xcode/DerivedData/TaxedGmbH_IOS-gerngfqzuwudosgobknlgtoawnlj/SourcePackages/checkouts/GoogleUtilities/GoogleUtilities/Environment/NetworkInfo/GULNetworkInfo.m -o /Users/emanuelflury/Library/Developer/Xcode/DerivedData/TaxedGmbH_IOS-gerngfqzuwudosgobknlgtoawnlj/Build/Intermediates.noindex/GoogleUtilities.build/Debug-iphoneos/GoogleUtilities-Environment.build/Objects-normal/arm64/GULNetworkInfo.o -index-unit-output-path /GoogleUtilities.build/Debug-iphoneos/GoogleUtilities-Environment.build/Objects-normal/arm64/GULNetworkInfo.o

Ld /Users/emanuelflury/Library/Developer/Xcode/DerivedData/TaxedGmbH_IOS-gerngfqzuwudosgobknlgtoawnlj/Build/Products/Debug-iphoneos/abslWrapper.o normal (in target 'abslWrapper' from project 'abseil')
    cd /Users/emanuelflury/Library/Developer/Xcode/DerivedData/TaxedGmbH_IOS-gerngfqzuwudosgobknlgtoawnlj/SourcePackages/checkouts/abseil-cpp-binary
    /Applications/Xcode.app/Contents/Developer/Toolchains/XcodeDefault.xctoolchain/usr/bin/clang -Xlinker -reproducible -target arm64-apple-ios12.0 -r -isysroot /Applications/Xcode.app/Contents/Developer/Platforms/iPhoneOS.platform/Developer/SDKs/iPhoneOS26.1.sdk -O0 -w -L/Users/emanuelflury/Library/Developer/Xcode/DerivedData/TaxedGmbH_IOS-gerngfqzuwudosgobknlgtoawnlj/Build/Intermediates.noindex/EagerLinkingTBDs/Debug-iphoneos -L/Users/emanuelflury/Library/Developer/Xcode/DerivedData/TaxedGmbH_IOS-gerngfqzuwudosgobknlgtoawnlj/Build/Products/Debug-iphoneos -L/Applications/Xcode.app/Contents/Developer/Platforms/iPhoneOS.platform/Developer/usr/lib -F/Users/emanuelflury/Library/Developer/Xcode/DerivedData/TaxedGmbH_IOS-gerngfqzuwudosgobknlgtoawnlj/Build/Intermediates.noindex/EagerLinkingTBDs/Debug-iphoneos -F/Users/emanuelflury/Library/Developer/Xcode/DerivedData/TaxedGmbH_IOS-gerngfqzuwudosgobknlgtoawnlj/Build/Products/Debug-iphoneos -iframework /Applications/Xcode.app/Contents/Developer/Platforms/iPhoneOS.platform/Developer/Library/Frameworks -iframework /Applications/Xcode.app/Contents/Developer/Platforms/iPhoneOS.platform/Developer/SDKs/iPhoneOS26.1.sdk/Developer/Library/Frameworks -filelist /Users/emanuelflury/Library/Developer/Xcode/DerivedData/TaxedGmbH_IOS-gerngfqzuwudosgobknlgtoawnlj/Build/Intermediates.noindex/abseil.build/Debug-iphoneos/abslWrapper.build/Objects-normal/arm64/abslWrapper.LinkFileList -nostdlib -Xlinker -object_path_lto -Xlinker /Users/emanuelflury/Library/Developer/Xcode/DerivedData/TaxedGmbH_IOS-gerngfqzuwudosgobknlgtoawnlj/Build/Intermediates.noindex/abseil.build/Debug-iphoneos/abslWrapper.build/Objects-normal/arm64/abslWrapper_lto.o -rdynamic -Xlinker -no_deduplicate -Xlinker -debug_variant -Xlinker -dependency_info -Xlinker /Users/emanuelflury/Library/Developer/Xcode/DerivedData/TaxedGmbH_IOS-gerngfqzuwudosgobknlgtoawnlj/Build/Intermediates.noindex/abseil.build/Debug-iphoneos/abslWrapper.build/Objects-normal/arm64/abslWrapper_dependency_info.dat -fobjc-arc -fobjc-link-runtime -o /Users/emanuelflury/Library/Developer/Xcode/DerivedData/TaxedGmbH_IOS-gerngfqzuwudosgobknlgtoawnlj/Build/Products/Debug-iphoneos/abslWrapper.o

CompileC /Users/emanuelflury/Library/Developer/Xcode/DerivedData/TaxedGmbH_IOS-gerngfqzuwudosgobknlgtoawnlj/Build/Intermediates.noindex/GTMSessionFetcher.build/Debug-iphoneos/GTMSessionFetcherCore.build/Objects-normal/arm64/resource_bundle_accessor.o /Users/emanuelflury/Library/Developer/Xcode/DerivedData/TaxedGmbH_IOS-gerngfqzuwudosgobknlgtoawnlj/Build/Intermediates.noindex/GTMSessionFetcher.build/Debug-iphoneos/GTMSessionFetcherCore.build/DerivedSources/resource_bundle_accessor.m normal arm64 objective-c com.apple.compilers.llvm.clang.1_0.compiler (in target 'GTMSessionFetcherCore' from project 'GTMSessionFetcher')
    cd /Users/emanuelflury/github/TaxedGmbH_IOS/TaxedGmbH_IOS.xcodeproj
    
    Using response file: /Users/emanuelflury/Library/Developer/Xcode/DerivedData/TaxedGmbH_IOS-gerngfqzuwudosgobknlgtoawnlj/Build/Intermediates.noindex/GTMSessionFetcher.build/Debug-iphoneos/GTMSessionFetcherCore.build/Objects-normal/arm64/e6072d4f65d7061329687fe24e3d63a7-common-args.resp
    
    /Applications/Xcode.app/Contents/Developer/Toolchains/XcodeDefault.xctoolchain/usr/bin/clang -x objective-c -ivfsstatcache /Users/emanuelflury/Library/Developer/Xcode/DerivedData/SDKStatCaches.noindex/iphoneos26.1-23B77-69b33fc7382b27d9b5d46e82a00f8e78.sdkstatcache -fmessage-length\=0 -fdiagnostics-show-note-include-stack -fmacro-backtrace-limit\=0 -fno-color-diagnostics -fmodules-prune-interval\=86400 -fmodules-prune-after\=345600 -fbuild-session-file\=/Users/emanuelflury/Library/Developer/Xcode/DerivedData/ModuleCache.noindex/Session.modulevalidation -fmodules-validate-once-per-build-session -Wnon-modular-include-in-framework-module -Werror\=non-modular-include-in-framework-module -Wno-trigraphs -Wno-missing-field-initializers -Wno-missing-prototypes -Wno-return-type -Wno-implicit-atomic-properties -Wno-objc-interface-ivars -Wno-arc-repeated-use-of-weak -Wno-missing-braces -Wparentheses -Wswitch -Wno-unused-function -Wno-unused-label -Wno-unused-parameter -Wno-unused-variable -Wunused-value -Wno-empty-body -Wno-uninitialized -Wno-unknown-pragmas -w -Wno-shadow -Wno-four-char-constants -Wno-conversion -Wno-constant-conversion -Wno-int-conversion -Wno-bool-conversion -Wno-enum-conversion -Wno-float-conversion -Wno-non-literal-null-conversion -Wno-objc-literal-conversion -Wshorten-64-to-32 -Wpointer-sign -Wno-newline-eof -Wno-selector -Wno-strict-selector-match -Wno-undeclared-selector -Wno-deprecated-implementations -Wno-implicit-fallthrough -fstrict-aliasing -Wprotocol -Wdeprecated-declarations -Wno-sign-conversion -Wno-infinite-recursion -Wno-comma -Wno-block-capture-autoreleasing -Wno-strict-prototypes -Wno-semicolon-before-method-body -index-store-path /Users/emanuelflury/Library/Developer/Xcode/DerivedData/TaxedGmbH_IOS-gerngfqzuwudosgobknlgtoawnlj/Index.noindex/DataStore @/Users/emanuelflury/Library/Developer/Xcode/DerivedData/TaxedGmbH_IOS-gerngfqzuwudosgobknlgtoawnlj/Build/Intermediates.noindex/GTMSessionFetcher.build/Debug-iphoneos/GTMSessionFetcherCore.build/Objects-normal/arm64/e6072d4f65d7061329687fe24e3d63a7-common-args.resp -include /Users/emanuelflury/Library/Developer/Xcode/DerivedData/TaxedGmbH_IOS-gerngfqzuwudosgobknlgtoawnlj/Build/Intermediates.noindex/GTMSessionFetcher.build/Debug-iphoneos/GTMSessionFetcherCore.build/DerivedSources/resource_bundle_accessor.h -MMD -MT dependencies -MF /Users/emanuelflury/Library/Developer/Xcode/DerivedData/TaxedGmbH_IOS-gerngfqzuwudosgobknlgtoawnlj/Build/Intermediates.noindex/GTMSessionFetcher.build/Debug-iphoneos/GTMSessionFetcherCore.build/Objects-normal/arm64/resource_bundle_accessor.d --serialize-diagnostics /Users/emanuelflury/Library/Developer/Xcode/DerivedData/TaxedGmbH_IOS-gerngfqzuwudosgobknlgtoawnlj/Build/Intermediates.noindex/GTMSessionFetcher.build/Debug-iphoneos/GTMSessionFetcherCore.build/Objects-normal/arm64/resource_bundle_accessor.dia -c /Users/emanuelflury/Library/Developer/Xcode/DerivedData/TaxedGmbH_IOS-gerngfqzuwudosgobknlgtoawnlj/Build/Intermediates.noindex/GTMSessionFetcher.build/Debug-iphoneos/GTMSessionFetcherCore.build/DerivedSources/resource_bundle_accessor.m -o /Users/emanuelflury/Library/Developer/Xcode/DerivedData/TaxedGmbH_IOS-gerngfqzuwudosgobknlgtoawnlj/Build/Intermediates.noindex/GTMSessionFetcher.build/Debug-iphoneos/GTMSessionFetcherCore.build/Objects-normal/arm64/resource_bundle_accessor.o -index-unit-output-path /GTMSessionFetcher.build/Debug-iphoneos/GTMSessionFetcherCore.build/Objects-normal/arm64/resource_bundle_accessor.o

CompileC /Users/emanuelflury/Library/Developer/Xcode/DerivedData/TaxedGmbH_IOS-gerngfqzuwudosgobknlgtoawnlj/Build/Intermediates.noindex/Promises.build/Debug-iphoneos/FBLPromises.build/Objects-normal/arm64/resource_bundle_accessor.o /Users/emanuelflury/Library/Developer/Xcode/DerivedData/TaxedGmbH_IOS-gerngfqzuwudosgobknlgtoawnlj/Build/Intermediates.noindex/Promises.build/Debug-iphoneos/FBLPromises.build/DerivedSources/resource_bundle_accessor.m normal arm64 objective-c com.apple.compilers.llvm.clang.1_0.compiler (in target 'FBLPromises' from project 'Promises')
    cd /Users/emanuelflury/github/TaxedGmbH_IOS/TaxedGmbH_IOS.xcodeproj
    
    Using response file: /Users/emanuelflury/Library/Developer/Xcode/DerivedData/TaxedGmbH_IOS-gerngfqzuwudosgobknlgtoawnlj/Build/Intermediates.noindex/Promises.build/Debug-iphoneos/FBLPromises.build/Objects-normal/arm64/e6072d4f65d7061329687fe24e3d63a7-common-args.resp
    
    /Applications/Xcode.app/Contents/Developer/Toolchains/XcodeDefault.xctoolchain/usr/bin/clang -x objective-c -ivfsstatcache /Users/emanuelflury/Library/Developer/Xcode/DerivedData/SDKStatCaches.noindex/iphoneos26.1-23B77-69b33fc7382b27d9b5d46e82a00f8e78.sdkstatcache -fmessage-length\=0 -fdiagnostics-show-note-include-stack -fmacro-backtrace-limit\=0 -fno-color-diagnostics -fmodules-prune-interval\=86400 -fmodules-prune-after\=345600 -fbuild-session-file\=/Users/emanuelflury/Library/Developer/Xcode/DerivedData/ModuleCache.noindex/Session.modulevalidation -fmodules-validate-once-per-build-session -Wnon-modular-include-in-framework-module -Werror\=non-modular-include-in-framework-module -Wno-trigraphs -Wno-missing-field-initializers -Wno-missing-prototypes -Wno-return-type -Wno-implicit-atomic-properties -Wno-objc-interface-ivars -Wno-arc-repeated-use-of-weak -Wno-missing-braces -Wparentheses -Wswitch -Wno-unused-function -Wno-unused-label -Wno-unused-parameter -Wno-unused-variable -Wunused-value -Wno-empty-body -Wno-uninitialized -Wno-unknown-pragmas -w -Wno-shadow -Wno-four-char-constants -Wno-conversion -Wno-constant-conversion -Wno-int-conversion -Wno-bool-conversion -Wno-enum-conversion -Wno-float-conversion -Wno-non-literal-null-conversion -Wno-objc-literal-conversion -Wshorten-64-to-32 -Wpointer-sign -Wno-newline-eof -Wno-selector -Wno-strict-selector-match -Wno-undeclared-selector -Wno-deprecated-implementations -Wno-implicit-fallthrough -fstrict-aliasing -Wprotocol -Wdeprecated-declarations -Wno-sign-conversion -Wno-infinite-recursion -Wno-comma -Wno-block-capture-autoreleasing -Wno-strict-prototypes -Wno-semicolon-before-method-body -index-store-path /Users/emanuelflury/Library/Developer/Xcode/DerivedData/TaxedGmbH_IOS-gerngfqzuwudosgobknlgtoawnlj/Index.noindex/DataStore @/Users/emanuelflury/Library/Developer/Xcode/DerivedData/TaxedGmbH_IOS-gerngfqzuwudosgobknlgtoawnlj/Build/Intermediates.noindex/Promises.build/Debug-iphoneos/FBLPromises.build/Objects-normal/arm64/e6072d4f65d7061329687fe24e3d63a7-common-args.resp -include /Users/emanuelflury/Library/Developer/Xcode/DerivedData/TaxedGmbH_IOS-gerngfqzuwudosgobknlgtoawnlj/Build/Intermediates.noindex/Promises.build/Debug-iphoneos/FBLPromises.build/DerivedSources/resource_bundle_accessor.h -MMD -MT dependencies -MF /Users/emanuelflury/Library/Developer/Xcode/DerivedData/TaxedGmbH_IOS-gerngfqzuwudosgobknlgtoawnlj/Build/Intermediates.noindex/Promises.build/Debug-iphoneos/FBLPromises.build/Objects-normal/arm64/resource_bundle_accessor.d --serialize-diagnostics /Users/emanuelflury/Library/Developer/Xcode/DerivedData/TaxedGmbH_IOS-gerngfqzuwudosgobknlgtoawnlj/Build/Intermediates.noindex/Promises.build/Debug-iphoneos/FBLPromises.build/Objects-normal/arm64/resource_bundle_accessor.dia -c /Users/emanuelflury/Library/Developer/Xcode/DerivedData/TaxedGmbH_IOS-gerngfqzuwudosgobknlgtoawnlj/Build/Intermediates.noindex/Promises.build/Debug-iphoneos/FBLPromises.build/DerivedSources/resource_bundle_accessor.m -o /Users/emanuelflury/Library/Developer/Xcode/DerivedData/TaxedGmbH_IOS-gerngfqzuwudosgobknlgtoawnlj/Build/Intermediates.noindex/Promises.build/Debug-iphoneos/FBLPromises.build/Objects-normal/arm64/resource_bundle_accessor.o -index-unit-output-path /Promises.build/Debug-iphoneos/FBLPromises.build/Objects-normal/arm64/resource_bundle_accessor.o

CompileC /Users/emanuelflury/Library/Developer/Xcode/DerivedData/TaxedGmbH_IOS-gerngfqzuwudosgobknlgtoawnlj/Build/Intermediates.noindex/Promises.build/Debug-iphoneos/FBLPromises.build/Objects-normal/arm64/FBLPromiseError.o /Users/emanuelflury/Library/Developer/Xcode/DerivedData/TaxedGmbH_IOS-gerngfqzuwudosgobknlgtoawnlj/SourcePackages/checkouts/promises/Sources/FBLPromises/FBLPromiseError.m normal arm64 objective-c com.apple.compilers.llvm.clang.1_0.compiler (in target 'FBLPromises' from project 'Promises')
    cd /Users/emanuelflury/github/TaxedGmbH_IOS/TaxedGmbH_IOS.xcodeproj
    
    Using response file: /Users/emanuelflury/Library/Developer/Xcode/DerivedData/TaxedGmbH_IOS-gerngfqzuwudosgobknlgtoawnlj/Build/Intermediates.noindex/Promises.build/Debug-iphoneos/FBLPromises.build/Objects-normal/arm64/e6072d4f65d7061329687fe24e3d63a7-common-args.resp
    
    /Applications/Xcode.app/Contents/Developer/Toolchains/XcodeDefault.xctoolchain/usr/bin/clang -x objective-c -ivfsstatcache /Users/emanuelflury/Library/Developer/Xcode/DerivedData/SDKStatCaches.noindex/iphoneos26.1-23B77-69b33fc7382b27d9b5d46e82a00f8e78.sdkstatcache -fmessage-length\=0 -fdiagnostics-show-note-include-stack -fmacro-backtrace-limit\=0 -fno-color-diagnostics -fmodules-prune-interval\=86400 -fmodules-prune-after\=345600 -fbuild-session-file\=/Users/emanuelflury/Library/Developer/Xcode/DerivedData/ModuleCache.noindex/Session.modulevalidation -fmodules-validate-once-per-build-session -Wnon-modular-include-in-framework-module -Werror\=non-modular-include-in-framework-module -Wno-trigraphs -Wno-missing-field-initializers -Wno-missing-prototypes -Wno-return-type -Wno-implicit-atomic-properties -Wno-objc-interface-ivars -Wno-arc-repeated-use-of-weak -Wno-missing-braces -Wparentheses -Wswitch -Wno-unused-function -Wno-unused-label -Wno-unused-parameter -Wno-unused-variable -Wunused-value -Wno-empty-body -Wno-uninitialized -Wno-unknown-pragmas -w -Wno-shadow -Wno-four-char-constants -Wno-conversion -Wno-constant-conversion -Wno-int-conversion -Wno-bool-conversion -Wno-enum-conversion -Wno-float-conversion -Wno-non-literal-null-conversion -Wno-objc-literal-conversion -Wshorten-64-to-32 -Wpointer-sign -Wno-newline-eof -Wno-selector -Wno-strict-selector-match -Wno-undeclared-selector -Wno-deprecated-implementations -Wno-implicit-fallthrough -fstrict-aliasing -Wprotocol -Wdeprecated-declarations -Wno-sign-conversion -Wno-infinite-recursion -Wno-comma -Wno-block-capture-autoreleasing -Wno-strict-prototypes -Wno-semicolon-before-method-body -index-store-path /Users/emanuelflury/Library/Developer/Xcode/DerivedData/TaxedGmbH_IOS-gerngfqzuwudosgobknlgtoawnlj/Index.noindex/DataStore @/Users/emanuelflury/Library/Developer/Xcode/DerivedData/TaxedGmbH_IOS-gerngfqzuwudosgobknlgtoawnlj/Build/Intermediates.noindex/Promises.build/Debug-iphoneos/FBLPromises.build/Objects-normal/arm64/e6072d4f65d7061329687fe24e3d63a7-common-args.resp -include /Users/emanuelflury/Library/Developer/Xcode/DerivedData/TaxedGmbH_IOS-gerngfqzuwudosgobknlgtoawnlj/Build/Intermediates.noindex/Promises.build/Debug-iphoneos/FBLPromises.build/DerivedSources/resource_bundle_accessor.h -MMD -MT dependencies -MF /Users/emanuelflury/Library/Developer/Xcode/DerivedData/TaxedGmbH_IOS-gerngfqzuwudosgobknlgtoawnlj/Build/Intermediates.noindex/Promises.build/Debug-iphoneos/FBLPromises.build/Objects-normal/arm64/FBLPromiseError.d --serialize-diagnostics /Users/emanuelflury/Library/Developer/Xcode/DerivedData/TaxedGmbH_IOS-gerngfqzuwudosgobknlgtoawnlj/Build/Intermediates.noindex/Promises.build/Debug-iphoneos/FBLPromises.build/Objects-normal/arm64/FBLPromiseError.dia -c /Users/emanuelflury/Library/Developer/Xcode/DerivedData/TaxedGmbH_IOS-gerngfqzuwudosgobknlgtoawnlj/SourcePackages/checkouts/promises/Sources/FBLPromises/FBLPromiseError.m -o /Users/emanuelflury/Library/Developer/Xcode/DerivedData/TaxedGmbH_IOS-gerngfqzuwudosgobknlgtoawnlj/Build/Intermediates.noindex/Promises.build/Debug-iphoneos/FBLPromises.build/Objects-normal/arm64/FBLPromiseError.o -index-unit-output-path /Promises.build/Debug-iphoneos/FBLPromises.build/Objects-normal/arm64/FBLPromiseError.o

CompileC /Users/emanuelflury/Library/Developer/Xcode/DerivedData/TaxedGmbH_IOS-gerngfqzuwudosgobknlgtoawnlj/Build/Intermediates.noindex/Promises.build/Debug-iphoneos/FBLPromises.build/Objects-normal/arm64/FBLPromise.o /Users/emanuelflury/Library/Developer/Xcode/DerivedData/TaxedGmbH_IOS-gerngfqzuwudosgobknlgtoawnlj/SourcePackages/checkouts/promises/Sources/FBLPromises/FBLPromise.m normal arm64 objective-c com.apple.compilers.llvm.clang.1_0.compiler (in target 'FBLPromises' from project 'Promises')
    cd /Users/emanuelflury/github/TaxedGmbH_IOS/TaxedGmbH_IOS.xcodeproj
    
    Using response file: /Users/emanuelflury/Library/Developer/Xcode/DerivedData/TaxedGmbH_IOS-gerngfqzuwudosgobknlgtoawnlj/Build/Intermediates.noindex/Promises.build/Debug-iphoneos/FBLPromises.build/Objects-normal/arm64/e6072d4f65d7061329687fe24e3d63a7-common-args.resp
    
    /Applications/Xcode.app/Contents/Developer/Toolchains/XcodeDefault.xctoolchain/usr/bin/clang -x objective-c -ivfsstatcache /Users/emanuelflury/Library/Developer/Xcode/DerivedData/SDKStatCaches.noindex/iphoneos26.1-23B77-69b33fc7382b27d9b5d46e82a00f8e78.sdkstatcache -fmessage-length\=0 -fdiagnostics-show-note-include-stack -fmacro-backtrace-limit\=0 -fno-color-diagnostics -fmodules-prune-interval\=86400 -fmodules-prune-after\=345600 -fbuild-session-file\=/Users/emanuelflury/Library/Developer/Xcode/DerivedData/ModuleCache.noindex/Session.modulevalidation -fmodules-validate-once-per-build-session -Wnon-modular-include-in-framework-module -Werror\=non-modular-include-in-framework-module -Wno-trigraphs -Wno-missing-field-initializers -Wno-missing-prototypes -Wno-return-type -Wno-implicit-atomic-properties -Wno-objc-interface-ivars -Wno-arc-repeated-use-of-weak -Wno-missing-braces -Wparentheses -Wswitch -Wno-unused-function -Wno-unused-label -Wno-unused-parameter -Wno-unused-variable -Wunused-value -Wno-empty-body -Wno-uninitialized -Wno-unknown-pragmas -w -Wno-shadow -Wno-four-char-constants -Wno-conversion -Wno-constant-conversion -Wno-int-conversion -Wno-bool-conversion -Wno-enum-conversion -Wno-float-conversion -Wno-non-literal-null-conversion -Wno-objc-literal-conversion -Wshorten-64-to-32 -Wpointer-sign -Wno-newline-eof -Wno-selector -Wno-strict-selector-match -Wno-undeclared-selector -Wno-deprecated-implementations -Wno-implicit-fallthrough -fstrict-aliasing -Wprotocol -Wdeprecated-declarations -Wno-sign-conversion -Wno-infinite-recursion -Wno-comma -Wno-block-capture-autoreleasing -Wno-strict-prototypes -Wno-semicolon-before-method-body -index-store-path /Users/emanuelflury/Library/Developer/Xcode/DerivedData/TaxedGmbH_IOS-gerngfqzuwudosgobknlgtoawnlj/Index.noindex/DataStore @/Users/emanuelflury/Library/Developer/Xcode/DerivedData/TaxedGmbH_IOS-gerngfqzuwudosgobknlgtoawnlj/Build/Intermediates.noindex/Promises.build/Debug-iphoneos/FBLPromises.build/Objects-normal/arm64/e6072d4f65d7061329687fe24e3d63a7-common-args.resp -include /Users/emanuelflury/Library/Developer/Xcode/DerivedData/TaxedGmbH_IOS-gerngfqzuwudosgobknlgtoawnlj/Build/Intermediates.noindex/Promises.build/Debug-iphoneos/FBLPromises.build/DerivedSources/resource_bundle_accessor.h -MMD -MT dependencies -MF /Users/emanuelflury/Library/Developer/Xcode/DerivedData/TaxedGmbH_IOS-gerngfqzuwudosgobknlgtoawnlj/Build/Intermediates.noindex/Promises.build/Debug-iphoneos/FBLPromises.build/Objects-normal/arm64/FBLPromise.d --serialize-diagnostics /Users/emanuelflury/Library/Developer/Xcode/DerivedData/TaxedGmbH_IOS-gerngfqzuwudosgobknlgtoawnlj/Build/Intermediates.noindex/Promises.build/Debug-iphoneos/FBLPromises.build/Objects-normal/arm64/FBLPromise.dia -c /Users/emanuelflury/Library/Developer/Xcode/DerivedData/TaxedGmbH_IOS-gerngfqzuwudosgobknlgtoawnlj/SourcePackages/checkouts/promises/Sources/FBLPromises/FBLPromise.m -o /Users/emanuelflury/Library/Developer/Xcode/DerivedData/TaxedGmbH_IOS-gerngfqzuwudosgobknlgtoawnlj/Build/Intermediates.noindex/Promises.build/Debug-iphoneos/FBLPromises.build/Objects-normal/arm64/FBLPromise.o -index-unit-output-path /Promises.build/Debug-iphoneos/FBLPromises.build/Objects-normal/arm64/FBLPromise.o

CompileC /Users/emanuelflury/Library/Developer/Xcode/DerivedData/TaxedGmbH_IOS-gerngfqzuwudosgobknlgtoawnlj/Build/Intermediates.noindex/Promises.build/Debug-iphoneos/FBLPromises.build/Objects-normal/arm64/FBLPromise+Wrap.o /Users/emanuelflury/Library/Developer/Xcode/DerivedData/TaxedGmbH_IOS-gerngfqzuwudosgobknlgtoawnlj/SourcePackages/checkouts/promises/Sources/FBLPromises/FBLPromise+Wrap.m normal arm64 objective-c com.apple.compilers.llvm.clang.1_0.compiler (in target 'FBLPromises' from project 'Promises')
    cd /Users/emanuelflury/github/TaxedGmbH_IOS/TaxedGmbH_IOS.xcodeproj
    
    Using response file: /Users/emanuelflury/Library/Developer/Xcode/DerivedData/TaxedGmbH_IOS-gerngfqzuwudosgobknlgtoawnlj/Build/Intermediates.noindex/Promises.build/Debug-iphoneos/FBLPromises.build/Objects-normal/arm64/e6072d4f65d7061329687fe24e3d63a7-common-args.resp
    
    /Applications/Xcode.app/Contents/Developer/Toolchains/XcodeDefault.xctoolchain/usr/bin/clang -x objective-c -ivfsstatcache /Users/emanuelflury/Library/Developer/Xcode/DerivedData/SDKStatCaches.noindex/iphoneos26.1-23B77-69b33fc7382b27d9b5d46e82a00f8e78.sdkstatcache -fmessage-length\=0 -fdiagnostics-show-note-include-stack -fmacro-backtrace-limit\=0 -fno-color-diagnostics -fmodules-prune-interval\=86400 -fmodules-prune-after\=345600 -fbuild-session-file\=/Users/emanuelflury/Library/Developer/Xcode/DerivedData/ModuleCache.noindex/Session.modulevalidation -fmodules-validate-once-per-build-session -Wnon-modular-include-in-framework-module -Werror\=non-modular-include-in-framework-module -Wno-trigraphs -Wno-missing-field-initializers -Wno-missing-prototypes -Wno-return-type -Wno-implicit-atomic-properties -Wno-objc-interface-ivars -Wno-arc-repeated-use-of-weak -Wno-missing-braces -Wparentheses -Wswitch -Wno-unused-function -Wno-unused-label -Wno-unused-parameter -Wno-unused-variable -Wunused-value -Wno-empty-body -Wno-uninitialized -Wno-unknown-pragmas -w -Wno-shadow -Wno-four-char-constants -Wno-conversion -Wno-constant-conversion -Wno-int-conversion -Wno-bool-conversion -Wno-enum-conversion -Wno-float-conversion -Wno-non-literal-null-conversion -Wno-objc-literal-conversion -Wshorten-64-to-32 -Wpointer-sign -Wno-newline-eof -Wno-selector -Wno-strict-selector-match -Wno-undeclared-selector -Wno-deprecated-implementations -Wno-implicit-fallthrough -fstrict-aliasing -Wprotocol -Wdeprecated-declarations -Wno-sign-conversion -Wno-infinite-recursion -Wno-comma -Wno-block-capture-autoreleasing -Wno-strict-prototypes -Wno-semicolon-before-method-body -index-store-path /Users/emanuelflury/Library/Developer/Xcode/DerivedData/TaxedGmbH_IOS-gerngfqzuwudosgobknlgtoawnlj/Index.noindex/DataStore @/Users/emanuelflury/Library/Developer/Xcode/DerivedData/TaxedGmbH_IOS-gerngfqzuwudosgobknlgtoawnlj/Build/Intermediates.noindex/Promises.build/Debug-iphoneos/FBLPromises.build/Objects-normal/arm64/e6072d4f65d7061329687fe24e3d63a7-common-args.resp -include /Users/emanuelflury/Library/Developer/Xcode/DerivedData/TaxedGmbH_IOS-gerngfqzuwudosgobknlgtoawnlj/Build/Intermediates.noindex/Promises.build/Debug-iphoneos/FBLPromises.build/DerivedSources/resource_bundle_accessor.h -MMD -MT dependencies -MF /Users/emanuelflury/Library/Developer/Xcode/DerivedData/TaxedGmbH_IOS-gerngfqzuwudosgobknlgtoawnlj/Build/Intermediates.noindex/Promises.build/Debug-iphoneos/FBLPromises.build/Objects-normal/arm64/FBLPromise+Wrap.d --serialize-diagnostics /Users/emanuelflury/Library/Developer/Xcode/DerivedData/TaxedGmbH_IOS-gerngfqzuwudosgobknlgtoawnlj/Build/Intermediates.noindex/Promises.build/Debug-iphoneos/FBLPromises.build/Objects-normal/arm64/FBLPromise+Wrap.dia -c /Users/emanuelflury/Library/Developer/Xcode/DerivedData/TaxedGmbH_IOS-gerngfqzuwudosgobknlgtoawnlj/SourcePackages/checkouts/promises/Sources/FBLPromises/FBLPromise+Wrap.m -o /Users/emanuelflury/Library/Developer/Xcode/DerivedData/TaxedGmbH_IOS-gerngfqzuwudosgobknlgtoawnlj/Build/Intermediates.noindex/Promises.build/Debug-iphoneos/FBLPromises.build/Objects-normal/arm64/FBLPromise+Wrap.o -index-unit-output-path /Promises.build/Debug-iphoneos/FBLPromises.build/Objects-normal/arm64/FBLPromise+Wrap.o

CompileC /Users/emanuelflury/Library/Developer/Xcode/DerivedData/TaxedGmbH_IOS-gerngfqzuwudosgobknlgtoawnlj/Build/Intermediates.noindex/Promises.build/Debug-iphoneos/FBLPromises.build/Objects-normal/arm64/FBLPromise+Validate.o /Users/emanuelflury/Library/Developer/Xcode/DerivedData/TaxedGmbH_IOS-gerngfqzuwudosgobknlgtoawnlj/SourcePackages/checkouts/promises/Sources/FBLPromises/FBLPromise+Validate.m normal arm64 objective-c com.apple.compilers.llvm.clang.1_0.compiler (in target 'FBLPromises' from project 'Promises')
    cd /Users/emanuelflury/github/TaxedGmbH_IOS/TaxedGmbH_IOS.xcodeproj
    
    Using response file: /Users/emanuelflury/Library/Developer/Xcode/DerivedData/TaxedGmbH_IOS-gerngfqzuwudosgobknlgtoawnlj/Build/Intermediates.noindex/Promises.build/Debug-iphoneos/FBLPromises.build/Objects-normal/arm64/e6072d4f65d7061329687fe24e3d63a7-common-args.resp
    
    /Applications/Xcode.app/Contents/Developer/Toolchains/XcodeDefault.xctoolchain/usr/bin/clang -x objective-c -ivfsstatcache /Users/emanuelflury/Library/Developer/Xcode/DerivedData/SDKStatCaches.noindex/iphoneos26.1-23B77-69b33fc7382b27d9b5d46e82a00f8e78.sdkstatcache -fmessage-length\=0 -fdiagnostics-show-note-include-stack -fmacro-backtrace-limit\=0 -fno-color-diagnostics -fmodules-prune-interval\=86400 -fmodules-prune-after\=345600 -fbuild-session-file\=/Users/emanuelflury/Library/Developer/Xcode/DerivedData/ModuleCache.noindex/Session.modulevalidation -fmodules-validate-once-per-build-session -Wnon-modular-include-in-framework-module -Werror\=non-modular-include-in-framework-module -Wno-trigraphs -Wno-missing-field-initializers -Wno-missing-prototypes -Wno-return-type -Wno-implicit-atomic-properties -Wno-objc-interface-ivars -Wno-arc-repeated-use-of-weak -Wno-missing-braces -Wparentheses -Wswitch -Wno-unused-function -Wno-unused-label -Wno-unused-parameter -Wno-unused-variable -Wunused-value -Wno-empty-body -Wno-uninitialized -Wno-unknown-pragmas -w -Wno-shadow -Wno-four-char-constants -Wno-conversion -Wno-constant-conversion -Wno-int-conversion -Wno-bool-conversion -Wno-enum-conversion -Wno-float-conversion -Wno-non-literal-null-conversion -Wno-objc-literal-conversion -Wshorten-64-to-32 -Wpointer-sign -Wno-newline-eof -Wno-selector -Wno-strict-selector-match -Wno-undeclared-selector -Wno-deprecated-implementations -Wno-implicit-fallthrough -fstrict-aliasing -Wprotocol -Wdeprecated-declarations -Wno-sign-conversion -Wno-infinite-recursion -Wno-comma -Wno-block-capture-autoreleasing -Wno-strict-prototypes -Wno-semicolon-before-method-body -index-store-path /Users/emanuelflury/Library/Developer/Xcode/DerivedData/TaxedGmbH_IOS-gerngfqzuwudosgobknlgtoawnlj/Index.noindex/DataStore @/Users/emanuelflury/Library/Developer/Xcode/DerivedData/TaxedGmbH_IOS-gerngfqzuwudosgobknlgtoawnlj/Build/Intermediates.noindex/Promises.build/Debug-iphoneos/FBLPromises.build/Objects-normal/arm64/e6072d4f65d7061329687fe24e3d63a7-common-args.resp -include /Users/emanuelflury/Library/Developer/Xcode/DerivedData/TaxedGmbH_IOS-gerngfqzuwudosgobknlgtoawnlj/Build/Intermediates.noindex/Promises.build/Debug-iphoneos/FBLPromises.build/DerivedSources/resource_bundle_accessor.h -MMD -MT dependencies -MF /Users/emanuelflury/Library/Developer/Xcode/DerivedData/TaxedGmbH_IOS-gerngfqzuwudosgobknlgtoawnlj/Build/Intermediates.noindex/Promises.build/Debug-iphoneos/FBLPromises.build/Objects-normal/arm64/FBLPromise+Validate.d --serialize-diagnostics /Users/emanuelflury/Library/Developer/Xcode/DerivedData/TaxedGmbH_IOS-gerngfqzuwudosgobknlgtoawnlj/Build/Intermediates.noindex/Promises.build/Debug-iphoneos/FBLPromises.build/Objects-normal/arm64/FBLPromise+Validate.dia -c /Users/emanuelflury/Library/Developer/Xcode/DerivedData/TaxedGmbH_IOS-gerngfqzuwudosgobknlgtoawnlj/SourcePackages/checkouts/promises/Sources/FBLPromises/FBLPromise+Validate.m -o /Users/emanuelflury/Library/Developer/Xcode/DerivedData/TaxedGmbH_IOS-gerngfqzuwudosgobknlgtoawnlj/Build/Intermediates.noindex/Promises.build/Debug-iphoneos/FBLPromises.build/Objects-normal/arm64/FBLPromise+Validate.o -index-unit-output-path /Promises.build/Debug-iphoneos/FBLPromises.build/Objects-normal/arm64/FBLPromise+Validate.o

CompileC /Users/emanuelflury/Library/Developer/Xcode/DerivedData/TaxedGmbH_IOS-gerngfqzuwudosgobknlgtoawnlj/Build/Intermediates.noindex/Promises.build/Debug-iphoneos/FBLPromises.build/Objects-normal/arm64/FBLPromise+Timeout.o /Users/emanuelflury/Library/Developer/Xcode/DerivedData/TaxedGmbH_IOS-gerngfqzuwudosgobknlgtoawnlj/SourcePackages/checkouts/promises/Sources/FBLPromises/FBLPromise+Timeout.m normal arm64 objective-c com.apple.compilers.llvm.clang.1_0.compiler (in target 'FBLPromises' from project 'Promises')
    cd /Users/emanuelflury/github/TaxedGmbH_IOS/TaxedGmbH_IOS.xcodeproj
    
    Using response file: /Users/emanuelflury/Library/Developer/Xcode/DerivedData/TaxedGmbH_IOS-gerngfqzuwudosgobknlgtoawnlj/Build/Intermediates.noindex/Promises.build/Debug-iphoneos/FBLPromises.build/Objects-normal/arm64/e6072d4f65d7061329687fe24e3d63a7-common-args.resp
    
    /Applications/Xcode.app/Contents/Developer/Toolchains/XcodeDefault.xctoolchain/usr/bin/clang -x objective-c -ivfsstatcache /Users/emanuelflury/Library/Developer/Xcode/DerivedData/SDKStatCaches.noindex/iphoneos26.1-23B77-69b33fc7382b27d9b5d46e82a00f8e78.sdkstatcache -fmessage-length\=0 -fdiagnostics-show-note-include-stack -fmacro-backtrace-limit\=0 -fno-color-diagnostics -fmodules-prune-interval\=86400 -fmodules-prune-after\=345600 -fbuild-session-file\=/Users/emanuelflury/Library/Developer/Xcode/DerivedData/ModuleCache.noindex/Session.modulevalidation -fmodules-validate-once-per-build-session -Wnon-modular-include-in-framework-module -Werror\=non-modular-include-in-framework-module -Wno-trigraphs -Wno-missing-field-initializers -Wno-missing-prototypes -Wno-return-type -Wno-implicit-atomic-properties -Wno-objc-interface-ivars -Wno-arc-repeated-use-of-weak -Wno-missing-braces -Wparentheses -Wswitch -Wno-unused-function -Wno-unused-label -Wno-unused-parameter -Wno-unused-variable -Wunused-value -Wno-empty-body -Wno-uninitialized -Wno-unknown-pragmas -w -Wno-shadow -Wno-four-char-constants -Wno-conversion -Wno-constant-conversion -Wno-int-conversion -Wno-bool-conversion -Wno-enum-conversion -Wno-float-conversion -Wno-non-literal-null-conversion -Wno-objc-literal-conversion -Wshorten-64-to-32 -Wpointer-sign -Wno-newline-eof -Wno-selector -Wno-strict-selector-match -Wno-undeclared-selector -Wno-deprecated-implementations -Wno-implicit-fallthrough -fstrict-aliasing -Wprotocol -Wdeprecated-declarations -Wno-sign-conversion -Wno-infinite-recursion -Wno-comma -Wno-block-capture-autoreleasing -Wno-strict-prototypes -Wno-semicolon-before-method-body -index-store-path /Users/emanuelflury/Library/Developer/Xcode/DerivedData/TaxedGmbH_IOS-gerngfqzuwudosgobknlgtoawnlj/Index.noindex/DataStore @/Users/emanuelflury/Library/Developer/Xcode/DerivedData/TaxedGmbH_IOS-gerngfqzuwudosgobknlgtoawnlj/Build/Intermediates.noindex/Promises.build/Debug-iphoneos/FBLPromises.build/Objects-normal/arm64/e6072d4f65d7061329687fe24e3d63a7-common-args.resp -include /Users/emanuelflury/Library/Developer/Xcode/DerivedData/TaxedGmbH_IOS-gerngfqzuwudosgobknlgtoawnlj/Build/Intermediates.noindex/Promises.build/Debug-iphoneos/FBLPromises.build/DerivedSources/resource_bundle_accessor.h -MMD -MT dependencies -MF /Users/emanuelflury/Library/Developer/Xcode/DerivedData/TaxedGmbH_IOS-gerngfqzuwudosgobknlgtoawnlj/Build/Intermediates.noindex/Promises.build/Debug-iphoneos/FBLPromises.build/Objects-normal/arm64/FBLPromise+Timeout.d --serialize-diagnostics /Users/emanuelflury/Library/Developer/Xcode/DerivedData/TaxedGmbH_IOS-gerngfqzuwudosgobknlgtoawnlj/Build/Intermediates.noindex/Promises.build/Debug-iphoneos/FBLPromises.build/Objects-normal/arm64/FBLPromise+Timeout.dia -c /Users/emanuelflury/Library/Developer/Xcode/DerivedData/TaxedGmbH_IOS-gerngfqzuwudosgobknlgtoawnlj/SourcePackages/checkouts/promises/Sources/FBLPromises/FBLPromise+Timeout.m -o /Users/emanuelflury/Library/Developer/Xcode/DerivedData/TaxedGmbH_IOS-gerngfqzuwudosgobknlgtoawnlj/Build/Intermediates.noindex/Promises.build/Debug-iphoneos/FBLPromises.build/Objects-normal/arm64/FBLPromise+Timeout.o -index-unit-output-path /Promises.build/Debug-iphoneos/FBLPromises.build/Objects-normal/arm64/FBLPromise+Timeout.o

CompileC /Users/emanuelflury/Library/Developer/Xcode/DerivedData/TaxedGmbH_IOS-gerngfqzuwudosgobknlgtoawnlj/Build/Intermediates.noindex/Promises.build/Debug-iphoneos/FBLPromises.build/Objects-normal/arm64/FBLPromise+Then.o /Users/emanuelflury/Library/Developer/Xcode/DerivedData/TaxedGmbH_IOS-gerngfqzuwudosgobknlgtoawnlj/SourcePackages/checkouts/promises/Sources/FBLPromises/FBLPromise+Then.m normal arm64 objective-c com.apple.compilers.llvm.clang.1_0.compiler (in target 'FBLPromises' from project 'Promises')
    cd /Users/emanuelflury/github/TaxedGmbH_IOS/TaxedGmbH_IOS.xcodeproj
    
    Using response file: /Users/emanuelflury/Library/Developer/Xcode/DerivedData/TaxedGmbH_IOS-gerngfqzuwudosgobknlgtoawnlj/Build/Intermediates.noindex/Promises.build/Debug-iphoneos/FBLPromises.build/Objects-normal/arm64/e6072d4f65d7061329687fe24e3d63a7-common-args.resp
    
    /Applications/Xcode.app/Contents/Developer/Toolchains/XcodeDefault.xctoolchain/usr/bin/clang -x objective-c -ivfsstatcache /Users/emanuelflury/Library/Developer/Xcode/DerivedData/SDKStatCaches.noindex/iphoneos26.1-23B77-69b33fc7382b27d9b5d46e82a00f8e78.sdkstatcache -fmessage-length\=0 -fdiagnostics-show-note-include-stack -fmacro-backtrace-limit\=0 -fno-color-diagnostics -fmodules-prune-interval\=86400 -fmodules-prune-after\=345600 -fbuild-session-file\=/Users/emanuelflury/Library/Developer/Xcode/DerivedData/ModuleCache.noindex/Session.modulevalidation -fmodules-validate-once-per-build-session -Wnon-modular-include-in-framework-module -Werror\=non-modular-include-in-framework-module -Wno-trigraphs -Wno-missing-field-initializers -Wno-missing-prototypes -Wno-return-type -Wno-implicit-atomic-properties -Wno-objc-interface-ivars -Wno-arc-repeated-use-of-weak -Wno-missing-braces -Wparentheses -Wswitch -Wno-unused-function -Wno-unused-label -Wno-unused-parameter -Wno-unused-variable -Wunused-value -Wno-empty-body -Wno-uninitialized -Wno-unknown-pragmas -w -Wno-shadow -Wno-four-char-constants -Wno-conversion -Wno-constant-conversion -Wno-int-conversion -Wno-bool-conversion -Wno-enum-conversion -Wno-float-conversion -Wno-non-literal-null-conversion -Wno-objc-literal-conversion -Wshorten-64-to-32 -Wpointer-sign -Wno-newline-eof -Wno-selector -Wno-strict-selector-match -Wno-undeclared-selector -Wno-deprecated-implementations -Wno-implicit-fallthrough -fstrict-aliasing -Wprotocol -Wdeprecated-declarations -Wno-sign-conversion -Wno-infinite-recursion -Wno-comma -Wno-block-capture-autoreleasing -Wno-strict-prototypes -Wno-semicolon-before-method-body -index-store-path /Users/emanuelflury/Library/Developer/Xcode/DerivedData/TaxedGmbH_IOS-gerngfqzuwudosgobknlgtoawnlj/Index.noindex/DataStore @/Users/emanuelflury/Library/Developer/Xcode/DerivedData/TaxedGmbH_IOS-gerngfqzuwudosgobknlgtoawnlj/Build/Intermediates.noindex/Promises.build/Debug-iphoneos/FBLPromises.build/Objects-normal/arm64/e6072d4f65d7061329687fe24e3d63a7-common-args.resp -include /Users/emanuelflury/Library/Developer/Xcode/DerivedData/TaxedGmbH_IOS-gerngfqzuwudosgobknlgtoawnlj/Build/Intermediates.noindex/Promises.build/Debug-iphoneos/FBLPromises.build/DerivedSources/resource_bundle_accessor.h -MMD -MT dependencies -MF /Users/emanuelflury/Library/Developer/Xcode/DerivedData/TaxedGmbH_IOS-gerngfqzuwudosgobknlgtoawnlj/Build/Intermediates.noindex/Promises.build/Debug-iphoneos/FBLPromises.build/Objects-normal/arm64/FBLPromise+Then.d --serialize-diagnostics /Users/emanuelflury/Library/Developer/Xcode/DerivedData/TaxedGmbH_IOS-gerngfqzuwudosgobknlgtoawnlj/Build/Intermediates.noindex/Promises.build/Debug-iphoneos/FBLPromises.build/Objects-normal/arm64/FBLPromise+Then.dia -c /Users/emanuelflury/Library/Developer/Xcode/DerivedData/TaxedGmbH_IOS-gerngfqzuwudosgobknlgtoawnlj/SourcePackages/checkouts/promises/Sources/FBLPromises/FBLPromise+Then.m -o /Users/emanuelflury/Library/Developer/Xcode/DerivedData/TaxedGmbH_IOS-gerngfqzuwudosgobknlgtoawnlj/Build/Intermediates.noindex/Promises.build/Debug-iphoneos/FBLPromises.build/Objects-normal/arm64/FBLPromise+Then.o -index-unit-output-path /Promises.build/Debug-iphoneos/FBLPromises.build/Objects-normal/arm64/FBLPromise+Then.o

CompileC /Users/emanuelflury/Library/Developer/Xcode/DerivedData/TaxedGmbH_IOS-gerngfqzuwudosgobknlgtoawnlj/Build/Intermediates.noindex/Promises.build/Debug-iphoneos/FBLPromises.build/Objects-normal/arm64/FBLPromise+Testing.o /Users/emanuelflury/Library/Developer/Xcode/DerivedData/TaxedGmbH_IOS-gerngfqzuwudosgobknlgtoawnlj/SourcePackages/checkouts/promises/Sources/FBLPromises/FBLPromise+Testing.m normal arm64 objective-c com.apple.compilers.llvm.clang.1_0.compiler (in target 'FBLPromises' from project 'Promises')
    cd /Users/emanuelflury/github/TaxedGmbH_IOS/TaxedGmbH_IOS.xcodeproj
    
    Using response file: /Users/emanuelflury/Library/Developer/Xcode/DerivedData/TaxedGmbH_IOS-gerngfqzuwudosgobknlgtoawnlj/Build/Intermediates.noindex/Promises.build/Debug-iphoneos/FBLPromises.build/Objects-normal/arm64/e6072d4f65d7061329687fe24e3d63a7-common-args.resp
    
    /Applications/Xcode.app/Contents/Developer/Toolchains/XcodeDefault.xctoolchain/usr/bin/clang -x objective-c -ivfsstatcache /Users/emanuelflury/Library/Developer/Xcode/DerivedData/SDKStatCaches.noindex/iphoneos26.1-23B77-69b33fc7382b27d9b5d46e82a00f8e78.sdkstatcache -fmessage-length\=0 -fdiagnostics-show-note-include-stack -fmacro-backtrace-limit\=0 -fno-color-diagnostics -fmodules-prune-interval\=86400 -fmodules-prune-after\=345600 -fbuild-session-file\=/Users/emanuelflury/Library/Developer/Xcode/DerivedData/ModuleCache.noindex/Session.modulevalidation -fmodules-validate-once-per-build-session -Wnon-modular-include-in-framework-module -Werror\=non-modular-include-in-framework-module -Wno-trigraphs -Wno-missing-field-initializers -Wno-missing-prototypes -Wno-return-type -Wno-implicit-atomic-properties -Wno-objc-interface-ivars -Wno-arc-repeated-use-of-weak -Wno-missing-braces -Wparentheses -Wswitch -Wno-unused-function -Wno-unused-label -Wno-unused-parameter -Wno-unused-variable -Wunused-value -Wno-empty-body -Wno-uninitialized -Wno-unknown-pragmas -w -Wno-shadow -Wno-four-char-constants -Wno-conversion -Wno-constant-conversion -Wno-int-conversion -Wno-bool-conversion -Wno-enum-conversion -Wno-float-conversion -Wno-non-literal-null-conversion -Wno-objc-literal-conversion -Wshorten-64-to-32 -Wpointer-sign -Wno-newline-eof -Wno-selector -Wno-strict-selector-match -Wno-undeclared-selector -Wno-deprecated-implementations -Wno-implicit-fallthrough -fstrict-aliasing -Wprotocol -Wdeprecated-declarations -Wno-sign-conversion -Wno-infinite-recursion -Wno-comma -Wno-block-capture-autoreleasing -Wno-strict-prototypes -Wno-semicolon-before-method-body -index-store-path /Users/emanuelflury/Library/Developer/Xcode/DerivedData/TaxedGmbH_IOS-gerngfqzuwudosgobknlgtoawnlj/Index.noindex/DataStore @/Users/emanuelflury/Library/Developer/Xcode/DerivedData/TaxedGmbH_IOS-gerngfqzuwudosgobknlgtoawnlj/Build/Intermediates.noindex/Promises.build/Debug-iphoneos/FBLPromises.build/Objects-normal/arm64/e6072d4f65d7061329687fe24e3d63a7-common-args.resp -include /Users/emanuelflury/Library/Developer/Xcode/DerivedData/TaxedGmbH_IOS-gerngfqzuwudosgobknlgtoawnlj/Build/Intermediates.noindex/Promises.build/Debug-iphoneos/FBLPromises.build/DerivedSources/resource_bundle_accessor.h -MMD -MT dependencies -MF /Users/emanuelflury/Library/Developer/Xcode/DerivedData/TaxedGmbH_IOS-gerngfqzuwudosgobknlgtoawnlj/Build/Intermediates.noindex/Promises.build/Debug-iphoneos/FBLPromises.build/Objects-normal/arm64/FBLPromise+Testing.d --serialize-diagnostics /Users/emanuelflury/Library/Developer/Xcode/DerivedData/TaxedGmbH_IOS-gerngfqzuwudosgobknlgtoawnlj/Build/Intermediates.noindex/Promises.build/Debug-iphoneos/FBLPromises.build/Objects-normal/arm64/FBLPromise+Testing.dia -c /Users/emanuelflury/Library/Developer/Xcode/DerivedData/TaxedGmbH_IOS-gerngfqzuwudosgobknlgtoawnlj/SourcePackages/checkouts/promises/Sources/FBLPromises/FBLPromise+Testing.m -o /Users/emanuelflury/Library/Developer/Xcode/DerivedData/TaxedGmbH_IOS-gerngfqzuwudosgobknlgtoawnlj/Build/Intermediates.noindex/Promises.build/Debug-iphoneos/FBLPromises.build/Objects-normal/arm64/FBLPromise+Testing.o -index-unit-output-path /Promises.build/Debug-iphoneos/FBLPromises.build/Objects-normal/arm64/FBLPromise+Testing.o

CompileC /Users/emanuelflury/Library/Developer/Xcode/DerivedData/TaxedGmbH_IOS-gerngfqzuwudosgobknlgtoawnlj/Build/Intermediates.noindex/Promises.build/Debug-iphoneos/FBLPromises.build/Objects-normal/arm64/FBLPromise+Retry.o /Users/emanuelflury/Library/Developer/Xcode/DerivedData/TaxedGmbH_IOS-gerngfqzuwudosgobknlgtoawnlj/SourcePackages/checkouts/promises/Sources/FBLPromises/FBLPromise+Retry.m normal arm64 objective-c com.apple.compilers.llvm.clang.1_0.compiler (in target 'FBLPromises' from project 'Promises')
    cd /Users/emanuelflury/github/TaxedGmbH_IOS/TaxedGmbH_IOS.xcodeproj
    
    Using response file: /Users/emanuelflury/Library/Developer/Xcode/DerivedData/TaxedGmbH_IOS-gerngfqzuwudosgobknlgtoawnlj/Build/Intermediates.noindex/Promises.build/Debug-iphoneos/FBLPromises.build/Objects-normal/arm64/e6072d4f65d7061329687fe24e3d63a7-common-args.resp
    
    /Applications/Xcode.app/Contents/Developer/Toolchains/XcodeDefault.xctoolchain/usr/bin/clang -x objective-c -ivfsstatcache /Users/emanuelflury/Library/Developer/Xcode/DerivedData/SDKStatCaches.noindex/iphoneos26.1-23B77-69b33fc7382b27d9b5d46e82a00f8e78.sdkstatcache -fmessage-length\=0 -fdiagnostics-show-note-include-stack -fmacro-backtrace-limit\=0 -fno-color-diagnostics -fmodules-prune-interval\=86400 -fmodules-prune-after\=345600 -fbuild-session-file\=/Users/emanuelflury/Library/Developer/Xcode/DerivedData/ModuleCache.noindex/Session.modulevalidation -fmodules-validate-once-per-build-session -Wnon-modular-include-in-framework-module -Werror\=non-modular-include-in-framework-module -Wno-trigraphs -Wno-missing-field-initializers -Wno-missing-prototypes -Wno-return-type -Wno-implicit-atomic-properties -Wno-objc-interface-ivars -Wno-arc-repeated-use-of-weak -Wno-missing-braces -Wparentheses -Wswitch -Wno-unused-function -Wno-unused-label -Wno-unused-parameter -Wno-unused-variable -Wunused-value -Wno-empty-body -Wno-uninitialized -Wno-unknown-pragmas -w -Wno-shadow -Wno-four-char-constants -Wno-conversion -Wno-constant-conversion -Wno-int-conversion -Wno-bool-conversion -Wno-enum-conversion -Wno-float-conversion -Wno-non-literal-null-conversion -Wno-objc-literal-conversion -Wshorten-64-to-32 -Wpointer-sign -Wno-newline-eof -Wno-selector -Wno-strict-selector-match -Wno-undeclared-selector -Wno-deprecated-implementations -Wno-implicit-fallthrough -fstrict-aliasing -Wprotocol -Wdeprecated-declarations -Wno-sign-conversion -Wno-infinite-recursion -Wno-comma -Wno-block-capture-autoreleasing -Wno-strict-prototypes -Wno-semicolon-before-method-body -index-store-path /Users/emanuelflury/Library/Developer/Xcode/DerivedData/TaxedGmbH_IOS-gerngfqzuwudosgobknlgtoawnlj/Index.noindex/DataStore @/Users/emanuelflury/Library/Developer/Xcode/DerivedData/TaxedGmbH_IOS-gerngfqzuwudosgobknlgtoawnlj/Build/Intermediates.noindex/Promises.build/Debug-iphoneos/FBLPromises.build/Objects-normal/arm64/e6072d4f65d7061329687fe24e3d63a7-common-args.resp -include /Users/emanuelflury/Library/Developer/Xcode/DerivedData/TaxedGmbH_IOS-gerngfqzuwudosgobknlgtoawnlj/Build/Intermediates.noindex/Promises.build/Debug-iphoneos/FBLPromises.build/DerivedSources/resource_bundle_accessor.h -MMD -MT dependencies -MF /Users/emanuelflury/Library/Developer/Xcode/DerivedData/TaxedGmbH_IOS-gerngfqzuwudosgobknlgtoawnlj/Build/Intermediates.noindex/Promises.build/Debug-iphoneos/FBLPromises.build/Objects-normal/arm64/FBLPromise+Retry.d --serialize-diagnostics /Users/emanuelflury/Library/Developer/Xcode/DerivedData/TaxedGmbH_IOS-gerngfqzuwudosgobknlgtoawnlj/Build/Intermediates.noindex/Promises.build/Debug-iphoneos/FBLPromises.build/Objects-normal/arm64/FBLPromise+Retry.dia -c /Users/emanuelflury/Library/Developer/Xcode/DerivedData/TaxedGmbH_IOS-gerngfqzuwudosgobknlgtoawnlj/SourcePackages/checkouts/promises/Sources/FBLPromises/FBLPromise+Retry.m -o /Users/emanuelflury/Library/Developer/Xcode/DerivedData/TaxedGmbH_IOS-gerngfqzuwudosgobknlgtoawnlj/Build/Intermediates.noindex/Promises.build/Debug-iphoneos/FBLPromises.build/Objects-normal/arm64/FBLPromise+Retry.o -index-unit-output-path /Promises.build/Debug-iphoneos/FBLPromises.build/Objects-normal/arm64/FBLPromise+Retry.o

CompileC /Users/emanuelflury/Library/Developer/Xcode/DerivedData/TaxedGmbH_IOS-gerngfqzuwudosgobknlgtoawnlj/Build/Intermediates.noindex/Promises.build/Debug-iphoneos/FBLPromises.build/Objects-normal/arm64/FBLPromise+Reduce.o /Users/emanuelflury/Library/Developer/Xcode/DerivedData/TaxedGmbH_IOS-gerngfqzuwudosgobknlgtoawnlj/SourcePackages/checkouts/promises/Sources/FBLPromises/FBLPromise+Reduce.m normal arm64 objective-c com.apple.compilers.llvm.clang.1_0.compiler (in target 'FBLPromises' from project 'Promises')
    cd /Users/emanuelflury/github/TaxedGmbH_IOS/TaxedGmbH_IOS.xcodeproj
    
    Using response file: /Users/emanuelflury/Library/Developer/Xcode/DerivedData/TaxedGmbH_IOS-gerngfqzuwudosgobknlgtoawnlj/Build/Intermediates.noindex/Promises.build/Debug-iphoneos/FBLPromises.build/Objects-normal/arm64/e6072d4f65d7061329687fe24e3d63a7-common-args.resp
    
    /Applications/Xcode.app/Contents/Developer/Toolchains/XcodeDefault.xctoolchain/usr/bin/clang -x objective-c -ivfsstatcache /Users/emanuelflury/Library/Developer/Xcode/DerivedData/SDKStatCaches.noindex/iphoneos26.1-23B77-69b33fc7382b27d9b5d46e82a00f8e78.sdkstatcache -fmessage-length\=0 -fdiagnostics-show-note-include-stack -fmacro-backtrace-limit\=0 -fno-color-diagnostics -fmodules-prune-interval\=86400 -fmodules-prune-after\=345600 -fbuild-session-file\=/Users/emanuelflury/Library/Developer/Xcode/DerivedData/ModuleCache.noindex/Session.modulevalidation -fmodules-validate-once-per-build-session -Wnon-modular-include-in-framework-module -Werror\=non-modular-include-in-framework-module -Wno-trigraphs -Wno-missing-field-initializers -Wno-missing-prototypes -Wno-return-type -Wno-implicit-atomic-properties -Wno-objc-interface-ivars -Wno-arc-repeated-use-of-weak -Wno-missing-braces -Wparentheses -Wswitch -Wno-unused-function -Wno-unused-label -Wno-unused-parameter -Wno-unused-variable -Wunused-value -Wno-empty-body -Wno-uninitialized -Wno-unknown-pragmas -w -Wno-shadow -Wno-four-char-constants -Wno-conversion -Wno-constant-conversion -Wno-int-conversion -Wno-bool-conversion -Wno-enum-conversion -Wno-float-conversion -Wno-non-literal-null-conversion -Wno-objc-literal-conversion -Wshorten-64-to-32 -Wpointer-sign -Wno-newline-eof -Wno-selector -Wno-strict-selector-match -Wno-undeclared-selector -Wno-deprecated-implementations -Wno-implicit-fallthrough -fstrict-aliasing -Wprotocol -Wdeprecated-declarations -Wno-sign-conversion -Wno-infinite-recursion -Wno-comma -Wno-block-capture-autoreleasing -Wno-strict-prototypes -Wno-semicolon-before-method-body -index-store-path /Users/emanuelflury/Library/Developer/Xcode/DerivedData/TaxedGmbH_IOS-gerngfqzuwudosgobknlgtoawnlj/Index.noindex/DataStore @/Users/emanuelflury/Library/Developer/Xcode/DerivedData/TaxedGmbH_IOS-gerngfqzuwudosgobknlgtoawnlj/Build/Intermediates.noindex/Promises.build/Debug-iphoneos/FBLPromises.build/Objects-normal/arm64/e6072d4f65d7061329687fe24e3d63a7-common-args.resp -include /Users/emanuelflury/Library/Developer/Xcode/DerivedData/TaxedGmbH_IOS-gerngfqzuwudosgobknlgtoawnlj/Build/Intermediates.noindex/Promises.build/Debug-iphoneos/FBLPromises.build/DerivedSources/resource_bundle_accessor.h -MMD -MT dependencies -MF /Users/emanuelflury/Library/Developer/Xcode/DerivedData/TaxedGmbH_IOS-gerngfqzuwudosgobknlgtoawnlj/Build/Intermediates.noindex/Promises.build/Debug-iphoneos/FBLPromises.build/Objects-normal/arm64/FBLPromise+Reduce.d --serialize-diagnostics /Users/emanuelflury/Library/Developer/Xcode/DerivedData/TaxedGmbH_IOS-gerngfqzuwudosgobknlgtoawnlj/Build/Intermediates.noindex/Promises.build/Debug-iphoneos/FBLPromises.build/Objects-normal/arm64/FBLPromise+Reduce.dia -c /Users/emanuelflury/Library/Developer/Xcode/DerivedData/TaxedGmbH_IOS-gerngfqzuwudosgobknlgtoawnlj/SourcePackages/checkouts/promises/Sources/FBLPromises/FBLPromise+Reduce.m -o /Users/emanuelflury/Library/Developer/Xcode/DerivedData/TaxedGmbH_IOS-gerngfqzuwudosgobknlgtoawnlj/Build/Intermediates.noindex/Promises.build/Debug-iphoneos/FBLPromises.build/Objects-normal/arm64/FBLPromise+Reduce.o -index-unit-output-path /Promises.build/Debug-iphoneos/FBLPromises.build/Objects-normal/arm64/FBLPromise+Reduce.o

CompileC /Users/emanuelflury/Library/Developer/Xcode/DerivedData/TaxedGmbH_IOS-gerngfqzuwudosgobknlgtoawnlj/Build/Intermediates.noindex/Promises.build/Debug-iphoneos/FBLPromises.build/Objects-normal/arm64/FBLPromise+Recover.o /Users/emanuelflury/Library/Developer/Xcode/DerivedData/TaxedGmbH_IOS-gerngfqzuwudosgobknlgtoawnlj/SourcePackages/checkouts/promises/Sources/FBLPromises/FBLPromise+Recover.m normal arm64 objective-c com.apple.compilers.llvm.clang.1_0.compiler (in target 'FBLPromises' from project 'Promises')
    cd /Users/emanuelflury/github/TaxedGmbH_IOS/TaxedGmbH_IOS.xcodeproj
    
    Using response file: /Users/emanuelflury/Library/Developer/Xcode/DerivedData/TaxedGmbH_IOS-gerngfqzuwudosgobknlgtoawnlj/Build/Intermediates.noindex/Promises.build/Debug-iphoneos/FBLPromises.build/Objects-normal/arm64/e6072d4f65d7061329687fe24e3d63a7-common-args.resp
    
    /Applications/Xcode.app/Contents/Developer/Toolchains/XcodeDefault.xctoolchain/usr/bin/clang -x objective-c -ivfsstatcache /Users/emanuelflury/Library/Developer/Xcode/DerivedData/SDKStatCaches.noindex/iphoneos26.1-23B77-69b33fc7382b27d9b5d46e82a00f8e78.sdkstatcache -fmessage-length\=0 -fdiagnostics-show-note-include-stack -fmacro-backtrace-limit\=0 -fno-color-diagnostics -fmodules-prune-interval\=86400 -fmodules-prune-after\=345600 -fbuild-session-file\=/Users/emanuelflury/Library/Developer/Xcode/DerivedData/ModuleCache.noindex/Session.modulevalidation -fmodules-validate-once-per-build-session -Wnon-modular-include-in-framework-module -Werror\=non-modular-include-in-framework-module -Wno-trigraphs -Wno-missing-field-initializers -Wno-missing-prototypes -Wno-return-type -Wno-implicit-atomic-properties -Wno-objc-interface-ivars -Wno-arc-repeated-use-of-weak -Wno-missing-braces -Wparentheses -Wswitch -Wno-unused-function -Wno-unused-label -Wno-unused-parameter -Wno-unused-variable -Wunused-value -Wno-empty-body -Wno-uninitialized -Wno-unknown-pragmas -w -Wno-shadow -Wno-four-char-constants -Wno-conversion -Wno-constant-conversion -Wno-int-conversion -Wno-bool-conversion -Wno-enum-conversion -Wno-float-conversion -Wno-non-literal-null-conversion -Wno-objc-literal-conversion -Wshorten-64-to-32 -Wpointer-sign -Wno-newline-eof -Wno-selector -Wno-strict-selector-match -Wno-undeclared-selector -Wno-deprecated-implementations -Wno-implicit-fallthrough -fstrict-aliasing -Wprotocol -Wdeprecated-declarations -Wno-sign-conversion -Wno-infinite-recursion -Wno-comma -Wno-block-capture-autoreleasing -Wno-strict-prototypes -Wno-semicolon-before-method-body -index-store-path /Users/emanuelflury/Library/Developer/Xcode/DerivedData/TaxedGmbH_IOS-gerngfqzuwudosgobknlgtoawnlj/Index.noindex/DataStore @/Users/emanuelflury/Library/Developer/Xcode/DerivedData/TaxedGmbH_IOS-gerngfqzuwudosgobknlgtoawnlj/Build/Intermediates.noindex/Promises.build/Debug-iphoneos/FBLPromises.build/Objects-normal/arm64/e6072d4f65d7061329687fe24e3d63a7-common-args.resp -include /Users/emanuelflury/Library/Developer/Xcode/DerivedData/TaxedGmbH_IOS-gerngfqzuwudosgobknlgtoawnlj/Build/Intermediates.noindex/Promises.build/Debug-iphoneos/FBLPromises.build/DerivedSources/resource_bundle_accessor.h -MMD -MT dependencies -MF /Users/emanuelflury/Library/Developer/Xcode/DerivedData/TaxedGmbH_IOS-gerngfqzuwudosgobknlgtoawnlj/Build/Intermediates.noindex/Promises.build/Debug-iphoneos/FBLPromises.build/Objects-normal/arm64/FBLPromise+Recover.d --serialize-diagnostics /Users/emanuelflury/Library/Developer/Xcode/DerivedData/TaxedGmbH_IOS-gerngfqzuwudosgobknlgtoawnlj/Build/Intermediates.noindex/Promises.build/Debug-iphoneos/FBLPromises.build/Objects-normal/arm64/FBLPromise+Recover.dia -c /Users/emanuelflury/Library/Developer/Xcode/DerivedData/TaxedGmbH_IOS-gerngfqzuwudosgobknlgtoawnlj/SourcePackages/checkouts/promises/Sources/FBLPromises/FBLPromise+Recover.m -o /Users/emanuelflury/Library/Developer/Xcode/DerivedData/TaxedGmbH_IOS-gerngfqzuwudosgobknlgtoawnlj/Build/Intermediates.noindex/Promises.build/Debug-iphoneos/FBLPromises.build/Objects-normal/arm64/FBLPromise+Recover.o -index-unit-output-path /Promises.build/Debug-iphoneos/FBLPromises.build/Objects-normal/arm64/FBLPromise+Recover.o

CompileC /Users/emanuelflury/Library/Developer/Xcode/DerivedData/TaxedGmbH_IOS-gerngfqzuwudosgobknlgtoawnlj/Build/Intermediates.noindex/Promises.build/Debug-iphoneos/FBLPromises.build/Objects-normal/arm64/FBLPromise+Race.o /Users/emanuelflury/Library/Developer/Xcode/DerivedData/TaxedGmbH_IOS-gerngfqzuwudosgobknlgtoawnlj/SourcePackages/checkouts/promises/Sources/FBLPromises/FBLPromise+Race.m normal arm64 objective-c com.apple.compilers.llvm.clang.1_0.compiler (in target 'FBLPromises' from project 'Promises')
    cd /Users/emanuelflury/github/TaxedGmbH_IOS/TaxedGmbH_IOS.xcodeproj
    
    Using response file: /Users/emanuelflury/Library/Developer/Xcode/DerivedData/TaxedGmbH_IOS-gerngfqzuwudosgobknlgtoawnlj/Build/Intermediates.noindex/Promises.build/Debug-iphoneos/FBLPromises.build/Objects-normal/arm64/e6072d4f65d7061329687fe24e3d63a7-common-args.resp
    
    /Applications/Xcode.app/Contents/Developer/Toolchains/XcodeDefault.xctoolchain/usr/bin/clang -x objective-c -ivfsstatcache /Users/emanuelflury/Library/Developer/Xcode/DerivedData/SDKStatCaches.noindex/iphoneos26.1-23B77-69b33fc7382b27d9b5d46e82a00f8e78.sdkstatcache -fmessage-length\=0 -fdiagnostics-show-note-include-stack -fmacro-backtrace-limit\=0 -fno-color-diagnostics -fmodules-prune-interval\=86400 -fmodules-prune-after\=345600 -fbuild-session-file\=/Users/emanuelflury/Library/Developer/Xcode/DerivedData/ModuleCache.noindex/Session.modulevalidation -fmodules-validate-once-per-build-session -Wnon-modular-include-in-framework-module -Werror\=non-modular-include-in-framework-module -Wno-trigraphs -Wno-missing-field-initializers -Wno-missing-prototypes -Wno-return-type -Wno-implicit-atomic-properties -Wno-objc-interface-ivars -Wno-arc-repeated-use-of-weak -Wno-missing-braces -Wparentheses -Wswitch -Wno-unused-function -Wno-unused-label -Wno-unused-parameter -Wno-unused-variable -Wunused-value -Wno-empty-body -Wno-uninitialized -Wno-unknown-pragmas -w -Wno-shadow -Wno-four-char-constants -Wno-conversion -Wno-constant-conversion -Wno-int-conversion -Wno-bool-conversion -Wno-enum-conversion -Wno-float-conversion -Wno-non-literal-null-conversion -Wno-objc-literal-conversion -Wshorten-64-to-32 -Wpointer-sign -Wno-newline-eof -Wno-selector -Wno-strict-selector-match -Wno-undeclared-selector -Wno-deprecated-implementations -Wno-implicit-fallthrough -fstrict-aliasing -Wprotocol -Wdeprecated-declarations -Wno-sign-conversion -Wno-infinite-recursion -Wno-comma -Wno-block-capture-autoreleasing -Wno-strict-prototypes -Wno-semicolon-before-method-body -index-store-path /Users/emanuelflury/Library/Developer/Xcode/DerivedData/TaxedGmbH_IOS-gerngfqzuwudosgobknlgtoawnlj/Index.noindex/DataStore @/Users/emanuelflury/Library/Developer/Xcode/DerivedData/TaxedGmbH_IOS-gerngfqzuwudosgobknlgtoawnlj/Build/Intermediates.noindex/Promises.build/Debug-iphoneos/FBLPromises.build/Objects-normal/arm64/e6072d4f65d7061329687fe24e3d63a7-common-args.resp -include /Users/emanuelflury/Library/Developer/Xcode/DerivedData/TaxedGmbH_IOS-gerngfqzuwudosgobknlgtoawnlj/Build/Intermediates.noindex/Promises.build/Debug-iphoneos/FBLPromises.build/DerivedSources/resource_bundle_accessor.h -MMD -MT dependencies -MF /Users/emanuelflury/Library/Developer/Xcode/DerivedData/TaxedGmbH_IOS-gerngfqzuwudosgobknlgtoawnlj/Build/Intermediates.noindex/Promises.build/Debug-iphoneos/FBLPromises.build/Objects-normal/arm64/FBLPromise+Race.d --serialize-diagnostics /Users/emanuelflury/Library/Developer/Xcode/DerivedData/TaxedGmbH_IOS-gerngfqzuwudosgobknlgtoawnlj/Build/Intermediates.noindex/Promises.build/Debug-iphoneos/FBLPromises.build/Objects-normal/arm64/FBLPromise+Race.dia -c /Users/emanuelflury/Library/Developer/Xcode/DerivedData/TaxedGmbH_IOS-gerngfqzuwudosgobknlgtoawnlj/SourcePackages/checkouts/promises/Sources/FBLPromises/FBLPromise+Race.m -o /Users/emanuelflury/Library/Developer/Xcode/DerivedData/TaxedGmbH_IOS-gerngfqzuwudosgobknlgtoawnlj/Build/Intermediates.noindex/Promises.build/Debug-iphoneos/FBLPromises.build/Objects-normal/arm64/FBLPromise+Race.o -index-unit-output-path /Promises.build/Debug-iphoneos/FBLPromises.build/Objects-normal/arm64/FBLPromise+Race.o

CompileC /Users/emanuelflury/Library/Developer/Xcode/DerivedData/TaxedGmbH_IOS-gerngfqzuwudosgobknlgtoawnlj/Build/Intermediates.noindex/Promises.build/Debug-iphoneos/FBLPromises.build/Objects-normal/arm64/FBLPromise+Do.o /Users/emanuelflury/Library/Developer/Xcode/DerivedData/TaxedGmbH_IOS-gerngfqzuwudosgobknlgtoawnlj/SourcePackages/checkouts/promises/Sources/FBLPromises/FBLPromise+Do.m normal arm64 objective-c com.apple.compilers.llvm.clang.1_0.compiler (in target 'FBLPromises' from project 'Promises')
    cd /Users/emanuelflury/github/TaxedGmbH_IOS/TaxedGmbH_IOS.xcodeproj
    
    Using response file: /Users/emanuelflury/Library/Developer/Xcode/DerivedData/TaxedGmbH_IOS-gerngfqzuwudosgobknlgtoawnlj/Build/Intermediates.noindex/Promises.build/Debug-iphoneos/FBLPromises.build/Objects-normal/arm64/e6072d4f65d7061329687fe24e3d63a7-common-args.resp
    
    /Applications/Xcode.app/Contents/Developer/Toolchains/XcodeDefault.xctoolchain/usr/bin/clang -x objective-c -ivfsstatcache /Users/emanuelflury/Library/Developer/Xcode/DerivedData/SDKStatCaches.noindex/iphoneos26.1-23B77-69b33fc7382b27d9b5d46e82a00f8e78.sdkstatcache -fmessage-length\=0 -fdiagnostics-show-note-include-stack -fmacro-backtrace-limit\=0 -fno-color-diagnostics -fmodules-prune-interval\=86400 -fmodules-prune-after\=345600 -fbuild-session-file\=/Users/emanuelflury/Library/Developer/Xcode/DerivedData/ModuleCache.noindex/Session.modulevalidation -fmodules-validate-once-per-build-session -Wnon-modular-include-in-framework-module -Werror\=non-modular-include-in-framework-module -Wno-trigraphs -Wno-missing-field-initializers -Wno-missing-prototypes -Wno-return-type -Wno-implicit-atomic-properties -Wno-objc-interface-ivars -Wno-arc-repeated-use-of-weak -Wno-missing-braces -Wparentheses -Wswitch -Wno-unused-function -Wno-unused-label -Wno-unused-parameter -Wno-unused-variable -Wunused-value -Wno-empty-body -Wno-uninitialized -Wno-unknown-pragmas -w -Wno-shadow -Wno-four-char-constants -Wno-conversion -Wno-constant-conversion -Wno-int-conversion -Wno-bool-conversion -Wno-enum-conversion -Wno-float-conversion -Wno-non-literal-null-conversion -Wno-objc-literal-conversion -Wshorten-64-to-32 -Wpointer-sign -Wno-newline-eof -Wno-selector -Wno-strict-selector-match -Wno-undeclared-selector -Wno-deprecated-implementations -Wno-implicit-fallthrough -fstrict-aliasing -Wprotocol -Wdeprecated-declarations -Wno-sign-conversion -Wno-infinite-recursion -Wno-comma -Wno-block-capture-autoreleasing -Wno-strict-prototypes -Wno-semicolon-before-method-body -index-store-path /Users/emanuelflury/Library/Developer/Xcode/DerivedData/TaxedGmbH_IOS-gerngfqzuwudosgobknlgtoawnlj/Index.noindex/DataStore @/Users/emanuelflury/Library/Developer/Xcode/DerivedData/TaxedGmbH_IOS-gerngfqzuwudosgobknlgtoawnlj/Build/Intermediates.noindex/Promises.build/Debug-iphoneos/FBLPromises.build/Objects-normal/arm64/e6072d4f65d7061329687fe24e3d63a7-common-args.resp -include /Users/emanuelflury/Library/Developer/Xcode/DerivedData/TaxedGmbH_IOS-gerngfqzuwudosgobknlgtoawnlj/Build/Intermediates.noindex/Promises.build/Debug-iphoneos/FBLPromises.build/DerivedSources/resource_bundle_accessor.h -MMD -MT dependencies -MF /Users/emanuelflury/Library/Developer/Xcode/DerivedData/TaxedGmbH_IOS-gerngfqzuwudosgobknlgtoawnlj/Build/Intermediates.noindex/Promises.build/Debug-iphoneos/FBLPromises.build/Objects-normal/arm64/FBLPromise+Do.d --serialize-diagnostics /Users/emanuelflury/Library/Developer/Xcode/DerivedData/TaxedGmbH_IOS-gerngfqzuwudosgobknlgtoawnlj/Build/Intermediates.noindex/Promises.build/Debug-iphoneos/FBLPromises.build/Objects-normal/arm64/FBLPromise+Do.dia -c /Users/emanuelflury/Library/Developer/Xcode/DerivedData/TaxedGmbH_IOS-gerngfqzuwudosgobknlgtoawnlj/SourcePackages/checkouts/promises/Sources/FBLPromises/FBLPromise+Do.m -o /Users/emanuelflury/Library/Developer/Xcode/DerivedData/TaxedGmbH_IOS-gerngfqzuwudosgobknlgtoawnlj/Build/Intermediates.noindex/Promises.build/Debug-iphoneos/FBLPromises.build/Objects-normal/arm64/FBLPromise+Do.o -index-unit-output-path /Promises.build/Debug-iphoneos/FBLPromises.build/Objects-normal/arm64/FBLPromise+Do.o

CompileC /Users/emanuelflury/Library/Developer/Xcode/DerivedData/TaxedGmbH_IOS-gerngfqzuwudosgobknlgtoawnlj/Build/Intermediates.noindex/Promises.build/Debug-iphoneos/FBLPromises.build/Objects-normal/arm64/FBLPromise+Delay.o /Users/emanuelflury/Library/Developer/Xcode/DerivedData/TaxedGmbH_IOS-gerngfqzuwudosgobknlgtoawnlj/SourcePackages/checkouts/promises/Sources/FBLPromises/FBLPromise+Delay.m normal arm64 objective-c com.apple.compilers.llvm.clang.1_0.compiler (in target 'FBLPromises' from project 'Promises')
    cd /Users/emanuelflury/github/TaxedGmbH_IOS/TaxedGmbH_IOS.xcodeproj
    
    Using response file: /Users/emanuelflury/Library/Developer/Xcode/DerivedData/TaxedGmbH_IOS-gerngfqzuwudosgobknlgtoawnlj/Build/Intermediates.noindex/Promises.build/Debug-iphoneos/FBLPromises.build/Objects-normal/arm64/e6072d4f65d7061329687fe24e3d63a7-common-args.resp
    
    /Applications/Xcode.app/Contents/Developer/Toolchains/XcodeDefault.xctoolchain/usr/bin/clang -x objective-c -ivfsstatcache /Users/emanuelflury/Library/Developer/Xcode/DerivedData/SDKStatCaches.noindex/iphoneos26.1-23B77-69b33fc7382b27d9b5d46e82a00f8e78.sdkstatcache -fmessage-length\=0 -fdiagnostics-show-note-include-stack -fmacro-backtrace-limit\=0 -fno-color-diagnostics -fmodules-prune-interval\=86400 -fmodules-prune-after\=345600 -fbuild-session-file\=/Users/emanuelflury/Library/Developer/Xcode/DerivedData/ModuleCache.noindex/Session.modulevalidation -fmodules-validate-once-per-build-session -Wnon-modular-include-in-framework-module -Werror\=non-modular-include-in-framework-module -Wno-trigraphs -Wno-missing-field-initializers -Wno-missing-prototypes -Wno-return-type -Wno-implicit-atomic-properties -Wno-objc-interface-ivars -Wno-arc-repeated-use-of-weak -Wno-missing-braces -Wparentheses -Wswitch -Wno-unused-function -Wno-unused-label -Wno-unused-parameter -Wno-unused-variable -Wunused-value -Wno-empty-body -Wno-uninitialized -Wno-unknown-pragmas -w -Wno-shadow -Wno-four-char-constants -Wno-conversion -Wno-constant-conversion -Wno-int-conversion -Wno-bool-conversion -Wno-enum-conversion -Wno-float-conversion -Wno-non-literal-null-conversion -Wno-objc-literal-conversion -Wshorten-64-to-32 -Wpointer-sign -Wno-newline-eof -Wno-selector -Wno-strict-selector-match -Wno-undeclared-selector -Wno-deprecated-implementations -Wno-implicit-fallthrough -fstrict-aliasing -Wprotocol -Wdeprecated-declarations -Wno-sign-conversion -Wno-infinite-recursion -Wno-comma -Wno-block-capture-autoreleasing -Wno-strict-prototypes -Wno-semicolon-before-method-body -index-store-path /Users/emanuelflury/Library/Developer/Xcode/DerivedData/TaxedGmbH_IOS-gerngfqzuwudosgobknlgtoawnlj/Index.noindex/DataStore @/Users/emanuelflury/Library/Developer/Xcode/DerivedData/TaxedGmbH_IOS-gerngfqzuwudosgobknlgtoawnlj/Build/Intermediates.noindex/Promises.build/Debug-iphoneos/FBLPromises.build/Objects-normal/arm64/e6072d4f65d7061329687fe24e3d63a7-common-args.resp -include /Users/emanuelflury/Library/Developer/Xcode/DerivedData/TaxedGmbH_IOS-gerngfqzuwudosgobknlgtoawnlj/Build/Intermediates.noindex/Promises.build/Debug-iphoneos/FBLPromises.build/DerivedSources/resource_bundle_accessor.h -MMD -MT dependencies -MF /Users/emanuelflury/Library/Developer/Xcode/DerivedData/TaxedGmbH_IOS-gerngfqzuwudosgobknlgtoawnlj/Build/Intermediates.noindex/Promises.build/Debug-iphoneos/FBLPromises.build/Objects-normal/arm64/FBLPromise+Delay.d --serialize-diagnostics /Users/emanuelflury/Library/Developer/Xcode/DerivedData/TaxedGmbH_IOS-gerngfqzuwudosgobknlgtoawnlj/Build/Intermediates.noindex/Promises.build/Debug-iphoneos/FBLPromises.build/Objects-normal/arm64/FBLPromise+Delay.dia -c /Users/emanuelflury/Library/Developer/Xcode/DerivedData/TaxedGmbH_IOS-gerngfqzuwudosgobknlgtoawnlj/SourcePackages/checkouts/promises/Sources/FBLPromises/FBLPromise+Delay.m -o /Users/emanuelflury/Library/Developer/Xcode/DerivedData/TaxedGmbH_IOS-gerngfqzuwudosgobknlgtoawnlj/Build/Intermediates.noindex/Promises.build/Debug-iphoneos/FBLPromises.build/Objects-normal/arm64/FBLPromise+Delay.o -index-unit-output-path /Promises.build/Debug-iphoneos/FBLPromises.build/Objects-normal/arm64/FBLPromise+Delay.o

CompileC /Users/emanuelflury/Library/Developer/Xcode/DerivedData/TaxedGmbH_IOS-gerngfqzuwudosgobknlgtoawnlj/Build/Intermediates.noindex/Promises.build/Debug-iphoneos/FBLPromises.build/Objects-normal/arm64/FBLPromise+Catch.o /Users/emanuelflury/Library/Developer/Xcode/DerivedData/TaxedGmbH_IOS-gerngfqzuwudosgobknlgtoawnlj/SourcePackages/checkouts/promises/Sources/FBLPromises/FBLPromise+Catch.m normal arm64 objective-c com.apple.compilers.llvm.clang.1_0.compiler (in target 'FBLPromises' from project 'Promises')
    cd /Users/emanuelflury/github/TaxedGmbH_IOS/TaxedGmbH_IOS.xcodeproj
    
    Using response file: /Users/emanuelflury/Library/Developer/Xcode/DerivedData/TaxedGmbH_IOS-gerngfqzuwudosgobknlgtoawnlj/Build/Intermediates.noindex/Promises.build/Debug-iphoneos/FBLPromises.build/Objects-normal/arm64/e6072d4f65d7061329687fe24e3d63a7-common-args.resp
    
    /Applications/Xcode.app/Contents/Developer/Toolchains/XcodeDefault.xctoolchain/usr/bin/clang -x objective-c -ivfsstatcache /Users/emanuelflury/Library/Developer/Xcode/DerivedData/SDKStatCaches.noindex/iphoneos26.1-23B77-69b33fc7382b27d9b5d46e82a00f8e78.sdkstatcache -fmessage-length\=0 -fdiagnostics-show-note-include-stack -fmacro-backtrace-limit\=0 -fno-color-diagnostics -fmodules-prune-interval\=86400 -fmodules-prune-after\=345600 -fbuild-session-file\=/Users/emanuelflury/Library/Developer/Xcode/DerivedData/ModuleCache.noindex/Session.modulevalidation -fmodules-validate-once-per-build-session -Wnon-modular-include-in-framework-module -Werror\=non-modular-include-in-framework-module -Wno-trigraphs -Wno-missing-field-initializers -Wno-missing-prototypes -Wno-return-type -Wno-implicit-atomic-properties -Wno-objc-interface-ivars -Wno-arc-repeated-use-of-weak -Wno-missing-braces -Wparentheses -Wswitch -Wno-unused-function -Wno-unused-label -Wno-unused-parameter -Wno-unused-variable -Wunused-value -Wno-empty-body -Wno-uninitialized -Wno-unknown-pragmas -w -Wno-shadow -Wno-four-char-constants -Wno-conversion -Wno-constant-conversion -Wno-int-conversion -Wno-bool-conversion -Wno-enum-conversion -Wno-float-conversion -Wno-non-literal-null-conversion -Wno-objc-literal-conversion -Wshorten-64-to-32 -Wpointer-sign -Wno-newline-eof -Wno-selector -Wno-strict-selector-match -Wno-undeclared-selector -Wno-deprecated-implementations -Wno-implicit-fallthrough -fstrict-aliasing -Wprotocol -Wdeprecated-declarations -Wno-sign-conversion -Wno-infinite-recursion -Wno-comma -Wno-block-capture-autoreleasing -Wno-strict-prototypes -Wno-semicolon-before-method-body -index-store-path /Users/emanuelflury/Library/Developer/Xcode/DerivedData/TaxedGmbH_IOS-gerngfqzuwudosgobknlgtoawnlj/Index.noindex/DataStore @/Users/emanuelflury/Library/Developer/Xcode/DerivedData/TaxedGmbH_IOS-gerngfqzuwudosgobknlgtoawnlj/Build/Intermediates.noindex/Promises.build/Debug-iphoneos/FBLPromises.build/Objects-normal/arm64/e6072d4f65d7061329687fe24e3d63a7-common-args.resp -include /Users/emanuelflury/Library/Developer/Xcode/DerivedData/TaxedGmbH_IOS-gerngfqzuwudosgobknlgtoawnlj/Build/Intermediates.noindex/Promises.build/Debug-iphoneos/FBLPromises.build/DerivedSources/resource_bundle_accessor.h -MMD -MT dependencies -MF /Users/emanuelflury/Library/Developer/Xcode/DerivedData/TaxedGmbH_IOS-gerngfqzuwudosgobknlgtoawnlj/Build/Intermediates.noindex/Promises.build/Debug-iphoneos/FBLPromises.build/Objects-normal/arm64/FBLPromise+Catch.d --serialize-diagnostics /Users/emanuelflury/Library/Developer/Xcode/DerivedData/TaxedGmbH_IOS-gerngfqzuwudosgobknlgtoawnlj/Build/Intermediates.noindex/Promises.build/Debug-iphoneos/FBLPromises.build/Objects-normal/arm64/FBLPromise+Catch.dia -c /Users/emanuelflury/Library/Developer/Xcode/DerivedData/TaxedGmbH_IOS-gerngfqzuwudosgobknlgtoawnlj/SourcePackages/checkouts/promises/Sources/FBLPromises/FBLPromise+Catch.m -o /Users/emanuelflury/Library/Developer/Xcode/DerivedData/TaxedGmbH_IOS-gerngfqzuwudosgobknlgtoawnlj/Build/Intermediates.noindex/Promises.build/Debug-iphoneos/FBLPromises.build/Objects-normal/arm64/FBLPromise+Catch.o -index-unit-output-path /Promises.build/Debug-iphoneos/FBLPromises.build/Objects-normal/arm64/FBLPromise+Catch.o

CompileC /Users/emanuelflury/Library/Developer/Xcode/DerivedData/TaxedGmbH_IOS-gerngfqzuwudosgobknlgtoawnlj/Build/Intermediates.noindex/Promises.build/Debug-iphoneos/FBLPromises.build/Objects-normal/arm64/FBLPromise+Await.o /Users/emanuelflury/Library/Developer/Xcode/DerivedData/TaxedGmbH_IOS-gerngfqzuwudosgobknlgtoawnlj/SourcePackages/checkouts/promises/Sources/FBLPromises/FBLPromise+Await.m normal arm64 objective-c com.apple.compilers.llvm.clang.1_0.compiler (in target 'FBLPromises' from project 'Promises')
    cd /Users/emanuelflury/github/TaxedGmbH_IOS/TaxedGmbH_IOS.xcodeproj
    
    Using response file: /Users/emanuelflury/Library/Developer/Xcode/DerivedData/TaxedGmbH_IOS-gerngfqzuwudosgobknlgtoawnlj/Build/Intermediates.noindex/Promises.build/Debug-iphoneos/FBLPromises.build/Objects-normal/arm64/e6072d4f65d7061329687fe24e3d63a7-common-args.resp
    
    /Applications/Xcode.app/Contents/Developer/Toolchains/XcodeDefault.xctoolchain/usr/bin/clang -x objective-c -ivfsstatcache /Users/emanuelflury/Library/Developer/Xcode/DerivedData/SDKStatCaches.noindex/iphoneos26.1-23B77-69b33fc7382b27d9b5d46e82a00f8e78.sdkstatcache -fmessage-length\=0 -fdiagnostics-show-note-include-stack -fmacro-backtrace-limit\=0 -fno-color-diagnostics -fmodules-prune-interval\=86400 -fmodules-prune-after\=345600 -fbuild-session-file\=/Users/emanuelflury/Library/Developer/Xcode/DerivedData/ModuleCache.noindex/Session.modulevalidation -fmodules-validate-once-per-build-session -Wnon-modular-include-in-framework-module -Werror\=non-modular-include-in-framework-module -Wno-trigraphs -Wno-missing-field-initializers -Wno-missing-prototypes -Wno-return-type -Wno-implicit-atomic-properties -Wno-objc-interface-ivars -Wno-arc-repeated-use-of-weak -Wno-missing-braces -Wparentheses -Wswitch -Wno-unused-function -Wno-unused-label -Wno-unused-parameter -Wno-unused-variable -Wunused-value -Wno-empty-body -Wno-uninitialized -Wno-unknown-pragmas -w -Wno-shadow -Wno-four-char-constants -Wno-conversion -Wno-constant-conversion -Wno-int-conversion -Wno-bool-conversion -Wno-enum-conversion -Wno-float-conversion -Wno-non-literal-null-conversion -Wno-objc-literal-conversion -Wshorten-64-to-32 -Wpointer-sign -Wno-newline-eof -Wno-selector -Wno-strict-selector-match -Wno-undeclared-selector -Wno-deprecated-implementations -Wno-implicit-fallthrough -fstrict-aliasing -Wprotocol -Wdeprecated-declarations -Wno-sign-conversion -Wno-infinite-recursion -Wno-comma -Wno-block-capture-autoreleasing -Wno-strict-prototypes -Wno-semicolon-before-method-body -index-store-path /Users/emanuelflury/Library/Developer/Xcode/DerivedData/TaxedGmbH_IOS-gerngfqzuwudosgobknlgtoawnlj/Index.noindex/DataStore @/Users/emanuelflury/Library/Developer/Xcode/DerivedData/TaxedGmbH_IOS-gerngfqzuwudosgobknlgtoawnlj/Build/Intermediates.noindex/Promises.build/Debug-iphoneos/FBLPromises.build/Objects-normal/arm64/e6072d4f65d7061329687fe24e3d63a7-common-args.resp -include /Users/emanuelflury/Library/Developer/Xcode/DerivedData/TaxedGmbH_IOS-gerngfqzuwudosgobknlgtoawnlj/Build/Intermediates.noindex/Promises.build/Debug-iphoneos/FBLPromises.build/DerivedSources/resource_bundle_accessor.h -MMD -MT dependencies -MF /Users/emanuelflury/Library/Developer/Xcode/DerivedData/TaxedGmbH_IOS-gerngfqzuwudosgobknlgtoawnlj/Build/Intermediates.noindex/Promises.build/Debug-iphoneos/FBLPromises.build/Objects-normal/arm64/FBLPromise+Await.d --serialize-diagnostics /Users/emanuelflury/Library/Developer/Xcode/DerivedData/TaxedGmbH_IOS-gerngfqzuwudosgobknlgtoawnlj/Build/Intermediates.noindex/Promises.build/Debug-iphoneos/FBLPromises.build/Objects-normal/arm64/FBLPromise+Await.dia -c /Users/emanuelflury/Library/Developer/Xcode/DerivedData/TaxedGmbH_IOS-gerngfqzuwudosgobknlgtoawnlj/SourcePackages/checkouts/promises/Sources/FBLPromises/FBLPromise+Await.m -o /Users/emanuelflury/Library/Developer/Xcode/DerivedData/TaxedGmbH_IOS-gerngfqzuwudosgobknlgtoawnlj/Build/Intermediates.noindex/Promises.build/Debug-iphoneos/FBLPromises.build/Objects-normal/arm64/FBLPromise+Await.o -index-unit-output-path /Promises.build/Debug-iphoneos/FBLPromises.build/Objects-normal/arm64/FBLPromise+Await.o

CompileC /Users/emanuelflury/Library/Developer/Xcode/DerivedData/TaxedGmbH_IOS-gerngfqzuwudosgobknlgtoawnlj/Build/Intermediates.noindex/Promises.build/Debug-iphoneos/FBLPromises.build/Objects-normal/arm64/FBLPromise+Async.o /Users/emanuelflury/Library/Developer/Xcode/DerivedData/TaxedGmbH_IOS-gerngfqzuwudosgobknlgtoawnlj/SourcePackages/checkouts/promises/Sources/FBLPromises/FBLPromise+Async.m normal arm64 objective-c com.apple.compilers.llvm.clang.1_0.compiler (in target 'FBLPromises' from project 'Promises')
    cd /Users/emanuelflury/github/TaxedGmbH_IOS/TaxedGmbH_IOS.xcodeproj
    
    Using response file: /Users/emanuelflury/Library/Developer/Xcode/DerivedData/TaxedGmbH_IOS-gerngfqzuwudosgobknlgtoawnlj/Build/Intermediates.noindex/Promises.build/Debug-iphoneos/FBLPromises.build/Objects-normal/arm64/e6072d4f65d7061329687fe24e3d63a7-common-args.resp
    
    /Applications/Xcode.app/Contents/Developer/Toolchains/XcodeDefault.xctoolchain/usr/bin/clang -x objective-c -ivfsstatcache /Users/emanuelflury/Library/Developer/Xcode/DerivedData/SDKStatCaches.noindex/iphoneos26.1-23B77-69b33fc7382b27d9b5d46e82a00f8e78.sdkstatcache -fmessage-length\=0 -fdiagnostics-show-note-include-stack -fmacro-backtrace-limit\=0 -fno-color-diagnostics -fmodules-prune-interval\=86400 -fmodules-prune-after\=345600 -fbuild-session-file\=/Users/emanuelflury/Library/Developer/Xcode/DerivedData/ModuleCache.noindex/Session.modulevalidation -fmodules-validate-once-per-build-session -Wnon-modular-include-in-framework-module -Werror\=non-modular-include-in-framework-module -Wno-trigraphs -Wno-missing-field-initializers -Wno-missing-prototypes -Wno-return-type -Wno-implicit-atomic-properties -Wno-objc-interface-ivars -Wno-arc-repeated-use-of-weak -Wno-missing-braces -Wparentheses -Wswitch -Wno-unused-function -Wno-unused-label -Wno-unused-parameter -Wno-unused-variable -Wunused-value -Wno-empty-body -Wno-uninitialized -Wno-unknown-pragmas -w -Wno-shadow -Wno-four-char-constants -Wno-conversion -Wno-constant-conversion -Wno-int-conversion -Wno-bool-conversion -Wno-enum-conversion -Wno-float-conversion -Wno-non-literal-null-conversion -Wno-objc-literal-conversion -Wshorten-64-to-32 -Wpointer-sign -Wno-newline-eof -Wno-selector -Wno-strict-selector-match -Wno-undeclared-selector -Wno-deprecated-implementations -Wno-implicit-fallthrough -fstrict-aliasing -Wprotocol -Wdeprecated-declarations -Wno-sign-conversion -Wno-infinite-recursion -Wno-comma -Wno-block-capture-autoreleasing -Wno-strict-prototypes -Wno-semicolon-before-method-body -index-store-path /Users/emanuelflury/Library/Developer/Xcode/DerivedData/TaxedGmbH_IOS-gerngfqzuwudosgobknlgtoawnlj/Index.noindex/DataStore @/Users/emanuelflury/Library/Developer/Xcode/DerivedData/TaxedGmbH_IOS-gerngfqzuwudosgobknlgtoawnlj/Build/Intermediates.noindex/Promises.build/Debug-iphoneos/FBLPromises.build/Objects-normal/arm64/e6072d4f65d7061329687fe24e3d63a7-common-args.resp -include /Users/emanuelflury/Library/Developer/Xcode/DerivedData/TaxedGmbH_IOS-gerngfqzuwudosgobknlgtoawnlj/Build/Intermediates.noindex/Promises.build/Debug-iphoneos/FBLPromises.build/DerivedSources/resource_bundle_accessor.h -MMD -MT dependencies -MF /Users/emanuelflury/Library/Developer/Xcode/DerivedData/TaxedGmbH_IOS-gerngfqzuwudosgobknlgtoawnlj/Build/Intermediates.noindex/Promises.build/Debug-iphoneos/FBLPromises.build/Objects-normal/arm64/FBLPromise+Async.d --serialize-diagnostics /Users/emanuelflury/Library/Developer/Xcode/DerivedData/TaxedGmbH_IOS-gerngfqzuwudosgobknlgtoawnlj/Build/Intermediates.noindex/Promises.build/Debug-iphoneos/FBLPromises.build/Objects-normal/arm64/FBLPromise+Async.dia -c /Users/emanuelflury/Library/Developer/Xcode/DerivedData/TaxedGmbH_IOS-gerngfqzuwudosgobknlgtoawnlj/SourcePackages/checkouts/promises/Sources/FBLPromises/FBLPromise+Async.m -o /Users/emanuelflury/Library/Developer/Xcode/DerivedData/TaxedGmbH_IOS-gerngfqzuwudosgobknlgtoawnlj/Build/Intermediates.noindex/Promises.build/Debug-iphoneos/FBLPromises.build/Objects-normal/arm64/FBLPromise+Async.o -index-unit-output-path /Promises.build/Debug-iphoneos/FBLPromises.build/Objects-normal/arm64/FBLPromise+Async.o

CompileC /Users/emanuelflury/Library/Developer/Xcode/DerivedData/TaxedGmbH_IOS-gerngfqzuwudosgobknlgtoawnlj/Build/Intermediates.noindex/Promises.build/Debug-iphoneos/FBLPromises.build/Objects-normal/arm64/FBLPromise+Any.o /Users/emanuelflury/Library/Developer/Xcode/DerivedData/TaxedGmbH_IOS-gerngfqzuwudosgobknlgtoawnlj/SourcePackages/checkouts/promises/Sources/FBLPromises/FBLPromise+Any.m normal arm64 objective-c com.apple.compilers.llvm.clang.1_0.compiler (in target 'FBLPromises' from project 'Promises')
    cd /Users/emanuelflury/github/TaxedGmbH_IOS/TaxedGmbH_IOS.xcodeproj
    
    Using response file: /Users/emanuelflury/Library/Developer/Xcode/DerivedData/TaxedGmbH_IOS-gerngfqzuwudosgobknlgtoawnlj/Build/Intermediates.noindex/Promises.build/Debug-iphoneos/FBLPromises.build/Objects-normal/arm64/e6072d4f65d7061329687fe24e3d63a7-common-args.resp
    
    /Applications/Xcode.app/Contents/Developer/Toolchains/XcodeDefault.xctoolchain/usr/bin/clang -x objective-c -ivfsstatcache /Users/emanuelflury/Library/Developer/Xcode/DerivedData/SDKStatCaches.noindex/iphoneos26.1-23B77-69b33fc7382b27d9b5d46e82a00f8e78.sdkstatcache -fmessage-length\=0 -fdiagnostics-show-note-include-stack -fmacro-backtrace-limit\=0 -fno-color-diagnostics -fmodules-prune-interval\=86400 -fmodules-prune-after\=345600 -fbuild-session-file\=/Users/emanuelflury/Library/Developer/Xcode/DerivedData/ModuleCache.noindex/Session.modulevalidation -fmodules-validate-once-per-build-session -Wnon-modular-include-in-framework-module -Werror\=non-modular-include-in-framework-module -Wno-trigraphs -Wno-missing-field-initializers -Wno-missing-prototypes -Wno-return-type -Wno-implicit-atomic-properties -Wno-objc-interface-ivars -Wno-arc-repeated-use-of-weak -Wno-missing-braces -Wparentheses -Wswitch -Wno-unused-function -Wno-unused-label -Wno-unused-parameter -Wno-unused-variable -Wunused-value -Wno-empty-body -Wno-uninitialized -Wno-unknown-pragmas -w -Wno-shadow -Wno-four-char-constants -Wno-conversion -Wno-constant-conversion -Wno-int-conversion -Wno-bool-conversion -Wno-enum-conversion -Wno-float-conversion -Wno-non-literal-null-conversion -Wno-objc-literal-conversion -Wshorten-64-to-32 -Wpointer-sign -Wno-newline-eof -Wno-selector -Wno-strict-selector-match -Wno-undeclared-selector -Wno-deprecated-implementations -Wno-implicit-fallthrough -fstrict-aliasing -Wprotocol -Wdeprecated-declarations -Wno-sign-conversion -Wno-infinite-recursion -Wno-comma -Wno-block-capture-autoreleasing -Wno-strict-prototypes -Wno-semicolon-before-method-body -index-store-path /Users/emanuelflury/Library/Developer/Xcode/DerivedData/TaxedGmbH_IOS-gerngfqzuwudosgobknlgtoawnlj/Index.noindex/DataStore @/Users/emanuelflury/Library/Developer/Xcode/DerivedData/TaxedGmbH_IOS-gerngfqzuwudosgobknlgtoawnlj/Build/Intermediates.noindex/Promises.build/Debug-iphoneos/FBLPromises.build/Objects-normal/arm64/e6072d4f65d7061329687fe24e3d63a7-common-args.resp -include /Users/emanuelflury/Library/Developer/Xcode/DerivedData/TaxedGmbH_IOS-gerngfqzuwudosgobknlgtoawnlj/Build/Intermediates.noindex/Promises.build/Debug-iphoneos/FBLPromises.build/DerivedSources/resource_bundle_accessor.h -MMD -MT dependencies -MF /Users/emanuelflury/Library/Developer/Xcode/DerivedData/TaxedGmbH_IOS-gerngfqzuwudosgobknlgtoawnlj/Build/Intermediates.noindex/Promises.build/Debug-iphoneos/FBLPromises.build/Objects-normal/arm64/FBLPromise+Any.d --serialize-diagnostics /Users/emanuelflury/Library/Developer/Xcode/DerivedData/TaxedGmbH_IOS-gerngfqzuwudosgobknlgtoawnlj/Build/Intermediates.noindex/Promises.build/Debug-iphoneos/FBLPromises.build/Objects-normal/arm64/FBLPromise+Any.dia -c /Users/emanuelflury/Library/Developer/Xcode/DerivedData/TaxedGmbH_IOS-gerngfqzuwudosgobknlgtoawnlj/SourcePackages/checkouts/promises/Sources/FBLPromises/FBLPromise+Any.m -o /Users/emanuelflury/Library/Developer/Xcode/DerivedData/TaxedGmbH_IOS-gerngfqzuwudosgobknlgtoawnlj/Build/Intermediates.noindex/Promises.build/Debug-iphoneos/FBLPromises.build/Objects-normal/arm64/FBLPromise+Any.o -index-unit-output-path /Promises.build/Debug-iphoneos/FBLPromises.build/Objects-normal/arm64/FBLPromise+Any.o

CompileC /Users/emanuelflury/Library/Developer/Xcode/DerivedData/TaxedGmbH_IOS-gerngfqzuwudosgobknlgtoawnlj/Build/Intermediates.noindex/Promises.build/Debug-iphoneos/FBLPromises.build/Objects-normal/arm64/FBLPromise+Always.o /Users/emanuelflury/Library/Developer/Xcode/DerivedData/TaxedGmbH_IOS-gerngfqzuwudosgobknlgtoawnlj/SourcePackages/checkouts/promises/Sources/FBLPromises/FBLPromise+Always.m normal arm64 objective-c com.apple.compilers.llvm.clang.1_0.compiler (in target 'FBLPromises' from project 'Promises')
    cd /Users/emanuelflury/github/TaxedGmbH_IOS/TaxedGmbH_IOS.xcodeproj
    
    Using response file: /Users/emanuelflury/Library/Developer/Xcode/DerivedData/TaxedGmbH_IOS-gerngfqzuwudosgobknlgtoawnlj/Build/Intermediates.noindex/Promises.build/Debug-iphoneos/FBLPromises.build/Objects-normal/arm64/e6072d4f65d7061329687fe24e3d63a7-common-args.resp
    
    /Applications/Xcode.app/Contents/Developer/Toolchains/XcodeDefault.xctoolchain/usr/bin/clang -x objective-c -ivfsstatcache /Users/emanuelflury/Library/Developer/Xcode/DerivedData/SDKStatCaches.noindex/iphoneos26.1-23B77-69b33fc7382b27d9b5d46e82a00f8e78.sdkstatcache -fmessage-length\=0 -fdiagnostics-show-note-include-stack -fmacro-backtrace-limit\=0 -fno-color-diagnostics -fmodules-prune-interval\=86400 -fmodules-prune-after\=345600 -fbuild-session-file\=/Users/emanuelflury/Library/Developer/Xcode/DerivedData/ModuleCache.noindex/Session.modulevalidation -fmodules-validate-once-per-build-session -Wnon-modular-include-in-framework-module -Werror\=non-modular-include-in-framework-module -Wno-trigraphs -Wno-missing-field-initializers -Wno-missing-prototypes -Wno-return-type -Wno-implicit-atomic-properties -Wno-objc-interface-ivars -Wno-arc-repeated-use-of-weak -Wno-missing-braces -Wparentheses -Wswitch -Wno-unused-function -Wno-unused-label -Wno-unused-parameter -Wno-unused-variable -Wunused-value -Wno-empty-body -Wno-uninitialized -Wno-unknown-pragmas -w -Wno-shadow -Wno-four-char-constants -Wno-conversion -Wno-constant-conversion -Wno-int-conversion -Wno-bool-conversion -Wno-enum-conversion -Wno-float-conversion -Wno-non-literal-null-conversion -Wno-objc-literal-conversion -Wshorten-64-to-32 -Wpointer-sign -Wno-newline-eof -Wno-selector -Wno-strict-selector-match -Wno-undeclared-selector -Wno-deprecated-implementations -Wno-implicit-fallthrough -fstrict-aliasing -Wprotocol -Wdeprecated-declarations -Wno-sign-conversion -Wno-infinite-recursion -Wno-comma -Wno-block-capture-autoreleasing -Wno-strict-prototypes -Wno-semicolon-before-method-body -index-store-path /Users/emanuelflury/Library/Developer/Xcode/DerivedData/TaxedGmbH_IOS-gerngfqzuwudosgobknlgtoawnlj/Index.noindex/DataStore @/Users/emanuelflury/Library/Developer/Xcode/DerivedData/TaxedGmbH_IOS-gerngfqzuwudosgobknlgtoawnlj/Build/Intermediates.noindex/Promises.build/Debug-iphoneos/FBLPromises.build/Objects-normal/arm64/e6072d4f65d7061329687fe24e3d63a7-common-args.resp -include /Users/emanuelflury/Library/Developer/Xcode/DerivedData/TaxedGmbH_IOS-gerngfqzuwudosgobknlgtoawnlj/Build/Intermediates.noindex/Promises.build/Debug-iphoneos/FBLPromises.build/DerivedSources/resource_bundle_accessor.h -MMD -MT dependencies -MF /Users/emanuelflury/Library/Developer/Xcode/DerivedData/TaxedGmbH_IOS-gerngfqzuwudosgobknlgtoawnlj/Build/Intermediates.noindex/Promises.build/Debug-iphoneos/FBLPromises.build/Objects-normal/arm64/FBLPromise+Always.d --serialize-diagnostics /Users/emanuelflury/Library/Developer/Xcode/DerivedData/TaxedGmbH_IOS-gerngfqzuwudosgobknlgtoawnlj/Build/Intermediates.noindex/Promises.build/Debug-iphoneos/FBLPromises.build/Objects-normal/arm64/FBLPromise+Always.dia -c /Users/emanuelflury/Library/Developer/Xcode/DerivedData/TaxedGmbH_IOS-gerngfqzuwudosgobknlgtoawnlj/SourcePackages/checkouts/promises/Sources/FBLPromises/FBLPromise+Always.m -o /Users/emanuelflury/Library/Developer/Xcode/DerivedData/TaxedGmbH_IOS-gerngfqzuwudosgobknlgtoawnlj/Build/Intermediates.noindex/Promises.build/Debug-iphoneos/FBLPromises.build/Objects-normal/arm64/FBLPromise+Always.o -index-unit-output-path /Promises.build/Debug-iphoneos/FBLPromises.build/Objects-normal/arm64/FBLPromise+Always.o

CompileC /Users/emanuelflury/Library/Developer/Xcode/DerivedData/TaxedGmbH_IOS-gerngfqzuwudosgobknlgtoawnlj/Build/Intermediates.noindex/Promises.build/Debug-iphoneos/FBLPromises.build/Objects-normal/arm64/FBLPromise+All.o /Users/emanuelflury/Library/Developer/Xcode/DerivedData/TaxedGmbH_IOS-gerngfqzuwudosgobknlgtoawnlj/SourcePackages/checkouts/promises/Sources/FBLPromises/FBLPromise+All.m normal arm64 objective-c com.apple.compilers.llvm.clang.1_0.compiler (in target 'FBLPromises' from project 'Promises')
    cd /Users/emanuelflury/github/TaxedGmbH_IOS/TaxedGmbH_IOS.xcodeproj
    
    Using response file: /Users/emanuelflury/Library/Developer/Xcode/DerivedData/TaxedGmbH_IOS-gerngfqzuwudosgobknlgtoawnlj/Build/Intermediates.noindex/Promises.build/Debug-iphoneos/FBLPromises.build/Objects-normal/arm64/e6072d4f65d7061329687fe24e3d63a7-common-args.resp
    
    /Applications/Xcode.app/Contents/Developer/Toolchains/XcodeDefault.xctoolchain/usr/bin/clang -x objective-c -ivfsstatcache /Users/emanuelflury/Library/Developer/Xcode/DerivedData/SDKStatCaches.noindex/iphoneos26.1-23B77-69b33fc7382b27d9b5d46e82a00f8e78.sdkstatcache -fmessage-length\=0 -fdiagnostics-show-note-include-stack -fmacro-backtrace-limit\=0 -fno-color-diagnostics -fmodules-prune-interval\=86400 -fmodules-prune-after\=345600 -fbuild-session-file\=/Users/emanuelflury/Library/Developer/Xcode/DerivedData/ModuleCache.noindex/Session.modulevalidation -fmodules-validate-once-per-build-session -Wnon-modular-include-in-framework-module -Werror\=non-modular-include-in-framework-module -Wno-trigraphs -Wno-missing-field-initializers -Wno-missing-prototypes -Wno-return-type -Wno-implicit-atomic-properties -Wno-objc-interface-ivars -Wno-arc-repeated-use-of-weak -Wno-missing-braces -Wparentheses -Wswitch -Wno-unused-function -Wno-unused-label -Wno-unused-parameter -Wno-unused-variable -Wunused-value -Wno-empty-body -Wno-uninitialized -Wno-unknown-pragmas -w -Wno-shadow -Wno-four-char-constants -Wno-conversion -Wno-constant-conversion -Wno-int-conversion -Wno-bool-conversion -Wno-enum-conversion -Wno-float-conversion -Wno-non-literal-null-conversion -Wno-objc-literal-conversion -Wshorten-64-to-32 -Wpointer-sign -Wno-newline-eof -Wno-selector -Wno-strict-selector-match -Wno-undeclared-selector -Wno-deprecated-implementations -Wno-implicit-fallthrough -fstrict-aliasing -Wprotocol -Wdeprecated-declarations -Wno-sign-conversion -Wno-infinite-recursion -Wno-comma -Wno-block-capture-autoreleasing -Wno-strict-prototypes -Wno-semicolon-before-method-body -index-store-path /Users/emanuelflury/Library/Developer/Xcode/DerivedData/TaxedGmbH_IOS-gerngfqzuwudosgobknlgtoawnlj/Index.noindex/DataStore @/Users/emanuelflury/Library/Developer/Xcode/DerivedData/TaxedGmbH_IOS-gerngfqzuwudosgobknlgtoawnlj/Build/Intermediates.noindex/Promises.build/Debug-iphoneos/FBLPromises.build/Objects-normal/arm64/e6072d4f65d7061329687fe24e3d63a7-common-args.resp -include /Users/emanuelflury/Library/Developer/Xcode/DerivedData/TaxedGmbH_IOS-gerngfqzuwudosgobknlgtoawnlj/Build/Intermediates.noindex/Promises.build/Debug-iphoneos/FBLPromises.build/DerivedSources/resource_bundle_accessor.h -MMD -MT dependencies -MF /Users/emanuelflury/Library/Developer/Xcode/DerivedData/TaxedGmbH_IOS-gerngfqzuwudosgobknlgtoawnlj/Build/Intermediates.noindex/Promises.build/Debug-iphoneos/FBLPromises.build/Objects-normal/arm64/FBLPromise+All.d --serialize-diagnostics /Users/emanuelflury/Library/Developer/Xcode/DerivedData/TaxedGmbH_IOS-gerngfqzuwudosgobknlgtoawnlj/Build/Intermediates.noindex/Promises.build/Debug-iphoneos/FBLPromises.build/Objects-normal/arm64/FBLPromise+All.dia -c /Users/emanuelflury/Library/Developer/Xcode/DerivedData/TaxedGmbH_IOS-gerngfqzuwudosgobknlgtoawnlj/SourcePackages/checkouts/promises/Sources/FBLPromises/FBLPromise+All.m -o /Users/emanuelflury/Library/Developer/Xcode/DerivedData/TaxedGmbH_IOS-gerngfqzuwudosgobknlgtoawnlj/Build/Intermediates.noindex/Promises.build/Debug-iphoneos/FBLPromises.build/Objects-normal/arm64/FBLPromise+All.o -index-unit-output-path /Promises.build/Debug-iphoneos/FBLPromises.build/Objects-normal/arm64/FBLPromise+All.o

PrecompileModule /Users/emanuelflury/Library/Developer/Xcode/DerivedData/TaxedGmbH_IOS-gerngfqzuwudosgobknlgtoawnlj/Build/Intermediates.noindex/ExplicitPrecompiledModules/Symbols-E1Q8VGQLL34WD0YCTMEH0XNCU.scan
    cd /
    builtin-precompileModule /Users/emanuelflury/Library/Developer/Xcode/DerivedData/TaxedGmbH_IOS-gerngfqzuwudosgobknlgtoawnlj/Build/Intermediates.noindex/ExplicitPrecompiledModules/Symbols-E1Q8VGQLL34WD0YCTMEH0XNCU.scan

PrecompileModule /Users/emanuelflury/Library/Developer/Xcode/DerivedData/TaxedGmbH_IOS-gerngfqzuwudosgobknlgtoawnlj/Build/Intermediates.noindex/ExplicitPrecompiledModules/IOSurface-2Q7IRVR0OHBL9A1B56T13UXLU.scan
    cd /
    builtin-precompileModule /Users/emanuelflury/Library/Developer/Xcode/DerivedData/TaxedGmbH_IOS-gerngfqzuwudosgobknlgtoawnlj/Build/Intermediates.noindex/ExplicitPrecompiledModules/IOSurface-2Q7IRVR0OHBL9A1B56T13UXLU.scan

PrecompileModule /Users/emanuelflury/Library/Developer/Xcode/DerivedData/TaxedGmbH_IOS-gerngfqzuwudosgobknlgtoawnlj/Build/Intermediates.noindex/ExplicitPrecompiledModules/FileProvider-A04YG56T83APJ3CQNI3DXIJMY.scan
    cd /
    builtin-precompileModule /Users/emanuelflury/Library/Developer/Xcode/DerivedData/TaxedGmbH_IOS-gerngfqzuwudosgobknlgtoawnlj/Build/Intermediates.noindex/ExplicitPrecompiledModules/FileProvider-A04YG56T83APJ3CQNI3DXIJMY.scan

PrecompileModule /Users/emanuelflury/Library/Developer/Xcode/DerivedData/TaxedGmbH_IOS-gerngfqzuwudosgobknlgtoawnlj/Build/Intermediates.noindex/ExplicitPrecompiledModules/UIUtilities-7HEPDFAAT7B8HV2I58N4YBPBV.scan
    cd /
    builtin-precompileModule /Users/emanuelflury/Library/Developer/Xcode/DerivedData/TaxedGmbH_IOS-gerngfqzuwudosgobknlgtoawnlj/Build/Intermediates.noindex/ExplicitPrecompiledModules/UIUtilities-7HEPDFAAT7B8HV2I58N4YBPBV.scan

PrecompileModule /Users/emanuelflury/Library/Developer/Xcode/DerivedData/TaxedGmbH_IOS-gerngfqzuwudosgobknlgtoawnlj/Build/Intermediates.noindex/ExplicitPrecompiledModules/UserNotifications-ET4EIO2EU55EXMPQ86Z1EG491.scan
    cd /
    builtin-precompileModule /Users/emanuelflury/Library/Developer/Xcode/DerivedData/TaxedGmbH_IOS-gerngfqzuwudosgobknlgtoawnlj/Build/Intermediates.noindex/ExplicitPrecompiledModules/UserNotifications-ET4EIO2EU55EXMPQ86Z1EG491.scan

PrecompileModule /Users/emanuelflury/Library/Developer/Xcode/DerivedData/TaxedGmbH_IOS-gerngfqzuwudosgobknlgtoawnlj/Build/Intermediates.noindex/ExplicitPrecompiledModules/Symbols-1DGJ28NZN357553H62V8ZCC0W.scan
    cd /
    builtin-precompileModule /Users/emanuelflury/Library/Developer/Xcode/DerivedData/TaxedGmbH_IOS-gerngfqzuwudosgobknlgtoawnlj/Build/Intermediates.noindex/ExplicitPrecompiledModules/Symbols-1DGJ28NZN357553H62V8ZCC0W.scan

PrecompileModule /Users/emanuelflury/Library/Developer/Xcode/DerivedData/TaxedGmbH_IOS-gerngfqzuwudosgobknlgtoawnlj/Build/Intermediates.noindex/ExplicitPrecompiledModules/OpenGLES-7X9OYKY25MKDHURMK5V5UCIO0.scan
    cd /
    builtin-precompileModule /Users/emanuelflury/Library/Developer/Xcode/DerivedData/TaxedGmbH_IOS-gerngfqzuwudosgobknlgtoawnlj/Build/Intermediates.noindex/ExplicitPrecompiledModules/OpenGLES-7X9OYKY25MKDHURMK5V5UCIO0.scan

Ld /Users/emanuelflury/Library/Developer/Xcode/DerivedData/TaxedGmbH_IOS-gerngfqzuwudosgobknlgtoawnlj/Build/Products/Debug-iphoneos/FBLPromises.o normal (in target 'FBLPromises' from project 'Promises')
    cd /Users/emanuelflury/Library/Developer/Xcode/DerivedData/TaxedGmbH_IOS-gerngfqzuwudosgobknlgtoawnlj/SourcePackages/checkouts/promises
    /Applications/Xcode.app/Contents/Developer/Toolchains/XcodeDefault.xctoolchain/usr/bin/clang -Xlinker -reproducible -target arm64-apple-ios12.0 -r -isysroot /Applications/Xcode.app/Contents/Developer/Platforms/iPhoneOS.platform/Developer/SDKs/iPhoneOS26.1.sdk -O0 -w -L/Users/emanuelflury/Library/Developer/Xcode/DerivedData/TaxedGmbH_IOS-gerngfqzuwudosgobknlgtoawnlj/Build/Intermediates.noindex/EagerLinkingTBDs/Debug-iphoneos -L/Users/emanuelflury/Library/Developer/Xcode/DerivedData/TaxedGmbH_IOS-gerngfqzuwudosgobknlgtoawnlj/Build/Products/Debug-iphoneos -L/Applications/Xcode.app/Contents/Developer/Platforms/iPhoneOS.platform/Developer/usr/lib -F/Users/emanuelflury/Library/Developer/Xcode/DerivedData/TaxedGmbH_IOS-gerngfqzuwudosgobknlgtoawnlj/Build/Intermediates.noindex/EagerLinkingTBDs/Debug-iphoneos -F/Users/emanuelflury/Library/Developer/Xcode/DerivedData/TaxedGmbH_IOS-gerngfqzuwudosgobknlgtoawnlj/Build/Products/Debug-iphoneos -iframework /Applications/Xcode.app/Contents/Developer/Platforms/iPhoneOS.platform/Developer/Library/Frameworks -iframework /Applications/Xcode.app/Contents/Developer/Platforms/iPhoneOS.platform/Developer/SDKs/iPhoneOS26.1.sdk/Developer/Library/Frameworks -filelist /Users/emanuelflury/Library/Developer/Xcode/DerivedData/TaxedGmbH_IOS-gerngfqzuwudosgobknlgtoawnlj/Build/Intermediates.noindex/Promises.build/Debug-iphoneos/FBLPromises.build/Objects-normal/arm64/FBLPromises.LinkFileList -nostdlib -Xlinker -object_path_lto -Xlinker /Users/emanuelflury/Library/Developer/Xcode/DerivedData/TaxedGmbH_IOS-gerngfqzuwudosgobknlgtoawnlj/Build/Intermediates.noindex/Promises.build/Debug-iphoneos/FBLPromises.build/Objects-normal/arm64/FBLPromises_lto.o -rdynamic -Xlinker -no_deduplicate -Xlinker -debug_variant -Xlinker -dependency_info -Xlinker /Users/emanuelflury/Library/Developer/Xcode/DerivedData/TaxedGmbH_IOS-gerngfqzuwudosgobknlgtoawnlj/Build/Intermediates.noindex/Promises.build/Debug-iphoneos/FBLPromises.build/Objects-normal/arm64/FBLPromises_dependency_info.dat -fobjc-arc -fobjc-link-runtime -o /Users/emanuelflury/Library/Developer/Xcode/DerivedData/TaxedGmbH_IOS-gerngfqzuwudosgobknlgtoawnlj/Build/Products/Debug-iphoneos/FBLPromises.o

ScanDependencies /Users/emanuelflury/Library/Developer/Xcode/DerivedData/TaxedGmbH_IOS-gerngfqzuwudosgobknlgtoawnlj/Build/Intermediates.noindex/GoogleDataTransport.build/Debug-iphoneos/GoogleDataTransport.build/Objects-normal/arm64/GDTCORLifecycle.o /Users/emanuelflury/Library/Developer/Xcode/DerivedData/TaxedGmbH_IOS-gerngfqzuwudosgobknlgtoawnlj/SourcePackages/checkouts/GoogleDataTransport/GoogleDataTransport/GDTCORLibrary/GDTCORLifecycle.m normal arm64 objective-c com.apple.compilers.llvm.clang.1_0.compiler (in target 'GoogleDataTransport' from project 'GoogleDataTransport')
    cd /Users/emanuelflury/github/TaxedGmbH_IOS/TaxedGmbH_IOS.xcodeproj
    
    Using response file: /Users/emanuelflury/Library/Developer/Xcode/DerivedData/TaxedGmbH_IOS-gerngfqzuwudosgobknlgtoawnlj/Build/Intermediates.noindex/GoogleDataTransport.build/Debug-iphoneos/GoogleDataTransport.build/Objects-normal/arm64/e6072d4f65d7061329687fe24e3d63a7-common-args.resp
    
    builtin-ScanDependencies -o /Users/emanuelflury/Library/Developer/Xcode/DerivedData/TaxedGmbH_IOS-gerngfqzuwudosgobknlgtoawnlj/Build/Intermediates.noindex/GoogleDataTransport.build/Debug-iphoneos/GoogleDataTransport.build/Objects-normal/arm64/GDTCORLifecycle.o.scan -- /Applications/Xcode.app/Contents/Developer/Toolchains/XcodeDefault.xctoolchain/usr/bin/clang -x objective-c -ivfsstatcache /Users/emanuelflury/Library/Developer/Xcode/DerivedData/SDKStatCaches.noindex/iphoneos26.1-23B77-69b33fc7382b27d9b5d46e82a00f8e78.sdkstatcache -fmessage-length\=0 -fdiagnostics-show-note-include-stack -fmacro-backtrace-limit\=0 -fno-color-diagnostics -fmodules-prune-interval\=86400 -fmodules-prune-after\=345600 -fbuild-session-file\=/Users/emanuelflury/Library/Developer/Xcode/DerivedData/ModuleCache.noindex/Session.modulevalidation -fmodules-validate-once-per-build-session -Wnon-modular-include-in-framework-module -Werror\=non-modular-include-in-framework-module -Wno-trigraphs -Wno-missing-field-initializers -Wno-missing-prototypes -Wno-return-type -Wno-implicit-atomic-properties -Wno-objc-interface-ivars -Wno-arc-repeated-use-of-weak -Wno-missing-braces -Wparentheses -Wswitch -Wno-unused-function -Wno-unused-label -Wno-unused-parameter -Wno-unused-variable -Wunused-value -Wno-empty-body -Wno-uninitialized -Wno-unknown-pragmas -w -Wno-shadow -Wno-four-char-constants -Wno-conversion -Wno-constant-conversion -Wno-int-conversion -Wno-bool-conversion -Wno-enum-conversion -Wno-float-conversion -Wno-non-literal-null-conversion -Wno-objc-literal-conversion -Wshorten-64-to-32 -Wpointer-sign -Wno-newline-eof -Wno-selector -Wno-strict-selector-match -Wno-undeclared-selector -Wno-deprecated-implementations -Wno-implicit-fallthrough -fstrict-aliasing -Wprotocol -Wdeprecated-declarations -Wno-sign-conversion -Wno-infinite-recursion -Wno-comma -Wno-block-capture-autoreleasing -Wno-strict-prototypes -Wno-semicolon-before-method-body -index-store-path /Users/emanuelflury/Library/Developer/Xcode/DerivedData/TaxedGmbH_IOS-gerngfqzuwudosgobknlgtoawnlj/Index.noindex/DataStore @/Users/emanuelflury/Library/Developer/Xcode/DerivedData/TaxedGmbH_IOS-gerngfqzuwudosgobknlgtoawnlj/Build/Intermediates.noindex/GoogleDataTransport.build/Debug-iphoneos/GoogleDataTransport.build/Objects-normal/arm64/e6072d4f65d7061329687fe24e3d63a7-common-args.resp -include /Users/emanuelflury/Library/Developer/Xcode/DerivedData/TaxedGmbH_IOS-gerngfqzuwudosgobknlgtoawnlj/Build/Intermediates.noindex/GoogleDataTransport.build/Debug-iphoneos/GoogleDataTransport.build/DerivedSources/resource_bundle_accessor.h -MMD -MT dependencies -MF /Users/emanuelflury/Library/Developer/Xcode/DerivedData/TaxedGmbH_IOS-gerngfqzuwudosgobknlgtoawnlj/Build/Intermediates.noindex/GoogleDataTransport.build/Debug-iphoneos/GoogleDataTransport.build/Objects-normal/arm64/GDTCORLifecycle.d --serialize-diagnostics /Users/emanuelflury/Library/Developer/Xcode/DerivedData/TaxedGmbH_IOS-gerngfqzuwudosgobknlgtoawnlj/Build/Intermediates.noindex/GoogleDataTransport.build/Debug-iphoneos/GoogleDataTransport.build/Objects-normal/arm64/GDTCORLifecycle.dia -c /Users/emanuelflury/Library/Developer/Xcode/DerivedData/TaxedGmbH_IOS-gerngfqzuwudosgobknlgtoawnlj/SourcePackages/checkouts/GoogleDataTransport/GoogleDataTransport/GDTCORLibrary/GDTCORLifecycle.m -o /Users/emanuelflury/Library/Developer/Xcode/DerivedData/TaxedGmbH_IOS-gerngfqzuwudosgobknlgtoawnlj/Build/Intermediates.noindex/GoogleDataTransport.build/Debug-iphoneos/GoogleDataTransport.build/Objects-normal/arm64/GDTCORLifecycle.o -index-unit-output-path /GoogleDataTransport.build/Debug-iphoneos/GoogleDataTransport.build/Objects-normal/arm64/GDTCORLifecycle.o

ScanDependencies /Users/emanuelflury/Library/Developer/Xcode/DerivedData/TaxedGmbH_IOS-gerngfqzuwudosgobknlgtoawnlj/Build/Intermediates.noindex/GoogleDataTransport.build/Debug-iphoneos/GoogleDataTransport.build/Objects-normal/arm64/GDTCORFlatFileStorage.o /Users/emanuelflury/Library/Developer/Xcode/DerivedData/TaxedGmbH_IOS-gerngfqzuwudosgobknlgtoawnlj/SourcePackages/checkouts/GoogleDataTransport/GoogleDataTransport/GDTCORLibrary/GDTCORFlatFileStorage.m normal arm64 objective-c com.apple.compilers.llvm.clang.1_0.compiler (in target 'GoogleDataTransport' from project 'GoogleDataTransport')
    cd /Users/emanuelflury/github/TaxedGmbH_IOS/TaxedGmbH_IOS.xcodeproj
    
    Using response file: /Users/emanuelflury/Library/Developer/Xcode/DerivedData/TaxedGmbH_IOS-gerngfqzuwudosgobknlgtoawnlj/Build/Intermediates.noindex/GoogleDataTransport.build/Debug-iphoneos/GoogleDataTransport.build/Objects-normal/arm64/e6072d4f65d7061329687fe24e3d63a7-common-args.resp
    
    builtin-ScanDependencies -o /Users/emanuelflury/Library/Developer/Xcode/DerivedData/TaxedGmbH_IOS-gerngfqzuwudosgobknlgtoawnlj/Build/Intermediates.noindex/GoogleDataTransport.build/Debug-iphoneos/GoogleDataTransport.build/Objects-normal/arm64/GDTCORFlatFileStorage.o.scan -- /Applications/Xcode.app/Contents/Developer/Toolchains/XcodeDefault.xctoolchain/usr/bin/clang -x objective-c -ivfsstatcache /Users/emanuelflury/Library/Developer/Xcode/DerivedData/SDKStatCaches.noindex/iphoneos26.1-23B77-69b33fc7382b27d9b5d46e82a00f8e78.sdkstatcache -fmessage-length\=0 -fdiagnostics-show-note-include-stack -fmacro-backtrace-limit\=0 -fno-color-diagnostics -fmodules-prune-interval\=86400 -fmodules-prune-after\=345600 -fbuild-session-file\=/Users/emanuelflury/Library/Developer/Xcode/DerivedData/ModuleCache.noindex/Session.modulevalidation -fmodules-validate-once-per-build-session -Wnon-modular-include-in-framework-module -Werror\=non-modular-include-in-framework-module -Wno-trigraphs -Wno-missing-field-initializers -Wno-missing-prototypes -Wno-return-type -Wno-implicit-atomic-properties -Wno-objc-interface-ivars -Wno-arc-repeated-use-of-weak -Wno-missing-braces -Wparentheses -Wswitch -Wno-unused-function -Wno-unused-label -Wno-unused-parameter -Wno-unused-variable -Wunused-value -Wno-empty-body -Wno-uninitialized -Wno-unknown-pragmas -w -Wno-shadow -Wno-four-char-constants -Wno-conversion -Wno-constant-conversion -Wno-int-conversion -Wno-bool-conversion -Wno-enum-conversion -Wno-float-conversion -Wno-non-literal-null-conversion -Wno-objc-literal-conversion -Wshorten-64-to-32 -Wpointer-sign -Wno-newline-eof -Wno-selector -Wno-strict-selector-match -Wno-undeclared-selector -Wno-deprecated-implementations -Wno-implicit-fallthrough -fstrict-aliasing -Wprotocol -Wdeprecated-declarations -Wno-sign-conversion -Wno-infinite-recursion -Wno-comma -Wno-block-capture-autoreleasing -Wno-strict-prototypes -Wno-semicolon-before-method-body -index-store-path /Users/emanuelflury/Library/Developer/Xcode/DerivedData/TaxedGmbH_IOS-gerngfqzuwudosgobknlgtoawnlj/Index.noindex/DataStore @/Users/emanuelflury/Library/Developer/Xcode/DerivedData/TaxedGmbH_IOS-gerngfqzuwudosgobknlgtoawnlj/Build/Intermediates.noindex/GoogleDataTransport.build/Debug-iphoneos/GoogleDataTransport.build/Objects-normal/arm64/e6072d4f65d7061329687fe24e3d63a7-common-args.resp -include /Users/emanuelflury/Library/Developer/Xcode/DerivedData/TaxedGmbH_IOS-gerngfqzuwudosgobknlgtoawnlj/Build/Intermediates.noindex/GoogleDataTransport.build/Debug-iphoneos/GoogleDataTransport.build/DerivedSources/resource_bundle_accessor.h -MMD -MT dependencies -MF /Users/emanuelflury/Library/Developer/Xcode/DerivedData/TaxedGmbH_IOS-gerngfqzuwudosgobknlgtoawnlj/Build/Intermediates.noindex/GoogleDataTransport.build/Debug-iphoneos/GoogleDataTransport.build/Objects-normal/arm64/GDTCORFlatFileStorage.d --serialize-diagnostics /Users/emanuelflury/Library/Developer/Xcode/DerivedData/TaxedGmbH_IOS-gerngfqzuwudosgobknlgtoawnlj/Build/Intermediates.noindex/GoogleDataTransport.build/Debug-iphoneos/GoogleDataTransport.build/Objects-normal/arm64/GDTCORFlatFileStorage.dia -c /Users/emanuelflury/Library/Developer/Xcode/DerivedData/TaxedGmbH_IOS-gerngfqzuwudosgobknlgtoawnlj/SourcePackages/checkouts/GoogleDataTransport/GoogleDataTransport/GDTCORLibrary/GDTCORFlatFileStorage.m -o /Users/emanuelflury/Library/Developer/Xcode/DerivedData/TaxedGmbH_IOS-gerngfqzuwudosgobknlgtoawnlj/Build/Intermediates.noindex/GoogleDataTransport.build/Debug-iphoneos/GoogleDataTransport.build/Objects-normal/arm64/GDTCORFlatFileStorage.o -index-unit-output-path /GoogleDataTransport.build/Debug-iphoneos/GoogleDataTransport.build/Objects-normal/arm64/GDTCORFlatFileStorage.o

PrecompileModule /Users/emanuelflury/Library/Developer/Xcode/DerivedData/TaxedGmbH_IOS-gerngfqzuwudosgobknlgtoawnlj/Build/Intermediates.noindex/ExplicitPrecompiledModules/OpenGLES-7YD9L76DQ6O4MMF1KWVZ3IPGQ.scan
    cd /
    builtin-precompileModule /Users/emanuelflury/Library/Developer/Xcode/DerivedData/TaxedGmbH_IOS-gerngfqzuwudosgobknlgtoawnlj/Build/Intermediates.noindex/ExplicitPrecompiledModules/OpenGLES-7YD9L76DQ6O4MMF1KWVZ3IPGQ.scan

PrecompileModule /Users/emanuelflury/Library/Developer/Xcode/DerivedData/TaxedGmbH_IOS-gerngfqzuwudosgobknlgtoawnlj/Build/Intermediates.noindex/ExplicitPrecompiledModules/Metal-105N6M88CXX7L7FGD2MNIJKIP.scan
    cd /
    builtin-precompileModule /Users/emanuelflury/Library/Developer/Xcode/DerivedData/TaxedGmbH_IOS-gerngfqzuwudosgobknlgtoawnlj/Build/Intermediates.noindex/ExplicitPrecompiledModules/Metal-105N6M88CXX7L7FGD2MNIJKIP.scan

ScanDependencies /Users/emanuelflury/Library/Developer/Xcode/DerivedData/TaxedGmbH_IOS-gerngfqzuwudosgobknlgtoawnlj/Build/Intermediates.noindex/GoogleDataTransport.build/Debug-iphoneos/GoogleDataTransport.build/Objects-normal/arm64/GDTCORFlatFileStorage+Promises.o /Users/emanuelflury/Library/Developer/Xcode/DerivedData/TaxedGmbH_IOS-gerngfqzuwudosgobknlgtoawnlj/SourcePackages/checkouts/GoogleDataTransport/GoogleDataTransport/GDTCORLibrary/GDTCORFlatFileStorage+Promises.m normal arm64 objective-c com.apple.compilers.llvm.clang.1_0.compiler (in target 'GoogleDataTransport' from project 'GoogleDataTransport')
    cd /Users/emanuelflury/github/TaxedGmbH_IOS/TaxedGmbH_IOS.xcodeproj
    
    Using response file: /Users/emanuelflury/Library/Developer/Xcode/DerivedData/TaxedGmbH_IOS-gerngfqzuwudosgobknlgtoawnlj/Build/Intermediates.noindex/GoogleDataTransport.build/Debug-iphoneos/GoogleDataTransport.build/Objects-normal/arm64/e6072d4f65d7061329687fe24e3d63a7-common-args.resp
    
    builtin-ScanDependencies -o /Users/emanuelflury/Library/Developer/Xcode/DerivedData/TaxedGmbH_IOS-gerngfqzuwudosgobknlgtoawnlj/Build/Intermediates.noindex/GoogleDataTransport.build/Debug-iphoneos/GoogleDataTransport.build/Objects-normal/arm64/GDTCORFlatFileStorage+Promises.o.scan -- /Applications/Xcode.app/Contents/Developer/Toolchains/XcodeDefault.xctoolchain/usr/bin/clang -x objective-c -ivfsstatcache /Users/emanuelflury/Library/Developer/Xcode/DerivedData/SDKStatCaches.noindex/iphoneos26.1-23B77-69b33fc7382b27d9b5d46e82a00f8e78.sdkstatcache -fmessage-length\=0 -fdiagnostics-show-note-include-stack -fmacro-backtrace-limit\=0 -fno-color-diagnostics -fmodules-prune-interval\=86400 -fmodules-prune-after\=345600 -fbuild-session-file\=/Users/emanuelflury/Library/Developer/Xcode/DerivedData/ModuleCache.noindex/Session.modulevalidation -fmodules-validate-once-per-build-session -Wnon-modular-include-in-framework-module -Werror\=non-modular-include-in-framework-module -Wno-trigraphs -Wno-missing-field-initializers -Wno-missing-prototypes -Wno-return-type -Wno-implicit-atomic-properties -Wno-objc-interface-ivars -Wno-arc-repeated-use-of-weak -Wno-missing-braces -Wparentheses -Wswitch -Wno-unused-function -Wno-unused-label -Wno-unused-parameter -Wno-unused-variable -Wunused-value -Wno-empty-body -Wno-uninitialized -Wno-unknown-pragmas -w -Wno-shadow -Wno-four-char-constants -Wno-conversion -Wno-constant-conversion -Wno-int-conversion -Wno-bool-conversion -Wno-enum-conversion -Wno-float-conversion -Wno-non-literal-null-conversion -Wno-objc-literal-conversion -Wshorten-64-to-32 -Wpointer-sign -Wno-newline-eof -Wno-selector -Wno-strict-selector-match -Wno-undeclared-selector -Wno-deprecated-implementations -Wno-implicit-fallthrough -fstrict-aliasing -Wprotocol -Wdeprecated-declarations -Wno-sign-conversion -Wno-infinite-recursion -Wno-comma -Wno-block-capture-autoreleasing -Wno-strict-prototypes -Wno-semicolon-before-method-body -index-store-path /Users/emanuelflury/Library/Developer/Xcode/DerivedData/TaxedGmbH_IOS-gerngfqzuwudosgobknlgtoawnlj/Index.noindex/DataStore @/Users/emanuelflury/Library/Developer/Xcode/DerivedData/TaxedGmbH_IOS-gerngfqzuwudosgobknlgtoawnlj/Build/Intermediates.noindex/GoogleDataTransport.build/Debug-iphoneos/GoogleDataTransport.build/Objects-normal/arm64/e6072d4f65d7061329687fe24e3d63a7-common-args.resp -include /Users/emanuelflury/Library/Developer/Xcode/DerivedData/TaxedGmbH_IOS-gerngfqzuwudosgobknlgtoawnlj/Build/Intermediates.noindex/GoogleDataTransport.build/Debug-iphoneos/GoogleDataTransport.build/DerivedSources/resource_bundle_accessor.h -MMD -MT dependencies -MF /Users/emanuelflury/Library/Developer/Xcode/DerivedData/TaxedGmbH_IOS-gerngfqzuwudosgobknlgtoawnlj/Build/Intermediates.noindex/GoogleDataTransport.build/Debug-iphoneos/GoogleDataTransport.build/Objects-normal/arm64/GDTCORFlatFileStorage+Promises.d --serialize-diagnostics /Users/emanuelflury/Library/Developer/Xcode/DerivedData/TaxedGmbH_IOS-gerngfqzuwudosgobknlgtoawnlj/Build/Intermediates.noindex/GoogleDataTransport.build/Debug-iphoneos/GoogleDataTransport.build/Objects-normal/arm64/GDTCORFlatFileStorage+Promises.dia -c /Users/emanuelflury/Library/Developer/Xcode/DerivedData/TaxedGmbH_IOS-gerngfqzuwudosgobknlgtoawnlj/SourcePackages/checkouts/GoogleDataTransport/GoogleDataTransport/GDTCORLibrary/GDTCORFlatFileStorage+Promises.m -o /Users/emanuelflury/Library/Developer/Xcode/DerivedData/TaxedGmbH_IOS-gerngfqzuwudosgobknlgtoawnlj/Build/Intermediates.noindex/GoogleDataTransport.build/Debug-iphoneos/GoogleDataTransport.build/Objects-normal/arm64/GDTCORFlatFileStorage+Promises.o -index-unit-output-path /GoogleDataTransport.build/Debug-iphoneos/GoogleDataTransport.build/Objects-normal/arm64/GDTCORFlatFileStorage+Promises.o

ScanDependencies /Users/emanuelflury/Library/Developer/Xcode/DerivedData/TaxedGmbH_IOS-gerngfqzuwudosgobknlgtoawnlj/Build/Intermediates.noindex/GoogleDataTransport.build/Debug-iphoneos/GoogleDataTransport.build/Objects-normal/arm64/GDTCOREvent.o /Users/emanuelflury/Library/Developer/Xcode/DerivedData/TaxedGmbH_IOS-gerngfqzuwudosgobknlgtoawnlj/SourcePackages/checkouts/GoogleDataTransport/GoogleDataTransport/GDTCORLibrary/GDTCOREvent.m normal arm64 objective-c com.apple.compilers.llvm.clang.1_0.compiler (in target 'GoogleDataTransport' from project 'GoogleDataTransport')
    cd /Users/emanuelflury/github/TaxedGmbH_IOS/TaxedGmbH_IOS.xcodeproj
    
    Using response file: /Users/emanuelflury/Library/Developer/Xcode/DerivedData/TaxedGmbH_IOS-gerngfqzuwudosgobknlgtoawnlj/Build/Intermediates.noindex/GoogleDataTransport.build/Debug-iphoneos/GoogleDataTransport.build/Objects-normal/arm64/e6072d4f65d7061329687fe24e3d63a7-common-args.resp
    
    builtin-ScanDependencies -o /Users/emanuelflury/Library/Developer/Xcode/DerivedData/TaxedGmbH_IOS-gerngfqzuwudosgobknlgtoawnlj/Build/Intermediates.noindex/GoogleDataTransport.build/Debug-iphoneos/GoogleDataTransport.build/Objects-normal/arm64/GDTCOREvent.o.scan -- /Applications/Xcode.app/Contents/Developer/Toolchains/XcodeDefault.xctoolchain/usr/bin/clang -x objective-c -ivfsstatcache /Users/emanuelflury/Library/Developer/Xcode/DerivedData/SDKStatCaches.noindex/iphoneos26.1-23B77-69b33fc7382b27d9b5d46e82a00f8e78.sdkstatcache -fmessage-length\=0 -fdiagnostics-show-note-include-stack -fmacro-backtrace-limit\=0 -fno-color-diagnostics -fmodules-prune-interval\=86400 -fmodules-prune-after\=345600 -fbuild-session-file\=/Users/emanuelflury/Library/Developer/Xcode/DerivedData/ModuleCache.noindex/Session.modulevalidation -fmodules-validate-once-per-build-session -Wnon-modular-include-in-framework-module -Werror\=non-modular-include-in-framework-module -Wno-trigraphs -Wno-missing-field-initializers -Wno-missing-prototypes -Wno-return-type -Wno-implicit-atomic-properties -Wno-objc-interface-ivars -Wno-arc-repeated-use-of-weak -Wno-missing-braces -Wparentheses -Wswitch -Wno-unused-function -Wno-unused-label -Wno-unused-parameter -Wno-unused-variable -Wunused-value -Wno-empty-body -Wno-uninitialized -Wno-unknown-pragmas -w -Wno-shadow -Wno-four-char-constants -Wno-conversion -Wno-constant-conversion -Wno-int-conversion -Wno-bool-conversion -Wno-enum-conversion -Wno-float-conversion -Wno-non-literal-null-conversion -Wno-objc-literal-conversion -Wshorten-64-to-32 -Wpointer-sign -Wno-newline-eof -Wno-selector -Wno-strict-selector-match -Wno-undeclared-selector -Wno-deprecated-implementations -Wno-implicit-fallthrough -fstrict-aliasing -Wprotocol -Wdeprecated-declarations -Wno-sign-conversion -Wno-infinite-recursion -Wno-comma -Wno-block-capture-autoreleasing -Wno-strict-prototypes -Wno-semicolon-before-method-body -index-store-path /Users/emanuelflury/Library/Developer/Xcode/DerivedData/TaxedGmbH_IOS-gerngfqzuwudosgobknlgtoawnlj/Index.noindex/DataStore @/Users/emanuelflury/Library/Developer/Xcode/DerivedData/TaxedGmbH_IOS-gerngfqzuwudosgobknlgtoawnlj/Build/Intermediates.noindex/GoogleDataTransport.build/Debug-iphoneos/GoogleDataTransport.build/Objects-normal/arm64/e6072d4f65d7061329687fe24e3d63a7-common-args.resp -include /Users/emanuelflury/Library/Developer/Xcode/DerivedData/TaxedGmbH_IOS-gerngfqzuwudosgobknlgtoawnlj/Build/Intermediates.noindex/GoogleDataTransport.build/Debug-iphoneos/GoogleDataTransport.build/DerivedSources/resource_bundle_accessor.h -MMD -MT dependencies -MF /Users/emanuelflury/Library/Developer/Xcode/DerivedData/TaxedGmbH_IOS-gerngfqzuwudosgobknlgtoawnlj/Build/Intermediates.noindex/GoogleDataTransport.build/Debug-iphoneos/GoogleDataTransport.build/Objects-normal/arm64/GDTCOREvent.d --serialize-diagnostics /Users/emanuelflury/Library/Developer/Xcode/DerivedData/TaxedGmbH_IOS-gerngfqzuwudosgobknlgtoawnlj/Build/Intermediates.noindex/GoogleDataTransport.build/Debug-iphoneos/GoogleDataTransport.build/Objects-normal/arm64/GDTCOREvent.dia -c /Users/emanuelflury/Library/Developer/Xcode/DerivedData/TaxedGmbH_IOS-gerngfqzuwudosgobknlgtoawnlj/SourcePackages/checkouts/GoogleDataTransport/GoogleDataTransport/GDTCORLibrary/GDTCOREvent.m -o /Users/emanuelflury/Library/Developer/Xcode/DerivedData/TaxedGmbH_IOS-gerngfqzuwudosgobknlgtoawnlj/Build/Intermediates.noindex/GoogleDataTransport.build/Debug-iphoneos/GoogleDataTransport.build/Objects-normal/arm64/GDTCOREvent.o -index-unit-output-path /GoogleDataTransport.build/Debug-iphoneos/GoogleDataTransport.build/Objects-normal/arm64/GDTCOREvent.o

ScanDependencies /Users/emanuelflury/Library/Developer/Xcode/DerivedData/TaxedGmbH_IOS-gerngfqzuwudosgobknlgtoawnlj/Build/Intermediates.noindex/GoogleDataTransport.build/Debug-iphoneos/GoogleDataTransport.build/Objects-normal/arm64/GDTCOREvent+GDTMetricsSupport.o /Users/emanuelflury/Library/Developer/Xcode/DerivedData/TaxedGmbH_IOS-gerngfqzuwudosgobknlgtoawnlj/SourcePackages/checkouts/GoogleDataTransport/GoogleDataTransport/GDTCCTLibrary/GDTCOREvent+GDTMetricsSupport.m normal arm64 objective-c com.apple.compilers.llvm.clang.1_0.compiler (in target 'GoogleDataTransport' from project 'GoogleDataTransport')
    cd /Users/emanuelflury/github/TaxedGmbH_IOS/TaxedGmbH_IOS.xcodeproj
    
    Using response file: /Users/emanuelflury/Library/Developer/Xcode/DerivedData/TaxedGmbH_IOS-gerngfqzuwudosgobknlgtoawnlj/Build/Intermediates.noindex/GoogleDataTransport.build/Debug-iphoneos/GoogleDataTransport.build/Objects-normal/arm64/e6072d4f65d7061329687fe24e3d63a7-common-args.resp
    
    builtin-ScanDependencies -o /Users/emanuelflury/Library/Developer/Xcode/DerivedData/TaxedGmbH_IOS-gerngfqzuwudosgobknlgtoawnlj/Build/Intermediates.noindex/GoogleDataTransport.build/Debug-iphoneos/GoogleDataTransport.build/Objects-normal/arm64/GDTCOREvent+GDTMetricsSupport.o.scan -- /Applications/Xcode.app/Contents/Developer/Toolchains/XcodeDefault.xctoolchain/usr/bin/clang -x objective-c -ivfsstatcache /Users/emanuelflury/Library/Developer/Xcode/DerivedData/SDKStatCaches.noindex/iphoneos26.1-23B77-69b33fc7382b27d9b5d46e82a00f8e78.sdkstatcache -fmessage-length\=0 -fdiagnostics-show-note-include-stack -fmacro-backtrace-limit\=0 -fno-color-diagnostics -fmodules-prune-interval\=86400 -fmodules-prune-after\=345600 -fbuild-session-file\=/Users/emanuelflury/Library/Developer/Xcode/DerivedData/ModuleCache.noindex/Session.modulevalidation -fmodules-validate-once-per-build-session -Wnon-modular-include-in-framework-module -Werror\=non-modular-include-in-framework-module -Wno-trigraphs -Wno-missing-field-initializers -Wno-missing-prototypes -Wno-return-type -Wno-implicit-atomic-properties -Wno-objc-interface-ivars -Wno-arc-repeated-use-of-weak -Wno-missing-braces -Wparentheses -Wswitch -Wno-unused-function -Wno-unused-label -Wno-unused-parameter -Wno-unused-variable -Wunused-value -Wno-empty-body -Wno-uninitialized -Wno-unknown-pragmas -w -Wno-shadow -Wno-four-char-constants -Wno-conversion -Wno-constant-conversion -Wno-int-conversion -Wno-bool-conversion -Wno-enum-conversion -Wno-float-conversion -Wno-non-literal-null-conversion -Wno-objc-literal-conversion -Wshorten-64-to-32 -Wpointer-sign -Wno-newline-eof -Wno-selector -Wno-strict-selector-match -Wno-undeclared-selector -Wno-deprecated-implementations -Wno-implicit-fallthrough -fstrict-aliasing -Wprotocol -Wdeprecated-declarations -Wno-sign-conversion -Wno-infinite-recursion -Wno-comma -Wno-block-capture-autoreleasing -Wno-strict-prototypes -Wno-semicolon-before-method-body -index-store-path /Users/emanuelflury/Library/Developer/Xcode/DerivedData/TaxedGmbH_IOS-gerngfqzuwudosgobknlgtoawnlj/Index.noindex/DataStore @/Users/emanuelflury/Library/Developer/Xcode/DerivedData/TaxedGmbH_IOS-gerngfqzuwudosgobknlgtoawnlj/Build/Intermediates.noindex/GoogleDataTransport.build/Debug-iphoneos/GoogleDataTransport.build/Objects-normal/arm64/e6072d4f65d7061329687fe24e3d63a7-common-args.resp -include /Users/emanuelflury/Library/Developer/Xcode/DerivedData/TaxedGmbH_IOS-gerngfqzuwudosgobknlgtoawnlj/Build/Intermediates.noindex/GoogleDataTransport.build/Debug-iphoneos/GoogleDataTransport.build/DerivedSources/resource_bundle_accessor.h -MMD -MT dependencies -MF /Users/emanuelflury/Library/Developer/Xcode/DerivedData/TaxedGmbH_IOS-gerngfqzuwudosgobknlgtoawnlj/Build/Intermediates.noindex/GoogleDataTransport.build/Debug-iphoneos/GoogleDataTransport.build/Objects-normal/arm64/GDTCOREvent+GDTMetricsSupport.d --serialize-diagnostics /Users/emanuelflury/Library/Developer/Xcode/DerivedData/TaxedGmbH_IOS-gerngfqzuwudosgobknlgtoawnlj/Build/Intermediates.noindex/GoogleDataTransport.build/Debug-iphoneos/GoogleDataTransport.build/Objects-normal/arm64/GDTCOREvent+GDTMetricsSupport.dia -c /Users/emanuelflury/Library/Developer/Xcode/DerivedData/TaxedGmbH_IOS-gerngfqzuwudosgobknlgtoawnlj/SourcePackages/checkouts/GoogleDataTransport/GoogleDataTransport/GDTCCTLibrary/GDTCOREvent+GDTMetricsSupport.m -o /Users/emanuelflury/Library/Developer/Xcode/DerivedData/TaxedGmbH_IOS-gerngfqzuwudosgobknlgtoawnlj/Build/Intermediates.noindex/GoogleDataTransport.build/Debug-iphoneos/GoogleDataTransport.build/Objects-normal/arm64/GDTCOREvent+GDTMetricsSupport.o -index-unit-output-path /GoogleDataTransport.build/Debug-iphoneos/GoogleDataTransport.build/Objects-normal/arm64/GDTCOREvent+GDTMetricsSupport.o

ScanDependencies /Users/emanuelflury/Library/Developer/Xcode/DerivedData/TaxedGmbH_IOS-gerngfqzuwudosgobknlgtoawnlj/Build/Intermediates.noindex/GoogleDataTransport.build/Debug-iphoneos/GoogleDataTransport.build/Objects-normal/arm64/GDTCOREvent+GDTCCTSupport.o /Users/emanuelflury/Library/Developer/Xcode/DerivedData/TaxedGmbH_IOS-gerngfqzuwudosgobknlgtoawnlj/SourcePackages/checkouts/GoogleDataTransport/GoogleDataTransport/GDTCCTLibrary/GDTCOREvent+GDTCCTSupport.m normal arm64 objective-c com.apple.compilers.llvm.clang.1_0.compiler (in target 'GoogleDataTransport' from project 'GoogleDataTransport')
    cd /Users/emanuelflury/github/TaxedGmbH_IOS/TaxedGmbH_IOS.xcodeproj
    
    Using response file: /Users/emanuelflury/Library/Developer/Xcode/DerivedData/TaxedGmbH_IOS-gerngfqzuwudosgobknlgtoawnlj/Build/Intermediates.noindex/GoogleDataTransport.build/Debug-iphoneos/GoogleDataTransport.build/Objects-normal/arm64/e6072d4f65d7061329687fe24e3d63a7-common-args.resp
    
    builtin-ScanDependencies -o /Users/emanuelflury/Library/Developer/Xcode/DerivedData/TaxedGmbH_IOS-gerngfqzuwudosgobknlgtoawnlj/Build/Intermediates.noindex/GoogleDataTransport.build/Debug-iphoneos/GoogleDataTransport.build/Objects-normal/arm64/GDTCOREvent+GDTCCTSupport.o.scan -- /Applications/Xcode.app/Contents/Developer/Toolchains/XcodeDefault.xctoolchain/usr/bin/clang -x objective-c -ivfsstatcache /Users/emanuelflury/Library/Developer/Xcode/DerivedData/SDKStatCaches.noindex/iphoneos26.1-23B77-69b33fc7382b27d9b5d46e82a00f8e78.sdkstatcache -fmessage-length\=0 -fdiagnostics-show-note-include-stack -fmacro-backtrace-limit\=0 -fno-color-diagnostics -fmodules-prune-interval\=86400 -fmodules-prune-after\=345600 -fbuild-session-file\=/Users/emanuelflury/Library/Developer/Xcode/DerivedData/ModuleCache.noindex/Session.modulevalidation -fmodules-validate-once-per-build-session -Wnon-modular-include-in-framework-module -Werror\=non-modular-include-in-framework-module -Wno-trigraphs -Wno-missing-field-initializers -Wno-missing-prototypes -Wno-return-type -Wno-implicit-atomic-properties -Wno-objc-interface-ivars -Wno-arc-repeated-use-of-weak -Wno-missing-braces -Wparentheses -Wswitch -Wno-unused-function -Wno-unused-label -Wno-unused-parameter -Wno-unused-variable -Wunused-value -Wno-empty-body -Wno-uninitialized -Wno-unknown-pragmas -w -Wno-shadow -Wno-four-char-constants -Wno-conversion -Wno-constant-conversion -Wno-int-conversion -Wno-bool-conversion -Wno-enum-conversion -Wno-float-conversion -Wno-non-literal-null-conversion -Wno-objc-literal-conversion -Wshorten-64-to-32 -Wpointer-sign -Wno-newline-eof -Wno-selector -Wno-strict-selector-match -Wno-undeclared-selector -Wno-deprecated-implementations -Wno-implicit-fallthrough -fstrict-aliasing -Wprotocol -Wdeprecated-declarations -Wno-sign-conversion -Wno-infinite-recursion -Wno-comma -Wno-block-capture-autoreleasing -Wno-strict-prototypes -Wno-semicolon-before-method-body -index-store-path /Users/emanuelflury/Library/Developer/Xcode/DerivedData/TaxedGmbH_IOS-gerngfqzuwudosgobknlgtoawnlj/Index.noindex/DataStore @/Users/emanuelflury/Library/Developer/Xcode/DerivedData/TaxedGmbH_IOS-gerngfqzuwudosgobknlgtoawnlj/Build/Intermediates.noindex/GoogleDataTransport.build/Debug-iphoneos/GoogleDataTransport.build/Objects-normal/arm64/e6072d4f65d7061329687fe24e3d63a7-common-args.resp -include /Users/emanuelflury/Library/Developer/Xcode/DerivedData/TaxedGmbH_IOS-gerngfqzuwudosgobknlgtoawnlj/Build/Intermediates.noindex/GoogleDataTransport.build/Debug-iphoneos/GoogleDataTransport.build/DerivedSources/resource_bundle_accessor.h -MMD -MT dependencies -MF /Users/emanuelflury/Library/Developer/Xcode/DerivedData/TaxedGmbH_IOS-gerngfqzuwudosgobknlgtoawnlj/Build/Intermediates.noindex/GoogleDataTransport.build/Debug-iphoneos/GoogleDataTransport.build/Objects-normal/arm64/GDTCOREvent+GDTCCTSupport.d --serialize-diagnostics /Users/emanuelflury/Library/Developer/Xcode/DerivedData/TaxedGmbH_IOS-gerngfqzuwudosgobknlgtoawnlj/Build/Intermediates.noindex/GoogleDataTransport.build/Debug-iphoneos/GoogleDataTransport.build/Objects-normal/arm64/GDTCOREvent+GDTCCTSupport.dia -c /Users/emanuelflury/Library/Developer/Xcode/DerivedData/TaxedGmbH_IOS-gerngfqzuwudosgobknlgtoawnlj/SourcePackages/checkouts/GoogleDataTransport/GoogleDataTransport/GDTCCTLibrary/GDTCOREvent+GDTCCTSupport.m -o /Users/emanuelflury/Library/Developer/Xcode/DerivedData/TaxedGmbH_IOS-gerngfqzuwudosgobknlgtoawnlj/Build/Intermediates.noindex/GoogleDataTransport.build/Debug-iphoneos/GoogleDataTransport.build/Objects-normal/arm64/GDTCOREvent+GDTCCTSupport.o -index-unit-output-path /GoogleDataTransport.build/Debug-iphoneos/GoogleDataTransport.build/Objects-normal/arm64/GDTCOREvent+GDTCCTSupport.o

ScanDependencies /Users/emanuelflury/Library/Developer/Xcode/DerivedData/TaxedGmbH_IOS-gerngfqzuwudosgobknlgtoawnlj/Build/Intermediates.noindex/GoogleDataTransport.build/Debug-iphoneos/GoogleDataTransport.build/Objects-normal/arm64/GDTCOREndpoints.o /Users/emanuelflury/Library/Developer/Xcode/DerivedData/TaxedGmbH_IOS-gerngfqzuwudosgobknlgtoawnlj/SourcePackages/checkouts/GoogleDataTransport/GoogleDataTransport/GDTCORLibrary/GDTCOREndpoints.m normal arm64 objective-c com.apple.compilers.llvm.clang.1_0.compiler (in target 'GoogleDataTransport' from project 'GoogleDataTransport')
    cd /Users/emanuelflury/github/TaxedGmbH_IOS/TaxedGmbH_IOS.xcodeproj
    
    Using response file: /Users/emanuelflury/Library/Developer/Xcode/DerivedData/TaxedGmbH_IOS-gerngfqzuwudosgobknlgtoawnlj/Build/Intermediates.noindex/GoogleDataTransport.build/Debug-iphoneos/GoogleDataTransport.build/Objects-normal/arm64/e6072d4f65d7061329687fe24e3d63a7-common-args.resp
    
    builtin-ScanDependencies -o /Users/emanuelflury/Library/Developer/Xcode/DerivedData/TaxedGmbH_IOS-gerngfqzuwudosgobknlgtoawnlj/Build/Intermediates.noindex/GoogleDataTransport.build/Debug-iphoneos/GoogleDataTransport.build/Objects-normal/arm64/GDTCOREndpoints.o.scan -- /Applications/Xcode.app/Contents/Developer/Toolchains/XcodeDefault.xctoolchain/usr/bin/clang -x objective-c -ivfsstatcache /Users/emanuelflury/Library/Developer/Xcode/DerivedData/SDKStatCaches.noindex/iphoneos26.1-23B77-69b33fc7382b27d9b5d46e82a00f8e78.sdkstatcache -fmessage-length\=0 -fdiagnostics-show-note-include-stack -fmacro-backtrace-limit\=0 -fno-color-diagnostics -fmodules-prune-interval\=86400 -fmodules-prune-after\=345600 -fbuild-session-file\=/Users/emanuelflury/Library/Developer/Xcode/DerivedData/ModuleCache.noindex/Session.modulevalidation -fmodules-validate-once-per-build-session -Wnon-modular-include-in-framework-module -Werror\=non-modular-include-in-framework-module -Wno-trigraphs -Wno-missing-field-initializers -Wno-missing-prototypes -Wno-return-type -Wno-implicit-atomic-properties -Wno-objc-interface-ivars -Wno-arc-repeated-use-of-weak -Wno-missing-braces -Wparentheses -Wswitch -Wno-unused-function -Wno-unused-label -Wno-unused-parameter -Wno-unused-variable -Wunused-value -Wno-empty-body -Wno-uninitialized -Wno-unknown-pragmas -w -Wno-shadow -Wno-four-char-constants -Wno-conversion -Wno-constant-conversion -Wno-int-conversion -Wno-bool-conversion -Wno-enum-conversion -Wno-float-conversion -Wno-non-literal-null-conversion -Wno-objc-literal-conversion -Wshorten-64-to-32 -Wpointer-sign -Wno-newline-eof -Wno-selector -Wno-strict-selector-match -Wno-undeclared-selector -Wno-deprecated-implementations -Wno-implicit-fallthrough -fstrict-aliasing -Wprotocol -Wdeprecated-declarations -Wno-sign-conversion -Wno-infinite-recursion -Wno-comma -Wno-block-capture-autoreleasing -Wno-strict-prototypes -Wno-semicolon-before-method-body -index-store-path /Users/emanuelflury/Library/Developer/Xcode/DerivedData/TaxedGmbH_IOS-gerngfqzuwudosgobknlgtoawnlj/Index.noindex/DataStore @/Users/emanuelflury/Library/Developer/Xcode/DerivedData/TaxedGmbH_IOS-gerngfqzuwudosgobknlgtoawnlj/Build/Intermediates.noindex/GoogleDataTransport.build/Debug-iphoneos/GoogleDataTransport.build/Objects-normal/arm64/e6072d4f65d7061329687fe24e3d63a7-common-args.resp -include /Users/emanuelflury/Library/Developer/Xcode/DerivedData/TaxedGmbH_IOS-gerngfqzuwudosgobknlgtoawnlj/Build/Intermediates.noindex/GoogleDataTransport.build/Debug-iphoneos/GoogleDataTransport.build/DerivedSources/resource_bundle_accessor.h -MMD -MT dependencies -MF /Users/emanuelflury/Library/Developer/Xcode/DerivedData/TaxedGmbH_IOS-gerngfqzuwudosgobknlgtoawnlj/Build/Intermediates.noindex/GoogleDataTransport.build/Debug-iphoneos/GoogleDataTransport.build/Objects-normal/arm64/GDTCOREndpoints.d --serialize-diagnostics /Users/emanuelflury/Library/Developer/Xcode/DerivedData/TaxedGmbH_IOS-gerngfqzuwudosgobknlgtoawnlj/Build/Intermediates.noindex/GoogleDataTransport.build/Debug-iphoneos/GoogleDataTransport.build/Objects-normal/arm64/GDTCOREndpoints.dia -c /Users/emanuelflury/Library/Developer/Xcode/DerivedData/TaxedGmbH_IOS-gerngfqzuwudosgobknlgtoawnlj/SourcePackages/checkouts/GoogleDataTransport/GoogleDataTransport/GDTCORLibrary/GDTCOREndpoints.m -o /Users/emanuelflury/Library/Developer/Xcode/DerivedData/TaxedGmbH_IOS-gerngfqzuwudosgobknlgtoawnlj/Build/Intermediates.noindex/GoogleDataTransport.build/Debug-iphoneos/GoogleDataTransport.build/Objects-normal/arm64/GDTCOREndpoints.o -index-unit-output-path /GoogleDataTransport.build/Debug-iphoneos/GoogleDataTransport.build/Objects-normal/arm64/GDTCOREndpoints.o

ScanDependencies /Users/emanuelflury/Library/Developer/Xcode/DerivedData/TaxedGmbH_IOS-gerngfqzuwudosgobknlgtoawnlj/Build/Intermediates.noindex/GoogleDataTransport.build/Debug-iphoneos/GoogleDataTransport.build/Objects-normal/arm64/GDTCORDirectorySizeTracker.o /Users/emanuelflury/Library/Developer/Xcode/DerivedData/TaxedGmbH_IOS-gerngfqzuwudosgobknlgtoawnlj/SourcePackages/checkouts/GoogleDataTransport/GoogleDataTransport/GDTCORLibrary/GDTCORDirectorySizeTracker.m normal arm64 objective-c com.apple.compilers.llvm.clang.1_0.compiler (in target 'GoogleDataTransport' from project 'GoogleDataTransport')
    cd /Users/emanuelflury/github/TaxedGmbH_IOS/TaxedGmbH_IOS.xcodeproj
    
    Using response file: /Users/emanuelflury/Library/Developer/Xcode/DerivedData/TaxedGmbH_IOS-gerngfqzuwudosgobknlgtoawnlj/Build/Intermediates.noindex/GoogleDataTransport.build/Debug-iphoneos/GoogleDataTransport.build/Objects-normal/arm64/e6072d4f65d7061329687fe24e3d63a7-common-args.resp
    
    builtin-ScanDependencies -o /Users/emanuelflury/Library/Developer/Xcode/DerivedData/TaxedGmbH_IOS-gerngfqzuwudosgobknlgtoawnlj/Build/Intermediates.noindex/GoogleDataTransport.build/Debug-iphoneos/GoogleDataTransport.build/Objects-normal/arm64/GDTCORDirectorySizeTracker.o.scan -- /Applications/Xcode.app/Contents/Developer/Toolchains/XcodeDefault.xctoolchain/usr/bin/clang -x objective-c -ivfsstatcache /Users/emanuelflury/Library/Developer/Xcode/DerivedData/SDKStatCaches.noindex/iphoneos26.1-23B77-69b33fc7382b27d9b5d46e82a00f8e78.sdkstatcache -fmessage-length\=0 -fdiagnostics-show-note-include-stack -fmacro-backtrace-limit\=0 -fno-color-diagnostics -fmodules-prune-interval\=86400 -fmodules-prune-after\=345600 -fbuild-session-file\=/Users/emanuelflury/Library/Developer/Xcode/DerivedData/ModuleCache.noindex/Session.modulevalidation -fmodules-validate-once-per-build-session -Wnon-modular-include-in-framework-module -Werror\=non-modular-include-in-framework-module -Wno-trigraphs -Wno-missing-field-initializers -Wno-missing-prototypes -Wno-return-type -Wno-implicit-atomic-properties -Wno-objc-interface-ivars -Wno-arc-repeated-use-of-weak -Wno-missing-braces -Wparentheses -Wswitch -Wno-unused-function -Wno-unused-label -Wno-unused-parameter -Wno-unused-variable -Wunused-value -Wno-empty-body -Wno-uninitialized -Wno-unknown-pragmas -w -Wno-shadow -Wno-four-char-constants -Wno-conversion -Wno-constant-conversion -Wno-int-conversion -Wno-bool-conversion -Wno-enum-conversion -Wno-float-conversion -Wno-non-literal-null-conversion -Wno-objc-literal-conversion -Wshorten-64-to-32 -Wpointer-sign -Wno-newline-eof -Wno-selector -Wno-strict-selector-match -Wno-undeclared-selector -Wno-deprecated-implementations -Wno-implicit-fallthrough -fstrict-aliasing -Wprotocol -Wdeprecated-declarations -Wno-sign-conversion -Wno-infinite-recursion -Wno-comma -Wno-block-capture-autoreleasing -Wno-strict-prototypes -Wno-semicolon-before-method-body -index-store-path /Users/emanuelflury/Library/Developer/Xcode/DerivedData/TaxedGmbH_IOS-gerngfqzuwudosgobknlgtoawnlj/Index.noindex/DataStore @/Users/emanuelflury/Library/Developer/Xcode/DerivedData/TaxedGmbH_IOS-gerngfqzuwudosgobknlgtoawnlj/Build/Intermediates.noindex/GoogleDataTransport.build/Debug-iphoneos/GoogleDataTransport.build/Objects-normal/arm64/e6072d4f65d7061329687fe24e3d63a7-common-args.resp -include /Users/emanuelflury/Library/Developer/Xcode/DerivedData/TaxedGmbH_IOS-gerngfqzuwudosgobknlgtoawnlj/Build/Intermediates.noindex/GoogleDataTransport.build/Debug-iphoneos/GoogleDataTransport.build/DerivedSources/resource_bundle_accessor.h -MMD -MT dependencies -MF /Users/emanuelflury/Library/Developer/Xcode/DerivedData/TaxedGmbH_IOS-gerngfqzuwudosgobknlgtoawnlj/Build/Intermediates.noindex/GoogleDataTransport.build/Debug-iphoneos/GoogleDataTransport.build/Objects-normal/arm64/GDTCORDirectorySizeTracker.d --serialize-diagnostics /Users/emanuelflury/Library/Developer/Xcode/DerivedData/TaxedGmbH_IOS-gerngfqzuwudosgobknlgtoawnlj/Build/Intermediates.noindex/GoogleDataTransport.build/Debug-iphoneos/GoogleDataTransport.build/Objects-normal/arm64/GDTCORDirectorySizeTracker.dia -c /Users/emanuelflury/Library/Developer/Xcode/DerivedData/TaxedGmbH_IOS-gerngfqzuwudosgobknlgtoawnlj/SourcePackages/checkouts/GoogleDataTransport/GoogleDataTransport/GDTCORLibrary/GDTCORDirectorySizeTracker.m -o /Users/emanuelflury/Library/Developer/Xcode/DerivedData/TaxedGmbH_IOS-gerngfqzuwudosgobknlgtoawnlj/Build/Intermediates.noindex/GoogleDataTransport.build/Debug-iphoneos/GoogleDataTransport.build/Objects-normal/arm64/GDTCORDirectorySizeTracker.o -index-unit-output-path /GoogleDataTransport.build/Debug-iphoneos/GoogleDataTransport.build/Objects-normal/arm64/GDTCORDirectorySizeTracker.o

ScanDependencies /Users/emanuelflury/Library/Developer/Xcode/DerivedData/TaxedGmbH_IOS-gerngfqzuwudosgobknlgtoawnlj/Build/Intermediates.noindex/GoogleDataTransport.build/Debug-iphoneos/GoogleDataTransport.build/Objects-normal/arm64/GDTCORConsoleLogger.o /Users/emanuelflury/Library/Developer/Xcode/DerivedData/TaxedGmbH_IOS-gerngfqzuwudosgobknlgtoawnlj/SourcePackages/checkouts/GoogleDataTransport/GoogleDataTransport/GDTCORLibrary/GDTCORConsoleLogger.m normal arm64 objective-c com.apple.compilers.llvm.clang.1_0.compiler (in target 'GoogleDataTransport' from project 'GoogleDataTransport')
    cd /Users/emanuelflury/github/TaxedGmbH_IOS/TaxedGmbH_IOS.xcodeproj
    
    Using response file: /Users/emanuelflury/Library/Developer/Xcode/DerivedData/TaxedGmbH_IOS-gerngfqzuwudosgobknlgtoawnlj/Build/Intermediates.noindex/GoogleDataTransport.build/Debug-iphoneos/GoogleDataTransport.build/Objects-normal/arm64/e6072d4f65d7061329687fe24e3d63a7-common-args.resp
    
    builtin-ScanDependencies -o /Users/emanuelflury/Library/Developer/Xcode/DerivedData/TaxedGmbH_IOS-gerngfqzuwudosgobknlgtoawnlj/Build/Intermediates.noindex/GoogleDataTransport.build/Debug-iphoneos/GoogleDataTransport.build/Objects-normal/arm64/GDTCORConsoleLogger.o.scan -- /Applications/Xcode.app/Contents/Developer/Toolchains/XcodeDefault.xctoolchain/usr/bin/clang -x objective-c -ivfsstatcache /Users/emanuelflury/Library/Developer/Xcode/DerivedData/SDKStatCaches.noindex/iphoneos26.1-23B77-69b33fc7382b27d9b5d46e82a00f8e78.sdkstatcache -fmessage-length\=0 -fdiagnostics-show-note-include-stack -fmacro-backtrace-limit\=0 -fno-color-diagnostics -fmodules-prune-interval\=86400 -fmodules-prune-after\=345600 -fbuild-session-file\=/Users/emanuelflury/Library/Developer/Xcode/DerivedData/ModuleCache.noindex/Session.modulevalidation -fmodules-validate-once-per-build-session -Wnon-modular-include-in-framework-module -Werror\=non-modular-include-in-framework-module -Wno-trigraphs -Wno-missing-field-initializers -Wno-missing-prototypes -Wno-return-type -Wno-implicit-atomic-properties -Wno-objc-interface-ivars -Wno-arc-repeated-use-of-weak -Wno-missing-braces -Wparentheses -Wswitch -Wno-unused-function -Wno-unused-label -Wno-unused-parameter -Wno-unused-variable -Wunused-value -Wno-empty-body -Wno-uninitialized -Wno-unknown-pragmas -w -Wno-shadow -Wno-four-char-constants -Wno-conversion -Wno-constant-conversion -Wno-int-conversion -Wno-bool-conversion -Wno-enum-conversion -Wno-float-conversion -Wno-non-literal-null-conversion -Wno-objc-literal-conversion -Wshorten-64-to-32 -Wpointer-sign -Wno-newline-eof -Wno-selector -Wno-strict-selector-match -Wno-undeclared-selector -Wno-deprecated-implementations -Wno-implicit-fallthrough -fstrict-aliasing -Wprotocol -Wdeprecated-declarations -Wno-sign-conversion -Wno-infinite-recursion -Wno-comma -Wno-block-capture-autoreleasing -Wno-strict-prototypes -Wno-semicolon-before-method-body -index-store-path /Users/emanuelflury/Library/Developer/Xcode/DerivedData/TaxedGmbH_IOS-gerngfqzuwudosgobknlgtoawnlj/Index.noindex/DataStore @/Users/emanuelflury/Library/Developer/Xcode/DerivedData/TaxedGmbH_IOS-gerngfqzuwudosgobknlgtoawnlj/Build/Intermediates.noindex/GoogleDataTransport.build/Debug-iphoneos/GoogleDataTransport.build/Objects-normal/arm64/e6072d4f65d7061329687fe24e3d63a7-common-args.resp -include /Users/emanuelflury/Library/Developer/Xcode/DerivedData/TaxedGmbH_IOS-gerngfqzuwudosgobknlgtoawnlj/Build/Intermediates.noindex/GoogleDataTransport.build/Debug-iphoneos/GoogleDataTransport.build/DerivedSources/resource_bundle_accessor.h -MMD -MT dependencies -MF /Users/emanuelflury/Library/Developer/Xcode/DerivedData/TaxedGmbH_IOS-gerngfqzuwudosgobknlgtoawnlj/Build/Intermediates.noindex/GoogleDataTransport.build/Debug-iphoneos/GoogleDataTransport.build/Objects-normal/arm64/GDTCORConsoleLogger.d --serialize-diagnostics /Users/emanuelflury/Library/Developer/Xcode/DerivedData/TaxedGmbH_IOS-gerngfqzuwudosgobknlgtoawnlj/Build/Intermediates.noindex/GoogleDataTransport.build/Debug-iphoneos/GoogleDataTransport.build/Objects-normal/arm64/GDTCORConsoleLogger.dia -c /Users/emanuelflury/Library/Developer/Xcode/DerivedData/TaxedGmbH_IOS-gerngfqzuwudosgobknlgtoawnlj/SourcePackages/checkouts/GoogleDataTransport/GoogleDataTransport/GDTCORLibrary/GDTCORConsoleLogger.m -o /Users/emanuelflury/Library/Developer/Xcode/DerivedData/TaxedGmbH_IOS-gerngfqzuwudosgobknlgtoawnlj/Build/Intermediates.noindex/GoogleDataTransport.build/Debug-iphoneos/GoogleDataTransport.build/Objects-normal/arm64/GDTCORConsoleLogger.o -index-unit-output-path /GoogleDataTransport.build/Debug-iphoneos/GoogleDataTransport.build/Objects-normal/arm64/GDTCORConsoleLogger.o

ScanDependencies /Users/emanuelflury/Library/Developer/Xcode/DerivedData/TaxedGmbH_IOS-gerngfqzuwudosgobknlgtoawnlj/Build/Intermediates.noindex/GoogleDataTransport.build/Debug-iphoneos/GoogleDataTransport.build/Objects-normal/arm64/GDTCORClock.o /Users/emanuelflury/Library/Developer/Xcode/DerivedData/TaxedGmbH_IOS-gerngfqzuwudosgobknlgtoawnlj/SourcePackages/checkouts/GoogleDataTransport/GoogleDataTransport/GDTCORLibrary/GDTCORClock.m normal arm64 objective-c com.apple.compilers.llvm.clang.1_0.compiler (in target 'GoogleDataTransport' from project 'GoogleDataTransport')
    cd /Users/emanuelflury/github/TaxedGmbH_IOS/TaxedGmbH_IOS.xcodeproj
    
    Using response file: /Users/emanuelflury/Library/Developer/Xcode/DerivedData/TaxedGmbH_IOS-gerngfqzuwudosgobknlgtoawnlj/Build/Intermediates.noindex/GoogleDataTransport.build/Debug-iphoneos/GoogleDataTransport.build/Objects-normal/arm64/e6072d4f65d7061329687fe24e3d63a7-common-args.resp
    
    builtin-ScanDependencies -o /Users/emanuelflury/Library/Developer/Xcode/DerivedData/TaxedGmbH_IOS-gerngfqzuwudosgobknlgtoawnlj/Build/Intermediates.noindex/GoogleDataTransport.build/Debug-iphoneos/GoogleDataTransport.build/Objects-normal/arm64/GDTCORClock.o.scan -- /Applications/Xcode.app/Contents/Developer/Toolchains/XcodeDefault.xctoolchain/usr/bin/clang -x objective-c -ivfsstatcache /Users/emanuelflury/Library/Developer/Xcode/DerivedData/SDKStatCaches.noindex/iphoneos26.1-23B77-69b33fc7382b27d9b5d46e82a00f8e78.sdkstatcache -fmessage-length\=0 -fdiagnostics-show-note-include-stack -fmacro-backtrace-limit\=0 -fno-color-diagnostics -fmodules-prune-interval\=86400 -fmodules-prune-after\=345600 -fbuild-session-file\=/Users/emanuelflury/Library/Developer/Xcode/DerivedData/ModuleCache.noindex/Session.modulevalidation -fmodules-validate-once-per-build-session -Wnon-modular-include-in-framework-module -Werror\=non-modular-include-in-framework-module -Wno-trigraphs -Wno-missing-field-initializers -Wno-missing-prototypes -Wno-return-type -Wno-implicit-atomic-properties -Wno-objc-interface-ivars -Wno-arc-repeated-use-of-weak -Wno-missing-braces -Wparentheses -Wswitch -Wno-unused-function -Wno-unused-label -Wno-unused-parameter -Wno-unused-variable -Wunused-value -Wno-empty-body -Wno-uninitialized -Wno-unknown-pragmas -w -Wno-shadow -Wno-four-char-constants -Wno-conversion -Wno-constant-conversion -Wno-int-conversion -Wno-bool-conversion -Wno-enum-conversion -Wno-float-conversion -Wno-non-literal-null-conversion -Wno-objc-literal-conversion -Wshorten-64-to-32 -Wpointer-sign -Wno-newline-eof -Wno-selector -Wno-strict-selector-match -Wno-undeclared-selector -Wno-deprecated-implementations -Wno-implicit-fallthrough -fstrict-aliasing -Wprotocol -Wdeprecated-declarations -Wno-sign-conversion -Wno-infinite-recursion -Wno-comma -Wno-block-capture-autoreleasing -Wno-strict-prototypes -Wno-semicolon-before-method-body -index-store-path /Users/emanuelflury/Library/Developer/Xcode/DerivedData/TaxedGmbH_IOS-gerngfqzuwudosgobknlgtoawnlj/Index.noindex/DataStore @/Users/emanuelflury/Library/Developer/Xcode/DerivedData/TaxedGmbH_IOS-gerngfqzuwudosgobknlgtoawnlj/Build/Intermediates.noindex/GoogleDataTransport.build/Debug-iphoneos/GoogleDataTransport.build/Objects-normal/arm64/e6072d4f65d7061329687fe24e3d63a7-common-args.resp -include /Users/emanuelflury/Library/Developer/Xcode/DerivedData/TaxedGmbH_IOS-gerngfqzuwudosgobknlgtoawnlj/Build/Intermediates.noindex/GoogleDataTransport.build/Debug-iphoneos/GoogleDataTransport.build/DerivedSources/resource_bundle_accessor.h -MMD -MT dependencies -MF /Users/emanuelflury/Library/Developer/Xcode/DerivedData/TaxedGmbH_IOS-gerngfqzuwudosgobknlgtoawnlj/Build/Intermediates.noindex/GoogleDataTransport.build/Debug-iphoneos/GoogleDataTransport.build/Objects-normal/arm64/GDTCORClock.d --serialize-diagnostics /Users/emanuelflury/Library/Developer/Xcode/DerivedData/TaxedGmbH_IOS-gerngfqzuwudosgobknlgtoawnlj/Build/Intermediates.noindex/GoogleDataTransport.build/Debug-iphoneos/GoogleDataTransport.build/Objects-normal/arm64/GDTCORClock.dia -c /Users/emanuelflury/Library/Developer/Xcode/DerivedData/TaxedGmbH_IOS-gerngfqzuwudosgobknlgtoawnlj/SourcePackages/checkouts/GoogleDataTransport/GoogleDataTransport/GDTCORLibrary/GDTCORClock.m -o /Users/emanuelflury/Library/Developer/Xcode/DerivedData/TaxedGmbH_IOS-gerngfqzuwudosgobknlgtoawnlj/Build/Intermediates.noindex/GoogleDataTransport.build/Debug-iphoneos/GoogleDataTransport.build/Objects-normal/arm64/GDTCORClock.o -index-unit-output-path /GoogleDataTransport.build/Debug-iphoneos/GoogleDataTransport.build/Objects-normal/arm64/GDTCORClock.o

ScanDependencies /Users/emanuelflury/Library/Developer/Xcode/DerivedData/TaxedGmbH_IOS-gerngfqzuwudosgobknlgtoawnlj/Build/Intermediates.noindex/GoogleDataTransport.build/Debug-iphoneos/GoogleDataTransport.build/Objects-normal/arm64/GDTCORAssert.o /Users/emanuelflury/Library/Developer/Xcode/DerivedData/TaxedGmbH_IOS-gerngfqzuwudosgobknlgtoawnlj/SourcePackages/checkouts/GoogleDataTransport/GoogleDataTransport/GDTCORLibrary/GDTCORAssert.m normal arm64 objective-c com.apple.compilers.llvm.clang.1_0.compiler (in target 'GoogleDataTransport' from project 'GoogleDataTransport')
    cd /Users/emanuelflury/github/TaxedGmbH_IOS/TaxedGmbH_IOS.xcodeproj
    
    Using response file: /Users/emanuelflury/Library/Developer/Xcode/DerivedData/TaxedGmbH_IOS-gerngfqzuwudosgobknlgtoawnlj/Build/Intermediates.noindex/GoogleDataTransport.build/Debug-iphoneos/GoogleDataTransport.build/Objects-normal/arm64/e6072d4f65d7061329687fe24e3d63a7-common-args.resp
    
    builtin-ScanDependencies -o /Users/emanuelflury/Library/Developer/Xcode/DerivedData/TaxedGmbH_IOS-gerngfqzuwudosgobknlgtoawnlj/Build/Intermediates.noindex/GoogleDataTransport.build/Debug-iphoneos/GoogleDataTransport.build/Objects-normal/arm64/GDTCORAssert.o.scan -- /Applications/Xcode.app/Contents/Developer/Toolchains/XcodeDefault.xctoolchain/usr/bin/clang -x objective-c -ivfsstatcache /Users/emanuelflury/Library/Developer/Xcode/DerivedData/SDKStatCaches.noindex/iphoneos26.1-23B77-69b33fc7382b27d9b5d46e82a00f8e78.sdkstatcache -fmessage-length\=0 -fdiagnostics-show-note-include-stack -fmacro-backtrace-limit\=0 -fno-color-diagnostics -fmodules-prune-interval\=86400 -fmodules-prune-after\=345600 -fbuild-session-file\=/Users/emanuelflury/Library/Developer/Xcode/DerivedData/ModuleCache.noindex/Session.modulevalidation -fmodules-validate-once-per-build-session -Wnon-modular-include-in-framework-module -Werror\=non-modular-include-in-framework-module -Wno-trigraphs -Wno-missing-field-initializers -Wno-missing-prototypes -Wno-return-type -Wno-implicit-atomic-properties -Wno-objc-interface-ivars -Wno-arc-repeated-use-of-weak -Wno-missing-braces -Wparentheses -Wswitch -Wno-unused-function -Wno-unused-label -Wno-unused-parameter -Wno-unused-variable -Wunused-value -Wno-empty-body -Wno-uninitialized -Wno-unknown-pragmas -w -Wno-shadow -Wno-four-char-constants -Wno-conversion -Wno-constant-conversion -Wno-int-conversion -Wno-bool-conversion -Wno-enum-conversion -Wno-float-conversion -Wno-non-literal-null-conversion -Wno-objc-literal-conversion -Wshorten-64-to-32 -Wpointer-sign -Wno-newline-eof -Wno-selector -Wno-strict-selector-match -Wno-undeclared-selector -Wno-deprecated-implementations -Wno-implicit-fallthrough -fstrict-aliasing -Wprotocol -Wdeprecated-declarations -Wno-sign-conversion -Wno-infinite-recursion -Wno-comma -Wno-block-capture-autoreleasing -Wno-strict-prototypes -Wno-semicolon-before-method-body -index-store-path /Users/emanuelflury/Library/Developer/Xcode/DerivedData/TaxedGmbH_IOS-gerngfqzuwudosgobknlgtoawnlj/Index.noindex/DataStore @/Users/emanuelflury/Library/Developer/Xcode/DerivedData/TaxedGmbH_IOS-gerngfqzuwudosgobknlgtoawnlj/Build/Intermediates.noindex/GoogleDataTransport.build/Debug-iphoneos/GoogleDataTransport.build/Objects-normal/arm64/e6072d4f65d7061329687fe24e3d63a7-common-args.resp -include /Users/emanuelflury/Library/Developer/Xcode/DerivedData/TaxedGmbH_IOS-gerngfqzuwudosgobknlgtoawnlj/Build/Intermediates.noindex/GoogleDataTransport.build/Debug-iphoneos/GoogleDataTransport.build/DerivedSources/resource_bundle_accessor.h -MMD -MT dependencies -MF /Users/emanuelflury/Library/Developer/Xcode/DerivedData/TaxedGmbH_IOS-gerngfqzuwudosgobknlgtoawnlj/Build/Intermediates.noindex/GoogleDataTransport.build/Debug-iphoneos/GoogleDataTransport.build/Objects-normal/arm64/GDTCORAssert.d --serialize-diagnostics /Users/emanuelflury/Library/Developer/Xcode/DerivedData/TaxedGmbH_IOS-gerngfqzuwudosgobknlgtoawnlj/Build/Intermediates.noindex/GoogleDataTransport.build/Debug-iphoneos/GoogleDataTransport.build/Objects-normal/arm64/GDTCORAssert.dia -c /Users/emanuelflury/Library/Developer/Xcode/DerivedData/TaxedGmbH_IOS-gerngfqzuwudosgobknlgtoawnlj/SourcePackages/checkouts/GoogleDataTransport/GoogleDataTransport/GDTCORLibrary/GDTCORAssert.m -o /Users/emanuelflury/Library/Developer/Xcode/DerivedData/TaxedGmbH_IOS-gerngfqzuwudosgobknlgtoawnlj/Build/Intermediates.noindex/GoogleDataTransport.build/Debug-iphoneos/GoogleDataTransport.build/Objects-normal/arm64/GDTCORAssert.o -index-unit-output-path /GoogleDataTransport.build/Debug-iphoneos/GoogleDataTransport.build/Objects-normal/arm64/GDTCORAssert.o

ScanDependencies /Users/emanuelflury/Library/Developer/Xcode/DerivedData/TaxedGmbH_IOS-gerngfqzuwudosgobknlgtoawnlj/Build/Intermediates.noindex/GoogleDataTransport.build/Debug-iphoneos/GoogleDataTransport.build/Objects-normal/arm64/GDTCCTUploader.o /Users/emanuelflury/Library/Developer/Xcode/DerivedData/TaxedGmbH_IOS-gerngfqzuwudosgobknlgtoawnlj/SourcePackages/checkouts/GoogleDataTransport/GoogleDataTransport/GDTCCTLibrary/GDTCCTUploader.m normal arm64 objective-c com.apple.compilers.llvm.clang.1_0.compiler (in target 'GoogleDataTransport' from project 'GoogleDataTransport')
    cd /Users/emanuelflury/github/TaxedGmbH_IOS/TaxedGmbH_IOS.xcodeproj
    
    Using response file: /Users/emanuelflury/Library/Developer/Xcode/DerivedData/TaxedGmbH_IOS-gerngfqzuwudosgobknlgtoawnlj/Build/Intermediates.noindex/GoogleDataTransport.build/Debug-iphoneos/GoogleDataTransport.build/Objects-normal/arm64/e6072d4f65d7061329687fe24e3d63a7-common-args.resp
    
    builtin-ScanDependencies -o /Users/emanuelflury/Library/Developer/Xcode/DerivedData/TaxedGmbH_IOS-gerngfqzuwudosgobknlgtoawnlj/Build/Intermediates.noindex/GoogleDataTransport.build/Debug-iphoneos/GoogleDataTransport.build/Objects-normal/arm64/GDTCCTUploader.o.scan -- /Applications/Xcode.app/Contents/Developer/Toolchains/XcodeDefault.xctoolchain/usr/bin/clang -x objective-c -ivfsstatcache /Users/emanuelflury/Library/Developer/Xcode/DerivedData/SDKStatCaches.noindex/iphoneos26.1-23B77-69b33fc7382b27d9b5d46e82a00f8e78.sdkstatcache -fmessage-length\=0 -fdiagnostics-show-note-include-stack -fmacro-backtrace-limit\=0 -fno-color-diagnostics -fmodules-prune-interval\=86400 -fmodules-prune-after\=345600 -fbuild-session-file\=/Users/emanuelflury/Library/Developer/Xcode/DerivedData/ModuleCache.noindex/Session.modulevalidation -fmodules-validate-once-per-build-session -Wnon-modular-include-in-framework-module -Werror\=non-modular-include-in-framework-module -Wno-trigraphs -Wno-missing-field-initializers -Wno-missing-prototypes -Wno-return-type -Wno-implicit-atomic-properties -Wno-objc-interface-ivars -Wno-arc-repeated-use-of-weak -Wno-missing-braces -Wparentheses -Wswitch -Wno-unused-function -Wno-unused-label -Wno-unused-parameter -Wno-unused-variable -Wunused-value -Wno-empty-body -Wno-uninitialized -Wno-unknown-pragmas -w -Wno-shadow -Wno-four-char-constants -Wno-conversion -Wno-constant-conversion -Wno-int-conversion -Wno-bool-conversion -Wno-enum-conversion -Wno-float-conversion -Wno-non-literal-null-conversion -Wno-objc-literal-conversion -Wshorten-64-to-32 -Wpointer-sign -Wno-newline-eof -Wno-selector -Wno-strict-selector-match -Wno-undeclared-selector -Wno-deprecated-implementations -Wno-implicit-fallthrough -fstrict-aliasing -Wprotocol -Wdeprecated-declarations -Wno-sign-conversion -Wno-infinite-recursion -Wno-comma -Wno-block-capture-autoreleasing -Wno-strict-prototypes -Wno-semicolon-before-method-body -index-store-path /Users/emanuelflury/Library/Developer/Xcode/DerivedData/TaxedGmbH_IOS-gerngfqzuwudosgobknlgtoawnlj/Index.noindex/DataStore @/Users/emanuelflury/Library/Developer/Xcode/DerivedData/TaxedGmbH_IOS-gerngfqzuwudosgobknlgtoawnlj/Build/Intermediates.noindex/GoogleDataTransport.build/Debug-iphoneos/GoogleDataTransport.build/Objects-normal/arm64/e6072d4f65d7061329687fe24e3d63a7-common-args.resp -include /Users/emanuelflury/Library/Developer/Xcode/DerivedData/TaxedGmbH_IOS-gerngfqzuwudosgobknlgtoawnlj/Build/Intermediates.noindex/GoogleDataTransport.build/Debug-iphoneos/GoogleDataTransport.build/DerivedSources/resource_bundle_accessor.h -MMD -MT dependencies -MF /Users/emanuelflury/Library/Developer/Xcode/DerivedData/TaxedGmbH_IOS-gerngfqzuwudosgobknlgtoawnlj/Build/Intermediates.noindex/GoogleDataTransport.build/Debug-iphoneos/GoogleDataTransport.build/Objects-normal/arm64/GDTCCTUploader.d --serialize-diagnostics /Users/emanuelflury/Library/Developer/Xcode/DerivedData/TaxedGmbH_IOS-gerngfqzuwudosgobknlgtoawnlj/Build/Intermediates.noindex/GoogleDataTransport.build/Debug-iphoneos/GoogleDataTransport.build/Objects-normal/arm64/GDTCCTUploader.dia -c /Users/emanuelflury/Library/Developer/Xcode/DerivedData/TaxedGmbH_IOS-gerngfqzuwudosgobknlgtoawnlj/SourcePackages/checkouts/GoogleDataTransport/GoogleDataTransport/GDTCCTLibrary/GDTCCTUploader.m -o /Users/emanuelflury/Library/Developer/Xcode/DerivedData/TaxedGmbH_IOS-gerngfqzuwudosgobknlgtoawnlj/Build/Intermediates.noindex/GoogleDataTransport.build/Debug-iphoneos/GoogleDataTransport.build/Objects-normal/arm64/GDTCCTUploader.o -index-unit-output-path /GoogleDataTransport.build/Debug-iphoneos/GoogleDataTransport.build/Objects-normal/arm64/GDTCCTUploader.o

PrecompileModule /Users/emanuelflury/Library/Developer/Xcode/DerivedData/TaxedGmbH_IOS-gerngfqzuwudosgobknlgtoawnlj/Build/Intermediates.noindex/ExplicitPrecompiledModules/ObjectiveC-P090DO07U4T3S7XMYC3DYEFH.scan
    cd /
    builtin-precompileModule /Users/emanuelflury/Library/Developer/Xcode/DerivedData/TaxedGmbH_IOS-gerngfqzuwudosgobknlgtoawnlj/Build/Intermediates.noindex/ExplicitPrecompiledModules/ObjectiveC-P090DO07U4T3S7XMYC3DYEFH.scan

ScanDependencies /Users/emanuelflury/Library/Developer/Xcode/DerivedData/TaxedGmbH_IOS-gerngfqzuwudosgobknlgtoawnlj/Build/Intermediates.noindex/GoogleDataTransport.build/Debug-iphoneos/GoogleDataTransport.build/Objects-normal/arm64/GDTCCTUploadOperation.o /Users/emanuelflury/Library/Developer/Xcode/DerivedData/TaxedGmbH_IOS-gerngfqzuwudosgobknlgtoawnlj/SourcePackages/checkouts/GoogleDataTransport/GoogleDataTransport/GDTCCTLibrary/GDTCCTUploadOperation.m normal arm64 objective-c com.apple.compilers.llvm.clang.1_0.compiler (in target 'GoogleDataTransport' from project 'GoogleDataTransport')
    cd /Users/emanuelflury/github/TaxedGmbH_IOS/TaxedGmbH_IOS.xcodeproj
    
    Using response file: /Users/emanuelflury/Library/Developer/Xcode/DerivedData/TaxedGmbH_IOS-gerngfqzuwudosgobknlgtoawnlj/Build/Intermediates.noindex/GoogleDataTransport.build/Debug-iphoneos/GoogleDataTransport.build/Objects-normal/arm64/e6072d4f65d7061329687fe24e3d63a7-common-args.resp
    
    builtin-ScanDependencies -o /Users/emanuelflury/Library/Developer/Xcode/DerivedData/TaxedGmbH_IOS-gerngfqzuwudosgobknlgtoawnlj/Build/Intermediates.noindex/GoogleDataTransport.build/Debug-iphoneos/GoogleDataTransport.build/Objects-normal/arm64/GDTCCTUploadOperation.o.scan -- /Applications/Xcode.app/Contents/Developer/Toolchains/XcodeDefault.xctoolchain/usr/bin/clang -x objective-c -ivfsstatcache /Users/emanuelflury/Library/Developer/Xcode/DerivedData/SDKStatCaches.noindex/iphoneos26.1-23B77-69b33fc7382b27d9b5d46e82a00f8e78.sdkstatcache -fmessage-length\=0 -fdiagnostics-show-note-include-stack -fmacro-backtrace-limit\=0 -fno-color-diagnostics -fmodules-prune-interval\=86400 -fmodules-prune-after\=345600 -fbuild-session-file\=/Users/emanuelflury/Library/Developer/Xcode/DerivedData/ModuleCache.noindex/Session.modulevalidation -fmodules-validate-once-per-build-session -Wnon-modular-include-in-framework-module -Werror\=non-modular-include-in-framework-module -Wno-trigraphs -Wno-missing-field-initializers -Wno-missing-prototypes -Wno-return-type -Wno-implicit-atomic-properties -Wno-objc-interface-ivars -Wno-arc-repeated-use-of-weak -Wno-missing-braces -Wparentheses -Wswitch -Wno-unused-function -Wno-unused-label -Wno-unused-parameter -Wno-unused-variable -Wunused-value -Wno-empty-body -Wno-uninitialized -Wno-unknown-pragmas -w -Wno-shadow -Wno-four-char-constants -Wno-conversion -Wno-constant-conversion -Wno-int-conversion -Wno-bool-conversion -Wno-enum-conversion -Wno-float-conversion -Wno-non-literal-null-conversion -Wno-objc-literal-conversion -Wshorten-64-to-32 -Wpointer-sign -Wno-newline-eof -Wno-selector -Wno-strict-selector-match -Wno-undeclared-selector -Wno-deprecated-implementations -Wno-implicit-fallthrough -fstrict-aliasing -Wprotocol -Wdeprecated-declarations -Wno-sign-conversion -Wno-infinite-recursion -Wno-comma -Wno-block-capture-autoreleasing -Wno-strict-prototypes -Wno-semicolon-before-method-body -index-store-path /Users/emanuelflury/Library/Developer/Xcode/DerivedData/TaxedGmbH_IOS-gerngfqzuwudosgobknlgtoawnlj/Index.noindex/DataStore @/Users/emanuelflury/Library/Developer/Xcode/DerivedData/TaxedGmbH_IOS-gerngfqzuwudosgobknlgtoawnlj/Build/Intermediates.noindex/GoogleDataTransport.build/Debug-iphoneos/GoogleDataTransport.build/Objects-normal/arm64/e6072d4f65d7061329687fe24e3d63a7-common-args.resp -include /Users/emanuelflury/Library/Developer/Xcode/DerivedData/TaxedGmbH_IOS-gerngfqzuwudosgobknlgtoawnlj/Build/Intermediates.noindex/GoogleDataTransport.build/Debug-iphoneos/GoogleDataTransport.build/DerivedSources/resource_bundle_accessor.h -MMD -MT dependencies -MF /Users/emanuelflury/Library/Developer/Xcode/DerivedData/TaxedGmbH_IOS-gerngfqzuwudosgobknlgtoawnlj/Build/Intermediates.noindex/GoogleDataTransport.build/Debug-iphoneos/GoogleDataTransport.build/Objects-normal/arm64/GDTCCTUploadOperation.d --serialize-diagnostics /Users/emanuelflury/Library/Developer/Xcode/DerivedData/TaxedGmbH_IOS-gerngfqzuwudosgobknlgtoawnlj/Build/Intermediates.noindex/GoogleDataTransport.build/Debug-iphoneos/GoogleDataTransport.build/Objects-normal/arm64/GDTCCTUploadOperation.dia -c /Users/emanuelflury/Library/Developer/Xcode/DerivedData/TaxedGmbH_IOS-gerngfqzuwudosgobknlgtoawnlj/SourcePackages/checkouts/GoogleDataTransport/GoogleDataTransport/GDTCCTLibrary/GDTCCTUploadOperation.m -o /Users/emanuelflury/Library/Developer/Xcode/DerivedData/TaxedGmbH_IOS-gerngfqzuwudosgobknlgtoawnlj/Build/Intermediates.noindex/GoogleDataTransport.build/Debug-iphoneos/GoogleDataTransport.build/Objects-normal/arm64/GDTCCTUploadOperation.o -index-unit-output-path /GoogleDataTransport.build/Debug-iphoneos/GoogleDataTransport.build/Objects-normal/arm64/GDTCCTUploadOperation.o

ScanDependencies /Users/emanuelflury/Library/Developer/Xcode/DerivedData/TaxedGmbH_IOS-gerngfqzuwudosgobknlgtoawnlj/Build/Intermediates.noindex/GoogleDataTransport.build/Debug-iphoneos/GoogleDataTransport.build/Objects-normal/arm64/GDTCCTURLSessionDataResponse.o /Users/emanuelflury/Library/Developer/Xcode/DerivedData/TaxedGmbH_IOS-gerngfqzuwudosgobknlgtoawnlj/SourcePackages/checkouts/GoogleDataTransport/GoogleDataTransport/GDTCCTLibrary/GDTCCTURLSessionDataResponse.m normal arm64 objective-c com.apple.compilers.llvm.clang.1_0.compiler (in target 'GoogleDataTransport' from project 'GoogleDataTransport')
    cd /Users/emanuelflury/github/TaxedGmbH_IOS/TaxedGmbH_IOS.xcodeproj
    
    Using response file: /Users/emanuelflury/Library/Developer/Xcode/DerivedData/TaxedGmbH_IOS-gerngfqzuwudosgobknlgtoawnlj/Build/Intermediates.noindex/GoogleDataTransport.build/Debug-iphoneos/GoogleDataTransport.build/Objects-normal/arm64/e6072d4f65d7061329687fe24e3d63a7-common-args.resp
    
    builtin-ScanDependencies -o /Users/emanuelflury/Library/Developer/Xcode/DerivedData/TaxedGmbH_IOS-gerngfqzuwudosgobknlgtoawnlj/Build/Intermediates.noindex/GoogleDataTransport.build/Debug-iphoneos/GoogleDataTransport.build/Objects-normal/arm64/GDTCCTURLSessionDataResponse.o.scan -- /Applications/Xcode.app/Contents/Developer/Toolchains/XcodeDefault.xctoolchain/usr/bin/clang -x objective-c -ivfsstatcache /Users/emanuelflury/Library/Developer/Xcode/DerivedData/SDKStatCaches.noindex/iphoneos26.1-23B77-69b33fc7382b27d9b5d46e82a00f8e78.sdkstatcache -fmessage-length\=0 -fdiagnostics-show-note-include-stack -fmacro-backtrace-limit\=0 -fno-color-diagnostics -fmodules-prune-interval\=86400 -fmodules-prune-after\=345600 -fbuild-session-file\=/Users/emanuelflury/Library/Developer/Xcode/DerivedData/ModuleCache.noindex/Session.modulevalidation -fmodules-validate-once-per-build-session -Wnon-modular-include-in-framework-module -Werror\=non-modular-include-in-framework-module -Wno-trigraphs -Wno-missing-field-initializers -Wno-missing-prototypes -Wno-return-type -Wno-implicit-atomic-properties -Wno-objc-interface-ivars -Wno-arc-repeated-use-of-weak -Wno-missing-braces -Wparentheses -Wswitch -Wno-unused-function -Wno-unused-label -Wno-unused-parameter -Wno-unused-variable -Wunused-value -Wno-empty-body -Wno-uninitialized -Wno-unknown-pragmas -w -Wno-shadow -Wno-four-char-constants -Wno-conversion -Wno-constant-conversion -Wno-int-conversion -Wno-bool-conversion -Wno-enum-conversion -Wno-float-conversion -Wno-non-literal-null-conversion -Wno-objc-literal-conversion -Wshorten-64-to-32 -Wpointer-sign -Wno-newline-eof -Wno-selector -Wno-strict-selector-match -Wno-undeclared-selector -Wno-deprecated-implementations -Wno-implicit-fallthrough -fstrict-aliasing -Wprotocol -Wdeprecated-declarations -Wno-sign-conversion -Wno-infinite-recursion -Wno-comma -Wno-block-capture-autoreleasing -Wno-strict-prototypes -Wno-semicolon-before-method-body -index-store-path /Users/emanuelflury/Library/Developer/Xcode/DerivedData/TaxedGmbH_IOS-gerngfqzuwudosgobknlgtoawnlj/Index.noindex/DataStore @/Users/emanuelflury/Library/Developer/Xcode/DerivedData/TaxedGmbH_IOS-gerngfqzuwudosgobknlgtoawnlj/Build/Intermediates.noindex/GoogleDataTransport.build/Debug-iphoneos/GoogleDataTransport.build/Objects-normal/arm64/e6072d4f65d7061329687fe24e3d63a7-common-args.resp -include /Users/emanuelflury/Library/Developer/Xcode/DerivedData/TaxedGmbH_IOS-gerngfqzuwudosgobknlgtoawnlj/Build/Intermediates.noindex/GoogleDataTransport.build/Debug-iphoneos/GoogleDataTransport.build/DerivedSources/resource_bundle_accessor.h -MMD -MT dependencies -MF /Users/emanuelflury/Library/Developer/Xcode/DerivedData/TaxedGmbH_IOS-gerngfqzuwudosgobknlgtoawnlj/Build/Intermediates.noindex/GoogleDataTransport.build/Debug-iphoneos/GoogleDataTransport.build/Objects-normal/arm64/GDTCCTURLSessionDataResponse.d --serialize-diagnostics /Users/emanuelflury/Library/Developer/Xcode/DerivedData/TaxedGmbH_IOS-gerngfqzuwudosgobknlgtoawnlj/Build/Intermediates.noindex/GoogleDataTransport.build/Debug-iphoneos/GoogleDataTransport.build/Objects-normal/arm64/GDTCCTURLSessionDataResponse.dia -c /Users/emanuelflury/Library/Developer/Xcode/DerivedData/TaxedGmbH_IOS-gerngfqzuwudosgobknlgtoawnlj/SourcePackages/checkouts/GoogleDataTransport/GoogleDataTransport/GDTCCTLibrary/GDTCCTURLSessionDataResponse.m -o /Users/emanuelflury/Library/Developer/Xcode/DerivedData/TaxedGmbH_IOS-gerngfqzuwudosgobknlgtoawnlj/Build/Intermediates.noindex/GoogleDataTransport.build/Debug-iphoneos/GoogleDataTransport.build/Objects-normal/arm64/GDTCCTURLSessionDataResponse.o -index-unit-output-path /GoogleDataTransport.build/Debug-iphoneos/GoogleDataTransport.build/Objects-normal/arm64/GDTCCTURLSessionDataResponse.o

ScanDependencies /Users/emanuelflury/Library/Developer/Xcode/DerivedData/TaxedGmbH_IOS-gerngfqzuwudosgobknlgtoawnlj/Build/Intermediates.noindex/GoogleDataTransport.build/Debug-iphoneos/GoogleDataTransport.build/Objects-normal/arm64/GDTCCTNanopbHelpers.o /Users/emanuelflury/Library/Developer/Xcode/DerivedData/TaxedGmbH_IOS-gerngfqzuwudosgobknlgtoawnlj/SourcePackages/checkouts/GoogleDataTransport/GoogleDataTransport/GDTCCTLibrary/GDTCCTNanopbHelpers.m normal arm64 objective-c com.apple.compilers.llvm.clang.1_0.compiler (in target 'GoogleDataTransport' from project 'GoogleDataTransport')
    cd /Users/emanuelflury/github/TaxedGmbH_IOS/TaxedGmbH_IOS.xcodeproj
    
    Using response file: /Users/emanuelflury/Library/Developer/Xcode/DerivedData/TaxedGmbH_IOS-gerngfqzuwudosgobknlgtoawnlj/Build/Intermediates.noindex/GoogleDataTransport.build/Debug-iphoneos/GoogleDataTransport.build/Objects-normal/arm64/e6072d4f65d7061329687fe24e3d63a7-common-args.resp
    
    builtin-ScanDependencies -o /Users/emanuelflury/Library/Developer/Xcode/DerivedData/TaxedGmbH_IOS-gerngfqzuwudosgobknlgtoawnlj/Build/Intermediates.noindex/GoogleDataTransport.build/Debug-iphoneos/GoogleDataTransport.build/Objects-normal/arm64/GDTCCTNanopbHelpers.o.scan -- /Applications/Xcode.app/Contents/Developer/Toolchains/XcodeDefault.xctoolchain/usr/bin/clang -x objective-c -ivfsstatcache /Users/emanuelflury/Library/Developer/Xcode/DerivedData/SDKStatCaches.noindex/iphoneos26.1-23B77-69b33fc7382b27d9b5d46e82a00f8e78.sdkstatcache -fmessage-length\=0 -fdiagnostics-show-note-include-stack -fmacro-backtrace-limit\=0 -fno-color-diagnostics -fmodules-prune-interval\=86400 -fmodules-prune-after\=345600 -fbuild-session-file\=/Users/emanuelflury/Library/Developer/Xcode/DerivedData/ModuleCache.noindex/Session.modulevalidation -fmodules-validate-once-per-build-session -Wnon-modular-include-in-framework-module -Werror\=non-modular-include-in-framework-module -Wno-trigraphs -Wno-missing-field-initializers -Wno-missing-prototypes -Wno-return-type -Wno-implicit-atomic-properties -Wno-objc-interface-ivars -Wno-arc-repeated-use-of-weak -Wno-missing-braces -Wparentheses -Wswitch -Wno-unused-function -Wno-unused-label -Wno-unused-parameter -Wno-unused-variable -Wunused-value -Wno-empty-body -Wno-uninitialized -Wno-unknown-pragmas -w -Wno-shadow -Wno-four-char-constants -Wno-conversion -Wno-constant-conversion -Wno-int-conversion -Wno-bool-conversion -Wno-enum-conversion -Wno-float-conversion -Wno-non-literal-null-conversion -Wno-objc-literal-conversion -Wshorten-64-to-32 -Wpointer-sign -Wno-newline-eof -Wno-selector -Wno-strict-selector-match -Wno-undeclared-selector -Wno-deprecated-implementations -Wno-implicit-fallthrough -fstrict-aliasing -Wprotocol -Wdeprecated-declarations -Wno-sign-conversion -Wno-infinite-recursion -Wno-comma -Wno-block-capture-autoreleasing -Wno-strict-prototypes -Wno-semicolon-before-method-body -index-store-path /Users/emanuelflury/Library/Developer/Xcode/DerivedData/TaxedGmbH_IOS-gerngfqzuwudosgobknlgtoawnlj/Index.noindex/DataStore @/Users/emanuelflury/Library/Developer/Xcode/DerivedData/TaxedGmbH_IOS-gerngfqzuwudosgobknlgtoawnlj/Build/Intermediates.noindex/GoogleDataTransport.build/Debug-iphoneos/GoogleDataTransport.build/Objects-normal/arm64/e6072d4f65d7061329687fe24e3d63a7-common-args.resp -include /Users/emanuelflury/Library/Developer/Xcode/DerivedData/TaxedGmbH_IOS-gerngfqzuwudosgobknlgtoawnlj/Build/Intermediates.noindex/GoogleDataTransport.build/Debug-iphoneos/GoogleDataTransport.build/DerivedSources/resource_bundle_accessor.h -MMD -MT dependencies -MF /Users/emanuelflury/Library/Developer/Xcode/DerivedData/TaxedGmbH_IOS-gerngfqzuwudosgobknlgtoawnlj/Build/Intermediates.noindex/GoogleDataTransport.build/Debug-iphoneos/GoogleDataTransport.build/Objects-normal/arm64/GDTCCTNanopbHelpers.d --serialize-diagnostics /Users/emanuelflury/Library/Developer/Xcode/DerivedData/TaxedGmbH_IOS-gerngfqzuwudosgobknlgtoawnlj/Build/Intermediates.noindex/GoogleDataTransport.build/Debug-iphoneos/GoogleDataTransport.build/Objects-normal/arm64/GDTCCTNanopbHelpers.dia -c /Users/emanuelflury/Library/Developer/Xcode/DerivedData/TaxedGmbH_IOS-gerngfqzuwudosgobknlgtoawnlj/SourcePackages/checkouts/GoogleDataTransport/GoogleDataTransport/GDTCCTLibrary/GDTCCTNanopbHelpers.m -o /Users/emanuelflury/Library/Developer/Xcode/DerivedData/TaxedGmbH_IOS-gerngfqzuwudosgobknlgtoawnlj/Build/Intermediates.noindex/GoogleDataTransport.build/Debug-iphoneos/GoogleDataTransport.build/Objects-normal/arm64/GDTCCTNanopbHelpers.o -index-unit-output-path /GoogleDataTransport.build/Debug-iphoneos/GoogleDataTransport.build/Objects-normal/arm64/GDTCCTNanopbHelpers.o

ScanDependencies /Users/emanuelflury/Library/Developer/Xcode/DerivedData/TaxedGmbH_IOS-gerngfqzuwudosgobknlgtoawnlj/Build/Intermediates.noindex/GoogleDataTransport.build/Debug-iphoneos/GoogleDataTransport.build/Objects-normal/arm64/GDTCCTCompressionHelper.o /Users/emanuelflury/Library/Developer/Xcode/DerivedData/TaxedGmbH_IOS-gerngfqzuwudosgobknlgtoawnlj/SourcePackages/checkouts/GoogleDataTransport/GoogleDataTransport/GDTCCTLibrary/GDTCCTCompressionHelper.m normal arm64 objective-c com.apple.compilers.llvm.clang.1_0.compiler (in target 'GoogleDataTransport' from project 'GoogleDataTransport')
    cd /Users/emanuelflury/github/TaxedGmbH_IOS/TaxedGmbH_IOS.xcodeproj
    
    Using response file: /Users/emanuelflury/Library/Developer/Xcode/DerivedData/TaxedGmbH_IOS-gerngfqzuwudosgobknlgtoawnlj/Build/Intermediates.noindex/GoogleDataTransport.build/Debug-iphoneos/GoogleDataTransport.build/Objects-normal/arm64/e6072d4f65d7061329687fe24e3d63a7-common-args.resp
    
    builtin-ScanDependencies -o /Users/emanuelflury/Library/Developer/Xcode/DerivedData/TaxedGmbH_IOS-gerngfqzuwudosgobknlgtoawnlj/Build/Intermediates.noindex/GoogleDataTransport.build/Debug-iphoneos/GoogleDataTransport.build/Objects-normal/arm64/GDTCCTCompressionHelper.o.scan -- /Applications/Xcode.app/Contents/Developer/Toolchains/XcodeDefault.xctoolchain/usr/bin/clang -x objective-c -ivfsstatcache /Users/emanuelflury/Library/Developer/Xcode/DerivedData/SDKStatCaches.noindex/iphoneos26.1-23B77-69b33fc7382b27d9b5d46e82a00f8e78.sdkstatcache -fmessage-length\=0 -fdiagnostics-show-note-include-stack -fmacro-backtrace-limit\=0 -fno-color-diagnostics -fmodules-prune-interval\=86400 -fmodules-prune-after\=345600 -fbuild-session-file\=/Users/emanuelflury/Library/Developer/Xcode/DerivedData/ModuleCache.noindex/Session.modulevalidation -fmodules-validate-once-per-build-session -Wnon-modular-include-in-framework-module -Werror\=non-modular-include-in-framework-module -Wno-trigraphs -Wno-missing-field-initializers -Wno-missing-prototypes -Wno-return-type -Wno-implicit-atomic-properties -Wno-objc-interface-ivars -Wno-arc-repeated-use-of-weak -Wno-missing-braces -Wparentheses -Wswitch -Wno-unused-function -Wno-unused-label -Wno-unused-parameter -Wno-unused-variable -Wunused-value -Wno-empty-body -Wno-uninitialized -Wno-unknown-pragmas -w -Wno-shadow -Wno-four-char-constants -Wno-conversion -Wno-constant-conversion -Wno-int-conversion -Wno-bool-conversion -Wno-enum-conversion -Wno-float-conversion -Wno-non-literal-null-conversion -Wno-objc-literal-conversion -Wshorten-64-to-32 -Wpointer-sign -Wno-newline-eof -Wno-selector -Wno-strict-selector-match -Wno-undeclared-selector -Wno-deprecated-implementations -Wno-implicit-fallthrough -fstrict-aliasing -Wprotocol -Wdeprecated-declarations -Wno-sign-conversion -Wno-infinite-recursion -Wno-comma -Wno-block-capture-autoreleasing -Wno-strict-prototypes -Wno-semicolon-before-method-body -index-store-path /Users/emanuelflury/Library/Developer/Xcode/DerivedData/TaxedGmbH_IOS-gerngfqzuwudosgobknlgtoawnlj/Index.noindex/DataStore @/Users/emanuelflury/Library/Developer/Xcode/DerivedData/TaxedGmbH_IOS-gerngfqzuwudosgobknlgtoawnlj/Build/Intermediates.noindex/GoogleDataTransport.build/Debug-iphoneos/GoogleDataTransport.build/Objects-normal/arm64/e6072d4f65d7061329687fe24e3d63a7-common-args.resp -include /Users/emanuelflury/Library/Developer/Xcode/DerivedData/TaxedGmbH_IOS-gerngfqzuwudosgobknlgtoawnlj/Build/Intermediates.noindex/GoogleDataTransport.build/Debug-iphoneos/GoogleDataTransport.build/DerivedSources/resource_bundle_accessor.h -MMD -MT dependencies -MF /Users/emanuelflury/Library/Developer/Xcode/DerivedData/TaxedGmbH_IOS-gerngfqzuwudosgobknlgtoawnlj/Build/Intermediates.noindex/GoogleDataTransport.build/Debug-iphoneos/GoogleDataTransport.build/Objects-normal/arm64/GDTCCTCompressionHelper.d --serialize-diagnostics /Users/emanuelflury/Library/Developer/Xcode/DerivedData/TaxedGmbH_IOS-gerngfqzuwudosgobknlgtoawnlj/Build/Intermediates.noindex/GoogleDataTransport.build/Debug-iphoneos/GoogleDataTransport.build/Objects-normal/arm64/GDTCCTCompressionHelper.dia -c /Users/emanuelflury/Library/Developer/Xcode/DerivedData/TaxedGmbH_IOS-gerngfqzuwudosgobknlgtoawnlj/SourcePackages/checkouts/GoogleDataTransport/GoogleDataTransport/GDTCCTLibrary/GDTCCTCompressionHelper.m -o /Users/emanuelflury/Library/Developer/Xcode/DerivedData/TaxedGmbH_IOS-gerngfqzuwudosgobknlgtoawnlj/Build/Intermediates.noindex/GoogleDataTransport.build/Debug-iphoneos/GoogleDataTransport.build/Objects-normal/arm64/GDTCCTCompressionHelper.o -index-unit-output-path /GoogleDataTransport.build/Debug-iphoneos/GoogleDataTransport.build/Objects-normal/arm64/GDTCCTCompressionHelper.o

ScanDependencies /Users/emanuelflury/Library/Developer/Xcode/DerivedData/TaxedGmbH_IOS-gerngfqzuwudosgobknlgtoawnlj/Build/Intermediates.noindex/gRPC.build/Debug-iphoneos/opensslWrapper.build/Objects-normal/arm64/resource_bundle_accessor.o /Users/emanuelflury/Library/Developer/Xcode/DerivedData/TaxedGmbH_IOS-gerngfqzuwudosgobknlgtoawnlj/Build/Intermediates.noindex/gRPC.build/Debug-iphoneos/opensslWrapper.build/DerivedSources/resource_bundle_accessor.m normal arm64 objective-c com.apple.compilers.llvm.clang.1_0.compiler (in target 'opensslWrapper' from project 'gRPC')
    cd /Users/emanuelflury/github/TaxedGmbH_IOS/TaxedGmbH_IOS.xcodeproj
    
    Using response file: /Users/emanuelflury/Library/Developer/Xcode/DerivedData/TaxedGmbH_IOS-gerngfqzuwudosgobknlgtoawnlj/Build/Intermediates.noindex/gRPC.build/Debug-iphoneos/opensslWrapper.build/Objects-normal/arm64/e6072d4f65d7061329687fe24e3d63a7-common-args.resp
    
    builtin-ScanDependencies -o /Users/emanuelflury/Library/Developer/Xcode/DerivedData/TaxedGmbH_IOS-gerngfqzuwudosgobknlgtoawnlj/Build/Intermediates.noindex/gRPC.build/Debug-iphoneos/opensslWrapper.build/Objects-normal/arm64/resource_bundle_accessor.o.scan -- /Applications/Xcode.app/Contents/Developer/Toolchains/XcodeDefault.xctoolchain/usr/bin/clang -x objective-c -ivfsstatcache /Users/emanuelflury/Library/Developer/Xcode/DerivedData/SDKStatCaches.noindex/iphoneos26.1-23B77-69b33fc7382b27d9b5d46e82a00f8e78.sdkstatcache -fmessage-length\=0 -fdiagnostics-show-note-include-stack -fmacro-backtrace-limit\=0 -fno-color-diagnostics -fmodules-prune-interval\=86400 -fmodules-prune-after\=345600 -fbuild-session-file\=/Users/emanuelflury/Library/Developer/Xcode/DerivedData/ModuleCache.noindex/Session.modulevalidation -fmodules-validate-once-per-build-session -Wnon-modular-include-in-framework-module -Werror\=non-modular-include-in-framework-module -Wno-trigraphs -Wno-missing-field-initializers -Wno-missing-prototypes -Wno-return-type -Wno-implicit-atomic-properties -Wno-objc-interface-ivars -Wno-arc-repeated-use-of-weak -Wno-missing-braces -Wparentheses -Wswitch -Wno-unused-function -Wno-unused-label -Wno-unused-parameter -Wno-unused-variable -Wunused-value -Wno-empty-body -Wno-uninitialized -Wno-unknown-pragmas -w -Wno-shadow -Wno-four-char-constants -Wno-conversion -Wno-constant-conversion -Wno-int-conversion -Wno-bool-conversion -Wno-enum-conversion -Wno-float-conversion -Wno-non-literal-null-conversion -Wno-objc-literal-conversion -Wshorten-64-to-32 -Wpointer-sign -Wno-newline-eof -Wno-selector -Wno-strict-selector-match -Wno-undeclared-selector -Wno-deprecated-implementations -Wno-implicit-fallthrough -fstrict-aliasing -Wprotocol -Wdeprecated-declarations -Wno-sign-conversion -Wno-infinite-recursion -Wno-comma -Wno-block-capture-autoreleasing -Wno-strict-prototypes -Wno-semicolon-before-method-body -index-store-path /Users/emanuelflury/Library/Developer/Xcode/DerivedData/TaxedGmbH_IOS-gerngfqzuwudosgobknlgtoawnlj/Index.noindex/DataStore @/Users/emanuelflury/Library/Developer/Xcode/DerivedData/TaxedGmbH_IOS-gerngfqzuwudosgobknlgtoawnlj/Build/Intermediates.noindex/gRPC.build/Debug-iphoneos/opensslWrapper.build/Objects-normal/arm64/e6072d4f65d7061329687fe24e3d63a7-common-args.resp -include /Users/emanuelflury/Library/Developer/Xcode/DerivedData/TaxedGmbH_IOS-gerngfqzuwudosgobknlgtoawnlj/Build/Intermediates.noindex/gRPC.build/Debug-iphoneos/opensslWrapper.build/DerivedSources/resource_bundle_accessor.h -MMD -MT dependencies -MF /Users/emanuelflury/Library/Developer/Xcode/DerivedData/TaxedGmbH_IOS-gerngfqzuwudosgobknlgtoawnlj/Build/Intermediates.noindex/gRPC.build/Debug-iphoneos/opensslWrapper.build/Objects-normal/arm64/resource_bundle_accessor.d --serialize-diagnostics /Users/emanuelflury/Library/Developer/Xcode/DerivedData/TaxedGmbH_IOS-gerngfqzuwudosgobknlgtoawnlj/Build/Intermediates.noindex/gRPC.build/Debug-iphoneos/opensslWrapper.build/Objects-normal/arm64/resource_bundle_accessor.dia -c /Users/emanuelflury/Library/Developer/Xcode/DerivedData/TaxedGmbH_IOS-gerngfqzuwudosgobknlgtoawnlj/Build/Intermediates.noindex/gRPC.build/Debug-iphoneos/opensslWrapper.build/DerivedSources/resource_bundle_accessor.m -o /Users/emanuelflury/Library/Developer/Xcode/DerivedData/TaxedGmbH_IOS-gerngfqzuwudosgobknlgtoawnlj/Build/Intermediates.noindex/gRPC.build/Debug-iphoneos/opensslWrapper.build/Objects-normal/arm64/resource_bundle_accessor.o -index-unit-output-path /gRPC.build/Debug-iphoneos/opensslWrapper.build/Objects-normal/arm64/resource_bundle_accessor.o

ScanDependencies /Users/emanuelflury/Library/Developer/Xcode/DerivedData/TaxedGmbH_IOS-gerngfqzuwudosgobknlgtoawnlj/Build/Intermediates.noindex/gRPC.build/Debug-iphoneos/opensslWrapper.build/Objects-normal/arm64/empty.o /Users/emanuelflury/Library/Developer/Xcode/DerivedData/TaxedGmbH_IOS-gerngfqzuwudosgobknlgtoawnlj/SourcePackages/checkouts/grpc-binary/openssl-grpc-Wrapper/empty.m normal arm64 objective-c com.apple.compilers.llvm.clang.1_0.compiler (in target 'opensslWrapper' from project 'gRPC')
    cd /Users/emanuelflury/github/TaxedGmbH_IOS/TaxedGmbH_IOS.xcodeproj
    
    Using response file: /Users/emanuelflury/Library/Developer/Xcode/DerivedData/TaxedGmbH_IOS-gerngfqzuwudosgobknlgtoawnlj/Build/Intermediates.noindex/gRPC.build/Debug-iphoneos/opensslWrapper.build/Objects-normal/arm64/e6072d4f65d7061329687fe24e3d63a7-common-args.resp
    
    builtin-ScanDependencies -o /Users/emanuelflury/Library/Developer/Xcode/DerivedData/TaxedGmbH_IOS-gerngfqzuwudosgobknlgtoawnlj/Build/Intermediates.noindex/gRPC.build/Debug-iphoneos/opensslWrapper.build/Objects-normal/arm64/empty.o.scan -- /Applications/Xcode.app/Contents/Developer/Toolchains/XcodeDefault.xctoolchain/usr/bin/clang -x objective-c -ivfsstatcache /Users/emanuelflury/Library/Developer/Xcode/DerivedData/SDKStatCaches.noindex/iphoneos26.1-23B77-69b33fc7382b27d9b5d46e82a00f8e78.sdkstatcache -fmessage-length\=0 -fdiagnostics-show-note-include-stack -fmacro-backtrace-limit\=0 -fno-color-diagnostics -fmodules-prune-interval\=86400 -fmodules-prune-after\=345600 -fbuild-session-file\=/Users/emanuelflury/Library/Developer/Xcode/DerivedData/ModuleCache.noindex/Session.modulevalidation -fmodules-validate-once-per-build-session -Wnon-modular-include-in-framework-module -Werror\=non-modular-include-in-framework-module -Wno-trigraphs -Wno-missing-field-initializers -Wno-missing-prototypes -Wno-return-type -Wno-implicit-atomic-properties -Wno-objc-interface-ivars -Wno-arc-repeated-use-of-weak -Wno-missing-braces -Wparentheses -Wswitch -Wno-unused-function -Wno-unused-label -Wno-unused-parameter -Wno-unused-variable -Wunused-value -Wno-empty-body -Wno-uninitialized -Wno-unknown-pragmas -w -Wno-shadow -Wno-four-char-constants -Wno-conversion -Wno-constant-conversion -Wno-int-conversion -Wno-bool-conversion -Wno-enum-conversion -Wno-float-conversion -Wno-non-literal-null-conversion -Wno-objc-literal-conversion -Wshorten-64-to-32 -Wpointer-sign -Wno-newline-eof -Wno-selector -Wno-strict-selector-match -Wno-undeclared-selector -Wno-deprecated-implementations -Wno-implicit-fallthrough -fstrict-aliasing -Wprotocol -Wdeprecated-declarations -Wno-sign-conversion -Wno-infinite-recursion -Wno-comma -Wno-block-capture-autoreleasing -Wno-strict-prototypes -Wno-semicolon-before-method-body -index-store-path /Users/emanuelflury/Library/Developer/Xcode/DerivedData/TaxedGmbH_IOS-gerngfqzuwudosgobknlgtoawnlj/Index.noindex/DataStore @/Users/emanuelflury/Library/Developer/Xcode/DerivedData/TaxedGmbH_IOS-gerngfqzuwudosgobknlgtoawnlj/Build/Intermediates.noindex/gRPC.build/Debug-iphoneos/opensslWrapper.build/Objects-normal/arm64/e6072d4f65d7061329687fe24e3d63a7-common-args.resp -include /Users/emanuelflury/Library/Developer/Xcode/DerivedData/TaxedGmbH_IOS-gerngfqzuwudosgobknlgtoawnlj/Build/Intermediates.noindex/gRPC.build/Debug-iphoneos/opensslWrapper.build/DerivedSources/resource_bundle_accessor.h -MMD -MT dependencies -MF /Users/emanuelflury/Library/Developer/Xcode/DerivedData/TaxedGmbH_IOS-gerngfqzuwudosgobknlgtoawnlj/Build/Intermediates.noindex/gRPC.build/Debug-iphoneos/opensslWrapper.build/Objects-normal/arm64/empty.d --serialize-diagnostics /Users/emanuelflury/Library/Developer/Xcode/DerivedData/TaxedGmbH_IOS-gerngfqzuwudosgobknlgtoawnlj/Build/Intermediates.noindex/gRPC.build/Debug-iphoneos/opensslWrapper.build/Objects-normal/arm64/empty.dia -c /Users/emanuelflury/Library/Developer/Xcode/DerivedData/TaxedGmbH_IOS-gerngfqzuwudosgobknlgtoawnlj/SourcePackages/checkouts/grpc-binary/openssl-grpc-Wrapper/empty.m -o /Users/emanuelflury/Library/Developer/Xcode/DerivedData/TaxedGmbH_IOS-gerngfqzuwudosgobknlgtoawnlj/Build/Intermediates.noindex/gRPC.build/Debug-iphoneos/opensslWrapper.build/Objects-normal/arm64/empty.o -index-unit-output-path /gRPC.build/Debug-iphoneos/opensslWrapper.build/Objects-normal/arm64/empty.o

PrecompileModule /Users/emanuelflury/Library/Developer/Xcode/DerivedData/TaxedGmbH_IOS-gerngfqzuwudosgobknlgtoawnlj/Build/Intermediates.noindex/ExplicitPrecompiledModules/CoreVideo-ETD3VY91I5OONJQI2UF26VPKP.scan
    cd /
    builtin-precompileModule /Users/emanuelflury/Library/Developer/Xcode/DerivedData/TaxedGmbH_IOS-gerngfqzuwudosgobknlgtoawnlj/Build/Intermediates.noindex/ExplicitPrecompiledModules/CoreVideo-ETD3VY91I5OONJQI2UF26VPKP.scan

RegisterExecutionPolicyException /Users/emanuelflury/Library/Developer/Xcode/DerivedData/TaxedGmbH_IOS-gerngfqzuwudosgobknlgtoawnlj/Build/Products/Debug-iphoneos/nanopb.o (in target 'nanopb' from project 'nanopb')
    cd /Users/emanuelflury/Library/Developer/Xcode/DerivedData/TaxedGmbH_IOS-gerngfqzuwudosgobknlgtoawnlj/SourcePackages/checkouts/nanopb
    builtin-RegisterExecutionPolicyException /Users/emanuelflury/Library/Developer/Xcode/DerivedData/TaxedGmbH_IOS-gerngfqzuwudosgobknlgtoawnlj/Build/Products/Debug-iphoneos/nanopb.o

RegisterExecutionPolicyException /Users/emanuelflury/Library/Developer/Xcode/DerivedData/TaxedGmbH_IOS-gerngfqzuwudosgobknlgtoawnlj/Build/Products/Debug-iphoneos/abslWrapper.o (in target 'abslWrapper' from project 'abseil')
    cd /Users/emanuelflury/Library/Developer/Xcode/DerivedData/TaxedGmbH_IOS-gerngfqzuwudosgobknlgtoawnlj/SourcePackages/checkouts/abseil-cpp-binary
    builtin-RegisterExecutionPolicyException /Users/emanuelflury/Library/Developer/Xcode/DerivedData/TaxedGmbH_IOS-gerngfqzuwudosgobknlgtoawnlj/Build/Products/Debug-iphoneos/abslWrapper.o

PrecompileModule /Users/emanuelflury/Library/Developer/Xcode/DerivedData/TaxedGmbH_IOS-gerngfqzuwudosgobknlgtoawnlj/Build/Intermediates.noindex/ExplicitPrecompiledModules/os_object-5SQ033OPW5RYHFNKLI1IKQE8Z.scan
    cd /
    builtin-precompileModule /Users/emanuelflury/Library/Developer/Xcode/DerivedData/TaxedGmbH_IOS-gerngfqzuwudosgobknlgtoawnlj/Build/Intermediates.noindex/ExplicitPrecompiledModules/os_object-5SQ033OPW5RYHFNKLI1IKQE8Z.scan

RegisterExecutionPolicyException /Users/emanuelflury/Library/Developer/Xcode/DerivedData/TaxedGmbH_IOS-gerngfqzuwudosgobknlgtoawnlj/Build/Products/Debug-iphoneos/GoogleUtilities-NSData.o (in target 'GoogleUtilities-NSData' from project 'GoogleUtilities')
    cd /Users/emanuelflury/Library/Developer/Xcode/DerivedData/TaxedGmbH_IOS-gerngfqzuwudosgobknlgtoawnlj/SourcePackages/checkouts/GoogleUtilities
    builtin-RegisterExecutionPolicyException /Users/emanuelflury/Library/Developer/Xcode/DerivedData/TaxedGmbH_IOS-gerngfqzuwudosgobknlgtoawnlj/Build/Products/Debug-iphoneos/GoogleUtilities-NSData.o

PrecompileModule /Users/emanuelflury/Library/Developer/Xcode/DerivedData/TaxedGmbH_IOS-gerngfqzuwudosgobknlgtoawnlj/Build/Intermediates.noindex/ExplicitPrecompiledModules/zlib-DJDPH22WMP6T99T50R7I4XSPC.scan
    cd /
    builtin-precompileModule /Users/emanuelflury/Library/Developer/Xcode/DerivedData/TaxedGmbH_IOS-gerngfqzuwudosgobknlgtoawnlj/Build/Intermediates.noindex/ExplicitPrecompiledModules/zlib-DJDPH22WMP6T99T50R7I4XSPC.scan

CompileC /Users/emanuelflury/Library/Developer/Xcode/DerivedData/TaxedGmbH_IOS-gerngfqzuwudosgobknlgtoawnlj/Build/Intermediates.noindex/leveldb.build/Debug-iphoneos/leveldb.build/Objects-normal/arm64/resource_bundle_accessor.o /Users/emanuelflury/Library/Developer/Xcode/DerivedData/TaxedGmbH_IOS-gerngfqzuwudosgobknlgtoawnlj/Build/Intermediates.noindex/leveldb.build/Debug-iphoneos/leveldb.build/DerivedSources/resource_bundle_accessor.m normal arm64 objective-c com.apple.compilers.llvm.clang.1_0.compiler (in target 'leveldb' from project 'leveldb')
    cd /Users/emanuelflury/github/TaxedGmbH_IOS/TaxedGmbH_IOS.xcodeproj
    
    Using response file: /Users/emanuelflury/Library/Developer/Xcode/DerivedData/TaxedGmbH_IOS-gerngfqzuwudosgobknlgtoawnlj/Build/Intermediates.noindex/leveldb.build/Debug-iphoneos/leveldb.build/Objects-normal/arm64/e6072d4f65d7061329687fe24e3d63a7-common-args.resp
    
    /Applications/Xcode.app/Contents/Developer/Toolchains/XcodeDefault.xctoolchain/usr/bin/clang -x objective-c -ivfsstatcache /Users/emanuelflury/Library/Developer/Xcode/DerivedData/SDKStatCaches.noindex/iphoneos26.1-23B77-69b33fc7382b27d9b5d46e82a00f8e78.sdkstatcache -fmessage-length\=0 -fdiagnostics-show-note-include-stack -fmacro-backtrace-limit\=0 -fno-color-diagnostics -fmodules-prune-interval\=86400 -fmodules-prune-after\=345600 -fbuild-session-file\=/Users/emanuelflury/Library/Developer/Xcode/DerivedData/ModuleCache.noindex/Session.modulevalidation -fmodules-validate-once-per-build-session -Wnon-modular-include-in-framework-module -Werror\=non-modular-include-in-framework-module -Wno-trigraphs -Wno-missing-field-initializers -Wno-missing-prototypes -Wno-return-type -Wno-implicit-atomic-properties -Wno-objc-interface-ivars -Wno-arc-repeated-use-of-weak -Wno-missing-braces -Wparentheses -Wswitch -Wno-unused-function -Wno-unused-label -Wno-unused-parameter -Wno-unused-variable -Wunused-value -Wno-empty-body -Wno-uninitialized -Wno-unknown-pragmas -w -Wno-shadow -Wno-four-char-constants -Wno-conversion -Wno-constant-conversion -Wno-int-conversion -Wno-bool-conversion -Wno-enum-conversion -Wno-float-conversion -Wno-non-literal-null-conversion -Wno-objc-literal-conversion -Wshorten-64-to-32 -Wpointer-sign -Wno-newline-eof -Wno-selector -Wno-strict-selector-match -Wno-undeclared-selector -Wno-deprecated-implementations -Wno-implicit-fallthrough -fstrict-aliasing -Wprotocol -Wdeprecated-declarations -Wno-sign-conversion -Wno-infinite-recursion -Wno-comma -Wno-block-capture-autoreleasing -Wno-strict-prototypes -Wno-semicolon-before-method-body -index-store-path /Users/emanuelflury/Library/Developer/Xcode/DerivedData/TaxedGmbH_IOS-gerngfqzuwudosgobknlgtoawnlj/Index.noindex/DataStore @/Users/emanuelflury/Library/Developer/Xcode/DerivedData/TaxedGmbH_IOS-gerngfqzuwudosgobknlgtoawnlj/Build/Intermediates.noindex/leveldb.build/Debug-iphoneos/leveldb.build/Objects-normal/arm64/e6072d4f65d7061329687fe24e3d63a7-common-args.resp -include /Users/emanuelflury/Library/Developer/Xcode/DerivedData/TaxedGmbH_IOS-gerngfqzuwudosgobknlgtoawnlj/Build/Intermediates.noindex/leveldb.build/Debug-iphoneos/leveldb.build/DerivedSources/resource_bundle_accessor.h -MMD -MT dependencies -MF /Users/emanuelflury/Library/Developer/Xcode/DerivedData/TaxedGmbH_IOS-gerngfqzuwudosgobknlgtoawnlj/Build/Intermediates.noindex/leveldb.build/Debug-iphoneos/leveldb.build/Objects-normal/arm64/resource_bundle_accessor.d --serialize-diagnostics /Users/emanuelflury/Library/Developer/Xcode/DerivedData/TaxedGmbH_IOS-gerngfqzuwudosgobknlgtoawnlj/Build/Intermediates.noindex/leveldb.build/Debug-iphoneos/leveldb.build/Objects-normal/arm64/resource_bundle_accessor.dia -c /Users/emanuelflury/Library/Developer/Xcode/DerivedData/TaxedGmbH_IOS-gerngfqzuwudosgobknlgtoawnlj/Build/Intermediates.noindex/leveldb.build/Debug-iphoneos/leveldb.build/DerivedSources/resource_bundle_accessor.m -o /Users/emanuelflury/Library/Developer/Xcode/DerivedData/TaxedGmbH_IOS-gerngfqzuwudosgobknlgtoawnlj/Build/Intermediates.noindex/leveldb.build/Debug-iphoneos/leveldb.build/Objects-normal/arm64/resource_bundle_accessor.o -index-unit-output-path /leveldb.build/Debug-iphoneos/leveldb.build/Objects-normal/arm64/resource_bundle_accessor.o

RegisterExecutionPolicyException /Users/emanuelflury/Library/Developer/Xcode/DerivedData/TaxedGmbH_IOS-gerngfqzuwudosgobknlgtoawnlj/Build/Products/Debug-iphoneos/GoogleDataTransport_GoogleDataTransport.bundle (in target 'GoogleDataTransport_GoogleDataTransport' from project 'GoogleDataTransport')
    cd /Users/emanuelflury/Library/Developer/Xcode/DerivedData/TaxedGmbH_IOS-gerngfqzuwudosgobknlgtoawnlj/SourcePackages/checkouts/GoogleDataTransport
    builtin-RegisterExecutionPolicyException /Users/emanuelflury/Library/Developer/Xcode/DerivedData/TaxedGmbH_IOS-gerngfqzuwudosgobknlgtoawnlj/Build/Products/Debug-iphoneos/GoogleDataTransport_GoogleDataTransport.bundle

ScanDependencies /Users/emanuelflury/Library/Developer/Xcode/DerivedData/TaxedGmbH_IOS-gerngfqzuwudosgobknlgtoawnlj/Build/Intermediates.noindex/GoogleAppMeasurement.build/Debug-iphoneos/GoogleAppMeasurementTarget.build/Objects-normal/arm64/dummy.o /Users/emanuelflury/Library/Developer/Xcode/DerivedData/TaxedGmbH_IOS-gerngfqzuwudosgobknlgtoawnlj/SourcePackages/checkouts/GoogleAppMeasurement/GoogleAppMeasurementWrapper/dummy.m normal arm64 objective-c com.apple.compilers.llvm.clang.1_0.compiler (in target 'GoogleAppMeasurementTarget' from project 'GoogleAppMeasurement')
    cd /Users/emanuelflury/github/TaxedGmbH_IOS/TaxedGmbH_IOS.xcodeproj
    
    Using response file: /Users/emanuelflury/Library/Developer/Xcode/DerivedData/TaxedGmbH_IOS-gerngfqzuwudosgobknlgtoawnlj/Build/Intermediates.noindex/GoogleAppMeasurement.build/Debug-iphoneos/GoogleAppMeasurementTarget.build/Objects-normal/arm64/e6072d4f65d7061329687fe24e3d63a7-common-args.resp
    
    builtin-ScanDependencies -o /Users/emanuelflury/Library/Developer/Xcode/DerivedData/TaxedGmbH_IOS-gerngfqzuwudosgobknlgtoawnlj/Build/Intermediates.noindex/GoogleAppMeasurement.build/Debug-iphoneos/GoogleAppMeasurementTarget.build/Objects-normal/arm64/dummy.o.scan -- /Applications/Xcode.app/Contents/Developer/Toolchains/XcodeDefault.xctoolchain/usr/bin/clang -x objective-c -ivfsstatcache /Users/emanuelflury/Library/Developer/Xcode/DerivedData/SDKStatCaches.noindex/iphoneos26.1-23B77-69b33fc7382b27d9b5d46e82a00f8e78.sdkstatcache -fmessage-length\=0 -fdiagnostics-show-note-include-stack -fmacro-backtrace-limit\=0 -fno-color-diagnostics -fmodules-prune-interval\=86400 -fmodules-prune-after\=345600 -fbuild-session-file\=/Users/emanuelflury/Library/Developer/Xcode/DerivedData/ModuleCache.noindex/Session.modulevalidation -fmodules-validate-once-per-build-session -Wnon-modular-include-in-framework-module -Werror\=non-modular-include-in-framework-module -Wno-trigraphs -Wno-missing-field-initializers -Wno-missing-prototypes -Wno-return-type -Wno-implicit-atomic-properties -Wno-objc-interface-ivars -Wno-arc-repeated-use-of-weak -Wno-missing-braces -Wparentheses -Wswitch -Wno-unused-function -Wno-unused-label -Wno-unused-parameter -Wno-unused-variable -Wunused-value -Wno-empty-body -Wno-uninitialized -Wno-unknown-pragmas -w -Wno-shadow -Wno-four-char-constants -Wno-conversion -Wno-constant-conversion -Wno-int-conversion -Wno-bool-conversion -Wno-enum-conversion -Wno-float-conversion -Wno-non-literal-null-conversion -Wno-objc-literal-conversion -Wshorten-64-to-32 -Wpointer-sign -Wno-newline-eof -Wno-selector -Wno-strict-selector-match -Wno-undeclared-selector -Wno-deprecated-implementations -Wno-implicit-fallthrough -fstrict-aliasing -Wprotocol -Wdeprecated-declarations -Wno-sign-conversion -Wno-infinite-recursion -Wno-comma -Wno-block-capture-autoreleasing -Wno-strict-prototypes -Wno-semicolon-before-method-body -index-store-path /Users/emanuelflury/Library/Developer/Xcode/DerivedData/TaxedGmbH_IOS-gerngfqzuwudosgobknlgtoawnlj/Index.noindex/DataStore @/Users/emanuelflury/Library/Developer/Xcode/DerivedData/TaxedGmbH_IOS-gerngfqzuwudosgobknlgtoawnlj/Build/Intermediates.noindex/GoogleAppMeasurement.build/Debug-iphoneos/GoogleAppMeasurementTarget.build/Objects-normal/arm64/e6072d4f65d7061329687fe24e3d63a7-common-args.resp -MMD -MT dependencies -MF /Users/emanuelflury/Library/Developer/Xcode/DerivedData/TaxedGmbH_IOS-gerngfqzuwudosgobknlgtoawnlj/Build/Intermediates.noindex/GoogleAppMeasurement.build/Debug-iphoneos/GoogleAppMeasurementTarget.build/Objects-normal/arm64/dummy.d --serialize-diagnostics /Users/emanuelflury/Library/Developer/Xcode/DerivedData/TaxedGmbH_IOS-gerngfqzuwudosgobknlgtoawnlj/Build/Intermediates.noindex/GoogleAppMeasurement.build/Debug-iphoneos/GoogleAppMeasurementTarget.build/Objects-normal/arm64/dummy.dia -c /Users/emanuelflury/Library/Developer/Xcode/DerivedData/TaxedGmbH_IOS-gerngfqzuwudosgobknlgtoawnlj/SourcePackages/checkouts/GoogleAppMeasurement/GoogleAppMeasurementWrapper/dummy.m -o /Users/emanuelflury/Library/Developer/Xcode/DerivedData/TaxedGmbH_IOS-gerngfqzuwudosgobknlgtoawnlj/Build/Intermediates.noindex/GoogleAppMeasurement.build/Debug-iphoneos/GoogleAppMeasurementTarget.build/Objects-normal/arm64/dummy.o -index-unit-output-path /GoogleAppMeasurement.build/Debug-iphoneos/GoogleAppMeasurementTarget.build/Objects-normal/arm64/dummy.o

ScanDependencies /Users/emanuelflury/Library/Developer/Xcode/DerivedData/TaxedGmbH_IOS-gerngfqzuwudosgobknlgtoawnlj/Build/Intermediates.noindex/GoogleAdsOnDeviceConversion.build/Debug-iphoneos/GoogleAdsOnDeviceConversionTarget.build/Objects-normal/arm64/dummy.o /Users/emanuelflury/Library/Developer/Xcode/DerivedData/TaxedGmbH_IOS-gerngfqzuwudosgobknlgtoawnlj/SourcePackages/checkouts/google-ads-on-device-conversion-ios-sdk/GoogleAdsOnDeviceConversionWrapper/dummy.m normal arm64 objective-c com.apple.compilers.llvm.clang.1_0.compiler (in target 'GoogleAdsOnDeviceConversionTarget' from project 'GoogleAdsOnDeviceConversion')
    cd /Users/emanuelflury/github/TaxedGmbH_IOS/TaxedGmbH_IOS.xcodeproj
    
    Using response file: /Users/emanuelflury/Library/Developer/Xcode/DerivedData/TaxedGmbH_IOS-gerngfqzuwudosgobknlgtoawnlj/Build/Intermediates.noindex/GoogleAdsOnDeviceConversion.build/Debug-iphoneos/GoogleAdsOnDeviceConversionTarget.build/Objects-normal/arm64/e6072d4f65d7061329687fe24e3d63a7-common-args.resp
    
    builtin-ScanDependencies -o /Users/emanuelflury/Library/Developer/Xcode/DerivedData/TaxedGmbH_IOS-gerngfqzuwudosgobknlgtoawnlj/Build/Intermediates.noindex/GoogleAdsOnDeviceConversion.build/Debug-iphoneos/GoogleAdsOnDeviceConversionTarget.build/Objects-normal/arm64/dummy.o.scan -- /Applications/Xcode.app/Contents/Developer/Toolchains/XcodeDefault.xctoolchain/usr/bin/clang -x objective-c -ivfsstatcache /Users/emanuelflury/Library/Developer/Xcode/DerivedData/SDKStatCaches.noindex/iphoneos26.1-23B77-69b33fc7382b27d9b5d46e82a00f8e78.sdkstatcache -fmessage-length\=0 -fdiagnostics-show-note-include-stack -fmacro-backtrace-limit\=0 -fno-color-diagnostics -fmodules-prune-interval\=86400 -fmodules-prune-after\=345600 -fbuild-session-file\=/Users/emanuelflury/Library/Developer/Xcode/DerivedData/ModuleCache.noindex/Session.modulevalidation -fmodules-validate-once-per-build-session -Wnon-modular-include-in-framework-module -Werror\=non-modular-include-in-framework-module -Wno-trigraphs -Wno-missing-field-initializers -Wno-missing-prototypes -Wno-return-type -Wno-implicit-atomic-properties -Wno-objc-interface-ivars -Wno-arc-repeated-use-of-weak -Wno-missing-braces -Wparentheses -Wswitch -Wno-unused-function -Wno-unused-label -Wno-unused-parameter -Wno-unused-variable -Wunused-value -Wno-empty-body -Wno-uninitialized -Wno-unknown-pragmas -w -Wno-shadow -Wno-four-char-constants -Wno-conversion -Wno-constant-conversion -Wno-int-conversion -Wno-bool-conversion -Wno-enum-conversion -Wno-float-conversion -Wno-non-literal-null-conversion -Wno-objc-literal-conversion -Wshorten-64-to-32 -Wpointer-sign -Wno-newline-eof -Wno-selector -Wno-strict-selector-match -Wno-undeclared-selector -Wno-deprecated-implementations -Wno-implicit-fallthrough -fstrict-aliasing -Wprotocol -Wdeprecated-declarations -Wno-sign-conversion -Wno-infinite-recursion -Wno-comma -Wno-block-capture-autoreleasing -Wno-strict-prototypes -Wno-semicolon-before-method-body -index-store-path /Users/emanuelflury/Library/Developer/Xcode/DerivedData/TaxedGmbH_IOS-gerngfqzuwudosgobknlgtoawnlj/Index.noindex/DataStore @/Users/emanuelflury/Library/Developer/Xcode/DerivedData/TaxedGmbH_IOS-gerngfqzuwudosgobknlgtoawnlj/Build/Intermediates.noindex/GoogleAdsOnDeviceConversion.build/Debug-iphoneos/GoogleAdsOnDeviceConversionTarget.build/Objects-normal/arm64/e6072d4f65d7061329687fe24e3d63a7-common-args.resp -MMD -MT dependencies -MF /Users/emanuelflury/Library/Developer/Xcode/DerivedData/TaxedGmbH_IOS-gerngfqzuwudosgobknlgtoawnlj/Build/Intermediates.noindex/GoogleAdsOnDeviceConversion.build/Debug-iphoneos/GoogleAdsOnDeviceConversionTarget.build/Objects-normal/arm64/dummy.d --serialize-diagnostics /Users/emanuelflury/Library/Developer/Xcode/DerivedData/TaxedGmbH_IOS-gerngfqzuwudosgobknlgtoawnlj/Build/Intermediates.noindex/GoogleAdsOnDeviceConversion.build/Debug-iphoneos/GoogleAdsOnDeviceConversionTarget.build/Objects-normal/arm64/dummy.dia -c /Users/emanuelflury/Library/Developer/Xcode/DerivedData/TaxedGmbH_IOS-gerngfqzuwudosgobknlgtoawnlj/SourcePackages/checkouts/google-ads-on-device-conversion-ios-sdk/GoogleAdsOnDeviceConversionWrapper/dummy.m -o /Users/emanuelflury/Library/Developer/Xcode/DerivedData/TaxedGmbH_IOS-gerngfqzuwudosgobknlgtoawnlj/Build/Intermediates.noindex/GoogleAdsOnDeviceConversion.build/Debug-iphoneos/GoogleAdsOnDeviceConversionTarget.build/Objects-normal/arm64/dummy.o -index-unit-output-path /GoogleAdsOnDeviceConversion.build/Debug-iphoneos/GoogleAdsOnDeviceConversionTarget.build/Objects-normal/arm64/dummy.o

CompileC /Users/emanuelflury/Library/Developer/Xcode/DerivedData/TaxedGmbH_IOS-gerngfqzuwudosgobknlgtoawnlj/Build/Intermediates.noindex/GoogleAppMeasurement.build/Debug-iphoneos/GoogleAppMeasurementTarget.build/Objects-normal/arm64/dummy.o /Users/emanuelflury/Library/Developer/Xcode/DerivedData/TaxedGmbH_IOS-gerngfqzuwudosgobknlgtoawnlj/SourcePackages/checkouts/GoogleAppMeasurement/GoogleAppMeasurementWrapper/dummy.m normal arm64 objective-c com.apple.compilers.llvm.clang.1_0.compiler (in target 'GoogleAppMeasurementTarget' from project 'GoogleAppMeasurement')
    cd /Users/emanuelflury/github/TaxedGmbH_IOS/TaxedGmbH_IOS.xcodeproj
    
    Using response file: /Users/emanuelflury/Library/Developer/Xcode/DerivedData/TaxedGmbH_IOS-gerngfqzuwudosgobknlgtoawnlj/Build/Intermediates.noindex/GoogleAppMeasurement.build/Debug-iphoneos/GoogleAppMeasurementTarget.build/Objects-normal/arm64/e6072d4f65d7061329687fe24e3d63a7-common-args.resp
    
    /Applications/Xcode.app/Contents/Developer/Toolchains/XcodeDefault.xctoolchain/usr/bin/clang -x objective-c -ivfsstatcache /Users/emanuelflury/Library/Developer/Xcode/DerivedData/SDKStatCaches.noindex/iphoneos26.1-23B77-69b33fc7382b27d9b5d46e82a00f8e78.sdkstatcache -fmessage-length\=0 -fdiagnostics-show-note-include-stack -fmacro-backtrace-limit\=0 -fno-color-diagnostics -fmodules-prune-interval\=86400 -fmodules-prune-after\=345600 -fbuild-session-file\=/Users/emanuelflury/Library/Developer/Xcode/DerivedData/ModuleCache.noindex/Session.modulevalidation -fmodules-validate-once-per-build-session -Wnon-modular-include-in-framework-module -Werror\=non-modular-include-in-framework-module -Wno-trigraphs -Wno-missing-field-initializers -Wno-missing-prototypes -Wno-return-type -Wno-implicit-atomic-properties -Wno-objc-interface-ivars -Wno-arc-repeated-use-of-weak -Wno-missing-braces -Wparentheses -Wswitch -Wno-unused-function -Wno-unused-label -Wno-unused-parameter -Wno-unused-variable -Wunused-value -Wno-empty-body -Wno-uninitialized -Wno-unknown-pragmas -w -Wno-shadow -Wno-four-char-constants -Wno-conversion -Wno-constant-conversion -Wno-int-conversion -Wno-bool-conversion -Wno-enum-conversion -Wno-float-conversion -Wno-non-literal-null-conversion -Wno-objc-literal-conversion -Wshorten-64-to-32 -Wpointer-sign -Wno-newline-eof -Wno-selector -Wno-strict-selector-match -Wno-undeclared-selector -Wno-deprecated-implementations -Wno-implicit-fallthrough -fstrict-aliasing -Wprotocol -Wdeprecated-declarations -Wno-sign-conversion -Wno-infinite-recursion -Wno-comma -Wno-block-capture-autoreleasing -Wno-strict-prototypes -Wno-semicolon-before-method-body -index-store-path /Users/emanuelflury/Library/Developer/Xcode/DerivedData/TaxedGmbH_IOS-gerngfqzuwudosgobknlgtoawnlj/Index.noindex/DataStore @/Users/emanuelflury/Library/Developer/Xcode/DerivedData/TaxedGmbH_IOS-gerngfqzuwudosgobknlgtoawnlj/Build/Intermediates.noindex/GoogleAppMeasurement.build/Debug-iphoneos/GoogleAppMeasurementTarget.build/Objects-normal/arm64/e6072d4f65d7061329687fe24e3d63a7-common-args.resp -MMD -MT dependencies -MF /Users/emanuelflury/Library/Developer/Xcode/DerivedData/TaxedGmbH_IOS-gerngfqzuwudosgobknlgtoawnlj/Build/Intermediates.noindex/GoogleAppMeasurement.build/Debug-iphoneos/GoogleAppMeasurementTarget.build/Objects-normal/arm64/dummy.d --serialize-diagnostics /Users/emanuelflury/Library/Developer/Xcode/DerivedData/TaxedGmbH_IOS-gerngfqzuwudosgobknlgtoawnlj/Build/Intermediates.noindex/GoogleAppMeasurement.build/Debug-iphoneos/GoogleAppMeasurementTarget.build/Objects-normal/arm64/dummy.dia -c /Users/emanuelflury/Library/Developer/Xcode/DerivedData/TaxedGmbH_IOS-gerngfqzuwudosgobknlgtoawnlj/SourcePackages/checkouts/GoogleAppMeasurement/GoogleAppMeasurementWrapper/dummy.m -o /Users/emanuelflury/Library/Developer/Xcode/DerivedData/TaxedGmbH_IOS-gerngfqzuwudosgobknlgtoawnlj/Build/Intermediates.noindex/GoogleAppMeasurement.build/Debug-iphoneos/GoogleAppMeasurementTarget.build/Objects-normal/arm64/dummy.o -index-unit-output-path /GoogleAppMeasurement.build/Debug-iphoneos/GoogleAppMeasurementTarget.build/Objects-normal/arm64/dummy.o

CompileC /Users/emanuelflury/Library/Developer/Xcode/DerivedData/TaxedGmbH_IOS-gerngfqzuwudosgobknlgtoawnlj/Build/Intermediates.noindex/gRPC.build/Debug-iphoneos/opensslWrapper.build/Objects-normal/arm64/resource_bundle_accessor.o /Users/emanuelflury/Library/Developer/Xcode/DerivedData/TaxedGmbH_IOS-gerngfqzuwudosgobknlgtoawnlj/Build/Intermediates.noindex/gRPC.build/Debug-iphoneos/opensslWrapper.build/DerivedSources/resource_bundle_accessor.m normal arm64 objective-c com.apple.compilers.llvm.clang.1_0.compiler (in target 'opensslWrapper' from project 'gRPC')
    cd /Users/emanuelflury/github/TaxedGmbH_IOS/TaxedGmbH_IOS.xcodeproj
    
    Using response file: /Users/emanuelflury/Library/Developer/Xcode/DerivedData/TaxedGmbH_IOS-gerngfqzuwudosgobknlgtoawnlj/Build/Intermediates.noindex/gRPC.build/Debug-iphoneos/opensslWrapper.build/Objects-normal/arm64/e6072d4f65d7061329687fe24e3d63a7-common-args.resp
    
    /Applications/Xcode.app/Contents/Developer/Toolchains/XcodeDefault.xctoolchain/usr/bin/clang -x objective-c -ivfsstatcache /Users/emanuelflury/Library/Developer/Xcode/DerivedData/SDKStatCaches.noindex/iphoneos26.1-23B77-69b33fc7382b27d9b5d46e82a00f8e78.sdkstatcache -fmessage-length\=0 -fdiagnostics-show-note-include-stack -fmacro-backtrace-limit\=0 -fno-color-diagnostics -fmodules-prune-interval\=86400 -fmodules-prune-after\=345600 -fbuild-session-file\=/Users/emanuelflury/Library/Developer/Xcode/DerivedData/ModuleCache.noindex/Session.modulevalidation -fmodules-validate-once-per-build-session -Wnon-modular-include-in-framework-module -Werror\=non-modular-include-in-framework-module -Wno-trigraphs -Wno-missing-field-initializers -Wno-missing-prototypes -Wno-return-type -Wno-implicit-atomic-properties -Wno-objc-interface-ivars -Wno-arc-repeated-use-of-weak -Wno-missing-braces -Wparentheses -Wswitch -Wno-unused-function -Wno-unused-label -Wno-unused-parameter -Wno-unused-variable -Wunused-value -Wno-empty-body -Wno-uninitialized -Wno-unknown-pragmas -w -Wno-shadow -Wno-four-char-constants -Wno-conversion -Wno-constant-conversion -Wno-int-conversion -Wno-bool-conversion -Wno-enum-conversion -Wno-float-conversion -Wno-non-literal-null-conversion -Wno-objc-literal-conversion -Wshorten-64-to-32 -Wpointer-sign -Wno-newline-eof -Wno-selector -Wno-strict-selector-match -Wno-undeclared-selector -Wno-deprecated-implementations -Wno-implicit-fallthrough -fstrict-aliasing -Wprotocol -Wdeprecated-declarations -Wno-sign-conversion -Wno-infinite-recursion -Wno-comma -Wno-block-capture-autoreleasing -Wno-strict-prototypes -Wno-semicolon-before-method-body -index-store-path /Users/emanuelflury/Library/Developer/Xcode/DerivedData/TaxedGmbH_IOS-gerngfqzuwudosgobknlgtoawnlj/Index.noindex/DataStore @/Users/emanuelflury/Library/Developer/Xcode/DerivedData/TaxedGmbH_IOS-gerngfqzuwudosgobknlgtoawnlj/Build/Intermediates.noindex/gRPC.build/Debug-iphoneos/opensslWrapper.build/Objects-normal/arm64/e6072d4f65d7061329687fe24e3d63a7-common-args.resp -include /Users/emanuelflury/Library/Developer/Xcode/DerivedData/TaxedGmbH_IOS-gerngfqzuwudosgobknlgtoawnlj/Build/Intermediates.noindex/gRPC.build/Debug-iphoneos/opensslWrapper.build/DerivedSources/resource_bundle_accessor.h -MMD -MT dependencies -MF /Users/emanuelflury/Library/Developer/Xcode/DerivedData/TaxedGmbH_IOS-gerngfqzuwudosgobknlgtoawnlj/Build/Intermediates.noindex/gRPC.build/Debug-iphoneos/opensslWrapper.build/Objects-normal/arm64/resource_bundle_accessor.d --serialize-diagnostics /Users/emanuelflury/Library/Developer/Xcode/DerivedData/TaxedGmbH_IOS-gerngfqzuwudosgobknlgtoawnlj/Build/Intermediates.noindex/gRPC.build/Debug-iphoneos/opensslWrapper.build/Objects-normal/arm64/resource_bundle_accessor.dia -c /Users/emanuelflury/Library/Developer/Xcode/DerivedData/TaxedGmbH_IOS-gerngfqzuwudosgobknlgtoawnlj/Build/Intermediates.noindex/gRPC.build/Debug-iphoneos/opensslWrapper.build/DerivedSources/resource_bundle_accessor.m -o /Users/emanuelflury/Library/Developer/Xcode/DerivedData/TaxedGmbH_IOS-gerngfqzuwudosgobknlgtoawnlj/Build/Intermediates.noindex/gRPC.build/Debug-iphoneos/opensslWrapper.build/Objects-normal/arm64/resource_bundle_accessor.o -index-unit-output-path /gRPC.build/Debug-iphoneos/opensslWrapper.build/Objects-normal/arm64/resource_bundle_accessor.o

Touch /Users/emanuelflury/Library/Developer/Xcode/DerivedData/TaxedGmbH_IOS-gerngfqzuwudosgobknlgtoawnlj/Build/Products/Debug-iphoneos/GoogleDataTransport_GoogleDataTransport.bundle (in target 'GoogleDataTransport_GoogleDataTransport' from project 'GoogleDataTransport')
    cd /Users/emanuelflury/Library/Developer/Xcode/DerivedData/TaxedGmbH_IOS-gerngfqzuwudosgobknlgtoawnlj/SourcePackages/checkouts/GoogleDataTransport
    /usr/bin/touch -c /Users/emanuelflury/Library/Developer/Xcode/DerivedData/TaxedGmbH_IOS-gerngfqzuwudosgobknlgtoawnlj/Build/Products/Debug-iphoneos/GoogleDataTransport_GoogleDataTransport.bundle

CompileC /Users/emanuelflury/Library/Developer/Xcode/DerivedData/TaxedGmbH_IOS-gerngfqzuwudosgobknlgtoawnlj/Build/Intermediates.noindex/gRPC.build/Debug-iphoneos/opensslWrapper.build/Objects-normal/arm64/empty.o /Users/emanuelflury/Library/Developer/Xcode/DerivedData/TaxedGmbH_IOS-gerngfqzuwudosgobknlgtoawnlj/SourcePackages/checkouts/grpc-binary/openssl-grpc-Wrapper/empty.m normal arm64 objective-c com.apple.compilers.llvm.clang.1_0.compiler (in target 'opensslWrapper' from project 'gRPC')
    cd /Users/emanuelflury/github/TaxedGmbH_IOS/TaxedGmbH_IOS.xcodeproj
    
    Using response file: /Users/emanuelflury/Library/Developer/Xcode/DerivedData/TaxedGmbH_IOS-gerngfqzuwudosgobknlgtoawnlj/Build/Intermediates.noindex/gRPC.build/Debug-iphoneos/opensslWrapper.build/Objects-normal/arm64/e6072d4f65d7061329687fe24e3d63a7-common-args.resp
    
    /Applications/Xcode.app/Contents/Developer/Toolchains/XcodeDefault.xctoolchain/usr/bin/clang -x objective-c -ivfsstatcache /Users/emanuelflury/Library/Developer/Xcode/DerivedData/SDKStatCaches.noindex/iphoneos26.1-23B77-69b33fc7382b27d9b5d46e82a00f8e78.sdkstatcache -fmessage-length\=0 -fdiagnostics-show-note-include-stack -fmacro-backtrace-limit\=0 -fno-color-diagnostics -fmodules-prune-interval\=86400 -fmodules-prune-after\=345600 -fbuild-session-file\=/Users/emanuelflury/Library/Developer/Xcode/DerivedData/ModuleCache.noindex/Session.modulevalidation -fmodules-validate-once-per-build-session -Wnon-modular-include-in-framework-module -Werror\=non-modular-include-in-framework-module -Wno-trigraphs -Wno-missing-field-initializers -Wno-missing-prototypes -Wno-return-type -Wno-implicit-atomic-properties -Wno-objc-interface-ivars -Wno-arc-repeated-use-of-weak -Wno-missing-braces -Wparentheses -Wswitch -Wno-unused-function -Wno-unused-label -Wno-unused-parameter -Wno-unused-variable -Wunused-value -Wno-empty-body -Wno-uninitialized -Wno-unknown-pragmas -w -Wno-shadow -Wno-four-char-constants -Wno-conversion -Wno-constant-conversion -Wno-int-conversion -Wno-bool-conversion -Wno-enum-conversion -Wno-float-conversion -Wno-non-literal-null-conversion -Wno-objc-literal-conversion -Wshorten-64-to-32 -Wpointer-sign -Wno-newline-eof -Wno-selector -Wno-strict-selector-match -Wno-undeclared-selector -Wno-deprecated-implementations -Wno-implicit-fallthrough -fstrict-aliasing -Wprotocol -Wdeprecated-declarations -Wno-sign-conversion -Wno-infinite-recursion -Wno-comma -Wno-block-capture-autoreleasing -Wno-strict-prototypes -Wno-semicolon-before-method-body -index-store-path /Users/emanuelflury/Library/Developer/Xcode/DerivedData/TaxedGmbH_IOS-gerngfqzuwudosgobknlgtoawnlj/Index.noindex/DataStore @/Users/emanuelflury/Library/Developer/Xcode/DerivedData/TaxedGmbH_IOS-gerngfqzuwudosgobknlgtoawnlj/Build/Intermediates.noindex/gRPC.build/Debug-iphoneos/opensslWrapper.build/Objects-normal/arm64/e6072d4f65d7061329687fe24e3d63a7-common-args.resp -include /Users/emanuelflury/Library/Developer/Xcode/DerivedData/TaxedGmbH_IOS-gerngfqzuwudosgobknlgtoawnlj/Build/Intermediates.noindex/gRPC.build/Debug-iphoneos/opensslWrapper.build/DerivedSources/resource_bundle_accessor.h -MMD -MT dependencies -MF /Users/emanuelflury/Library/Developer/Xcode/DerivedData/TaxedGmbH_IOS-gerngfqzuwudosgobknlgtoawnlj/Build/Intermediates.noindex/gRPC.build/Debug-iphoneos/opensslWrapper.build/Objects-normal/arm64/empty.d --serialize-diagnostics /Users/emanuelflury/Library/Developer/Xcode/DerivedData/TaxedGmbH_IOS-gerngfqzuwudosgobknlgtoawnlj/Build/Intermediates.noindex/gRPC.build/Debug-iphoneos/opensslWrapper.build/Objects-normal/arm64/empty.dia -c /Users/emanuelflury/Library/Developer/Xcode/DerivedData/TaxedGmbH_IOS-gerngfqzuwudosgobknlgtoawnlj/SourcePackages/checkouts/grpc-binary/openssl-grpc-Wrapper/empty.m -o /Users/emanuelflury/Library/Developer/Xcode/DerivedData/TaxedGmbH_IOS-gerngfqzuwudosgobknlgtoawnlj/Build/Intermediates.noindex/gRPC.build/Debug-iphoneos/opensslWrapper.build/Objects-normal/arm64/empty.o -index-unit-output-path /gRPC.build/Debug-iphoneos/opensslWrapper.build/Objects-normal/arm64/empty.o

CompileC /Users/emanuelflury/Library/Developer/Xcode/DerivedData/TaxedGmbH_IOS-gerngfqzuwudosgobknlgtoawnlj/Build/Intermediates.noindex/GoogleAdsOnDeviceConversion.build/Debug-iphoneos/GoogleAdsOnDeviceConversionTarget.build/Objects-normal/arm64/dummy.o /Users/emanuelflury/Library/Developer/Xcode/DerivedData/TaxedGmbH_IOS-gerngfqzuwudosgobknlgtoawnlj/SourcePackages/checkouts/google-ads-on-device-conversion-ios-sdk/GoogleAdsOnDeviceConversionWrapper/dummy.m normal arm64 objective-c com.apple.compilers.llvm.clang.1_0.compiler (in target 'GoogleAdsOnDeviceConversionTarget' from project 'GoogleAdsOnDeviceConversion')
    cd /Users/emanuelflury/github/TaxedGmbH_IOS/TaxedGmbH_IOS.xcodeproj
    
    Using response file: /Users/emanuelflury/Library/Developer/Xcode/DerivedData/TaxedGmbH_IOS-gerngfqzuwudosgobknlgtoawnlj/Build/Intermediates.noindex/GoogleAdsOnDeviceConversion.build/Debug-iphoneos/GoogleAdsOnDeviceConversionTarget.build/Objects-normal/arm64/e6072d4f65d7061329687fe24e3d63a7-common-args.resp
    
    /Applications/Xcode.app/Contents/Developer/Toolchains/XcodeDefault.xctoolchain/usr/bin/clang -x objective-c -ivfsstatcache /Users/emanuelflury/Library/Developer/Xcode/DerivedData/SDKStatCaches.noindex/iphoneos26.1-23B77-69b33fc7382b27d9b5d46e82a00f8e78.sdkstatcache -fmessage-length\=0 -fdiagnostics-show-note-include-stack -fmacro-backtrace-limit\=0 -fno-color-diagnostics -fmodules-prune-interval\=86400 -fmodules-prune-after\=345600 -fbuild-session-file\=/Users/emanuelflury/Library/Developer/Xcode/DerivedData/ModuleCache.noindex/Session.modulevalidation -fmodules-validate-once-per-build-session -Wnon-modular-include-in-framework-module -Werror\=non-modular-include-in-framework-module -Wno-trigraphs -Wno-missing-field-initializers -Wno-missing-prototypes -Wno-return-type -Wno-implicit-atomic-properties -Wno-objc-interface-ivars -Wno-arc-repeated-use-of-weak -Wno-missing-braces -Wparentheses -Wswitch -Wno-unused-function -Wno-unused-label -Wno-unused-parameter -Wno-unused-variable -Wunused-value -Wno-empty-body -Wno-uninitialized -Wno-unknown-pragmas -w -Wno-shadow -Wno-four-char-constants -Wno-conversion -Wno-constant-conversion -Wno-int-conversion -Wno-bool-conversion -Wno-enum-conversion -Wno-float-conversion -Wno-non-literal-null-conversion -Wno-objc-literal-conversion -Wshorten-64-to-32 -Wpointer-sign -Wno-newline-eof -Wno-selector -Wno-strict-selector-match -Wno-undeclared-selector -Wno-deprecated-implementations -Wno-implicit-fallthrough -fstrict-aliasing -Wprotocol -Wdeprecated-declarations -Wno-sign-conversion -Wno-infinite-recursion -Wno-comma -Wno-block-capture-autoreleasing -Wno-strict-prototypes -Wno-semicolon-before-method-body -index-store-path /Users/emanuelflury/Library/Developer/Xcode/DerivedData/TaxedGmbH_IOS-gerngfqzuwudosgobknlgtoawnlj/Index.noindex/DataStore @/Users/emanuelflury/Library/Developer/Xcode/DerivedData/TaxedGmbH_IOS-gerngfqzuwudosgobknlgtoawnlj/Build/Intermediates.noindex/GoogleAdsOnDeviceConversion.build/Debug-iphoneos/GoogleAdsOnDeviceConversionTarget.build/Objects-normal/arm64/e6072d4f65d7061329687fe24e3d63a7-common-args.resp -MMD -MT dependencies -MF /Users/emanuelflury/Library/Developer/Xcode/DerivedData/TaxedGmbH_IOS-gerngfqzuwudosgobknlgtoawnlj/Build/Intermediates.noindex/GoogleAdsOnDeviceConversion.build/Debug-iphoneos/GoogleAdsOnDeviceConversionTarget.build/Objects-normal/arm64/dummy.d --serialize-diagnostics /Users/emanuelflury/Library/Developer/Xcode/DerivedData/TaxedGmbH_IOS-gerngfqzuwudosgobknlgtoawnlj/Build/Intermediates.noindex/GoogleAdsOnDeviceConversion.build/Debug-iphoneos/GoogleAdsOnDeviceConversionTarget.build/Objects-normal/arm64/dummy.dia -c /Users/emanuelflury/Library/Developer/Xcode/DerivedData/TaxedGmbH_IOS-gerngfqzuwudosgobknlgtoawnlj/SourcePackages/checkouts/google-ads-on-device-conversion-ios-sdk/GoogleAdsOnDeviceConversionWrapper/dummy.m -o /Users/emanuelflury/Library/Developer/Xcode/DerivedData/TaxedGmbH_IOS-gerngfqzuwudosgobknlgtoawnlj/Build/Intermediates.noindex/GoogleAdsOnDeviceConversion.build/Debug-iphoneos/GoogleAdsOnDeviceConversionTarget.build/Objects-normal/arm64/dummy.o -index-unit-output-path /GoogleAdsOnDeviceConversion.build/Debug-iphoneos/GoogleAdsOnDeviceConversionTarget.build/Objects-normal/arm64/dummy.o

PrecompileModule /Users/emanuelflury/Library/Developer/Xcode/DerivedData/TaxedGmbH_IOS-gerngfqzuwudosgobknlgtoawnlj/Build/Intermediates.noindex/ExplicitPrecompiledModules/os_workgroup-4AACMQZHFT1U9LK0FAD8ZTY4T.scan
    cd /
    builtin-precompileModule /Users/emanuelflury/Library/Developer/Xcode/DerivedData/TaxedGmbH_IOS-gerngfqzuwudosgobknlgtoawnlj/Build/Intermediates.noindex/ExplicitPrecompiledModules/os_workgroup-4AACMQZHFT1U9LK0FAD8ZTY4T.scan

RegisterExecutionPolicyException /Users/emanuelflury/Library/Developer/Xcode/DerivedData/TaxedGmbH_IOS-gerngfqzuwudosgobknlgtoawnlj/Build/Products/Debug-iphoneos/GTMSessionFetcher_GTMSessionFetcherCore.bundle (in target 'GTMSessionFetcher_GTMSessionFetcherCore' from project 'GTMSessionFetcher')
    cd /Users/emanuelflury/Library/Developer/Xcode/DerivedData/TaxedGmbH_IOS-gerngfqzuwudosgobknlgtoawnlj/SourcePackages/checkouts/gtm-session-fetcher
    builtin-RegisterExecutionPolicyException /Users/emanuelflury/Library/Developer/Xcode/DerivedData/TaxedGmbH_IOS-gerngfqzuwudosgobknlgtoawnlj/Build/Products/Debug-iphoneos/GTMSessionFetcher_GTMSessionFetcherCore.bundle

RegisterExecutionPolicyException /Users/emanuelflury/Library/Developer/Xcode/DerivedData/TaxedGmbH_IOS-gerngfqzuwudosgobknlgtoawnlj/Build/Products/Debug-iphoneos/Firebase_FirebaseMessaging.bundle (in target 'Firebase_FirebaseMessaging' from project 'Firebase')
    cd /Users/emanuelflury/Library/Developer/Xcode/DerivedData/TaxedGmbH_IOS-gerngfqzuwudosgobknlgtoawnlj/SourcePackages/checkouts/firebase-ios-sdk
    builtin-RegisterExecutionPolicyException /Users/emanuelflury/Library/Developer/Xcode/DerivedData/TaxedGmbH_IOS-gerngfqzuwudosgobknlgtoawnlj/Build/Products/Debug-iphoneos/Firebase_FirebaseMessaging.bundle

Touch /Users/emanuelflury/Library/Developer/Xcode/DerivedData/TaxedGmbH_IOS-gerngfqzuwudosgobknlgtoawnlj/Build/Products/Debug-iphoneos/GTMSessionFetcher_GTMSessionFetcherCore.bundle (in target 'GTMSessionFetcher_GTMSessionFetcherCore' from project 'GTMSessionFetcher')
    cd /Users/emanuelflury/Library/Developer/Xcode/DerivedData/TaxedGmbH_IOS-gerngfqzuwudosgobknlgtoawnlj/SourcePackages/checkouts/gtm-session-fetcher
    /usr/bin/touch -c /Users/emanuelflury/Library/Developer/Xcode/DerivedData/TaxedGmbH_IOS-gerngfqzuwudosgobknlgtoawnlj/Build/Products/Debug-iphoneos/GTMSessionFetcher_GTMSessionFetcherCore.bundle

Ld /Users/emanuelflury/Library/Developer/Xcode/DerivedData/TaxedGmbH_IOS-gerngfqzuwudosgobknlgtoawnlj/Build/Products/Debug-iphoneos/leveldb.o normal (in target 'leveldb' from project 'leveldb')
    cd /Users/emanuelflury/Library/Developer/Xcode/DerivedData/TaxedGmbH_IOS-gerngfqzuwudosgobknlgtoawnlj/SourcePackages/checkouts/leveldb
    /Applications/Xcode.app/Contents/Developer/Toolchains/XcodeDefault.xctoolchain/usr/bin/clang++ -Xlinker -reproducible -target arm64-apple-ios12.0 -r -isysroot /Applications/Xcode.app/Contents/Developer/Platforms/iPhoneOS.platform/Developer/SDKs/iPhoneOS26.1.sdk -O0 -w -L/Users/emanuelflury/Library/Developer/Xcode/DerivedData/TaxedGmbH_IOS-gerngfqzuwudosgobknlgtoawnlj/Build/Intermediates.noindex/EagerLinkingTBDs/Debug-iphoneos -L/Users/emanuelflury/Library/Developer/Xcode/DerivedData/TaxedGmbH_IOS-gerngfqzuwudosgobknlgtoawnlj/Build/Products/Debug-iphoneos -L/Applications/Xcode.app/Contents/Developer/Platforms/iPhoneOS.platform/Developer/usr/lib -F/Users/emanuelflury/Library/Developer/Xcode/DerivedData/TaxedGmbH_IOS-gerngfqzuwudosgobknlgtoawnlj/Build/Intermediates.noindex/EagerLinkingTBDs/Debug-iphoneos -F/Users/emanuelflury/Library/Developer/Xcode/DerivedData/TaxedGmbH_IOS-gerngfqzuwudosgobknlgtoawnlj/Build/Products/Debug-iphoneos -iframework /Applications/Xcode.app/Contents/Developer/Platforms/iPhoneOS.platform/Developer/Library/Frameworks -iframework /Applications/Xcode.app/Contents/Developer/Platforms/iPhoneOS.platform/Developer/SDKs/iPhoneOS26.1.sdk/Developer/Library/Frameworks -filelist /Users/emanuelflury/Library/Developer/Xcode/DerivedData/TaxedGmbH_IOS-gerngfqzuwudosgobknlgtoawnlj/Build/Intermediates.noindex/leveldb.build/Debug-iphoneos/leveldb.build/Objects-normal/arm64/leveldb.LinkFileList -nostdlib -Xlinker -object_path_lto -Xlinker /Users/emanuelflury/Library/Developer/Xcode/DerivedData/TaxedGmbH_IOS-gerngfqzuwudosgobknlgtoawnlj/Build/Intermediates.noindex/leveldb.build/Debug-iphoneos/leveldb.build/Objects-normal/arm64/leveldb_lto.o -rdynamic -Xlinker -no_deduplicate -Xlinker -debug_variant -Xlinker -dependency_info -Xlinker /Users/emanuelflury/Library/Developer/Xcode/DerivedData/TaxedGmbH_IOS-gerngfqzuwudosgobknlgtoawnlj/Build/Intermediates.noindex/leveldb.build/Debug-iphoneos/leveldb.build/Objects-normal/arm64/leveldb_dependency_info.dat -fobjc-arc -fobjc-link-runtime -o /Users/emanuelflury/Library/Developer/Xcode/DerivedData/TaxedGmbH_IOS-gerngfqzuwudosgobknlgtoawnlj/Build/Products/Debug-iphoneos/leveldb.o

RegisterExecutionPolicyException /Users/emanuelflury/Library/Developer/Xcode/DerivedData/TaxedGmbH_IOS-gerngfqzuwudosgobknlgtoawnlj/Build/Products/Debug-iphoneos/Firebase_FirebaseInstallations.bundle (in target 'Firebase_FirebaseInstallations' from project 'Firebase')
    cd /Users/emanuelflury/Library/Developer/Xcode/DerivedData/TaxedGmbH_IOS-gerngfqzuwudosgobknlgtoawnlj/SourcePackages/checkouts/firebase-ios-sdk
    builtin-RegisterExecutionPolicyException /Users/emanuelflury/Library/Developer/Xcode/DerivedData/TaxedGmbH_IOS-gerngfqzuwudosgobknlgtoawnlj/Build/Products/Debug-iphoneos/Firebase_FirebaseInstallations.bundle

RegisterExecutionPolicyException /Users/emanuelflury/Library/Developer/Xcode/DerivedData/TaxedGmbH_IOS-gerngfqzuwudosgobknlgtoawnlj/Build/Products/Debug-iphoneos/Firebase_FirebaseFirestore.bundle (in target 'Firebase_FirebaseFirestore' from project 'Firebase')
    cd /Users/emanuelflury/Library/Developer/Xcode/DerivedData/TaxedGmbH_IOS-gerngfqzuwudosgobknlgtoawnlj/SourcePackages/checkouts/firebase-ios-sdk
    builtin-RegisterExecutionPolicyException /Users/emanuelflury/Library/Developer/Xcode/DerivedData/TaxedGmbH_IOS-gerngfqzuwudosgobknlgtoawnlj/Build/Products/Debug-iphoneos/Firebase_FirebaseFirestore.bundle

Touch /Users/emanuelflury/Library/Developer/Xcode/DerivedData/TaxedGmbH_IOS-gerngfqzuwudosgobknlgtoawnlj/Build/Products/Debug-iphoneos/Firebase_FirebaseMessaging.bundle (in target 'Firebase_FirebaseMessaging' from project 'Firebase')
    cd /Users/emanuelflury/Library/Developer/Xcode/DerivedData/TaxedGmbH_IOS-gerngfqzuwudosgobknlgtoawnlj/SourcePackages/checkouts/firebase-ios-sdk
    /usr/bin/touch -c /Users/emanuelflury/Library/Developer/Xcode/DerivedData/TaxedGmbH_IOS-gerngfqzuwudosgobknlgtoawnlj/Build/Products/Debug-iphoneos/Firebase_FirebaseMessaging.bundle

RegisterExecutionPolicyException /Users/emanuelflury/Library/Developer/Xcode/DerivedData/TaxedGmbH_IOS-gerngfqzuwudosgobknlgtoawnlj/Build/Products/Debug-iphoneos/Firebase_FirebaseCoreInternal.bundle (in target 'Firebase_FirebaseCoreInternal' from project 'Firebase')
    cd /Users/emanuelflury/Library/Developer/Xcode/DerivedData/TaxedGmbH_IOS-gerngfqzuwudosgobknlgtoawnlj/SourcePackages/checkouts/firebase-ios-sdk
    builtin-RegisterExecutionPolicyException /Users/emanuelflury/Library/Developer/Xcode/DerivedData/TaxedGmbH_IOS-gerngfqzuwudosgobknlgtoawnlj/Build/Products/Debug-iphoneos/Firebase_FirebaseCoreInternal.bundle

PrecompileModule /Users/emanuelflury/Library/Developer/Xcode/DerivedData/TaxedGmbH_IOS-gerngfqzuwudosgobknlgtoawnlj/Build/Intermediates.noindex/ExplicitPrecompiledModules/CoreImage-E04CPPQCTMY97I84RSNKS2IBP.scan
    cd /
    builtin-precompileModule /Users/emanuelflury/Library/Developer/Xcode/DerivedData/TaxedGmbH_IOS-gerngfqzuwudosgobknlgtoawnlj/Build/Intermediates.noindex/ExplicitPrecompiledModules/CoreImage-E04CPPQCTMY97I84RSNKS2IBP.scan

PrecompileModule /Users/emanuelflury/Library/Developer/Xcode/DerivedData/TaxedGmbH_IOS-gerngfqzuwudosgobknlgtoawnlj/Build/Intermediates.noindex/ExplicitPrecompiledModules/QuartzCore-CHEKNA6NLPK72WPN9DRTEGU46.scan
    cd /
    builtin-precompileModule /Users/emanuelflury/Library/Developer/Xcode/DerivedData/TaxedGmbH_IOS-gerngfqzuwudosgobknlgtoawnlj/Build/Intermediates.noindex/ExplicitPrecompiledModules/QuartzCore-CHEKNA6NLPK72WPN9DRTEGU46.scan

Touch /Users/emanuelflury/Library/Developer/Xcode/DerivedData/TaxedGmbH_IOS-gerngfqzuwudosgobknlgtoawnlj/Build/Products/Debug-iphoneos/Firebase_FirebaseInstallations.bundle (in target 'Firebase_FirebaseInstallations' from project 'Firebase')
    cd /Users/emanuelflury/Library/Developer/Xcode/DerivedData/TaxedGmbH_IOS-gerngfqzuwudosgobknlgtoawnlj/SourcePackages/checkouts/firebase-ios-sdk
    /usr/bin/touch -c /Users/emanuelflury/Library/Developer/Xcode/DerivedData/TaxedGmbH_IOS-gerngfqzuwudosgobknlgtoawnlj/Build/Products/Debug-iphoneos/Firebase_FirebaseInstallations.bundle

RegisterExecutionPolicyException /Users/emanuelflury/Library/Developer/Xcode/DerivedData/TaxedGmbH_IOS-gerngfqzuwudosgobknlgtoawnlj/Build/Products/Debug-iphoneos/Firebase_FirebaseCoreExtension.bundle (in target 'Firebase_FirebaseCoreExtension' from project 'Firebase')
    cd /Users/emanuelflury/Library/Developer/Xcode/DerivedData/TaxedGmbH_IOS-gerngfqzuwudosgobknlgtoawnlj/SourcePackages/checkouts/firebase-ios-sdk
    builtin-RegisterExecutionPolicyException /Users/emanuelflury/Library/Developer/Xcode/DerivedData/TaxedGmbH_IOS-gerngfqzuwudosgobknlgtoawnlj/Build/Products/Debug-iphoneos/Firebase_FirebaseCoreExtension.bundle

RegisterExecutionPolicyException /Users/emanuelflury/Library/Developer/Xcode/DerivedData/TaxedGmbH_IOS-gerngfqzuwudosgobknlgtoawnlj/Build/Products/Debug-iphoneos/Firebase_FirebaseCore.bundle (in target 'Firebase_FirebaseCore' from project 'Firebase')
    cd /Users/emanuelflury/Library/Developer/Xcode/DerivedData/TaxedGmbH_IOS-gerngfqzuwudosgobknlgtoawnlj/SourcePackages/checkouts/firebase-ios-sdk
    builtin-RegisterExecutionPolicyException /Users/emanuelflury/Library/Developer/Xcode/DerivedData/TaxedGmbH_IOS-gerngfqzuwudosgobknlgtoawnlj/Build/Products/Debug-iphoneos/Firebase_FirebaseCore.bundle

Ld /Users/emanuelflury/Library/Developer/Xcode/DerivedData/TaxedGmbH_IOS-gerngfqzuwudosgobknlgtoawnlj/Build/Products/Debug-iphoneos/opensslWrapper.o normal (in target 'opensslWrapper' from project 'gRPC')
    cd /Users/emanuelflury/Library/Developer/Xcode/DerivedData/TaxedGmbH_IOS-gerngfqzuwudosgobknlgtoawnlj/SourcePackages/checkouts/grpc-binary
    /Applications/Xcode.app/Contents/Developer/Toolchains/XcodeDefault.xctoolchain/usr/bin/clang -Xlinker -reproducible -target arm64-apple-ios12.0 -r -isysroot /Applications/Xcode.app/Contents/Developer/Platforms/iPhoneOS.platform/Developer/SDKs/iPhoneOS26.1.sdk -O0 -w -L/Users/emanuelflury/Library/Developer/Xcode/DerivedData/TaxedGmbH_IOS-gerngfqzuwudosgobknlgtoawnlj/Build/Intermediates.noindex/EagerLinkingTBDs/Debug-iphoneos -L/Users/emanuelflury/Library/Developer/Xcode/DerivedData/TaxedGmbH_IOS-gerngfqzuwudosgobknlgtoawnlj/Build/Products/Debug-iphoneos -L/Applications/Xcode.app/Contents/Developer/Platforms/iPhoneOS.platform/Developer/usr/lib -F/Users/emanuelflury/Library/Developer/Xcode/DerivedData/TaxedGmbH_IOS-gerngfqzuwudosgobknlgtoawnlj/Build/Intermediates.noindex/EagerLinkingTBDs/Debug-iphoneos -F/Users/emanuelflury/Library/Developer/Xcode/DerivedData/TaxedGmbH_IOS-gerngfqzuwudosgobknlgtoawnlj/Build/Products/Debug-iphoneos -iframework /Applications/Xcode.app/Contents/Developer/Platforms/iPhoneOS.platform/Developer/Library/Frameworks -iframework /Applications/Xcode.app/Contents/Developer/Platforms/iPhoneOS.platform/Developer/SDKs/iPhoneOS26.1.sdk/Developer/Library/Frameworks -filelist /Users/emanuelflury/Library/Developer/Xcode/DerivedData/TaxedGmbH_IOS-gerngfqzuwudosgobknlgtoawnlj/Build/Intermediates.noindex/gRPC.build/Debug-iphoneos/opensslWrapper.build/Objects-normal/arm64/opensslWrapper.LinkFileList -nostdlib -Xlinker -object_path_lto -Xlinker /Users/emanuelflury/Library/Developer/Xcode/DerivedData/TaxedGmbH_IOS-gerngfqzuwudosgobknlgtoawnlj/Build/Intermediates.noindex/gRPC.build/Debug-iphoneos/opensslWrapper.build/Objects-normal/arm64/opensslWrapper_lto.o -rdynamic -Xlinker -no_deduplicate -Xlinker -debug_variant -Xlinker -dependency_info -Xlinker /Users/emanuelflury/Library/Developer/Xcode/DerivedData/TaxedGmbH_IOS-gerngfqzuwudosgobknlgtoawnlj/Build/Intermediates.noindex/gRPC.build/Debug-iphoneos/opensslWrapper.build/Objects-normal/arm64/opensslWrapper_dependency_info.dat -fobjc-arc -fobjc-link-runtime -o /Users/emanuelflury/Library/Developer/Xcode/DerivedData/TaxedGmbH_IOS-gerngfqzuwudosgobknlgtoawnlj/Build/Products/Debug-iphoneos/opensslWrapper.o

Touch /Users/emanuelflury/Library/Developer/Xcode/DerivedData/TaxedGmbH_IOS-gerngfqzuwudosgobknlgtoawnlj/Build/Products/Debug-iphoneos/Firebase_FirebaseFirestore.bundle (in target 'Firebase_FirebaseFirestore' from project 'Firebase')
    cd /Users/emanuelflury/Library/Developer/Xcode/DerivedData/TaxedGmbH_IOS-gerngfqzuwudosgobknlgtoawnlj/SourcePackages/checkouts/firebase-ios-sdk
    /usr/bin/touch -c /Users/emanuelflury/Library/Developer/Xcode/DerivedData/TaxedGmbH_IOS-gerngfqzuwudosgobknlgtoawnlj/Build/Products/Debug-iphoneos/Firebase_FirebaseFirestore.bundle

RegisterExecutionPolicyException /Users/emanuelflury/Library/Developer/Xcode/DerivedData/TaxedGmbH_IOS-gerngfqzuwudosgobknlgtoawnlj/Build/Products/Debug-iphoneos/Firebase_FirebaseAuth.bundle (in target 'Firebase_FirebaseAuth' from project 'Firebase')
    cd /Users/emanuelflury/Library/Developer/Xcode/DerivedData/TaxedGmbH_IOS-gerngfqzuwudosgobknlgtoawnlj/SourcePackages/checkouts/firebase-ios-sdk
    builtin-RegisterExecutionPolicyException /Users/emanuelflury/Library/Developer/Xcode/DerivedData/TaxedGmbH_IOS-gerngfqzuwudosgobknlgtoawnlj/Build/Products/Debug-iphoneos/Firebase_FirebaseAuth.bundle

Touch /Users/emanuelflury/Library/Developer/Xcode/DerivedData/TaxedGmbH_IOS-gerngfqzuwudosgobknlgtoawnlj/Build/Products/Debug-iphoneos/Firebase_FirebaseCoreInternal.bundle (in target 'Firebase_FirebaseCoreInternal' from project 'Firebase')
    cd /Users/emanuelflury/Library/Developer/Xcode/DerivedData/TaxedGmbH_IOS-gerngfqzuwudosgobknlgtoawnlj/SourcePackages/checkouts/firebase-ios-sdk
    /usr/bin/touch -c /Users/emanuelflury/Library/Developer/Xcode/DerivedData/TaxedGmbH_IOS-gerngfqzuwudosgobknlgtoawnlj/Build/Products/Debug-iphoneos/Firebase_FirebaseCoreInternal.bundle

PrecompileModule /Users/emanuelflury/Library/Developer/Xcode/DerivedData/TaxedGmbH_IOS-gerngfqzuwudosgobknlgtoawnlj/Build/Intermediates.noindex/ExplicitPrecompiledModules/Dispatch-DVQTSFF1UE2RMFBOKNWI37E65.scan
    cd /
    builtin-precompileModule /Users/emanuelflury/Library/Developer/Xcode/DerivedData/TaxedGmbH_IOS-gerngfqzuwudosgobknlgtoawnlj/Build/Intermediates.noindex/ExplicitPrecompiledModules/Dispatch-DVQTSFF1UE2RMFBOKNWI37E65.scan

RegisterExecutionPolicyException /Users/emanuelflury/Library/Developer/Xcode/DerivedData/TaxedGmbH_IOS-gerngfqzuwudosgobknlgtoawnlj/Build/Products/Debug-iphoneos/FirebaseSharedSwift.o (in target 'FirebaseSharedSwift' from project 'Firebase')
    cd /Users/emanuelflury/Library/Developer/Xcode/DerivedData/TaxedGmbH_IOS-gerngfqzuwudosgobknlgtoawnlj/SourcePackages/checkouts/firebase-ios-sdk
    builtin-RegisterExecutionPolicyException /Users/emanuelflury/Library/Developer/Xcode/DerivedData/TaxedGmbH_IOS-gerngfqzuwudosgobknlgtoawnlj/Build/Products/Debug-iphoneos/FirebaseSharedSwift.o

Touch /Users/emanuelflury/Library/Developer/Xcode/DerivedData/TaxedGmbH_IOS-gerngfqzuwudosgobknlgtoawnlj/Build/Products/Debug-iphoneos/Firebase_FirebaseCoreExtension.bundle (in target 'Firebase_FirebaseCoreExtension' from project 'Firebase')
    cd /Users/emanuelflury/Library/Developer/Xcode/DerivedData/TaxedGmbH_IOS-gerngfqzuwudosgobknlgtoawnlj/SourcePackages/checkouts/firebase-ios-sdk
    /usr/bin/touch -c /Users/emanuelflury/Library/Developer/Xcode/DerivedData/TaxedGmbH_IOS-gerngfqzuwudosgobknlgtoawnlj/Build/Products/Debug-iphoneos/Firebase_FirebaseCoreExtension.bundle

SwiftDriver FirebaseCoreInternal normal arm64 com.apple.xcode.tools.swift.compiler (in target 'FirebaseCoreInternal' from project 'Firebase')
    cd /Users/emanuelflury/github/TaxedGmbH_IOS/TaxedGmbH_IOS.xcodeproj
    builtin-SwiftDriver -- /Applications/Xcode.app/Contents/Developer/Toolchains/XcodeDefault.xctoolchain/usr/bin/swiftc -module-name FirebaseCoreInternal -Onone -enforce-exclusivity\=checked @/Users/emanuelflury/Library/Developer/Xcode/DerivedData/TaxedGmbH_IOS-gerngfqzuwudosgobknlgtoawnlj/Build/Intermediates.noindex/Firebase.build/Debug-iphoneos/FirebaseCoreInternal.build/Objects-normal/arm64/FirebaseCoreInternal.SwiftFileList -DSWIFT_PACKAGE -DDEBUG -DSWIFT_MODULE_RESOURCE_BUNDLE_AVAILABLE -Xcc -fmodule-map-file\=/Users/emanuelflury/Library/Developer/Xcode/DerivedData/TaxedGmbH_IOS-gerngfqzuwudosgobknlgtoawnlj/Build/Intermediates.noindex/GeneratedModuleMaps-iphoneos/GoogleUtilities-NSData.modulemap -DXcode -plugin-path /Applications/Xcode.app/Contents/Developer/Toolchains/XcodeDefault.xctoolchain/usr/lib/swift/host/plugins/testing -enable-experimental-feature DebugDescriptionMacro -sdk /Applications/Xcode.app/Contents/Developer/Platforms/iPhoneOS.platform/Developer/SDKs/iPhoneOS26.1.sdk -target arm64-apple-ios15.0 -g -module-cache-path /Users/emanuelflury/Library/Developer/Xcode/DerivedData/ModuleCache.noindex -Xfrontend -serialize-debugging-options -profile-coverage-mapping -profile-generate -enable-testing -suppress-warnings -index-store-path /Users/emanuelflury/Library/Developer/Xcode/DerivedData/TaxedGmbH_IOS-gerngfqzuwudosgobknlgtoawnlj/Index.noindex/DataStore -Xcc -D_LIBCPP_HARDENING_MODE\=_LIBCPP_HARDENING_MODE_DEBUG -swift-version 6 -I /Users/emanuelflury/Library/Developer/Xcode/DerivedData/TaxedGmbH_IOS-gerngfqzuwudosgobknlgtoawnlj/Build/Products/Debug-iphoneos -Isystem /Applications/Xcode.app/Contents/Developer/Platforms/iPhoneOS.platform/Developer/usr/lib -F /Users/emanuelflury/Library/Developer/Xcode/DerivedData/TaxedGmbH_IOS-gerngfqzuwudosgobknlgtoawnlj/Build/Products/Debug-iphoneos/PackageFrameworks -F /Users/emanuelflury/Library/Developer/Xcode/DerivedData/TaxedGmbH_IOS-gerngfqzuwudosgobknlgtoawnlj/Build/Products/Debug-iphoneos -F /Applications/Xcode.app/Contents/Developer/Platforms/iPhoneOS.platform/Developer/Library/Frameworks -F /Applications/Xcode.app/Contents/Developer/Platforms/iPhoneOS.platform/Developer/SDKs/iPhoneOS26.1.sdk/Developer/Library/Frameworks -c -j12 -enable-batch-mode -incremental -Xcc -ivfsstatcache -Xcc /Users/emanuelflury/Library/Developer/Xcode/DerivedData/SDKStatCaches.noindex/iphoneos26.1-23B77-69b33fc7382b27d9b5d46e82a00f8e78.sdkstatcache -output-file-map /Users/emanuelflury/Library/Developer/Xcode/DerivedData/TaxedGmbH_IOS-gerngfqzuwudosgobknlgtoawnlj/Build/Intermediates.noindex/Firebase.build/Debug-iphoneos/FirebaseCoreInternal.build/Objects-normal/arm64/FirebaseCoreInternal-OutputFileMap.json -use-frontend-parseable-output -save-temps -no-color-diagnostics -explicit-module-build -module-cache-path /Users/emanuelflury/Library/Developer/Xcode/DerivedData/TaxedGmbH_IOS-gerngfqzuwudosgobknlgtoawnlj/Build/Intermediates.noindex/SwiftExplicitPrecompiledModules -clang-scanner-module-cache-path /Users/emanuelflury/Library/Developer/Xcode/DerivedData/ModuleCache.noindex -sdk-module-cache-path /Users/emanuelflury/Library/Developer/Xcode/DerivedData/ModuleCache.noindex -serialize-diagnostics -emit-dependencies -emit-module -emit-module-path /Users/emanuelflury/Library/Developer/Xcode/DerivedData/TaxedGmbH_IOS-gerngfqzuwudosgobknlgtoawnlj/Build/Intermediates.noindex/Firebase.build/Debug-iphoneos/FirebaseCoreInternal.build/Objects-normal/arm64/FirebaseCoreInternal.swiftmodule -user-module-version 12.6.0 -validate-clang-modules-once -clang-build-session-file /Users/emanuelflury/Library/Developer/Xcode/DerivedData/ModuleCache.noindex/Session.modulevalidation -package-name firebase_ios_sdk -Xcc -I/Users/emanuelflury/Library/Developer/Xcode/DerivedData/TaxedGmbH_IOS-gerngfqzuwudosgobknlgtoawnlj/Build/Intermediates.noindex/Firebase.build/Debug-iphoneos/FirebaseCoreInternal.build/swift-overrides.hmap -emit-const-values -Xfrontend -const-gather-protocols-file -Xfrontend /Users/emanuelflury/Library/Developer/Xcode/DerivedData/TaxedGmbH_IOS-gerngfqzuwudosgobknlgtoawnlj/Build/Intermediates.noindex/Firebase.build/Debug-iphoneos/FirebaseCoreInternal.build/Objects-normal/arm64/FirebaseCoreInternal_const_extract_protocols.json -Xcc -I/Users/emanuelflury/Library/Developer/Xcode/DerivedData/TaxedGmbH_IOS-gerngfqzuwudosgobknlgtoawnlj/SourcePackages/checkouts/GoogleUtilities/GoogleUtilities/NSData+zlib/Public -Xcc -I/Users/emanuelflury/Library/Developer/Xcode/DerivedData/TaxedGmbH_IOS-gerngfqzuwudosgobknlgtoawnlj/Build/Products/Debug-iphoneos/include -Xcc -I/Users/emanuelflury/Library/Developer/Xcode/DerivedData/TaxedGmbH_IOS-gerngfqzuwudosgobknlgtoawnlj/Build/Intermediates.noindex/Firebase.build/Debug-iphoneos/FirebaseCoreInternal.build/DerivedSources-normal/arm64 -Xcc -I/Users/emanuelflury/Library/Developer/Xcode/DerivedData/TaxedGmbH_IOS-gerngfqzuwudosgobknlgtoawnlj/Build/Intermediates.noindex/Firebase.build/Debug-iphoneos/FirebaseCoreInternal.build/DerivedSources/arm64 -Xcc -I/Users/emanuelflury/Library/Developer/Xcode/DerivedData/TaxedGmbH_IOS-gerngfqzuwudosgobknlgtoawnlj/Build/Intermediates.noindex/Firebase.build/Debug-iphoneos/FirebaseCoreInternal.build/DerivedSources -Xcc -DSWIFT_PACKAGE -Xcc -DDEBUG\=1 -emit-objc-header -emit-objc-header-path /Users/emanuelflury/Library/Developer/Xcode/DerivedData/TaxedGmbH_IOS-gerngfqzuwudosgobknlgtoawnlj/Build/Intermediates.noindex/Firebase.build/Debug-iphoneos/FirebaseCoreInternal.build/Objects-normal/arm64/FirebaseCoreInternal-Swift.h -working-directory /Users/emanuelflury/github/TaxedGmbH_IOS/TaxedGmbH_IOS.xcodeproj -experimental-emit-module-separately -disable-cmo

Touch /Users/emanuelflury/Library/Developer/Xcode/DerivedData/TaxedGmbH_IOS-gerngfqzuwudosgobknlgtoawnlj/Build/Products/Debug-iphoneos/Firebase_FirebaseCore.bundle (in target 'Firebase_FirebaseCore' from project 'Firebase')
    cd /Users/emanuelflury/Library/Developer/Xcode/DerivedData/TaxedGmbH_IOS-gerngfqzuwudosgobknlgtoawnlj/SourcePackages/checkouts/firebase-ios-sdk
    /usr/bin/touch -c /Users/emanuelflury/Library/Developer/Xcode/DerivedData/TaxedGmbH_IOS-gerngfqzuwudosgobknlgtoawnlj/Build/Products/Debug-iphoneos/Firebase_FirebaseCore.bundle

RegisterExecutionPolicyException /Users/emanuelflury/Library/Developer/Xcode/DerivedData/TaxedGmbH_IOS-gerngfqzuwudosgobknlgtoawnlj/Build/Products/Debug-iphoneos/FirebaseMessagingInterop.o (in target 'FirebaseMessagingInterop' from project 'Firebase')
    cd /Users/emanuelflury/Library/Developer/Xcode/DerivedData/TaxedGmbH_IOS-gerngfqzuwudosgobknlgtoawnlj/SourcePackages/checkouts/firebase-ios-sdk
    builtin-RegisterExecutionPolicyException /Users/emanuelflury/Library/Developer/Xcode/DerivedData/TaxedGmbH_IOS-gerngfqzuwudosgobknlgtoawnlj/Build/Products/Debug-iphoneos/FirebaseMessagingInterop.o

ScanDependencies /Users/emanuelflury/Library/Developer/Xcode/DerivedData/TaxedGmbH_IOS-gerngfqzuwudosgobknlgtoawnlj/Build/Intermediates.noindex/Firebase.build/Debug-iphoneos/FirebaseFirestoreInternalWrapper.build/Objects-normal/arm64/dummy.o /Users/emanuelflury/Library/Developer/Xcode/DerivedData/TaxedGmbH_IOS-gerngfqzuwudosgobknlgtoawnlj/SourcePackages/checkouts/firebase-ios-sdk/FirebaseFirestoreInternal/dummy.m normal arm64 objective-c com.apple.compilers.llvm.clang.1_0.compiler (in target 'FirebaseFirestoreInternalWrapper' from project 'Firebase')
    cd /Users/emanuelflury/github/TaxedGmbH_IOS/TaxedGmbH_IOS.xcodeproj
    
    Using response file: /Users/emanuelflury/Library/Developer/Xcode/DerivedData/TaxedGmbH_IOS-gerngfqzuwudosgobknlgtoawnlj/Build/Intermediates.noindex/Firebase.build/Debug-iphoneos/FirebaseFirestoreInternalWrapper.build/Objects-normal/arm64/e6072d4f65d7061329687fe24e3d63a7-common-args.resp
    
    builtin-ScanDependencies -o /Users/emanuelflury/Library/Developer/Xcode/DerivedData/TaxedGmbH_IOS-gerngfqzuwudosgobknlgtoawnlj/Build/Intermediates.noindex/Firebase.build/Debug-iphoneos/FirebaseFirestoreInternalWrapper.build/Objects-normal/arm64/dummy.o.scan -- /Applications/Xcode.app/Contents/Developer/Toolchains/XcodeDefault.xctoolchain/usr/bin/clang -x objective-c -ivfsstatcache /Users/emanuelflury/Library/Developer/Xcode/DerivedData/SDKStatCaches.noindex/iphoneos26.1-23B77-69b33fc7382b27d9b5d46e82a00f8e78.sdkstatcache -fmessage-length\=0 -fdiagnostics-show-note-include-stack -fmacro-backtrace-limit\=0 -fno-color-diagnostics -fmodules-prune-interval\=86400 -fmodules-prune-after\=345600 -fbuild-session-file\=/Users/emanuelflury/Library/Developer/Xcode/DerivedData/ModuleCache.noindex/Session.modulevalidation -fmodules-validate-once-per-build-session -Wnon-modular-include-in-framework-module -Werror\=non-modular-include-in-framework-module -Wno-trigraphs -Wno-missing-field-initializers -Wno-missing-prototypes -Wno-return-type -Wno-implicit-atomic-properties -Wno-objc-interface-ivars -Wno-arc-repeated-use-of-weak -Wno-missing-braces -Wparentheses -Wswitch -Wno-unused-function -Wno-unused-label -Wno-unused-parameter -Wno-unused-variable -Wunused-value -Wno-empty-body -Wno-uninitialized -Wno-unknown-pragmas -w -Wno-shadow -Wno-four-char-constants -Wno-conversion -Wno-constant-conversion -Wno-int-conversion -Wno-bool-conversion -Wno-enum-conversion -Wno-float-conversion -Wno-non-literal-null-conversion -Wno-objc-literal-conversion -Wshorten-64-to-32 -Wpointer-sign -Wno-newline-eof -Wno-selector -Wno-strict-selector-match -Wno-undeclared-selector -Wno-deprecated-implementations -Wno-implicit-fallthrough -fstrict-aliasing -Wprotocol -Wdeprecated-declarations -Wno-sign-conversion -Wno-infinite-recursion -Wno-comma -Wno-block-capture-autoreleasing -Wno-strict-prototypes -Wno-semicolon-before-method-body -index-store-path /Users/emanuelflury/Library/Developer/Xcode/DerivedData/TaxedGmbH_IOS-gerngfqzuwudosgobknlgtoawnlj/Index.noindex/DataStore @/Users/emanuelflury/Library/Developer/Xcode/DerivedData/TaxedGmbH_IOS-gerngfqzuwudosgobknlgtoawnlj/Build/Intermediates.noindex/Firebase.build/Debug-iphoneos/FirebaseFirestoreInternalWrapper.build/Objects-normal/arm64/e6072d4f65d7061329687fe24e3d63a7-common-args.resp -MMD -MT dependencies -MF /Users/emanuelflury/Library/Developer/Xcode/DerivedData/TaxedGmbH_IOS-gerngfqzuwudosgobknlgtoawnlj/Build/Intermediates.noindex/Firebase.build/Debug-iphoneos/FirebaseFirestoreInternalWrapper.build/Objects-normal/arm64/dummy.d --serialize-diagnostics /Users/emanuelflury/Library/Developer/Xcode/DerivedData/TaxedGmbH_IOS-gerngfqzuwudosgobknlgtoawnlj/Build/Intermediates.noindex/Firebase.build/Debug-iphoneos/FirebaseFirestoreInternalWrapper.build/Objects-normal/arm64/dummy.dia -c /Users/emanuelflury/Library/Developer/Xcode/DerivedData/TaxedGmbH_IOS-gerngfqzuwudosgobknlgtoawnlj/SourcePackages/checkouts/firebase-ios-sdk/FirebaseFirestoreInternal/dummy.m -o /Users/emanuelflury/Library/Developer/Xcode/DerivedData/TaxedGmbH_IOS-gerngfqzuwudosgobknlgtoawnlj/Build/Intermediates.noindex/Firebase.build/Debug-iphoneos/FirebaseFirestoreInternalWrapper.build/Objects-normal/arm64/dummy.o -index-unit-output-path /Firebase.build/Debug-iphoneos/FirebaseFirestoreInternalWrapper.build/Objects-normal/arm64/dummy.o

Ld /Users/emanuelflury/Library/Developer/Xcode/DerivedData/TaxedGmbH_IOS-gerngfqzuwudosgobknlgtoawnlj/Build/Products/Debug-iphoneos/FirebaseCoreExtension.o normal (in target 'FirebaseCoreExtension' from project 'Firebase')
    cd /Users/emanuelflury/Library/Developer/Xcode/DerivedData/TaxedGmbH_IOS-gerngfqzuwudosgobknlgtoawnlj/SourcePackages/checkouts/firebase-ios-sdk
    /Applications/Xcode.app/Contents/Developer/Toolchains/XcodeDefault.xctoolchain/usr/bin/clang -Xlinker -reproducible -target arm64-apple-ios15.0 -r -isysroot /Applications/Xcode.app/Contents/Developer/Platforms/iPhoneOS.platform/Developer/SDKs/iPhoneOS26.1.sdk -O0 -w -L/Users/emanuelflury/Library/Developer/Xcode/DerivedData/TaxedGmbH_IOS-gerngfqzuwudosgobknlgtoawnlj/Build/Intermediates.noindex/EagerLinkingTBDs/Debug-iphoneos -L/Users/emanuelflury/Library/Developer/Xcode/DerivedData/TaxedGmbH_IOS-gerngfqzuwudosgobknlgtoawnlj/Build/Products/Debug-iphoneos -L/Applications/Xcode.app/Contents/Developer/Platforms/iPhoneOS.platform/Developer/usr/lib -F/Users/emanuelflury/Library/Developer/Xcode/DerivedData/TaxedGmbH_IOS-gerngfqzuwudosgobknlgtoawnlj/Build/Intermediates.noindex/EagerLinkingTBDs/Debug-iphoneos -F/Users/emanuelflury/Library/Developer/Xcode/DerivedData/TaxedGmbH_IOS-gerngfqzuwudosgobknlgtoawnlj/Build/Products/Debug-iphoneos -iframework /Applications/Xcode.app/Contents/Developer/Platforms/iPhoneOS.platform/Developer/Library/Frameworks -iframework /Applications/Xcode.app/Contents/Developer/Platforms/iPhoneOS.platform/Developer/SDKs/iPhoneOS26.1.sdk/Developer/Library/Frameworks -filelist /Users/emanuelflury/Library/Developer/Xcode/DerivedData/TaxedGmbH_IOS-gerngfqzuwudosgobknlgtoawnlj/Build/Intermediates.noindex/Firebase.build/Debug-iphoneos/FirebaseCoreExtension.build/Objects-normal/arm64/FirebaseCoreExtension.LinkFileList -nostdlib -Xlinker -object_path_lto -Xlinker /Users/emanuelflury/Library/Developer/Xcode/DerivedData/TaxedGmbH_IOS-gerngfqzuwudosgobknlgtoawnlj/Build/Intermediates.noindex/Firebase.build/Debug-iphoneos/FirebaseCoreExtension.build/Objects-normal/arm64/FirebaseCoreExtension_lto.o -rdynamic -Xlinker -no_deduplicate -Xlinker -debug_variant -Xlinker -dependency_info -Xlinker /Users/emanuelflury/Library/Developer/Xcode/DerivedData/TaxedGmbH_IOS-gerngfqzuwudosgobknlgtoawnlj/Build/Intermediates.noindex/Firebase.build/Debug-iphoneos/FirebaseCoreExtension.build/Objects-normal/arm64/FirebaseCoreExtension_dependency_info.dat -fobjc-arc -fobjc-link-runtime -o /Users/emanuelflury/Library/Developer/Xcode/DerivedData/TaxedGmbH_IOS-gerngfqzuwudosgobknlgtoawnlj/Build/Products/Debug-iphoneos/FirebaseCoreExtension.o

Touch /Users/emanuelflury/Library/Developer/Xcode/DerivedData/TaxedGmbH_IOS-gerngfqzuwudosgobknlgtoawnlj/Build/Products/Debug-iphoneos/Firebase_FirebaseAuth.bundle (in target 'Firebase_FirebaseAuth' from project 'Firebase')
    cd /Users/emanuelflury/Library/Developer/Xcode/DerivedData/TaxedGmbH_IOS-gerngfqzuwudosgobknlgtoawnlj/SourcePackages/checkouts/firebase-ios-sdk
    /usr/bin/touch -c /Users/emanuelflury/Library/Developer/Xcode/DerivedData/TaxedGmbH_IOS-gerngfqzuwudosgobknlgtoawnlj/Build/Products/Debug-iphoneos/Firebase_FirebaseAuth.bundle

RegisterExecutionPolicyException /Users/emanuelflury/Library/Developer/Xcode/DerivedData/TaxedGmbH_IOS-gerngfqzuwudosgobknlgtoawnlj/Build/Products/Debug-iphoneos/opensslWrapper.o (in target 'opensslWrapper' from project 'gRPC')
    cd /Users/emanuelflury/Library/Developer/Xcode/DerivedData/TaxedGmbH_IOS-gerngfqzuwudosgobknlgtoawnlj/SourcePackages/checkouts/grpc-binary
    builtin-RegisterExecutionPolicyException /Users/emanuelflury/Library/Developer/Xcode/DerivedData/TaxedGmbH_IOS-gerngfqzuwudosgobknlgtoawnlj/Build/Products/Debug-iphoneos/opensslWrapper.o

RegisterExecutionPolicyException /Users/emanuelflury/Library/Developer/Xcode/DerivedData/TaxedGmbH_IOS-gerngfqzuwudosgobknlgtoawnlj/Build/Products/Debug-iphoneos/leveldb.o (in target 'leveldb' from project 'leveldb')
    cd /Users/emanuelflury/Library/Developer/Xcode/DerivedData/TaxedGmbH_IOS-gerngfqzuwudosgobknlgtoawnlj/SourcePackages/checkouts/leveldb
    builtin-RegisterExecutionPolicyException /Users/emanuelflury/Library/Developer/Xcode/DerivedData/TaxedGmbH_IOS-gerngfqzuwudosgobknlgtoawnlj/Build/Products/Debug-iphoneos/leveldb.o

CompileC /Users/emanuelflury/Library/Developer/Xcode/DerivedData/TaxedGmbH_IOS-gerngfqzuwudosgobknlgtoawnlj/Build/Intermediates.noindex/Firebase.build/Debug-iphoneos/FirebaseFirestoreInternalWrapper.build/Objects-normal/arm64/dummy.o /Users/emanuelflury/Library/Developer/Xcode/DerivedData/TaxedGmbH_IOS-gerngfqzuwudosgobknlgtoawnlj/SourcePackages/checkouts/firebase-ios-sdk/FirebaseFirestoreInternal/dummy.m normal arm64 objective-c com.apple.compilers.llvm.clang.1_0.compiler (in target 'FirebaseFirestoreInternalWrapper' from project 'Firebase')
    cd /Users/emanuelflury/github/TaxedGmbH_IOS/TaxedGmbH_IOS.xcodeproj
    
    Using response file: /Users/emanuelflury/Library/Developer/Xcode/DerivedData/TaxedGmbH_IOS-gerngfqzuwudosgobknlgtoawnlj/Build/Intermediates.noindex/Firebase.build/Debug-iphoneos/FirebaseFirestoreInternalWrapper.build/Objects-normal/arm64/e6072d4f65d7061329687fe24e3d63a7-common-args.resp
    
    /Applications/Xcode.app/Contents/Developer/Toolchains/XcodeDefault.xctoolchain/usr/bin/clang -x objective-c -ivfsstatcache /Users/emanuelflury/Library/Developer/Xcode/DerivedData/SDKStatCaches.noindex/iphoneos26.1-23B77-69b33fc7382b27d9b5d46e82a00f8e78.sdkstatcache -fmessage-length\=0 -fdiagnostics-show-note-include-stack -fmacro-backtrace-limit\=0 -fno-color-diagnostics -fmodules-prune-interval\=86400 -fmodules-prune-after\=345600 -fbuild-session-file\=/Users/emanuelflury/Library/Developer/Xcode/DerivedData/ModuleCache.noindex/Session.modulevalidation -fmodules-validate-once-per-build-session -Wnon-modular-include-in-framework-module -Werror\=non-modular-include-in-framework-module -Wno-trigraphs -Wno-missing-field-initializers -Wno-missing-prototypes -Wno-return-type -Wno-implicit-atomic-properties -Wno-objc-interface-ivars -Wno-arc-repeated-use-of-weak -Wno-missing-braces -Wparentheses -Wswitch -Wno-unused-function -Wno-unused-label -Wno-unused-parameter -Wno-unused-variable -Wunused-value -Wno-empty-body -Wno-uninitialized -Wno-unknown-pragmas -w -Wno-shadow -Wno-four-char-constants -Wno-conversion -Wno-constant-conversion -Wno-int-conversion -Wno-bool-conversion -Wno-enum-conversion -Wno-float-conversion -Wno-non-literal-null-conversion -Wno-objc-literal-conversion -Wshorten-64-to-32 -Wpointer-sign -Wno-newline-eof -Wno-selector -Wno-strict-selector-match -Wno-undeclared-selector -Wno-deprecated-implementations -Wno-implicit-fallthrough -fstrict-aliasing -Wprotocol -Wdeprecated-declarations -Wno-sign-conversion -Wno-infinite-recursion -Wno-comma -Wno-block-capture-autoreleasing -Wno-strict-prototypes -Wno-semicolon-before-method-body -index-store-path /Users/emanuelflury/Library/Developer/Xcode/DerivedData/TaxedGmbH_IOS-gerngfqzuwudosgobknlgtoawnlj/Index.noindex/DataStore @/Users/emanuelflury/Library/Developer/Xcode/DerivedData/TaxedGmbH_IOS-gerngfqzuwudosgobknlgtoawnlj/Build/Intermediates.noindex/Firebase.build/Debug-iphoneos/FirebaseFirestoreInternalWrapper.build/Objects-normal/arm64/e6072d4f65d7061329687fe24e3d63a7-common-args.resp -MMD -MT dependencies -MF /Users/emanuelflury/Library/Developer/Xcode/DerivedData/TaxedGmbH_IOS-gerngfqzuwudosgobknlgtoawnlj/Build/Intermediates.noindex/Firebase.build/Debug-iphoneos/FirebaseFirestoreInternalWrapper.build/Objects-normal/arm64/dummy.d --serialize-diagnostics /Users/emanuelflury/Library/Developer/Xcode/DerivedData/TaxedGmbH_IOS-gerngfqzuwudosgobknlgtoawnlj/Build/Intermediates.noindex/Firebase.build/Debug-iphoneos/FirebaseFirestoreInternalWrapper.build/Objects-normal/arm64/dummy.dia -c /Users/emanuelflury/Library/Developer/Xcode/DerivedData/TaxedGmbH_IOS-gerngfqzuwudosgobknlgtoawnlj/SourcePackages/checkouts/firebase-ios-sdk/FirebaseFirestoreInternal/dummy.m -o /Users/emanuelflury/Library/Developer/Xcode/DerivedData/TaxedGmbH_IOS-gerngfqzuwudosgobknlgtoawnlj/Build/Intermediates.noindex/Firebase.build/Debug-iphoneos/FirebaseFirestoreInternalWrapper.build/Objects-normal/arm64/dummy.o -index-unit-output-path /Firebase.build/Debug-iphoneos/FirebaseFirestoreInternalWrapper.build/Objects-normal/arm64/dummy.o

RegisterExecutionPolicyException /Users/emanuelflury/Library/Developer/Xcode/DerivedData/TaxedGmbH_IOS-gerngfqzuwudosgobknlgtoawnlj/Build/Products/Debug-iphoneos/FirebaseAuthInterop.o (in target 'FirebaseAuthInterop' from project 'Firebase')
    cd /Users/emanuelflury/Library/Developer/Xcode/DerivedData/TaxedGmbH_IOS-gerngfqzuwudosgobknlgtoawnlj/SourcePackages/checkouts/firebase-ios-sdk
    builtin-RegisterExecutionPolicyException /Users/emanuelflury/Library/Developer/Xcode/DerivedData/TaxedGmbH_IOS-gerngfqzuwudosgobknlgtoawnlj/Build/Products/Debug-iphoneos/FirebaseAuthInterop.o

RegisterExecutionPolicyException /Users/emanuelflury/Library/Developer/Xcode/DerivedData/TaxedGmbH_IOS-gerngfqzuwudosgobknlgtoawnlj/Build/Products/Debug-iphoneos/FirebaseAuthInternal.o (in target 'FirebaseAuthInternal' from project 'Firebase')
    cd /Users/emanuelflury/Library/Developer/Xcode/DerivedData/TaxedGmbH_IOS-gerngfqzuwudosgobknlgtoawnlj/SourcePackages/checkouts/firebase-ios-sdk
    builtin-RegisterExecutionPolicyException /Users/emanuelflury/Library/Developer/Xcode/DerivedData/TaxedGmbH_IOS-gerngfqzuwudosgobknlgtoawnlj/Build/Products/Debug-iphoneos/FirebaseAuthInternal.o

RegisterExecutionPolicyException /Users/emanuelflury/Library/Developer/Xcode/DerivedData/TaxedGmbH_IOS-gerngfqzuwudosgobknlgtoawnlj/Build/Products/Debug-iphoneos/FirebaseAppCheckInterop.o (in target 'FirebaseAppCheckInterop' from project 'Firebase')
    cd /Users/emanuelflury/Library/Developer/Xcode/DerivedData/TaxedGmbH_IOS-gerngfqzuwudosgobknlgtoawnlj/SourcePackages/checkouts/firebase-ios-sdk
    builtin-RegisterExecutionPolicyException /Users/emanuelflury/Library/Developer/Xcode/DerivedData/TaxedGmbH_IOS-gerngfqzuwudosgobknlgtoawnlj/Build/Products/Debug-iphoneos/FirebaseAppCheckInterop.o

Ld /Users/emanuelflury/Library/Developer/Xcode/DerivedData/TaxedGmbH_IOS-gerngfqzuwudosgobknlgtoawnlj/Build/Products/Debug-iphoneos/FirebaseFirestoreInternalWrapper.o normal (in target 'FirebaseFirestoreInternalWrapper' from project 'Firebase')
    cd /Users/emanuelflury/Library/Developer/Xcode/DerivedData/TaxedGmbH_IOS-gerngfqzuwudosgobknlgtoawnlj/SourcePackages/checkouts/firebase-ios-sdk
    /Applications/Xcode.app/Contents/Developer/Toolchains/XcodeDefault.xctoolchain/usr/bin/clang -Xlinker -reproducible -target arm64-apple-ios15.0 -r -isysroot /Applications/Xcode.app/Contents/Developer/Platforms/iPhoneOS.platform/Developer/SDKs/iPhoneOS26.1.sdk -O0 -w -L/Users/emanuelflury/Library/Developer/Xcode/DerivedData/TaxedGmbH_IOS-gerngfqzuwudosgobknlgtoawnlj/Build/Intermediates.noindex/EagerLinkingTBDs/Debug-iphoneos -L/Users/emanuelflury/Library/Developer/Xcode/DerivedData/TaxedGmbH_IOS-gerngfqzuwudosgobknlgtoawnlj/Build/Products/Debug-iphoneos -L/Applications/Xcode.app/Contents/Developer/Platforms/iPhoneOS.platform/Developer/usr/lib -F/Users/emanuelflury/Library/Developer/Xcode/DerivedData/TaxedGmbH_IOS-gerngfqzuwudosgobknlgtoawnlj/Build/Intermediates.noindex/EagerLinkingTBDs/Debug-iphoneos -F/Users/emanuelflury/Library/Developer/Xcode/DerivedData/TaxedGmbH_IOS-gerngfqzuwudosgobknlgtoawnlj/Build/Products/Debug-iphoneos -iframework /Applications/Xcode.app/Contents/Developer/Platforms/iPhoneOS.platform/Developer/Library/Frameworks -iframework /Applications/Xcode.app/Contents/Developer/Platforms/iPhoneOS.platform/Developer/SDKs/iPhoneOS26.1.sdk/Developer/Library/Frameworks -filelist /Users/emanuelflury/Library/Developer/Xcode/DerivedData/TaxedGmbH_IOS-gerngfqzuwudosgobknlgtoawnlj/Build/Intermediates.noindex/Firebase.build/Debug-iphoneos/FirebaseFirestoreInternalWrapper.build/Objects-normal/arm64/FirebaseFirestoreInternalWrapper.LinkFileList -nostdlib -Xlinker -object_path_lto -Xlinker /Users/emanuelflury/Library/Developer/Xcode/DerivedData/TaxedGmbH_IOS-gerngfqzuwudosgobknlgtoawnlj/Build/Intermediates.noindex/Firebase.build/Debug-iphoneos/FirebaseFirestoreInternalWrapper.build/Objects-normal/arm64/FirebaseFirestoreInternalWrapper_lto.o -rdynamic -Xlinker -no_deduplicate -Xlinker -debug_variant -Xlinker -dependency_info -Xlinker /Users/emanuelflury/Library/Developer/Xcode/DerivedData/TaxedGmbH_IOS-gerngfqzuwudosgobknlgtoawnlj/Build/Intermediates.noindex/Firebase.build/Debug-iphoneos/FirebaseFirestoreInternalWrapper.build/Objects-normal/arm64/FirebaseFirestoreInternalWrapper_dependency_info.dat -fobjc-arc -fobjc-link-runtime -o /Users/emanuelflury/Library/Developer/Xcode/DerivedData/TaxedGmbH_IOS-gerngfqzuwudosgobknlgtoawnlj/Build/Products/Debug-iphoneos/FirebaseFirestoreInternalWrapper.o

RegisterExecutionPolicyException /Users/emanuelflury/Library/Developer/Xcode/DerivedData/TaxedGmbH_IOS-gerngfqzuwudosgobknlgtoawnlj/Build/Products/Debug-iphoneos/Firebase.o (in target 'Firebase' from project 'Firebase')
    cd /Users/emanuelflury/Library/Developer/Xcode/DerivedData/TaxedGmbH_IOS-gerngfqzuwudosgobknlgtoawnlj/SourcePackages/checkouts/firebase-ios-sdk
    builtin-RegisterExecutionPolicyException /Users/emanuelflury/Library/Developer/Xcode/DerivedData/TaxedGmbH_IOS-gerngfqzuwudosgobknlgtoawnlj/Build/Products/Debug-iphoneos/Firebase.o

RegisterExecutionPolicyException /Users/emanuelflury/Library/Developer/Xcode/DerivedData/TaxedGmbH_IOS-gerngfqzuwudosgobknlgtoawnlj/Build/Products/Debug-iphoneos/FirebaseCoreExtension.o (in target 'FirebaseCoreExtension' from project 'Firebase')
    cd /Users/emanuelflury/Library/Developer/Xcode/DerivedData/TaxedGmbH_IOS-gerngfqzuwudosgobknlgtoawnlj/SourcePackages/checkouts/firebase-ios-sdk
    builtin-RegisterExecutionPolicyException /Users/emanuelflury/Library/Developer/Xcode/DerivedData/TaxedGmbH_IOS-gerngfqzuwudosgobknlgtoawnlj/Build/Products/Debug-iphoneos/FirebaseCoreExtension.o

RegisterExecutionPolicyException /Users/emanuelflury/Library/Developer/Xcode/DerivedData/TaxedGmbH_IOS-gerngfqzuwudosgobknlgtoawnlj/Build/Products/Debug-iphoneos/FBLPromises.o (in target 'FBLPromises' from project 'Promises')
    cd /Users/emanuelflury/Library/Developer/Xcode/DerivedData/TaxedGmbH_IOS-gerngfqzuwudosgobknlgtoawnlj/SourcePackages/checkouts/promises
    builtin-RegisterExecutionPolicyException /Users/emanuelflury/Library/Developer/Xcode/DerivedData/TaxedGmbH_IOS-gerngfqzuwudosgobknlgtoawnlj/Build/Products/Debug-iphoneos/FBLPromises.o

RegisterExecutionPolicyException /Users/emanuelflury/Library/Developer/Xcode/DerivedData/TaxedGmbH_IOS-gerngfqzuwudosgobknlgtoawnlj/Build/Products/Debug-iphoneos/FirebaseFirestoreInternalWrapper.o (in target 'FirebaseFirestoreInternalWrapper' from project 'Firebase')
    cd /Users/emanuelflury/Library/Developer/Xcode/DerivedData/TaxedGmbH_IOS-gerngfqzuwudosgobknlgtoawnlj/SourcePackages/checkouts/firebase-ios-sdk
    builtin-RegisterExecutionPolicyException /Users/emanuelflury/Library/Developer/Xcode/DerivedData/TaxedGmbH_IOS-gerngfqzuwudosgobknlgtoawnlj/Build/Products/Debug-iphoneos/FirebaseFirestoreInternalWrapper.o

PrecompileModule /Users/emanuelflury/Library/Developer/Xcode/DerivedData/TaxedGmbH_IOS-gerngfqzuwudosgobknlgtoawnlj/Build/Intermediates.noindex/ExplicitPrecompiledModules/XPC-D4FXRQOED0W3REO4IP94UVEX7.scan
    cd /
    builtin-precompileModule /Users/emanuelflury/Library/Developer/Xcode/DerivedData/TaxedGmbH_IOS-gerngfqzuwudosgobknlgtoawnlj/Build/Intermediates.noindex/ExplicitPrecompiledModules/XPC-D4FXRQOED0W3REO4IP94UVEX7.scan

PrecompileModule /Users/emanuelflury/Library/Developer/Xcode/DerivedData/TaxedGmbH_IOS-gerngfqzuwudosgobknlgtoawnlj/Build/Intermediates.noindex/ExplicitPrecompiledModules/CoreFoundation-4DQSX0DMF7JJ065E9U69HNF7U.scan
    cd /
    builtin-precompileModule /Users/emanuelflury/Library/Developer/Xcode/DerivedData/TaxedGmbH_IOS-gerngfqzuwudosgobknlgtoawnlj/Build/Intermediates.noindex/ExplicitPrecompiledModules/CoreFoundation-4DQSX0DMF7JJ065E9U69HNF7U.scan

PrecompileModule /Users/emanuelflury/Library/Developer/Xcode/DerivedData/TaxedGmbH_IOS-gerngfqzuwudosgobknlgtoawnlj/Build/Intermediates.noindex/ExplicitPrecompiledModules/UIKit-BFH482G9MY1429PLDFA8PVGK.scan
    cd /
    builtin-precompileModule /Users/emanuelflury/Library/Developer/Xcode/DerivedData/TaxedGmbH_IOS-gerngfqzuwudosgobknlgtoawnlj/Build/Intermediates.noindex/ExplicitPrecompiledModules/UIKit-BFH482G9MY1429PLDFA8PVGK.scan

PrecompileModule /Users/emanuelflury/Library/Developer/Xcode/DerivedData/TaxedGmbH_IOS-gerngfqzuwudosgobknlgtoawnlj/Build/Intermediates.noindex/ExplicitPrecompiledModules/CoreVideo-CEHXSNO69ACP6GGBIBJAUQSGB.scan
    cd /
    builtin-precompileModule /Users/emanuelflury/Library/Developer/Xcode/DerivedData/TaxedGmbH_IOS-gerngfqzuwudosgobknlgtoawnlj/Build/Intermediates.noindex/ExplicitPrecompiledModules/CoreVideo-CEHXSNO69ACP6GGBIBJAUQSGB.scan

SwiftExplicitDependencyGeneratePcm arm64 /Users/emanuelflury/Library/Developer/Xcode/DerivedData/TaxedGmbH_IOS-gerngfqzuwudosgobknlgtoawnlj/Build/Intermediates.noindex/SwiftExplicitPrecompiledModules/GoogleUtilities_NSData-8CNRMPKIR32UZVLY1EH330339.pcm

PrecompileModule /Users/emanuelflury/Library/Developer/Xcode/DerivedData/TaxedGmbH_IOS-gerngfqzuwudosgobknlgtoawnlj/Build/Intermediates.noindex/ExplicitPrecompiledModules/CoreImage-1GD5YIU2OOCV4MEZTUBBOZURV.scan
    cd /
    builtin-precompileModule /Users/emanuelflury/Library/Developer/Xcode/DerivedData/TaxedGmbH_IOS-gerngfqzuwudosgobknlgtoawnlj/Build/Intermediates.noindex/ExplicitPrecompiledModules/CoreImage-1GD5YIU2OOCV4MEZTUBBOZURV.scan

PrecompileModule /Users/emanuelflury/Library/Developer/Xcode/DerivedData/TaxedGmbH_IOS-gerngfqzuwudosgobknlgtoawnlj/Build/Intermediates.noindex/ExplicitPrecompiledModules/QuartzCore-RHEFYYVOHVQ88WHAHTI5AQWO.scan
    cd /
    builtin-precompileModule /Users/emanuelflury/Library/Developer/Xcode/DerivedData/TaxedGmbH_IOS-gerngfqzuwudosgobknlgtoawnlj/Build/Intermediates.noindex/ExplicitPrecompiledModules/QuartzCore-RHEFYYVOHVQ88WHAHTI5AQWO.scan

PrecompileModule /Users/emanuelflury/Library/Developer/Xcode/DerivedData/TaxedGmbH_IOS-gerngfqzuwudosgobknlgtoawnlj/Build/Intermediates.noindex/ExplicitPrecompiledModules/CoreGraphics-6ZEOM9641Y544T1QRY27LB1L3.scan
    cd /
    builtin-precompileModule /Users/emanuelflury/Library/Developer/Xcode/DerivedData/TaxedGmbH_IOS-gerngfqzuwudosgobknlgtoawnlj/Build/Intermediates.noindex/ExplicitPrecompiledModules/CoreGraphics-6ZEOM9641Y544T1QRY27LB1L3.scan

PrecompileModule /Users/emanuelflury/Library/Developer/Xcode/DerivedData/TaxedGmbH_IOS-gerngfqzuwudosgobknlgtoawnlj/Build/Intermediates.noindex/ExplicitPrecompiledModules/CFNetwork-57HQXBU8JEWMT1B9M5B2ZTLXX.scan
    cd /
    builtin-precompileModule /Users/emanuelflury/Library/Developer/Xcode/DerivedData/TaxedGmbH_IOS-gerngfqzuwudosgobknlgtoawnlj/Build/Intermediates.noindex/ExplicitPrecompiledModules/CFNetwork-57HQXBU8JEWMT1B9M5B2ZTLXX.scan

PrecompileModule /Users/emanuelflury/Library/Developer/Xcode/DerivedData/TaxedGmbH_IOS-gerngfqzuwudosgobknlgtoawnlj/Build/Intermediates.noindex/ExplicitPrecompiledModules/SystemConfiguration-AI1D08U32TFL0PT4BS7TZLT65.scan
    cd /
    builtin-precompileModule /Users/emanuelflury/Library/Developer/Xcode/DerivedData/TaxedGmbH_IOS-gerngfqzuwudosgobknlgtoawnlj/Build/Intermediates.noindex/ExplicitPrecompiledModules/SystemConfiguration-AI1D08U32TFL0PT4BS7TZLT65.scan

PrecompileModule /Users/emanuelflury/Library/Developer/Xcode/DerivedData/TaxedGmbH_IOS-gerngfqzuwudosgobknlgtoawnlj/Build/Intermediates.noindex/ExplicitPrecompiledModules/Security-8MIDRRPYVWCI0SEXXZK0SXG8E.scan
    cd /
    builtin-precompileModule /Users/emanuelflury/Library/Developer/Xcode/DerivedData/TaxedGmbH_IOS-gerngfqzuwudosgobknlgtoawnlj/Build/Intermediates.noindex/ExplicitPrecompiledModules/Security-8MIDRRPYVWCI0SEXXZK0SXG8E.scan

PrecompileModule /Users/emanuelflury/Library/Developer/Xcode/DerivedData/TaxedGmbH_IOS-gerngfqzuwudosgobknlgtoawnlj/Build/Intermediates.noindex/ExplicitPrecompiledModules/Foundation-4GG4KLPR8Q5NWY0M3TIPOOMBX.scan
    cd /
    builtin-precompileModule /Users/emanuelflury/Library/Developer/Xcode/DerivedData/TaxedGmbH_IOS-gerngfqzuwudosgobknlgtoawnlj/Build/Intermediates.noindex/ExplicitPrecompiledModules/Foundation-4GG4KLPR8Q5NWY0M3TIPOOMBX.scan

PrecompileModule /Users/emanuelflury/Library/Developer/Xcode/DerivedData/TaxedGmbH_IOS-gerngfqzuwudosgobknlgtoawnlj/Build/Intermediates.noindex/ExplicitPrecompiledModules/ImageIO-7K9QUNNLDE4J0TOA9O2KY4BEX.scan
    cd /
    builtin-precompileModule /Users/emanuelflury/Library/Developer/Xcode/DerivedData/TaxedGmbH_IOS-gerngfqzuwudosgobknlgtoawnlj/Build/Intermediates.noindex/ExplicitPrecompiledModules/ImageIO-7K9QUNNLDE4J0TOA9O2KY4BEX.scan

PrecompileModule /Users/emanuelflury/Library/Developer/Xcode/DerivedData/TaxedGmbH_IOS-gerngfqzuwudosgobknlgtoawnlj/Build/Intermediates.noindex/ExplicitPrecompiledModules/CoreText-9AWG0R7PFUHUUA6RKRIAD4O1L.scan
    cd /
    builtin-precompileModule /Users/emanuelflury/Library/Developer/Xcode/DerivedData/TaxedGmbH_IOS-gerngfqzuwudosgobknlgtoawnlj/Build/Intermediates.noindex/ExplicitPrecompiledModules/CoreText-9AWG0R7PFUHUUA6RKRIAD4O1L.scan

PrecompileModule /Users/emanuelflury/Library/Developer/Xcode/DerivedData/TaxedGmbH_IOS-gerngfqzuwudosgobknlgtoawnlj/Build/Intermediates.noindex/ExplicitPrecompiledModules/UIKit-6UGJZKNMRZGVL98B9V2Z7P13N.scan
    cd /
    builtin-precompileModule /Users/emanuelflury/Library/Developer/Xcode/DerivedData/TaxedGmbH_IOS-gerngfqzuwudosgobknlgtoawnlj/Build/Intermediates.noindex/ExplicitPrecompiledModules/UIKit-6UGJZKNMRZGVL98B9V2Z7P13N.scan

SwiftEmitModule normal arm64 Emitting\ module\ for\ FirebaseCoreInternal (in target 'FirebaseCoreInternal' from project 'Firebase')

EmitSwiftModule normal arm64 (in target 'FirebaseCoreInternal' from project 'Firebase')
    cd /Users/emanuelflury/github/TaxedGmbH_IOS/TaxedGmbH_IOS.xcodeproj
    

SwiftCompile normal arm64 Compiling\ _ObjC_HeartbeatController.swift /Users/emanuelflury/Library/Developer/Xcode/DerivedData/TaxedGmbH_IOS-gerngfqzuwudosgobknlgtoawnlj/SourcePackages/checkouts/firebase-ios-sdk/FirebaseCore/Internal/Sources/HeartbeatLogging/_ObjC_HeartbeatController.swift (in target 'FirebaseCoreInternal' from project 'Firebase')

SwiftCompile normal arm64 /Users/emanuelflury/Library/Developer/Xcode/DerivedData/TaxedGmbH_IOS-gerngfqzuwudosgobknlgtoawnlj/SourcePackages/checkouts/firebase-ios-sdk/FirebaseCore/Internal/Sources/HeartbeatLogging/_ObjC_HeartbeatController.swift (in target 'FirebaseCoreInternal' from project 'Firebase')
    cd /Users/emanuelflury/github/TaxedGmbH_IOS/TaxedGmbH_IOS.xcodeproj
    

SwiftCompile normal arm64 Compiling\ StorageFactory.swift /Users/emanuelflury/Library/Developer/Xcode/DerivedData/TaxedGmbH_IOS-gerngfqzuwudosgobknlgtoawnlj/SourcePackages/checkouts/firebase-ios-sdk/FirebaseCore/Internal/Sources/HeartbeatLogging/StorageFactory.swift (in target 'FirebaseCoreInternal' from project 'Firebase')

SwiftCompile normal arm64 /Users/emanuelflury/Library/Developer/Xcode/DerivedData/TaxedGmbH_IOS-gerngfqzuwudosgobknlgtoawnlj/SourcePackages/checkouts/firebase-ios-sdk/FirebaseCore/Internal/Sources/HeartbeatLogging/StorageFactory.swift (in target 'FirebaseCoreInternal' from project 'Firebase')
    cd /Users/emanuelflury/github/TaxedGmbH_IOS/TaxedGmbH_IOS.xcodeproj
    

SwiftCompile normal arm64 Compiling\ RingBuffer.swift /Users/emanuelflury/Library/Developer/Xcode/DerivedData/TaxedGmbH_IOS-gerngfqzuwudosgobknlgtoawnlj/SourcePackages/checkouts/firebase-ios-sdk/FirebaseCore/Internal/Sources/HeartbeatLogging/RingBuffer.swift (in target 'FirebaseCoreInternal' from project 'Firebase')

SwiftCompile normal arm64 /Users/emanuelflury/Library/Developer/Xcode/DerivedData/TaxedGmbH_IOS-gerngfqzuwudosgobknlgtoawnlj/SourcePackages/checkouts/firebase-ios-sdk/FirebaseCore/Internal/Sources/HeartbeatLogging/RingBuffer.swift (in target 'FirebaseCoreInternal' from project 'Firebase')
    cd /Users/emanuelflury/github/TaxedGmbH_IOS/TaxedGmbH_IOS.xcodeproj
    

SwiftCompile normal arm64 Compiling\ WeakContainer.swift /Users/emanuelflury/Library/Developer/Xcode/DerivedData/TaxedGmbH_IOS-gerngfqzuwudosgobknlgtoawnlj/SourcePackages/checkouts/firebase-ios-sdk/FirebaseCore/Internal/Sources/HeartbeatLogging/WeakContainer.swift (in target 'FirebaseCoreInternal' from project 'Firebase')

SwiftCompile normal arm64 /Users/emanuelflury/Library/Developer/Xcode/DerivedData/TaxedGmbH_IOS-gerngfqzuwudosgobknlgtoawnlj/SourcePackages/checkouts/firebase-ios-sdk/FirebaseCore/Internal/Sources/HeartbeatLogging/WeakContainer.swift (in target 'FirebaseCoreInternal' from project 'Firebase')
    cd /Users/emanuelflury/github/TaxedGmbH_IOS/TaxedGmbH_IOS.xcodeproj
    

SwiftCompile normal arm64 Compiling\ HeartbeatStorage.swift /Users/emanuelflury/Library/Developer/Xcode/DerivedData/TaxedGmbH_IOS-gerngfqzuwudosgobknlgtoawnlj/SourcePackages/checkouts/firebase-ios-sdk/FirebaseCore/Internal/Sources/HeartbeatLogging/HeartbeatStorage.swift (in target 'FirebaseCoreInternal' from project 'Firebase')

SwiftCompile normal arm64 /Users/emanuelflury/Library/Developer/Xcode/DerivedData/TaxedGmbH_IOS-gerngfqzuwudosgobknlgtoawnlj/SourcePackages/checkouts/firebase-ios-sdk/FirebaseCore/Internal/Sources/HeartbeatLogging/HeartbeatStorage.swift (in target 'FirebaseCoreInternal' from project 'Firebase')
    cd /Users/emanuelflury/github/TaxedGmbH_IOS/TaxedGmbH_IOS.xcodeproj
    

SwiftCompile normal arm64 Compiling\ HeartbeatsPayload.swift /Users/emanuelflury/Library/Developer/Xcode/DerivedData/TaxedGmbH_IOS-gerngfqzuwudosgobknlgtoawnlj/SourcePackages/checkouts/firebase-ios-sdk/FirebaseCore/Internal/Sources/HeartbeatLogging/HeartbeatsPayload.swift (in target 'FirebaseCoreInternal' from project 'Firebase')

SwiftCompile normal arm64 /Users/emanuelflury/Library/Developer/Xcode/DerivedData/TaxedGmbH_IOS-gerngfqzuwudosgobknlgtoawnlj/SourcePackages/checkouts/firebase-ios-sdk/FirebaseCore/Internal/Sources/HeartbeatLogging/HeartbeatsPayload.swift (in target 'FirebaseCoreInternal' from project 'Firebase')
    cd /Users/emanuelflury/github/TaxedGmbH_IOS/TaxedGmbH_IOS.xcodeproj
    

SwiftCompile normal arm64 Compiling\ HeartbeatController.swift,\ HeartbeatLoggingTestUtils.swift /Users/emanuelflury/Library/Developer/Xcode/DerivedData/TaxedGmbH_IOS-gerngfqzuwudosgobknlgtoawnlj/SourcePackages/checkouts/firebase-ios-sdk/FirebaseCore/Internal/Sources/HeartbeatLogging/HeartbeatController.swift /Users/emanuelflury/Library/Developer/Xcode/DerivedData/TaxedGmbH_IOS-gerngfqzuwudosgobknlgtoawnlj/SourcePackages/checkouts/firebase-ios-sdk/FirebaseCore/Internal/Sources/HeartbeatLogging/HeartbeatLoggingTestUtils.swift (in target 'FirebaseCoreInternal' from project 'Firebase')

SwiftCompile normal arm64 /Users/emanuelflury/Library/Developer/Xcode/DerivedData/TaxedGmbH_IOS-gerngfqzuwudosgobknlgtoawnlj/SourcePackages/checkouts/firebase-ios-sdk/FirebaseCore/Internal/Sources/HeartbeatLogging/HeartbeatController.swift (in target 'FirebaseCoreInternal' from project 'Firebase')
    cd /Users/emanuelflury/github/TaxedGmbH_IOS/TaxedGmbH_IOS.xcodeproj
    

SwiftCompile normal arm64 /Users/emanuelflury/Library/Developer/Xcode/DerivedData/TaxedGmbH_IOS-gerngfqzuwudosgobknlgtoawnlj/SourcePackages/checkouts/firebase-ios-sdk/FirebaseCore/Internal/Sources/HeartbeatLogging/HeartbeatLoggingTestUtils.swift (in target 'FirebaseCoreInternal' from project 'Firebase')
    cd /Users/emanuelflury/github/TaxedGmbH_IOS/TaxedGmbH_IOS.xcodeproj
    

SwiftDriverJobDiscovery normal arm64 Compiling WeakContainer.swift (in target 'FirebaseCoreInternal' from project 'Firebase')

SwiftCompile normal arm64 Compiling\ HeartbeatsBundle.swift /Users/emanuelflury/Library/Developer/Xcode/DerivedData/TaxedGmbH_IOS-gerngfqzuwudosgobknlgtoawnlj/SourcePackages/checkouts/firebase-ios-sdk/FirebaseCore/Internal/Sources/HeartbeatLogging/HeartbeatsBundle.swift (in target 'FirebaseCoreInternal' from project 'Firebase')

SwiftCompile normal arm64 /Users/emanuelflury/Library/Developer/Xcode/DerivedData/TaxedGmbH_IOS-gerngfqzuwudosgobknlgtoawnlj/SourcePackages/checkouts/firebase-ios-sdk/FirebaseCore/Internal/Sources/HeartbeatLogging/HeartbeatsBundle.swift (in target 'FirebaseCoreInternal' from project 'Firebase')
    cd /Users/emanuelflury/github/TaxedGmbH_IOS/TaxedGmbH_IOS.xcodeproj
    

SwiftDriverJobDiscovery normal arm64 Compiling _ObjC_HeartbeatController.swift (in target 'FirebaseCoreInternal' from project 'Firebase')

SwiftCompile normal arm64 Compiling\ resource_bundle_accessor.swift,\ Heartbeat.swift /Users/emanuelflury/Library/Developer/Xcode/DerivedData/TaxedGmbH_IOS-gerngfqzuwudosgobknlgtoawnlj/Build/Intermediates.noindex/Firebase.build/Debug-iphoneos/FirebaseCoreInternal.build/DerivedSources/resource_bundle_accessor.swift /Users/emanuelflury/Library/Developer/Xcode/DerivedData/TaxedGmbH_IOS-gerngfqzuwudosgobknlgtoawnlj/SourcePackages/checkouts/firebase-ios-sdk/FirebaseCore/Internal/Sources/HeartbeatLogging/Heartbeat.swift (in target 'FirebaseCoreInternal' from project 'Firebase')

SwiftCompile normal arm64 /Users/emanuelflury/Library/Developer/Xcode/DerivedData/TaxedGmbH_IOS-gerngfqzuwudosgobknlgtoawnlj/Build/Intermediates.noindex/Firebase.build/Debug-iphoneos/FirebaseCoreInternal.build/DerivedSources/resource_bundle_accessor.swift (in target 'FirebaseCoreInternal' from project 'Firebase')
    cd /Users/emanuelflury/github/TaxedGmbH_IOS/TaxedGmbH_IOS.xcodeproj
    

SwiftCompile normal arm64 /Users/emanuelflury/Library/Developer/Xcode/DerivedData/TaxedGmbH_IOS-gerngfqzuwudosgobknlgtoawnlj/SourcePackages/checkouts/firebase-ios-sdk/FirebaseCore/Internal/Sources/HeartbeatLogging/Heartbeat.swift (in target 'FirebaseCoreInternal' from project 'Firebase')
    cd /Users/emanuelflury/github/TaxedGmbH_IOS/TaxedGmbH_IOS.xcodeproj
    

SwiftDriverJobDiscovery normal arm64 Compiling StorageFactory.swift (in target 'FirebaseCoreInternal' from project 'Firebase')

SwiftCompile normal arm64 Compiling\ _ObjC_HeartbeatsPayload.swift /Users/emanuelflury/Library/Developer/Xcode/DerivedData/TaxedGmbH_IOS-gerngfqzuwudosgobknlgtoawnlj/SourcePackages/checkouts/firebase-ios-sdk/FirebaseCore/Internal/Sources/HeartbeatLogging/_ObjC_HeartbeatsPayload.swift (in target 'FirebaseCoreInternal' from project 'Firebase')

SwiftCompile normal arm64 /Users/emanuelflury/Library/Developer/Xcode/DerivedData/TaxedGmbH_IOS-gerngfqzuwudosgobknlgtoawnlj/SourcePackages/checkouts/firebase-ios-sdk/FirebaseCore/Internal/Sources/HeartbeatLogging/_ObjC_HeartbeatsPayload.swift (in target 'FirebaseCoreInternal' from project 'Firebase')
    cd /Users/emanuelflury/github/TaxedGmbH_IOS/TaxedGmbH_IOS.xcodeproj
    

SwiftDriverJobDiscovery normal arm64 Compiling RingBuffer.swift (in target 'FirebaseCoreInternal' from project 'Firebase')

SwiftCompile normal arm64 Compiling\ Storage.swift /Users/emanuelflury/Library/Developer/Xcode/DerivedData/TaxedGmbH_IOS-gerngfqzuwudosgobknlgtoawnlj/SourcePackages/checkouts/firebase-ios-sdk/FirebaseCore/Internal/Sources/HeartbeatLogging/Storage.swift (in target 'FirebaseCoreInternal' from project 'Firebase')

SwiftCompile normal arm64 /Users/emanuelflury/Library/Developer/Xcode/DerivedData/TaxedGmbH_IOS-gerngfqzuwudosgobknlgtoawnlj/SourcePackages/checkouts/firebase-ios-sdk/FirebaseCore/Internal/Sources/HeartbeatLogging/Storage.swift (in target 'FirebaseCoreInternal' from project 'Firebase')
    cd /Users/emanuelflury/github/TaxedGmbH_IOS/TaxedGmbH_IOS.xcodeproj
    

SwiftDriverJobDiscovery normal arm64 Compiling HeartbeatStorage.swift (in target 'FirebaseCoreInternal' from project 'Firebase')

SwiftCompile normal arm64 Compiling\ UnfairLock.swift /Users/emanuelflury/Library/Developer/Xcode/DerivedData/TaxedGmbH_IOS-gerngfqzuwudosgobknlgtoawnlj/SourcePackages/checkouts/firebase-ios-sdk/FirebaseCore/Internal/Sources/Utilities/UnfairLock.swift (in target 'FirebaseCoreInternal' from project 'Firebase')

SwiftCompile normal arm64 /Users/emanuelflury/Library/Developer/Xcode/DerivedData/TaxedGmbH_IOS-gerngfqzuwudosgobknlgtoawnlj/SourcePackages/checkouts/firebase-ios-sdk/FirebaseCore/Internal/Sources/Utilities/UnfairLock.swift (in target 'FirebaseCoreInternal' from project 'Firebase')
    cd /Users/emanuelflury/github/TaxedGmbH_IOS/TaxedGmbH_IOS.xcodeproj
    

CompileC /Users/emanuelflury/Library/Developer/Xcode/DerivedData/TaxedGmbH_IOS-gerngfqzuwudosgobknlgtoawnlj/Build/Intermediates.noindex/GoogleDataTransport.build/Debug-iphoneos/GoogleDataTransport.build/Objects-normal/arm64/resource_bundle_accessor.o /Users/emanuelflury/Library/Developer/Xcode/DerivedData/TaxedGmbH_IOS-gerngfqzuwudosgobknlgtoawnlj/Build/Intermediates.noindex/GoogleDataTransport.build/Debug-iphoneos/GoogleDataTransport.build/DerivedSources/resource_bundle_accessor.m normal arm64 objective-c com.apple.compilers.llvm.clang.1_0.compiler (in target 'GoogleDataTransport' from project 'GoogleDataTransport')
    cd /Users/emanuelflury/github/TaxedGmbH_IOS/TaxedGmbH_IOS.xcodeproj
    
    Using response file: /Users/emanuelflury/Library/Developer/Xcode/DerivedData/TaxedGmbH_IOS-gerngfqzuwudosgobknlgtoawnlj/Build/Intermediates.noindex/GoogleDataTransport.build/Debug-iphoneos/GoogleDataTransport.build/Objects-normal/arm64/e6072d4f65d7061329687fe24e3d63a7-common-args.resp
    
    /Applications/Xcode.app/Contents/Developer/Toolchains/XcodeDefault.xctoolchain/usr/bin/clang -x objective-c -ivfsstatcache /Users/emanuelflury/Library/Developer/Xcode/DerivedData/SDKStatCaches.noindex/iphoneos26.1-23B77-69b33fc7382b27d9b5d46e82a00f8e78.sdkstatcache -fmessage-length\=0 -fdiagnostics-show-note-include-stack -fmacro-backtrace-limit\=0 -fno-color-diagnostics -fmodules-prune-interval\=86400 -fmodules-prune-after\=345600 -fbuild-session-file\=/Users/emanuelflury/Library/Developer/Xcode/DerivedData/ModuleCache.noindex/Session.modulevalidation -fmodules-validate-once-per-build-session -Wnon-modular-include-in-framework-module -Werror\=non-modular-include-in-framework-module -Wno-trigraphs -Wno-missing-field-initializers -Wno-missing-prototypes -Wno-return-type -Wno-implicit-atomic-properties -Wno-objc-interface-ivars -Wno-arc-repeated-use-of-weak -Wno-missing-braces -Wparentheses -Wswitch -Wno-unused-function -Wno-unused-label -Wno-unused-parameter -Wno-unused-variable -Wunused-value -Wno-empty-body -Wno-uninitialized -Wno-unknown-pragmas -w -Wno-shadow -Wno-four-char-constants -Wno-conversion -Wno-constant-conversion -Wno-int-conversion -Wno-bool-conversion -Wno-enum-conversion -Wno-float-conversion -Wno-non-literal-null-conversion -Wno-objc-literal-conversion -Wshorten-64-to-32 -Wpointer-sign -Wno-newline-eof -Wno-selector -Wno-strict-selector-match -Wno-undeclared-selector -Wno-deprecated-implementations -Wno-implicit-fallthrough -fstrict-aliasing -Wprotocol -Wdeprecated-declarations -Wno-sign-conversion -Wno-infinite-recursion -Wno-comma -Wno-block-capture-autoreleasing -Wno-strict-prototypes -Wno-semicolon-before-method-body -index-store-path /Users/emanuelflury/Library/Developer/Xcode/DerivedData/TaxedGmbH_IOS-gerngfqzuwudosgobknlgtoawnlj/Index.noindex/DataStore @/Users/emanuelflury/Library/Developer/Xcode/DerivedData/TaxedGmbH_IOS-gerngfqzuwudosgobknlgtoawnlj/Build/Intermediates.noindex/GoogleDataTransport.build/Debug-iphoneos/GoogleDataTransport.build/Objects-normal/arm64/e6072d4f65d7061329687fe24e3d63a7-common-args.resp -include /Users/emanuelflury/Library/Developer/Xcode/DerivedData/TaxedGmbH_IOS-gerngfqzuwudosgobknlgtoawnlj/Build/Intermediates.noindex/GoogleDataTransport.build/Debug-iphoneos/GoogleDataTransport.build/DerivedSources/resource_bundle_accessor.h -MMD -MT dependencies -MF /Users/emanuelflury/Library/Developer/Xcode/DerivedData/TaxedGmbH_IOS-gerngfqzuwudosgobknlgtoawnlj/Build/Intermediates.noindex/GoogleDataTransport.build/Debug-iphoneos/GoogleDataTransport.build/Objects-normal/arm64/resource_bundle_accessor.d --serialize-diagnostics /Users/emanuelflury/Library/Developer/Xcode/DerivedData/TaxedGmbH_IOS-gerngfqzuwudosgobknlgtoawnlj/Build/Intermediates.noindex/GoogleDataTransport.build/Debug-iphoneos/GoogleDataTransport.build/Objects-normal/arm64/resource_bundle_accessor.dia -c /Users/emanuelflury/Library/Developer/Xcode/DerivedData/TaxedGmbH_IOS-gerngfqzuwudosgobknlgtoawnlj/Build/Intermediates.noindex/GoogleDataTransport.build/Debug-iphoneos/GoogleDataTransport.build/DerivedSources/resource_bundle_accessor.m -o /Users/emanuelflury/Library/Developer/Xcode/DerivedData/TaxedGmbH_IOS-gerngfqzuwudosgobknlgtoawnlj/Build/Intermediates.noindex/GoogleDataTransport.build/Debug-iphoneos/GoogleDataTransport.build/Objects-normal/arm64/resource_bundle_accessor.o -index-unit-output-path /GoogleDataTransport.build/Debug-iphoneos/GoogleDataTransport.build/Objects-normal/arm64/resource_bundle_accessor.o

SwiftDriverJobDiscovery normal arm64 Emitting module for FirebaseCoreInternal (in target 'FirebaseCoreInternal' from project 'Firebase')

SwiftDriver\ Compilation\ Requirements FirebaseCoreInternal normal arm64 com.apple.xcode.tools.swift.compiler (in target 'FirebaseCoreInternal' from project 'Firebase')
    cd /Users/emanuelflury/github/TaxedGmbH_IOS/TaxedGmbH_IOS.xcodeproj
    builtin-Swift-Compilation-Requirements -- /Applications/Xcode.app/Contents/Developer/Toolchains/XcodeDefault.xctoolchain/usr/bin/swiftc -module-name FirebaseCoreInternal -Onone -enforce-exclusivity\=checked @/Users/emanuelflury/Library/Developer/Xcode/DerivedData/TaxedGmbH_IOS-gerngfqzuwudosgobknlgtoawnlj/Build/Intermediates.noindex/Firebase.build/Debug-iphoneos/FirebaseCoreInternal.build/Objects-normal/arm64/FirebaseCoreInternal.SwiftFileList -DSWIFT_PACKAGE -DDEBUG -DSWIFT_MODULE_RESOURCE_BUNDLE_AVAILABLE -Xcc -fmodule-map-file\=/Users/emanuelflury/Library/Developer/Xcode/DerivedData/TaxedGmbH_IOS-gerngfqzuwudosgobknlgtoawnlj/Build/Intermediates.noindex/GeneratedModuleMaps-iphoneos/GoogleUtilities-NSData.modulemap -DXcode -plugin-path /Applications/Xcode.app/Contents/Developer/Toolchains/XcodeDefault.xctoolchain/usr/lib/swift/host/plugins/testing -enable-experimental-feature DebugDescriptionMacro -sdk /Applications/Xcode.app/Contents/Developer/Platforms/iPhoneOS.platform/Developer/SDKs/iPhoneOS26.1.sdk -target arm64-apple-ios15.0 -g -module-cache-path /Users/emanuelflury/Library/Developer/Xcode/DerivedData/ModuleCache.noindex -Xfrontend -serialize-debugging-options -profile-coverage-mapping -profile-generate -enable-testing -suppress-warnings -index-store-path /Users/emanuelflury/Library/Developer/Xcode/DerivedData/TaxedGmbH_IOS-gerngfqzuwudosgobknlgtoawnlj/Index.noindex/DataStore -Xcc -D_LIBCPP_HARDENING_MODE\=_LIBCPP_HARDENING_MODE_DEBUG -swift-version 6 -I /Users/emanuelflury/Library/Developer/Xcode/DerivedData/TaxedGmbH_IOS-gerngfqzuwudosgobknlgtoawnlj/Build/Products/Debug-iphoneos -Isystem /Applications/Xcode.app/Contents/Developer/Platforms/iPhoneOS.platform/Developer/usr/lib -F /Users/emanuelflury/Library/Developer/Xcode/DerivedData/TaxedGmbH_IOS-gerngfqzuwudosgobknlgtoawnlj/Build/Products/Debug-iphoneos/PackageFrameworks -F /Users/emanuelflury/Library/Developer/Xcode/DerivedData/TaxedGmbH_IOS-gerngfqzuwudosgobknlgtoawnlj/Build/Products/Debug-iphoneos -F /Applications/Xcode.app/Contents/Developer/Platforms/iPhoneOS.platform/Developer/Library/Frameworks -F /Applications/Xcode.app/Contents/Developer/Platforms/iPhoneOS.platform/Developer/SDKs/iPhoneOS26.1.sdk/Developer/Library/Frameworks -c -j12 -enable-batch-mode -incremental -Xcc -ivfsstatcache -Xcc /Users/emanuelflury/Library/Developer/Xcode/DerivedData/SDKStatCaches.noindex/iphoneos26.1-23B77-69b33fc7382b27d9b5d46e82a00f8e78.sdkstatcache -output-file-map /Users/emanuelflury/Library/Developer/Xcode/DerivedData/TaxedGmbH_IOS-gerngfqzuwudosgobknlgtoawnlj/Build/Intermediates.noindex/Firebase.build/Debug-iphoneos/FirebaseCoreInternal.build/Objects-normal/arm64/FirebaseCoreInternal-OutputFileMap.json -use-frontend-parseable-output -save-temps -no-color-diagnostics -explicit-module-build -module-cache-path /Users/emanuelflury/Library/Developer/Xcode/DerivedData/TaxedGmbH_IOS-gerngfqzuwudosgobknlgtoawnlj/Build/Intermediates.noindex/SwiftExplicitPrecompiledModules -clang-scanner-module-cache-path /Users/emanuelflury/Library/Developer/Xcode/DerivedData/ModuleCache.noindex -sdk-module-cache-path /Users/emanuelflury/Library/Developer/Xcode/DerivedData/ModuleCache.noindex -serialize-diagnostics -emit-dependencies -emit-module -emit-module-path /Users/emanuelflury/Library/Developer/Xcode/DerivedData/TaxedGmbH_IOS-gerngfqzuwudosgobknlgtoawnlj/Build/Intermediates.noindex/Firebase.build/Debug-iphoneos/FirebaseCoreInternal.build/Objects-normal/arm64/FirebaseCoreInternal.swiftmodule -user-module-version 12.6.0 -validate-clang-modules-once -clang-build-session-file /Users/emanuelflury/Library/Developer/Xcode/DerivedData/ModuleCache.noindex/Session.modulevalidation -package-name firebase_ios_sdk -Xcc -I/Users/emanuelflury/Library/Developer/Xcode/DerivedData/TaxedGmbH_IOS-gerngfqzuwudosgobknlgtoawnlj/Build/Intermediates.noindex/Firebase.build/Debug-iphoneos/FirebaseCoreInternal.build/swift-overrides.hmap -emit-const-values -Xfrontend -const-gather-protocols-file -Xfrontend /Users/emanuelflury/Library/Developer/Xcode/DerivedData/TaxedGmbH_IOS-gerngfqzuwudosgobknlgtoawnlj/Build/Intermediates.noindex/Firebase.build/Debug-iphoneos/FirebaseCoreInternal.build/Objects-normal/arm64/FirebaseCoreInternal_const_extract_protocols.json -Xcc -I/Users/emanuelflury/Library/Developer/Xcode/DerivedData/TaxedGmbH_IOS-gerngfqzuwudosgobknlgtoawnlj/SourcePackages/checkouts/GoogleUtilities/GoogleUtilities/NSData+zlib/Public -Xcc -I/Users/emanuelflury/Library/Developer/Xcode/DerivedData/TaxedGmbH_IOS-gerngfqzuwudosgobknlgtoawnlj/Build/Products/Debug-iphoneos/include -Xcc -I/Users/emanuelflury/Library/Developer/Xcode/DerivedData/TaxedGmbH_IOS-gerngfqzuwudosgobknlgtoawnlj/Build/Intermediates.noindex/Firebase.build/Debug-iphoneos/FirebaseCoreInternal.build/DerivedSources-normal/arm64 -Xcc -I/Users/emanuelflury/Library/Developer/Xcode/DerivedData/TaxedGmbH_IOS-gerngfqzuwudosgobknlgtoawnlj/Build/Intermediates.noindex/Firebase.build/Debug-iphoneos/FirebaseCoreInternal.build/DerivedSources/arm64 -Xcc -I/Users/emanuelflury/Library/Developer/Xcode/DerivedData/TaxedGmbH_IOS-gerngfqzuwudosgobknlgtoawnlj/Build/Intermediates.noindex/Firebase.build/Debug-iphoneos/FirebaseCoreInternal.build/DerivedSources -Xcc -DSWIFT_PACKAGE -Xcc -DDEBUG\=1 -emit-objc-header -emit-objc-header-path /Users/emanuelflury/Library/Developer/Xcode/DerivedData/TaxedGmbH_IOS-gerngfqzuwudosgobknlgtoawnlj/Build/Intermediates.noindex/Firebase.build/Debug-iphoneos/FirebaseCoreInternal.build/Objects-normal/arm64/FirebaseCoreInternal-Swift.h -working-directory /Users/emanuelflury/github/TaxedGmbH_IOS/TaxedGmbH_IOS.xcodeproj -experimental-emit-module-separately -disable-cmo

CompileC /Users/emanuelflury/Library/Developer/Xcode/DerivedData/TaxedGmbH_IOS-gerngfqzuwudosgobknlgtoawnlj/Build/Intermediates.noindex/GoogleDataTransport.build/Debug-iphoneos/GoogleDataTransport.build/Objects-normal/arm64/GDTCORUploadBatch.o /Users/emanuelflury/Library/Developer/Xcode/DerivedData/TaxedGmbH_IOS-gerngfqzuwudosgobknlgtoawnlj/SourcePackages/checkouts/GoogleDataTransport/GoogleDataTransport/GDTCORLibrary/GDTCORUploadBatch.m normal arm64 objective-c com.apple.compilers.llvm.clang.1_0.compiler (in target 'GoogleDataTransport' from project 'GoogleDataTransport')
    cd /Users/emanuelflury/github/TaxedGmbH_IOS/TaxedGmbH_IOS.xcodeproj
    
    Using response file: /Users/emanuelflury/Library/Developer/Xcode/DerivedData/TaxedGmbH_IOS-gerngfqzuwudosgobknlgtoawnlj/Build/Intermediates.noindex/GoogleDataTransport.build/Debug-iphoneos/GoogleDataTransport.build/Objects-normal/arm64/e6072d4f65d7061329687fe24e3d63a7-common-args.resp
    
    /Applications/Xcode.app/Contents/Developer/Toolchains/XcodeDefault.xctoolchain/usr/bin/clang -x objective-c -ivfsstatcache /Users/emanuelflury/Library/Developer/Xcode/DerivedData/SDKStatCaches.noindex/iphoneos26.1-23B77-69b33fc7382b27d9b5d46e82a00f8e78.sdkstatcache -fmessage-length\=0 -fdiagnostics-show-note-include-stack -fmacro-backtrace-limit\=0 -fno-color-diagnostics -fmodules-prune-interval\=86400 -fmodules-prune-after\=345600 -fbuild-session-file\=/Users/emanuelflury/Library/Developer/Xcode/DerivedData/ModuleCache.noindex/Session.modulevalidation -fmodules-validate-once-per-build-session -Wnon-modular-include-in-framework-module -Werror\=non-modular-include-in-framework-module -Wno-trigraphs -Wno-missing-field-initializers -Wno-missing-prototypes -Wno-return-type -Wno-implicit-atomic-properties -Wno-objc-interface-ivars -Wno-arc-repeated-use-of-weak -Wno-missing-braces -Wparentheses -Wswitch -Wno-unused-function -Wno-unused-label -Wno-unused-parameter -Wno-unused-variable -Wunused-value -Wno-empty-body -Wno-uninitialized -Wno-unknown-pragmas -w -Wno-shadow -Wno-four-char-constants -Wno-conversion -Wno-constant-conversion -Wno-int-conversion -Wno-bool-conversion -Wno-enum-conversion -Wno-float-conversion -Wno-non-literal-null-conversion -Wno-objc-literal-conversion -Wshorten-64-to-32 -Wpointer-sign -Wno-newline-eof -Wno-selector -Wno-strict-selector-match -Wno-undeclared-selector -Wno-deprecated-implementations -Wno-implicit-fallthrough -fstrict-aliasing -Wprotocol -Wdeprecated-declarations -Wno-sign-conversion -Wno-infinite-recursion -Wno-comma -Wno-block-capture-autoreleasing -Wno-strict-prototypes -Wno-semicolon-before-method-body -index-store-path /Users/emanuelflury/Library/Developer/Xcode/DerivedData/TaxedGmbH_IOS-gerngfqzuwudosgobknlgtoawnlj/Index.noindex/DataStore @/Users/emanuelflury/Library/Developer/Xcode/DerivedData/TaxedGmbH_IOS-gerngfqzuwudosgobknlgtoawnlj/Build/Intermediates.noindex/GoogleDataTransport.build/Debug-iphoneos/GoogleDataTransport.build/Objects-normal/arm64/e6072d4f65d7061329687fe24e3d63a7-common-args.resp -include /Users/emanuelflury/Library/Developer/Xcode/DerivedData/TaxedGmbH_IOS-gerngfqzuwudosgobknlgtoawnlj/Build/Intermediates.noindex/GoogleDataTransport.build/Debug-iphoneos/GoogleDataTransport.build/DerivedSources/resource_bundle_accessor.h -MMD -MT dependencies -MF /Users/emanuelflury/Library/Developer/Xcode/DerivedData/TaxedGmbH_IOS-gerngfqzuwudosgobknlgtoawnlj/Build/Intermediates.noindex/GoogleDataTransport.build/Debug-iphoneos/GoogleDataTransport.build/Objects-normal/arm64/GDTCORUploadBatch.d --serialize-diagnostics /Users/emanuelflury/Library/Developer/Xcode/DerivedData/TaxedGmbH_IOS-gerngfqzuwudosgobknlgtoawnlj/Build/Intermediates.noindex/GoogleDataTransport.build/Debug-iphoneos/GoogleDataTransport.build/Objects-normal/arm64/GDTCORUploadBatch.dia -c /Users/emanuelflury/Library/Developer/Xcode/DerivedData/TaxedGmbH_IOS-gerngfqzuwudosgobknlgtoawnlj/SourcePackages/checkouts/GoogleDataTransport/GoogleDataTransport/GDTCORLibrary/GDTCORUploadBatch.m -o /Users/emanuelflury/Library/Developer/Xcode/DerivedData/TaxedGmbH_IOS-gerngfqzuwudosgobknlgtoawnlj/Build/Intermediates.noindex/GoogleDataTransport.build/Debug-iphoneos/GoogleDataTransport.build/Objects-normal/arm64/GDTCORUploadBatch.o -index-unit-output-path /GoogleDataTransport.build/Debug-iphoneos/GoogleDataTransport.build/Objects-normal/arm64/GDTCORUploadBatch.o

SwiftMergeGeneratedHeaders /Users/emanuelflury/Library/Developer/Xcode/DerivedData/TaxedGmbH_IOS-gerngfqzuwudosgobknlgtoawnlj/Build/Intermediates.noindex/GeneratedModuleMaps-iphoneos/FirebaseCoreInternal-Swift.h /Users/emanuelflury/Library/Developer/Xcode/DerivedData/TaxedGmbH_IOS-gerngfqzuwudosgobknlgtoawnlj/Build/Intermediates.noindex/Firebase.build/Debug-iphoneos/FirebaseCoreInternal.build/Objects-normal/arm64/FirebaseCoreInternal-Swift.h (in target 'FirebaseCoreInternal' from project 'Firebase')
    cd /Users/emanuelflury/Library/Developer/Xcode/DerivedData/TaxedGmbH_IOS-gerngfqzuwudosgobknlgtoawnlj/SourcePackages/checkouts/firebase-ios-sdk
    builtin-swiftHeaderTool -arch arm64 /Users/emanuelflury/Library/Developer/Xcode/DerivedData/TaxedGmbH_IOS-gerngfqzuwudosgobknlgtoawnlj/Build/Intermediates.noindex/Firebase.build/Debug-iphoneos/FirebaseCoreInternal.build/Objects-normal/arm64/FirebaseCoreInternal-Swift.h -o /Users/emanuelflury/Library/Developer/Xcode/DerivedData/TaxedGmbH_IOS-gerngfqzuwudosgobknlgtoawnlj/Build/Intermediates.noindex/GeneratedModuleMaps-iphoneos/FirebaseCoreInternal-Swift.h

Copy /Users/emanuelflury/Library/Developer/Xcode/DerivedData/TaxedGmbH_IOS-gerngfqzuwudosgobknlgtoawnlj/Build/Products/Debug-iphoneos/FirebaseCoreInternal.swiftmodule/arm64-apple-ios.swiftmodule /Users/emanuelflury/Library/Developer/Xcode/DerivedData/TaxedGmbH_IOS-gerngfqzuwudosgobknlgtoawnlj/Build/Intermediates.noindex/Firebase.build/Debug-iphoneos/FirebaseCoreInternal.build/Objects-normal/arm64/FirebaseCoreInternal.swiftmodule (in target 'FirebaseCoreInternal' from project 'Firebase')
    cd /Users/emanuelflury/Library/Developer/Xcode/DerivedData/TaxedGmbH_IOS-gerngfqzuwudosgobknlgtoawnlj/SourcePackages/checkouts/firebase-ios-sdk
    builtin-copy -exclude .DS_Store -exclude CVS -exclude .svn -exclude .git -exclude .hg -resolve-src-symlinks -rename /Users/emanuelflury/Library/Developer/Xcode/DerivedData/TaxedGmbH_IOS-gerngfqzuwudosgobknlgtoawnlj/Build/Intermediates.noindex/Firebase.build/Debug-iphoneos/FirebaseCoreInternal.build/Objects-normal/arm64/FirebaseCoreInternal.swiftmodule /Users/emanuelflury/Library/Developer/Xcode/DerivedData/TaxedGmbH_IOS-gerngfqzuwudosgobknlgtoawnlj/Build/Products/Debug-iphoneos/FirebaseCoreInternal.swiftmodule/arm64-apple-ios.swiftmodule

Copy /Users/emanuelflury/Library/Developer/Xcode/DerivedData/TaxedGmbH_IOS-gerngfqzuwudosgobknlgtoawnlj/Build/Products/Debug-iphoneos/FirebaseCoreInternal.swiftmodule/arm64-apple-ios.swiftdoc /Users/emanuelflury/Library/Developer/Xcode/DerivedData/TaxedGmbH_IOS-gerngfqzuwudosgobknlgtoawnlj/Build/Intermediates.noindex/Firebase.build/Debug-iphoneos/FirebaseCoreInternal.build/Objects-normal/arm64/FirebaseCoreInternal.swiftdoc (in target 'FirebaseCoreInternal' from project 'Firebase')
    cd /Users/emanuelflury/Library/Developer/Xcode/DerivedData/TaxedGmbH_IOS-gerngfqzuwudosgobknlgtoawnlj/SourcePackages/checkouts/firebase-ios-sdk
    builtin-copy -exclude .DS_Store -exclude CVS -exclude .svn -exclude .git -exclude .hg -resolve-src-symlinks -rename /Users/emanuelflury/Library/Developer/Xcode/DerivedData/TaxedGmbH_IOS-gerngfqzuwudosgobknlgtoawnlj/Build/Intermediates.noindex/Firebase.build/Debug-iphoneos/FirebaseCoreInternal.build/Objects-normal/arm64/FirebaseCoreInternal.swiftdoc /Users/emanuelflury/Library/Developer/Xcode/DerivedData/TaxedGmbH_IOS-gerngfqzuwudosgobknlgtoawnlj/Build/Products/Debug-iphoneos/FirebaseCoreInternal.swiftmodule/arm64-apple-ios.swiftdoc

Copy /Users/emanuelflury/Library/Developer/Xcode/DerivedData/TaxedGmbH_IOS-gerngfqzuwudosgobknlgtoawnlj/Build/Products/Debug-iphoneos/FirebaseCoreInternal.swiftmodule/arm64-apple-ios.abi.json /Users/emanuelflury/Library/Developer/Xcode/DerivedData/TaxedGmbH_IOS-gerngfqzuwudosgobknlgtoawnlj/Build/Intermediates.noindex/Firebase.build/Debug-iphoneos/FirebaseCoreInternal.build/Objects-normal/arm64/FirebaseCoreInternal.abi.json (in target 'FirebaseCoreInternal' from project 'Firebase')
    cd /Users/emanuelflury/Library/Developer/Xcode/DerivedData/TaxedGmbH_IOS-gerngfqzuwudosgobknlgtoawnlj/SourcePackages/checkouts/firebase-ios-sdk
    builtin-copy -exclude .DS_Store -exclude CVS -exclude .svn -exclude .git -exclude .hg -resolve-src-symlinks -rename /Users/emanuelflury/Library/Developer/Xcode/DerivedData/TaxedGmbH_IOS-gerngfqzuwudosgobknlgtoawnlj/Build/Intermediates.noindex/Firebase.build/Debug-iphoneos/FirebaseCoreInternal.build/Objects-normal/arm64/FirebaseCoreInternal.abi.json /Users/emanuelflury/Library/Developer/Xcode/DerivedData/TaxedGmbH_IOS-gerngfqzuwudosgobknlgtoawnlj/Build/Products/Debug-iphoneos/FirebaseCoreInternal.swiftmodule/arm64-apple-ios.abi.json

Copy /Users/emanuelflury/Library/Developer/Xcode/DerivedData/TaxedGmbH_IOS-gerngfqzuwudosgobknlgtoawnlj/Build/Products/Debug-iphoneos/FirebaseCoreInternal.swiftmodule/Project/arm64-apple-ios.swiftsourceinfo /Users/emanuelflury/Library/Developer/Xcode/DerivedData/TaxedGmbH_IOS-gerngfqzuwudosgobknlgtoawnlj/Build/Intermediates.noindex/Firebase.build/Debug-iphoneos/FirebaseCoreInternal.build/Objects-normal/arm64/FirebaseCoreInternal.swiftsourceinfo (in target 'FirebaseCoreInternal' from project 'Firebase')
    cd /Users/emanuelflury/Library/Developer/Xcode/DerivedData/TaxedGmbH_IOS-gerngfqzuwudosgobknlgtoawnlj/SourcePackages/checkouts/firebase-ios-sdk
    builtin-copy -exclude .DS_Store -exclude CVS -exclude .svn -exclude .git -exclude .hg -resolve-src-symlinks -rename /Users/emanuelflury/Library/Developer/Xcode/DerivedData/TaxedGmbH_IOS-gerngfqzuwudosgobknlgtoawnlj/Build/Intermediates.noindex/Firebase.build/Debug-iphoneos/FirebaseCoreInternal.build/Objects-normal/arm64/FirebaseCoreInternal.swiftsourceinfo /Users/emanuelflury/Library/Developer/Xcode/DerivedData/TaxedGmbH_IOS-gerngfqzuwudosgobknlgtoawnlj/Build/Products/Debug-iphoneos/FirebaseCoreInternal.swiftmodule/Project/arm64-apple-ios.swiftsourceinfo

CompileC /Users/emanuelflury/Library/Developer/Xcode/DerivedData/TaxedGmbH_IOS-gerngfqzuwudosgobknlgtoawnlj/Build/Intermediates.noindex/GoogleDataTransport.build/Debug-iphoneos/GoogleDataTransport.build/Objects-normal/arm64/GDTCORStorageMetadata.o /Users/emanuelflury/Library/Developer/Xcode/DerivedData/TaxedGmbH_IOS-gerngfqzuwudosgobknlgtoawnlj/SourcePackages/checkouts/GoogleDataTransport/GoogleDataTransport/GDTCORLibrary/GDTCORStorageMetadata.m normal arm64 objective-c com.apple.compilers.llvm.clang.1_0.compiler (in target 'GoogleDataTransport' from project 'GoogleDataTransport')
    cd /Users/emanuelflury/github/TaxedGmbH_IOS/TaxedGmbH_IOS.xcodeproj
    
    Using response file: /Users/emanuelflury/Library/Developer/Xcode/DerivedData/TaxedGmbH_IOS-gerngfqzuwudosgobknlgtoawnlj/Build/Intermediates.noindex/GoogleDataTransport.build/Debug-iphoneos/GoogleDataTransport.build/Objects-normal/arm64/e6072d4f65d7061329687fe24e3d63a7-common-args.resp
    
    /Applications/Xcode.app/Contents/Developer/Toolchains/XcodeDefault.xctoolchain/usr/bin/clang -x objective-c -ivfsstatcache /Users/emanuelflury/Library/Developer/Xcode/DerivedData/SDKStatCaches.noindex/iphoneos26.1-23B77-69b33fc7382b27d9b5d46e82a00f8e78.sdkstatcache -fmessage-length\=0 -fdiagnostics-show-note-include-stack -fmacro-backtrace-limit\=0 -fno-color-diagnostics -fmodules-prune-interval\=86400 -fmodules-prune-after\=345600 -fbuild-session-file\=/Users/emanuelflury/Library/Developer/Xcode/DerivedData/ModuleCache.noindex/Session.modulevalidation -fmodules-validate-once-per-build-session -Wnon-modular-include-in-framework-module -Werror\=non-modular-include-in-framework-module -Wno-trigraphs -Wno-missing-field-initializers -Wno-missing-prototypes -Wno-return-type -Wno-implicit-atomic-properties -Wno-objc-interface-ivars -Wno-arc-repeated-use-of-weak -Wno-missing-braces -Wparentheses -Wswitch -Wno-unused-function -Wno-unused-label -Wno-unused-parameter -Wno-unused-variable -Wunused-value -Wno-empty-body -Wno-uninitialized -Wno-unknown-pragmas -w -Wno-shadow -Wno-four-char-constants -Wno-conversion -Wno-constant-conversion -Wno-int-conversion -Wno-bool-conversion -Wno-enum-conversion -Wno-float-conversion -Wno-non-literal-null-conversion -Wno-objc-literal-conversion -Wshorten-64-to-32 -Wpointer-sign -Wno-newline-eof -Wno-selector -Wno-strict-selector-match -Wno-undeclared-selector -Wno-deprecated-implementations -Wno-implicit-fallthrough -fstrict-aliasing -Wprotocol -Wdeprecated-declarations -Wno-sign-conversion -Wno-infinite-recursion -Wno-comma -Wno-block-capture-autoreleasing -Wno-strict-prototypes -Wno-semicolon-before-method-body -index-store-path /Users/emanuelflury/Library/Developer/Xcode/DerivedData/TaxedGmbH_IOS-gerngfqzuwudosgobknlgtoawnlj/Index.noindex/DataStore @/Users/emanuelflury/Library/Developer/Xcode/DerivedData/TaxedGmbH_IOS-gerngfqzuwudosgobknlgtoawnlj/Build/Intermediates.noindex/GoogleDataTransport.build/Debug-iphoneos/GoogleDataTransport.build/Objects-normal/arm64/e6072d4f65d7061329687fe24e3d63a7-common-args.resp -include /Users/emanuelflury/Library/Developer/Xcode/DerivedData/TaxedGmbH_IOS-gerngfqzuwudosgobknlgtoawnlj/Build/Intermediates.noindex/GoogleDataTransport.build/Debug-iphoneos/GoogleDataTransport.build/DerivedSources/resource_bundle_accessor.h -MMD -MT dependencies -MF /Users/emanuelflury/Library/Developer/Xcode/DerivedData/TaxedGmbH_IOS-gerngfqzuwudosgobknlgtoawnlj/Build/Intermediates.noindex/GoogleDataTransport.build/Debug-iphoneos/GoogleDataTransport.build/Objects-normal/arm64/GDTCORStorageMetadata.d --serialize-diagnostics /Users/emanuelflury/Library/Developer/Xcode/DerivedData/TaxedGmbH_IOS-gerngfqzuwudosgobknlgtoawnlj/Build/Intermediates.noindex/GoogleDataTransport.build/Debug-iphoneos/GoogleDataTransport.build/Objects-normal/arm64/GDTCORStorageMetadata.dia -c /Users/emanuelflury/Library/Developer/Xcode/DerivedData/TaxedGmbH_IOS-gerngfqzuwudosgobknlgtoawnlj/SourcePackages/checkouts/GoogleDataTransport/GoogleDataTransport/GDTCORLibrary/GDTCORStorageMetadata.m -o /Users/emanuelflury/Library/Developer/Xcode/DerivedData/TaxedGmbH_IOS-gerngfqzuwudosgobknlgtoawnlj/Build/Intermediates.noindex/GoogleDataTransport.build/Debug-iphoneos/GoogleDataTransport.build/Objects-normal/arm64/GDTCORStorageMetadata.o -index-unit-output-path /GoogleDataTransport.build/Debug-iphoneos/GoogleDataTransport.build/Objects-normal/arm64/GDTCORStorageMetadata.o

CompileC /Users/emanuelflury/Library/Developer/Xcode/DerivedData/TaxedGmbH_IOS-gerngfqzuwudosgobknlgtoawnlj/Build/Intermediates.noindex/GoogleDataTransport.build/Debug-iphoneos/GoogleDataTransport.build/Objects-normal/arm64/GDTCORStorageEventSelector.o /Users/emanuelflury/Library/Developer/Xcode/DerivedData/TaxedGmbH_IOS-gerngfqzuwudosgobknlgtoawnlj/SourcePackages/checkouts/GoogleDataTransport/GoogleDataTransport/GDTCORLibrary/GDTCORStorageEventSelector.m normal arm64 objective-c com.apple.compilers.llvm.clang.1_0.compiler (in target 'GoogleDataTransport' from project 'GoogleDataTransport')
    cd /Users/emanuelflury/github/TaxedGmbH_IOS/TaxedGmbH_IOS.xcodeproj
    
    Using response file: /Users/emanuelflury/Library/Developer/Xcode/DerivedData/TaxedGmbH_IOS-gerngfqzuwudosgobknlgtoawnlj/Build/Intermediates.noindex/GoogleDataTransport.build/Debug-iphoneos/GoogleDataTransport.build/Objects-normal/arm64/e6072d4f65d7061329687fe24e3d63a7-common-args.resp
    
    /Applications/Xcode.app/Contents/Developer/Toolchains/XcodeDefault.xctoolchain/usr/bin/clang -x objective-c -ivfsstatcache /Users/emanuelflury/Library/Developer/Xcode/DerivedData/SDKStatCaches.noindex/iphoneos26.1-23B77-69b33fc7382b27d9b5d46e82a00f8e78.sdkstatcache -fmessage-length\=0 -fdiagnostics-show-note-include-stack -fmacro-backtrace-limit\=0 -fno-color-diagnostics -fmodules-prune-interval\=86400 -fmodules-prune-after\=345600 -fbuild-session-file\=/Users/emanuelflury/Library/Developer/Xcode/DerivedData/ModuleCache.noindex/Session.modulevalidation -fmodules-validate-once-per-build-session -Wnon-modular-include-in-framework-module -Werror\=non-modular-include-in-framework-module -Wno-trigraphs -Wno-missing-field-initializers -Wno-missing-prototypes -Wno-return-type -Wno-implicit-atomic-properties -Wno-objc-interface-ivars -Wno-arc-repeated-use-of-weak -Wno-missing-braces -Wparentheses -Wswitch -Wno-unused-function -Wno-unused-label -Wno-unused-parameter -Wno-unused-variable -Wunused-value -Wno-empty-body -Wno-uninitialized -Wno-unknown-pragmas -w -Wno-shadow -Wno-four-char-constants -Wno-conversion -Wno-constant-conversion -Wno-int-conversion -Wno-bool-conversion -Wno-enum-conversion -Wno-float-conversion -Wno-non-literal-null-conversion -Wno-objc-literal-conversion -Wshorten-64-to-32 -Wpointer-sign -Wno-newline-eof -Wno-selector -Wno-strict-selector-match -Wno-undeclared-selector -Wno-deprecated-implementations -Wno-implicit-fallthrough -fstrict-aliasing -Wprotocol -Wdeprecated-declarations -Wno-sign-conversion -Wno-infinite-recursion -Wno-comma -Wno-block-capture-autoreleasing -Wno-strict-prototypes -Wno-semicolon-before-method-body -index-store-path /Users/emanuelflury/Library/Developer/Xcode/DerivedData/TaxedGmbH_IOS-gerngfqzuwudosgobknlgtoawnlj/Index.noindex/DataStore @/Users/emanuelflury/Library/Developer/Xcode/DerivedData/TaxedGmbH_IOS-gerngfqzuwudosgobknlgtoawnlj/Build/Intermediates.noindex/GoogleDataTransport.build/Debug-iphoneos/GoogleDataTransport.build/Objects-normal/arm64/e6072d4f65d7061329687fe24e3d63a7-common-args.resp -include /Users/emanuelflury/Library/Developer/Xcode/DerivedData/TaxedGmbH_IOS-gerngfqzuwudosgobknlgtoawnlj/Build/Intermediates.noindex/GoogleDataTransport.build/Debug-iphoneos/GoogleDataTransport.build/DerivedSources/resource_bundle_accessor.h -MMD -MT dependencies -MF /Users/emanuelflury/Library/Developer/Xcode/DerivedData/TaxedGmbH_IOS-gerngfqzuwudosgobknlgtoawnlj/Build/Intermediates.noindex/GoogleDataTransport.build/Debug-iphoneos/GoogleDataTransport.build/Objects-normal/arm64/GDTCORStorageEventSelector.d --serialize-diagnostics /Users/emanuelflury/Library/Developer/Xcode/DerivedData/TaxedGmbH_IOS-gerngfqzuwudosgobknlgtoawnlj/Build/Intermediates.noindex/GoogleDataTransport.build/Debug-iphoneos/GoogleDataTransport.build/Objects-normal/arm64/GDTCORStorageEventSelector.dia -c /Users/emanuelflury/Library/Developer/Xcode/DerivedData/TaxedGmbH_IOS-gerngfqzuwudosgobknlgtoawnlj/SourcePackages/checkouts/GoogleDataTransport/GoogleDataTransport/GDTCORLibrary/GDTCORStorageEventSelector.m -o /Users/emanuelflury/Library/Developer/Xcode/DerivedData/TaxedGmbH_IOS-gerngfqzuwudosgobknlgtoawnlj/Build/Intermediates.noindex/GoogleDataTransport.build/Debug-iphoneos/GoogleDataTransport.build/Objects-normal/arm64/GDTCORStorageEventSelector.o -index-unit-output-path /GoogleDataTransport.build/Debug-iphoneos/GoogleDataTransport.build/Objects-normal/arm64/GDTCORStorageEventSelector.o

CompileC /Users/emanuelflury/Library/Developer/Xcode/DerivedData/TaxedGmbH_IOS-gerngfqzuwudosgobknlgtoawnlj/Build/Intermediates.noindex/GoogleDataTransport.build/Debug-iphoneos/GoogleDataTransport.build/Objects-normal/arm64/GDTCORProductData.o /Users/emanuelflury/Library/Developer/Xcode/DerivedData/TaxedGmbH_IOS-gerngfqzuwudosgobknlgtoawnlj/SourcePackages/checkouts/GoogleDataTransport/GoogleDataTransport/GDTCORLibrary/GDTCORProductData.m normal arm64 objective-c com.apple.compilers.llvm.clang.1_0.compiler (in target 'GoogleDataTransport' from project 'GoogleDataTransport')
    cd /Users/emanuelflury/github/TaxedGmbH_IOS/TaxedGmbH_IOS.xcodeproj
    
    Using response file: /Users/emanuelflury/Library/Developer/Xcode/DerivedData/TaxedGmbH_IOS-gerngfqzuwudosgobknlgtoawnlj/Build/Intermediates.noindex/GoogleDataTransport.build/Debug-iphoneos/GoogleDataTransport.build/Objects-normal/arm64/e6072d4f65d7061329687fe24e3d63a7-common-args.resp
    
    /Applications/Xcode.app/Contents/Developer/Toolchains/XcodeDefault.xctoolchain/usr/bin/clang -x objective-c -ivfsstatcache /Users/emanuelflury/Library/Developer/Xcode/DerivedData/SDKStatCaches.noindex/iphoneos26.1-23B77-69b33fc7382b27d9b5d46e82a00f8e78.sdkstatcache -fmessage-length\=0 -fdiagnostics-show-note-include-stack -fmacro-backtrace-limit\=0 -fno-color-diagnostics -fmodules-prune-interval\=86400 -fmodules-prune-after\=345600 -fbuild-session-file\=/Users/emanuelflury/Library/Developer/Xcode/DerivedData/ModuleCache.noindex/Session.modulevalidation -fmodules-validate-once-per-build-session -Wnon-modular-include-in-framework-module -Werror\=non-modular-include-in-framework-module -Wno-trigraphs -Wno-missing-field-initializers -Wno-missing-prototypes -Wno-return-type -Wno-implicit-atomic-properties -Wno-objc-interface-ivars -Wno-arc-repeated-use-of-weak -Wno-missing-braces -Wparentheses -Wswitch -Wno-unused-function -Wno-unused-label -Wno-unused-parameter -Wno-unused-variable -Wunused-value -Wno-empty-body -Wno-uninitialized -Wno-unknown-pragmas -w -Wno-shadow -Wno-four-char-constants -Wno-conversion -Wno-constant-conversion -Wno-int-conversion -Wno-bool-conversion -Wno-enum-conversion -Wno-float-conversion -Wno-non-literal-null-conversion -Wno-objc-literal-conversion -Wshorten-64-to-32 -Wpointer-sign -Wno-newline-eof -Wno-selector -Wno-strict-selector-match -Wno-undeclared-selector -Wno-deprecated-implementations -Wno-implicit-fallthrough -fstrict-aliasing -Wprotocol -Wdeprecated-declarations -Wno-sign-conversion -Wno-infinite-recursion -Wno-comma -Wno-block-capture-autoreleasing -Wno-strict-prototypes -Wno-semicolon-before-method-body -index-store-path /Users/emanuelflury/Library/Developer/Xcode/DerivedData/TaxedGmbH_IOS-gerngfqzuwudosgobknlgtoawnlj/Index.noindex/DataStore @/Users/emanuelflury/Library/Developer/Xcode/DerivedData/TaxedGmbH_IOS-gerngfqzuwudosgobknlgtoawnlj/Build/Intermediates.noindex/GoogleDataTransport.build/Debug-iphoneos/GoogleDataTransport.build/Objects-normal/arm64/e6072d4f65d7061329687fe24e3d63a7-common-args.resp -include /Users/emanuelflury/Library/Developer/Xcode/DerivedData/TaxedGmbH_IOS-gerngfqzuwudosgobknlgtoawnlj/Build/Intermediates.noindex/GoogleDataTransport.build/Debug-iphoneos/GoogleDataTransport.build/DerivedSources/resource_bundle_accessor.h -MMD -MT dependencies -MF /Users/emanuelflury/Library/Developer/Xcode/DerivedData/TaxedGmbH_IOS-gerngfqzuwudosgobknlgtoawnlj/Build/Intermediates.noindex/GoogleDataTransport.build/Debug-iphoneos/GoogleDataTransport.build/Objects-normal/arm64/GDTCORProductData.d --serialize-diagnostics /Users/emanuelflury/Library/Developer/Xcode/DerivedData/TaxedGmbH_IOS-gerngfqzuwudosgobknlgtoawnlj/Build/Intermediates.noindex/GoogleDataTransport.build/Debug-iphoneos/GoogleDataTransport.build/Objects-normal/arm64/GDTCORProductData.dia -c /Users/emanuelflury/Library/Developer/Xcode/DerivedData/TaxedGmbH_IOS-gerngfqzuwudosgobknlgtoawnlj/SourcePackages/checkouts/GoogleDataTransport/GoogleDataTransport/GDTCORLibrary/GDTCORProductData.m -o /Users/emanuelflury/Library/Developer/Xcode/DerivedData/TaxedGmbH_IOS-gerngfqzuwudosgobknlgtoawnlj/Build/Intermediates.noindex/GoogleDataTransport.build/Debug-iphoneos/GoogleDataTransport.build/Objects-normal/arm64/GDTCORProductData.o -index-unit-output-path /GoogleDataTransport.build/Debug-iphoneos/GoogleDataTransport.build/Objects-normal/arm64/GDTCORProductData.o

SwiftDriverJobDiscovery normal arm64 Compiling UnfairLock.swift (in target 'FirebaseCoreInternal' from project 'Firebase')

CompileC /Users/emanuelflury/Library/Developer/Xcode/DerivedData/TaxedGmbH_IOS-gerngfqzuwudosgobknlgtoawnlj/Build/Intermediates.noindex/GoogleDataTransport.build/Debug-iphoneos/GoogleDataTransport.build/Objects-normal/arm64/GDTCORMetricsMetadata.o /Users/emanuelflury/Library/Developer/Xcode/DerivedData/TaxedGmbH_IOS-gerngfqzuwudosgobknlgtoawnlj/SourcePackages/checkouts/GoogleDataTransport/GoogleDataTransport/GDTCORLibrary/GDTCORMetricsMetadata.m normal arm64 objective-c com.apple.compilers.llvm.clang.1_0.compiler (in target 'GoogleDataTransport' from project 'GoogleDataTransport')
    cd /Users/emanuelflury/github/TaxedGmbH_IOS/TaxedGmbH_IOS.xcodeproj
    
    Using response file: /Users/emanuelflury/Library/Developer/Xcode/DerivedData/TaxedGmbH_IOS-gerngfqzuwudosgobknlgtoawnlj/Build/Intermediates.noindex/GoogleDataTransport.build/Debug-iphoneos/GoogleDataTransport.build/Objects-normal/arm64/e6072d4f65d7061329687fe24e3d63a7-common-args.resp
    
    /Applications/Xcode.app/Contents/Developer/Toolchains/XcodeDefault.xctoolchain/usr/bin/clang -x objective-c -ivfsstatcache /Users/emanuelflury/Library/Developer/Xcode/DerivedData/SDKStatCaches.noindex/iphoneos26.1-23B77-69b33fc7382b27d9b5d46e82a00f8e78.sdkstatcache -fmessage-length\=0 -fdiagnostics-show-note-include-stack -fmacro-backtrace-limit\=0 -fno-color-diagnostics -fmodules-prune-interval\=86400 -fmodules-prune-after\=345600 -fbuild-session-file\=/Users/emanuelflury/Library/Developer/Xcode/DerivedData/ModuleCache.noindex/Session.modulevalidation -fmodules-validate-once-per-build-session -Wnon-modular-include-in-framework-module -Werror\=non-modular-include-in-framework-module -Wno-trigraphs -Wno-missing-field-initializers -Wno-missing-prototypes -Wno-return-type -Wno-implicit-atomic-properties -Wno-objc-interface-ivars -Wno-arc-repeated-use-of-weak -Wno-missing-braces -Wparentheses -Wswitch -Wno-unused-function -Wno-unused-label -Wno-unused-parameter -Wno-unused-variable -Wunused-value -Wno-empty-body -Wno-uninitialized -Wno-unknown-pragmas -w -Wno-shadow -Wno-four-char-constants -Wno-conversion -Wno-constant-conversion -Wno-int-conversion -Wno-bool-conversion -Wno-enum-conversion -Wno-float-conversion -Wno-non-literal-null-conversion -Wno-objc-literal-conversion -Wshorten-64-to-32 -Wpointer-sign -Wno-newline-eof -Wno-selector -Wno-strict-selector-match -Wno-undeclared-selector -Wno-deprecated-implementations -Wno-implicit-fallthrough -fstrict-aliasing -Wprotocol -Wdeprecated-declarations -Wno-sign-conversion -Wno-infinite-recursion -Wno-comma -Wno-block-capture-autoreleasing -Wno-strict-prototypes -Wno-semicolon-before-method-body -index-store-path /Users/emanuelflury/Library/Developer/Xcode/DerivedData/TaxedGmbH_IOS-gerngfqzuwudosgobknlgtoawnlj/Index.noindex/DataStore @/Users/emanuelflury/Library/Developer/Xcode/DerivedData/TaxedGmbH_IOS-gerngfqzuwudosgobknlgtoawnlj/Build/Intermediates.noindex/GoogleDataTransport.build/Debug-iphoneos/GoogleDataTransport.build/Objects-normal/arm64/e6072d4f65d7061329687fe24e3d63a7-common-args.resp -include /Users/emanuelflury/Library/Developer/Xcode/DerivedData/TaxedGmbH_IOS-gerngfqzuwudosgobknlgtoawnlj/Build/Intermediates.noindex/GoogleDataTransport.build/Debug-iphoneos/GoogleDataTransport.build/DerivedSources/resource_bundle_accessor.h -MMD -MT dependencies -MF /Users/emanuelflury/Library/Developer/Xcode/DerivedData/TaxedGmbH_IOS-gerngfqzuwudosgobknlgtoawnlj/Build/Intermediates.noindex/GoogleDataTransport.build/Debug-iphoneos/GoogleDataTransport.build/Objects-normal/arm64/GDTCORMetricsMetadata.d --serialize-diagnostics /Users/emanuelflury/Library/Developer/Xcode/DerivedData/TaxedGmbH_IOS-gerngfqzuwudosgobknlgtoawnlj/Build/Intermediates.noindex/GoogleDataTransport.build/Debug-iphoneos/GoogleDataTransport.build/Objects-normal/arm64/GDTCORMetricsMetadata.dia -c /Users/emanuelflury/Library/Developer/Xcode/DerivedData/TaxedGmbH_IOS-gerngfqzuwudosgobknlgtoawnlj/SourcePackages/checkouts/GoogleDataTransport/GoogleDataTransport/GDTCORLibrary/GDTCORMetricsMetadata.m -o /Users/emanuelflury/Library/Developer/Xcode/DerivedData/TaxedGmbH_IOS-gerngfqzuwudosgobknlgtoawnlj/Build/Intermediates.noindex/GoogleDataTransport.build/Debug-iphoneos/GoogleDataTransport.build/Objects-normal/arm64/GDTCORMetricsMetadata.o -index-unit-output-path /GoogleDataTransport.build/Debug-iphoneos/GoogleDataTransport.build/Objects-normal/arm64/GDTCORMetricsMetadata.o

SwiftDriverJobDiscovery normal arm64 Compiling _ObjC_HeartbeatsPayload.swift (in target 'FirebaseCoreInternal' from project 'Firebase')

CompileC /Users/emanuelflury/Library/Developer/Xcode/DerivedData/TaxedGmbH_IOS-gerngfqzuwudosgobknlgtoawnlj/Build/Intermediates.noindex/GoogleDataTransport.build/Debug-iphoneos/GoogleDataTransport.build/Objects-normal/arm64/GDTCORMetrics.o /Users/emanuelflury/Library/Developer/Xcode/DerivedData/TaxedGmbH_IOS-gerngfqzuwudosgobknlgtoawnlj/SourcePackages/checkouts/GoogleDataTransport/GoogleDataTransport/GDTCORLibrary/GDTCORMetrics.m normal arm64 objective-c com.apple.compilers.llvm.clang.1_0.compiler (in target 'GoogleDataTransport' from project 'GoogleDataTransport')
    cd /Users/emanuelflury/github/TaxedGmbH_IOS/TaxedGmbH_IOS.xcodeproj
    
    Using response file: /Users/emanuelflury/Library/Developer/Xcode/DerivedData/TaxedGmbH_IOS-gerngfqzuwudosgobknlgtoawnlj/Build/Intermediates.noindex/GoogleDataTransport.build/Debug-iphoneos/GoogleDataTransport.build/Objects-normal/arm64/e6072d4f65d7061329687fe24e3d63a7-common-args.resp
    
    /Applications/Xcode.app/Contents/Developer/Toolchains/XcodeDefault.xctoolchain/usr/bin/clang -x objective-c -ivfsstatcache /Users/emanuelflury/Library/Developer/Xcode/DerivedData/SDKStatCaches.noindex/iphoneos26.1-23B77-69b33fc7382b27d9b5d46e82a00f8e78.sdkstatcache -fmessage-length\=0 -fdiagnostics-show-note-include-stack -fmacro-backtrace-limit\=0 -fno-color-diagnostics -fmodules-prune-interval\=86400 -fmodules-prune-after\=345600 -fbuild-session-file\=/Users/emanuelflury/Library/Developer/Xcode/DerivedData/ModuleCache.noindex/Session.modulevalidation -fmodules-validate-once-per-build-session -Wnon-modular-include-in-framework-module -Werror\=non-modular-include-in-framework-module -Wno-trigraphs -Wno-missing-field-initializers -Wno-missing-prototypes -Wno-return-type -Wno-implicit-atomic-properties -Wno-objc-interface-ivars -Wno-arc-repeated-use-of-weak -Wno-missing-braces -Wparentheses -Wswitch -Wno-unused-function -Wno-unused-label -Wno-unused-parameter -Wno-unused-variable -Wunused-value -Wno-empty-body -Wno-uninitialized -Wno-unknown-pragmas -w -Wno-shadow -Wno-four-char-constants -Wno-conversion -Wno-constant-conversion -Wno-int-conversion -Wno-bool-conversion -Wno-enum-conversion -Wno-float-conversion -Wno-non-literal-null-conversion -Wno-objc-literal-conversion -Wshorten-64-to-32 -Wpointer-sign -Wno-newline-eof -Wno-selector -Wno-strict-selector-match -Wno-undeclared-selector -Wno-deprecated-implementations -Wno-implicit-fallthrough -fstrict-aliasing -Wprotocol -Wdeprecated-declarations -Wno-sign-conversion -Wno-infinite-recursion -Wno-comma -Wno-block-capture-autoreleasing -Wno-strict-prototypes -Wno-semicolon-before-method-body -index-store-path /Users/emanuelflury/Library/Developer/Xcode/DerivedData/TaxedGmbH_IOS-gerngfqzuwudosgobknlgtoawnlj/Index.noindex/DataStore @/Users/emanuelflury/Library/Developer/Xcode/DerivedData/TaxedGmbH_IOS-gerngfqzuwudosgobknlgtoawnlj/Build/Intermediates.noindex/GoogleDataTransport.build/Debug-iphoneos/GoogleDataTransport.build/Objects-normal/arm64/e6072d4f65d7061329687fe24e3d63a7-common-args.resp -include /Users/emanuelflury/Library/Developer/Xcode/DerivedData/TaxedGmbH_IOS-gerngfqzuwudosgobknlgtoawnlj/Build/Intermediates.noindex/GoogleDataTransport.build/Debug-iphoneos/GoogleDataTransport.build/DerivedSources/resource_bundle_accessor.h -MMD -MT dependencies -MF /Users/emanuelflury/Library/Developer/Xcode/DerivedData/TaxedGmbH_IOS-gerngfqzuwudosgobknlgtoawnlj/Build/Intermediates.noindex/GoogleDataTransport.build/Debug-iphoneos/GoogleDataTransport.build/Objects-normal/arm64/GDTCORMetrics.d --serialize-diagnostics /Users/emanuelflury/Library/Developer/Xcode/DerivedData/TaxedGmbH_IOS-gerngfqzuwudosgobknlgtoawnlj/Build/Intermediates.noindex/GoogleDataTransport.build/Debug-iphoneos/GoogleDataTransport.build/Objects-normal/arm64/GDTCORMetrics.dia -c /Users/emanuelflury/Library/Developer/Xcode/DerivedData/TaxedGmbH_IOS-gerngfqzuwudosgobknlgtoawnlj/SourcePackages/checkouts/GoogleDataTransport/GoogleDataTransport/GDTCORLibrary/GDTCORMetrics.m -o /Users/emanuelflury/Library/Developer/Xcode/DerivedData/TaxedGmbH_IOS-gerngfqzuwudosgobknlgtoawnlj/Build/Intermediates.noindex/GoogleDataTransport.build/Debug-iphoneos/GoogleDataTransport.build/Objects-normal/arm64/GDTCORMetrics.o -index-unit-output-path /GoogleDataTransport.build/Debug-iphoneos/GoogleDataTransport.build/Objects-normal/arm64/GDTCORMetrics.o

CompileC /Users/emanuelflury/Library/Developer/Xcode/DerivedData/TaxedGmbH_IOS-gerngfqzuwudosgobknlgtoawnlj/Build/Intermediates.noindex/GoogleDataTransport.build/Debug-iphoneos/GoogleDataTransport.build/Objects-normal/arm64/GDTCORLogSourceMetrics.o /Users/emanuelflury/Library/Developer/Xcode/DerivedData/TaxedGmbH_IOS-gerngfqzuwudosgobknlgtoawnlj/SourcePackages/checkouts/GoogleDataTransport/GoogleDataTransport/GDTCORLibrary/GDTCORLogSourceMetrics.m normal arm64 objective-c com.apple.compilers.llvm.clang.1_0.compiler (in target 'GoogleDataTransport' from project 'GoogleDataTransport')
    cd /Users/emanuelflury/github/TaxedGmbH_IOS/TaxedGmbH_IOS.xcodeproj
    
    Using response file: /Users/emanuelflury/Library/Developer/Xcode/DerivedData/TaxedGmbH_IOS-gerngfqzuwudosgobknlgtoawnlj/Build/Intermediates.noindex/GoogleDataTransport.build/Debug-iphoneos/GoogleDataTransport.build/Objects-normal/arm64/e6072d4f65d7061329687fe24e3d63a7-common-args.resp
    
    /Applications/Xcode.app/Contents/Developer/Toolchains/XcodeDefault.xctoolchain/usr/bin/clang -x objective-c -ivfsstatcache /Users/emanuelflury/Library/Developer/Xcode/DerivedData/SDKStatCaches.noindex/iphoneos26.1-23B77-69b33fc7382b27d9b5d46e82a00f8e78.sdkstatcache -fmessage-length\=0 -fdiagnostics-show-note-include-stack -fmacro-backtrace-limit\=0 -fno-color-diagnostics -fmodules-prune-interval\=86400 -fmodules-prune-after\=345600 -fbuild-session-file\=/Users/emanuelflury/Library/Developer/Xcode/DerivedData/ModuleCache.noindex/Session.modulevalidation -fmodules-validate-once-per-build-session -Wnon-modular-include-in-framework-module -Werror\=non-modular-include-in-framework-module -Wno-trigraphs -Wno-missing-field-initializers -Wno-missing-prototypes -Wno-return-type -Wno-implicit-atomic-properties -Wno-objc-interface-ivars -Wno-arc-repeated-use-of-weak -Wno-missing-braces -Wparentheses -Wswitch -Wno-unused-function -Wno-unused-label -Wno-unused-parameter -Wno-unused-variable -Wunused-value -Wno-empty-body -Wno-uninitialized -Wno-unknown-pragmas -w -Wno-shadow -Wno-four-char-constants -Wno-conversion -Wno-constant-conversion -Wno-int-conversion -Wno-bool-conversion -Wno-enum-conversion -Wno-float-conversion -Wno-non-literal-null-conversion -Wno-objc-literal-conversion -Wshorten-64-to-32 -Wpointer-sign -Wno-newline-eof -Wno-selector -Wno-strict-selector-match -Wno-undeclared-selector -Wno-deprecated-implementations -Wno-implicit-fallthrough -fstrict-aliasing -Wprotocol -Wdeprecated-declarations -Wno-sign-conversion -Wno-infinite-recursion -Wno-comma -Wno-block-capture-autoreleasing -Wno-strict-prototypes -Wno-semicolon-before-method-body -index-store-path /Users/emanuelflury/Library/Developer/Xcode/DerivedData/TaxedGmbH_IOS-gerngfqzuwudosgobknlgtoawnlj/Index.noindex/DataStore @/Users/emanuelflury/Library/Developer/Xcode/DerivedData/TaxedGmbH_IOS-gerngfqzuwudosgobknlgtoawnlj/Build/Intermediates.noindex/GoogleDataTransport.build/Debug-iphoneos/GoogleDataTransport.build/Objects-normal/arm64/e6072d4f65d7061329687fe24e3d63a7-common-args.resp -include /Users/emanuelflury/Library/Developer/Xcode/DerivedData/TaxedGmbH_IOS-gerngfqzuwudosgobknlgtoawnlj/Build/Intermediates.noindex/GoogleDataTransport.build/Debug-iphoneos/GoogleDataTransport.build/DerivedSources/resource_bundle_accessor.h -MMD -MT dependencies -MF /Users/emanuelflury/Library/Developer/Xcode/DerivedData/TaxedGmbH_IOS-gerngfqzuwudosgobknlgtoawnlj/Build/Intermediates.noindex/GoogleDataTransport.build/Debug-iphoneos/GoogleDataTransport.build/Objects-normal/arm64/GDTCORLogSourceMetrics.d --serialize-diagnostics /Users/emanuelflury/Library/Developer/Xcode/DerivedData/TaxedGmbH_IOS-gerngfqzuwudosgobknlgtoawnlj/Build/Intermediates.noindex/GoogleDataTransport.build/Debug-iphoneos/GoogleDataTransport.build/Objects-normal/arm64/GDTCORLogSourceMetrics.dia -c /Users/emanuelflury/Library/Developer/Xcode/DerivedData/TaxedGmbH_IOS-gerngfqzuwudosgobknlgtoawnlj/SourcePackages/checkouts/GoogleDataTransport/GoogleDataTransport/GDTCORLibrary/GDTCORLogSourceMetrics.m -o /Users/emanuelflury/Library/Developer/Xcode/DerivedData/TaxedGmbH_IOS-gerngfqzuwudosgobknlgtoawnlj/Build/Intermediates.noindex/GoogleDataTransport.build/Debug-iphoneos/GoogleDataTransport.build/Objects-normal/arm64/GDTCORLogSourceMetrics.o -index-unit-output-path /GoogleDataTransport.build/Debug-iphoneos/GoogleDataTransport.build/Objects-normal/arm64/GDTCORLogSourceMetrics.o

CompileC /Users/emanuelflury/Library/Developer/Xcode/DerivedData/TaxedGmbH_IOS-gerngfqzuwudosgobknlgtoawnlj/Build/Intermediates.noindex/GoogleDataTransport.build/Debug-iphoneos/GoogleDataTransport.build/Objects-normal/arm64/GDTCOREvent+GDTMetricsSupport.o /Users/emanuelflury/Library/Developer/Xcode/DerivedData/TaxedGmbH_IOS-gerngfqzuwudosgobknlgtoawnlj/SourcePackages/checkouts/GoogleDataTransport/GoogleDataTransport/GDTCCTLibrary/GDTCOREvent+GDTMetricsSupport.m normal arm64 objective-c com.apple.compilers.llvm.clang.1_0.compiler (in target 'GoogleDataTransport' from project 'GoogleDataTransport')
    cd /Users/emanuelflury/github/TaxedGmbH_IOS/TaxedGmbH_IOS.xcodeproj
    
    Using response file: /Users/emanuelflury/Library/Developer/Xcode/DerivedData/TaxedGmbH_IOS-gerngfqzuwudosgobknlgtoawnlj/Build/Intermediates.noindex/GoogleDataTransport.build/Debug-iphoneos/GoogleDataTransport.build/Objects-normal/arm64/e6072d4f65d7061329687fe24e3d63a7-common-args.resp
    
    /Applications/Xcode.app/Contents/Developer/Toolchains/XcodeDefault.xctoolchain/usr/bin/clang -x objective-c -ivfsstatcache /Users/emanuelflury/Library/Developer/Xcode/DerivedData/SDKStatCaches.noindex/iphoneos26.1-23B77-69b33fc7382b27d9b5d46e82a00f8e78.sdkstatcache -fmessage-length\=0 -fdiagnostics-show-note-include-stack -fmacro-backtrace-limit\=0 -fno-color-diagnostics -fmodules-prune-interval\=86400 -fmodules-prune-after\=345600 -fbuild-session-file\=/Users/emanuelflury/Library/Developer/Xcode/DerivedData/ModuleCache.noindex/Session.modulevalidation -fmodules-validate-once-per-build-session -Wnon-modular-include-in-framework-module -Werror\=non-modular-include-in-framework-module -Wno-trigraphs -Wno-missing-field-initializers -Wno-missing-prototypes -Wno-return-type -Wno-implicit-atomic-properties -Wno-objc-interface-ivars -Wno-arc-repeated-use-of-weak -Wno-missing-braces -Wparentheses -Wswitch -Wno-unused-function -Wno-unused-label -Wno-unused-parameter -Wno-unused-variable -Wunused-value -Wno-empty-body -Wno-uninitialized -Wno-unknown-pragmas -w -Wno-shadow -Wno-four-char-constants -Wno-conversion -Wno-constant-conversion -Wno-int-conversion -Wno-bool-conversion -Wno-enum-conversion -Wno-float-conversion -Wno-non-literal-null-conversion -Wno-objc-literal-conversion -Wshorten-64-to-32 -Wpointer-sign -Wno-newline-eof -Wno-selector -Wno-strict-selector-match -Wno-undeclared-selector -Wno-deprecated-implementations -Wno-implicit-fallthrough -fstrict-aliasing -Wprotocol -Wdeprecated-declarations -Wno-sign-conversion -Wno-infinite-recursion -Wno-comma -Wno-block-capture-autoreleasing -Wno-strict-prototypes -Wno-semicolon-before-method-body -index-store-path /Users/emanuelflury/Library/Developer/Xcode/DerivedData/TaxedGmbH_IOS-gerngfqzuwudosgobknlgtoawnlj/Index.noindex/DataStore @/Users/emanuelflury/Library/Developer/Xcode/DerivedData/TaxedGmbH_IOS-gerngfqzuwudosgobknlgtoawnlj/Build/Intermediates.noindex/GoogleDataTransport.build/Debug-iphoneos/GoogleDataTransport.build/Objects-normal/arm64/e6072d4f65d7061329687fe24e3d63a7-common-args.resp -include /Users/emanuelflury/Library/Developer/Xcode/DerivedData/TaxedGmbH_IOS-gerngfqzuwudosgobknlgtoawnlj/Build/Intermediates.noindex/GoogleDataTransport.build/Debug-iphoneos/GoogleDataTransport.build/DerivedSources/resource_bundle_accessor.h -MMD -MT dependencies -MF /Users/emanuelflury/Library/Developer/Xcode/DerivedData/TaxedGmbH_IOS-gerngfqzuwudosgobknlgtoawnlj/Build/Intermediates.noindex/GoogleDataTransport.build/Debug-iphoneos/GoogleDataTransport.build/Objects-normal/arm64/GDTCOREvent+GDTMetricsSupport.d --serialize-diagnostics /Users/emanuelflury/Library/Developer/Xcode/DerivedData/TaxedGmbH_IOS-gerngfqzuwudosgobknlgtoawnlj/Build/Intermediates.noindex/GoogleDataTransport.build/Debug-iphoneos/GoogleDataTransport.build/Objects-normal/arm64/GDTCOREvent+GDTMetricsSupport.dia -c /Users/emanuelflury/Library/Developer/Xcode/DerivedData/TaxedGmbH_IOS-gerngfqzuwudosgobknlgtoawnlj/SourcePackages/checkouts/GoogleDataTransport/GoogleDataTransport/GDTCCTLibrary/GDTCOREvent+GDTMetricsSupport.m -o /Users/emanuelflury/Library/Developer/Xcode/DerivedData/TaxedGmbH_IOS-gerngfqzuwudosgobknlgtoawnlj/Build/Intermediates.noindex/GoogleDataTransport.build/Debug-iphoneos/GoogleDataTransport.build/Objects-normal/arm64/GDTCOREvent+GDTMetricsSupport.o -index-unit-output-path /GoogleDataTransport.build/Debug-iphoneos/GoogleDataTransport.build/Objects-normal/arm64/GDTCOREvent+GDTMetricsSupport.o

CompileC /Users/emanuelflury/Library/Developer/Xcode/DerivedData/TaxedGmbH_IOS-gerngfqzuwudosgobknlgtoawnlj/Build/Intermediates.noindex/GoogleDataTransport.build/Debug-iphoneos/GoogleDataTransport.build/Objects-normal/arm64/GDTCOREvent+GDTCCTSupport.o /Users/emanuelflury/Library/Developer/Xcode/DerivedData/TaxedGmbH_IOS-gerngfqzuwudosgobknlgtoawnlj/SourcePackages/checkouts/GoogleDataTransport/GoogleDataTransport/GDTCCTLibrary/GDTCOREvent+GDTCCTSupport.m normal arm64 objective-c com.apple.compilers.llvm.clang.1_0.compiler (in target 'GoogleDataTransport' from project 'GoogleDataTransport')
    cd /Users/emanuelflury/github/TaxedGmbH_IOS/TaxedGmbH_IOS.xcodeproj
    
    Using response file: /Users/emanuelflury/Library/Developer/Xcode/DerivedData/TaxedGmbH_IOS-gerngfqzuwudosgobknlgtoawnlj/Build/Intermediates.noindex/GoogleDataTransport.build/Debug-iphoneos/GoogleDataTransport.build/Objects-normal/arm64/e6072d4f65d7061329687fe24e3d63a7-common-args.resp
    
    /Applications/Xcode.app/Contents/Developer/Toolchains/XcodeDefault.xctoolchain/usr/bin/clang -x objective-c -ivfsstatcache /Users/emanuelflury/Library/Developer/Xcode/DerivedData/SDKStatCaches.noindex/iphoneos26.1-23B77-69b33fc7382b27d9b5d46e82a00f8e78.sdkstatcache -fmessage-length\=0 -fdiagnostics-show-note-include-stack -fmacro-backtrace-limit\=0 -fno-color-diagnostics -fmodules-prune-interval\=86400 -fmodules-prune-after\=345600 -fbuild-session-file\=/Users/emanuelflury/Library/Developer/Xcode/DerivedData/ModuleCache.noindex/Session.modulevalidation -fmodules-validate-once-per-build-session -Wnon-modular-include-in-framework-module -Werror\=non-modular-include-in-framework-module -Wno-trigraphs -Wno-missing-field-initializers -Wno-missing-prototypes -Wno-return-type -Wno-implicit-atomic-properties -Wno-objc-interface-ivars -Wno-arc-repeated-use-of-weak -Wno-missing-braces -Wparentheses -Wswitch -Wno-unused-function -Wno-unused-label -Wno-unused-parameter -Wno-unused-variable -Wunused-value -Wno-empty-body -Wno-uninitialized -Wno-unknown-pragmas -w -Wno-shadow -Wno-four-char-constants -Wno-conversion -Wno-constant-conversion -Wno-int-conversion -Wno-bool-conversion -Wno-enum-conversion -Wno-float-conversion -Wno-non-literal-null-conversion -Wno-objc-literal-conversion -Wshorten-64-to-32 -Wpointer-sign -Wno-newline-eof -Wno-selector -Wno-strict-selector-match -Wno-undeclared-selector -Wno-deprecated-implementations -Wno-implicit-fallthrough -fstrict-aliasing -Wprotocol -Wdeprecated-declarations -Wno-sign-conversion -Wno-infinite-recursion -Wno-comma -Wno-block-capture-autoreleasing -Wno-strict-prototypes -Wno-semicolon-before-method-body -index-store-path /Users/emanuelflury/Library/Developer/Xcode/DerivedData/TaxedGmbH_IOS-gerngfqzuwudosgobknlgtoawnlj/Index.noindex/DataStore @/Users/emanuelflury/Library/Developer/Xcode/DerivedData/TaxedGmbH_IOS-gerngfqzuwudosgobknlgtoawnlj/Build/Intermediates.noindex/GoogleDataTransport.build/Debug-iphoneos/GoogleDataTransport.build/Objects-normal/arm64/e6072d4f65d7061329687fe24e3d63a7-common-args.resp -include /Users/emanuelflury/Library/Developer/Xcode/DerivedData/TaxedGmbH_IOS-gerngfqzuwudosgobknlgtoawnlj/Build/Intermediates.noindex/GoogleDataTransport.build/Debug-iphoneos/GoogleDataTransport.build/DerivedSources/resource_bundle_accessor.h -MMD -MT dependencies -MF /Users/emanuelflury/Library/Developer/Xcode/DerivedData/TaxedGmbH_IOS-gerngfqzuwudosgobknlgtoawnlj/Build/Intermediates.noindex/GoogleDataTransport.build/Debug-iphoneos/GoogleDataTransport.build/Objects-normal/arm64/GDTCOREvent+GDTCCTSupport.d --serialize-diagnostics /Users/emanuelflury/Library/Developer/Xcode/DerivedData/TaxedGmbH_IOS-gerngfqzuwudosgobknlgtoawnlj/Build/Intermediates.noindex/GoogleDataTransport.build/Debug-iphoneos/GoogleDataTransport.build/Objects-normal/arm64/GDTCOREvent+GDTCCTSupport.dia -c /Users/emanuelflury/Library/Developer/Xcode/DerivedData/TaxedGmbH_IOS-gerngfqzuwudosgobknlgtoawnlj/SourcePackages/checkouts/GoogleDataTransport/GoogleDataTransport/GDTCCTLibrary/GDTCOREvent+GDTCCTSupport.m -o /Users/emanuelflury/Library/Developer/Xcode/DerivedData/TaxedGmbH_IOS-gerngfqzuwudosgobknlgtoawnlj/Build/Intermediates.noindex/GoogleDataTransport.build/Debug-iphoneos/GoogleDataTransport.build/Objects-normal/arm64/GDTCOREvent+GDTCCTSupport.o -index-unit-output-path /GoogleDataTransport.build/Debug-iphoneos/GoogleDataTransport.build/Objects-normal/arm64/GDTCOREvent+GDTCCTSupport.o

CompileC /Users/emanuelflury/Library/Developer/Xcode/DerivedData/TaxedGmbH_IOS-gerngfqzuwudosgobknlgtoawnlj/Build/Intermediates.noindex/GoogleDataTransport.build/Debug-iphoneos/GoogleDataTransport.build/Objects-normal/arm64/GDTCOREndpoints.o /Users/emanuelflury/Library/Developer/Xcode/DerivedData/TaxedGmbH_IOS-gerngfqzuwudosgobknlgtoawnlj/SourcePackages/checkouts/GoogleDataTransport/GoogleDataTransport/GDTCORLibrary/GDTCOREndpoints.m normal arm64 objective-c com.apple.compilers.llvm.clang.1_0.compiler (in target 'GoogleDataTransport' from project 'GoogleDataTransport')
    cd /Users/emanuelflury/github/TaxedGmbH_IOS/TaxedGmbH_IOS.xcodeproj
    
    Using response file: /Users/emanuelflury/Library/Developer/Xcode/DerivedData/TaxedGmbH_IOS-gerngfqzuwudosgobknlgtoawnlj/Build/Intermediates.noindex/GoogleDataTransport.build/Debug-iphoneos/GoogleDataTransport.build/Objects-normal/arm64/e6072d4f65d7061329687fe24e3d63a7-common-args.resp
    
    /Applications/Xcode.app/Contents/Developer/Toolchains/XcodeDefault.xctoolchain/usr/bin/clang -x objective-c -ivfsstatcache /Users/emanuelflury/Library/Developer/Xcode/DerivedData/SDKStatCaches.noindex/iphoneos26.1-23B77-69b33fc7382b27d9b5d46e82a00f8e78.sdkstatcache -fmessage-length\=0 -fdiagnostics-show-note-include-stack -fmacro-backtrace-limit\=0 -fno-color-diagnostics -fmodules-prune-interval\=86400 -fmodules-prune-after\=345600 -fbuild-session-file\=/Users/emanuelflury/Library/Developer/Xcode/DerivedData/ModuleCache.noindex/Session.modulevalidation -fmodules-validate-once-per-build-session -Wnon-modular-include-in-framework-module -Werror\=non-modular-include-in-framework-module -Wno-trigraphs -Wno-missing-field-initializers -Wno-missing-prototypes -Wno-return-type -Wno-implicit-atomic-properties -Wno-objc-interface-ivars -Wno-arc-repeated-use-of-weak -Wno-missing-braces -Wparentheses -Wswitch -Wno-unused-function -Wno-unused-label -Wno-unused-parameter -Wno-unused-variable -Wunused-value -Wno-empty-body -Wno-uninitialized -Wno-unknown-pragmas -w -Wno-shadow -Wno-four-char-constants -Wno-conversion -Wno-constant-conversion -Wno-int-conversion -Wno-bool-conversion -Wno-enum-conversion -Wno-float-conversion -Wno-non-literal-null-conversion -Wno-objc-literal-conversion -Wshorten-64-to-32 -Wpointer-sign -Wno-newline-eof -Wno-selector -Wno-strict-selector-match -Wno-undeclared-selector -Wno-deprecated-implementations -Wno-implicit-fallthrough -fstrict-aliasing -Wprotocol -Wdeprecated-declarations -Wno-sign-conversion -Wno-infinite-recursion -Wno-comma -Wno-block-capture-autoreleasing -Wno-strict-prototypes -Wno-semicolon-before-method-body -index-store-path /Users/emanuelflury/Library/Developer/Xcode/DerivedData/TaxedGmbH_IOS-gerngfqzuwudosgobknlgtoawnlj/Index.noindex/DataStore @/Users/emanuelflury/Library/Developer/Xcode/DerivedData/TaxedGmbH_IOS-gerngfqzuwudosgobknlgtoawnlj/Build/Intermediates.noindex/GoogleDataTransport.build/Debug-iphoneos/GoogleDataTransport.build/Objects-normal/arm64/e6072d4f65d7061329687fe24e3d63a7-common-args.resp -include /Users/emanuelflury/Library/Developer/Xcode/DerivedData/TaxedGmbH_IOS-gerngfqzuwudosgobknlgtoawnlj/Build/Intermediates.noindex/GoogleDataTransport.build/Debug-iphoneos/GoogleDataTransport.build/DerivedSources/resource_bundle_accessor.h -MMD -MT dependencies -MF /Users/emanuelflury/Library/Developer/Xcode/DerivedData/TaxedGmbH_IOS-gerngfqzuwudosgobknlgtoawnlj/Build/Intermediates.noindex/GoogleDataTransport.build/Debug-iphoneos/GoogleDataTransport.build/Objects-normal/arm64/GDTCOREndpoints.d --serialize-diagnostics /Users/emanuelflury/Library/Developer/Xcode/DerivedData/TaxedGmbH_IOS-gerngfqzuwudosgobknlgtoawnlj/Build/Intermediates.noindex/GoogleDataTransport.build/Debug-iphoneos/GoogleDataTransport.build/Objects-normal/arm64/GDTCOREndpoints.dia -c /Users/emanuelflury/Library/Developer/Xcode/DerivedData/TaxedGmbH_IOS-gerngfqzuwudosgobknlgtoawnlj/SourcePackages/checkouts/GoogleDataTransport/GoogleDataTransport/GDTCORLibrary/GDTCOREndpoints.m -o /Users/emanuelflury/Library/Developer/Xcode/DerivedData/TaxedGmbH_IOS-gerngfqzuwudosgobknlgtoawnlj/Build/Intermediates.noindex/GoogleDataTransport.build/Debug-iphoneos/GoogleDataTransport.build/Objects-normal/arm64/GDTCOREndpoints.o -index-unit-output-path /GoogleDataTransport.build/Debug-iphoneos/GoogleDataTransport.build/Objects-normal/arm64/GDTCOREndpoints.o

CompileC /Users/emanuelflury/Library/Developer/Xcode/DerivedData/TaxedGmbH_IOS-gerngfqzuwudosgobknlgtoawnlj/Build/Intermediates.noindex/GoogleDataTransport.build/Debug-iphoneos/GoogleDataTransport.build/Objects-normal/arm64/GDTCORConsoleLogger.o /Users/emanuelflury/Library/Developer/Xcode/DerivedData/TaxedGmbH_IOS-gerngfqzuwudosgobknlgtoawnlj/SourcePackages/checkouts/GoogleDataTransport/GoogleDataTransport/GDTCORLibrary/GDTCORConsoleLogger.m normal arm64 objective-c com.apple.compilers.llvm.clang.1_0.compiler (in target 'GoogleDataTransport' from project 'GoogleDataTransport')
    cd /Users/emanuelflury/github/TaxedGmbH_IOS/TaxedGmbH_IOS.xcodeproj
    
    Using response file: /Users/emanuelflury/Library/Developer/Xcode/DerivedData/TaxedGmbH_IOS-gerngfqzuwudosgobknlgtoawnlj/Build/Intermediates.noindex/GoogleDataTransport.build/Debug-iphoneos/GoogleDataTransport.build/Objects-normal/arm64/e6072d4f65d7061329687fe24e3d63a7-common-args.resp
    
    /Applications/Xcode.app/Contents/Developer/Toolchains/XcodeDefault.xctoolchain/usr/bin/clang -x objective-c -ivfsstatcache /Users/emanuelflury/Library/Developer/Xcode/DerivedData/SDKStatCaches.noindex/iphoneos26.1-23B77-69b33fc7382b27d9b5d46e82a00f8e78.sdkstatcache -fmessage-length\=0 -fdiagnostics-show-note-include-stack -fmacro-backtrace-limit\=0 -fno-color-diagnostics -fmodules-prune-interval\=86400 -fmodules-prune-after\=345600 -fbuild-session-file\=/Users/emanuelflury/Library/Developer/Xcode/DerivedData/ModuleCache.noindex/Session.modulevalidation -fmodules-validate-once-per-build-session -Wnon-modular-include-in-framework-module -Werror\=non-modular-include-in-framework-module -Wno-trigraphs -Wno-missing-field-initializers -Wno-missing-prototypes -Wno-return-type -Wno-implicit-atomic-properties -Wno-objc-interface-ivars -Wno-arc-repeated-use-of-weak -Wno-missing-braces -Wparentheses -Wswitch -Wno-unused-function -Wno-unused-label -Wno-unused-parameter -Wno-unused-variable -Wunused-value -Wno-empty-body -Wno-uninitialized -Wno-unknown-pragmas -w -Wno-shadow -Wno-four-char-constants -Wno-conversion -Wno-constant-conversion -Wno-int-conversion -Wno-bool-conversion -Wno-enum-conversion -Wno-float-conversion -Wno-non-literal-null-conversion -Wno-objc-literal-conversion -Wshorten-64-to-32 -Wpointer-sign -Wno-newline-eof -Wno-selector -Wno-strict-selector-match -Wno-undeclared-selector -Wno-deprecated-implementations -Wno-implicit-fallthrough -fstrict-aliasing -Wprotocol -Wdeprecated-declarations -Wno-sign-conversion -Wno-infinite-recursion -Wno-comma -Wno-block-capture-autoreleasing -Wno-strict-prototypes -Wno-semicolon-before-method-body -index-store-path /Users/emanuelflury/Library/Developer/Xcode/DerivedData/TaxedGmbH_IOS-gerngfqzuwudosgobknlgtoawnlj/Index.noindex/DataStore @/Users/emanuelflury/Library/Developer/Xcode/DerivedData/TaxedGmbH_IOS-gerngfqzuwudosgobknlgtoawnlj/Build/Intermediates.noindex/GoogleDataTransport.build/Debug-iphoneos/GoogleDataTransport.build/Objects-normal/arm64/e6072d4f65d7061329687fe24e3d63a7-common-args.resp -include /Users/emanuelflury/Library/Developer/Xcode/DerivedData/TaxedGmbH_IOS-gerngfqzuwudosgobknlgtoawnlj/Build/Intermediates.noindex/GoogleDataTransport.build/Debug-iphoneos/GoogleDataTransport.build/DerivedSources/resource_bundle_accessor.h -MMD -MT dependencies -MF /Users/emanuelflury/Library/Developer/Xcode/DerivedData/TaxedGmbH_IOS-gerngfqzuwudosgobknlgtoawnlj/Build/Intermediates.noindex/GoogleDataTransport.build/Debug-iphoneos/GoogleDataTransport.build/Objects-normal/arm64/GDTCORConsoleLogger.d --serialize-diagnostics /Users/emanuelflury/Library/Developer/Xcode/DerivedData/TaxedGmbH_IOS-gerngfqzuwudosgobknlgtoawnlj/Build/Intermediates.noindex/GoogleDataTransport.build/Debug-iphoneos/GoogleDataTransport.build/Objects-normal/arm64/GDTCORConsoleLogger.dia -c /Users/emanuelflury/Library/Developer/Xcode/DerivedData/TaxedGmbH_IOS-gerngfqzuwudosgobknlgtoawnlj/SourcePackages/checkouts/GoogleDataTransport/GoogleDataTransport/GDTCORLibrary/GDTCORConsoleLogger.m -o /Users/emanuelflury/Library/Developer/Xcode/DerivedData/TaxedGmbH_IOS-gerngfqzuwudosgobknlgtoawnlj/Build/Intermediates.noindex/GoogleDataTransport.build/Debug-iphoneos/GoogleDataTransport.build/Objects-normal/arm64/GDTCORConsoleLogger.o -index-unit-output-path /GoogleDataTransport.build/Debug-iphoneos/GoogleDataTransport.build/Objects-normal/arm64/GDTCORConsoleLogger.o

CompileC /Users/emanuelflury/Library/Developer/Xcode/DerivedData/TaxedGmbH_IOS-gerngfqzuwudosgobknlgtoawnlj/Build/Intermediates.noindex/GoogleDataTransport.build/Debug-iphoneos/GoogleDataTransport.build/Objects-normal/arm64/GDTCORClock.o /Users/emanuelflury/Library/Developer/Xcode/DerivedData/TaxedGmbH_IOS-gerngfqzuwudosgobknlgtoawnlj/SourcePackages/checkouts/GoogleDataTransport/GoogleDataTransport/GDTCORLibrary/GDTCORClock.m normal arm64 objective-c com.apple.compilers.llvm.clang.1_0.compiler (in target 'GoogleDataTransport' from project 'GoogleDataTransport')
    cd /Users/emanuelflury/github/TaxedGmbH_IOS/TaxedGmbH_IOS.xcodeproj
    
    Using response file: /Users/emanuelflury/Library/Developer/Xcode/DerivedData/TaxedGmbH_IOS-gerngfqzuwudosgobknlgtoawnlj/Build/Intermediates.noindex/GoogleDataTransport.build/Debug-iphoneos/GoogleDataTransport.build/Objects-normal/arm64/e6072d4f65d7061329687fe24e3d63a7-common-args.resp
    
    /Applications/Xcode.app/Contents/Developer/Toolchains/XcodeDefault.xctoolchain/usr/bin/clang -x objective-c -ivfsstatcache /Users/emanuelflury/Library/Developer/Xcode/DerivedData/SDKStatCaches.noindex/iphoneos26.1-23B77-69b33fc7382b27d9b5d46e82a00f8e78.sdkstatcache -fmessage-length\=0 -fdiagnostics-show-note-include-stack -fmacro-backtrace-limit\=0 -fno-color-diagnostics -fmodules-prune-interval\=86400 -fmodules-prune-after\=345600 -fbuild-session-file\=/Users/emanuelflury/Library/Developer/Xcode/DerivedData/ModuleCache.noindex/Session.modulevalidation -fmodules-validate-once-per-build-session -Wnon-modular-include-in-framework-module -Werror\=non-modular-include-in-framework-module -Wno-trigraphs -Wno-missing-field-initializers -Wno-missing-prototypes -Wno-return-type -Wno-implicit-atomic-properties -Wno-objc-interface-ivars -Wno-arc-repeated-use-of-weak -Wno-missing-braces -Wparentheses -Wswitch -Wno-unused-function -Wno-unused-label -Wno-unused-parameter -Wno-unused-variable -Wunused-value -Wno-empty-body -Wno-uninitialized -Wno-unknown-pragmas -w -Wno-shadow -Wno-four-char-constants -Wno-conversion -Wno-constant-conversion -Wno-int-conversion -Wno-bool-conversion -Wno-enum-conversion -Wno-float-conversion -Wno-non-literal-null-conversion -Wno-objc-literal-conversion -Wshorten-64-to-32 -Wpointer-sign -Wno-newline-eof -Wno-selector -Wno-strict-selector-match -Wno-undeclared-selector -Wno-deprecated-implementations -Wno-implicit-fallthrough -fstrict-aliasing -Wprotocol -Wdeprecated-declarations -Wno-sign-conversion -Wno-infinite-recursion -Wno-comma -Wno-block-capture-autoreleasing -Wno-strict-prototypes -Wno-semicolon-before-method-body -index-store-path /Users/emanuelflury/Library/Developer/Xcode/DerivedData/TaxedGmbH_IOS-gerngfqzuwudosgobknlgtoawnlj/Index.noindex/DataStore @/Users/emanuelflury/Library/Developer/Xcode/DerivedData/TaxedGmbH_IOS-gerngfqzuwudosgobknlgtoawnlj/Build/Intermediates.noindex/GoogleDataTransport.build/Debug-iphoneos/GoogleDataTransport.build/Objects-normal/arm64/e6072d4f65d7061329687fe24e3d63a7-common-args.resp -include /Users/emanuelflury/Library/Developer/Xcode/DerivedData/TaxedGmbH_IOS-gerngfqzuwudosgobknlgtoawnlj/Build/Intermediates.noindex/GoogleDataTransport.build/Debug-iphoneos/GoogleDataTransport.build/DerivedSources/resource_bundle_accessor.h -MMD -MT dependencies -MF /Users/emanuelflury/Library/Developer/Xcode/DerivedData/TaxedGmbH_IOS-gerngfqzuwudosgobknlgtoawnlj/Build/Intermediates.noindex/GoogleDataTransport.build/Debug-iphoneos/GoogleDataTransport.build/Objects-normal/arm64/GDTCORClock.d --serialize-diagnostics /Users/emanuelflury/Library/Developer/Xcode/DerivedData/TaxedGmbH_IOS-gerngfqzuwudosgobknlgtoawnlj/Build/Intermediates.noindex/GoogleDataTransport.build/Debug-iphoneos/GoogleDataTransport.build/Objects-normal/arm64/GDTCORClock.dia -c /Users/emanuelflury/Library/Developer/Xcode/DerivedData/TaxedGmbH_IOS-gerngfqzuwudosgobknlgtoawnlj/SourcePackages/checkouts/GoogleDataTransport/GoogleDataTransport/GDTCORLibrary/GDTCORClock.m -o /Users/emanuelflury/Library/Developer/Xcode/DerivedData/TaxedGmbH_IOS-gerngfqzuwudosgobknlgtoawnlj/Build/Intermediates.noindex/GoogleDataTransport.build/Debug-iphoneos/GoogleDataTransport.build/Objects-normal/arm64/GDTCORClock.o -index-unit-output-path /GoogleDataTransport.build/Debug-iphoneos/GoogleDataTransport.build/Objects-normal/arm64/GDTCORClock.o

SwiftDriverJobDiscovery normal arm64 Compiling HeartbeatsPayload.swift (in target 'FirebaseCoreInternal' from project 'Firebase')

CompileC /Users/emanuelflury/Library/Developer/Xcode/DerivedData/TaxedGmbH_IOS-gerngfqzuwudosgobknlgtoawnlj/Build/Intermediates.noindex/GoogleDataTransport.build/Debug-iphoneos/GoogleDataTransport.build/Objects-normal/arm64/GDTCORAssert.o /Users/emanuelflury/Library/Developer/Xcode/DerivedData/TaxedGmbH_IOS-gerngfqzuwudosgobknlgtoawnlj/SourcePackages/checkouts/GoogleDataTransport/GoogleDataTransport/GDTCORLibrary/GDTCORAssert.m normal arm64 objective-c com.apple.compilers.llvm.clang.1_0.compiler (in target 'GoogleDataTransport' from project 'GoogleDataTransport')
    cd /Users/emanuelflury/github/TaxedGmbH_IOS/TaxedGmbH_IOS.xcodeproj
    
    Using response file: /Users/emanuelflury/Library/Developer/Xcode/DerivedData/TaxedGmbH_IOS-gerngfqzuwudosgobknlgtoawnlj/Build/Intermediates.noindex/GoogleDataTransport.build/Debug-iphoneos/GoogleDataTransport.build/Objects-normal/arm64/e6072d4f65d7061329687fe24e3d63a7-common-args.resp
    
    /Applications/Xcode.app/Contents/Developer/Toolchains/XcodeDefault.xctoolchain/usr/bin/clang -x objective-c -ivfsstatcache /Users/emanuelflury/Library/Developer/Xcode/DerivedData/SDKStatCaches.noindex/iphoneos26.1-23B77-69b33fc7382b27d9b5d46e82a00f8e78.sdkstatcache -fmessage-length\=0 -fdiagnostics-show-note-include-stack -fmacro-backtrace-limit\=0 -fno-color-diagnostics -fmodules-prune-interval\=86400 -fmodules-prune-after\=345600 -fbuild-session-file\=/Users/emanuelflury/Library/Developer/Xcode/DerivedData/ModuleCache.noindex/Session.modulevalidation -fmodules-validate-once-per-build-session -Wnon-modular-include-in-framework-module -Werror\=non-modular-include-in-framework-module -Wno-trigraphs -Wno-missing-field-initializers -Wno-missing-prototypes -Wno-return-type -Wno-implicit-atomic-properties -Wno-objc-interface-ivars -Wno-arc-repeated-use-of-weak -Wno-missing-braces -Wparentheses -Wswitch -Wno-unused-function -Wno-unused-label -Wno-unused-parameter -Wno-unused-variable -Wunused-value -Wno-empty-body -Wno-uninitialized -Wno-unknown-pragmas -w -Wno-shadow -Wno-four-char-constants -Wno-conversion -Wno-constant-conversion -Wno-int-conversion -Wno-bool-conversion -Wno-enum-conversion -Wno-float-conversion -Wno-non-literal-null-conversion -Wno-objc-literal-conversion -Wshorten-64-to-32 -Wpointer-sign -Wno-newline-eof -Wno-selector -Wno-strict-selector-match -Wno-undeclared-selector -Wno-deprecated-implementations -Wno-implicit-fallthrough -fstrict-aliasing -Wprotocol -Wdeprecated-declarations -Wno-sign-conversion -Wno-infinite-recursion -Wno-comma -Wno-block-capture-autoreleasing -Wno-strict-prototypes -Wno-semicolon-before-method-body -index-store-path /Users/emanuelflury/Library/Developer/Xcode/DerivedData/TaxedGmbH_IOS-gerngfqzuwudosgobknlgtoawnlj/Index.noindex/DataStore @/Users/emanuelflury/Library/Developer/Xcode/DerivedData/TaxedGmbH_IOS-gerngfqzuwudosgobknlgtoawnlj/Build/Intermediates.noindex/GoogleDataTransport.build/Debug-iphoneos/GoogleDataTransport.build/Objects-normal/arm64/e6072d4f65d7061329687fe24e3d63a7-common-args.resp -include /Users/emanuelflury/Library/Developer/Xcode/DerivedData/TaxedGmbH_IOS-gerngfqzuwudosgobknlgtoawnlj/Build/Intermediates.noindex/GoogleDataTransport.build/Debug-iphoneos/GoogleDataTransport.build/DerivedSources/resource_bundle_accessor.h -MMD -MT dependencies -MF /Users/emanuelflury/Library/Developer/Xcode/DerivedData/TaxedGmbH_IOS-gerngfqzuwudosgobknlgtoawnlj/Build/Intermediates.noindex/GoogleDataTransport.build/Debug-iphoneos/GoogleDataTransport.build/Objects-normal/arm64/GDTCORAssert.d --serialize-diagnostics /Users/emanuelflury/Library/Developer/Xcode/DerivedData/TaxedGmbH_IOS-gerngfqzuwudosgobknlgtoawnlj/Build/Intermediates.noindex/GoogleDataTransport.build/Debug-iphoneos/GoogleDataTransport.build/Objects-normal/arm64/GDTCORAssert.dia -c /Users/emanuelflury/Library/Developer/Xcode/DerivedData/TaxedGmbH_IOS-gerngfqzuwudosgobknlgtoawnlj/SourcePackages/checkouts/GoogleDataTransport/GoogleDataTransport/GDTCORLibrary/GDTCORAssert.m -o /Users/emanuelflury/Library/Developer/Xcode/DerivedData/TaxedGmbH_IOS-gerngfqzuwudosgobknlgtoawnlj/Build/Intermediates.noindex/GoogleDataTransport.build/Debug-iphoneos/GoogleDataTransport.build/Objects-normal/arm64/GDTCORAssert.o -index-unit-output-path /GoogleDataTransport.build/Debug-iphoneos/GoogleDataTransport.build/Objects-normal/arm64/GDTCORAssert.o

CompileC /Users/emanuelflury/Library/Developer/Xcode/DerivedData/TaxedGmbH_IOS-gerngfqzuwudosgobknlgtoawnlj/Build/Intermediates.noindex/GoogleDataTransport.build/Debug-iphoneos/GoogleDataTransport.build/Objects-normal/arm64/GDTCCTURLSessionDataResponse.o /Users/emanuelflury/Library/Developer/Xcode/DerivedData/TaxedGmbH_IOS-gerngfqzuwudosgobknlgtoawnlj/SourcePackages/checkouts/GoogleDataTransport/GoogleDataTransport/GDTCCTLibrary/GDTCCTURLSessionDataResponse.m normal arm64 objective-c com.apple.compilers.llvm.clang.1_0.compiler (in target 'GoogleDataTransport' from project 'GoogleDataTransport')
    cd /Users/emanuelflury/github/TaxedGmbH_IOS/TaxedGmbH_IOS.xcodeproj
    
    Using response file: /Users/emanuelflury/Library/Developer/Xcode/DerivedData/TaxedGmbH_IOS-gerngfqzuwudosgobknlgtoawnlj/Build/Intermediates.noindex/GoogleDataTransport.build/Debug-iphoneos/GoogleDataTransport.build/Objects-normal/arm64/e6072d4f65d7061329687fe24e3d63a7-common-args.resp
    
    /Applications/Xcode.app/Contents/Developer/Toolchains/XcodeDefault.xctoolchain/usr/bin/clang -x objective-c -ivfsstatcache /Users/emanuelflury/Library/Developer/Xcode/DerivedData/SDKStatCaches.noindex/iphoneos26.1-23B77-69b33fc7382b27d9b5d46e82a00f8e78.sdkstatcache -fmessage-length\=0 -fdiagnostics-show-note-include-stack -fmacro-backtrace-limit\=0 -fno-color-diagnostics -fmodules-prune-interval\=86400 -fmodules-prune-after\=345600 -fbuild-session-file\=/Users/emanuelflury/Library/Developer/Xcode/DerivedData/ModuleCache.noindex/Session.modulevalidation -fmodules-validate-once-per-build-session -Wnon-modular-include-in-framework-module -Werror\=non-modular-include-in-framework-module -Wno-trigraphs -Wno-missing-field-initializers -Wno-missing-prototypes -Wno-return-type -Wno-implicit-atomic-properties -Wno-objc-interface-ivars -Wno-arc-repeated-use-of-weak -Wno-missing-braces -Wparentheses -Wswitch -Wno-unused-function -Wno-unused-label -Wno-unused-parameter -Wno-unused-variable -Wunused-value -Wno-empty-body -Wno-uninitialized -Wno-unknown-pragmas -w -Wno-shadow -Wno-four-char-constants -Wno-conversion -Wno-constant-conversion -Wno-int-conversion -Wno-bool-conversion -Wno-enum-conversion -Wno-float-conversion -Wno-non-literal-null-conversion -Wno-objc-literal-conversion -Wshorten-64-to-32 -Wpointer-sign -Wno-newline-eof -Wno-selector -Wno-strict-selector-match -Wno-undeclared-selector -Wno-deprecated-implementations -Wno-implicit-fallthrough -fstrict-aliasing -Wprotocol -Wdeprecated-declarations -Wno-sign-conversion -Wno-infinite-recursion -Wno-comma -Wno-block-capture-autoreleasing -Wno-strict-prototypes -Wno-semicolon-before-method-body -index-store-path /Users/emanuelflury/Library/Developer/Xcode/DerivedData/TaxedGmbH_IOS-gerngfqzuwudosgobknlgtoawnlj/Index.noindex/DataStore @/Users/emanuelflury/Library/Developer/Xcode/DerivedData/TaxedGmbH_IOS-gerngfqzuwudosgobknlgtoawnlj/Build/Intermediates.noindex/GoogleDataTransport.build/Debug-iphoneos/GoogleDataTransport.build/Objects-normal/arm64/e6072d4f65d7061329687fe24e3d63a7-common-args.resp -include /Users/emanuelflury/Library/Developer/Xcode/DerivedData/TaxedGmbH_IOS-gerngfqzuwudosgobknlgtoawnlj/Build/Intermediates.noindex/GoogleDataTransport.build/Debug-iphoneos/GoogleDataTransport.build/DerivedSources/resource_bundle_accessor.h -MMD -MT dependencies -MF /Users/emanuelflury/Library/Developer/Xcode/DerivedData/TaxedGmbH_IOS-gerngfqzuwudosgobknlgtoawnlj/Build/Intermediates.noindex/GoogleDataTransport.build/Debug-iphoneos/GoogleDataTransport.build/Objects-normal/arm64/GDTCCTURLSessionDataResponse.d --serialize-diagnostics /Users/emanuelflury/Library/Developer/Xcode/DerivedData/TaxedGmbH_IOS-gerngfqzuwudosgobknlgtoawnlj/Build/Intermediates.noindex/GoogleDataTransport.build/Debug-iphoneos/GoogleDataTransport.build/Objects-normal/arm64/GDTCCTURLSessionDataResponse.dia -c /Users/emanuelflury/Library/Developer/Xcode/DerivedData/TaxedGmbH_IOS-gerngfqzuwudosgobknlgtoawnlj/SourcePackages/checkouts/GoogleDataTransport/GoogleDataTransport/GDTCCTLibrary/GDTCCTURLSessionDataResponse.m -o /Users/emanuelflury/Library/Developer/Xcode/DerivedData/TaxedGmbH_IOS-gerngfqzuwudosgobknlgtoawnlj/Build/Intermediates.noindex/GoogleDataTransport.build/Debug-iphoneos/GoogleDataTransport.build/Objects-normal/arm64/GDTCCTURLSessionDataResponse.o -index-unit-output-path /GoogleDataTransport.build/Debug-iphoneos/GoogleDataTransport.build/Objects-normal/arm64/GDTCCTURLSessionDataResponse.o

CompileC /Users/emanuelflury/Library/Developer/Xcode/DerivedData/TaxedGmbH_IOS-gerngfqzuwudosgobknlgtoawnlj/Build/Intermediates.noindex/GoogleDataTransport.build/Debug-iphoneos/GoogleDataTransport.build/Objects-normal/arm64/GDTCCTCompressionHelper.o /Users/emanuelflury/Library/Developer/Xcode/DerivedData/TaxedGmbH_IOS-gerngfqzuwudosgobknlgtoawnlj/SourcePackages/checkouts/GoogleDataTransport/GoogleDataTransport/GDTCCTLibrary/GDTCCTCompressionHelper.m normal arm64 objective-c com.apple.compilers.llvm.clang.1_0.compiler (in target 'GoogleDataTransport' from project 'GoogleDataTransport')
    cd /Users/emanuelflury/github/TaxedGmbH_IOS/TaxedGmbH_IOS.xcodeproj
    
    Using response file: /Users/emanuelflury/Library/Developer/Xcode/DerivedData/TaxedGmbH_IOS-gerngfqzuwudosgobknlgtoawnlj/Build/Intermediates.noindex/GoogleDataTransport.build/Debug-iphoneos/GoogleDataTransport.build/Objects-normal/arm64/e6072d4f65d7061329687fe24e3d63a7-common-args.resp
    
    /Applications/Xcode.app/Contents/Developer/Toolchains/XcodeDefault.xctoolchain/usr/bin/clang -x objective-c -ivfsstatcache /Users/emanuelflury/Library/Developer/Xcode/DerivedData/SDKStatCaches.noindex/iphoneos26.1-23B77-69b33fc7382b27d9b5d46e82a00f8e78.sdkstatcache -fmessage-length\=0 -fdiagnostics-show-note-include-stack -fmacro-backtrace-limit\=0 -fno-color-diagnostics -fmodules-prune-interval\=86400 -fmodules-prune-after\=345600 -fbuild-session-file\=/Users/emanuelflury/Library/Developer/Xcode/DerivedData/ModuleCache.noindex/Session.modulevalidation -fmodules-validate-once-per-build-session -Wnon-modular-include-in-framework-module -Werror\=non-modular-include-in-framework-module -Wno-trigraphs -Wno-missing-field-initializers -Wno-missing-prototypes -Wno-return-type -Wno-implicit-atomic-properties -Wno-objc-interface-ivars -Wno-arc-repeated-use-of-weak -Wno-missing-braces -Wparentheses -Wswitch -Wno-unused-function -Wno-unused-label -Wno-unused-parameter -Wno-unused-variable -Wunused-value -Wno-empty-body -Wno-uninitialized -Wno-unknown-pragmas -w -Wno-shadow -Wno-four-char-constants -Wno-conversion -Wno-constant-conversion -Wno-int-conversion -Wno-bool-conversion -Wno-enum-conversion -Wno-float-conversion -Wno-non-literal-null-conversion -Wno-objc-literal-conversion -Wshorten-64-to-32 -Wpointer-sign -Wno-newline-eof -Wno-selector -Wno-strict-selector-match -Wno-undeclared-selector -Wno-deprecated-implementations -Wno-implicit-fallthrough -fstrict-aliasing -Wprotocol -Wdeprecated-declarations -Wno-sign-conversion -Wno-infinite-recursion -Wno-comma -Wno-block-capture-autoreleasing -Wno-strict-prototypes -Wno-semicolon-before-method-body -index-store-path /Users/emanuelflury/Library/Developer/Xcode/DerivedData/TaxedGmbH_IOS-gerngfqzuwudosgobknlgtoawnlj/Index.noindex/DataStore @/Users/emanuelflury/Library/Developer/Xcode/DerivedData/TaxedGmbH_IOS-gerngfqzuwudosgobknlgtoawnlj/Build/Intermediates.noindex/GoogleDataTransport.build/Debug-iphoneos/GoogleDataTransport.build/Objects-normal/arm64/e6072d4f65d7061329687fe24e3d63a7-common-args.resp -include /Users/emanuelflury/Library/Developer/Xcode/DerivedData/TaxedGmbH_IOS-gerngfqzuwudosgobknlgtoawnlj/Build/Intermediates.noindex/GoogleDataTransport.build/Debug-iphoneos/GoogleDataTransport.build/DerivedSources/resource_bundle_accessor.h -MMD -MT dependencies -MF /Users/emanuelflury/Library/Developer/Xcode/DerivedData/TaxedGmbH_IOS-gerngfqzuwudosgobknlgtoawnlj/Build/Intermediates.noindex/GoogleDataTransport.build/Debug-iphoneos/GoogleDataTransport.build/Objects-normal/arm64/GDTCCTCompressionHelper.d --serialize-diagnostics /Users/emanuelflury/Library/Developer/Xcode/DerivedData/TaxedGmbH_IOS-gerngfqzuwudosgobknlgtoawnlj/Build/Intermediates.noindex/GoogleDataTransport.build/Debug-iphoneos/GoogleDataTransport.build/Objects-normal/arm64/GDTCCTCompressionHelper.dia -c /Users/emanuelflury/Library/Developer/Xcode/DerivedData/TaxedGmbH_IOS-gerngfqzuwudosgobknlgtoawnlj/SourcePackages/checkouts/GoogleDataTransport/GoogleDataTransport/GDTCCTLibrary/GDTCCTCompressionHelper.m -o /Users/emanuelflury/Library/Developer/Xcode/DerivedData/TaxedGmbH_IOS-gerngfqzuwudosgobknlgtoawnlj/Build/Intermediates.noindex/GoogleDataTransport.build/Debug-iphoneos/GoogleDataTransport.build/Objects-normal/arm64/GDTCCTCompressionHelper.o -index-unit-output-path /GoogleDataTransport.build/Debug-iphoneos/GoogleDataTransport.build/Objects-normal/arm64/GDTCCTCompressionHelper.o

PrecompileModule /Users/emanuelflury/Library/Developer/Xcode/DerivedData/TaxedGmbH_IOS-gerngfqzuwudosgobknlgtoawnlj/Build/Intermediates.noindex/ExplicitPrecompiledModules/CoreTelephony-CMYQB451Z0IIW8EU2XTY7SZTT.scan
    cd /
    builtin-precompileModule /Users/emanuelflury/Library/Developer/Xcode/DerivedData/TaxedGmbH_IOS-gerngfqzuwudosgobknlgtoawnlj/Build/Intermediates.noindex/ExplicitPrecompiledModules/CoreTelephony-CMYQB451Z0IIW8EU2XTY7SZTT.scan

PrecompileModule /Users/emanuelflury/Library/Developer/Xcode/DerivedData/TaxedGmbH_IOS-gerngfqzuwudosgobknlgtoawnlj/Build/Intermediates.noindex/ExplicitPrecompiledModules/UIUtilities-ESCOFUOJS7F36AU9078B18KCX.scan
    cd /
    builtin-precompileModule /Users/emanuelflury/Library/Developer/Xcode/DerivedData/TaxedGmbH_IOS-gerngfqzuwudosgobknlgtoawnlj/Build/Intermediates.noindex/ExplicitPrecompiledModules/UIUtilities-ESCOFUOJS7F36AU9078B18KCX.scan

PrecompileModule /Users/emanuelflury/Library/Developer/Xcode/DerivedData/TaxedGmbH_IOS-gerngfqzuwudosgobknlgtoawnlj/Build/Intermediates.noindex/ExplicitPrecompiledModules/FileProvider-NH1MRYFJNX6Z2FPM5973Q99F.scan
    cd /
    builtin-precompileModule /Users/emanuelflury/Library/Developer/Xcode/DerivedData/TaxedGmbH_IOS-gerngfqzuwudosgobknlgtoawnlj/Build/Intermediates.noindex/ExplicitPrecompiledModules/FileProvider-NH1MRYFJNX6Z2FPM5973Q99F.scan

PrecompileModule /Users/emanuelflury/Library/Developer/Xcode/DerivedData/TaxedGmbH_IOS-gerngfqzuwudosgobknlgtoawnlj/Build/Intermediates.noindex/ExplicitPrecompiledModules/IOSurface-A51631S13Y646EBOVO6TFOKYY.scan
    cd /
    builtin-precompileModule /Users/emanuelflury/Library/Developer/Xcode/DerivedData/TaxedGmbH_IOS-gerngfqzuwudosgobknlgtoawnlj/Build/Intermediates.noindex/ExplicitPrecompiledModules/IOSurface-A51631S13Y646EBOVO6TFOKYY.scan

PrecompileModule /Users/emanuelflury/Library/Developer/Xcode/DerivedData/TaxedGmbH_IOS-gerngfqzuwudosgobknlgtoawnlj/Build/Intermediates.noindex/ExplicitPrecompiledModules/Symbols-59BMAAM3GNI2ZBTZT4GZW7T3O.scan
    cd /
    builtin-precompileModule /Users/emanuelflury/Library/Developer/Xcode/DerivedData/TaxedGmbH_IOS-gerngfqzuwudosgobknlgtoawnlj/Build/Intermediates.noindex/ExplicitPrecompiledModules/Symbols-59BMAAM3GNI2ZBTZT4GZW7T3O.scan

SwiftDriverJobDiscovery normal arm64 Compiling HeartbeatController.swift, HeartbeatLoggingTestUtils.swift (in target 'FirebaseCoreInternal' from project 'Firebase')

PrecompileModule /Users/emanuelflury/Library/Developer/Xcode/DerivedData/TaxedGmbH_IOS-gerngfqzuwudosgobknlgtoawnlj/Build/Intermediates.noindex/ExplicitPrecompiledModules/FBLPromises-9PGSC2DL4FK46127M46X8LZSI.scan
    cd /
    builtin-precompileModule /Users/emanuelflury/Library/Developer/Xcode/DerivedData/TaxedGmbH_IOS-gerngfqzuwudosgobknlgtoawnlj/Build/Intermediates.noindex/ExplicitPrecompiledModules/FBLPromises-9PGSC2DL4FK46127M46X8LZSI.scan

PrecompileModule /Users/emanuelflury/Library/Developer/Xcode/DerivedData/TaxedGmbH_IOS-gerngfqzuwudosgobknlgtoawnlj/Build/Intermediates.noindex/ExplicitPrecompiledModules/UserNotifications-74YP7F3PWKG0QWWLDJWX3ZPG7.scan
    cd /
    builtin-precompileModule /Users/emanuelflury/Library/Developer/Xcode/DerivedData/TaxedGmbH_IOS-gerngfqzuwudosgobknlgtoawnlj/Build/Intermediates.noindex/ExplicitPrecompiledModules/UserNotifications-74YP7F3PWKG0QWWLDJWX3ZPG7.scan

SwiftDriverJobDiscovery normal arm64 Compiling HeartbeatsBundle.swift (in target 'FirebaseCoreInternal' from project 'Firebase')

SwiftDriverJobDiscovery normal arm64 Compiling resource_bundle_accessor.swift, Heartbeat.swift (in target 'FirebaseCoreInternal' from project 'Firebase')

SwiftDriverJobDiscovery normal arm64 Compiling Storage.swift (in target 'FirebaseCoreInternal' from project 'Firebase')

SwiftDriver\ Compilation FirebaseCoreInternal normal arm64 com.apple.xcode.tools.swift.compiler (in target 'FirebaseCoreInternal' from project 'Firebase')
    cd /Users/emanuelflury/github/TaxedGmbH_IOS/TaxedGmbH_IOS.xcodeproj
    builtin-Swift-Compilation -- /Applications/Xcode.app/Contents/Developer/Toolchains/XcodeDefault.xctoolchain/usr/bin/swiftc -module-name FirebaseCoreInternal -Onone -enforce-exclusivity\=checked @/Users/emanuelflury/Library/Developer/Xcode/DerivedData/TaxedGmbH_IOS-gerngfqzuwudosgobknlgtoawnlj/Build/Intermediates.noindex/Firebase.build/Debug-iphoneos/FirebaseCoreInternal.build/Objects-normal/arm64/FirebaseCoreInternal.SwiftFileList -DSWIFT_PACKAGE -DDEBUG -DSWIFT_MODULE_RESOURCE_BUNDLE_AVAILABLE -Xcc -fmodule-map-file\=/Users/emanuelflury/Library/Developer/Xcode/DerivedData/TaxedGmbH_IOS-gerngfqzuwudosgobknlgtoawnlj/Build/Intermediates.noindex/GeneratedModuleMaps-iphoneos/GoogleUtilities-NSData.modulemap -DXcode -plugin-path /Applications/Xcode.app/Contents/Developer/Toolchains/XcodeDefault.xctoolchain/usr/lib/swift/host/plugins/testing -enable-experimental-feature DebugDescriptionMacro -sdk /Applications/Xcode.app/Contents/Developer/Platforms/iPhoneOS.platform/Developer/SDKs/iPhoneOS26.1.sdk -target arm64-apple-ios15.0 -g -module-cache-path /Users/emanuelflury/Library/Developer/Xcode/DerivedData/ModuleCache.noindex -Xfrontend -serialize-debugging-options -profile-coverage-mapping -profile-generate -enable-testing -suppress-warnings -index-store-path /Users/emanuelflury/Library/Developer/Xcode/DerivedData/TaxedGmbH_IOS-gerngfqzuwudosgobknlgtoawnlj/Index.noindex/DataStore -Xcc -D_LIBCPP_HARDENING_MODE\=_LIBCPP_HARDENING_MODE_DEBUG -swift-version 6 -I /Users/emanuelflury/Library/Developer/Xcode/DerivedData/TaxedGmbH_IOS-gerngfqzuwudosgobknlgtoawnlj/Build/Products/Debug-iphoneos -Isystem /Applications/Xcode.app/Contents/Developer/Platforms/iPhoneOS.platform/Developer/usr/lib -F /Users/emanuelflury/Library/Developer/Xcode/DerivedData/TaxedGmbH_IOS-gerngfqzuwudosgobknlgtoawnlj/Build/Products/Debug-iphoneos/PackageFrameworks -F /Users/emanuelflury/Library/Developer/Xcode/DerivedData/TaxedGmbH_IOS-gerngfqzuwudosgobknlgtoawnlj/Build/Products/Debug-iphoneos -F /Applications/Xcode.app/Contents/Developer/Platforms/iPhoneOS.platform/Developer/Library/Frameworks -F /Applications/Xcode.app/Contents/Developer/Platforms/iPhoneOS.platform/Developer/SDKs/iPhoneOS26.1.sdk/Developer/Library/Frameworks -c -j12 -enable-batch-mode -incremental -Xcc -ivfsstatcache -Xcc /Users/emanuelflury/Library/Developer/Xcode/DerivedData/SDKStatCaches.noindex/iphoneos26.1-23B77-69b33fc7382b27d9b5d46e82a00f8e78.sdkstatcache -output-file-map /Users/emanuelflury/Library/Developer/Xcode/DerivedData/TaxedGmbH_IOS-gerngfqzuwudosgobknlgtoawnlj/Build/Intermediates.noindex/Firebase.build/Debug-iphoneos/FirebaseCoreInternal.build/Objects-normal/arm64/FirebaseCoreInternal-OutputFileMap.json -use-frontend-parseable-output -save-temps -no-color-diagnostics -explicit-module-build -module-cache-path /Users/emanuelflury/Library/Developer/Xcode/DerivedData/TaxedGmbH_IOS-gerngfqzuwudosgobknlgtoawnlj/Build/Intermediates.noindex/SwiftExplicitPrecompiledModules -clang-scanner-module-cache-path /Users/emanuelflury/Library/Developer/Xcode/DerivedData/ModuleCache.noindex -sdk-module-cache-path /Users/emanuelflury/Library/Developer/Xcode/DerivedData/ModuleCache.noindex -serialize-diagnostics -emit-dependencies -emit-module -emit-module-path /Users/emanuelflury/Library/Developer/Xcode/DerivedData/TaxedGmbH_IOS-gerngfqzuwudosgobknlgtoawnlj/Build/Intermediates.noindex/Firebase.build/Debug-iphoneos/FirebaseCoreInternal.build/Objects-normal/arm64/FirebaseCoreInternal.swiftmodule -user-module-version 12.6.0 -validate-clang-modules-once -clang-build-session-file /Users/emanuelflury/Library/Developer/Xcode/DerivedData/ModuleCache.noindex/Session.modulevalidation -package-name firebase_ios_sdk -Xcc -I/Users/emanuelflury/Library/Developer/Xcode/DerivedData/TaxedGmbH_IOS-gerngfqzuwudosgobknlgtoawnlj/Build/Intermediates.noindex/Firebase.build/Debug-iphoneos/FirebaseCoreInternal.build/swift-overrides.hmap -emit-const-values -Xfrontend -const-gather-protocols-file -Xfrontend /Users/emanuelflury/Library/Developer/Xcode/DerivedData/TaxedGmbH_IOS-gerngfqzuwudosgobknlgtoawnlj/Build/Intermediates.noindex/Firebase.build/Debug-iphoneos/FirebaseCoreInternal.build/Objects-normal/arm64/FirebaseCoreInternal_const_extract_protocols.json -Xcc -I/Users/emanuelflury/Library/Developer/Xcode/DerivedData/TaxedGmbH_IOS-gerngfqzuwudosgobknlgtoawnlj/SourcePackages/checkouts/GoogleUtilities/GoogleUtilities/NSData+zlib/Public -Xcc -I/Users/emanuelflury/Library/Developer/Xcode/DerivedData/TaxedGmbH_IOS-gerngfqzuwudosgobknlgtoawnlj/Build/Products/Debug-iphoneos/include -Xcc -I/Users/emanuelflury/Library/Developer/Xcode/DerivedData/TaxedGmbH_IOS-gerngfqzuwudosgobknlgtoawnlj/Build/Intermediates.noindex/Firebase.build/Debug-iphoneos/FirebaseCoreInternal.build/DerivedSources-normal/arm64 -Xcc -I/Users/emanuelflury/Library/Developer/Xcode/DerivedData/TaxedGmbH_IOS-gerngfqzuwudosgobknlgtoawnlj/Build/Intermediates.noindex/Firebase.build/Debug-iphoneos/FirebaseCoreInternal.build/DerivedSources/arm64 -Xcc -I/Users/emanuelflury/Library/Developer/Xcode/DerivedData/TaxedGmbH_IOS-gerngfqzuwudosgobknlgtoawnlj/Build/Intermediates.noindex/Firebase.build/Debug-iphoneos/FirebaseCoreInternal.build/DerivedSources -Xcc -DSWIFT_PACKAGE -Xcc -DDEBUG\=1 -emit-objc-header -emit-objc-header-path /Users/emanuelflury/Library/Developer/Xcode/DerivedData/TaxedGmbH_IOS-gerngfqzuwudosgobknlgtoawnlj/Build/Intermediates.noindex/Firebase.build/Debug-iphoneos/FirebaseCoreInternal.build/Objects-normal/arm64/FirebaseCoreInternal-Swift.h -working-directory /Users/emanuelflury/github/TaxedGmbH_IOS/TaxedGmbH_IOS.xcodeproj -experimental-emit-module-separately -disable-cmo

Ld /Users/emanuelflury/Library/Developer/Xcode/DerivedData/TaxedGmbH_IOS-gerngfqzuwudosgobknlgtoawnlj/Build/Products/Debug-iphoneos/FirebaseCoreInternal.o normal (in target 'FirebaseCoreInternal' from project 'Firebase')
    cd /Users/emanuelflury/Library/Developer/Xcode/DerivedData/TaxedGmbH_IOS-gerngfqzuwudosgobknlgtoawnlj/SourcePackages/checkouts/firebase-ios-sdk
    /Applications/Xcode.app/Contents/Developer/Toolchains/XcodeDefault.xctoolchain/usr/bin/clang -Xlinker -reproducible -target arm64-apple-ios15.0 -r -isysroot /Applications/Xcode.app/Contents/Developer/Platforms/iPhoneOS.platform/Developer/SDKs/iPhoneOS26.1.sdk -O0 -w -L/Users/emanuelflury/Library/Developer/Xcode/DerivedData/TaxedGmbH_IOS-gerngfqzuwudosgobknlgtoawnlj/Build/Intermediates.noindex/EagerLinkingTBDs/Debug-iphoneos -L/Users/emanuelflury/Library/Developer/Xcode/DerivedData/TaxedGmbH_IOS-gerngfqzuwudosgobknlgtoawnlj/Build/Products/Debug-iphoneos -L/Applications/Xcode.app/Contents/Developer/Platforms/iPhoneOS.platform/Developer/usr/lib -F/Users/emanuelflury/Library/Developer/Xcode/DerivedData/TaxedGmbH_IOS-gerngfqzuwudosgobknlgtoawnlj/Build/Intermediates.noindex/EagerLinkingTBDs/Debug-iphoneos -F/Users/emanuelflury/Library/Developer/Xcode/DerivedData/TaxedGmbH_IOS-gerngfqzuwudosgobknlgtoawnlj/Build/Products/Debug-iphoneos/PackageFrameworks -F/Users/emanuelflury/Library/Developer/Xcode/DerivedData/TaxedGmbH_IOS-gerngfqzuwudosgobknlgtoawnlj/Build/Products/Debug-iphoneos -iframework /Applications/Xcode.app/Contents/Developer/Platforms/iPhoneOS.platform/Developer/Library/Frameworks -iframework /Applications/Xcode.app/Contents/Developer/Platforms/iPhoneOS.platform/Developer/SDKs/iPhoneOS26.1.sdk/Developer/Library/Frameworks -filelist /Users/emanuelflury/Library/Developer/Xcode/DerivedData/TaxedGmbH_IOS-gerngfqzuwudosgobknlgtoawnlj/Build/Intermediates.noindex/Firebase.build/Debug-iphoneos/FirebaseCoreInternal.build/Objects-normal/arm64/FirebaseCoreInternal.LinkFileList -nostdlib -Xlinker -object_path_lto -Xlinker /Users/emanuelflury/Library/Developer/Xcode/DerivedData/TaxedGmbH_IOS-gerngfqzuwudosgobknlgtoawnlj/Build/Intermediates.noindex/Firebase.build/Debug-iphoneos/FirebaseCoreInternal.build/Objects-normal/arm64/FirebaseCoreInternal_lto.o -rdynamic -Xlinker -no_deduplicate -Xlinker -debug_variant -Xlinker -dependency_info -Xlinker /Users/emanuelflury/Library/Developer/Xcode/DerivedData/TaxedGmbH_IOS-gerngfqzuwudosgobknlgtoawnlj/Build/Intermediates.noindex/Firebase.build/Debug-iphoneos/FirebaseCoreInternal.build/Objects-normal/arm64/FirebaseCoreInternal_dependency_info.dat -fobjc-link-runtime -L/Applications/Xcode.app/Contents/Developer/Toolchains/XcodeDefault.xctoolchain/usr/lib/swift/iphoneos -L/usr/lib/swift -Xlinker -add_ast_path -Xlinker /Users/emanuelflury/Library/Developer/Xcode/DerivedData/TaxedGmbH_IOS-gerngfqzuwudosgobknlgtoawnlj/Build/Intermediates.noindex/Firebase.build/Debug-iphoneos/FirebaseCoreInternal.build/Objects-normal/arm64/FirebaseCoreInternal.swiftmodule @/Users/emanuelflury/Library/Developer/Xcode/DerivedData/TaxedGmbH_IOS-gerngfqzuwudosgobknlgtoawnlj/Build/Intermediates.noindex/Firebase.build/Debug-iphoneos/FirebaseCoreInternal.build/Objects-normal/arm64/FirebaseCoreInternal-linker-args.resp -o /Users/emanuelflury/Library/Developer/Xcode/DerivedData/TaxedGmbH_IOS-gerngfqzuwudosgobknlgtoawnlj/Build/Products/Debug-iphoneos/FirebaseCoreInternal.o

SwiftDriver FirebaseStorage normal arm64 com.apple.xcode.tools.swift.compiler (in target 'FirebaseStorage' from project 'Firebase')
    cd /Users/emanuelflury/github/TaxedGmbH_IOS/TaxedGmbH_IOS.xcodeproj
    builtin-SwiftDriver -- /Applications/Xcode.app/Contents/Developer/Toolchains/XcodeDefault.xctoolchain/usr/bin/swiftc -module-name FirebaseStorage -Onone -enforce-exclusivity\=checked @/Users/emanuelflury/Library/Developer/Xcode/DerivedData/TaxedGmbH_IOS-gerngfqzuwudosgobknlgtoawnlj/Build/Intermediates.noindex/Firebase.build/Debug-iphoneos/FirebaseStorage.build/Objects-normal/arm64/FirebaseStorage.SwiftFileList -DSWIFT_PACKAGE -DDEBUG -DSWIFT_MODULE_RESOURCE_BUNDLE_UNAVAILABLE -Xcc -fmodule-map-file\=/Users/emanuelflury/Library/Developer/Xcode/DerivedData/TaxedGmbH_IOS-gerngfqzuwudosgobknlgtoawnlj/Build/Intermediates.noindex/GeneratedModuleMaps-iphoneos/GoogleUtilities-NSData.modulemap -Xcc -fmodule-map-file\=/Users/emanuelflury/Library/Developer/Xcode/DerivedData/TaxedGmbH_IOS-gerngfqzuwudosgobknlgtoawnlj/Build/Intermediates.noindex/GeneratedModuleMaps-iphoneos/GoogleUtilities-Environment.modulemap -Xcc -fmodule-map-file\=/Users/emanuelflury/Library/Developer/Xcode/DerivedData/TaxedGmbH_IOS-gerngfqzuwudosgobknlgtoawnlj/Build/Intermediates.noindex/GeneratedModuleMaps-iphoneos/third-party-IsAppEncrypted.modulemap -Xcc -fmodule-map-file\=/Users/emanuelflury/Library/Developer/Xcode/DerivedData/TaxedGmbH_IOS-gerngfqzuwudosgobknlgtoawnlj/Build/Intermediates.noindex/GeneratedModuleMaps-iphoneos/GoogleUtilities-Logger.modulemap -Xcc -fmodule-map-file\=/Users/emanuelflury/Library/Developer/Xcode/DerivedData/TaxedGmbH_IOS-gerngfqzuwudosgobknlgtoawnlj/Build/Intermediates.noindex/GeneratedModuleMaps-iphoneos/GTMSessionFetcherCore.modulemap -Xcc -fmodule-map-file\=/Users/emanuelflury/Library/Developer/Xcode/DerivedData/TaxedGmbH_IOS-gerngfqzuwudosgobknlgtoawnlj/Build/Intermediates.noindex/GeneratedModuleMaps-iphoneos/FirebaseCoreExtension.modulemap -Xcc -fmodule-map-file\=/Users/emanuelflury/Library/Developer/Xcode/DerivedData/TaxedGmbH_IOS-gerngfqzuwudosgobknlgtoawnlj/Build/Intermediates.noindex/GeneratedModuleMaps-iphoneos/FirebaseCore.modulemap -Xcc -fmodule-map-file\=/Users/emanuelflury/Library/Developer/Xcode/DerivedData/TaxedGmbH_IOS-gerngfqzuwudosgobknlgtoawnlj/Build/Intermediates.noindex/GeneratedModuleMaps-iphoneos/FirebaseAuthInterop.modulemap -Xcc -fmodule-map-file\=/Users/emanuelflury/Library/Developer/Xcode/DerivedData/TaxedGmbH_IOS-gerngfqzuwudosgobknlgtoawnlj/Build/Intermediates.noindex/GeneratedModuleMaps-iphoneos/FirebaseAppCheckInterop.modulemap -DXcode -plugin-path /Applications/Xcode.app/Contents/Developer/Toolchains/XcodeDefault.xctoolchain/usr/lib/swift/host/plugins/testing -enable-experimental-feature DebugDescriptionMacro -sdk /Applications/Xcode.app/Contents/Developer/Platforms/iPhoneOS.platform/Developer/SDKs/iPhoneOS26.1.sdk -target arm64-apple-ios15.0 -g -module-cache-path /Users/emanuelflury/Library/Developer/Xcode/DerivedData/ModuleCache.noindex -Xfrontend -serialize-debugging-options -profile-coverage-mapping -profile-generate -enable-testing -suppress-warnings -index-store-path /Users/emanuelflury/Library/Developer/Xcode/DerivedData/TaxedGmbH_IOS-gerngfqzuwudosgobknlgtoawnlj/Index.noindex/DataStore -Xcc -D_LIBCPP_HARDENING_MODE\=_LIBCPP_HARDENING_MODE_DEBUG -swift-version 5 -I /Users/emanuelflury/Library/Developer/Xcode/DerivedData/TaxedGmbH_IOS-gerngfqzuwudosgobknlgtoawnlj/Build/Products/Debug-iphoneos -Isystem /Applications/Xcode.app/Contents/Developer/Platforms/iPhoneOS.platform/Developer/usr/lib -F /Users/emanuelflury/Library/Developer/Xcode/DerivedData/TaxedGmbH_IOS-gerngfqzuwudosgobknlgtoawnlj/Build/Products/Debug-iphoneos/PackageFrameworks -F /Users/emanuelflury/Library/Developer/Xcode/DerivedData/TaxedGmbH_IOS-gerngfqzuwudosgobknlgtoawnlj/Build/Products/Debug-iphoneos/PackageFrameworks -F /Users/emanuelflury/Library/Developer/Xcode/DerivedData/TaxedGmbH_IOS-gerngfqzuwudosgobknlgtoawnlj/Build/Products/Debug-iphoneos/PackageFrameworks -F /Users/emanuelflury/Library/Developer/Xcode/DerivedData/TaxedGmbH_IOS-gerngfqzuwudosgobknlgtoawnlj/Build/Products/Debug-iphoneos/PackageFrameworks -F /Users/emanuelflury/Library/Developer/Xcode/DerivedData/TaxedGmbH_IOS-gerngfqzuwudosgobknlgtoawnlj/Build/Products/Debug-iphoneos/PackageFrameworks -F /Users/emanuelflury/Library/Developer/Xcode/DerivedData/TaxedGmbH_IOS-gerngfqzuwudosgobknlgtoawnlj/Build/Products/Debug-iphoneos/PackageFrameworks -F /Users/emanuelflury/Library/Developer/Xcode/DerivedData/TaxedGmbH_IOS-gerngfqzuwudosgobknlgtoawnlj/Build/Products/Debug-iphoneos/PackageFrameworks -F /Users/emanuelflury/Library/Developer/Xcode/DerivedData/TaxedGmbH_IOS-gerngfqzuwudosgobknlgtoawnlj/Build/Products/Debug-iphoneos/PackageFrameworks -F /Users/emanuelflury/Library/Developer/Xcode/DerivedData/TaxedGmbH_IOS-gerngfqzuwudosgobknlgtoawnlj/Build/Products/Debug-iphoneos/PackageFrameworks -F /Users/emanuelflury/Library/Developer/Xcode/DerivedData/TaxedGmbH_IOS-gerngfqzuwudosgobknlgtoawnlj/Build/Products/Debug-iphoneos/PackageFrameworks -F /Users/emanuelflury/Library/Developer/Xcode/DerivedData/TaxedGmbH_IOS-gerngfqzuwudosgobknlgtoawnlj/Build/Products/Debug-iphoneos/PackageFrameworks -F /Users/emanuelflury/Library/Developer/Xcode/DerivedData/TaxedGmbH_IOS-gerngfqzuwudosgobknlgtoawnlj/Build/Products/Debug-iphoneos -F /Applications/Xcode.app/Contents/Developer/Platforms/iPhoneOS.platform/Developer/Library/Frameworks -F /Applications/Xcode.app/Contents/Developer/Platforms/iPhoneOS.platform/Developer/SDKs/iPhoneOS26.1.sdk/Developer/Library/Frameworks -c -j12 -enable-batch-mode -incremental -Xcc -ivfsstatcache -Xcc /Users/emanuelflury/Library/Developer/Xcode/DerivedData/SDKStatCaches.noindex/iphoneos26.1-23B77-69b33fc7382b27d9b5d46e82a00f8e78.sdkstatcache -output-file-map /Users/emanuelflury/Library/Developer/Xcode/DerivedData/TaxedGmbH_IOS-gerngfqzuwudosgobknlgtoawnlj/Build/Intermediates.noindex/Firebase.build/Debug-iphoneos/FirebaseStorage.build/Objects-normal/arm64/FirebaseStorage-OutputFileMap.json -use-frontend-parseable-output -save-temps -no-color-diagnostics -explicit-module-build -module-cache-path /Users/emanuelflury/Library/Developer/Xcode/DerivedData/TaxedGmbH_IOS-gerngfqzuwudosgobknlgtoawnlj/Build/Intermediates.noindex/SwiftExplicitPrecompiledModules -clang-scanner-module-cache-path /Users/emanuelflury/Library/Developer/Xcode/DerivedData/ModuleCache.noindex -sdk-module-cache-path /Users/emanuelflury/Library/Developer/Xcode/DerivedData/ModuleCache.noindex -serialize-diagnostics -emit-dependencies -emit-module -emit-module-path /Users/emanuelflury/Library/Developer/Xcode/DerivedData/TaxedGmbH_IOS-gerngfqzuwudosgobknlgtoawnlj/Build/Intermediates.noindex/Firebase.build/Debug-iphoneos/FirebaseStorage.build/Objects-normal/arm64/FirebaseStorage.swiftmodule -user-module-version 12.6.0 -validate-clang-modules-once -clang-build-session-file /Users/emanuelflury/Library/Developer/Xcode/DerivedData/ModuleCache.noindex/Session.modulevalidation -package-name firebase_ios_sdk -Xcc -I/Users/emanuelflury/Library/Developer/Xcode/DerivedData/TaxedGmbH_IOS-gerngfqzuwudosgobknlgtoawnlj/Build/Intermediates.noindex/Firebase.build/Debug-iphoneos/FirebaseStorage.build/swift-overrides.hmap -emit-const-values -Xfrontend -const-gather-protocols-file -Xfrontend /Users/emanuelflury/Library/Developer/Xcode/DerivedData/TaxedGmbH_IOS-gerngfqzuwudosgobknlgtoawnlj/Build/Intermediates.noindex/Firebase.build/Debug-iphoneos/FirebaseStorage.build/Objects-normal/arm64/FirebaseStorage_const_extract_protocols.json -Xcc -I/Users/emanuelflury/Library/Developer/Xcode/DerivedData/TaxedGmbH_IOS-gerngfqzuwudosgobknlgtoawnlj/SourcePackages/checkouts/GoogleUtilities/GoogleUtilities/NSData+zlib/Public -Xcc -I/Users/emanuelflury/Library/Developer/Xcode/DerivedData/TaxedGmbH_IOS-gerngfqzuwudosgobknlgtoawnlj/SourcePackages/checkouts/GoogleUtilities/GoogleUtilities/Environment/Public -Xcc -I/Users/emanuelflury/Library/Developer/Xcode/DerivedData/TaxedGmbH_IOS-gerngfqzuwudosgobknlgtoawnlj/SourcePackages/checkouts/GoogleUtilities/third_party/IsAppEncrypted/Public -Xcc -I/Users/emanuelflury/Library/Developer/Xcode/DerivedData/TaxedGmbH_IOS-gerngfqzuwudosgobknlgtoawnlj/SourcePackages/checkouts/GoogleUtilities/GoogleUtilities/Logger/Public -Xcc -I/Users/emanuelflury/Library/Developer/Xcode/DerivedData/TaxedGmbH_IOS-gerngfqzuwudosgobknlgtoawnlj/SourcePackages/checkouts/gtm-session-fetcher/Sources/Core/Public -Xcc -I/Users/emanuelflury/Library/Developer/Xcode/DerivedData/TaxedGmbH_IOS-gerngfqzuwudosgobknlgtoawnlj/SourcePackages/checkouts/firebase-ios-sdk/FirebaseCore/Extension -Xcc -I/Users/emanuelflury/Library/Developer/Xcode/DerivedData/TaxedGmbH_IOS-gerngfqzuwudosgobknlgtoawnlj/SourcePackages/checkouts/firebase-ios-sdk/FirebaseCore/Sources/Public -Xcc -I/Users/emanuelflury/Library/Developer/Xcode/DerivedData/TaxedGmbH_IOS-gerngfqzuwudosgobknlgtoawnlj/SourcePackages/checkouts/firebase-ios-sdk/CoreOnly/Sources -Xcc -I/Users/emanuelflury/Library/Developer/Xcode/DerivedData/TaxedGmbH_IOS-gerngfqzuwudosgobknlgtoawnlj/SourcePackages/checkouts/firebase-ios-sdk/FirebaseAuth/Interop/Public -Xcc -I/Users/emanuelflury/Library/Developer/Xcode/DerivedData/TaxedGmbH_IOS-gerngfqzuwudosgobknlgtoawnlj/SourcePackages/checkouts/firebase-ios-sdk/FirebaseAppCheck/Interop/Public -Xcc -I/Users/emanuelflury/Library/Developer/Xcode/DerivedData/TaxedGmbH_IOS-gerngfqzuwudosgobknlgtoawnlj/Build/Products/Debug-iphoneos/include -Xcc -I/Users/emanuelflury/Library/Developer/Xcode/DerivedData/TaxedGmbH_IOS-gerngfqzuwudosgobknlgtoawnlj/Build/Intermediates.noindex/Firebase.build/Debug-iphoneos/FirebaseStorage.build/DerivedSources-normal/arm64 -Xcc -I/Users/emanuelflury/Library/Developer/Xcode/DerivedData/TaxedGmbH_IOS-gerngfqzuwudosgobknlgtoawnlj/Build/Intermediates.noindex/Firebase.build/Debug-iphoneos/FirebaseStorage.build/DerivedSources/arm64 -Xcc -I/Users/emanuelflury/Library/Developer/Xcode/DerivedData/TaxedGmbH_IOS-gerngfqzuwudosgobknlgtoawnlj/Build/Intermediates.noindex/Firebase.build/Debug-iphoneos/FirebaseStorage.build/DerivedSources -Xcc -DSWIFT_PACKAGE -Xcc -DDEBUG\=1 -emit-objc-header -emit-objc-header-path /Users/emanuelflury/Library/Developer/Xcode/DerivedData/TaxedGmbH_IOS-gerngfqzuwudosgobknlgtoawnlj/Build/Intermediates.noindex/Firebase.build/Debug-iphoneos/FirebaseStorage.build/Objects-normal/arm64/FirebaseStorage-Swift.h -working-directory /Users/emanuelflury/github/TaxedGmbH_IOS/TaxedGmbH_IOS.xcodeproj -experimental-emit-module-separately -disable-cmo

ScanDependencies /Users/emanuelflury/Library/Developer/Xcode/DerivedData/TaxedGmbH_IOS-gerngfqzuwudosgobknlgtoawnlj/Build/Intermediates.noindex/Firebase.build/Debug-iphoneos/FirebaseInstallations.build/Objects-normal/arm64/resource_bundle_accessor.o /Users/emanuelflury/Library/Developer/Xcode/DerivedData/TaxedGmbH_IOS-gerngfqzuwudosgobknlgtoawnlj/Build/Intermediates.noindex/Firebase.build/Debug-iphoneos/FirebaseInstallations.build/DerivedSources/resource_bundle_accessor.m normal arm64 objective-c com.apple.compilers.llvm.clang.1_0.compiler (in target 'FirebaseInstallations' from project 'Firebase')
    cd /Users/emanuelflury/github/TaxedGmbH_IOS/TaxedGmbH_IOS.xcodeproj
    
    Using response file: /Users/emanuelflury/Library/Developer/Xcode/DerivedData/TaxedGmbH_IOS-gerngfqzuwudosgobknlgtoawnlj/Build/Intermediates.noindex/Firebase.build/Debug-iphoneos/FirebaseInstallations.build/Objects-normal/arm64/e6072d4f65d7061329687fe24e3d63a7-common-args.resp
    
    builtin-ScanDependencies -o /Users/emanuelflury/Library/Developer/Xcode/DerivedData/TaxedGmbH_IOS-gerngfqzuwudosgobknlgtoawnlj/Build/Intermediates.noindex/Firebase.build/Debug-iphoneos/FirebaseInstallations.build/Objects-normal/arm64/resource_bundle_accessor.o.scan -- /Applications/Xcode.app/Contents/Developer/Toolchains/XcodeDefault.xctoolchain/usr/bin/clang -x objective-c -ivfsstatcache /Users/emanuelflury/Library/Developer/Xcode/DerivedData/SDKStatCaches.noindex/iphoneos26.1-23B77-69b33fc7382b27d9b5d46e82a00f8e78.sdkstatcache -fmessage-length\=0 -fdiagnostics-show-note-include-stack -fmacro-backtrace-limit\=0 -fno-color-diagnostics -fmodules-prune-interval\=86400 -fmodules-prune-after\=345600 -fbuild-session-file\=/Users/emanuelflury/Library/Developer/Xcode/DerivedData/ModuleCache.noindex/Session.modulevalidation -fmodules-validate-once-per-build-session -Wnon-modular-include-in-framework-module -Werror\=non-modular-include-in-framework-module -Wno-trigraphs -Wno-missing-field-initializers -Wno-missing-prototypes -Wno-return-type -Wno-implicit-atomic-properties -Wno-objc-interface-ivars -Wno-arc-repeated-use-of-weak -Wno-missing-braces -Wparentheses -Wswitch -Wno-unused-function -Wno-unused-label -Wno-unused-parameter -Wno-unused-variable -Wunused-value -Wno-empty-body -Wno-uninitialized -Wno-unknown-pragmas -w -Wno-shadow -Wno-four-char-constants -Wno-conversion -Wno-constant-conversion -Wno-int-conversion -Wno-bool-conversion -Wno-enum-conversion -Wno-float-conversion -Wno-non-literal-null-conversion -Wno-objc-literal-conversion -Wshorten-64-to-32 -Wpointer-sign -Wno-newline-eof -Wno-selector -Wno-strict-selector-match -Wno-undeclared-selector -Wno-deprecated-implementations -Wno-implicit-fallthrough -fstrict-aliasing -Wprotocol -Wdeprecated-declarations -Wno-sign-conversion -Wno-infinite-recursion -Wno-comma -Wno-block-capture-autoreleasing -Wno-strict-prototypes -Wno-semicolon-before-method-body -index-store-path /Users/emanuelflury/Library/Developer/Xcode/DerivedData/TaxedGmbH_IOS-gerngfqzuwudosgobknlgtoawnlj/Index.noindex/DataStore @/Users/emanuelflury/Library/Developer/Xcode/DerivedData/TaxedGmbH_IOS-gerngfqzuwudosgobknlgtoawnlj/Build/Intermediates.noindex/Firebase.build/Debug-iphoneos/FirebaseInstallations.build/Objects-normal/arm64/e6072d4f65d7061329687fe24e3d63a7-common-args.resp -include /Users/emanuelflury/Library/Developer/Xcode/DerivedData/TaxedGmbH_IOS-gerngfqzuwudosgobknlgtoawnlj/Build/Intermediates.noindex/Firebase.build/Debug-iphoneos/FirebaseInstallations.build/DerivedSources/resource_bundle_accessor.h -MMD -MT dependencies -MF /Users/emanuelflury/Library/Developer/Xcode/DerivedData/TaxedGmbH_IOS-gerngfqzuwudosgobknlgtoawnlj/Build/Intermediates.noindex/Firebase.build/Debug-iphoneos/FirebaseInstallations.build/Objects-normal/arm64/resource_bundle_accessor.d --serialize-diagnostics /Users/emanuelflury/Library/Developer/Xcode/DerivedData/TaxedGmbH_IOS-gerngfqzuwudosgobknlgtoawnlj/Build/Intermediates.noindex/Firebase.build/Debug-iphoneos/FirebaseInstallations.build/Objects-normal/arm64/resource_bundle_accessor.dia -c /Users/emanuelflury/Library/Developer/Xcode/DerivedData/TaxedGmbH_IOS-gerngfqzuwudosgobknlgtoawnlj/Build/Intermediates.noindex/Firebase.build/Debug-iphoneos/FirebaseInstallations.build/DerivedSources/resource_bundle_accessor.m -o /Users/emanuelflury/Library/Developer/Xcode/DerivedData/TaxedGmbH_IOS-gerngfqzuwudosgobknlgtoawnlj/Build/Intermediates.noindex/Firebase.build/Debug-iphoneos/FirebaseInstallations.build/Objects-normal/arm64/resource_bundle_accessor.o -index-unit-output-path /Firebase.build/Debug-iphoneos/FirebaseInstallations.build/Objects-normal/arm64/resource_bundle_accessor.o

ScanDependencies /Users/emanuelflury/Library/Developer/Xcode/DerivedData/TaxedGmbH_IOS-gerngfqzuwudosgobknlgtoawnlj/Build/Intermediates.noindex/Firebase.build/Debug-iphoneos/FirebaseInstallations.build/Objects-normal/arm64/FIRInstallationsStoredItem.o /Users/emanuelflury/Library/Developer/Xcode/DerivedData/TaxedGmbH_IOS-gerngfqzuwudosgobknlgtoawnlj/SourcePackages/checkouts/firebase-ios-sdk/FirebaseInstallations/Source/Library/InstallationsStore/FIRInstallationsStoredItem.m normal arm64 objective-c com.apple.compilers.llvm.clang.1_0.compiler (in target 'FirebaseInstallations' from project 'Firebase')
    cd /Users/emanuelflury/github/TaxedGmbH_IOS/TaxedGmbH_IOS.xcodeproj
    
    Using response file: /Users/emanuelflury/Library/Developer/Xcode/DerivedData/TaxedGmbH_IOS-gerngfqzuwudosgobknlgtoawnlj/Build/Intermediates.noindex/Firebase.build/Debug-iphoneos/FirebaseInstallations.build/Objects-normal/arm64/e6072d4f65d7061329687fe24e3d63a7-common-args.resp
    
    builtin-ScanDependencies -o /Users/emanuelflury/Library/Developer/Xcode/DerivedData/TaxedGmbH_IOS-gerngfqzuwudosgobknlgtoawnlj/Build/Intermediates.noindex/Firebase.build/Debug-iphoneos/FirebaseInstallations.build/Objects-normal/arm64/FIRInstallationsStoredItem.o.scan -- /Applications/Xcode.app/Contents/Developer/Toolchains/XcodeDefault.xctoolchain/usr/bin/clang -x objective-c -ivfsstatcache /Users/emanuelflury/Library/Developer/Xcode/DerivedData/SDKStatCaches.noindex/iphoneos26.1-23B77-69b33fc7382b27d9b5d46e82a00f8e78.sdkstatcache -fmessage-length\=0 -fdiagnostics-show-note-include-stack -fmacro-backtrace-limit\=0 -fno-color-diagnostics -fmodules-prune-interval\=86400 -fmodules-prune-after\=345600 -fbuild-session-file\=/Users/emanuelflury/Library/Developer/Xcode/DerivedData/ModuleCache.noindex/Session.modulevalidation -fmodules-validate-once-per-build-session -Wnon-modular-include-in-framework-module -Werror\=non-modular-include-in-framework-module -Wno-trigraphs -Wno-missing-field-initializers -Wno-missing-prototypes -Wno-return-type -Wno-implicit-atomic-properties -Wno-objc-interface-ivars -Wno-arc-repeated-use-of-weak -Wno-missing-braces -Wparentheses -Wswitch -Wno-unused-function -Wno-unused-label -Wno-unused-parameter -Wno-unused-variable -Wunused-value -Wno-empty-body -Wno-uninitialized -Wno-unknown-pragmas -w -Wno-shadow -Wno-four-char-constants -Wno-conversion -Wno-constant-conversion -Wno-int-conversion -Wno-bool-conversion -Wno-enum-conversion -Wno-float-conversion -Wno-non-literal-null-conversion -Wno-objc-literal-conversion -Wshorten-64-to-32 -Wpointer-sign -Wno-newline-eof -Wno-selector -Wno-strict-selector-match -Wno-undeclared-selector -Wno-deprecated-implementations -Wno-implicit-fallthrough -fstrict-aliasing -Wprotocol -Wdeprecated-declarations -Wno-sign-conversion -Wno-infinite-recursion -Wno-comma -Wno-block-capture-autoreleasing -Wno-strict-prototypes -Wno-semicolon-before-method-body -index-store-path /Users/emanuelflury/Library/Developer/Xcode/DerivedData/TaxedGmbH_IOS-gerngfqzuwudosgobknlgtoawnlj/Index.noindex/DataStore @/Users/emanuelflury/Library/Developer/Xcode/DerivedData/TaxedGmbH_IOS-gerngfqzuwudosgobknlgtoawnlj/Build/Intermediates.noindex/Firebase.build/Debug-iphoneos/FirebaseInstallations.build/Objects-normal/arm64/e6072d4f65d7061329687fe24e3d63a7-common-args.resp -include /Users/emanuelflury/Library/Developer/Xcode/DerivedData/TaxedGmbH_IOS-gerngfqzuwudosgobknlgtoawnlj/Build/Intermediates.noindex/Firebase.build/Debug-iphoneos/FirebaseInstallations.build/DerivedSources/resource_bundle_accessor.h -MMD -MT dependencies -MF /Users/emanuelflury/Library/Developer/Xcode/DerivedData/TaxedGmbH_IOS-gerngfqzuwudosgobknlgtoawnlj/Build/Intermediates.noindex/Firebase.build/Debug-iphoneos/FirebaseInstallations.build/Objects-normal/arm64/FIRInstallationsStoredItem.d --serialize-diagnostics /Users/emanuelflury/Library/Developer/Xcode/DerivedData/TaxedGmbH_IOS-gerngfqzuwudosgobknlgtoawnlj/Build/Intermediates.noindex/Firebase.build/Debug-iphoneos/FirebaseInstallations.build/Objects-normal/arm64/FIRInstallationsStoredItem.dia -c /Users/emanuelflury/Library/Developer/Xcode/DerivedData/TaxedGmbH_IOS-gerngfqzuwudosgobknlgtoawnlj/SourcePackages/checkouts/firebase-ios-sdk/FirebaseInstallations/Source/Library/InstallationsStore/FIRInstallationsStoredItem.m -o /Users/emanuelflury/Library/Developer/Xcode/DerivedData/TaxedGmbH_IOS-gerngfqzuwudosgobknlgtoawnlj/Build/Intermediates.noindex/Firebase.build/Debug-iphoneos/FirebaseInstallations.build/Objects-normal/arm64/FIRInstallationsStoredItem.o -index-unit-output-path /Firebase.build/Debug-iphoneos/FirebaseInstallations.build/Objects-normal/arm64/FIRInstallationsStoredItem.o

ScanDependencies /Users/emanuelflury/Library/Developer/Xcode/DerivedData/TaxedGmbH_IOS-gerngfqzuwudosgobknlgtoawnlj/Build/Intermediates.noindex/Firebase.build/Debug-iphoneos/FirebaseInstallations.build/Objects-normal/arm64/FIRInstallationsStoredAuthToken.o /Users/emanuelflury/Library/Developer/Xcode/DerivedData/TaxedGmbH_IOS-gerngfqzuwudosgobknlgtoawnlj/SourcePackages/checkouts/firebase-ios-sdk/FirebaseInstallations/Source/Library/InstallationsStore/FIRInstallationsStoredAuthToken.m normal arm64 objective-c com.apple.compilers.llvm.clang.1_0.compiler (in target 'FirebaseInstallations' from project 'Firebase')
    cd /Users/emanuelflury/github/TaxedGmbH_IOS/TaxedGmbH_IOS.xcodeproj
    
    Using response file: /Users/emanuelflury/Library/Developer/Xcode/DerivedData/TaxedGmbH_IOS-gerngfqzuwudosgobknlgtoawnlj/Build/Intermediates.noindex/Firebase.build/Debug-iphoneos/FirebaseInstallations.build/Objects-normal/arm64/e6072d4f65d7061329687fe24e3d63a7-common-args.resp
    
    builtin-ScanDependencies -o /Users/emanuelflury/Library/Developer/Xcode/DerivedData/TaxedGmbH_IOS-gerngfqzuwudosgobknlgtoawnlj/Build/Intermediates.noindex/Firebase.build/Debug-iphoneos/FirebaseInstallations.build/Objects-normal/arm64/FIRInstallationsStoredAuthToken.o.scan -- /Applications/Xcode.app/Contents/Developer/Toolchains/XcodeDefault.xctoolchain/usr/bin/clang -x objective-c -ivfsstatcache /Users/emanuelflury/Library/Developer/Xcode/DerivedData/SDKStatCaches.noindex/iphoneos26.1-23B77-69b33fc7382b27d9b5d46e82a00f8e78.sdkstatcache -fmessage-length\=0 -fdiagnostics-show-note-include-stack -fmacro-backtrace-limit\=0 -fno-color-diagnostics -fmodules-prune-interval\=86400 -fmodules-prune-after\=345600 -fbuild-session-file\=/Users/emanuelflury/Library/Developer/Xcode/DerivedData/ModuleCache.noindex/Session.modulevalidation -fmodules-validate-once-per-build-session -Wnon-modular-include-in-framework-module -Werror\=non-modular-include-in-framework-module -Wno-trigraphs -Wno-missing-field-initializers -Wno-missing-prototypes -Wno-return-type -Wno-implicit-atomic-properties -Wno-objc-interface-ivars -Wno-arc-repeated-use-of-weak -Wno-missing-braces -Wparentheses -Wswitch -Wno-unused-function -Wno-unused-label -Wno-unused-parameter -Wno-unused-variable -Wunused-value -Wno-empty-body -Wno-uninitialized -Wno-unknown-pragmas -w -Wno-shadow -Wno-four-char-constants -Wno-conversion -Wno-constant-conversion -Wno-int-conversion -Wno-bool-conversion -Wno-enum-conversion -Wno-float-conversion -Wno-non-literal-null-conversion -Wno-objc-literal-conversion -Wshorten-64-to-32 -Wpointer-sign -Wno-newline-eof -Wno-selector -Wno-strict-selector-match -Wno-undeclared-selector -Wno-deprecated-implementations -Wno-implicit-fallthrough -fstrict-aliasing -Wprotocol -Wdeprecated-declarations -Wno-sign-conversion -Wno-infinite-recursion -Wno-comma -Wno-block-capture-autoreleasing -Wno-strict-prototypes -Wno-semicolon-before-method-body -index-store-path /Users/emanuelflury/Library/Developer/Xcode/DerivedData/TaxedGmbH_IOS-gerngfqzuwudosgobknlgtoawnlj/Index.noindex/DataStore @/Users/emanuelflury/Library/Developer/Xcode/DerivedData/TaxedGmbH_IOS-gerngfqzuwudosgobknlgtoawnlj/Build/Intermediates.noindex/Firebase.build/Debug-iphoneos/FirebaseInstallations.build/Objects-normal/arm64/e6072d4f65d7061329687fe24e3d63a7-common-args.resp -include /Users/emanuelflury/Library/Developer/Xcode/DerivedData/TaxedGmbH_IOS-gerngfqzuwudosgobknlgtoawnlj/Build/Intermediates.noindex/Firebase.build/Debug-iphoneos/FirebaseInstallations.build/DerivedSources/resource_bundle_accessor.h -MMD -MT dependencies -MF /Users/emanuelflury/Library/Developer/Xcode/DerivedData/TaxedGmbH_IOS-gerngfqzuwudosgobknlgtoawnlj/Build/Intermediates.noindex/Firebase.build/Debug-iphoneos/FirebaseInstallations.build/Objects-normal/arm64/FIRInstallationsStoredAuthToken.d --serialize-diagnostics /Users/emanuelflury/Library/Developer/Xcode/DerivedData/TaxedGmbH_IOS-gerngfqzuwudosgobknlgtoawnlj/Build/Intermediates.noindex/Firebase.build/Debug-iphoneos/FirebaseInstallations.build/Objects-normal/arm64/FIRInstallationsStoredAuthToken.dia -c /Users/emanuelflury/Library/Developer/Xcode/DerivedData/TaxedGmbH_IOS-gerngfqzuwudosgobknlgtoawnlj/SourcePackages/checkouts/firebase-ios-sdk/FirebaseInstallations/Source/Library/InstallationsStore/FIRInstallationsStoredAuthToken.m -o /Users/emanuelflury/Library/Developer/Xcode/DerivedData/TaxedGmbH_IOS-gerngfqzuwudosgobknlgtoawnlj/Build/Intermediates.noindex/Firebase.build/Debug-iphoneos/FirebaseInstallations.build/Objects-normal/arm64/FIRInstallationsStoredAuthToken.o -index-unit-output-path /Firebase.build/Debug-iphoneos/FirebaseInstallations.build/Objects-normal/arm64/FIRInstallationsStoredAuthToken.o

PrecompileModule /Users/emanuelflury/Library/Developer/Xcode/DerivedData/TaxedGmbH_IOS-gerngfqzuwudosgobknlgtoawnlj/Build/Intermediates.noindex/ExplicitPrecompiledModules/Metal-3TFNFUJE4TS6X0JG7VW97Z4K0.scan
    cd /
    builtin-precompileModule /Users/emanuelflury/Library/Developer/Xcode/DerivedData/TaxedGmbH_IOS-gerngfqzuwudosgobknlgtoawnlj/Build/Intermediates.noindex/ExplicitPrecompiledModules/Metal-3TFNFUJE4TS6X0JG7VW97Z4K0.scan

PrecompileModule /Users/emanuelflury/Library/Developer/Xcode/DerivedData/TaxedGmbH_IOS-gerngfqzuwudosgobknlgtoawnlj/Build/Intermediates.noindex/ExplicitPrecompiledModules/OpenGLES-D0GX6Z3064SPKDWOZLH0KZX15.scan
    cd /
    builtin-precompileModule /Users/emanuelflury/Library/Developer/Xcode/DerivedData/TaxedGmbH_IOS-gerngfqzuwudosgobknlgtoawnlj/Build/Intermediates.noindex/ExplicitPrecompiledModules/OpenGLES-D0GX6Z3064SPKDWOZLH0KZX15.scan

ScanDependencies /Users/emanuelflury/Library/Developer/Xcode/DerivedData/TaxedGmbH_IOS-gerngfqzuwudosgobknlgtoawnlj/Build/Intermediates.noindex/Firebase.build/Debug-iphoneos/FirebaseInstallations.build/Objects-normal/arm64/FIRInstallationsStore.o /Users/emanuelflury/Library/Developer/Xcode/DerivedData/TaxedGmbH_IOS-gerngfqzuwudosgobknlgtoawnlj/SourcePackages/checkouts/firebase-ios-sdk/FirebaseInstallations/Source/Library/InstallationsStore/FIRInstallationsStore.m normal arm64 objective-c com.apple.compilers.llvm.clang.1_0.compiler (in target 'FirebaseInstallations' from project 'Firebase')
    cd /Users/emanuelflury/github/TaxedGmbH_IOS/TaxedGmbH_IOS.xcodeproj
    
    Using response file: /Users/emanuelflury/Library/Developer/Xcode/DerivedData/TaxedGmbH_IOS-gerngfqzuwudosgobknlgtoawnlj/Build/Intermediates.noindex/Firebase.build/Debug-iphoneos/FirebaseInstallations.build/Objects-normal/arm64/e6072d4f65d7061329687fe24e3d63a7-common-args.resp
    
    builtin-ScanDependencies -o /Users/emanuelflury/Library/Developer/Xcode/DerivedData/TaxedGmbH_IOS-gerngfqzuwudosgobknlgtoawnlj/Build/Intermediates.noindex/Firebase.build/Debug-iphoneos/FirebaseInstallations.build/Objects-normal/arm64/FIRInstallationsStore.o.scan -- /Applications/Xcode.app/Contents/Developer/Toolchains/XcodeDefault.xctoolchain/usr/bin/clang -x objective-c -ivfsstatcache /Users/emanuelflury/Library/Developer/Xcode/DerivedData/SDKStatCaches.noindex/iphoneos26.1-23B77-69b33fc7382b27d9b5d46e82a00f8e78.sdkstatcache -fmessage-length\=0 -fdiagnostics-show-note-include-stack -fmacro-backtrace-limit\=0 -fno-color-diagnostics -fmodules-prune-interval\=86400 -fmodules-prune-after\=345600 -fbuild-session-file\=/Users/emanuelflury/Library/Developer/Xcode/DerivedData/ModuleCache.noindex/Session.modulevalidation -fmodules-validate-once-per-build-session -Wnon-modular-include-in-framework-module -Werror\=non-modular-include-in-framework-module -Wno-trigraphs -Wno-missing-field-initializers -Wno-missing-prototypes -Wno-return-type -Wno-implicit-atomic-properties -Wno-objc-interface-ivars -Wno-arc-repeated-use-of-weak -Wno-missing-braces -Wparentheses -Wswitch -Wno-unused-function -Wno-unused-label -Wno-unused-parameter -Wno-unused-variable -Wunused-value -Wno-empty-body -Wno-uninitialized -Wno-unknown-pragmas -w -Wno-shadow -Wno-four-char-constants -Wno-conversion -Wno-constant-conversion -Wno-int-conversion -Wno-bool-conversion -Wno-enum-conversion -Wno-float-conversion -Wno-non-literal-null-conversion -Wno-objc-literal-conversion -Wshorten-64-to-32 -Wpointer-sign -Wno-newline-eof -Wno-selector -Wno-strict-selector-match -Wno-undeclared-selector -Wno-deprecated-implementations -Wno-implicit-fallthrough -fstrict-aliasing -Wprotocol -Wdeprecated-declarations -Wno-sign-conversion -Wno-infinite-recursion -Wno-comma -Wno-block-capture-autoreleasing -Wno-strict-prototypes -Wno-semicolon-before-method-body -index-store-path /Users/emanuelflury/Library/Developer/Xcode/DerivedData/TaxedGmbH_IOS-gerngfqzuwudosgobknlgtoawnlj/Index.noindex/DataStore @/Users/emanuelflury/Library/Developer/Xcode/DerivedData/TaxedGmbH_IOS-gerngfqzuwudosgobknlgtoawnlj/Build/Intermediates.noindex/Firebase.build/Debug-iphoneos/FirebaseInstallations.build/Objects-normal/arm64/e6072d4f65d7061329687fe24e3d63a7-common-args.resp -include /Users/emanuelflury/Library/Developer/Xcode/DerivedData/TaxedGmbH_IOS-gerngfqzuwudosgobknlgtoawnlj/Build/Intermediates.noindex/Firebase.build/Debug-iphoneos/FirebaseInstallations.build/DerivedSources/resource_bundle_accessor.h -MMD -MT dependencies -MF /Users/emanuelflury/Library/Developer/Xcode/DerivedData/TaxedGmbH_IOS-gerngfqzuwudosgobknlgtoawnlj/Build/Intermediates.noindex/Firebase.build/Debug-iphoneos/FirebaseInstallations.build/Objects-normal/arm64/FIRInstallationsStore.d --serialize-diagnostics /Users/emanuelflury/Library/Developer/Xcode/DerivedData/TaxedGmbH_IOS-gerngfqzuwudosgobknlgtoawnlj/Build/Intermediates.noindex/Firebase.build/Debug-iphoneos/FirebaseInstallations.build/Objects-normal/arm64/FIRInstallationsStore.dia -c /Users/emanuelflury/Library/Developer/Xcode/DerivedData/TaxedGmbH_IOS-gerngfqzuwudosgobknlgtoawnlj/SourcePackages/checkouts/firebase-ios-sdk/FirebaseInstallations/Source/Library/InstallationsStore/FIRInstallationsStore.m -o /Users/emanuelflury/Library/Developer/Xcode/DerivedData/TaxedGmbH_IOS-gerngfqzuwudosgobknlgtoawnlj/Build/Intermediates.noindex/Firebase.build/Debug-iphoneos/FirebaseInstallations.build/Objects-normal/arm64/FIRInstallationsStore.o -index-unit-output-path /Firebase.build/Debug-iphoneos/FirebaseInstallations.build/Objects-normal/arm64/FIRInstallationsStore.o

ScanDependencies /Users/emanuelflury/Library/Developer/Xcode/DerivedData/TaxedGmbH_IOS-gerngfqzuwudosgobknlgtoawnlj/Build/Intermediates.noindex/Firebase.build/Debug-iphoneos/FirebaseInstallations.build/Objects-normal/arm64/FIRInstallationsSingleOperationPromiseCache.o /Users/emanuelflury/Library/Developer/Xcode/DerivedData/TaxedGmbH_IOS-gerngfqzuwudosgobknlgtoawnlj/SourcePackages/checkouts/firebase-ios-sdk/FirebaseInstallations/Source/Library/InstallationsIDController/FIRInstallationsSingleOperationPromiseCache.m normal arm64 objective-c com.apple.compilers.llvm.clang.1_0.compiler (in target 'FirebaseInstallations' from project 'Firebase')
    cd /Users/emanuelflury/github/TaxedGmbH_IOS/TaxedGmbH_IOS.xcodeproj
    
    Using response file: /Users/emanuelflury/Library/Developer/Xcode/DerivedData/TaxedGmbH_IOS-gerngfqzuwudosgobknlgtoawnlj/Build/Intermediates.noindex/Firebase.build/Debug-iphoneos/FirebaseInstallations.build/Objects-normal/arm64/e6072d4f65d7061329687fe24e3d63a7-common-args.resp
    
    builtin-ScanDependencies -o /Users/emanuelflury/Library/Developer/Xcode/DerivedData/TaxedGmbH_IOS-gerngfqzuwudosgobknlgtoawnlj/Build/Intermediates.noindex/Firebase.build/Debug-iphoneos/FirebaseInstallations.build/Objects-normal/arm64/FIRInstallationsSingleOperationPromiseCache.o.scan -- /Applications/Xcode.app/Contents/Developer/Toolchains/XcodeDefault.xctoolchain/usr/bin/clang -x objective-c -ivfsstatcache /Users/emanuelflury/Library/Developer/Xcode/DerivedData/SDKStatCaches.noindex/iphoneos26.1-23B77-69b33fc7382b27d9b5d46e82a00f8e78.sdkstatcache -fmessage-length\=0 -fdiagnostics-show-note-include-stack -fmacro-backtrace-limit\=0 -fno-color-diagnostics -fmodules-prune-interval\=86400 -fmodules-prune-after\=345600 -fbuild-session-file\=/Users/emanuelflury/Library/Developer/Xcode/DerivedData/ModuleCache.noindex/Session.modulevalidation -fmodules-validate-once-per-build-session -Wnon-modular-include-in-framework-module -Werror\=non-modular-include-in-framework-module -Wno-trigraphs -Wno-missing-field-initializers -Wno-missing-prototypes -Wno-return-type -Wno-implicit-atomic-properties -Wno-objc-interface-ivars -Wno-arc-repeated-use-of-weak -Wno-missing-braces -Wparentheses -Wswitch -Wno-unused-function -Wno-unused-label -Wno-unused-parameter -Wno-unused-variable -Wunused-value -Wno-empty-body -Wno-uninitialized -Wno-unknown-pragmas -w -Wno-shadow -Wno-four-char-constants -Wno-conversion -Wno-constant-conversion -Wno-int-conversion -Wno-bool-conversion -Wno-enum-conversion -Wno-float-conversion -Wno-non-literal-null-conversion -Wno-objc-literal-conversion -Wshorten-64-to-32 -Wpointer-sign -Wno-newline-eof -Wno-selector -Wno-strict-selector-match -Wno-undeclared-selector -Wno-deprecated-implementations -Wno-implicit-fallthrough -fstrict-aliasing -Wprotocol -Wdeprecated-declarations -Wno-sign-conversion -Wno-infinite-recursion -Wno-comma -Wno-block-capture-autoreleasing -Wno-strict-prototypes -Wno-semicolon-before-method-body -index-store-path /Users/emanuelflury/Library/Developer/Xcode/DerivedData/TaxedGmbH_IOS-gerngfqzuwudosgobknlgtoawnlj/Index.noindex/DataStore @/Users/emanuelflury/Library/Developer/Xcode/DerivedData/TaxedGmbH_IOS-gerngfqzuwudosgobknlgtoawnlj/Build/Intermediates.noindex/Firebase.build/Debug-iphoneos/FirebaseInstallations.build/Objects-normal/arm64/e6072d4f65d7061329687fe24e3d63a7-common-args.resp -include /Users/emanuelflury/Library/Developer/Xcode/DerivedData/TaxedGmbH_IOS-gerngfqzuwudosgobknlgtoawnlj/Build/Intermediates.noindex/Firebase.build/Debug-iphoneos/FirebaseInstallations.build/DerivedSources/resource_bundle_accessor.h -MMD -MT dependencies -MF /Users/emanuelflury/Library/Developer/Xcode/DerivedData/TaxedGmbH_IOS-gerngfqzuwudosgobknlgtoawnlj/Build/Intermediates.noindex/Firebase.build/Debug-iphoneos/FirebaseInstallations.build/Objects-normal/arm64/FIRInstallationsSingleOperationPromiseCache.d --serialize-diagnostics /Users/emanuelflury/Library/Developer/Xcode/DerivedData/TaxedGmbH_IOS-gerngfqzuwudosgobknlgtoawnlj/Build/Intermediates.noindex/Firebase.build/Debug-iphoneos/FirebaseInstallations.build/Objects-normal/arm64/FIRInstallationsSingleOperationPromiseCache.dia -c /Users/emanuelflury/Library/Developer/Xcode/DerivedData/TaxedGmbH_IOS-gerngfqzuwudosgobknlgtoawnlj/SourcePackages/checkouts/firebase-ios-sdk/FirebaseInstallations/Source/Library/InstallationsIDController/FIRInstallationsSingleOperationPromiseCache.m -o /Users/emanuelflury/Library/Developer/Xcode/DerivedData/TaxedGmbH_IOS-gerngfqzuwudosgobknlgtoawnlj/Build/Intermediates.noindex/Firebase.build/Debug-iphoneos/FirebaseInstallations.build/Objects-normal/arm64/FIRInstallationsSingleOperationPromiseCache.o -index-unit-output-path /Firebase.build/Debug-iphoneos/FirebaseInstallations.build/Objects-normal/arm64/FIRInstallationsSingleOperationPromiseCache.o

CompileC /Users/emanuelflury/Library/Developer/Xcode/DerivedData/TaxedGmbH_IOS-gerngfqzuwudosgobknlgtoawnlj/Build/Intermediates.noindex/Firebase.build/Debug-iphoneos/FirebaseInstallations.build/Objects-normal/arm64/resource_bundle_accessor.o /Users/emanuelflury/Library/Developer/Xcode/DerivedData/TaxedGmbH_IOS-gerngfqzuwudosgobknlgtoawnlj/Build/Intermediates.noindex/Firebase.build/Debug-iphoneos/FirebaseInstallations.build/DerivedSources/resource_bundle_accessor.m normal arm64 objective-c com.apple.compilers.llvm.clang.1_0.compiler (in target 'FirebaseInstallations' from project 'Firebase')
    cd /Users/emanuelflury/github/TaxedGmbH_IOS/TaxedGmbH_IOS.xcodeproj
    
    Using response file: /Users/emanuelflury/Library/Developer/Xcode/DerivedData/TaxedGmbH_IOS-gerngfqzuwudosgobknlgtoawnlj/Build/Intermediates.noindex/Firebase.build/Debug-iphoneos/FirebaseInstallations.build/Objects-normal/arm64/e6072d4f65d7061329687fe24e3d63a7-common-args.resp
    
    /Applications/Xcode.app/Contents/Developer/Toolchains/XcodeDefault.xctoolchain/usr/bin/clang -x objective-c -ivfsstatcache /Users/emanuelflury/Library/Developer/Xcode/DerivedData/SDKStatCaches.noindex/iphoneos26.1-23B77-69b33fc7382b27d9b5d46e82a00f8e78.sdkstatcache -fmessage-length\=0 -fdiagnostics-show-note-include-stack -fmacro-backtrace-limit\=0 -fno-color-diagnostics -fmodules-prune-interval\=86400 -fmodules-prune-after\=345600 -fbuild-session-file\=/Users/emanuelflury/Library/Developer/Xcode/DerivedData/ModuleCache.noindex/Session.modulevalidation -fmodules-validate-once-per-build-session -Wnon-modular-include-in-framework-module -Werror\=non-modular-include-in-framework-module -Wno-trigraphs -Wno-missing-field-initializers -Wno-missing-prototypes -Wno-return-type -Wno-implicit-atomic-properties -Wno-objc-interface-ivars -Wno-arc-repeated-use-of-weak -Wno-missing-braces -Wparentheses -Wswitch -Wno-unused-function -Wno-unused-label -Wno-unused-parameter -Wno-unused-variable -Wunused-value -Wno-empty-body -Wno-uninitialized -Wno-unknown-pragmas -w -Wno-shadow -Wno-four-char-constants -Wno-conversion -Wno-constant-conversion -Wno-int-conversion -Wno-bool-conversion -Wno-enum-conversion -Wno-float-conversion -Wno-non-literal-null-conversion -Wno-objc-literal-conversion -Wshorten-64-to-32 -Wpointer-sign -Wno-newline-eof -Wno-selector -Wno-strict-selector-match -Wno-undeclared-selector -Wno-deprecated-implementations -Wno-implicit-fallthrough -fstrict-aliasing -Wprotocol -Wdeprecated-declarations -Wno-sign-conversion -Wno-infinite-recursion -Wno-comma -Wno-block-capture-autoreleasing -Wno-strict-prototypes -Wno-semicolon-before-method-body -index-store-path /Users/emanuelflury/Library/Developer/Xcode/DerivedData/TaxedGmbH_IOS-gerngfqzuwudosgobknlgtoawnlj/Index.noindex/DataStore @/Users/emanuelflury/Library/Developer/Xcode/DerivedData/TaxedGmbH_IOS-gerngfqzuwudosgobknlgtoawnlj/Build/Intermediates.noindex/Firebase.build/Debug-iphoneos/FirebaseInstallations.build/Objects-normal/arm64/e6072d4f65d7061329687fe24e3d63a7-common-args.resp -include /Users/emanuelflury/Library/Developer/Xcode/DerivedData/TaxedGmbH_IOS-gerngfqzuwudosgobknlgtoawnlj/Build/Intermediates.noindex/Firebase.build/Debug-iphoneos/FirebaseInstallations.build/DerivedSources/resource_bundle_accessor.h -MMD -MT dependencies -MF /Users/emanuelflury/Library/Developer/Xcode/DerivedData/TaxedGmbH_IOS-gerngfqzuwudosgobknlgtoawnlj/Build/Intermediates.noindex/Firebase.build/Debug-iphoneos/FirebaseInstallations.build/Objects-normal/arm64/resource_bundle_accessor.d --serialize-diagnostics /Users/emanuelflury/Library/Developer/Xcode/DerivedData/TaxedGmbH_IOS-gerngfqzuwudosgobknlgtoawnlj/Build/Intermediates.noindex/Firebase.build/Debug-iphoneos/FirebaseInstallations.build/Objects-normal/arm64/resource_bundle_accessor.dia -c /Users/emanuelflury/Library/Developer/Xcode/DerivedData/TaxedGmbH_IOS-gerngfqzuwudosgobknlgtoawnlj/Build/Intermediates.noindex/Firebase.build/Debug-iphoneos/FirebaseInstallations.build/DerivedSources/resource_bundle_accessor.m -o /Users/emanuelflury/Library/Developer/Xcode/DerivedData/TaxedGmbH_IOS-gerngfqzuwudosgobknlgtoawnlj/Build/Intermediates.noindex/Firebase.build/Debug-iphoneos/FirebaseInstallations.build/Objects-normal/arm64/resource_bundle_accessor.o -index-unit-output-path /Firebase.build/Debug-iphoneos/FirebaseInstallations.build/Objects-normal/arm64/resource_bundle_accessor.o

ScanDependencies /Users/emanuelflury/Library/Developer/Xcode/DerivedData/TaxedGmbH_IOS-gerngfqzuwudosgobknlgtoawnlj/Build/Intermediates.noindex/Firebase.build/Debug-iphoneos/FirebaseInstallations.build/Objects-normal/arm64/FIRInstallationsLogger.o /Users/emanuelflury/Library/Developer/Xcode/DerivedData/TaxedGmbH_IOS-gerngfqzuwudosgobknlgtoawnlj/SourcePackages/checkouts/firebase-ios-sdk/FirebaseInstallations/Source/Library/FIRInstallationsLogger.m normal arm64 objective-c com.apple.compilers.llvm.clang.1_0.compiler (in target 'FirebaseInstallations' from project 'Firebase')
    cd /Users/emanuelflury/github/TaxedGmbH_IOS/TaxedGmbH_IOS.xcodeproj
    
    Using response file: /Users/emanuelflury/Library/Developer/Xcode/DerivedData/TaxedGmbH_IOS-gerngfqzuwudosgobknlgtoawnlj/Build/Intermediates.noindex/Firebase.build/Debug-iphoneos/FirebaseInstallations.build/Objects-normal/arm64/e6072d4f65d7061329687fe24e3d63a7-common-args.resp
    
    builtin-ScanDependencies -o /Users/emanuelflury/Library/Developer/Xcode/DerivedData/TaxedGmbH_IOS-gerngfqzuwudosgobknlgtoawnlj/Build/Intermediates.noindex/Firebase.build/Debug-iphoneos/FirebaseInstallations.build/Objects-normal/arm64/FIRInstallationsLogger.o.scan -- /Applications/Xcode.app/Contents/Developer/Toolchains/XcodeDefault.xctoolchain/usr/bin/clang -x objective-c -ivfsstatcache /Users/emanuelflury/Library/Developer/Xcode/DerivedData/SDKStatCaches.noindex/iphoneos26.1-23B77-69b33fc7382b27d9b5d46e82a00f8e78.sdkstatcache -fmessage-length\=0 -fdiagnostics-show-note-include-stack -fmacro-backtrace-limit\=0 -fno-color-diagnostics -fmodules-prune-interval\=86400 -fmodules-prune-after\=345600 -fbuild-session-file\=/Users/emanuelflury/Library/Developer/Xcode/DerivedData/ModuleCache.noindex/Session.modulevalidation -fmodules-validate-once-per-build-session -Wnon-modular-include-in-framework-module -Werror\=non-modular-include-in-framework-module -Wno-trigraphs -Wno-missing-field-initializers -Wno-missing-prototypes -Wno-return-type -Wno-implicit-atomic-properties -Wno-objc-interface-ivars -Wno-arc-repeated-use-of-weak -Wno-missing-braces -Wparentheses -Wswitch -Wno-unused-function -Wno-unused-label -Wno-unused-parameter -Wno-unused-variable -Wunused-value -Wno-empty-body -Wno-uninitialized -Wno-unknown-pragmas -w -Wno-shadow -Wno-four-char-constants -Wno-conversion -Wno-constant-conversion -Wno-int-conversion -Wno-bool-conversion -Wno-enum-conversion -Wno-float-conversion -Wno-non-literal-null-conversion -Wno-objc-literal-conversion -Wshorten-64-to-32 -Wpointer-sign -Wno-newline-eof -Wno-selector -Wno-strict-selector-match -Wno-undeclared-selector -Wno-deprecated-implementations -Wno-implicit-fallthrough -fstrict-aliasing -Wprotocol -Wdeprecated-declarations -Wno-sign-conversion -Wno-infinite-recursion -Wno-comma -Wno-block-capture-autoreleasing -Wno-strict-prototypes -Wno-semicolon-before-method-body -index-store-path /Users/emanuelflury/Library/Developer/Xcode/DerivedData/TaxedGmbH_IOS-gerngfqzuwudosgobknlgtoawnlj/Index.noindex/DataStore @/Users/emanuelflury/Library/Developer/Xcode/DerivedData/TaxedGmbH_IOS-gerngfqzuwudosgobknlgtoawnlj/Build/Intermediates.noindex/Firebase.build/Debug-iphoneos/FirebaseInstallations.build/Objects-normal/arm64/e6072d4f65d7061329687fe24e3d63a7-common-args.resp -include /Users/emanuelflury/Library/Developer/Xcode/DerivedData/TaxedGmbH_IOS-gerngfqzuwudosgobknlgtoawnlj/Build/Intermediates.noindex/Firebase.build/Debug-iphoneos/FirebaseInstallations.build/DerivedSources/resource_bundle_accessor.h -MMD -MT dependencies -MF /Users/emanuelflury/Library/Developer/Xcode/DerivedData/TaxedGmbH_IOS-gerngfqzuwudosgobknlgtoawnlj/Build/Intermediates.noindex/Firebase.build/Debug-iphoneos/FirebaseInstallations.build/Objects-normal/arm64/FIRInstallationsLogger.d --serialize-diagnostics /Users/emanuelflury/Library/Developer/Xcode/DerivedData/TaxedGmbH_IOS-gerngfqzuwudosgobknlgtoawnlj/Build/Intermediates.noindex/Firebase.build/Debug-iphoneos/FirebaseInstallations.build/Objects-normal/arm64/FIRInstallationsLogger.dia -c /Users/emanuelflury/Library/Developer/Xcode/DerivedData/TaxedGmbH_IOS-gerngfqzuwudosgobknlgtoawnlj/SourcePackages/checkouts/firebase-ios-sdk/FirebaseInstallations/Source/Library/FIRInstallationsLogger.m -o /Users/emanuelflury/Library/Developer/Xcode/DerivedData/TaxedGmbH_IOS-gerngfqzuwudosgobknlgtoawnlj/Build/Intermediates.noindex/Firebase.build/Debug-iphoneos/FirebaseInstallations.build/Objects-normal/arm64/FIRInstallationsLogger.o -index-unit-output-path /Firebase.build/Debug-iphoneos/FirebaseInstallations.build/Objects-normal/arm64/FIRInstallationsLogger.o

PrecompileModule /Users/emanuelflury/Library/Developer/Xcode/DerivedData/TaxedGmbH_IOS-gerngfqzuwudosgobknlgtoawnlj/Build/Intermediates.noindex/ExplicitPrecompiledModules/FirebaseCore-4TKPLU1JX9TRGLI0D0RRPUSU1.scan
    cd /
    builtin-precompileModule /Users/emanuelflury/Library/Developer/Xcode/DerivedData/TaxedGmbH_IOS-gerngfqzuwudosgobknlgtoawnlj/Build/Intermediates.noindex/ExplicitPrecompiledModules/FirebaseCore-4TKPLU1JX9TRGLI0D0RRPUSU1.scan

ScanDependencies /Users/emanuelflury/Library/Developer/Xcode/DerivedData/TaxedGmbH_IOS-gerngfqzuwudosgobknlgtoawnlj/Build/Intermediates.noindex/Firebase.build/Debug-iphoneos/FirebaseInstallations.build/Objects-normal/arm64/FIRInstallationsItem.o /Users/emanuelflury/Library/Developer/Xcode/DerivedData/TaxedGmbH_IOS-gerngfqzuwudosgobknlgtoawnlj/SourcePackages/checkouts/firebase-ios-sdk/FirebaseInstallations/Source/Library/FIRInstallationsItem.m normal arm64 objective-c com.apple.compilers.llvm.clang.1_0.compiler (in target 'FirebaseInstallations' from project 'Firebase')
    cd /Users/emanuelflury/github/TaxedGmbH_IOS/TaxedGmbH_IOS.xcodeproj
    
    Using response file: /Users/emanuelflury/Library/Developer/Xcode/DerivedData/TaxedGmbH_IOS-gerngfqzuwudosgobknlgtoawnlj/Build/Intermediates.noindex/Firebase.build/Debug-iphoneos/FirebaseInstallations.build/Objects-normal/arm64/e6072d4f65d7061329687fe24e3d63a7-common-args.resp
    
    builtin-ScanDependencies -o /Users/emanuelflury/Library/Developer/Xcode/DerivedData/TaxedGmbH_IOS-gerngfqzuwudosgobknlgtoawnlj/Build/Intermediates.noindex/Firebase.build/Debug-iphoneos/FirebaseInstallations.build/Objects-normal/arm64/FIRInstallationsItem.o.scan -- /Applications/Xcode.app/Contents/Developer/Toolchains/XcodeDefault.xctoolchain/usr/bin/clang -x objective-c -ivfsstatcache /Users/emanuelflury/Library/Developer/Xcode/DerivedData/SDKStatCaches.noindex/iphoneos26.1-23B77-69b33fc7382b27d9b5d46e82a00f8e78.sdkstatcache -fmessage-length\=0 -fdiagnostics-show-note-include-stack -fmacro-backtrace-limit\=0 -fno-color-diagnostics -fmodules-prune-interval\=86400 -fmodules-prune-after\=345600 -fbuild-session-file\=/Users/emanuelflury/Library/Developer/Xcode/DerivedData/ModuleCache.noindex/Session.modulevalidation -fmodules-validate-once-per-build-session -Wnon-modular-include-in-framework-module -Werror\=non-modular-include-in-framework-module -Wno-trigraphs -Wno-missing-field-initializers -Wno-missing-prototypes -Wno-return-type -Wno-implicit-atomic-properties -Wno-objc-interface-ivars -Wno-arc-repeated-use-of-weak -Wno-missing-braces -Wparentheses -Wswitch -Wno-unused-function -Wno-unused-label -Wno-unused-parameter -Wno-unused-variable -Wunused-value -Wno-empty-body -Wno-uninitialized -Wno-unknown-pragmas -w -Wno-shadow -Wno-four-char-constants -Wno-conversion -Wno-constant-conversion -Wno-int-conversion -Wno-bool-conversion -Wno-enum-conversion -Wno-float-conversion -Wno-non-literal-null-conversion -Wno-objc-literal-conversion -Wshorten-64-to-32 -Wpointer-sign -Wno-newline-eof -Wno-selector -Wno-strict-selector-match -Wno-undeclared-selector -Wno-deprecated-implementations -Wno-implicit-fallthrough -fstrict-aliasing -Wprotocol -Wdeprecated-declarations -Wno-sign-conversion -Wno-infinite-recursion -Wno-comma -Wno-block-capture-autoreleasing -Wno-strict-prototypes -Wno-semicolon-before-method-body -index-store-path /Users/emanuelflury/Library/Developer/Xcode/DerivedData/TaxedGmbH_IOS-gerngfqzuwudosgobknlgtoawnlj/Index.noindex/DataStore @/Users/emanuelflury/Library/Developer/Xcode/DerivedData/TaxedGmbH_IOS-gerngfqzuwudosgobknlgtoawnlj/Build/Intermediates.noindex/Firebase.build/Debug-iphoneos/FirebaseInstallations.build/Objects-normal/arm64/e6072d4f65d7061329687fe24e3d63a7-common-args.resp -include /Users/emanuelflury/Library/Developer/Xcode/DerivedData/TaxedGmbH_IOS-gerngfqzuwudosgobknlgtoawnlj/Build/Intermediates.noindex/Firebase.build/Debug-iphoneos/FirebaseInstallations.build/DerivedSources/resource_bundle_accessor.h -MMD -MT dependencies -MF /Users/emanuelflury/Library/Developer/Xcode/DerivedData/TaxedGmbH_IOS-gerngfqzuwudosgobknlgtoawnlj/Build/Intermediates.noindex/Firebase.build/Debug-iphoneos/FirebaseInstallations.build/Objects-normal/arm64/FIRInstallationsItem.d --serialize-diagnostics /Users/emanuelflury/Library/Developer/Xcode/DerivedData/TaxedGmbH_IOS-gerngfqzuwudosgobknlgtoawnlj/Build/Intermediates.noindex/Firebase.build/Debug-iphoneos/FirebaseInstallations.build/Objects-normal/arm64/FIRInstallationsItem.dia -c /Users/emanuelflury/Library/Developer/Xcode/DerivedData/TaxedGmbH_IOS-gerngfqzuwudosgobknlgtoawnlj/SourcePackages/checkouts/firebase-ios-sdk/FirebaseInstallations/Source/Library/FIRInstallationsItem.m -o /Users/emanuelflury/Library/Developer/Xcode/DerivedData/TaxedGmbH_IOS-gerngfqzuwudosgobknlgtoawnlj/Build/Intermediates.noindex/Firebase.build/Debug-iphoneos/FirebaseInstallations.build/Objects-normal/arm64/FIRInstallationsItem.o -index-unit-output-path /Firebase.build/Debug-iphoneos/FirebaseInstallations.build/Objects-normal/arm64/FIRInstallationsItem.o

PrecompileModule /Users/emanuelflury/Library/Developer/Xcode/DerivedData/TaxedGmbH_IOS-gerngfqzuwudosgobknlgtoawnlj/Build/Intermediates.noindex/ExplicitPrecompiledModules/FBLPromises-5920DYL2VNCDD5XJLYQODL1O1.scan
    cd /
    builtin-precompileModule /Users/emanuelflury/Library/Developer/Xcode/DerivedData/TaxedGmbH_IOS-gerngfqzuwudosgobknlgtoawnlj/Build/Intermediates.noindex/ExplicitPrecompiledModules/FBLPromises-5920DYL2VNCDD5XJLYQODL1O1.scan

PrecompileModule /Users/emanuelflury/Library/Developer/Xcode/DerivedData/TaxedGmbH_IOS-gerngfqzuwudosgobknlgtoawnlj/Build/Intermediates.noindex/ExplicitPrecompiledModules/GoogleUtilities_Environment-9X2LYIMM8U1A55TC7UICWUK9I.scan
    cd /
    builtin-precompileModule /Users/emanuelflury/Library/Developer/Xcode/DerivedData/TaxedGmbH_IOS-gerngfqzuwudosgobknlgtoawnlj/Build/Intermediates.noindex/ExplicitPrecompiledModules/GoogleUtilities_Environment-9X2LYIMM8U1A55TC7UICWUK9I.scan

PrecompileModule /Users/emanuelflury/Library/Developer/Xcode/DerivedData/TaxedGmbH_IOS-gerngfqzuwudosgobknlgtoawnlj/Build/Intermediates.noindex/ExplicitPrecompiledModules/GoogleUtilities_UserDefaults-E74GC0ZWB7PIE5NEDP2S2R37.scan
    cd /
    builtin-precompileModule /Users/emanuelflury/Library/Developer/Xcode/DerivedData/TaxedGmbH_IOS-gerngfqzuwudosgobknlgtoawnlj/Build/Intermediates.noindex/ExplicitPrecompiledModules/GoogleUtilities_UserDefaults-E74GC0ZWB7PIE5NEDP2S2R37.scan

CompileC /Users/emanuelflury/Library/Developer/Xcode/DerivedData/TaxedGmbH_IOS-gerngfqzuwudosgobknlgtoawnlj/Build/Intermediates.noindex/Firebase.build/Debug-iphoneos/FirebaseInstallations.build/Objects-normal/arm64/FIRInstallationsStoredItem.o /Users/emanuelflury/Library/Developer/Xcode/DerivedData/TaxedGmbH_IOS-gerngfqzuwudosgobknlgtoawnlj/SourcePackages/checkouts/firebase-ios-sdk/FirebaseInstallations/Source/Library/InstallationsStore/FIRInstallationsStoredItem.m normal arm64 objective-c com.apple.compilers.llvm.clang.1_0.compiler (in target 'FirebaseInstallations' from project 'Firebase')
    cd /Users/emanuelflury/github/TaxedGmbH_IOS/TaxedGmbH_IOS.xcodeproj
    
    Using response file: /Users/emanuelflury/Library/Developer/Xcode/DerivedData/TaxedGmbH_IOS-gerngfqzuwudosgobknlgtoawnlj/Build/Intermediates.noindex/Firebase.build/Debug-iphoneos/FirebaseInstallations.build/Objects-normal/arm64/e6072d4f65d7061329687fe24e3d63a7-common-args.resp
    
    /Applications/Xcode.app/Contents/Developer/Toolchains/XcodeDefault.xctoolchain/usr/bin/clang -x objective-c -ivfsstatcache /Users/emanuelflury/Library/Developer/Xcode/DerivedData/SDKStatCaches.noindex/iphoneos26.1-23B77-69b33fc7382b27d9b5d46e82a00f8e78.sdkstatcache -fmessage-length\=0 -fdiagnostics-show-note-include-stack -fmacro-backtrace-limit\=0 -fno-color-diagnostics -fmodules-prune-interval\=86400 -fmodules-prune-after\=345600 -fbuild-session-file\=/Users/emanuelflury/Library/Developer/Xcode/DerivedData/ModuleCache.noindex/Session.modulevalidation -fmodules-validate-once-per-build-session -Wnon-modular-include-in-framework-module -Werror\=non-modular-include-in-framework-module -Wno-trigraphs -Wno-missing-field-initializers -Wno-missing-prototypes -Wno-return-type -Wno-implicit-atomic-properties -Wno-objc-interface-ivars -Wno-arc-repeated-use-of-weak -Wno-missing-braces -Wparentheses -Wswitch -Wno-unused-function -Wno-unused-label -Wno-unused-parameter -Wno-unused-variable -Wunused-value -Wno-empty-body -Wno-uninitialized -Wno-unknown-pragmas -w -Wno-shadow -Wno-four-char-constants -Wno-conversion -Wno-constant-conversion -Wno-int-conversion -Wno-bool-conversion -Wno-enum-conversion -Wno-float-conversion -Wno-non-literal-null-conversion -Wno-objc-literal-conversion -Wshorten-64-to-32 -Wpointer-sign -Wno-newline-eof -Wno-selector -Wno-strict-selector-match -Wno-undeclared-selector -Wno-deprecated-implementations -Wno-implicit-fallthrough -fstrict-aliasing -Wprotocol -Wdeprecated-declarations -Wno-sign-conversion -Wno-infinite-recursion -Wno-comma -Wno-block-capture-autoreleasing -Wno-strict-prototypes -Wno-semicolon-before-method-body -index-store-path /Users/emanuelflury/Library/Developer/Xcode/DerivedData/TaxedGmbH_IOS-gerngfqzuwudosgobknlgtoawnlj/Index.noindex/DataStore @/Users/emanuelflury/Library/Developer/Xcode/DerivedData/TaxedGmbH_IOS-gerngfqzuwudosgobknlgtoawnlj/Build/Intermediates.noindex/Firebase.build/Debug-iphoneos/FirebaseInstallations.build/Objects-normal/arm64/e6072d4f65d7061329687fe24e3d63a7-common-args.resp -include /Users/emanuelflury/Library/Developer/Xcode/DerivedData/TaxedGmbH_IOS-gerngfqzuwudosgobknlgtoawnlj/Build/Intermediates.noindex/Firebase.build/Debug-iphoneos/FirebaseInstallations.build/DerivedSources/resource_bundle_accessor.h -MMD -MT dependencies -MF /Users/emanuelflury/Library/Developer/Xcode/DerivedData/TaxedGmbH_IOS-gerngfqzuwudosgobknlgtoawnlj/Build/Intermediates.noindex/Firebase.build/Debug-iphoneos/FirebaseInstallations.build/Objects-normal/arm64/FIRInstallationsStoredItem.d --serialize-diagnostics /Users/emanuelflury/Library/Developer/Xcode/DerivedData/TaxedGmbH_IOS-gerngfqzuwudosgobknlgtoawnlj/Build/Intermediates.noindex/Firebase.build/Debug-iphoneos/FirebaseInstallations.build/Objects-normal/arm64/FIRInstallationsStoredItem.dia -c /Users/emanuelflury/Library/Developer/Xcode/DerivedData/TaxedGmbH_IOS-gerngfqzuwudosgobknlgtoawnlj/SourcePackages/checkouts/firebase-ios-sdk/FirebaseInstallations/Source/Library/InstallationsStore/FIRInstallationsStoredItem.m -o /Users/emanuelflury/Library/Developer/Xcode/DerivedData/TaxedGmbH_IOS-gerngfqzuwudosgobknlgtoawnlj/Build/Intermediates.noindex/Firebase.build/Debug-iphoneos/FirebaseInstallations.build/Objects-normal/arm64/FIRInstallationsStoredItem.o -index-unit-output-path /Firebase.build/Debug-iphoneos/FirebaseInstallations.build/Objects-normal/arm64/FIRInstallationsStoredItem.o

CompileC /Users/emanuelflury/Library/Developer/Xcode/DerivedData/TaxedGmbH_IOS-gerngfqzuwudosgobknlgtoawnlj/Build/Intermediates.noindex/Firebase.build/Debug-iphoneos/FirebaseInstallations.build/Objects-normal/arm64/FIRInstallationsStoredAuthToken.o /Users/emanuelflury/Library/Developer/Xcode/DerivedData/TaxedGmbH_IOS-gerngfqzuwudosgobknlgtoawnlj/SourcePackages/checkouts/firebase-ios-sdk/FirebaseInstallations/Source/Library/InstallationsStore/FIRInstallationsStoredAuthToken.m normal arm64 objective-c com.apple.compilers.llvm.clang.1_0.compiler (in target 'FirebaseInstallations' from project 'Firebase')
    cd /Users/emanuelflury/github/TaxedGmbH_IOS/TaxedGmbH_IOS.xcodeproj
    
    Using response file: /Users/emanuelflury/Library/Developer/Xcode/DerivedData/TaxedGmbH_IOS-gerngfqzuwudosgobknlgtoawnlj/Build/Intermediates.noindex/Firebase.build/Debug-iphoneos/FirebaseInstallations.build/Objects-normal/arm64/e6072d4f65d7061329687fe24e3d63a7-common-args.resp
    
    /Applications/Xcode.app/Contents/Developer/Toolchains/XcodeDefault.xctoolchain/usr/bin/clang -x objective-c -ivfsstatcache /Users/emanuelflury/Library/Developer/Xcode/DerivedData/SDKStatCaches.noindex/iphoneos26.1-23B77-69b33fc7382b27d9b5d46e82a00f8e78.sdkstatcache -fmessage-length\=0 -fdiagnostics-show-note-include-stack -fmacro-backtrace-limit\=0 -fno-color-diagnostics -fmodules-prune-interval\=86400 -fmodules-prune-after\=345600 -fbuild-session-file\=/Users/emanuelflury/Library/Developer/Xcode/DerivedData/ModuleCache.noindex/Session.modulevalidation -fmodules-validate-once-per-build-session -Wnon-modular-include-in-framework-module -Werror\=non-modular-include-in-framework-module -Wno-trigraphs -Wno-missing-field-initializers -Wno-missing-prototypes -Wno-return-type -Wno-implicit-atomic-properties -Wno-objc-interface-ivars -Wno-arc-repeated-use-of-weak -Wno-missing-braces -Wparentheses -Wswitch -Wno-unused-function -Wno-unused-label -Wno-unused-parameter -Wno-unused-variable -Wunused-value -Wno-empty-body -Wno-uninitialized -Wno-unknown-pragmas -w -Wno-shadow -Wno-four-char-constants -Wno-conversion -Wno-constant-conversion -Wno-int-conversion -Wno-bool-conversion -Wno-enum-conversion -Wno-float-conversion -Wno-non-literal-null-conversion -Wno-objc-literal-conversion -Wshorten-64-to-32 -Wpointer-sign -Wno-newline-eof -Wno-selector -Wno-strict-selector-match -Wno-undeclared-selector -Wno-deprecated-implementations -Wno-implicit-fallthrough -fstrict-aliasing -Wprotocol -Wdeprecated-declarations -Wno-sign-conversion -Wno-infinite-recursion -Wno-comma -Wno-block-capture-autoreleasing -Wno-strict-prototypes -Wno-semicolon-before-method-body -index-store-path /Users/emanuelflury/Library/Developer/Xcode/DerivedData/TaxedGmbH_IOS-gerngfqzuwudosgobknlgtoawnlj/Index.noindex/DataStore @/Users/emanuelflury/Library/Developer/Xcode/DerivedData/TaxedGmbH_IOS-gerngfqzuwudosgobknlgtoawnlj/Build/Intermediates.noindex/Firebase.build/Debug-iphoneos/FirebaseInstallations.build/Objects-normal/arm64/e6072d4f65d7061329687fe24e3d63a7-common-args.resp -include /Users/emanuelflury/Library/Developer/Xcode/DerivedData/TaxedGmbH_IOS-gerngfqzuwudosgobknlgtoawnlj/Build/Intermediates.noindex/Firebase.build/Debug-iphoneos/FirebaseInstallations.build/DerivedSources/resource_bundle_accessor.h -MMD -MT dependencies -MF /Users/emanuelflury/Library/Developer/Xcode/DerivedData/TaxedGmbH_IOS-gerngfqzuwudosgobknlgtoawnlj/Build/Intermediates.noindex/Firebase.build/Debug-iphoneos/FirebaseInstallations.build/Objects-normal/arm64/FIRInstallationsStoredAuthToken.d --serialize-diagnostics /Users/emanuelflury/Library/Developer/Xcode/DerivedData/TaxedGmbH_IOS-gerngfqzuwudosgobknlgtoawnlj/Build/Intermediates.noindex/Firebase.build/Debug-iphoneos/FirebaseInstallations.build/Objects-normal/arm64/FIRInstallationsStoredAuthToken.dia -c /Users/emanuelflury/Library/Developer/Xcode/DerivedData/TaxedGmbH_IOS-gerngfqzuwudosgobknlgtoawnlj/SourcePackages/checkouts/firebase-ios-sdk/FirebaseInstallations/Source/Library/InstallationsStore/FIRInstallationsStoredAuthToken.m -o /Users/emanuelflury/Library/Developer/Xcode/DerivedData/TaxedGmbH_IOS-gerngfqzuwudosgobknlgtoawnlj/Build/Intermediates.noindex/Firebase.build/Debug-iphoneos/FirebaseInstallations.build/Objects-normal/arm64/FIRInstallationsStoredAuthToken.o -index-unit-output-path /Firebase.build/Debug-iphoneos/FirebaseInstallations.build/Objects-normal/arm64/FIRInstallationsStoredAuthToken.o

CompileC /Users/emanuelflury/Library/Developer/Xcode/DerivedData/TaxedGmbH_IOS-gerngfqzuwudosgobknlgtoawnlj/Build/Intermediates.noindex/Firebase.build/Debug-iphoneos/FirebaseInstallations.build/Objects-normal/arm64/FIRInstallationsLogger.o /Users/emanuelflury/Library/Developer/Xcode/DerivedData/TaxedGmbH_IOS-gerngfqzuwudosgobknlgtoawnlj/SourcePackages/checkouts/firebase-ios-sdk/FirebaseInstallations/Source/Library/FIRInstallationsLogger.m normal arm64 objective-c com.apple.compilers.llvm.clang.1_0.compiler (in target 'FirebaseInstallations' from project 'Firebase')
    cd /Users/emanuelflury/github/TaxedGmbH_IOS/TaxedGmbH_IOS.xcodeproj
    
    Using response file: /Users/emanuelflury/Library/Developer/Xcode/DerivedData/TaxedGmbH_IOS-gerngfqzuwudosgobknlgtoawnlj/Build/Intermediates.noindex/Firebase.build/Debug-iphoneos/FirebaseInstallations.build/Objects-normal/arm64/e6072d4f65d7061329687fe24e3d63a7-common-args.resp
    
    /Applications/Xcode.app/Contents/Developer/Toolchains/XcodeDefault.xctoolchain/usr/bin/clang -x objective-c -ivfsstatcache /Users/emanuelflury/Library/Developer/Xcode/DerivedData/SDKStatCaches.noindex/iphoneos26.1-23B77-69b33fc7382b27d9b5d46e82a00f8e78.sdkstatcache -fmessage-length\=0 -fdiagnostics-show-note-include-stack -fmacro-backtrace-limit\=0 -fno-color-diagnostics -fmodules-prune-interval\=86400 -fmodules-prune-after\=345600 -fbuild-session-file\=/Users/emanuelflury/Library/Developer/Xcode/DerivedData/ModuleCache.noindex/Session.modulevalidation -fmodules-validate-once-per-build-session -Wnon-modular-include-in-framework-module -Werror\=non-modular-include-in-framework-module -Wno-trigraphs -Wno-missing-field-initializers -Wno-missing-prototypes -Wno-return-type -Wno-implicit-atomic-properties -Wno-objc-interface-ivars -Wno-arc-repeated-use-of-weak -Wno-missing-braces -Wparentheses -Wswitch -Wno-unused-function -Wno-unused-label -Wno-unused-parameter -Wno-unused-variable -Wunused-value -Wno-empty-body -Wno-uninitialized -Wno-unknown-pragmas -w -Wno-shadow -Wno-four-char-constants -Wno-conversion -Wno-constant-conversion -Wno-int-conversion -Wno-bool-conversion -Wno-enum-conversion -Wno-float-conversion -Wno-non-literal-null-conversion -Wno-objc-literal-conversion -Wshorten-64-to-32 -Wpointer-sign -Wno-newline-eof -Wno-selector -Wno-strict-selector-match -Wno-undeclared-selector -Wno-deprecated-implementations -Wno-implicit-fallthrough -fstrict-aliasing -Wprotocol -Wdeprecated-declarations -Wno-sign-conversion -Wno-infinite-recursion -Wno-comma -Wno-block-capture-autoreleasing -Wno-strict-prototypes -Wno-semicolon-before-method-body -index-store-path /Users/emanuelflury/Library/Developer/Xcode/DerivedData/TaxedGmbH_IOS-gerngfqzuwudosgobknlgtoawnlj/Index.noindex/DataStore @/Users/emanuelflury/Library/Developer/Xcode/DerivedData/TaxedGmbH_IOS-gerngfqzuwudosgobknlgtoawnlj/Build/Intermediates.noindex/Firebase.build/Debug-iphoneos/FirebaseInstallations.build/Objects-normal/arm64/e6072d4f65d7061329687fe24e3d63a7-common-args.resp -include /Users/emanuelflury/Library/Developer/Xcode/DerivedData/TaxedGmbH_IOS-gerngfqzuwudosgobknlgtoawnlj/Build/Intermediates.noindex/Firebase.build/Debug-iphoneos/FirebaseInstallations.build/DerivedSources/resource_bundle_accessor.h -MMD -MT dependencies -MF /Users/emanuelflury/Library/Developer/Xcode/DerivedData/TaxedGmbH_IOS-gerngfqzuwudosgobknlgtoawnlj/Build/Intermediates.noindex/Firebase.build/Debug-iphoneos/FirebaseInstallations.build/Objects-normal/arm64/FIRInstallationsLogger.d --serialize-diagnostics /Users/emanuelflury/Library/Developer/Xcode/DerivedData/TaxedGmbH_IOS-gerngfqzuwudosgobknlgtoawnlj/Build/Intermediates.noindex/Firebase.build/Debug-iphoneos/FirebaseInstallations.build/Objects-normal/arm64/FIRInstallationsLogger.dia -c /Users/emanuelflury/Library/Developer/Xcode/DerivedData/TaxedGmbH_IOS-gerngfqzuwudosgobknlgtoawnlj/SourcePackages/checkouts/firebase-ios-sdk/FirebaseInstallations/Source/Library/FIRInstallationsLogger.m -o /Users/emanuelflury/Library/Developer/Xcode/DerivedData/TaxedGmbH_IOS-gerngfqzuwudosgobknlgtoawnlj/Build/Intermediates.noindex/Firebase.build/Debug-iphoneos/FirebaseInstallations.build/Objects-normal/arm64/FIRInstallationsLogger.o -index-unit-output-path /Firebase.build/Debug-iphoneos/FirebaseInstallations.build/Objects-normal/arm64/FIRInstallationsLogger.o

CompileC /Users/emanuelflury/Library/Developer/Xcode/DerivedData/TaxedGmbH_IOS-gerngfqzuwudosgobknlgtoawnlj/Build/Intermediates.noindex/Firebase.build/Debug-iphoneos/FirebaseInstallations.build/Objects-normal/arm64/FIRInstallationsItem.o /Users/emanuelflury/Library/Developer/Xcode/DerivedData/TaxedGmbH_IOS-gerngfqzuwudosgobknlgtoawnlj/SourcePackages/checkouts/firebase-ios-sdk/FirebaseInstallations/Source/Library/FIRInstallationsItem.m normal arm64 objective-c com.apple.compilers.llvm.clang.1_0.compiler (in target 'FirebaseInstallations' from project 'Firebase')
    cd /Users/emanuelflury/github/TaxedGmbH_IOS/TaxedGmbH_IOS.xcodeproj
    
    Using response file: /Users/emanuelflury/Library/Developer/Xcode/DerivedData/TaxedGmbH_IOS-gerngfqzuwudosgobknlgtoawnlj/Build/Intermediates.noindex/Firebase.build/Debug-iphoneos/FirebaseInstallations.build/Objects-normal/arm64/e6072d4f65d7061329687fe24e3d63a7-common-args.resp
    
    /Applications/Xcode.app/Contents/Developer/Toolchains/XcodeDefault.xctoolchain/usr/bin/clang -x objective-c -ivfsstatcache /Users/emanuelflury/Library/Developer/Xcode/DerivedData/SDKStatCaches.noindex/iphoneos26.1-23B77-69b33fc7382b27d9b5d46e82a00f8e78.sdkstatcache -fmessage-length\=0 -fdiagnostics-show-note-include-stack -fmacro-backtrace-limit\=0 -fno-color-diagnostics -fmodules-prune-interval\=86400 -fmodules-prune-after\=345600 -fbuild-session-file\=/Users/emanuelflury/Library/Developer/Xcode/DerivedData/ModuleCache.noindex/Session.modulevalidation -fmodules-validate-once-per-build-session -Wnon-modular-include-in-framework-module -Werror\=non-modular-include-in-framework-module -Wno-trigraphs -Wno-missing-field-initializers -Wno-missing-prototypes -Wno-return-type -Wno-implicit-atomic-properties -Wno-objc-interface-ivars -Wno-arc-repeated-use-of-weak -Wno-missing-braces -Wparentheses -Wswitch -Wno-unused-function -Wno-unused-label -Wno-unused-parameter -Wno-unused-variable -Wunused-value -Wno-empty-body -Wno-uninitialized -Wno-unknown-pragmas -w -Wno-shadow -Wno-four-char-constants -Wno-conversion -Wno-constant-conversion -Wno-int-conversion -Wno-bool-conversion -Wno-enum-conversion -Wno-float-conversion -Wno-non-literal-null-conversion -Wno-objc-literal-conversion -Wshorten-64-to-32 -Wpointer-sign -Wno-newline-eof -Wno-selector -Wno-strict-selector-match -Wno-undeclared-selector -Wno-deprecated-implementations -Wno-implicit-fallthrough -fstrict-aliasing -Wprotocol -Wdeprecated-declarations -Wno-sign-conversion -Wno-infinite-recursion -Wno-comma -Wno-block-capture-autoreleasing -Wno-strict-prototypes -Wno-semicolon-before-method-body -index-store-path /Users/emanuelflury/Library/Developer/Xcode/DerivedData/TaxedGmbH_IOS-gerngfqzuwudosgobknlgtoawnlj/Index.noindex/DataStore @/Users/emanuelflury/Library/Developer/Xcode/DerivedData/TaxedGmbH_IOS-gerngfqzuwudosgobknlgtoawnlj/Build/Intermediates.noindex/Firebase.build/Debug-iphoneos/FirebaseInstallations.build/Objects-normal/arm64/e6072d4f65d7061329687fe24e3d63a7-common-args.resp -include /Users/emanuelflury/Library/Developer/Xcode/DerivedData/TaxedGmbH_IOS-gerngfqzuwudosgobknlgtoawnlj/Build/Intermediates.noindex/Firebase.build/Debug-iphoneos/FirebaseInstallations.build/DerivedSources/resource_bundle_accessor.h -MMD -MT dependencies -MF /Users/emanuelflury/Library/Developer/Xcode/DerivedData/TaxedGmbH_IOS-gerngfqzuwudosgobknlgtoawnlj/Build/Intermediates.noindex/Firebase.build/Debug-iphoneos/FirebaseInstallations.build/Objects-normal/arm64/FIRInstallationsItem.d --serialize-diagnostics /Users/emanuelflury/Library/Developer/Xcode/DerivedData/TaxedGmbH_IOS-gerngfqzuwudosgobknlgtoawnlj/Build/Intermediates.noindex/Firebase.build/Debug-iphoneos/FirebaseInstallations.build/Objects-normal/arm64/FIRInstallationsItem.dia -c /Users/emanuelflury/Library/Developer/Xcode/DerivedData/TaxedGmbH_IOS-gerngfqzuwudosgobknlgtoawnlj/SourcePackages/checkouts/firebase-ios-sdk/FirebaseInstallations/Source/Library/FIRInstallationsItem.m -o /Users/emanuelflury/Library/Developer/Xcode/DerivedData/TaxedGmbH_IOS-gerngfqzuwudosgobknlgtoawnlj/Build/Intermediates.noindex/Firebase.build/Debug-iphoneos/FirebaseInstallations.build/Objects-normal/arm64/FIRInstallationsItem.o -index-unit-output-path /Firebase.build/Debug-iphoneos/FirebaseInstallations.build/Objects-normal/arm64/FIRInstallationsItem.o

CompileC /Users/emanuelflury/Library/Developer/Xcode/DerivedData/TaxedGmbH_IOS-gerngfqzuwudosgobknlgtoawnlj/Build/Intermediates.noindex/Firebase.build/Debug-iphoneos/FirebaseInstallations.build/Objects-normal/arm64/FIRInstallationsSingleOperationPromiseCache.o /Users/emanuelflury/Library/Developer/Xcode/DerivedData/TaxedGmbH_IOS-gerngfqzuwudosgobknlgtoawnlj/SourcePackages/checkouts/firebase-ios-sdk/FirebaseInstallations/Source/Library/InstallationsIDController/FIRInstallationsSingleOperationPromiseCache.m normal arm64 objective-c com.apple.compilers.llvm.clang.1_0.compiler (in target 'FirebaseInstallations' from project 'Firebase')
    cd /Users/emanuelflury/github/TaxedGmbH_IOS/TaxedGmbH_IOS.xcodeproj
    
    Using response file: /Users/emanuelflury/Library/Developer/Xcode/DerivedData/TaxedGmbH_IOS-gerngfqzuwudosgobknlgtoawnlj/Build/Intermediates.noindex/Firebase.build/Debug-iphoneos/FirebaseInstallations.build/Objects-normal/arm64/e6072d4f65d7061329687fe24e3d63a7-common-args.resp
    
    /Applications/Xcode.app/Contents/Developer/Toolchains/XcodeDefault.xctoolchain/usr/bin/clang -x objective-c -ivfsstatcache /Users/emanuelflury/Library/Developer/Xcode/DerivedData/SDKStatCaches.noindex/iphoneos26.1-23B77-69b33fc7382b27d9b5d46e82a00f8e78.sdkstatcache -fmessage-length\=0 -fdiagnostics-show-note-include-stack -fmacro-backtrace-limit\=0 -fno-color-diagnostics -fmodules-prune-interval\=86400 -fmodules-prune-after\=345600 -fbuild-session-file\=/Users/emanuelflury/Library/Developer/Xcode/DerivedData/ModuleCache.noindex/Session.modulevalidation -fmodules-validate-once-per-build-session -Wnon-modular-include-in-framework-module -Werror\=non-modular-include-in-framework-module -Wno-trigraphs -Wno-missing-field-initializers -Wno-missing-prototypes -Wno-return-type -Wno-implicit-atomic-properties -Wno-objc-interface-ivars -Wno-arc-repeated-use-of-weak -Wno-missing-braces -Wparentheses -Wswitch -Wno-unused-function -Wno-unused-label -Wno-unused-parameter -Wno-unused-variable -Wunused-value -Wno-empty-body -Wno-uninitialized -Wno-unknown-pragmas -w -Wno-shadow -Wno-four-char-constants -Wno-conversion -Wno-constant-conversion -Wno-int-conversion -Wno-bool-conversion -Wno-enum-conversion -Wno-float-conversion -Wno-non-literal-null-conversion -Wno-objc-literal-conversion -Wshorten-64-to-32 -Wpointer-sign -Wno-newline-eof -Wno-selector -Wno-strict-selector-match -Wno-undeclared-selector -Wno-deprecated-implementations -Wno-implicit-fallthrough -fstrict-aliasing -Wprotocol -Wdeprecated-declarations -Wno-sign-conversion -Wno-infinite-recursion -Wno-comma -Wno-block-capture-autoreleasing -Wno-strict-prototypes -Wno-semicolon-before-method-body -index-store-path /Users/emanuelflury/Library/Developer/Xcode/DerivedData/TaxedGmbH_IOS-gerngfqzuwudosgobknlgtoawnlj/Index.noindex/DataStore @/Users/emanuelflury/Library/Developer/Xcode/DerivedData/TaxedGmbH_IOS-gerngfqzuwudosgobknlgtoawnlj/Build/Intermediates.noindex/Firebase.build/Debug-iphoneos/FirebaseInstallations.build/Objects-normal/arm64/e6072d4f65d7061329687fe24e3d63a7-common-args.resp -include /Users/emanuelflury/Library/Developer/Xcode/DerivedData/TaxedGmbH_IOS-gerngfqzuwudosgobknlgtoawnlj/Build/Intermediates.noindex/Firebase.build/Debug-iphoneos/FirebaseInstallations.build/DerivedSources/resource_bundle_accessor.h -MMD -MT dependencies -MF /Users/emanuelflury/Library/Developer/Xcode/DerivedData/TaxedGmbH_IOS-gerngfqzuwudosgobknlgtoawnlj/Build/Intermediates.noindex/Firebase.build/Debug-iphoneos/FirebaseInstallations.build/Objects-normal/arm64/FIRInstallationsSingleOperationPromiseCache.d --serialize-diagnostics /Users/emanuelflury/Library/Developer/Xcode/DerivedData/TaxedGmbH_IOS-gerngfqzuwudosgobknlgtoawnlj/Build/Intermediates.noindex/Firebase.build/Debug-iphoneos/FirebaseInstallations.build/Objects-normal/arm64/FIRInstallationsSingleOperationPromiseCache.dia -c /Users/emanuelflury/Library/Developer/Xcode/DerivedData/TaxedGmbH_IOS-gerngfqzuwudosgobknlgtoawnlj/SourcePackages/checkouts/firebase-ios-sdk/FirebaseInstallations/Source/Library/InstallationsIDController/FIRInstallationsSingleOperationPromiseCache.m -o /Users/emanuelflury/Library/Developer/Xcode/DerivedData/TaxedGmbH_IOS-gerngfqzuwudosgobknlgtoawnlj/Build/Intermediates.noindex/Firebase.build/Debug-iphoneos/FirebaseInstallations.build/Objects-normal/arm64/FIRInstallationsSingleOperationPromiseCache.o -index-unit-output-path /Firebase.build/Debug-iphoneos/FirebaseInstallations.build/Objects-normal/arm64/FIRInstallationsSingleOperationPromiseCache.o

CompileC /Users/emanuelflury/Library/Developer/Xcode/DerivedData/TaxedGmbH_IOS-gerngfqzuwudosgobknlgtoawnlj/Build/Intermediates.noindex/Firebase.build/Debug-iphoneos/FirebaseInstallations.build/Objects-normal/arm64/FIRInstallationsStore.o /Users/emanuelflury/Library/Developer/Xcode/DerivedData/TaxedGmbH_IOS-gerngfqzuwudosgobknlgtoawnlj/SourcePackages/checkouts/firebase-ios-sdk/FirebaseInstallations/Source/Library/InstallationsStore/FIRInstallationsStore.m normal arm64 objective-c com.apple.compilers.llvm.clang.1_0.compiler (in target 'FirebaseInstallations' from project 'Firebase')
    cd /Users/emanuelflury/github/TaxedGmbH_IOS/TaxedGmbH_IOS.xcodeproj
    
    Using response file: /Users/emanuelflury/Library/Developer/Xcode/DerivedData/TaxedGmbH_IOS-gerngfqzuwudosgobknlgtoawnlj/Build/Intermediates.noindex/Firebase.build/Debug-iphoneos/FirebaseInstallations.build/Objects-normal/arm64/e6072d4f65d7061329687fe24e3d63a7-common-args.resp
    
    /Applications/Xcode.app/Contents/Developer/Toolchains/XcodeDefault.xctoolchain/usr/bin/clang -x objective-c -ivfsstatcache /Users/emanuelflury/Library/Developer/Xcode/DerivedData/SDKStatCaches.noindex/iphoneos26.1-23B77-69b33fc7382b27d9b5d46e82a00f8e78.sdkstatcache -fmessage-length\=0 -fdiagnostics-show-note-include-stack -fmacro-backtrace-limit\=0 -fno-color-diagnostics -fmodules-prune-interval\=86400 -fmodules-prune-after\=345600 -fbuild-session-file\=/Users/emanuelflury/Library/Developer/Xcode/DerivedData/ModuleCache.noindex/Session.modulevalidation -fmodules-validate-once-per-build-session -Wnon-modular-include-in-framework-module -Werror\=non-modular-include-in-framework-module -Wno-trigraphs -Wno-missing-field-initializers -Wno-missing-prototypes -Wno-return-type -Wno-implicit-atomic-properties -Wno-objc-interface-ivars -Wno-arc-repeated-use-of-weak -Wno-missing-braces -Wparentheses -Wswitch -Wno-unused-function -Wno-unused-label -Wno-unused-parameter -Wno-unused-variable -Wunused-value -Wno-empty-body -Wno-uninitialized -Wno-unknown-pragmas -w -Wno-shadow -Wno-four-char-constants -Wno-conversion -Wno-constant-conversion -Wno-int-conversion -Wno-bool-conversion -Wno-enum-conversion -Wno-float-conversion -Wno-non-literal-null-conversion -Wno-objc-literal-conversion -Wshorten-64-to-32 -Wpointer-sign -Wno-newline-eof -Wno-selector -Wno-strict-selector-match -Wno-undeclared-selector -Wno-deprecated-implementations -Wno-implicit-fallthrough -fstrict-aliasing -Wprotocol -Wdeprecated-declarations -Wno-sign-conversion -Wno-infinite-recursion -Wno-comma -Wno-block-capture-autoreleasing -Wno-strict-prototypes -Wno-semicolon-before-method-body -index-store-path /Users/emanuelflury/Library/Developer/Xcode/DerivedData/TaxedGmbH_IOS-gerngfqzuwudosgobknlgtoawnlj/Index.noindex/DataStore @/Users/emanuelflury/Library/Developer/Xcode/DerivedData/TaxedGmbH_IOS-gerngfqzuwudosgobknlgtoawnlj/Build/Intermediates.noindex/Firebase.build/Debug-iphoneos/FirebaseInstallations.build/Objects-normal/arm64/e6072d4f65d7061329687fe24e3d63a7-common-args.resp -include /Users/emanuelflury/Library/Developer/Xcode/DerivedData/TaxedGmbH_IOS-gerngfqzuwudosgobknlgtoawnlj/Build/Intermediates.noindex/Firebase.build/Debug-iphoneos/FirebaseInstallations.build/DerivedSources/resource_bundle_accessor.h -MMD -MT dependencies -MF /Users/emanuelflury/Library/Developer/Xcode/DerivedData/TaxedGmbH_IOS-gerngfqzuwudosgobknlgtoawnlj/Build/Intermediates.noindex/Firebase.build/Debug-iphoneos/FirebaseInstallations.build/Objects-normal/arm64/FIRInstallationsStore.d --serialize-diagnostics /Users/emanuelflury/Library/Developer/Xcode/DerivedData/TaxedGmbH_IOS-gerngfqzuwudosgobknlgtoawnlj/Build/Intermediates.noindex/Firebase.build/Debug-iphoneos/FirebaseInstallations.build/Objects-normal/arm64/FIRInstallationsStore.dia -c /Users/emanuelflury/Library/Developer/Xcode/DerivedData/TaxedGmbH_IOS-gerngfqzuwudosgobknlgtoawnlj/SourcePackages/checkouts/firebase-ios-sdk/FirebaseInstallations/Source/Library/InstallationsStore/FIRInstallationsStore.m -o /Users/emanuelflury/Library/Developer/Xcode/DerivedData/TaxedGmbH_IOS-gerngfqzuwudosgobknlgtoawnlj/Build/Intermediates.noindex/Firebase.build/Debug-iphoneos/FirebaseInstallations.build/Objects-normal/arm64/FIRInstallationsStore.o -index-unit-output-path /Firebase.build/Debug-iphoneos/FirebaseInstallations.build/Objects-normal/arm64/FIRInstallationsStore.o

ScanDependencies /Users/emanuelflury/Library/Developer/Xcode/DerivedData/TaxedGmbH_IOS-gerngfqzuwudosgobknlgtoawnlj/Build/Intermediates.noindex/Firebase.build/Debug-iphoneos/FirebaseInstallations.build/Objects-normal/arm64/FIRInstallationsItem+RegisterInstallationAPI.o /Users/emanuelflury/Library/Developer/Xcode/DerivedData/TaxedGmbH_IOS-gerngfqzuwudosgobknlgtoawnlj/SourcePackages/checkouts/firebase-ios-sdk/FirebaseInstallations/Source/Library/InstallationsAPI/FIRInstallationsItem+RegisterInstallationAPI.m normal arm64 objective-c com.apple.compilers.llvm.clang.1_0.compiler (in target 'FirebaseInstallations' from project 'Firebase')
    cd /Users/emanuelflury/github/TaxedGmbH_IOS/TaxedGmbH_IOS.xcodeproj
    
    Using response file: /Users/emanuelflury/Library/Developer/Xcode/DerivedData/TaxedGmbH_IOS-gerngfqzuwudosgobknlgtoawnlj/Build/Intermediates.noindex/Firebase.build/Debug-iphoneos/FirebaseInstallations.build/Objects-normal/arm64/e6072d4f65d7061329687fe24e3d63a7-common-args.resp
    
    builtin-ScanDependencies -o /Users/emanuelflury/Library/Developer/Xcode/DerivedData/TaxedGmbH_IOS-gerngfqzuwudosgobknlgtoawnlj/Build/Intermediates.noindex/Firebase.build/Debug-iphoneos/FirebaseInstallations.build/Objects-normal/arm64/FIRInstallationsItem+RegisterInstallationAPI.o.scan -- /Applications/Xcode.app/Contents/Developer/Toolchains/XcodeDefault.xctoolchain/usr/bin/clang -x objective-c -ivfsstatcache /Users/emanuelflury/Library/Developer/Xcode/DerivedData/SDKStatCaches.noindex/iphoneos26.1-23B77-69b33fc7382b27d9b5d46e82a00f8e78.sdkstatcache -fmessage-length\=0 -fdiagnostics-show-note-include-stack -fmacro-backtrace-limit\=0 -fno-color-diagnostics -fmodules-prune-interval\=86400 -fmodules-prune-after\=345600 -fbuild-session-file\=/Users/emanuelflury/Library/Developer/Xcode/DerivedData/ModuleCache.noindex/Session.modulevalidation -fmodules-validate-once-per-build-session -Wnon-modular-include-in-framework-module -Werror\=non-modular-include-in-framework-module -Wno-trigraphs -Wno-missing-field-initializers -Wno-missing-prototypes -Wno-return-type -Wno-implicit-atomic-properties -Wno-objc-interface-ivars -Wno-arc-repeated-use-of-weak -Wno-missing-braces -Wparentheses -Wswitch -Wno-unused-function -Wno-unused-label -Wno-unused-parameter -Wno-unused-variable -Wunused-value -Wno-empty-body -Wno-uninitialized -Wno-unknown-pragmas -w -Wno-shadow -Wno-four-char-constants -Wno-conversion -Wno-constant-conversion -Wno-int-conversion -Wno-bool-conversion -Wno-enum-conversion -Wno-float-conversion -Wno-non-literal-null-conversion -Wno-objc-literal-conversion -Wshorten-64-to-32 -Wpointer-sign -Wno-newline-eof -Wno-selector -Wno-strict-selector-match -Wno-undeclared-selector -Wno-deprecated-implementations -Wno-implicit-fallthrough -fstrict-aliasing -Wprotocol -Wdeprecated-declarations -Wno-sign-conversion -Wno-infinite-recursion -Wno-comma -Wno-block-capture-autoreleasing -Wno-strict-prototypes -Wno-semicolon-before-method-body -index-store-path /Users/emanuelflury/Library/Developer/Xcode/DerivedData/TaxedGmbH_IOS-gerngfqzuwudosgobknlgtoawnlj/Index.noindex/DataStore @/Users/emanuelflury/Library/Developer/Xcode/DerivedData/TaxedGmbH_IOS-gerngfqzuwudosgobknlgtoawnlj/Build/Intermediates.noindex/Firebase.build/Debug-iphoneos/FirebaseInstallations.build/Objects-normal/arm64/e6072d4f65d7061329687fe24e3d63a7-common-args.resp -include /Users/emanuelflury/Library/Developer/Xcode/DerivedData/TaxedGmbH_IOS-gerngfqzuwudosgobknlgtoawnlj/Build/Intermediates.noindex/Firebase.build/Debug-iphoneos/FirebaseInstallations.build/DerivedSources/resource_bundle_accessor.h -MMD -MT dependencies -MF /Users/emanuelflury/Library/Developer/Xcode/DerivedData/TaxedGmbH_IOS-gerngfqzuwudosgobknlgtoawnlj/Build/Intermediates.noindex/Firebase.build/Debug-iphoneos/FirebaseInstallations.build/Objects-normal/arm64/FIRInstallationsItem+RegisterInstallationAPI.d --serialize-diagnostics /Users/emanuelflury/Library/Developer/Xcode/DerivedData/TaxedGmbH_IOS-gerngfqzuwudosgobknlgtoawnlj/Build/Intermediates.noindex/Firebase.build/Debug-iphoneos/FirebaseInstallations.build/Objects-normal/arm64/FIRInstallationsItem+RegisterInstallationAPI.dia -c /Users/emanuelflury/Library/Developer/Xcode/DerivedData/TaxedGmbH_IOS-gerngfqzuwudosgobknlgtoawnlj/SourcePackages/checkouts/firebase-ios-sdk/FirebaseInstallations/Source/Library/InstallationsAPI/FIRInstallationsItem+RegisterInstallationAPI.m -o /Users/emanuelflury/Library/Developer/Xcode/DerivedData/TaxedGmbH_IOS-gerngfqzuwudosgobknlgtoawnlj/Build/Intermediates.noindex/Firebase.build/Debug-iphoneos/FirebaseInstallations.build/Objects-normal/arm64/FIRInstallationsItem+RegisterInstallationAPI.o -index-unit-output-path /Firebase.build/Debug-iphoneos/FirebaseInstallations.build/Objects-normal/arm64/FIRInstallationsItem+RegisterInstallationAPI.o

ScanDependencies /Users/emanuelflury/Library/Developer/Xcode/DerivedData/TaxedGmbH_IOS-gerngfqzuwudosgobknlgtoawnlj/Build/Intermediates.noindex/Firebase.build/Debug-iphoneos/FirebaseInstallations.build/Objects-normal/arm64/FIRInstallationsIIDTokenStore.o /Users/emanuelflury/Library/Developer/Xcode/DerivedData/TaxedGmbH_IOS-gerngfqzuwudosgobknlgtoawnlj/SourcePackages/checkouts/firebase-ios-sdk/FirebaseInstallations/Source/Library/IIDMigration/FIRInstallationsIIDTokenStore.m normal arm64 objective-c com.apple.compilers.llvm.clang.1_0.compiler (in target 'FirebaseInstallations' from project 'Firebase')
    cd /Users/emanuelflury/github/TaxedGmbH_IOS/TaxedGmbH_IOS.xcodeproj
    
    Using response file: /Users/emanuelflury/Library/Developer/Xcode/DerivedData/TaxedGmbH_IOS-gerngfqzuwudosgobknlgtoawnlj/Build/Intermediates.noindex/Firebase.build/Debug-iphoneos/FirebaseInstallations.build/Objects-normal/arm64/e6072d4f65d7061329687fe24e3d63a7-common-args.resp
    
    builtin-ScanDependencies -o /Users/emanuelflury/Library/Developer/Xcode/DerivedData/TaxedGmbH_IOS-gerngfqzuwudosgobknlgtoawnlj/Build/Intermediates.noindex/Firebase.build/Debug-iphoneos/FirebaseInstallations.build/Objects-normal/arm64/FIRInstallationsIIDTokenStore.o.scan -- /Applications/Xcode.app/Contents/Developer/Toolchains/XcodeDefault.xctoolchain/usr/bin/clang -x objective-c -ivfsstatcache /Users/emanuelflury/Library/Developer/Xcode/DerivedData/SDKStatCaches.noindex/iphoneos26.1-23B77-69b33fc7382b27d9b5d46e82a00f8e78.sdkstatcache -fmessage-length\=0 -fdiagnostics-show-note-include-stack -fmacro-backtrace-limit\=0 -fno-color-diagnostics -fmodules-prune-interval\=86400 -fmodules-prune-after\=345600 -fbuild-session-file\=/Users/emanuelflury/Library/Developer/Xcode/DerivedData/ModuleCache.noindex/Session.modulevalidation -fmodules-validate-once-per-build-session -Wnon-modular-include-in-framework-module -Werror\=non-modular-include-in-framework-module -Wno-trigraphs -Wno-missing-field-initializers -Wno-missing-prototypes -Wno-return-type -Wno-implicit-atomic-properties -Wno-objc-interface-ivars -Wno-arc-repeated-use-of-weak -Wno-missing-braces -Wparentheses -Wswitch -Wno-unused-function -Wno-unused-label -Wno-unused-parameter -Wno-unused-variable -Wunused-value -Wno-empty-body -Wno-uninitialized -Wno-unknown-pragmas -w -Wno-shadow -Wno-four-char-constants -Wno-conversion -Wno-constant-conversion -Wno-int-conversion -Wno-bool-conversion -Wno-enum-conversion -Wno-float-conversion -Wno-non-literal-null-conversion -Wno-objc-literal-conversion -Wshorten-64-to-32 -Wpointer-sign -Wno-newline-eof -Wno-selector -Wno-strict-selector-match -Wno-undeclared-selector -Wno-deprecated-implementations -Wno-implicit-fallthrough -fstrict-aliasing -Wprotocol -Wdeprecated-declarations -Wno-sign-conversion -Wno-infinite-recursion -Wno-comma -Wno-block-capture-autoreleasing -Wno-strict-prototypes -Wno-semicolon-before-method-body -index-store-path /Users/emanuelflury/Library/Developer/Xcode/DerivedData/TaxedGmbH_IOS-gerngfqzuwudosgobknlgtoawnlj/Index.noindex/DataStore @/Users/emanuelflury/Library/Developer/Xcode/DerivedData/TaxedGmbH_IOS-gerngfqzuwudosgobknlgtoawnlj/Build/Intermediates.noindex/Firebase.build/Debug-iphoneos/FirebaseInstallations.build/Objects-normal/arm64/e6072d4f65d7061329687fe24e3d63a7-common-args.resp -include /Users/emanuelflury/Library/Developer/Xcode/DerivedData/TaxedGmbH_IOS-gerngfqzuwudosgobknlgtoawnlj/Build/Intermediates.noindex/Firebase.build/Debug-iphoneos/FirebaseInstallations.build/DerivedSources/resource_bundle_accessor.h -MMD -MT dependencies -MF /Users/emanuelflury/Library/Developer/Xcode/DerivedData/TaxedGmbH_IOS-gerngfqzuwudosgobknlgtoawnlj/Build/Intermediates.noindex/Firebase.build/Debug-iphoneos/FirebaseInstallations.build/Objects-normal/arm64/FIRInstallationsIIDTokenStore.d --serialize-diagnostics /Users/emanuelflury/Library/Developer/Xcode/DerivedData/TaxedGmbH_IOS-gerngfqzuwudosgobknlgtoawnlj/Build/Intermediates.noindex/Firebase.build/Debug-iphoneos/FirebaseInstallations.build/Objects-normal/arm64/FIRInstallationsIIDTokenStore.dia -c /Users/emanuelflury/Library/Developer/Xcode/DerivedData/TaxedGmbH_IOS-gerngfqzuwudosgobknlgtoawnlj/SourcePackages/checkouts/firebase-ios-sdk/FirebaseInstallations/Source/Library/IIDMigration/FIRInstallationsIIDTokenStore.m -o /Users/emanuelflury/Library/Developer/Xcode/DerivedData/TaxedGmbH_IOS-gerngfqzuwudosgobknlgtoawnlj/Build/Intermediates.noindex/Firebase.build/Debug-iphoneos/FirebaseInstallations.build/Objects-normal/arm64/FIRInstallationsIIDTokenStore.o -index-unit-output-path /Firebase.build/Debug-iphoneos/FirebaseInstallations.build/Objects-normal/arm64/FIRInstallationsIIDTokenStore.o

ScanDependencies /Users/emanuelflury/Library/Developer/Xcode/DerivedData/TaxedGmbH_IOS-gerngfqzuwudosgobknlgtoawnlj/Build/Intermediates.noindex/Firebase.build/Debug-iphoneos/FirebaseInstallations.build/Objects-normal/arm64/FIRInstallationsIIDStore.o /Users/emanuelflury/Library/Developer/Xcode/DerivedData/TaxedGmbH_IOS-gerngfqzuwudosgobknlgtoawnlj/SourcePackages/checkouts/firebase-ios-sdk/FirebaseInstallations/Source/Library/IIDMigration/FIRInstallationsIIDStore.m normal arm64 objective-c com.apple.compilers.llvm.clang.1_0.compiler (in target 'FirebaseInstallations' from project 'Firebase')
    cd /Users/emanuelflury/github/TaxedGmbH_IOS/TaxedGmbH_IOS.xcodeproj
    
    Using response file: /Users/emanuelflury/Library/Developer/Xcode/DerivedData/TaxedGmbH_IOS-gerngfqzuwudosgobknlgtoawnlj/Build/Intermediates.noindex/Firebase.build/Debug-iphoneos/FirebaseInstallations.build/Objects-normal/arm64/e6072d4f65d7061329687fe24e3d63a7-common-args.resp
    
    builtin-ScanDependencies -o /Users/emanuelflury/Library/Developer/Xcode/DerivedData/TaxedGmbH_IOS-gerngfqzuwudosgobknlgtoawnlj/Build/Intermediates.noindex/Firebase.build/Debug-iphoneos/FirebaseInstallations.build/Objects-normal/arm64/FIRInstallationsIIDStore.o.scan -- /Applications/Xcode.app/Contents/Developer/Toolchains/XcodeDefault.xctoolchain/usr/bin/clang -x objective-c -ivfsstatcache /Users/emanuelflury/Library/Developer/Xcode/DerivedData/SDKStatCaches.noindex/iphoneos26.1-23B77-69b33fc7382b27d9b5d46e82a00f8e78.sdkstatcache -fmessage-length\=0 -fdiagnostics-show-note-include-stack -fmacro-backtrace-limit\=0 -fno-color-diagnostics -fmodules-prune-interval\=86400 -fmodules-prune-after\=345600 -fbuild-session-file\=/Users/emanuelflury/Library/Developer/Xcode/DerivedData/ModuleCache.noindex/Session.modulevalidation -fmodules-validate-once-per-build-session -Wnon-modular-include-in-framework-module -Werror\=non-modular-include-in-framework-module -Wno-trigraphs -Wno-missing-field-initializers -Wno-missing-prototypes -Wno-return-type -Wno-implicit-atomic-properties -Wno-objc-interface-ivars -Wno-arc-repeated-use-of-weak -Wno-missing-braces -Wparentheses -Wswitch -Wno-unused-function -Wno-unused-label -Wno-unused-parameter -Wno-unused-variable -Wunused-value -Wno-empty-body -Wno-uninitialized -Wno-unknown-pragmas -w -Wno-shadow -Wno-four-char-constants -Wno-conversion -Wno-constant-conversion -Wno-int-conversion -Wno-bool-conversion -Wno-enum-conversion -Wno-float-conversion -Wno-non-literal-null-conversion -Wno-objc-literal-conversion -Wshorten-64-to-32 -Wpointer-sign -Wno-newline-eof -Wno-selector -Wno-strict-selector-match -Wno-undeclared-selector -Wno-deprecated-implementations -Wno-implicit-fallthrough -fstrict-aliasing -Wprotocol -Wdeprecated-declarations -Wno-sign-conversion -Wno-infinite-recursion -Wno-comma -Wno-block-capture-autoreleasing -Wno-strict-prototypes -Wno-semicolon-before-method-body -index-store-path /Users/emanuelflury/Library/Developer/Xcode/DerivedData/TaxedGmbH_IOS-gerngfqzuwudosgobknlgtoawnlj/Index.noindex/DataStore @/Users/emanuelflury/Library/Developer/Xcode/DerivedData/TaxedGmbH_IOS-gerngfqzuwudosgobknlgtoawnlj/Build/Intermediates.noindex/Firebase.build/Debug-iphoneos/FirebaseInstallations.build/Objects-normal/arm64/e6072d4f65d7061329687fe24e3d63a7-common-args.resp -include /Users/emanuelflury/Library/Developer/Xcode/DerivedData/TaxedGmbH_IOS-gerngfqzuwudosgobknlgtoawnlj/Build/Intermediates.noindex/Firebase.build/Debug-iphoneos/FirebaseInstallations.build/DerivedSources/resource_bundle_accessor.h -MMD -MT dependencies -MF /Users/emanuelflury/Library/Developer/Xcode/DerivedData/TaxedGmbH_IOS-gerngfqzuwudosgobknlgtoawnlj/Build/Intermediates.noindex/Firebase.build/Debug-iphoneos/FirebaseInstallations.build/Objects-normal/arm64/FIRInstallationsIIDStore.d --serialize-diagnostics /Users/emanuelflury/Library/Developer/Xcode/DerivedData/TaxedGmbH_IOS-gerngfqzuwudosgobknlgtoawnlj/Build/Intermediates.noindex/Firebase.build/Debug-iphoneos/FirebaseInstallations.build/Objects-normal/arm64/FIRInstallationsIIDStore.dia -c /Users/emanuelflury/Library/Developer/Xcode/DerivedData/TaxedGmbH_IOS-gerngfqzuwudosgobknlgtoawnlj/SourcePackages/checkouts/firebase-ios-sdk/FirebaseInstallations/Source/Library/IIDMigration/FIRInstallationsIIDStore.m -o /Users/emanuelflury/Library/Developer/Xcode/DerivedData/TaxedGmbH_IOS-gerngfqzuwudosgobknlgtoawnlj/Build/Intermediates.noindex/Firebase.build/Debug-iphoneos/FirebaseInstallations.build/Objects-normal/arm64/FIRInstallationsIIDStore.o -index-unit-output-path /Firebase.build/Debug-iphoneos/FirebaseInstallations.build/Objects-normal/arm64/FIRInstallationsIIDStore.o

ScanDependencies /Users/emanuelflury/Library/Developer/Xcode/DerivedData/TaxedGmbH_IOS-gerngfqzuwudosgobknlgtoawnlj/Build/Intermediates.noindex/Firebase.build/Debug-iphoneos/FirebaseInstallations.build/Objects-normal/arm64/FIRInstallationsIDController.o /Users/emanuelflury/Library/Developer/Xcode/DerivedData/TaxedGmbH_IOS-gerngfqzuwudosgobknlgtoawnlj/SourcePackages/checkouts/firebase-ios-sdk/FirebaseInstallations/Source/Library/InstallationsIDController/FIRInstallationsIDController.m normal arm64 objective-c com.apple.compilers.llvm.clang.1_0.compiler (in target 'FirebaseInstallations' from project 'Firebase')
    cd /Users/emanuelflury/github/TaxedGmbH_IOS/TaxedGmbH_IOS.xcodeproj
    
    Using response file: /Users/emanuelflury/Library/Developer/Xcode/DerivedData/TaxedGmbH_IOS-gerngfqzuwudosgobknlgtoawnlj/Build/Intermediates.noindex/Firebase.build/Debug-iphoneos/FirebaseInstallations.build/Objects-normal/arm64/e6072d4f65d7061329687fe24e3d63a7-common-args.resp
    
    builtin-ScanDependencies -o /Users/emanuelflury/Library/Developer/Xcode/DerivedData/TaxedGmbH_IOS-gerngfqzuwudosgobknlgtoawnlj/Build/Intermediates.noindex/Firebase.build/Debug-iphoneos/FirebaseInstallations.build/Objects-normal/arm64/FIRInstallationsIDController.o.scan -- /Applications/Xcode.app/Contents/Developer/Toolchains/XcodeDefault.xctoolchain/usr/bin/clang -x objective-c -ivfsstatcache /Users/emanuelflury/Library/Developer/Xcode/DerivedData/SDKStatCaches.noindex/iphoneos26.1-23B77-69b33fc7382b27d9b5d46e82a00f8e78.sdkstatcache -fmessage-length\=0 -fdiagnostics-show-note-include-stack -fmacro-backtrace-limit\=0 -fno-color-diagnostics -fmodules-prune-interval\=86400 -fmodules-prune-after\=345600 -fbuild-session-file\=/Users/emanuelflury/Library/Developer/Xcode/DerivedData/ModuleCache.noindex/Session.modulevalidation -fmodules-validate-once-per-build-session -Wnon-modular-include-in-framework-module -Werror\=non-modular-include-in-framework-module -Wno-trigraphs -Wno-missing-field-initializers -Wno-missing-prototypes -Wno-return-type -Wno-implicit-atomic-properties -Wno-objc-interface-ivars -Wno-arc-repeated-use-of-weak -Wno-missing-braces -Wparentheses -Wswitch -Wno-unused-function -Wno-unused-label -Wno-unused-parameter -Wno-unused-variable -Wunused-value -Wno-empty-body -Wno-uninitialized -Wno-unknown-pragmas -w -Wno-shadow -Wno-four-char-constants -Wno-conversion -Wno-constant-conversion -Wno-int-conversion -Wno-bool-conversion -Wno-enum-conversion -Wno-float-conversion -Wno-non-literal-null-conversion -Wno-objc-literal-conversion -Wshorten-64-to-32 -Wpointer-sign -Wno-newline-eof -Wno-selector -Wno-strict-selector-match -Wno-undeclared-selector -Wno-deprecated-implementations -Wno-implicit-fallthrough -fstrict-aliasing -Wprotocol -Wdeprecated-declarations -Wno-sign-conversion -Wno-infinite-recursion -Wno-comma -Wno-block-capture-autoreleasing -Wno-strict-prototypes -Wno-semicolon-before-method-body -index-store-path /Users/emanuelflury/Library/Developer/Xcode/DerivedData/TaxedGmbH_IOS-gerngfqzuwudosgobknlgtoawnlj/Index.noindex/DataStore @/Users/emanuelflury/Library/Developer/Xcode/DerivedData/TaxedGmbH_IOS-gerngfqzuwudosgobknlgtoawnlj/Build/Intermediates.noindex/Firebase.build/Debug-iphoneos/FirebaseInstallations.build/Objects-normal/arm64/e6072d4f65d7061329687fe24e3d63a7-common-args.resp -include /Users/emanuelflury/Library/Developer/Xcode/DerivedData/TaxedGmbH_IOS-gerngfqzuwudosgobknlgtoawnlj/Build/Intermediates.noindex/Firebase.build/Debug-iphoneos/FirebaseInstallations.build/DerivedSources/resource_bundle_accessor.h -MMD -MT dependencies -MF /Users/emanuelflury/Library/Developer/Xcode/DerivedData/TaxedGmbH_IOS-gerngfqzuwudosgobknlgtoawnlj/Build/Intermediates.noindex/Firebase.build/Debug-iphoneos/FirebaseInstallations.build/Objects-normal/arm64/FIRInstallationsIDController.d --serialize-diagnostics /Users/emanuelflury/Library/Developer/Xcode/DerivedData/TaxedGmbH_IOS-gerngfqzuwudosgobknlgtoawnlj/Build/Intermediates.noindex/Firebase.build/Debug-iphoneos/FirebaseInstallations.build/Objects-normal/arm64/FIRInstallationsIDController.dia -c /Users/emanuelflury/Library/Developer/Xcode/DerivedData/TaxedGmbH_IOS-gerngfqzuwudosgobknlgtoawnlj/SourcePackages/checkouts/firebase-ios-sdk/FirebaseInstallations/Source/Library/InstallationsIDController/FIRInstallationsIDController.m -o /Users/emanuelflury/Library/Developer/Xcode/DerivedData/TaxedGmbH_IOS-gerngfqzuwudosgobknlgtoawnlj/Build/Intermediates.noindex/Firebase.build/Debug-iphoneos/FirebaseInstallations.build/Objects-normal/arm64/FIRInstallationsIDController.o -index-unit-output-path /Firebase.build/Debug-iphoneos/FirebaseInstallations.build/Objects-normal/arm64/FIRInstallationsIDController.o

ScanDependencies /Users/emanuelflury/Library/Developer/Xcode/DerivedData/TaxedGmbH_IOS-gerngfqzuwudosgobknlgtoawnlj/Build/Intermediates.noindex/Firebase.build/Debug-iphoneos/FirebaseInstallations.build/Objects-normal/arm64/FIRInstallationsHTTPError.o /Users/emanuelflury/Library/Developer/Xcode/DerivedData/TaxedGmbH_IOS-gerngfqzuwudosgobknlgtoawnlj/SourcePackages/checkouts/firebase-ios-sdk/FirebaseInstallations/Source/Library/Errors/FIRInstallationsHTTPError.m normal arm64 objective-c com.apple.compilers.llvm.clang.1_0.compiler (in target 'FirebaseInstallations' from project 'Firebase')
    cd /Users/emanuelflury/github/TaxedGmbH_IOS/TaxedGmbH_IOS.xcodeproj
    
    Using response file: /Users/emanuelflury/Library/Developer/Xcode/DerivedData/TaxedGmbH_IOS-gerngfqzuwudosgobknlgtoawnlj/Build/Intermediates.noindex/Firebase.build/Debug-iphoneos/FirebaseInstallations.build/Objects-normal/arm64/e6072d4f65d7061329687fe24e3d63a7-common-args.resp
    
    builtin-ScanDependencies -o /Users/emanuelflury/Library/Developer/Xcode/DerivedData/TaxedGmbH_IOS-gerngfqzuwudosgobknlgtoawnlj/Build/Intermediates.noindex/Firebase.build/Debug-iphoneos/FirebaseInstallations.build/Objects-normal/arm64/FIRInstallationsHTTPError.o.scan -- /Applications/Xcode.app/Contents/Developer/Toolchains/XcodeDefault.xctoolchain/usr/bin/clang -x objective-c -ivfsstatcache /Users/emanuelflury/Library/Developer/Xcode/DerivedData/SDKStatCaches.noindex/iphoneos26.1-23B77-69b33fc7382b27d9b5d46e82a00f8e78.sdkstatcache -fmessage-length\=0 -fdiagnostics-show-note-include-stack -fmacro-backtrace-limit\=0 -fno-color-diagnostics -fmodules-prune-interval\=86400 -fmodules-prune-after\=345600 -fbuild-session-file\=/Users/emanuelflury/Library/Developer/Xcode/DerivedData/ModuleCache.noindex/Session.modulevalidation -fmodules-validate-once-per-build-session -Wnon-modular-include-in-framework-module -Werror\=non-modular-include-in-framework-module -Wno-trigraphs -Wno-missing-field-initializers -Wno-missing-prototypes -Wno-return-type -Wno-implicit-atomic-properties -Wno-objc-interface-ivars -Wno-arc-repeated-use-of-weak -Wno-missing-braces -Wparentheses -Wswitch -Wno-unused-function -Wno-unused-label -Wno-unused-parameter -Wno-unused-variable -Wunused-value -Wno-empty-body -Wno-uninitialized -Wno-unknown-pragmas -w -Wno-shadow -Wno-four-char-constants -Wno-conversion -Wno-constant-conversion -Wno-int-conversion -Wno-bool-conversion -Wno-enum-conversion -Wno-float-conversion -Wno-non-literal-null-conversion -Wno-objc-literal-conversion -Wshorten-64-to-32 -Wpointer-sign -Wno-newline-eof -Wno-selector -Wno-strict-selector-match -Wno-undeclared-selector -Wno-deprecated-implementations -Wno-implicit-fallthrough -fstrict-aliasing -Wprotocol -Wdeprecated-declarations -Wno-sign-conversion -Wno-infinite-recursion -Wno-comma -Wno-block-capture-autoreleasing -Wno-strict-prototypes -Wno-semicolon-before-method-body -index-store-path /Users/emanuelflury/Library/Developer/Xcode/DerivedData/TaxedGmbH_IOS-gerngfqzuwudosgobknlgtoawnlj/Index.noindex/DataStore @/Users/emanuelflury/Library/Developer/Xcode/DerivedData/TaxedGmbH_IOS-gerngfqzuwudosgobknlgtoawnlj/Build/Intermediates.noindex/Firebase.build/Debug-iphoneos/FirebaseInstallations.build/Objects-normal/arm64/e6072d4f65d7061329687fe24e3d63a7-common-args.resp -include /Users/emanuelflury/Library/Developer/Xcode/DerivedData/TaxedGmbH_IOS-gerngfqzuwudosgobknlgtoawnlj/Build/Intermediates.noindex/Firebase.build/Debug-iphoneos/FirebaseInstallations.build/DerivedSources/resource_bundle_accessor.h -MMD -MT dependencies -MF /Users/emanuelflury/Library/Developer/Xcode/DerivedData/TaxedGmbH_IOS-gerngfqzuwudosgobknlgtoawnlj/Build/Intermediates.noindex/Firebase.build/Debug-iphoneos/FirebaseInstallations.build/Objects-normal/arm64/FIRInstallationsHTTPError.d --serialize-diagnostics /Users/emanuelflury/Library/Developer/Xcode/DerivedData/TaxedGmbH_IOS-gerngfqzuwudosgobknlgtoawnlj/Build/Intermediates.noindex/Firebase.build/Debug-iphoneos/FirebaseInstallations.build/Objects-normal/arm64/FIRInstallationsHTTPError.dia -c /Users/emanuelflury/Library/Developer/Xcode/DerivedData/TaxedGmbH_IOS-gerngfqzuwudosgobknlgtoawnlj/SourcePackages/checkouts/firebase-ios-sdk/FirebaseInstallations/Source/Library/Errors/FIRInstallationsHTTPError.m -o /Users/emanuelflury/Library/Developer/Xcode/DerivedData/TaxedGmbH_IOS-gerngfqzuwudosgobknlgtoawnlj/Build/Intermediates.noindex/Firebase.build/Debug-iphoneos/FirebaseInstallations.build/Objects-normal/arm64/FIRInstallationsHTTPError.o -index-unit-output-path /Firebase.build/Debug-iphoneos/FirebaseInstallations.build/Objects-normal/arm64/FIRInstallationsHTTPError.o

CompileC /Users/emanuelflury/Library/Developer/Xcode/DerivedData/TaxedGmbH_IOS-gerngfqzuwudosgobknlgtoawnlj/Build/Intermediates.noindex/Firebase.build/Debug-iphoneos/FirebaseInstallations.build/Objects-normal/arm64/FIRInstallationsItem+RegisterInstallationAPI.o /Users/emanuelflury/Library/Developer/Xcode/DerivedData/TaxedGmbH_IOS-gerngfqzuwudosgobknlgtoawnlj/SourcePackages/checkouts/firebase-ios-sdk/FirebaseInstallations/Source/Library/InstallationsAPI/FIRInstallationsItem+RegisterInstallationAPI.m normal arm64 objective-c com.apple.compilers.llvm.clang.1_0.compiler (in target 'FirebaseInstallations' from project 'Firebase')
    cd /Users/emanuelflury/github/TaxedGmbH_IOS/TaxedGmbH_IOS.xcodeproj
    
    Using response file: /Users/emanuelflury/Library/Developer/Xcode/DerivedData/TaxedGmbH_IOS-gerngfqzuwudosgobknlgtoawnlj/Build/Intermediates.noindex/Firebase.build/Debug-iphoneos/FirebaseInstallations.build/Objects-normal/arm64/e6072d4f65d7061329687fe24e3d63a7-common-args.resp
    
    /Applications/Xcode.app/Contents/Developer/Toolchains/XcodeDefault.xctoolchain/usr/bin/clang -x objective-c -ivfsstatcache /Users/emanuelflury/Library/Developer/Xcode/DerivedData/SDKStatCaches.noindex/iphoneos26.1-23B77-69b33fc7382b27d9b5d46e82a00f8e78.sdkstatcache -fmessage-length\=0 -fdiagnostics-show-note-include-stack -fmacro-backtrace-limit\=0 -fno-color-diagnostics -fmodules-prune-interval\=86400 -fmodules-prune-after\=345600 -fbuild-session-file\=/Users/emanuelflury/Library/Developer/Xcode/DerivedData/ModuleCache.noindex/Session.modulevalidation -fmodules-validate-once-per-build-session -Wnon-modular-include-in-framework-module -Werror\=non-modular-include-in-framework-module -Wno-trigraphs -Wno-missing-field-initializers -Wno-missing-prototypes -Wno-return-type -Wno-implicit-atomic-properties -Wno-objc-interface-ivars -Wno-arc-repeated-use-of-weak -Wno-missing-braces -Wparentheses -Wswitch -Wno-unused-function -Wno-unused-label -Wno-unused-parameter -Wno-unused-variable -Wunused-value -Wno-empty-body -Wno-uninitialized -Wno-unknown-pragmas -w -Wno-shadow -Wno-four-char-constants -Wno-conversion -Wno-constant-conversion -Wno-int-conversion -Wno-bool-conversion -Wno-enum-conversion -Wno-float-conversion -Wno-non-literal-null-conversion -Wno-objc-literal-conversion -Wshorten-64-to-32 -Wpointer-sign -Wno-newline-eof -Wno-selector -Wno-strict-selector-match -Wno-undeclared-selector -Wno-deprecated-implementations -Wno-implicit-fallthrough -fstrict-aliasing -Wprotocol -Wdeprecated-declarations -Wno-sign-conversion -Wno-infinite-recursion -Wno-comma -Wno-block-capture-autoreleasing -Wno-strict-prototypes -Wno-semicolon-before-method-body -index-store-path /Users/emanuelflury/Library/Developer/Xcode/DerivedData/TaxedGmbH_IOS-gerngfqzuwudosgobknlgtoawnlj/Index.noindex/DataStore @/Users/emanuelflury/Library/Developer/Xcode/DerivedData/TaxedGmbH_IOS-gerngfqzuwudosgobknlgtoawnlj/Build/Intermediates.noindex/Firebase.build/Debug-iphoneos/FirebaseInstallations.build/Objects-normal/arm64/e6072d4f65d7061329687fe24e3d63a7-common-args.resp -include /Users/emanuelflury/Library/Developer/Xcode/DerivedData/TaxedGmbH_IOS-gerngfqzuwudosgobknlgtoawnlj/Build/Intermediates.noindex/Firebase.build/Debug-iphoneos/FirebaseInstallations.build/DerivedSources/resource_bundle_accessor.h -MMD -MT dependencies -MF /Users/emanuelflury/Library/Developer/Xcode/DerivedData/TaxedGmbH_IOS-gerngfqzuwudosgobknlgtoawnlj/Build/Intermediates.noindex/Firebase.build/Debug-iphoneos/FirebaseInstallations.build/Objects-normal/arm64/FIRInstallationsItem+RegisterInstallationAPI.d --serialize-diagnostics /Users/emanuelflury/Library/Developer/Xcode/DerivedData/TaxedGmbH_IOS-gerngfqzuwudosgobknlgtoawnlj/Build/Intermediates.noindex/Firebase.build/Debug-iphoneos/FirebaseInstallations.build/Objects-normal/arm64/FIRInstallationsItem+RegisterInstallationAPI.dia -c /Users/emanuelflury/Library/Developer/Xcode/DerivedData/TaxedGmbH_IOS-gerngfqzuwudosgobknlgtoawnlj/SourcePackages/checkouts/firebase-ios-sdk/FirebaseInstallations/Source/Library/InstallationsAPI/FIRInstallationsItem+RegisterInstallationAPI.m -o /Users/emanuelflury/Library/Developer/Xcode/DerivedData/TaxedGmbH_IOS-gerngfqzuwudosgobknlgtoawnlj/Build/Intermediates.noindex/Firebase.build/Debug-iphoneos/FirebaseInstallations.build/Objects-normal/arm64/FIRInstallationsItem+RegisterInstallationAPI.o -index-unit-output-path /Firebase.build/Debug-iphoneos/FirebaseInstallations.build/Objects-normal/arm64/FIRInstallationsItem+RegisterInstallationAPI.o

ScanDependencies /Users/emanuelflury/Library/Developer/Xcode/DerivedData/TaxedGmbH_IOS-gerngfqzuwudosgobknlgtoawnlj/Build/Intermediates.noindex/Firebase.build/Debug-iphoneos/FirebaseInstallations.build/Objects-normal/arm64/FIRInstallationsErrorUtil.o /Users/emanuelflury/Library/Developer/Xcode/DerivedData/TaxedGmbH_IOS-gerngfqzuwudosgobknlgtoawnlj/SourcePackages/checkouts/firebase-ios-sdk/FirebaseInstallations/Source/Library/Errors/FIRInstallationsErrorUtil.m normal arm64 objective-c com.apple.compilers.llvm.clang.1_0.compiler (in target 'FirebaseInstallations' from project 'Firebase')
    cd /Users/emanuelflury/github/TaxedGmbH_IOS/TaxedGmbH_IOS.xcodeproj
    
    Using response file: /Users/emanuelflury/Library/Developer/Xcode/DerivedData/TaxedGmbH_IOS-gerngfqzuwudosgobknlgtoawnlj/Build/Intermediates.noindex/Firebase.build/Debug-iphoneos/FirebaseInstallations.build/Objects-normal/arm64/e6072d4f65d7061329687fe24e3d63a7-common-args.resp
    
    builtin-ScanDependencies -o /Users/emanuelflury/Library/Developer/Xcode/DerivedData/TaxedGmbH_IOS-gerngfqzuwudosgobknlgtoawnlj/Build/Intermediates.noindex/Firebase.build/Debug-iphoneos/FirebaseInstallations.build/Objects-normal/arm64/FIRInstallationsErrorUtil.o.scan -- /Applications/Xcode.app/Contents/Developer/Toolchains/XcodeDefault.xctoolchain/usr/bin/clang -x objective-c -ivfsstatcache /Users/emanuelflury/Library/Developer/Xcode/DerivedData/SDKStatCaches.noindex/iphoneos26.1-23B77-69b33fc7382b27d9b5d46e82a00f8e78.sdkstatcache -fmessage-length\=0 -fdiagnostics-show-note-include-stack -fmacro-backtrace-limit\=0 -fno-color-diagnostics -fmodules-prune-interval\=86400 -fmodules-prune-after\=345600 -fbuild-session-file\=/Users/emanuelflury/Library/Developer/Xcode/DerivedData/ModuleCache.noindex/Session.modulevalidation -fmodules-validate-once-per-build-session -Wnon-modular-include-in-framework-module -Werror\=non-modular-include-in-framework-module -Wno-trigraphs -Wno-missing-field-initializers -Wno-missing-prototypes -Wno-return-type -Wno-implicit-atomic-properties -Wno-objc-interface-ivars -Wno-arc-repeated-use-of-weak -Wno-missing-braces -Wparentheses -Wswitch -Wno-unused-function -Wno-unused-label -Wno-unused-parameter -Wno-unused-variable -Wunused-value -Wno-empty-body -Wno-uninitialized -Wno-unknown-pragmas -w -Wno-shadow -Wno-four-char-constants -Wno-conversion -Wno-constant-conversion -Wno-int-conversion -Wno-bool-conversion -Wno-enum-conversion -Wno-float-conversion -Wno-non-literal-null-conversion -Wno-objc-literal-conversion -Wshorten-64-to-32 -Wpointer-sign -Wno-newline-eof -Wno-selector -Wno-strict-selector-match -Wno-undeclared-selector -Wno-deprecated-implementations -Wno-implicit-fallthrough -fstrict-aliasing -Wprotocol -Wdeprecated-declarations -Wno-sign-conversion -Wno-infinite-recursion -Wno-comma -Wno-block-capture-autoreleasing -Wno-strict-prototypes -Wno-semicolon-before-method-body -index-store-path /Users/emanuelflury/Library/Developer/Xcode/DerivedData/TaxedGmbH_IOS-gerngfqzuwudosgobknlgtoawnlj/Index.noindex/DataStore @/Users/emanuelflury/Library/Developer/Xcode/DerivedData/TaxedGmbH_IOS-gerngfqzuwudosgobknlgtoawnlj/Build/Intermediates.noindex/Firebase.build/Debug-iphoneos/FirebaseInstallations.build/Objects-normal/arm64/e6072d4f65d7061329687fe24e3d63a7-common-args.resp -include /Users/emanuelflury/Library/Developer/Xcode/DerivedData/TaxedGmbH_IOS-gerngfqzuwudosgobknlgtoawnlj/Build/Intermediates.noindex/Firebase.build/Debug-iphoneos/FirebaseInstallations.build/DerivedSources/resource_bundle_accessor.h -MMD -MT dependencies -MF /Users/emanuelflury/Library/Developer/Xcode/DerivedData/TaxedGmbH_IOS-gerngfqzuwudosgobknlgtoawnlj/Build/Intermediates.noindex/Firebase.build/Debug-iphoneos/FirebaseInstallations.build/Objects-normal/arm64/FIRInstallationsErrorUtil.d --serialize-diagnostics /Users/emanuelflury/Library/Developer/Xcode/DerivedData/TaxedGmbH_IOS-gerngfqzuwudosgobknlgtoawnlj/Build/Intermediates.noindex/Firebase.build/Debug-iphoneos/FirebaseInstallations.build/Objects-normal/arm64/FIRInstallationsErrorUtil.dia -c /Users/emanuelflury/Library/Developer/Xcode/DerivedData/TaxedGmbH_IOS-gerngfqzuwudosgobknlgtoawnlj/SourcePackages/checkouts/firebase-ios-sdk/FirebaseInstallations/Source/Library/Errors/FIRInstallationsErrorUtil.m -o /Users/emanuelflury/Library/Developer/Xcode/DerivedData/TaxedGmbH_IOS-gerngfqzuwudosgobknlgtoawnlj/Build/Intermediates.noindex/Firebase.build/Debug-iphoneos/FirebaseInstallations.build/Objects-normal/arm64/FIRInstallationsErrorUtil.o -index-unit-output-path /Firebase.build/Debug-iphoneos/FirebaseInstallations.build/Objects-normal/arm64/FIRInstallationsErrorUtil.o

CompileC /Users/emanuelflury/Library/Developer/Xcode/DerivedData/TaxedGmbH_IOS-gerngfqzuwudosgobknlgtoawnlj/Build/Intermediates.noindex/Firebase.build/Debug-iphoneos/FirebaseInstallations.build/Objects-normal/arm64/FIRInstallationsIIDTokenStore.o /Users/emanuelflury/Library/Developer/Xcode/DerivedData/TaxedGmbH_IOS-gerngfqzuwudosgobknlgtoawnlj/SourcePackages/checkouts/firebase-ios-sdk/FirebaseInstallations/Source/Library/IIDMigration/FIRInstallationsIIDTokenStore.m normal arm64 objective-c com.apple.compilers.llvm.clang.1_0.compiler (in target 'FirebaseInstallations' from project 'Firebase')
    cd /Users/emanuelflury/github/TaxedGmbH_IOS/TaxedGmbH_IOS.xcodeproj
    
    Using response file: /Users/emanuelflury/Library/Developer/Xcode/DerivedData/TaxedGmbH_IOS-gerngfqzuwudosgobknlgtoawnlj/Build/Intermediates.noindex/Firebase.build/Debug-iphoneos/FirebaseInstallations.build/Objects-normal/arm64/e6072d4f65d7061329687fe24e3d63a7-common-args.resp
    
    /Applications/Xcode.app/Contents/Developer/Toolchains/XcodeDefault.xctoolchain/usr/bin/clang -x objective-c -ivfsstatcache /Users/emanuelflury/Library/Developer/Xcode/DerivedData/SDKStatCaches.noindex/iphoneos26.1-23B77-69b33fc7382b27d9b5d46e82a00f8e78.sdkstatcache -fmessage-length\=0 -fdiagnostics-show-note-include-stack -fmacro-backtrace-limit\=0 -fno-color-diagnostics -fmodules-prune-interval\=86400 -fmodules-prune-after\=345600 -fbuild-session-file\=/Users/emanuelflury/Library/Developer/Xcode/DerivedData/ModuleCache.noindex/Session.modulevalidation -fmodules-validate-once-per-build-session -Wnon-modular-include-in-framework-module -Werror\=non-modular-include-in-framework-module -Wno-trigraphs -Wno-missing-field-initializers -Wno-missing-prototypes -Wno-return-type -Wno-implicit-atomic-properties -Wno-objc-interface-ivars -Wno-arc-repeated-use-of-weak -Wno-missing-braces -Wparentheses -Wswitch -Wno-unused-function -Wno-unused-label -Wno-unused-parameter -Wno-unused-variable -Wunused-value -Wno-empty-body -Wno-uninitialized -Wno-unknown-pragmas -w -Wno-shadow -Wno-four-char-constants -Wno-conversion -Wno-constant-conversion -Wno-int-conversion -Wno-bool-conversion -Wno-enum-conversion -Wno-float-conversion -Wno-non-literal-null-conversion -Wno-objc-literal-conversion -Wshorten-64-to-32 -Wpointer-sign -Wno-newline-eof -Wno-selector -Wno-strict-selector-match -Wno-undeclared-selector -Wno-deprecated-implementations -Wno-implicit-fallthrough -fstrict-aliasing -Wprotocol -Wdeprecated-declarations -Wno-sign-conversion -Wno-infinite-recursion -Wno-comma -Wno-block-capture-autoreleasing -Wno-strict-prototypes -Wno-semicolon-before-method-body -index-store-path /Users/emanuelflury/Library/Developer/Xcode/DerivedData/TaxedGmbH_IOS-gerngfqzuwudosgobknlgtoawnlj/Index.noindex/DataStore @/Users/emanuelflury/Library/Developer/Xcode/DerivedData/TaxedGmbH_IOS-gerngfqzuwudosgobknlgtoawnlj/Build/Intermediates.noindex/Firebase.build/Debug-iphoneos/FirebaseInstallations.build/Objects-normal/arm64/e6072d4f65d7061329687fe24e3d63a7-common-args.resp -include /Users/emanuelflury/Library/Developer/Xcode/DerivedData/TaxedGmbH_IOS-gerngfqzuwudosgobknlgtoawnlj/Build/Intermediates.noindex/Firebase.build/Debug-iphoneos/FirebaseInstallations.build/DerivedSources/resource_bundle_accessor.h -MMD -MT dependencies -MF /Users/emanuelflury/Library/Developer/Xcode/DerivedData/TaxedGmbH_IOS-gerngfqzuwudosgobknlgtoawnlj/Build/Intermediates.noindex/Firebase.build/Debug-iphoneos/FirebaseInstallations.build/Objects-normal/arm64/FIRInstallationsIIDTokenStore.d --serialize-diagnostics /Users/emanuelflury/Library/Developer/Xcode/DerivedData/TaxedGmbH_IOS-gerngfqzuwudosgobknlgtoawnlj/Build/Intermediates.noindex/Firebase.build/Debug-iphoneos/FirebaseInstallations.build/Objects-normal/arm64/FIRInstallationsIIDTokenStore.dia -c /Users/emanuelflury/Library/Developer/Xcode/DerivedData/TaxedGmbH_IOS-gerngfqzuwudosgobknlgtoawnlj/SourcePackages/checkouts/firebase-ios-sdk/FirebaseInstallations/Source/Library/IIDMigration/FIRInstallationsIIDTokenStore.m -o /Users/emanuelflury/Library/Developer/Xcode/DerivedData/TaxedGmbH_IOS-gerngfqzuwudosgobknlgtoawnlj/Build/Intermediates.noindex/Firebase.build/Debug-iphoneos/FirebaseInstallations.build/Objects-normal/arm64/FIRInstallationsIIDTokenStore.o -index-unit-output-path /Firebase.build/Debug-iphoneos/FirebaseInstallations.build/Objects-normal/arm64/FIRInstallationsIIDTokenStore.o

CompileC /Users/emanuelflury/Library/Developer/Xcode/DerivedData/TaxedGmbH_IOS-gerngfqzuwudosgobknlgtoawnlj/Build/Intermediates.noindex/Firebase.build/Debug-iphoneos/FirebaseInstallations.build/Objects-normal/arm64/FIRInstallationsHTTPError.o /Users/emanuelflury/Library/Developer/Xcode/DerivedData/TaxedGmbH_IOS-gerngfqzuwudosgobknlgtoawnlj/SourcePackages/checkouts/firebase-ios-sdk/FirebaseInstallations/Source/Library/Errors/FIRInstallationsHTTPError.m normal arm64 objective-c com.apple.compilers.llvm.clang.1_0.compiler (in target 'FirebaseInstallations' from project 'Firebase')
    cd /Users/emanuelflury/github/TaxedGmbH_IOS/TaxedGmbH_IOS.xcodeproj
    
    Using response file: /Users/emanuelflury/Library/Developer/Xcode/DerivedData/TaxedGmbH_IOS-gerngfqzuwudosgobknlgtoawnlj/Build/Intermediates.noindex/Firebase.build/Debug-iphoneos/FirebaseInstallations.build/Objects-normal/arm64/e6072d4f65d7061329687fe24e3d63a7-common-args.resp
    
    /Applications/Xcode.app/Contents/Developer/Toolchains/XcodeDefault.xctoolchain/usr/bin/clang -x objective-c -ivfsstatcache /Users/emanuelflury/Library/Developer/Xcode/DerivedData/SDKStatCaches.noindex/iphoneos26.1-23B77-69b33fc7382b27d9b5d46e82a00f8e78.sdkstatcache -fmessage-length\=0 -fdiagnostics-show-note-include-stack -fmacro-backtrace-limit\=0 -fno-color-diagnostics -fmodules-prune-interval\=86400 -fmodules-prune-after\=345600 -fbuild-session-file\=/Users/emanuelflury/Library/Developer/Xcode/DerivedData/ModuleCache.noindex/Session.modulevalidation -fmodules-validate-once-per-build-session -Wnon-modular-include-in-framework-module -Werror\=non-modular-include-in-framework-module -Wno-trigraphs -Wno-missing-field-initializers -Wno-missing-prototypes -Wno-return-type -Wno-implicit-atomic-properties -Wno-objc-interface-ivars -Wno-arc-repeated-use-of-weak -Wno-missing-braces -Wparentheses -Wswitch -Wno-unused-function -Wno-unused-label -Wno-unused-parameter -Wno-unused-variable -Wunused-value -Wno-empty-body -Wno-uninitialized -Wno-unknown-pragmas -w -Wno-shadow -Wno-four-char-constants -Wno-conversion -Wno-constant-conversion -Wno-int-conversion -Wno-bool-conversion -Wno-enum-conversion -Wno-float-conversion -Wno-non-literal-null-conversion -Wno-objc-literal-conversion -Wshorten-64-to-32 -Wpointer-sign -Wno-newline-eof -Wno-selector -Wno-strict-selector-match -Wno-undeclared-selector -Wno-deprecated-implementations -Wno-implicit-fallthrough -fstrict-aliasing -Wprotocol -Wdeprecated-declarations -Wno-sign-conversion -Wno-infinite-recursion -Wno-comma -Wno-block-capture-autoreleasing -Wno-strict-prototypes -Wno-semicolon-before-method-body -index-store-path /Users/emanuelflury/Library/Developer/Xcode/DerivedData/TaxedGmbH_IOS-gerngfqzuwudosgobknlgtoawnlj/Index.noindex/DataStore @/Users/emanuelflury/Library/Developer/Xcode/DerivedData/TaxedGmbH_IOS-gerngfqzuwudosgobknlgtoawnlj/Build/Intermediates.noindex/Firebase.build/Debug-iphoneos/FirebaseInstallations.build/Objects-normal/arm64/e6072d4f65d7061329687fe24e3d63a7-common-args.resp -include /Users/emanuelflury/Library/Developer/Xcode/DerivedData/TaxedGmbH_IOS-gerngfqzuwudosgobknlgtoawnlj/Build/Intermediates.noindex/Firebase.build/Debug-iphoneos/FirebaseInstallations.build/DerivedSources/resource_bundle_accessor.h -MMD -MT dependencies -MF /Users/emanuelflury/Library/Developer/Xcode/DerivedData/TaxedGmbH_IOS-gerngfqzuwudosgobknlgtoawnlj/Build/Intermediates.noindex/Firebase.build/Debug-iphoneos/FirebaseInstallations.build/Objects-normal/arm64/FIRInstallationsHTTPError.d --serialize-diagnostics /Users/emanuelflury/Library/Developer/Xcode/DerivedData/TaxedGmbH_IOS-gerngfqzuwudosgobknlgtoawnlj/Build/Intermediates.noindex/Firebase.build/Debug-iphoneos/FirebaseInstallations.build/Objects-normal/arm64/FIRInstallationsHTTPError.dia -c /Users/emanuelflury/Library/Developer/Xcode/DerivedData/TaxedGmbH_IOS-gerngfqzuwudosgobknlgtoawnlj/SourcePackages/checkouts/firebase-ios-sdk/FirebaseInstallations/Source/Library/Errors/FIRInstallationsHTTPError.m -o /Users/emanuelflury/Library/Developer/Xcode/DerivedData/TaxedGmbH_IOS-gerngfqzuwudosgobknlgtoawnlj/Build/Intermediates.noindex/Firebase.build/Debug-iphoneos/FirebaseInstallations.build/Objects-normal/arm64/FIRInstallationsHTTPError.o -index-unit-output-path /Firebase.build/Debug-iphoneos/FirebaseInstallations.build/Objects-normal/arm64/FIRInstallationsHTTPError.o

CompileC /Users/emanuelflury/Library/Developer/Xcode/DerivedData/TaxedGmbH_IOS-gerngfqzuwudosgobknlgtoawnlj/Build/Intermediates.noindex/Firebase.build/Debug-iphoneos/FirebaseInstallations.build/Objects-normal/arm64/FIRInstallationsIDController.o /Users/emanuelflury/Library/Developer/Xcode/DerivedData/TaxedGmbH_IOS-gerngfqzuwudosgobknlgtoawnlj/SourcePackages/checkouts/firebase-ios-sdk/FirebaseInstallations/Source/Library/InstallationsIDController/FIRInstallationsIDController.m normal arm64 objective-c com.apple.compilers.llvm.clang.1_0.compiler (in target 'FirebaseInstallations' from project 'Firebase')
    cd /Users/emanuelflury/github/TaxedGmbH_IOS/TaxedGmbH_IOS.xcodeproj
    
    Using response file: /Users/emanuelflury/Library/Developer/Xcode/DerivedData/TaxedGmbH_IOS-gerngfqzuwudosgobknlgtoawnlj/Build/Intermediates.noindex/Firebase.build/Debug-iphoneos/FirebaseInstallations.build/Objects-normal/arm64/e6072d4f65d7061329687fe24e3d63a7-common-args.resp
    
    /Applications/Xcode.app/Contents/Developer/Toolchains/XcodeDefault.xctoolchain/usr/bin/clang -x objective-c -ivfsstatcache /Users/emanuelflury/Library/Developer/Xcode/DerivedData/SDKStatCaches.noindex/iphoneos26.1-23B77-69b33fc7382b27d9b5d46e82a00f8e78.sdkstatcache -fmessage-length\=0 -fdiagnostics-show-note-include-stack -fmacro-backtrace-limit\=0 -fno-color-diagnostics -fmodules-prune-interval\=86400 -fmodules-prune-after\=345600 -fbuild-session-file\=/Users/emanuelflury/Library/Developer/Xcode/DerivedData/ModuleCache.noindex/Session.modulevalidation -fmodules-validate-once-per-build-session -Wnon-modular-include-in-framework-module -Werror\=non-modular-include-in-framework-module -Wno-trigraphs -Wno-missing-field-initializers -Wno-missing-prototypes -Wno-return-type -Wno-implicit-atomic-properties -Wno-objc-interface-ivars -Wno-arc-repeated-use-of-weak -Wno-missing-braces -Wparentheses -Wswitch -Wno-unused-function -Wno-unused-label -Wno-unused-parameter -Wno-unused-variable -Wunused-value -Wno-empty-body -Wno-uninitialized -Wno-unknown-pragmas -w -Wno-shadow -Wno-four-char-constants -Wno-conversion -Wno-constant-conversion -Wno-int-conversion -Wno-bool-conversion -Wno-enum-conversion -Wno-float-conversion -Wno-non-literal-null-conversion -Wno-objc-literal-conversion -Wshorten-64-to-32 -Wpointer-sign -Wno-newline-eof -Wno-selector -Wno-strict-selector-match -Wno-undeclared-selector -Wno-deprecated-implementations -Wno-implicit-fallthrough -fstrict-aliasing -Wprotocol -Wdeprecated-declarations -Wno-sign-conversion -Wno-infinite-recursion -Wno-comma -Wno-block-capture-autoreleasing -Wno-strict-prototypes -Wno-semicolon-before-method-body -index-store-path /Users/emanuelflury/Library/Developer/Xcode/DerivedData/TaxedGmbH_IOS-gerngfqzuwudosgobknlgtoawnlj/Index.noindex/DataStore @/Users/emanuelflury/Library/Developer/Xcode/DerivedData/TaxedGmbH_IOS-gerngfqzuwudosgobknlgtoawnlj/Build/Intermediates.noindex/Firebase.build/Debug-iphoneos/FirebaseInstallations.build/Objects-normal/arm64/e6072d4f65d7061329687fe24e3d63a7-common-args.resp -include /Users/emanuelflury/Library/Developer/Xcode/DerivedData/TaxedGmbH_IOS-gerngfqzuwudosgobknlgtoawnlj/Build/Intermediates.noindex/Firebase.build/Debug-iphoneos/FirebaseInstallations.build/DerivedSources/resource_bundle_accessor.h -MMD -MT dependencies -MF /Users/emanuelflury/Library/Developer/Xcode/DerivedData/TaxedGmbH_IOS-gerngfqzuwudosgobknlgtoawnlj/Build/Intermediates.noindex/Firebase.build/Debug-iphoneos/FirebaseInstallations.build/Objects-normal/arm64/FIRInstallationsIDController.d --serialize-diagnostics /Users/emanuelflury/Library/Developer/Xcode/DerivedData/TaxedGmbH_IOS-gerngfqzuwudosgobknlgtoawnlj/Build/Intermediates.noindex/Firebase.build/Debug-iphoneos/FirebaseInstallations.build/Objects-normal/arm64/FIRInstallationsIDController.dia -c /Users/emanuelflury/Library/Developer/Xcode/DerivedData/TaxedGmbH_IOS-gerngfqzuwudosgobknlgtoawnlj/SourcePackages/checkouts/firebase-ios-sdk/FirebaseInstallations/Source/Library/InstallationsIDController/FIRInstallationsIDController.m -o /Users/emanuelflury/Library/Developer/Xcode/DerivedData/TaxedGmbH_IOS-gerngfqzuwudosgobknlgtoawnlj/Build/Intermediates.noindex/Firebase.build/Debug-iphoneos/FirebaseInstallations.build/Objects-normal/arm64/FIRInstallationsIDController.o -index-unit-output-path /Firebase.build/Debug-iphoneos/FirebaseInstallations.build/Objects-normal/arm64/FIRInstallationsIDController.o

PrecompileModule /Users/emanuelflury/Library/Developer/Xcode/DerivedData/TaxedGmbH_IOS-gerngfqzuwudosgobknlgtoawnlj/Build/Intermediates.noindex/ExplicitPrecompiledModules/CommonCrypto-5G5AYGBO18THQ869SMALP3R5S.scan
    cd /
    builtin-precompileModule /Users/emanuelflury/Library/Developer/Xcode/DerivedData/TaxedGmbH_IOS-gerngfqzuwudosgobknlgtoawnlj/Build/Intermediates.noindex/ExplicitPrecompiledModules/CommonCrypto-5G5AYGBO18THQ869SMALP3R5S.scan

ScanDependencies /Users/emanuelflury/Library/Developer/Xcode/DerivedData/TaxedGmbH_IOS-gerngfqzuwudosgobknlgtoawnlj/Build/Intermediates.noindex/Firebase.build/Debug-iphoneos/FirebaseInstallations.build/Objects-normal/arm64/FIRInstallationsBackoffController.o /Users/emanuelflury/Library/Developer/Xcode/DerivedData/TaxedGmbH_IOS-gerngfqzuwudosgobknlgtoawnlj/SourcePackages/checkouts/firebase-ios-sdk/FirebaseInstallations/Source/Library/InstallationsIDController/FIRInstallationsBackoffController.m normal arm64 objective-c com.apple.compilers.llvm.clang.1_0.compiler (in target 'FirebaseInstallations' from project 'Firebase')
    cd /Users/emanuelflury/github/TaxedGmbH_IOS/TaxedGmbH_IOS.xcodeproj
    
    Using response file: /Users/emanuelflury/Library/Developer/Xcode/DerivedData/TaxedGmbH_IOS-gerngfqzuwudosgobknlgtoawnlj/Build/Intermediates.noindex/Firebase.build/Debug-iphoneos/FirebaseInstallations.build/Objects-normal/arm64/e6072d4f65d7061329687fe24e3d63a7-common-args.resp
    
    builtin-ScanDependencies -o /Users/emanuelflury/Library/Developer/Xcode/DerivedData/TaxedGmbH_IOS-gerngfqzuwudosgobknlgtoawnlj/Build/Intermediates.noindex/Firebase.build/Debug-iphoneos/FirebaseInstallations.build/Objects-normal/arm64/FIRInstallationsBackoffController.o.scan -- /Applications/Xcode.app/Contents/Developer/Toolchains/XcodeDefault.xctoolchain/usr/bin/clang -x objective-c -ivfsstatcache /Users/emanuelflury/Library/Developer/Xcode/DerivedData/SDKStatCaches.noindex/iphoneos26.1-23B77-69b33fc7382b27d9b5d46e82a00f8e78.sdkstatcache -fmessage-length\=0 -fdiagnostics-show-note-include-stack -fmacro-backtrace-limit\=0 -fno-color-diagnostics -fmodules-prune-interval\=86400 -fmodules-prune-after\=345600 -fbuild-session-file\=/Users/emanuelflury/Library/Developer/Xcode/DerivedData/ModuleCache.noindex/Session.modulevalidation -fmodules-validate-once-per-build-session -Wnon-modular-include-in-framework-module -Werror\=non-modular-include-in-framework-module -Wno-trigraphs -Wno-missing-field-initializers -Wno-missing-prototypes -Wno-return-type -Wno-implicit-atomic-properties -Wno-objc-interface-ivars -Wno-arc-repeated-use-of-weak -Wno-missing-braces -Wparentheses -Wswitch -Wno-unused-function -Wno-unused-label -Wno-unused-parameter -Wno-unused-variable -Wunused-value -Wno-empty-body -Wno-uninitialized -Wno-unknown-pragmas -w -Wno-shadow -Wno-four-char-constants -Wno-conversion -Wno-constant-conversion -Wno-int-conversion -Wno-bool-conversion -Wno-enum-conversion -Wno-float-conversion -Wno-non-literal-null-conversion -Wno-objc-literal-conversion -Wshorten-64-to-32 -Wpointer-sign -Wno-newline-eof -Wno-selector -Wno-strict-selector-match -Wno-undeclared-selector -Wno-deprecated-implementations -Wno-implicit-fallthrough -fstrict-aliasing -Wprotocol -Wdeprecated-declarations -Wno-sign-conversion -Wno-infinite-recursion -Wno-comma -Wno-block-capture-autoreleasing -Wno-strict-prototypes -Wno-semicolon-before-method-body -index-store-path /Users/emanuelflury/Library/Developer/Xcode/DerivedData/TaxedGmbH_IOS-gerngfqzuwudosgobknlgtoawnlj/Index.noindex/DataStore @/Users/emanuelflury/Library/Developer/Xcode/DerivedData/TaxedGmbH_IOS-gerngfqzuwudosgobknlgtoawnlj/Build/Intermediates.noindex/Firebase.build/Debug-iphoneos/FirebaseInstallations.build/Objects-normal/arm64/e6072d4f65d7061329687fe24e3d63a7-common-args.resp -include /Users/emanuelflury/Library/Developer/Xcode/DerivedData/TaxedGmbH_IOS-gerngfqzuwudosgobknlgtoawnlj/Build/Intermediates.noindex/Firebase.build/Debug-iphoneos/FirebaseInstallations.build/DerivedSources/resource_bundle_accessor.h -MMD -MT dependencies -MF /Users/emanuelflury/Library/Developer/Xcode/DerivedData/TaxedGmbH_IOS-gerngfqzuwudosgobknlgtoawnlj/Build/Intermediates.noindex/Firebase.build/Debug-iphoneos/FirebaseInstallations.build/Objects-normal/arm64/FIRInstallationsBackoffController.d --serialize-diagnostics /Users/emanuelflury/Library/Developer/Xcode/DerivedData/TaxedGmbH_IOS-gerngfqzuwudosgobknlgtoawnlj/Build/Intermediates.noindex/Firebase.build/Debug-iphoneos/FirebaseInstallations.build/Objects-normal/arm64/FIRInstallationsBackoffController.dia -c /Users/emanuelflury/Library/Developer/Xcode/DerivedData/TaxedGmbH_IOS-gerngfqzuwudosgobknlgtoawnlj/SourcePackages/checkouts/firebase-ios-sdk/FirebaseInstallations/Source/Library/InstallationsIDController/FIRInstallationsBackoffController.m -o /Users/emanuelflury/Library/Developer/Xcode/DerivedData/TaxedGmbH_IOS-gerngfqzuwudosgobknlgtoawnlj/Build/Intermediates.noindex/Firebase.build/Debug-iphoneos/FirebaseInstallations.build/Objects-normal/arm64/FIRInstallationsBackoffController.o -index-unit-output-path /Firebase.build/Debug-iphoneos/FirebaseInstallations.build/Objects-normal/arm64/FIRInstallationsBackoffController.o

CompileC /Users/emanuelflury/Library/Developer/Xcode/DerivedData/TaxedGmbH_IOS-gerngfqzuwudosgobknlgtoawnlj/Build/Intermediates.noindex/Firebase.build/Debug-iphoneos/FirebaseInstallations.build/Objects-normal/arm64/FIRInstallationsErrorUtil.o /Users/emanuelflury/Library/Developer/Xcode/DerivedData/TaxedGmbH_IOS-gerngfqzuwudosgobknlgtoawnlj/SourcePackages/checkouts/firebase-ios-sdk/FirebaseInstallations/Source/Library/Errors/FIRInstallationsErrorUtil.m normal arm64 objective-c com.apple.compilers.llvm.clang.1_0.compiler (in target 'FirebaseInstallations' from project 'Firebase')
    cd /Users/emanuelflury/github/TaxedGmbH_IOS/TaxedGmbH_IOS.xcodeproj
    
    Using response file: /Users/emanuelflury/Library/Developer/Xcode/DerivedData/TaxedGmbH_IOS-gerngfqzuwudosgobknlgtoawnlj/Build/Intermediates.noindex/Firebase.build/Debug-iphoneos/FirebaseInstallations.build/Objects-normal/arm64/e6072d4f65d7061329687fe24e3d63a7-common-args.resp
    
    /Applications/Xcode.app/Contents/Developer/Toolchains/XcodeDefault.xctoolchain/usr/bin/clang -x objective-c -ivfsstatcache /Users/emanuelflury/Library/Developer/Xcode/DerivedData/SDKStatCaches.noindex/iphoneos26.1-23B77-69b33fc7382b27d9b5d46e82a00f8e78.sdkstatcache -fmessage-length\=0 -fdiagnostics-show-note-include-stack -fmacro-backtrace-limit\=0 -fno-color-diagnostics -fmodules-prune-interval\=86400 -fmodules-prune-after\=345600 -fbuild-session-file\=/Users/emanuelflury/Library/Developer/Xcode/DerivedData/ModuleCache.noindex/Session.modulevalidation -fmodules-validate-once-per-build-session -Wnon-modular-include-in-framework-module -Werror\=non-modular-include-in-framework-module -Wno-trigraphs -Wno-missing-field-initializers -Wno-missing-prototypes -Wno-return-type -Wno-implicit-atomic-properties -Wno-objc-interface-ivars -Wno-arc-repeated-use-of-weak -Wno-missing-braces -Wparentheses -Wswitch -Wno-unused-function -Wno-unused-label -Wno-unused-parameter -Wno-unused-variable -Wunused-value -Wno-empty-body -Wno-uninitialized -Wno-unknown-pragmas -w -Wno-shadow -Wno-four-char-constants -Wno-conversion -Wno-constant-conversion -Wno-int-conversion -Wno-bool-conversion -Wno-enum-conversion -Wno-float-conversion -Wno-non-literal-null-conversion -Wno-objc-literal-conversion -Wshorten-64-to-32 -Wpointer-sign -Wno-newline-eof -Wno-selector -Wno-strict-selector-match -Wno-undeclared-selector -Wno-deprecated-implementations -Wno-implicit-fallthrough -fstrict-aliasing -Wprotocol -Wdeprecated-declarations -Wno-sign-conversion -Wno-infinite-recursion -Wno-comma -Wno-block-capture-autoreleasing -Wno-strict-prototypes -Wno-semicolon-before-method-body -index-store-path /Users/emanuelflury/Library/Developer/Xcode/DerivedData/TaxedGmbH_IOS-gerngfqzuwudosgobknlgtoawnlj/Index.noindex/DataStore @/Users/emanuelflury/Library/Developer/Xcode/DerivedData/TaxedGmbH_IOS-gerngfqzuwudosgobknlgtoawnlj/Build/Intermediates.noindex/Firebase.build/Debug-iphoneos/FirebaseInstallations.build/Objects-normal/arm64/e6072d4f65d7061329687fe24e3d63a7-common-args.resp -include /Users/emanuelflury/Library/Developer/Xcode/DerivedData/TaxedGmbH_IOS-gerngfqzuwudosgobknlgtoawnlj/Build/Intermediates.noindex/Firebase.build/Debug-iphoneos/FirebaseInstallations.build/DerivedSources/resource_bundle_accessor.h -MMD -MT dependencies -MF /Users/emanuelflury/Library/Developer/Xcode/DerivedData/TaxedGmbH_IOS-gerngfqzuwudosgobknlgtoawnlj/Build/Intermediates.noindex/Firebase.build/Debug-iphoneos/FirebaseInstallations.build/Objects-normal/arm64/FIRInstallationsErrorUtil.d --serialize-diagnostics /Users/emanuelflury/Library/Developer/Xcode/DerivedData/TaxedGmbH_IOS-gerngfqzuwudosgobknlgtoawnlj/Build/Intermediates.noindex/Firebase.build/Debug-iphoneos/FirebaseInstallations.build/Objects-normal/arm64/FIRInstallationsErrorUtil.dia -c /Users/emanuelflury/Library/Developer/Xcode/DerivedData/TaxedGmbH_IOS-gerngfqzuwudosgobknlgtoawnlj/SourcePackages/checkouts/firebase-ios-sdk/FirebaseInstallations/Source/Library/Errors/FIRInstallationsErrorUtil.m -o /Users/emanuelflury/Library/Developer/Xcode/DerivedData/TaxedGmbH_IOS-gerngfqzuwudosgobknlgtoawnlj/Build/Intermediates.noindex/Firebase.build/Debug-iphoneos/FirebaseInstallations.build/Objects-normal/arm64/FIRInstallationsErrorUtil.o -index-unit-output-path /Firebase.build/Debug-iphoneos/FirebaseInstallations.build/Objects-normal/arm64/FIRInstallationsErrorUtil.o

ScanDependencies /Users/emanuelflury/Library/Developer/Xcode/DerivedData/TaxedGmbH_IOS-gerngfqzuwudosgobknlgtoawnlj/Build/Intermediates.noindex/Firebase.build/Debug-iphoneos/FirebaseInstallations.build/Objects-normal/arm64/FIRInstallationsAuthTokenResult.o /Users/emanuelflury/Library/Developer/Xcode/DerivedData/TaxedGmbH_IOS-gerngfqzuwudosgobknlgtoawnlj/SourcePackages/checkouts/firebase-ios-sdk/FirebaseInstallations/Source/Library/FIRInstallationsAuthTokenResult.m normal arm64 objective-c com.apple.compilers.llvm.clang.1_0.compiler (in target 'FirebaseInstallations' from project 'Firebase')
    cd /Users/emanuelflury/github/TaxedGmbH_IOS/TaxedGmbH_IOS.xcodeproj
    
    Using response file: /Users/emanuelflury/Library/Developer/Xcode/DerivedData/TaxedGmbH_IOS-gerngfqzuwudosgobknlgtoawnlj/Build/Intermediates.noindex/Firebase.build/Debug-iphoneos/FirebaseInstallations.build/Objects-normal/arm64/e6072d4f65d7061329687fe24e3d63a7-common-args.resp
    
    builtin-ScanDependencies -o /Users/emanuelflury/Library/Developer/Xcode/DerivedData/TaxedGmbH_IOS-gerngfqzuwudosgobknlgtoawnlj/Build/Intermediates.noindex/Firebase.build/Debug-iphoneos/FirebaseInstallations.build/Objects-normal/arm64/FIRInstallationsAuthTokenResult.o.scan -- /Applications/Xcode.app/Contents/Developer/Toolchains/XcodeDefault.xctoolchain/usr/bin/clang -x objective-c -ivfsstatcache /Users/emanuelflury/Library/Developer/Xcode/DerivedData/SDKStatCaches.noindex/iphoneos26.1-23B77-69b33fc7382b27d9b5d46e82a00f8e78.sdkstatcache -fmessage-length\=0 -fdiagnostics-show-note-include-stack -fmacro-backtrace-limit\=0 -fno-color-diagnostics -fmodules-prune-interval\=86400 -fmodules-prune-after\=345600 -fbuild-session-file\=/Users/emanuelflury/Library/Developer/Xcode/DerivedData/ModuleCache.noindex/Session.modulevalidation -fmodules-validate-once-per-build-session -Wnon-modular-include-in-framework-module -Werror\=non-modular-include-in-framework-module -Wno-trigraphs -Wno-missing-field-initializers -Wno-missing-prototypes -Wno-return-type -Wno-implicit-atomic-properties -Wno-objc-interface-ivars -Wno-arc-repeated-use-of-weak -Wno-missing-braces -Wparentheses -Wswitch -Wno-unused-function -Wno-unused-label -Wno-unused-parameter -Wno-unused-variable -Wunused-value -Wno-empty-body -Wno-uninitialized -Wno-unknown-pragmas -w -Wno-shadow -Wno-four-char-constants -Wno-conversion -Wno-constant-conversion -Wno-int-conversion -Wno-bool-conversion -Wno-enum-conversion -Wno-float-conversion -Wno-non-literal-null-conversion -Wno-objc-literal-conversion -Wshorten-64-to-32 -Wpointer-sign -Wno-newline-eof -Wno-selector -Wno-strict-selector-match -Wno-undeclared-selector -Wno-deprecated-implementations -Wno-implicit-fallthrough -fstrict-aliasing -Wprotocol -Wdeprecated-declarations -Wno-sign-conversion -Wno-infinite-recursion -Wno-comma -Wno-block-capture-autoreleasing -Wno-strict-prototypes -Wno-semicolon-before-method-body -index-store-path /Users/emanuelflury/Library/Developer/Xcode/DerivedData/TaxedGmbH_IOS-gerngfqzuwudosgobknlgtoawnlj/Index.noindex/DataStore @/Users/emanuelflury/Library/Developer/Xcode/DerivedData/TaxedGmbH_IOS-gerngfqzuwudosgobknlgtoawnlj/Build/Intermediates.noindex/Firebase.build/Debug-iphoneos/FirebaseInstallations.build/Objects-normal/arm64/e6072d4f65d7061329687fe24e3d63a7-common-args.resp -include /Users/emanuelflury/Library/Developer/Xcode/DerivedData/TaxedGmbH_IOS-gerngfqzuwudosgobknlgtoawnlj/Build/Intermediates.noindex/Firebase.build/Debug-iphoneos/FirebaseInstallations.build/DerivedSources/resource_bundle_accessor.h -MMD -MT dependencies -MF /Users/emanuelflury/Library/Developer/Xcode/DerivedData/TaxedGmbH_IOS-gerngfqzuwudosgobknlgtoawnlj/Build/Intermediates.noindex/Firebase.build/Debug-iphoneos/FirebaseInstallations.build/Objects-normal/arm64/FIRInstallationsAuthTokenResult.d --serialize-diagnostics /Users/emanuelflury/Library/Developer/Xcode/DerivedData/TaxedGmbH_IOS-gerngfqzuwudosgobknlgtoawnlj/Build/Intermediates.noindex/Firebase.build/Debug-iphoneos/FirebaseInstallations.build/Objects-normal/arm64/FIRInstallationsAuthTokenResult.dia -c /Users/emanuelflury/Library/Developer/Xcode/DerivedData/TaxedGmbH_IOS-gerngfqzuwudosgobknlgtoawnlj/SourcePackages/checkouts/firebase-ios-sdk/FirebaseInstallations/Source/Library/FIRInstallationsAuthTokenResult.m -o /Users/emanuelflury/Library/Developer/Xcode/DerivedData/TaxedGmbH_IOS-gerngfqzuwudosgobknlgtoawnlj/Build/Intermediates.noindex/Firebase.build/Debug-iphoneos/FirebaseInstallations.build/Objects-normal/arm64/FIRInstallationsAuthTokenResult.o -index-unit-output-path /Firebase.build/Debug-iphoneos/FirebaseInstallations.build/Objects-normal/arm64/FIRInstallationsAuthTokenResult.o

ScanDependencies /Users/emanuelflury/Library/Developer/Xcode/DerivedData/TaxedGmbH_IOS-gerngfqzuwudosgobknlgtoawnlj/Build/Intermediates.noindex/Firebase.build/Debug-iphoneos/FirebaseInstallations.build/Objects-normal/arm64/FIRInstallationsAPIService.o /Users/emanuelflury/Library/Developer/Xcode/DerivedData/TaxedGmbH_IOS-gerngfqzuwudosgobknlgtoawnlj/SourcePackages/checkouts/firebase-ios-sdk/FirebaseInstallations/Source/Library/InstallationsAPI/FIRInstallationsAPIService.m normal arm64 objective-c com.apple.compilers.llvm.clang.1_0.compiler (in target 'FirebaseInstallations' from project 'Firebase')
    cd /Users/emanuelflury/github/TaxedGmbH_IOS/TaxedGmbH_IOS.xcodeproj
    
    Using response file: /Users/emanuelflury/Library/Developer/Xcode/DerivedData/TaxedGmbH_IOS-gerngfqzuwudosgobknlgtoawnlj/Build/Intermediates.noindex/Firebase.build/Debug-iphoneos/FirebaseInstallations.build/Objects-normal/arm64/e6072d4f65d7061329687fe24e3d63a7-common-args.resp
    
    builtin-ScanDependencies -o /Users/emanuelflury/Library/Developer/Xcode/DerivedData/TaxedGmbH_IOS-gerngfqzuwudosgobknlgtoawnlj/Build/Intermediates.noindex/Firebase.build/Debug-iphoneos/FirebaseInstallations.build/Objects-normal/arm64/FIRInstallationsAPIService.o.scan -- /Applications/Xcode.app/Contents/Developer/Toolchains/XcodeDefault.xctoolchain/usr/bin/clang -x objective-c -ivfsstatcache /Users/emanuelflury/Library/Developer/Xcode/DerivedData/SDKStatCaches.noindex/iphoneos26.1-23B77-69b33fc7382b27d9b5d46e82a00f8e78.sdkstatcache -fmessage-length\=0 -fdiagnostics-show-note-include-stack -fmacro-backtrace-limit\=0 -fno-color-diagnostics -fmodules-prune-interval\=86400 -fmodules-prune-after\=345600 -fbuild-session-file\=/Users/emanuelflury/Library/Developer/Xcode/DerivedData/ModuleCache.noindex/Session.modulevalidation -fmodules-validate-once-per-build-session -Wnon-modular-include-in-framework-module -Werror\=non-modular-include-in-framework-module -Wno-trigraphs -Wno-missing-field-initializers -Wno-missing-prototypes -Wno-return-type -Wno-implicit-atomic-properties -Wno-objc-interface-ivars -Wno-arc-repeated-use-of-weak -Wno-missing-braces -Wparentheses -Wswitch -Wno-unused-function -Wno-unused-label -Wno-unused-parameter -Wno-unused-variable -Wunused-value -Wno-empty-body -Wno-uninitialized -Wno-unknown-pragmas -w -Wno-shadow -Wno-four-char-constants -Wno-conversion -Wno-constant-conversion -Wno-int-conversion -Wno-bool-conversion -Wno-enum-conversion -Wno-float-conversion -Wno-non-literal-null-conversion -Wno-objc-literal-conversion -Wshorten-64-to-32 -Wpointer-sign -Wno-newline-eof -Wno-selector -Wno-strict-selector-match -Wno-undeclared-selector -Wno-deprecated-implementations -Wno-implicit-fallthrough -fstrict-aliasing -Wprotocol -Wdeprecated-declarations -Wno-sign-conversion -Wno-infinite-recursion -Wno-comma -Wno-block-capture-autoreleasing -Wno-strict-prototypes -Wno-semicolon-before-method-body -index-store-path /Users/emanuelflury/Library/Developer/Xcode/DerivedData/TaxedGmbH_IOS-gerngfqzuwudosgobknlgtoawnlj/Index.noindex/DataStore @/Users/emanuelflury/Library/Developer/Xcode/DerivedData/TaxedGmbH_IOS-gerngfqzuwudosgobknlgtoawnlj/Build/Intermediates.noindex/Firebase.build/Debug-iphoneos/FirebaseInstallations.build/Objects-normal/arm64/e6072d4f65d7061329687fe24e3d63a7-common-args.resp -include /Users/emanuelflury/Library/Developer/Xcode/DerivedData/TaxedGmbH_IOS-gerngfqzuwudosgobknlgtoawnlj/Build/Intermediates.noindex/Firebase.build/Debug-iphoneos/FirebaseInstallations.build/DerivedSources/resource_bundle_accessor.h -MMD -MT dependencies -MF /Users/emanuelflury/Library/Developer/Xcode/DerivedData/TaxedGmbH_IOS-gerngfqzuwudosgobknlgtoawnlj/Build/Intermediates.noindex/Firebase.build/Debug-iphoneos/FirebaseInstallations.build/Objects-normal/arm64/FIRInstallationsAPIService.d --serialize-diagnostics /Users/emanuelflury/Library/Developer/Xcode/DerivedData/TaxedGmbH_IOS-gerngfqzuwudosgobknlgtoawnlj/Build/Intermediates.noindex/Firebase.build/Debug-iphoneos/FirebaseInstallations.build/Objects-normal/arm64/FIRInstallationsAPIService.dia -c /Users/emanuelflury/Library/Developer/Xcode/DerivedData/TaxedGmbH_IOS-gerngfqzuwudosgobknlgtoawnlj/SourcePackages/checkouts/firebase-ios-sdk/FirebaseInstallations/Source/Library/InstallationsAPI/FIRInstallationsAPIService.m -o /Users/emanuelflury/Library/Developer/Xcode/DerivedData/TaxedGmbH_IOS-gerngfqzuwudosgobknlgtoawnlj/Build/Intermediates.noindex/Firebase.build/Debug-iphoneos/FirebaseInstallations.build/Objects-normal/arm64/FIRInstallationsAPIService.o -index-unit-output-path /Firebase.build/Debug-iphoneos/FirebaseInstallations.build/Objects-normal/arm64/FIRInstallationsAPIService.o

ScanDependencies /Users/emanuelflury/Library/Developer/Xcode/DerivedData/TaxedGmbH_IOS-gerngfqzuwudosgobknlgtoawnlj/Build/Intermediates.noindex/Firebase.build/Debug-iphoneos/FirebaseInstallations.build/Objects-normal/arm64/FIRInstallations.o /Users/emanuelflury/Library/Developer/Xcode/DerivedData/TaxedGmbH_IOS-gerngfqzuwudosgobknlgtoawnlj/SourcePackages/checkouts/firebase-ios-sdk/FirebaseInstallations/Source/Library/FIRInstallations.m normal arm64 objective-c com.apple.compilers.llvm.clang.1_0.compiler (in target 'FirebaseInstallations' from project 'Firebase')
    cd /Users/emanuelflury/github/TaxedGmbH_IOS/TaxedGmbH_IOS.xcodeproj
    
    Using response file: /Users/emanuelflury/Library/Developer/Xcode/DerivedData/TaxedGmbH_IOS-gerngfqzuwudosgobknlgtoawnlj/Build/Intermediates.noindex/Firebase.build/Debug-iphoneos/FirebaseInstallations.build/Objects-normal/arm64/e6072d4f65d7061329687fe24e3d63a7-common-args.resp
    
    builtin-ScanDependencies -o /Users/emanuelflury/Library/Developer/Xcode/DerivedData/TaxedGmbH_IOS-gerngfqzuwudosgobknlgtoawnlj/Build/Intermediates.noindex/Firebase.build/Debug-iphoneos/FirebaseInstallations.build/Objects-normal/arm64/FIRInstallations.o.scan -- /Applications/Xcode.app/Contents/Developer/Toolchains/XcodeDefault.xctoolchain/usr/bin/clang -x objective-c -ivfsstatcache /Users/emanuelflury/Library/Developer/Xcode/DerivedData/SDKStatCaches.noindex/iphoneos26.1-23B77-69b33fc7382b27d9b5d46e82a00f8e78.sdkstatcache -fmessage-length\=0 -fdiagnostics-show-note-include-stack -fmacro-backtrace-limit\=0 -fno-color-diagnostics -fmodules-prune-interval\=86400 -fmodules-prune-after\=345600 -fbuild-session-file\=/Users/emanuelflury/Library/Developer/Xcode/DerivedData/ModuleCache.noindex/Session.modulevalidation -fmodules-validate-once-per-build-session -Wnon-modular-include-in-framework-module -Werror\=non-modular-include-in-framework-module -Wno-trigraphs -Wno-missing-field-initializers -Wno-missing-prototypes -Wno-return-type -Wno-implicit-atomic-properties -Wno-objc-interface-ivars -Wno-arc-repeated-use-of-weak -Wno-missing-braces -Wparentheses -Wswitch -Wno-unused-function -Wno-unused-label -Wno-unused-parameter -Wno-unused-variable -Wunused-value -Wno-empty-body -Wno-uninitialized -Wno-unknown-pragmas -w -Wno-shadow -Wno-four-char-constants -Wno-conversion -Wno-constant-conversion -Wno-int-conversion -Wno-bool-conversion -Wno-enum-conversion -Wno-float-conversion -Wno-non-literal-null-conversion -Wno-objc-literal-conversion -Wshorten-64-to-32 -Wpointer-sign -Wno-newline-eof -Wno-selector -Wno-strict-selector-match -Wno-undeclared-selector -Wno-deprecated-implementations -Wno-implicit-fallthrough -fstrict-aliasing -Wprotocol -Wdeprecated-declarations -Wno-sign-conversion -Wno-infinite-recursion -Wno-comma -Wno-block-capture-autoreleasing -Wno-strict-prototypes -Wno-semicolon-before-method-body -index-store-path /Users/emanuelflury/Library/Developer/Xcode/DerivedData/TaxedGmbH_IOS-gerngfqzuwudosgobknlgtoawnlj/Index.noindex/DataStore @/Users/emanuelflury/Library/Developer/Xcode/DerivedData/TaxedGmbH_IOS-gerngfqzuwudosgobknlgtoawnlj/Build/Intermediates.noindex/Firebase.build/Debug-iphoneos/FirebaseInstallations.build/Objects-normal/arm64/e6072d4f65d7061329687fe24e3d63a7-common-args.resp -include /Users/emanuelflury/Library/Developer/Xcode/DerivedData/TaxedGmbH_IOS-gerngfqzuwudosgobknlgtoawnlj/Build/Intermediates.noindex/Firebase.build/Debug-iphoneos/FirebaseInstallations.build/DerivedSources/resource_bundle_accessor.h -MMD -MT dependencies -MF /Users/emanuelflury/Library/Developer/Xcode/DerivedData/TaxedGmbH_IOS-gerngfqzuwudosgobknlgtoawnlj/Build/Intermediates.noindex/Firebase.build/Debug-iphoneos/FirebaseInstallations.build/Objects-normal/arm64/FIRInstallations.d --serialize-diagnostics /Users/emanuelflury/Library/Developer/Xcode/DerivedData/TaxedGmbH_IOS-gerngfqzuwudosgobknlgtoawnlj/Build/Intermediates.noindex/Firebase.build/Debug-iphoneos/FirebaseInstallations.build/Objects-normal/arm64/FIRInstallations.dia -c /Users/emanuelflury/Library/Developer/Xcode/DerivedData/TaxedGmbH_IOS-gerngfqzuwudosgobknlgtoawnlj/SourcePackages/checkouts/firebase-ios-sdk/FirebaseInstallations/Source/Library/FIRInstallations.m -o /Users/emanuelflury/Library/Developer/Xcode/DerivedData/TaxedGmbH_IOS-gerngfqzuwudosgobknlgtoawnlj/Build/Intermediates.noindex/Firebase.build/Debug-iphoneos/FirebaseInstallations.build/Objects-normal/arm64/FIRInstallations.o -index-unit-output-path /Firebase.build/Debug-iphoneos/FirebaseInstallations.build/Objects-normal/arm64/FIRInstallations.o

CompileC /Users/emanuelflury/Library/Developer/Xcode/DerivedData/TaxedGmbH_IOS-gerngfqzuwudosgobknlgtoawnlj/Build/Intermediates.noindex/Firebase.build/Debug-iphoneos/FirebaseInstallations.build/Objects-normal/arm64/FIRInstallationsIIDStore.o /Users/emanuelflury/Library/Developer/Xcode/DerivedData/TaxedGmbH_IOS-gerngfqzuwudosgobknlgtoawnlj/SourcePackages/checkouts/firebase-ios-sdk/FirebaseInstallations/Source/Library/IIDMigration/FIRInstallationsIIDStore.m normal arm64 objective-c com.apple.compilers.llvm.clang.1_0.compiler (in target 'FirebaseInstallations' from project 'Firebase')
    cd /Users/emanuelflury/github/TaxedGmbH_IOS/TaxedGmbH_IOS.xcodeproj
    
    Using response file: /Users/emanuelflury/Library/Developer/Xcode/DerivedData/TaxedGmbH_IOS-gerngfqzuwudosgobknlgtoawnlj/Build/Intermediates.noindex/Firebase.build/Debug-iphoneos/FirebaseInstallations.build/Objects-normal/arm64/e6072d4f65d7061329687fe24e3d63a7-common-args.resp
    
    /Applications/Xcode.app/Contents/Developer/Toolchains/XcodeDefault.xctoolchain/usr/bin/clang -x objective-c -ivfsstatcache /Users/emanuelflury/Library/Developer/Xcode/DerivedData/SDKStatCaches.noindex/iphoneos26.1-23B77-69b33fc7382b27d9b5d46e82a00f8e78.sdkstatcache -fmessage-length\=0 -fdiagnostics-show-note-include-stack -fmacro-backtrace-limit\=0 -fno-color-diagnostics -fmodules-prune-interval\=86400 -fmodules-prune-after\=345600 -fbuild-session-file\=/Users/emanuelflury/Library/Developer/Xcode/DerivedData/ModuleCache.noindex/Session.modulevalidation -fmodules-validate-once-per-build-session -Wnon-modular-include-in-framework-module -Werror\=non-modular-include-in-framework-module -Wno-trigraphs -Wno-missing-field-initializers -Wno-missing-prototypes -Wno-return-type -Wno-implicit-atomic-properties -Wno-objc-interface-ivars -Wno-arc-repeated-use-of-weak -Wno-missing-braces -Wparentheses -Wswitch -Wno-unused-function -Wno-unused-label -Wno-unused-parameter -Wno-unused-variable -Wunused-value -Wno-empty-body -Wno-uninitialized -Wno-unknown-pragmas -w -Wno-shadow -Wno-four-char-constants -Wno-conversion -Wno-constant-conversion -Wno-int-conversion -Wno-bool-conversion -Wno-enum-conversion -Wno-float-conversion -Wno-non-literal-null-conversion -Wno-objc-literal-conversion -Wshorten-64-to-32 -Wpointer-sign -Wno-newline-eof -Wno-selector -Wno-strict-selector-match -Wno-undeclared-selector -Wno-deprecated-implementations -Wno-implicit-fallthrough -fstrict-aliasing -Wprotocol -Wdeprecated-declarations -Wno-sign-conversion -Wno-infinite-recursion -Wno-comma -Wno-block-capture-autoreleasing -Wno-strict-prototypes -Wno-semicolon-before-method-body -index-store-path /Users/emanuelflury/Library/Developer/Xcode/DerivedData/TaxedGmbH_IOS-gerngfqzuwudosgobknlgtoawnlj/Index.noindex/DataStore @/Users/emanuelflury/Library/Developer/Xcode/DerivedData/TaxedGmbH_IOS-gerngfqzuwudosgobknlgtoawnlj/Build/Intermediates.noindex/Firebase.build/Debug-iphoneos/FirebaseInstallations.build/Objects-normal/arm64/e6072d4f65d7061329687fe24e3d63a7-common-args.resp -include /Users/emanuelflury/Library/Developer/Xcode/DerivedData/TaxedGmbH_IOS-gerngfqzuwudosgobknlgtoawnlj/Build/Intermediates.noindex/Firebase.build/Debug-iphoneos/FirebaseInstallations.build/DerivedSources/resource_bundle_accessor.h -MMD -MT dependencies -MF /Users/emanuelflury/Library/Developer/Xcode/DerivedData/TaxedGmbH_IOS-gerngfqzuwudosgobknlgtoawnlj/Build/Intermediates.noindex/Firebase.build/Debug-iphoneos/FirebaseInstallations.build/Objects-normal/arm64/FIRInstallationsIIDStore.d --serialize-diagnostics /Users/emanuelflury/Library/Developer/Xcode/DerivedData/TaxedGmbH_IOS-gerngfqzuwudosgobknlgtoawnlj/Build/Intermediates.noindex/Firebase.build/Debug-iphoneos/FirebaseInstallations.build/Objects-normal/arm64/FIRInstallationsIIDStore.dia -c /Users/emanuelflury/Library/Developer/Xcode/DerivedData/TaxedGmbH_IOS-gerngfqzuwudosgobknlgtoawnlj/SourcePackages/checkouts/firebase-ios-sdk/FirebaseInstallations/Source/Library/IIDMigration/FIRInstallationsIIDStore.m -o /Users/emanuelflury/Library/Developer/Xcode/DerivedData/TaxedGmbH_IOS-gerngfqzuwudosgobknlgtoawnlj/Build/Intermediates.noindex/Firebase.build/Debug-iphoneos/FirebaseInstallations.build/Objects-normal/arm64/FIRInstallationsIIDStore.o -index-unit-output-path /Firebase.build/Debug-iphoneos/FirebaseInstallations.build/Objects-normal/arm64/FIRInstallationsIIDStore.o

CompileC /Users/emanuelflury/Library/Developer/Xcode/DerivedData/TaxedGmbH_IOS-gerngfqzuwudosgobknlgtoawnlj/Build/Intermediates.noindex/Firebase.build/Debug-iphoneos/FirebaseInstallations.build/Objects-normal/arm64/FIRInstallationsBackoffController.o /Users/emanuelflury/Library/Developer/Xcode/DerivedData/TaxedGmbH_IOS-gerngfqzuwudosgobknlgtoawnlj/SourcePackages/checkouts/firebase-ios-sdk/FirebaseInstallations/Source/Library/InstallationsIDController/FIRInstallationsBackoffController.m normal arm64 objective-c com.apple.compilers.llvm.clang.1_0.compiler (in target 'FirebaseInstallations' from project 'Firebase')
    cd /Users/emanuelflury/github/TaxedGmbH_IOS/TaxedGmbH_IOS.xcodeproj
    
    Using response file: /Users/emanuelflury/Library/Developer/Xcode/DerivedData/TaxedGmbH_IOS-gerngfqzuwudosgobknlgtoawnlj/Build/Intermediates.noindex/Firebase.build/Debug-iphoneos/FirebaseInstallations.build/Objects-normal/arm64/e6072d4f65d7061329687fe24e3d63a7-common-args.resp
    
    /Applications/Xcode.app/Contents/Developer/Toolchains/XcodeDefault.xctoolchain/usr/bin/clang -x objective-c -ivfsstatcache /Users/emanuelflury/Library/Developer/Xcode/DerivedData/SDKStatCaches.noindex/iphoneos26.1-23B77-69b33fc7382b27d9b5d46e82a00f8e78.sdkstatcache -fmessage-length\=0 -fdiagnostics-show-note-include-stack -fmacro-backtrace-limit\=0 -fno-color-diagnostics -fmodules-prune-interval\=86400 -fmodules-prune-after\=345600 -fbuild-session-file\=/Users/emanuelflury/Library/Developer/Xcode/DerivedData/ModuleCache.noindex/Session.modulevalidation -fmodules-validate-once-per-build-session -Wnon-modular-include-in-framework-module -Werror\=non-modular-include-in-framework-module -Wno-trigraphs -Wno-missing-field-initializers -Wno-missing-prototypes -Wno-return-type -Wno-implicit-atomic-properties -Wno-objc-interface-ivars -Wno-arc-repeated-use-of-weak -Wno-missing-braces -Wparentheses -Wswitch -Wno-unused-function -Wno-unused-label -Wno-unused-parameter -Wno-unused-variable -Wunused-value -Wno-empty-body -Wno-uninitialized -Wno-unknown-pragmas -w -Wno-shadow -Wno-four-char-constants -Wno-conversion -Wno-constant-conversion -Wno-int-conversion -Wno-bool-conversion -Wno-enum-conversion -Wno-float-conversion -Wno-non-literal-null-conversion -Wno-objc-literal-conversion -Wshorten-64-to-32 -Wpointer-sign -Wno-newline-eof -Wno-selector -Wno-strict-selector-match -Wno-undeclared-selector -Wno-deprecated-implementations -Wno-implicit-fallthrough -fstrict-aliasing -Wprotocol -Wdeprecated-declarations -Wno-sign-conversion -Wno-infinite-recursion -Wno-comma -Wno-block-capture-autoreleasing -Wno-strict-prototypes -Wno-semicolon-before-method-body -index-store-path /Users/emanuelflury/Library/Developer/Xcode/DerivedData/TaxedGmbH_IOS-gerngfqzuwudosgobknlgtoawnlj/Index.noindex/DataStore @/Users/emanuelflury/Library/Developer/Xcode/DerivedData/TaxedGmbH_IOS-gerngfqzuwudosgobknlgtoawnlj/Build/Intermediates.noindex/Firebase.build/Debug-iphoneos/FirebaseInstallations.build/Objects-normal/arm64/e6072d4f65d7061329687fe24e3d63a7-common-args.resp -include /Users/emanuelflury/Library/Developer/Xcode/DerivedData/TaxedGmbH_IOS-gerngfqzuwudosgobknlgtoawnlj/Build/Intermediates.noindex/Firebase.build/Debug-iphoneos/FirebaseInstallations.build/DerivedSources/resource_bundle_accessor.h -MMD -MT dependencies -MF /Users/emanuelflury/Library/Developer/Xcode/DerivedData/TaxedGmbH_IOS-gerngfqzuwudosgobknlgtoawnlj/Build/Intermediates.noindex/Firebase.build/Debug-iphoneos/FirebaseInstallations.build/Objects-normal/arm64/FIRInstallationsBackoffController.d --serialize-diagnostics /Users/emanuelflury/Library/Developer/Xcode/DerivedData/TaxedGmbH_IOS-gerngfqzuwudosgobknlgtoawnlj/Build/Intermediates.noindex/Firebase.build/Debug-iphoneos/FirebaseInstallations.build/Objects-normal/arm64/FIRInstallationsBackoffController.dia -c /Users/emanuelflury/Library/Developer/Xcode/DerivedData/TaxedGmbH_IOS-gerngfqzuwudosgobknlgtoawnlj/SourcePackages/checkouts/firebase-ios-sdk/FirebaseInstallations/Source/Library/InstallationsIDController/FIRInstallationsBackoffController.m -o /Users/emanuelflury/Library/Developer/Xcode/DerivedData/TaxedGmbH_IOS-gerngfqzuwudosgobknlgtoawnlj/Build/Intermediates.noindex/Firebase.build/Debug-iphoneos/FirebaseInstallations.build/Objects-normal/arm64/FIRInstallationsBackoffController.o -index-unit-output-path /Firebase.build/Debug-iphoneos/FirebaseInstallations.build/Objects-normal/arm64/FIRInstallationsBackoffController.o

CompileC /Users/emanuelflury/Library/Developer/Xcode/DerivedData/TaxedGmbH_IOS-gerngfqzuwudosgobknlgtoawnlj/Build/Intermediates.noindex/Firebase.build/Debug-iphoneos/FirebaseInstallations.build/Objects-normal/arm64/FIRInstallationsAuthTokenResult.o /Users/emanuelflury/Library/Developer/Xcode/DerivedData/TaxedGmbH_IOS-gerngfqzuwudosgobknlgtoawnlj/SourcePackages/checkouts/firebase-ios-sdk/FirebaseInstallations/Source/Library/FIRInstallationsAuthTokenResult.m normal arm64 objective-c com.apple.compilers.llvm.clang.1_0.compiler (in target 'FirebaseInstallations' from project 'Firebase')
    cd /Users/emanuelflury/github/TaxedGmbH_IOS/TaxedGmbH_IOS.xcodeproj
    
    Using response file: /Users/emanuelflury/Library/Developer/Xcode/DerivedData/TaxedGmbH_IOS-gerngfqzuwudosgobknlgtoawnlj/Build/Intermediates.noindex/Firebase.build/Debug-iphoneos/FirebaseInstallations.build/Objects-normal/arm64/e6072d4f65d7061329687fe24e3d63a7-common-args.resp
    
    /Applications/Xcode.app/Contents/Developer/Toolchains/XcodeDefault.xctoolchain/usr/bin/clang -x objective-c -ivfsstatcache /Users/emanuelflury/Library/Developer/Xcode/DerivedData/SDKStatCaches.noindex/iphoneos26.1-23B77-69b33fc7382b27d9b5d46e82a00f8e78.sdkstatcache -fmessage-length\=0 -fdiagnostics-show-note-include-stack -fmacro-backtrace-limit\=0 -fno-color-diagnostics -fmodules-prune-interval\=86400 -fmodules-prune-after\=345600 -fbuild-session-file\=/Users/emanuelflury/Library/Developer/Xcode/DerivedData/ModuleCache.noindex/Session.modulevalidation -fmodules-validate-once-per-build-session -Wnon-modular-include-in-framework-module -Werror\=non-modular-include-in-framework-module -Wno-trigraphs -Wno-missing-field-initializers -Wno-missing-prototypes -Wno-return-type -Wno-implicit-atomic-properties -Wno-objc-interface-ivars -Wno-arc-repeated-use-of-weak -Wno-missing-braces -Wparentheses -Wswitch -Wno-unused-function -Wno-unused-label -Wno-unused-parameter -Wno-unused-variable -Wunused-value -Wno-empty-body -Wno-uninitialized -Wno-unknown-pragmas -w -Wno-shadow -Wno-four-char-constants -Wno-conversion -Wno-constant-conversion -Wno-int-conversion -Wno-bool-conversion -Wno-enum-conversion -Wno-float-conversion -Wno-non-literal-null-conversion -Wno-objc-literal-conversion -Wshorten-64-to-32 -Wpointer-sign -Wno-newline-eof -Wno-selector -Wno-strict-selector-match -Wno-undeclared-selector -Wno-deprecated-implementations -Wno-implicit-fallthrough -fstrict-aliasing -Wprotocol -Wdeprecated-declarations -Wno-sign-conversion -Wno-infinite-recursion -Wno-comma -Wno-block-capture-autoreleasing -Wno-strict-prototypes -Wno-semicolon-before-method-body -index-store-path /Users/emanuelflury/Library/Developer/Xcode/DerivedData/TaxedGmbH_IOS-gerngfqzuwudosgobknlgtoawnlj/Index.noindex/DataStore @/Users/emanuelflury/Library/Developer/Xcode/DerivedData/TaxedGmbH_IOS-gerngfqzuwudosgobknlgtoawnlj/Build/Intermediates.noindex/Firebase.build/Debug-iphoneos/FirebaseInstallations.build/Objects-normal/arm64/e6072d4f65d7061329687fe24e3d63a7-common-args.resp -include /Users/emanuelflury/Library/Developer/Xcode/DerivedData/TaxedGmbH_IOS-gerngfqzuwudosgobknlgtoawnlj/Build/Intermediates.noindex/Firebase.build/Debug-iphoneos/FirebaseInstallations.build/DerivedSources/resource_bundle_accessor.h -MMD -MT dependencies -MF /Users/emanuelflury/Library/Developer/Xcode/DerivedData/TaxedGmbH_IOS-gerngfqzuwudosgobknlgtoawnlj/Build/Intermediates.noindex/Firebase.build/Debug-iphoneos/FirebaseInstallations.build/Objects-normal/arm64/FIRInstallationsAuthTokenResult.d --serialize-diagnostics /Users/emanuelflury/Library/Developer/Xcode/DerivedData/TaxedGmbH_IOS-gerngfqzuwudosgobknlgtoawnlj/Build/Intermediates.noindex/Firebase.build/Debug-iphoneos/FirebaseInstallations.build/Objects-normal/arm64/FIRInstallationsAuthTokenResult.dia -c /Users/emanuelflury/Library/Developer/Xcode/DerivedData/TaxedGmbH_IOS-gerngfqzuwudosgobknlgtoawnlj/SourcePackages/checkouts/firebase-ios-sdk/FirebaseInstallations/Source/Library/FIRInstallationsAuthTokenResult.m -o /Users/emanuelflury/Library/Developer/Xcode/DerivedData/TaxedGmbH_IOS-gerngfqzuwudosgobknlgtoawnlj/Build/Intermediates.noindex/Firebase.build/Debug-iphoneos/FirebaseInstallations.build/Objects-normal/arm64/FIRInstallationsAuthTokenResult.o -index-unit-output-path /Firebase.build/Debug-iphoneos/FirebaseInstallations.build/Objects-normal/arm64/FIRInstallationsAuthTokenResult.o

CompileC /Users/emanuelflury/Library/Developer/Xcode/DerivedData/TaxedGmbH_IOS-gerngfqzuwudosgobknlgtoawnlj/Build/Intermediates.noindex/Firebase.build/Debug-iphoneos/FirebaseInstallations.build/Objects-normal/arm64/FIRInstallationsAPIService.o /Users/emanuelflury/Library/Developer/Xcode/DerivedData/TaxedGmbH_IOS-gerngfqzuwudosgobknlgtoawnlj/SourcePackages/checkouts/firebase-ios-sdk/FirebaseInstallations/Source/Library/InstallationsAPI/FIRInstallationsAPIService.m normal arm64 objective-c com.apple.compilers.llvm.clang.1_0.compiler (in target 'FirebaseInstallations' from project 'Firebase')
    cd /Users/emanuelflury/github/TaxedGmbH_IOS/TaxedGmbH_IOS.xcodeproj
    
    Using response file: /Users/emanuelflury/Library/Developer/Xcode/DerivedData/TaxedGmbH_IOS-gerngfqzuwudosgobknlgtoawnlj/Build/Intermediates.noindex/Firebase.build/Debug-iphoneos/FirebaseInstallations.build/Objects-normal/arm64/e6072d4f65d7061329687fe24e3d63a7-common-args.resp
    
    /Applications/Xcode.app/Contents/Developer/Toolchains/XcodeDefault.xctoolchain/usr/bin/clang -x objective-c -ivfsstatcache /Users/emanuelflury/Library/Developer/Xcode/DerivedData/SDKStatCaches.noindex/iphoneos26.1-23B77-69b33fc7382b27d9b5d46e82a00f8e78.sdkstatcache -fmessage-length\=0 -fdiagnostics-show-note-include-stack -fmacro-backtrace-limit\=0 -fno-color-diagnostics -fmodules-prune-interval\=86400 -fmodules-prune-after\=345600 -fbuild-session-file\=/Users/emanuelflury/Library/Developer/Xcode/DerivedData/ModuleCache.noindex/Session.modulevalidation -fmodules-validate-once-per-build-session -Wnon-modular-include-in-framework-module -Werror\=non-modular-include-in-framework-module -Wno-trigraphs -Wno-missing-field-initializers -Wno-missing-prototypes -Wno-return-type -Wno-implicit-atomic-properties -Wno-objc-interface-ivars -Wno-arc-repeated-use-of-weak -Wno-missing-braces -Wparentheses -Wswitch -Wno-unused-function -Wno-unused-label -Wno-unused-parameter -Wno-unused-variable -Wunused-value -Wno-empty-body -Wno-uninitialized -Wno-unknown-pragmas -w -Wno-shadow -Wno-four-char-constants -Wno-conversion -Wno-constant-conversion -Wno-int-conversion -Wno-bool-conversion -Wno-enum-conversion -Wno-float-conversion -Wno-non-literal-null-conversion -Wno-objc-literal-conversion -Wshorten-64-to-32 -Wpointer-sign -Wno-newline-eof -Wno-selector -Wno-strict-selector-match -Wno-undeclared-selector -Wno-deprecated-implementations -Wno-implicit-fallthrough -fstrict-aliasing -Wprotocol -Wdeprecated-declarations -Wno-sign-conversion -Wno-infinite-recursion -Wno-comma -Wno-block-capture-autoreleasing -Wno-strict-prototypes -Wno-semicolon-before-method-body -index-store-path /Users/emanuelflury/Library/Developer/Xcode/DerivedData/TaxedGmbH_IOS-gerngfqzuwudosgobknlgtoawnlj/Index.noindex/DataStore @/Users/emanuelflury/Library/Developer/Xcode/DerivedData/TaxedGmbH_IOS-gerngfqzuwudosgobknlgtoawnlj/Build/Intermediates.noindex/Firebase.build/Debug-iphoneos/FirebaseInstallations.build/Objects-normal/arm64/e6072d4f65d7061329687fe24e3d63a7-common-args.resp -include /Users/emanuelflury/Library/Developer/Xcode/DerivedData/TaxedGmbH_IOS-gerngfqzuwudosgobknlgtoawnlj/Build/Intermediates.noindex/Firebase.build/Debug-iphoneos/FirebaseInstallations.build/DerivedSources/resource_bundle_accessor.h -MMD -MT dependencies -MF /Users/emanuelflury/Library/Developer/Xcode/DerivedData/TaxedGmbH_IOS-gerngfqzuwudosgobknlgtoawnlj/Build/Intermediates.noindex/Firebase.build/Debug-iphoneos/FirebaseInstallations.build/Objects-normal/arm64/FIRInstallationsAPIService.d --serialize-diagnostics /Users/emanuelflury/Library/Developer/Xcode/DerivedData/TaxedGmbH_IOS-gerngfqzuwudosgobknlgtoawnlj/Build/Intermediates.noindex/Firebase.build/Debug-iphoneos/FirebaseInstallations.build/Objects-normal/arm64/FIRInstallationsAPIService.dia -c /Users/emanuelflury/Library/Developer/Xcode/DerivedData/TaxedGmbH_IOS-gerngfqzuwudosgobknlgtoawnlj/SourcePackages/checkouts/firebase-ios-sdk/FirebaseInstallations/Source/Library/InstallationsAPI/FIRInstallationsAPIService.m -o /Users/emanuelflury/Library/Developer/Xcode/DerivedData/TaxedGmbH_IOS-gerngfqzuwudosgobknlgtoawnlj/Build/Intermediates.noindex/Firebase.build/Debug-iphoneos/FirebaseInstallations.build/Objects-normal/arm64/FIRInstallationsAPIService.o -index-unit-output-path /Firebase.build/Debug-iphoneos/FirebaseInstallations.build/Objects-normal/arm64/FIRInstallationsAPIService.o

CompileC /Users/emanuelflury/Library/Developer/Xcode/DerivedData/TaxedGmbH_IOS-gerngfqzuwudosgobknlgtoawnlj/Build/Intermediates.noindex/Firebase.build/Debug-iphoneos/FirebaseInstallations.build/Objects-normal/arm64/FIRInstallations.o /Users/emanuelflury/Library/Developer/Xcode/DerivedData/TaxedGmbH_IOS-gerngfqzuwudosgobknlgtoawnlj/SourcePackages/checkouts/firebase-ios-sdk/FirebaseInstallations/Source/Library/FIRInstallations.m normal arm64 objective-c com.apple.compilers.llvm.clang.1_0.compiler (in target 'FirebaseInstallations' from project 'Firebase')
    cd /Users/emanuelflury/github/TaxedGmbH_IOS/TaxedGmbH_IOS.xcodeproj
    
    Using response file: /Users/emanuelflury/Library/Developer/Xcode/DerivedData/TaxedGmbH_IOS-gerngfqzuwudosgobknlgtoawnlj/Build/Intermediates.noindex/Firebase.build/Debug-iphoneos/FirebaseInstallations.build/Objects-normal/arm64/e6072d4f65d7061329687fe24e3d63a7-common-args.resp
    
    /Applications/Xcode.app/Contents/Developer/Toolchains/XcodeDefault.xctoolchain/usr/bin/clang -x objective-c -ivfsstatcache /Users/emanuelflury/Library/Developer/Xcode/DerivedData/SDKStatCaches.noindex/iphoneos26.1-23B77-69b33fc7382b27d9b5d46e82a00f8e78.sdkstatcache -fmessage-length\=0 -fdiagnostics-show-note-include-stack -fmacro-backtrace-limit\=0 -fno-color-diagnostics -fmodules-prune-interval\=86400 -fmodules-prune-after\=345600 -fbuild-session-file\=/Users/emanuelflury/Library/Developer/Xcode/DerivedData/ModuleCache.noindex/Session.modulevalidation -fmodules-validate-once-per-build-session -Wnon-modular-include-in-framework-module -Werror\=non-modular-include-in-framework-module -Wno-trigraphs -Wno-missing-field-initializers -Wno-missing-prototypes -Wno-return-type -Wno-implicit-atomic-properties -Wno-objc-interface-ivars -Wno-arc-repeated-use-of-weak -Wno-missing-braces -Wparentheses -Wswitch -Wno-unused-function -Wno-unused-label -Wno-unused-parameter -Wno-unused-variable -Wunused-value -Wno-empty-body -Wno-uninitialized -Wno-unknown-pragmas -w -Wno-shadow -Wno-four-char-constants -Wno-conversion -Wno-constant-conversion -Wno-int-conversion -Wno-bool-conversion -Wno-enum-conversion -Wno-float-conversion -Wno-non-literal-null-conversion -Wno-objc-literal-conversion -Wshorten-64-to-32 -Wpointer-sign -Wno-newline-eof -Wno-selector -Wno-strict-selector-match -Wno-undeclared-selector -Wno-deprecated-implementations -Wno-implicit-fallthrough -fstrict-aliasing -Wprotocol -Wdeprecated-declarations -Wno-sign-conversion -Wno-infinite-recursion -Wno-comma -Wno-block-capture-autoreleasing -Wno-strict-prototypes -Wno-semicolon-before-method-body -index-store-path /Users/emanuelflury/Library/Developer/Xcode/DerivedData/TaxedGmbH_IOS-gerngfqzuwudosgobknlgtoawnlj/Index.noindex/DataStore @/Users/emanuelflury/Library/Developer/Xcode/DerivedData/TaxedGmbH_IOS-gerngfqzuwudosgobknlgtoawnlj/Build/Intermediates.noindex/Firebase.build/Debug-iphoneos/FirebaseInstallations.build/Objects-normal/arm64/e6072d4f65d7061329687fe24e3d63a7-common-args.resp -include /Users/emanuelflury/Library/Developer/Xcode/DerivedData/TaxedGmbH_IOS-gerngfqzuwudosgobknlgtoawnlj/Build/Intermediates.noindex/Firebase.build/Debug-iphoneos/FirebaseInstallations.build/DerivedSources/resource_bundle_accessor.h -MMD -MT dependencies -MF /Users/emanuelflury/Library/Developer/Xcode/DerivedData/TaxedGmbH_IOS-gerngfqzuwudosgobknlgtoawnlj/Build/Intermediates.noindex/Firebase.build/Debug-iphoneos/FirebaseInstallations.build/Objects-normal/arm64/FIRInstallations.d --serialize-diagnostics /Users/emanuelflury/Library/Developer/Xcode/DerivedData/TaxedGmbH_IOS-gerngfqzuwudosgobknlgtoawnlj/Build/Intermediates.noindex/Firebase.build/Debug-iphoneos/FirebaseInstallations.build/Objects-normal/arm64/FIRInstallations.dia -c /Users/emanuelflury/Library/Developer/Xcode/DerivedData/TaxedGmbH_IOS-gerngfqzuwudosgobknlgtoawnlj/SourcePackages/checkouts/firebase-ios-sdk/FirebaseInstallations/Source/Library/FIRInstallations.m -o /Users/emanuelflury/Library/Developer/Xcode/DerivedData/TaxedGmbH_IOS-gerngfqzuwudosgobknlgtoawnlj/Build/Intermediates.noindex/Firebase.build/Debug-iphoneos/FirebaseInstallations.build/Objects-normal/arm64/FIRInstallations.o -index-unit-output-path /Firebase.build/Debug-iphoneos/FirebaseInstallations.build/Objects-normal/arm64/FIRInstallations.o

ScanDependencies /Users/emanuelflury/Library/Developer/Xcode/DerivedData/TaxedGmbH_IOS-gerngfqzuwudosgobknlgtoawnlj/Build/Intermediates.noindex/Firebase.build/Debug-iphoneos/FirebaseInstallations.build/Objects-normal/arm64/FIRCurrentDateProvider.o /Users/emanuelflury/Library/Developer/Xcode/DerivedData/TaxedGmbH_IOS-gerngfqzuwudosgobknlgtoawnlj/SourcePackages/checkouts/firebase-ios-sdk/FirebaseInstallations/Source/Library/InstallationsIDController/FIRCurrentDateProvider.m normal arm64 objective-c com.apple.compilers.llvm.clang.1_0.compiler (in target 'FirebaseInstallations' from project 'Firebase')
    cd /Users/emanuelflury/github/TaxedGmbH_IOS/TaxedGmbH_IOS.xcodeproj
    
    Using response file: /Users/emanuelflury/Library/Developer/Xcode/DerivedData/TaxedGmbH_IOS-gerngfqzuwudosgobknlgtoawnlj/Build/Intermediates.noindex/Firebase.build/Debug-iphoneos/FirebaseInstallations.build/Objects-normal/arm64/e6072d4f65d7061329687fe24e3d63a7-common-args.resp
    
    builtin-ScanDependencies -o /Users/emanuelflury/Library/Developer/Xcode/DerivedData/TaxedGmbH_IOS-gerngfqzuwudosgobknlgtoawnlj/Build/Intermediates.noindex/Firebase.build/Debug-iphoneos/FirebaseInstallations.build/Objects-normal/arm64/FIRCurrentDateProvider.o.scan -- /Applications/Xcode.app/Contents/Developer/Toolchains/XcodeDefault.xctoolchain/usr/bin/clang -x objective-c -ivfsstatcache /Users/emanuelflury/Library/Developer/Xcode/DerivedData/SDKStatCaches.noindex/iphoneos26.1-23B77-69b33fc7382b27d9b5d46e82a00f8e78.sdkstatcache -fmessage-length\=0 -fdiagnostics-show-note-include-stack -fmacro-backtrace-limit\=0 -fno-color-diagnostics -fmodules-prune-interval\=86400 -fmodules-prune-after\=345600 -fbuild-session-file\=/Users/emanuelflury/Library/Developer/Xcode/DerivedData/ModuleCache.noindex/Session.modulevalidation -fmodules-validate-once-per-build-session -Wnon-modular-include-in-framework-module -Werror\=non-modular-include-in-framework-module -Wno-trigraphs -Wno-missing-field-initializers -Wno-missing-prototypes -Wno-return-type -Wno-implicit-atomic-properties -Wno-objc-interface-ivars -Wno-arc-repeated-use-of-weak -Wno-missing-braces -Wparentheses -Wswitch -Wno-unused-function -Wno-unused-label -Wno-unused-parameter -Wno-unused-variable -Wunused-value -Wno-empty-body -Wno-uninitialized -Wno-unknown-pragmas -w -Wno-shadow -Wno-four-char-constants -Wno-conversion -Wno-constant-conversion -Wno-int-conversion -Wno-bool-conversion -Wno-enum-conversion -Wno-float-conversion -Wno-non-literal-null-conversion -Wno-objc-literal-conversion -Wshorten-64-to-32 -Wpointer-sign -Wno-newline-eof -Wno-selector -Wno-strict-selector-match -Wno-undeclared-selector -Wno-deprecated-implementations -Wno-implicit-fallthrough -fstrict-aliasing -Wprotocol -Wdeprecated-declarations -Wno-sign-conversion -Wno-infinite-recursion -Wno-comma -Wno-block-capture-autoreleasing -Wno-strict-prototypes -Wno-semicolon-before-method-body -index-store-path /Users/emanuelflury/Library/Developer/Xcode/DerivedData/TaxedGmbH_IOS-gerngfqzuwudosgobknlgtoawnlj/Index.noindex/DataStore @/Users/emanuelflury/Library/Developer/Xcode/DerivedData/TaxedGmbH_IOS-gerngfqzuwudosgobknlgtoawnlj/Build/Intermediates.noindex/Firebase.build/Debug-iphoneos/FirebaseInstallations.build/Objects-normal/arm64/e6072d4f65d7061329687fe24e3d63a7-common-args.resp -include /Users/emanuelflury/Library/Developer/Xcode/DerivedData/TaxedGmbH_IOS-gerngfqzuwudosgobknlgtoawnlj/Build/Intermediates.noindex/Firebase.build/Debug-iphoneos/FirebaseInstallations.build/DerivedSources/resource_bundle_accessor.h -MMD -MT dependencies -MF /Users/emanuelflury/Library/Developer/Xcode/DerivedData/TaxedGmbH_IOS-gerngfqzuwudosgobknlgtoawnlj/Build/Intermediates.noindex/Firebase.build/Debug-iphoneos/FirebaseInstallations.build/Objects-normal/arm64/FIRCurrentDateProvider.d --serialize-diagnostics /Users/emanuelflury/Library/Developer/Xcode/DerivedData/TaxedGmbH_IOS-gerngfqzuwudosgobknlgtoawnlj/Build/Intermediates.noindex/Firebase.build/Debug-iphoneos/FirebaseInstallations.build/Objects-normal/arm64/FIRCurrentDateProvider.dia -c /Users/emanuelflury/Library/Developer/Xcode/DerivedData/TaxedGmbH_IOS-gerngfqzuwudosgobknlgtoawnlj/SourcePackages/checkouts/firebase-ios-sdk/FirebaseInstallations/Source/Library/InstallationsIDController/FIRCurrentDateProvider.m -o /Users/emanuelflury/Library/Developer/Xcode/DerivedData/TaxedGmbH_IOS-gerngfqzuwudosgobknlgtoawnlj/Build/Intermediates.noindex/Firebase.build/Debug-iphoneos/FirebaseInstallations.build/Objects-normal/arm64/FIRCurrentDateProvider.o -index-unit-output-path /Firebase.build/Debug-iphoneos/FirebaseInstallations.build/Objects-normal/arm64/FIRCurrentDateProvider.o

ScanDependencies /Users/emanuelflury/Library/Developer/Xcode/DerivedData/TaxedGmbH_IOS-gerngfqzuwudosgobknlgtoawnlj/Build/Intermediates.noindex/Firebase.build/Debug-iphoneos/FirebaseMessaging.build/Objects-normal/arm64/resource_bundle_accessor.o /Users/emanuelflury/Library/Developer/Xcode/DerivedData/TaxedGmbH_IOS-gerngfqzuwudosgobknlgtoawnlj/Build/Intermediates.noindex/Firebase.build/Debug-iphoneos/FirebaseMessaging.build/DerivedSources/resource_bundle_accessor.m normal arm64 objective-c com.apple.compilers.llvm.clang.1_0.compiler (in target 'FirebaseMessaging' from project 'Firebase')
    cd /Users/emanuelflury/github/TaxedGmbH_IOS/TaxedGmbH_IOS.xcodeproj
    
    Using response file: /Users/emanuelflury/Library/Developer/Xcode/DerivedData/TaxedGmbH_IOS-gerngfqzuwudosgobknlgtoawnlj/Build/Intermediates.noindex/Firebase.build/Debug-iphoneos/FirebaseMessaging.build/Objects-normal/arm64/e6072d4f65d7061329687fe24e3d63a7-common-args.resp
    
    builtin-ScanDependencies -o /Users/emanuelflury/Library/Developer/Xcode/DerivedData/TaxedGmbH_IOS-gerngfqzuwudosgobknlgtoawnlj/Build/Intermediates.noindex/Firebase.build/Debug-iphoneos/FirebaseMessaging.build/Objects-normal/arm64/resource_bundle_accessor.o.scan -- /Applications/Xcode.app/Contents/Developer/Toolchains/XcodeDefault.xctoolchain/usr/bin/clang -x objective-c -ivfsstatcache /Users/emanuelflury/Library/Developer/Xcode/DerivedData/SDKStatCaches.noindex/iphoneos26.1-23B77-69b33fc7382b27d9b5d46e82a00f8e78.sdkstatcache -fmessage-length\=0 -fdiagnostics-show-note-include-stack -fmacro-backtrace-limit\=0 -fno-color-diagnostics -fmodules-prune-interval\=86400 -fmodules-prune-after\=345600 -fbuild-session-file\=/Users/emanuelflury/Library/Developer/Xcode/DerivedData/ModuleCache.noindex/Session.modulevalidation -fmodules-validate-once-per-build-session -Wnon-modular-include-in-framework-module -Werror\=non-modular-include-in-framework-module -Wno-trigraphs -Wno-missing-field-initializers -Wno-missing-prototypes -Wno-return-type -Wno-implicit-atomic-properties -Wno-objc-interface-ivars -Wno-arc-repeated-use-of-weak -Wno-missing-braces -Wparentheses -Wswitch -Wno-unused-function -Wno-unused-label -Wno-unused-parameter -Wno-unused-variable -Wunused-value -Wno-empty-body -Wno-uninitialized -Wno-unknown-pragmas -w -Wno-shadow -Wno-four-char-constants -Wno-conversion -Wno-constant-conversion -Wno-int-conversion -Wno-bool-conversion -Wno-enum-conversion -Wno-float-conversion -Wno-non-literal-null-conversion -Wno-objc-literal-conversion -Wshorten-64-to-32 -Wpointer-sign -Wno-newline-eof -Wno-selector -Wno-strict-selector-match -Wno-undeclared-selector -Wno-deprecated-implementations -Wno-implicit-fallthrough -fstrict-aliasing -Wprotocol -Wdeprecated-declarations -Wno-sign-conversion -Wno-infinite-recursion -Wno-comma -Wno-block-capture-autoreleasing -Wno-strict-prototypes -Wno-semicolon-before-method-body -index-store-path /Users/emanuelflury/Library/Developer/Xcode/DerivedData/TaxedGmbH_IOS-gerngfqzuwudosgobknlgtoawnlj/Index.noindex/DataStore @/Users/emanuelflury/Library/Developer/Xcode/DerivedData/TaxedGmbH_IOS-gerngfqzuwudosgobknlgtoawnlj/Build/Intermediates.noindex/Firebase.build/Debug-iphoneos/FirebaseMessaging.build/Objects-normal/arm64/e6072d4f65d7061329687fe24e3d63a7-common-args.resp -include /Users/emanuelflury/Library/Developer/Xcode/DerivedData/TaxedGmbH_IOS-gerngfqzuwudosgobknlgtoawnlj/Build/Intermediates.noindex/Firebase.build/Debug-iphoneos/FirebaseMessaging.build/DerivedSources/resource_bundle_accessor.h -MMD -MT dependencies -MF /Users/emanuelflury/Library/Developer/Xcode/DerivedData/TaxedGmbH_IOS-gerngfqzuwudosgobknlgtoawnlj/Build/Intermediates.noindex/Firebase.build/Debug-iphoneos/FirebaseMessaging.build/Objects-normal/arm64/resource_bundle_accessor.d --serialize-diagnostics /Users/emanuelflury/Library/Developer/Xcode/DerivedData/TaxedGmbH_IOS-gerngfqzuwudosgobknlgtoawnlj/Build/Intermediates.noindex/Firebase.build/Debug-iphoneos/FirebaseMessaging.build/Objects-normal/arm64/resource_bundle_accessor.dia -c /Users/emanuelflury/Library/Developer/Xcode/DerivedData/TaxedGmbH_IOS-gerngfqzuwudosgobknlgtoawnlj/Build/Intermediates.noindex/Firebase.build/Debug-iphoneos/FirebaseMessaging.build/DerivedSources/resource_bundle_accessor.m -o /Users/emanuelflury/Library/Developer/Xcode/DerivedData/TaxedGmbH_IOS-gerngfqzuwudosgobknlgtoawnlj/Build/Intermediates.noindex/Firebase.build/Debug-iphoneos/FirebaseMessaging.build/Objects-normal/arm64/resource_bundle_accessor.o -index-unit-output-path /Firebase.build/Debug-iphoneos/FirebaseMessaging.build/Objects-normal/arm64/resource_bundle_accessor.o

ScanDependencies /Users/emanuelflury/Library/Developer/Xcode/DerivedData/TaxedGmbH_IOS-gerngfqzuwudosgobknlgtoawnlj/Build/Intermediates.noindex/Firebase.build/Debug-iphoneos/FirebaseMessaging.build/Objects-normal/arm64/me.nanopb.o /Users/emanuelflury/Library/Developer/Xcode/DerivedData/TaxedGmbH_IOS-gerngfqzuwudosgobknlgtoawnlj/SourcePackages/checkouts/firebase-ios-sdk/FirebaseMessaging/Sources/Protogen/nanopb/me.nanopb.c normal arm64 c com.apple.compilers.llvm.clang.1_0.compiler (in target 'FirebaseMessaging' from project 'Firebase')
    cd /Users/emanuelflury/github/TaxedGmbH_IOS/TaxedGmbH_IOS.xcodeproj
    
    Using response file: /Users/emanuelflury/Library/Developer/Xcode/DerivedData/TaxedGmbH_IOS-gerngfqzuwudosgobknlgtoawnlj/Build/Intermediates.noindex/Firebase.build/Debug-iphoneos/FirebaseMessaging.build/Objects-normal/arm64/7187679823f38a2a940e0043cdf9d637-common-args.resp
    
    builtin-ScanDependencies -o /Users/emanuelflury/Library/Developer/Xcode/DerivedData/TaxedGmbH_IOS-gerngfqzuwudosgobknlgtoawnlj/Build/Intermediates.noindex/Firebase.build/Debug-iphoneos/FirebaseMessaging.build/Objects-normal/arm64/me.nanopb.o.scan -- /Applications/Xcode.app/Contents/Developer/Toolchains/XcodeDefault.xctoolchain/usr/bin/clang -x c -ivfsstatcache /Users/emanuelflury/Library/Developer/Xcode/DerivedData/SDKStatCaches.noindex/iphoneos26.1-23B77-69b33fc7382b27d9b5d46e82a00f8e78.sdkstatcache -fmessage-length\=0 -fdiagnostics-show-note-include-stack -fmacro-backtrace-limit\=0 -fno-color-diagnostics -fmodules-prune-interval\=86400 -fmodules-prune-after\=345600 -fbuild-session-file\=/Users/emanuelflury/Library/Developer/Xcode/DerivedData/ModuleCache.noindex/Session.modulevalidation -fmodules-validate-once-per-build-session -Wnon-modular-include-in-framework-module -Werror\=non-modular-include-in-framework-module -Wno-trigraphs -Wno-missing-field-initializers -Wno-missing-prototypes -Wno-return-type -Wno-missing-braces -Wparentheses -Wswitch -Wno-unused-function -Wno-unused-label -Wno-unused-parameter -Wno-unused-variable -Wunused-value -Wno-empty-body -Wno-uninitialized -Wno-unknown-pragmas -w -Wno-shadow -Wno-four-char-constants -Wno-conversion -Wno-constant-conversion -Wno-int-conversion -Wno-bool-conversion -Wno-enum-conversion -Wno-float-conversion -Wno-non-literal-null-conversion -Wno-objc-literal-conversion -Wshorten-64-to-32 -Wpointer-sign -Wno-newline-eof -Wno-implicit-fallthrough -fstrict-aliasing -Wdeprecated-declarations -Wno-sign-conversion -Wno-infinite-recursion -Wno-comma -Wno-block-capture-autoreleasing -Wno-strict-prototypes -Wno-semicolon-before-method-body -index-store-path /Users/emanuelflury/Library/Developer/Xcode/DerivedData/TaxedGmbH_IOS-gerngfqzuwudosgobknlgtoawnlj/Index.noindex/DataStore @/Users/emanuelflury/Library/Developer/Xcode/DerivedData/TaxedGmbH_IOS-gerngfqzuwudosgobknlgtoawnlj/Build/Intermediates.noindex/Firebase.build/Debug-iphoneos/FirebaseMessaging.build/Objects-normal/arm64/7187679823f38a2a940e0043cdf9d637-common-args.resp -MMD -MT dependencies -MF /Users/emanuelflury/Library/Developer/Xcode/DerivedData/TaxedGmbH_IOS-gerngfqzuwudosgobknlgtoawnlj/Build/Intermediates.noindex/Firebase.build/Debug-iphoneos/FirebaseMessaging.build/Objects-normal/arm64/me.nanopb.d --serialize-diagnostics /Users/emanuelflury/Library/Developer/Xcode/DerivedData/TaxedGmbH_IOS-gerngfqzuwudosgobknlgtoawnlj/Build/Intermediates.noindex/Firebase.build/Debug-iphoneos/FirebaseMessaging.build/Objects-normal/arm64/me.nanopb.dia -c /Users/emanuelflury/Library/Developer/Xcode/DerivedData/TaxedGmbH_IOS-gerngfqzuwudosgobknlgtoawnlj/SourcePackages/checkouts/firebase-ios-sdk/FirebaseMessaging/Sources/Protogen/nanopb/me.nanopb.c -o /Users/emanuelflury/Library/Developer/Xcode/DerivedData/TaxedGmbH_IOS-gerngfqzuwudosgobknlgtoawnlj/Build/Intermediates.noindex/Firebase.build/Debug-iphoneos/FirebaseMessaging.build/Objects-normal/arm64/me.nanopb.o -index-unit-output-path /Firebase.build/Debug-iphoneos/FirebaseMessaging.build/Objects-normal/arm64/me.nanopb.o

ScanDependencies /Users/emanuelflury/Library/Developer/Xcode/DerivedData/TaxedGmbH_IOS-gerngfqzuwudosgobknlgtoawnlj/Build/Intermediates.noindex/Firebase.build/Debug-iphoneos/FirebaseMessaging.build/Objects-normal/arm64/NSError+FIRMessaging.o /Users/emanuelflury/Library/Developer/Xcode/DerivedData/TaxedGmbH_IOS-gerngfqzuwudosgobknlgtoawnlj/SourcePackages/checkouts/firebase-ios-sdk/FirebaseMessaging/Sources/NSError+FIRMessaging.m normal arm64 objective-c com.apple.compilers.llvm.clang.1_0.compiler (in target 'FirebaseMessaging' from project 'Firebase')
    cd /Users/emanuelflury/github/TaxedGmbH_IOS/TaxedGmbH_IOS.xcodeproj
    
    Using response file: /Users/emanuelflury/Library/Developer/Xcode/DerivedData/TaxedGmbH_IOS-gerngfqzuwudosgobknlgtoawnlj/Build/Intermediates.noindex/Firebase.build/Debug-iphoneos/FirebaseMessaging.build/Objects-normal/arm64/e6072d4f65d7061329687fe24e3d63a7-common-args.resp
    
    builtin-ScanDependencies -o /Users/emanuelflury/Library/Developer/Xcode/DerivedData/TaxedGmbH_IOS-gerngfqzuwudosgobknlgtoawnlj/Build/Intermediates.noindex/Firebase.build/Debug-iphoneos/FirebaseMessaging.build/Objects-normal/arm64/NSError+FIRMessaging.o.scan -- /Applications/Xcode.app/Contents/Developer/Toolchains/XcodeDefault.xctoolchain/usr/bin/clang -x objective-c -ivfsstatcache /Users/emanuelflury/Library/Developer/Xcode/DerivedData/SDKStatCaches.noindex/iphoneos26.1-23B77-69b33fc7382b27d9b5d46e82a00f8e78.sdkstatcache -fmessage-length\=0 -fdiagnostics-show-note-include-stack -fmacro-backtrace-limit\=0 -fno-color-diagnostics -fmodules-prune-interval\=86400 -fmodules-prune-after\=345600 -fbuild-session-file\=/Users/emanuelflury/Library/Developer/Xcode/DerivedData/ModuleCache.noindex/Session.modulevalidation -fmodules-validate-once-per-build-session -Wnon-modular-include-in-framework-module -Werror\=non-modular-include-in-framework-module -Wno-trigraphs -Wno-missing-field-initializers -Wno-missing-prototypes -Wno-return-type -Wno-implicit-atomic-properties -Wno-objc-interface-ivars -Wno-arc-repeated-use-of-weak -Wno-missing-braces -Wparentheses -Wswitch -Wno-unused-function -Wno-unused-label -Wno-unused-parameter -Wno-unused-variable -Wunused-value -Wno-empty-body -Wno-uninitialized -Wno-unknown-pragmas -w -Wno-shadow -Wno-four-char-constants -Wno-conversion -Wno-constant-conversion -Wno-int-conversion -Wno-bool-conversion -Wno-enum-conversion -Wno-float-conversion -Wno-non-literal-null-conversion -Wno-objc-literal-conversion -Wshorten-64-to-32 -Wpointer-sign -Wno-newline-eof -Wno-selector -Wno-strict-selector-match -Wno-undeclared-selector -Wno-deprecated-implementations -Wno-implicit-fallthrough -fstrict-aliasing -Wprotocol -Wdeprecated-declarations -Wno-sign-conversion -Wno-infinite-recursion -Wno-comma -Wno-block-capture-autoreleasing -Wno-strict-prototypes -Wno-semicolon-before-method-body -index-store-path /Users/emanuelflury/Library/Developer/Xcode/DerivedData/TaxedGmbH_IOS-gerngfqzuwudosgobknlgtoawnlj/Index.noindex/DataStore @/Users/emanuelflury/Library/Developer/Xcode/DerivedData/TaxedGmbH_IOS-gerngfqzuwudosgobknlgtoawnlj/Build/Intermediates.noindex/Firebase.build/Debug-iphoneos/FirebaseMessaging.build/Objects-normal/arm64/e6072d4f65d7061329687fe24e3d63a7-common-args.resp -include /Users/emanuelflury/Library/Developer/Xcode/DerivedData/TaxedGmbH_IOS-gerngfqzuwudosgobknlgtoawnlj/Build/Intermediates.noindex/Firebase.build/Debug-iphoneos/FirebaseMessaging.build/DerivedSources/resource_bundle_accessor.h -MMD -MT dependencies -MF /Users/emanuelflury/Library/Developer/Xcode/DerivedData/TaxedGmbH_IOS-gerngfqzuwudosgobknlgtoawnlj/Build/Intermediates.noindex/Firebase.build/Debug-iphoneos/FirebaseMessaging.build/Objects-normal/arm64/NSError+FIRMessaging.d --serialize-diagnostics /Users/emanuelflury/Library/Developer/Xcode/DerivedData/TaxedGmbH_IOS-gerngfqzuwudosgobknlgtoawnlj/Build/Intermediates.noindex/Firebase.build/Debug-iphoneos/FirebaseMessaging.build/Objects-normal/arm64/NSError+FIRMessaging.dia -c /Users/emanuelflury/Library/Developer/Xcode/DerivedData/TaxedGmbH_IOS-gerngfqzuwudosgobknlgtoawnlj/SourcePackages/checkouts/firebase-ios-sdk/FirebaseMessaging/Sources/NSError+FIRMessaging.m -o /Users/emanuelflury/Library/Developer/Xcode/DerivedData/TaxedGmbH_IOS-gerngfqzuwudosgobknlgtoawnlj/Build/Intermediates.noindex/Firebase.build/Debug-iphoneos/FirebaseMessaging.build/Objects-normal/arm64/NSError+FIRMessaging.o -index-unit-output-path /Firebase.build/Debug-iphoneos/FirebaseMessaging.build/Objects-normal/arm64/NSError+FIRMessaging.o

CompileC /Users/emanuelflury/Library/Developer/Xcode/DerivedData/TaxedGmbH_IOS-gerngfqzuwudosgobknlgtoawnlj/Build/Intermediates.noindex/Firebase.build/Debug-iphoneos/FirebaseInstallations.build/Objects-normal/arm64/FIRCurrentDateProvider.o /Users/emanuelflury/Library/Developer/Xcode/DerivedData/TaxedGmbH_IOS-gerngfqzuwudosgobknlgtoawnlj/SourcePackages/checkouts/firebase-ios-sdk/FirebaseInstallations/Source/Library/InstallationsIDController/FIRCurrentDateProvider.m normal arm64 objective-c com.apple.compilers.llvm.clang.1_0.compiler (in target 'FirebaseInstallations' from project 'Firebase')
    cd /Users/emanuelflury/github/TaxedGmbH_IOS/TaxedGmbH_IOS.xcodeproj
    
    Using response file: /Users/emanuelflury/Library/Developer/Xcode/DerivedData/TaxedGmbH_IOS-gerngfqzuwudosgobknlgtoawnlj/Build/Intermediates.noindex/Firebase.build/Debug-iphoneos/FirebaseInstallations.build/Objects-normal/arm64/e6072d4f65d7061329687fe24e3d63a7-common-args.resp
    
    /Applications/Xcode.app/Contents/Developer/Toolchains/XcodeDefault.xctoolchain/usr/bin/clang -x objective-c -ivfsstatcache /Users/emanuelflury/Library/Developer/Xcode/DerivedData/SDKStatCaches.noindex/iphoneos26.1-23B77-69b33fc7382b27d9b5d46e82a00f8e78.sdkstatcache -fmessage-length\=0 -fdiagnostics-show-note-include-stack -fmacro-backtrace-limit\=0 -fno-color-diagnostics -fmodules-prune-interval\=86400 -fmodules-prune-after\=345600 -fbuild-session-file\=/Users/emanuelflury/Library/Developer/Xcode/DerivedData/ModuleCache.noindex/Session.modulevalidation -fmodules-validate-once-per-build-session -Wnon-modular-include-in-framework-module -Werror\=non-modular-include-in-framework-module -Wno-trigraphs -Wno-missing-field-initializers -Wno-missing-prototypes -Wno-return-type -Wno-implicit-atomic-properties -Wno-objc-interface-ivars -Wno-arc-repeated-use-of-weak -Wno-missing-braces -Wparentheses -Wswitch -Wno-unused-function -Wno-unused-label -Wno-unused-parameter -Wno-unused-variable -Wunused-value -Wno-empty-body -Wno-uninitialized -Wno-unknown-pragmas -w -Wno-shadow -Wno-four-char-constants -Wno-conversion -Wno-constant-conversion -Wno-int-conversion -Wno-bool-conversion -Wno-enum-conversion -Wno-float-conversion -Wno-non-literal-null-conversion -Wno-objc-literal-conversion -Wshorten-64-to-32 -Wpointer-sign -Wno-newline-eof -Wno-selector -Wno-strict-selector-match -Wno-undeclared-selector -Wno-deprecated-implementations -Wno-implicit-fallthrough -fstrict-aliasing -Wprotocol -Wdeprecated-declarations -Wno-sign-conversion -Wno-infinite-recursion -Wno-comma -Wno-block-capture-autoreleasing -Wno-strict-prototypes -Wno-semicolon-before-method-body -index-store-path /Users/emanuelflury/Library/Developer/Xcode/DerivedData/TaxedGmbH_IOS-gerngfqzuwudosgobknlgtoawnlj/Index.noindex/DataStore @/Users/emanuelflury/Library/Developer/Xcode/DerivedData/TaxedGmbH_IOS-gerngfqzuwudosgobknlgtoawnlj/Build/Intermediates.noindex/Firebase.build/Debug-iphoneos/FirebaseInstallations.build/Objects-normal/arm64/e6072d4f65d7061329687fe24e3d63a7-common-args.resp -include /Users/emanuelflury/Library/Developer/Xcode/DerivedData/TaxedGmbH_IOS-gerngfqzuwudosgobknlgtoawnlj/Build/Intermediates.noindex/Firebase.build/Debug-iphoneos/FirebaseInstallations.build/DerivedSources/resource_bundle_accessor.h -MMD -MT dependencies -MF /Users/emanuelflury/Library/Developer/Xcode/DerivedData/TaxedGmbH_IOS-gerngfqzuwudosgobknlgtoawnlj/Build/Intermediates.noindex/Firebase.build/Debug-iphoneos/FirebaseInstallations.build/Objects-normal/arm64/FIRCurrentDateProvider.d --serialize-diagnostics /Users/emanuelflury/Library/Developer/Xcode/DerivedData/TaxedGmbH_IOS-gerngfqzuwudosgobknlgtoawnlj/Build/Intermediates.noindex/Firebase.build/Debug-iphoneos/FirebaseInstallations.build/Objects-normal/arm64/FIRCurrentDateProvider.dia -c /Users/emanuelflury/Library/Developer/Xcode/DerivedData/TaxedGmbH_IOS-gerngfqzuwudosgobknlgtoawnlj/SourcePackages/checkouts/firebase-ios-sdk/FirebaseInstallations/Source/Library/InstallationsIDController/FIRCurrentDateProvider.m -o /Users/emanuelflury/Library/Developer/Xcode/DerivedData/TaxedGmbH_IOS-gerngfqzuwudosgobknlgtoawnlj/Build/Intermediates.noindex/Firebase.build/Debug-iphoneos/FirebaseInstallations.build/Objects-normal/arm64/FIRCurrentDateProvider.o -index-unit-output-path /Firebase.build/Debug-iphoneos/FirebaseInstallations.build/Objects-normal/arm64/FIRCurrentDateProvider.o

CompileC /Users/emanuelflury/Library/Developer/Xcode/DerivedData/TaxedGmbH_IOS-gerngfqzuwudosgobknlgtoawnlj/Build/Intermediates.noindex/GoogleUtilities.build/Debug-iphoneos/GoogleUtilities-Environment.build/Objects-normal/arm64/GULAppEnvironmentUtil.o /Users/emanuelflury/Library/Developer/Xcode/DerivedData/TaxedGmbH_IOS-gerngfqzuwudosgobknlgtoawnlj/SourcePackages/checkouts/GoogleUtilities/GoogleUtilities/Environment/GULAppEnvironmentUtil.m normal arm64 objective-c com.apple.compilers.llvm.clang.1_0.compiler (in target 'GoogleUtilities-Environment' from project 'GoogleUtilities')
    cd /Users/emanuelflury/github/TaxedGmbH_IOS/TaxedGmbH_IOS.xcodeproj
    
    Using response file: /Users/emanuelflury/Library/Developer/Xcode/DerivedData/TaxedGmbH_IOS-gerngfqzuwudosgobknlgtoawnlj/Build/Intermediates.noindex/GoogleUtilities.build/Debug-iphoneos/GoogleUtilities-Environment.build/Objects-normal/arm64/e6072d4f65d7061329687fe24e3d63a7-common-args.resp
    
    /Applications/Xcode.app/Contents/Developer/Toolchains/XcodeDefault.xctoolchain/usr/bin/clang -x objective-c -ivfsstatcache /Users/emanuelflury/Library/Developer/Xcode/DerivedData/SDKStatCaches.noindex/iphoneos26.1-23B77-69b33fc7382b27d9b5d46e82a00f8e78.sdkstatcache -fmessage-length\=0 -fdiagnostics-show-note-include-stack -fmacro-backtrace-limit\=0 -fno-color-diagnostics -fmodules-prune-interval\=86400 -fmodules-prune-after\=345600 -fbuild-session-file\=/Users/emanuelflury/Library/Developer/Xcode/DerivedData/ModuleCache.noindex/Session.modulevalidation -fmodules-validate-once-per-build-session -Wnon-modular-include-in-framework-module -Werror\=non-modular-include-in-framework-module -Wno-trigraphs -Wno-missing-field-initializers -Wno-missing-prototypes -Wno-return-type -Wno-implicit-atomic-properties -Wno-objc-interface-ivars -Wno-arc-repeated-use-of-weak -Wno-missing-braces -Wparentheses -Wswitch -Wno-unused-function -Wno-unused-label -Wno-unused-parameter -Wno-unused-variable -Wunused-value -Wno-empty-body -Wno-uninitialized -Wno-unknown-pragmas -w -Wno-shadow -Wno-four-char-constants -Wno-conversion -Wno-constant-conversion -Wno-int-conversion -Wno-bool-conversion -Wno-enum-conversion -Wno-float-conversion -Wno-non-literal-null-conversion -Wno-objc-literal-conversion -Wshorten-64-to-32 -Wpointer-sign -Wno-newline-eof -Wno-selector -Wno-strict-selector-match -Wno-undeclared-selector -Wno-deprecated-implementations -Wno-implicit-fallthrough -fstrict-aliasing -Wprotocol -Wdeprecated-declarations -Wno-sign-conversion -Wno-infinite-recursion -Wno-comma -Wno-block-capture-autoreleasing -Wno-strict-prototypes -Wno-semicolon-before-method-body -index-store-path /Users/emanuelflury/Library/Developer/Xcode/DerivedData/TaxedGmbH_IOS-gerngfqzuwudosgobknlgtoawnlj/Index.noindex/DataStore @/Users/emanuelflury/Library/Developer/Xcode/DerivedData/TaxedGmbH_IOS-gerngfqzuwudosgobknlgtoawnlj/Build/Intermediates.noindex/GoogleUtilities.build/Debug-iphoneos/GoogleUtilities-Environment.build/Objects-normal/arm64/e6072d4f65d7061329687fe24e3d63a7-common-args.resp -include /Users/emanuelflury/Library/Developer/Xcode/DerivedData/TaxedGmbH_IOS-gerngfqzuwudosgobknlgtoawnlj/Build/Intermediates.noindex/GoogleUtilities.build/Debug-iphoneos/GoogleUtilities-Environment.build/DerivedSources/resource_bundle_accessor.h -MMD -MT dependencies -MF /Users/emanuelflury/Library/Developer/Xcode/DerivedData/TaxedGmbH_IOS-gerngfqzuwudosgobknlgtoawnlj/Build/Intermediates.noindex/GoogleUtilities.build/Debug-iphoneos/GoogleUtilities-Environment.build/Objects-normal/arm64/GULAppEnvironmentUtil.d --serialize-diagnostics /Users/emanuelflury/Library/Developer/Xcode/DerivedData/TaxedGmbH_IOS-gerngfqzuwudosgobknlgtoawnlj/Build/Intermediates.noindex/GoogleUtilities.build/Debug-iphoneos/GoogleUtilities-Environment.build/Objects-normal/arm64/GULAppEnvironmentUtil.dia -c /Users/emanuelflury/Library/Developer/Xcode/DerivedData/TaxedGmbH_IOS-gerngfqzuwudosgobknlgtoawnlj/SourcePackages/checkouts/GoogleUtilities/GoogleUtilities/Environment/GULAppEnvironmentUtil.m -o /Users/emanuelflury/Library/Developer/Xcode/DerivedData/TaxedGmbH_IOS-gerngfqzuwudosgobknlgtoawnlj/Build/Intermediates.noindex/GoogleUtilities.build/Debug-iphoneos/GoogleUtilities-Environment.build/Objects-normal/arm64/GULAppEnvironmentUtil.o -index-unit-output-path /GoogleUtilities.build/Debug-iphoneos/GoogleUtilities-Environment.build/Objects-normal/arm64/GULAppEnvironmentUtil.o

CompileC /Users/emanuelflury/Library/Developer/Xcode/DerivedData/TaxedGmbH_IOS-gerngfqzuwudosgobknlgtoawnlj/Build/Intermediates.noindex/GoogleUtilities.build/Debug-iphoneos/GoogleUtilities-AppDelegateSwizzler.build/Objects-normal/arm64/GULSceneDelegateSwizzler.o /Users/emanuelflury/Library/Developer/Xcode/DerivedData/TaxedGmbH_IOS-gerngfqzuwudosgobknlgtoawnlj/SourcePackages/checkouts/GoogleUtilities/GoogleUtilities/AppDelegateSwizzler/GULSceneDelegateSwizzler.m normal arm64 objective-c com.apple.compilers.llvm.clang.1_0.compiler (in target 'GoogleUtilities-AppDelegateSwizzler' from project 'GoogleUtilities')
    cd /Users/emanuelflury/github/TaxedGmbH_IOS/TaxedGmbH_IOS.xcodeproj
    
    Using response file: /Users/emanuelflury/Library/Developer/Xcode/DerivedData/TaxedGmbH_IOS-gerngfqzuwudosgobknlgtoawnlj/Build/Intermediates.noindex/GoogleUtilities.build/Debug-iphoneos/GoogleUtilities-AppDelegateSwizzler.build/Objects-normal/arm64/e6072d4f65d7061329687fe24e3d63a7-common-args.resp
    
    /Applications/Xcode.app/Contents/Developer/Toolchains/XcodeDefault.xctoolchain/usr/bin/clang -x objective-c -ivfsstatcache /Users/emanuelflury/Library/Developer/Xcode/DerivedData/SDKStatCaches.noindex/iphoneos26.1-23B77-69b33fc7382b27d9b5d46e82a00f8e78.sdkstatcache -fmessage-length\=0 -fdiagnostics-show-note-include-stack -fmacro-backtrace-limit\=0 -fno-color-diagnostics -fmodules-prune-interval\=86400 -fmodules-prune-after\=345600 -fbuild-session-file\=/Users/emanuelflury/Library/Developer/Xcode/DerivedData/ModuleCache.noindex/Session.modulevalidation -fmodules-validate-once-per-build-session -Wnon-modular-include-in-framework-module -Werror\=non-modular-include-in-framework-module -Wno-trigraphs -Wno-missing-field-initializers -Wno-missing-prototypes -Wno-return-type -Wno-implicit-atomic-properties -Wno-objc-interface-ivars -Wno-arc-repeated-use-of-weak -Wno-missing-braces -Wparentheses -Wswitch -Wno-unused-function -Wno-unused-label -Wno-unused-parameter -Wno-unused-variable -Wunused-value -Wno-empty-body -Wno-uninitialized -Wno-unknown-pragmas -w -Wno-shadow -Wno-four-char-constants -Wno-conversion -Wno-constant-conversion -Wno-int-conversion -Wno-bool-conversion -Wno-enum-conversion -Wno-float-conversion -Wno-non-literal-null-conversion -Wno-objc-literal-conversion -Wshorten-64-to-32 -Wpointer-sign -Wno-newline-eof -Wno-selector -Wno-strict-selector-match -Wno-undeclared-selector -Wno-deprecated-implementations -Wno-implicit-fallthrough -fstrict-aliasing -Wprotocol -Wdeprecated-declarations -Wno-sign-conversion -Wno-infinite-recursion -Wno-comma -Wno-block-capture-autoreleasing -Wno-strict-prototypes -Wno-semicolon-before-method-body -index-store-path /Users/emanuelflury/Library/Developer/Xcode/DerivedData/TaxedGmbH_IOS-gerngfqzuwudosgobknlgtoawnlj/Index.noindex/DataStore @/Users/emanuelflury/Library/Developer/Xcode/DerivedData/TaxedGmbH_IOS-gerngfqzuwudosgobknlgtoawnlj/Build/Intermediates.noindex/GoogleUtilities.build/Debug-iphoneos/GoogleUtilities-AppDelegateSwizzler.build/Objects-normal/arm64/e6072d4f65d7061329687fe24e3d63a7-common-args.resp -include /Users/emanuelflury/Library/Developer/Xcode/DerivedData/TaxedGmbH_IOS-gerngfqzuwudosgobknlgtoawnlj/Build/Intermediates.noindex/GoogleUtilities.build/Debug-iphoneos/GoogleUtilities-AppDelegateSwizzler.build/DerivedSources/resource_bundle_accessor.h -MMD -MT dependencies -MF /Users/emanuelflury/Library/Developer/Xcode/DerivedData/TaxedGmbH_IOS-gerngfqzuwudosgobknlgtoawnlj/Build/Intermediates.noindex/GoogleUtilities.build/Debug-iphoneos/GoogleUtilities-AppDelegateSwizzler.build/Objects-normal/arm64/GULSceneDelegateSwizzler.d --serialize-diagnostics /Users/emanuelflury/Library/Developer/Xcode/DerivedData/TaxedGmbH_IOS-gerngfqzuwudosgobknlgtoawnlj/Build/Intermediates.noindex/GoogleUtilities.build/Debug-iphoneos/GoogleUtilities-AppDelegateSwizzler.build/Objects-normal/arm64/GULSceneDelegateSwizzler.dia -c /Users/emanuelflury/Library/Developer/Xcode/DerivedData/TaxedGmbH_IOS-gerngfqzuwudosgobknlgtoawnlj/SourcePackages/checkouts/GoogleUtilities/GoogleUtilities/AppDelegateSwizzler/GULSceneDelegateSwizzler.m -o /Users/emanuelflury/Library/Developer/Xcode/DerivedData/TaxedGmbH_IOS-gerngfqzuwudosgobknlgtoawnlj/Build/Intermediates.noindex/GoogleUtilities.build/Debug-iphoneos/GoogleUtilities-AppDelegateSwizzler.build/Objects-normal/arm64/GULSceneDelegateSwizzler.o -index-unit-output-path /GoogleUtilities.build/Debug-iphoneos/GoogleUtilities-AppDelegateSwizzler.build/Objects-normal/arm64/GULSceneDelegateSwizzler.o

CompileC /Users/emanuelflury/Library/Developer/Xcode/DerivedData/TaxedGmbH_IOS-gerngfqzuwudosgobknlgtoawnlj/Build/Intermediates.noindex/GoogleUtilities.build/Debug-iphoneos/GoogleUtilities-AppDelegateSwizzler.build/Objects-normal/arm64/GULAppDelegateSwizzler.o /Users/emanuelflury/Library/Developer/Xcode/DerivedData/TaxedGmbH_IOS-gerngfqzuwudosgobknlgtoawnlj/SourcePackages/checkouts/GoogleUtilities/GoogleUtilities/AppDelegateSwizzler/GULAppDelegateSwizzler.m normal arm64 objective-c com.apple.compilers.llvm.clang.1_0.compiler (in target 'GoogleUtilities-AppDelegateSwizzler' from project 'GoogleUtilities')
    cd /Users/emanuelflury/github/TaxedGmbH_IOS/TaxedGmbH_IOS.xcodeproj
    
    Using response file: /Users/emanuelflury/Library/Developer/Xcode/DerivedData/TaxedGmbH_IOS-gerngfqzuwudosgobknlgtoawnlj/Build/Intermediates.noindex/GoogleUtilities.build/Debug-iphoneos/GoogleUtilities-AppDelegateSwizzler.build/Objects-normal/arm64/e6072d4f65d7061329687fe24e3d63a7-common-args.resp
    
    /Applications/Xcode.app/Contents/Developer/Toolchains/XcodeDefault.xctoolchain/usr/bin/clang -x objective-c -ivfsstatcache /Users/emanuelflury/Library/Developer/Xcode/DerivedData/SDKStatCaches.noindex/iphoneos26.1-23B77-69b33fc7382b27d9b5d46e82a00f8e78.sdkstatcache -fmessage-length\=0 -fdiagnostics-show-note-include-stack -fmacro-backtrace-limit\=0 -fno-color-diagnostics -fmodules-prune-interval\=86400 -fmodules-prune-after\=345600 -fbuild-session-file\=/Users/emanuelflury/Library/Developer/Xcode/DerivedData/ModuleCache.noindex/Session.modulevalidation -fmodules-validate-once-per-build-session -Wnon-modular-include-in-framework-module -Werror\=non-modular-include-in-framework-module -Wno-trigraphs -Wno-missing-field-initializers -Wno-missing-prototypes -Wno-return-type -Wno-implicit-atomic-properties -Wno-objc-interface-ivars -Wno-arc-repeated-use-of-weak -Wno-missing-braces -Wparentheses -Wswitch -Wno-unused-function -Wno-unused-label -Wno-unused-parameter -Wno-unused-variable -Wunused-value -Wno-empty-body -Wno-uninitialized -Wno-unknown-pragmas -w -Wno-shadow -Wno-four-char-constants -Wno-conversion -Wno-constant-conversion -Wno-int-conversion -Wno-bool-conversion -Wno-enum-conversion -Wno-float-conversion -Wno-non-literal-null-conversion -Wno-objc-literal-conversion -Wshorten-64-to-32 -Wpointer-sign -Wno-newline-eof -Wno-selector -Wno-strict-selector-match -Wno-undeclared-selector -Wno-deprecated-implementations -Wno-implicit-fallthrough -fstrict-aliasing -Wprotocol -Wdeprecated-declarations -Wno-sign-conversion -Wno-infinite-recursion -Wno-comma -Wno-block-capture-autoreleasing -Wno-strict-prototypes -Wno-semicolon-before-method-body -index-store-path /Users/emanuelflury/Library/Developer/Xcode/DerivedData/TaxedGmbH_IOS-gerngfqzuwudosgobknlgtoawnlj/Index.noindex/DataStore @/Users/emanuelflury/Library/Developer/Xcode/DerivedData/TaxedGmbH_IOS-gerngfqzuwudosgobknlgtoawnlj/Build/Intermediates.noindex/GoogleUtilities.build/Debug-iphoneos/GoogleUtilities-AppDelegateSwizzler.build/Objects-normal/arm64/e6072d4f65d7061329687fe24e3d63a7-common-args.resp -include /Users/emanuelflury/Library/Developer/Xcode/DerivedData/TaxedGmbH_IOS-gerngfqzuwudosgobknlgtoawnlj/Build/Intermediates.noindex/GoogleUtilities.build/Debug-iphoneos/GoogleUtilities-AppDelegateSwizzler.build/DerivedSources/resource_bundle_accessor.h -MMD -MT dependencies -MF /Users/emanuelflury/Library/Developer/Xcode/DerivedData/TaxedGmbH_IOS-gerngfqzuwudosgobknlgtoawnlj/Build/Intermediates.noindex/GoogleUtilities.build/Debug-iphoneos/GoogleUtilities-AppDelegateSwizzler.build/Objects-normal/arm64/GULAppDelegateSwizzler.d --serialize-diagnostics /Users/emanuelflury/Library/Developer/Xcode/DerivedData/TaxedGmbH_IOS-gerngfqzuwudosgobknlgtoawnlj/Build/Intermediates.noindex/GoogleUtilities.build/Debug-iphoneos/GoogleUtilities-AppDelegateSwizzler.build/Objects-normal/arm64/GULAppDelegateSwizzler.dia -c /Users/emanuelflury/Library/Developer/Xcode/DerivedData/TaxedGmbH_IOS-gerngfqzuwudosgobknlgtoawnlj/SourcePackages/checkouts/GoogleUtilities/GoogleUtilities/AppDelegateSwizzler/GULAppDelegateSwizzler.m -o /Users/emanuelflury/Library/Developer/Xcode/DerivedData/TaxedGmbH_IOS-gerngfqzuwudosgobknlgtoawnlj/Build/Intermediates.noindex/GoogleUtilities.build/Debug-iphoneos/GoogleUtilities-AppDelegateSwizzler.build/Objects-normal/arm64/GULAppDelegateSwizzler.o -index-unit-output-path /GoogleUtilities.build/Debug-iphoneos/GoogleUtilities-AppDelegateSwizzler.build/Objects-normal/arm64/GULAppDelegateSwizzler.o

ScanDependencies /Users/emanuelflury/Library/Developer/Xcode/DerivedData/TaxedGmbH_IOS-gerngfqzuwudosgobknlgtoawnlj/Build/Intermediates.noindex/Firebase.build/Debug-iphoneos/FirebaseMessaging.build/Objects-normal/arm64/NSDictionary+FIRMessaging.o /Users/emanuelflury/Library/Developer/Xcode/DerivedData/TaxedGmbH_IOS-gerngfqzuwudosgobknlgtoawnlj/SourcePackages/checkouts/firebase-ios-sdk/FirebaseMessaging/Sources/NSDictionary+FIRMessaging.m normal arm64 objective-c com.apple.compilers.llvm.clang.1_0.compiler (in target 'FirebaseMessaging' from project 'Firebase')
    cd /Users/emanuelflury/github/TaxedGmbH_IOS/TaxedGmbH_IOS.xcodeproj
    
    Using response file: /Users/emanuelflury/Library/Developer/Xcode/DerivedData/TaxedGmbH_IOS-gerngfqzuwudosgobknlgtoawnlj/Build/Intermediates.noindex/Firebase.build/Debug-iphoneos/FirebaseMessaging.build/Objects-normal/arm64/e6072d4f65d7061329687fe24e3d63a7-common-args.resp
    
    builtin-ScanDependencies -o /Users/emanuelflury/Library/Developer/Xcode/DerivedData/TaxedGmbH_IOS-gerngfqzuwudosgobknlgtoawnlj/Build/Intermediates.noindex/Firebase.build/Debug-iphoneos/FirebaseMessaging.build/Objects-normal/arm64/NSDictionary+FIRMessaging.o.scan -- /Applications/Xcode.app/Contents/Developer/Toolchains/XcodeDefault.xctoolchain/usr/bin/clang -x objective-c -ivfsstatcache /Users/emanuelflury/Library/Developer/Xcode/DerivedData/SDKStatCaches.noindex/iphoneos26.1-23B77-69b33fc7382b27d9b5d46e82a00f8e78.sdkstatcache -fmessage-length\=0 -fdiagnostics-show-note-include-stack -fmacro-backtrace-limit\=0 -fno-color-diagnostics -fmodules-prune-interval\=86400 -fmodules-prune-after\=345600 -fbuild-session-file\=/Users/emanuelflury/Library/Developer/Xcode/DerivedData/ModuleCache.noindex/Session.modulevalidation -fmodules-validate-once-per-build-session -Wnon-modular-include-in-framework-module -Werror\=non-modular-include-in-framework-module -Wno-trigraphs -Wno-missing-field-initializers -Wno-missing-prototypes -Wno-return-type -Wno-implicit-atomic-properties -Wno-objc-interface-ivars -Wno-arc-repeated-use-of-weak -Wno-missing-braces -Wparentheses -Wswitch -Wno-unused-function -Wno-unused-label -Wno-unused-parameter -Wno-unused-variable -Wunused-value -Wno-empty-body -Wno-uninitialized -Wno-unknown-pragmas -w -Wno-shadow -Wno-four-char-constants -Wno-conversion -Wno-constant-conversion -Wno-int-conversion -Wno-bool-conversion -Wno-enum-conversion -Wno-float-conversion -Wno-non-literal-null-conversion -Wno-objc-literal-conversion -Wshorten-64-to-32 -Wpointer-sign -Wno-newline-eof -Wno-selector -Wno-strict-selector-match -Wno-undeclared-selector -Wno-deprecated-implementations -Wno-implicit-fallthrough -fstrict-aliasing -Wprotocol -Wdeprecated-declarations -Wno-sign-conversion -Wno-infinite-recursion -Wno-comma -Wno-block-capture-autoreleasing -Wno-strict-prototypes -Wno-semicolon-before-method-body -index-store-path /Users/emanuelflury/Library/Developer/Xcode/DerivedData/TaxedGmbH_IOS-gerngfqzuwudosgobknlgtoawnlj/Index.noindex/DataStore @/Users/emanuelflury/Library/Developer/Xcode/DerivedData/TaxedGmbH_IOS-gerngfqzuwudosgobknlgtoawnlj/Build/Intermediates.noindex/Firebase.build/Debug-iphoneos/FirebaseMessaging.build/Objects-normal/arm64/e6072d4f65d7061329687fe24e3d63a7-common-args.resp -include /Users/emanuelflury/Library/Developer/Xcode/DerivedData/TaxedGmbH_IOS-gerngfqzuwudosgobknlgtoawnlj/Build/Intermediates.noindex/Firebase.build/Debug-iphoneos/FirebaseMessaging.build/DerivedSources/resource_bundle_accessor.h -MMD -MT dependencies -MF /Users/emanuelflury/Library/Developer/Xcode/DerivedData/TaxedGmbH_IOS-gerngfqzuwudosgobknlgtoawnlj/Build/Intermediates.noindex/Firebase.build/Debug-iphoneos/FirebaseMessaging.build/Objects-normal/arm64/NSDictionary+FIRMessaging.d --serialize-diagnostics /Users/emanuelflury/Library/Developer/Xcode/DerivedData/TaxedGmbH_IOS-gerngfqzuwudosgobknlgtoawnlj/Build/Intermediates.noindex/Firebase.build/Debug-iphoneos/FirebaseMessaging.build/Objects-normal/arm64/NSDictionary+FIRMessaging.dia -c /Users/emanuelflury/Library/Developer/Xcode/DerivedData/TaxedGmbH_IOS-gerngfqzuwudosgobknlgtoawnlj/SourcePackages/checkouts/firebase-ios-sdk/FirebaseMessaging/Sources/NSDictionary+FIRMessaging.m -o /Users/emanuelflury/Library/Developer/Xcode/DerivedData/TaxedGmbH_IOS-gerngfqzuwudosgobknlgtoawnlj/Build/Intermediates.noindex/Firebase.build/Debug-iphoneos/FirebaseMessaging.build/Objects-normal/arm64/NSDictionary+FIRMessaging.o -index-unit-output-path /Firebase.build/Debug-iphoneos/FirebaseMessaging.build/Objects-normal/arm64/NSDictionary+FIRMessaging.o

PrecompileModule /Users/emanuelflury/Library/Developer/Xcode/DerivedData/TaxedGmbH_IOS-gerngfqzuwudosgobknlgtoawnlj/Build/Intermediates.noindex/ExplicitPrecompiledModules/_AvailabilityInternal-BDBP59B3KL05F8ZKRZX0TM6J.scan
    cd /
    builtin-precompileModule /Users/emanuelflury/Library/Developer/Xcode/DerivedData/TaxedGmbH_IOS-gerngfqzuwudosgobknlgtoawnlj/Build/Intermediates.noindex/ExplicitPrecompiledModules/_AvailabilityInternal-BDBP59B3KL05F8ZKRZX0TM6J.scan

PrecompileModule /Users/emanuelflury/Library/Developer/Xcode/DerivedData/TaxedGmbH_IOS-gerngfqzuwudosgobknlgtoawnlj/Build/Intermediates.noindex/ExplicitPrecompiledModules/_Builtin_stdbool-5JXCR7J00I2O4BJPQHFWRT9GH.scan
    cd /
    builtin-precompileModule /Users/emanuelflury/Library/Developer/Xcode/DerivedData/TaxedGmbH_IOS-gerngfqzuwudosgobknlgtoawnlj/Build/Intermediates.noindex/ExplicitPrecompiledModules/_Builtin_stdbool-5JXCR7J00I2O4BJPQHFWRT9GH.scan

PrecompileModule /Users/emanuelflury/Library/Developer/Xcode/DerivedData/TaxedGmbH_IOS-gerngfqzuwudosgobknlgtoawnlj/Build/Intermediates.noindex/ExplicitPrecompiledModules/ptrcheck-98F8V8AWAVT9DW7GV4LO38BGI.scan
    cd /
    builtin-precompileModule /Users/emanuelflury/Library/Developer/Xcode/DerivedData/TaxedGmbH_IOS-gerngfqzuwudosgobknlgtoawnlj/Build/Intermediates.noindex/ExplicitPrecompiledModules/ptrcheck-98F8V8AWAVT9DW7GV4LO38BGI.scan

PrecompileModule /Users/emanuelflury/Library/Developer/Xcode/DerivedData/TaxedGmbH_IOS-gerngfqzuwudosgobknlgtoawnlj/Build/Intermediates.noindex/ExplicitPrecompiledModules/ptrcheck-AH56Y86YNI83FRA92IMOLOU62.scan
    cd /
    builtin-precompileModule /Users/emanuelflury/Library/Developer/Xcode/DerivedData/TaxedGmbH_IOS-gerngfqzuwudosgobknlgtoawnlj/Build/Intermediates.noindex/ExplicitPrecompiledModules/ptrcheck-AH56Y86YNI83FRA92IMOLOU62.scan

PrecompileModule /Users/emanuelflury/Library/Developer/Xcode/DerivedData/TaxedGmbH_IOS-gerngfqzuwudosgobknlgtoawnlj/Build/Intermediates.noindex/ExplicitPrecompiledModules/_AvailabilityInternal-DQC6M2UZOE58IT4ZZ63BXDU9N.scan
    cd /
    builtin-precompileModule /Users/emanuelflury/Library/Developer/Xcode/DerivedData/TaxedGmbH_IOS-gerngfqzuwudosgobknlgtoawnlj/Build/Intermediates.noindex/ExplicitPrecompiledModules/_AvailabilityInternal-DQC6M2UZOE58IT4ZZ63BXDU9N.scan

PrecompileModule /Users/emanuelflury/Library/Developer/Xcode/DerivedData/TaxedGmbH_IOS-gerngfqzuwudosgobknlgtoawnlj/Build/Intermediates.noindex/ExplicitPrecompiledModules/_Builtin_float-493OFBG1MY6R3GA38APFNEQII.scan
    cd /
    builtin-precompileModule /Users/emanuelflury/Library/Developer/Xcode/DerivedData/TaxedGmbH_IOS-gerngfqzuwudosgobknlgtoawnlj/Build/Intermediates.noindex/ExplicitPrecompiledModules/_Builtin_float-493OFBG1MY6R3GA38APFNEQII.scan

PrecompileModule /Users/emanuelflury/Library/Developer/Xcode/DerivedData/TaxedGmbH_IOS-gerngfqzuwudosgobknlgtoawnlj/Build/Intermediates.noindex/ExplicitPrecompiledModules/ptrauth-935QDID9PSJB272ZH9TZFOVDC.scan
    cd /
    builtin-precompileModule /Users/emanuelflury/Library/Developer/Xcode/DerivedData/TaxedGmbH_IOS-gerngfqzuwudosgobknlgtoawnlj/Build/Intermediates.noindex/ExplicitPrecompiledModules/ptrauth-935QDID9PSJB272ZH9TZFOVDC.scan

PrecompileModule /Users/emanuelflury/Library/Developer/Xcode/DerivedData/TaxedGmbH_IOS-gerngfqzuwudosgobknlgtoawnlj/Build/Intermediates.noindex/ExplicitPrecompiledModules/CoreVideo-S103ECG3Z17F3Q9EJRHC97W5.scan
    cd /
    builtin-precompileModule /Users/emanuelflury/Library/Developer/Xcode/DerivedData/TaxedGmbH_IOS-gerngfqzuwudosgobknlgtoawnlj/Build/Intermediates.noindex/ExplicitPrecompiledModules/CoreVideo-S103ECG3Z17F3Q9EJRHC97W5.scan

PrecompileModule /Users/emanuelflury/Library/Developer/Xcode/DerivedData/TaxedGmbH_IOS-gerngfqzuwudosgobknlgtoawnlj/Build/Intermediates.noindex/ExplicitPrecompiledModules/_Builtin_stddef-C00HUMXZ0ZMV6QF150RPLBM7X.scan
    cd /
    builtin-precompileModule /Users/emanuelflury/Library/Developer/Xcode/DerivedData/TaxedGmbH_IOS-gerngfqzuwudosgobknlgtoawnlj/Build/Intermediates.noindex/ExplicitPrecompiledModules/_Builtin_stddef-C00HUMXZ0ZMV6QF150RPLBM7X.scan

PrecompileModule /Users/emanuelflury/Library/Developer/Xcode/DerivedData/TaxedGmbH_IOS-gerngfqzuwudosgobknlgtoawnlj/Build/Intermediates.noindex/ExplicitPrecompiledModules/_Builtin_stdbool-8XT1ZT9QE9FBJACYNZ2DXF80X.scan
    cd /
    builtin-precompileModule /Users/emanuelflury/Library/Developer/Xcode/DerivedData/TaxedGmbH_IOS-gerngfqzuwudosgobknlgtoawnlj/Build/Intermediates.noindex/ExplicitPrecompiledModules/_Builtin_stdbool-8XT1ZT9QE9FBJACYNZ2DXF80X.scan

PrecompileModule /Users/emanuelflury/Library/Developer/Xcode/DerivedData/TaxedGmbH_IOS-gerngfqzuwudosgobknlgtoawnlj/Build/Intermediates.noindex/ExplicitPrecompiledModules/_Builtin_stdarg-D7ZJJI4HNSD0NWOV3315LL8FC.scan
    cd /
    builtin-precompileModule /Users/emanuelflury/Library/Developer/Xcode/DerivedData/TaxedGmbH_IOS-gerngfqzuwudosgobknlgtoawnlj/Build/Intermediates.noindex/ExplicitPrecompiledModules/_Builtin_stdarg-D7ZJJI4HNSD0NWOV3315LL8FC.scan

PrecompileModule /Users/emanuelflury/Library/Developer/Xcode/DerivedData/TaxedGmbH_IOS-gerngfqzuwudosgobknlgtoawnlj/Build/Intermediates.noindex/ExplicitPrecompiledModules/_Builtin_stdarg-5NFXQKKVUM4PY09BMWA99PA2T.scan
    cd /
    builtin-precompileModule /Users/emanuelflury/Library/Developer/Xcode/DerivedData/TaxedGmbH_IOS-gerngfqzuwudosgobknlgtoawnlj/Build/Intermediates.noindex/ExplicitPrecompiledModules/_Builtin_stdarg-5NFXQKKVUM4PY09BMWA99PA2T.scan

PrecompileModule /Users/emanuelflury/Library/Developer/Xcode/DerivedData/TaxedGmbH_IOS-gerngfqzuwudosgobknlgtoawnlj/Build/Intermediates.noindex/ExplicitPrecompiledModules/_DarwinFoundation1-1HA54TU7PIWNZ11X2MC8ZX54L.scan
    cd /
    builtin-precompileModule /Users/emanuelflury/Library/Developer/Xcode/DerivedData/TaxedGmbH_IOS-gerngfqzuwudosgobknlgtoawnlj/Build/Intermediates.noindex/ExplicitPrecompiledModules/_DarwinFoundation1-1HA54TU7PIWNZ11X2MC8ZX54L.scan

Ld /Users/emanuelflury/Library/Developer/Xcode/DerivedData/TaxedGmbH_IOS-gerngfqzuwudosgobknlgtoawnlj/Build/Products/Debug-iphoneos/GoogleUtilities-Environment.o normal (in target 'GoogleUtilities-Environment' from project 'GoogleUtilities')
    cd /Users/emanuelflury/Library/Developer/Xcode/DerivedData/TaxedGmbH_IOS-gerngfqzuwudosgobknlgtoawnlj/SourcePackages/checkouts/GoogleUtilities
    /Applications/Xcode.app/Contents/Developer/Toolchains/XcodeDefault.xctoolchain/usr/bin/clang -Xlinker -reproducible -target arm64-apple-ios12.0 -r -isysroot /Applications/Xcode.app/Contents/Developer/Platforms/iPhoneOS.platform/Developer/SDKs/iPhoneOS26.1.sdk -O0 -w -L/Users/emanuelflury/Library/Developer/Xcode/DerivedData/TaxedGmbH_IOS-gerngfqzuwudosgobknlgtoawnlj/Build/Intermediates.noindex/EagerLinkingTBDs/Debug-iphoneos -L/Users/emanuelflury/Library/Developer/Xcode/DerivedData/TaxedGmbH_IOS-gerngfqzuwudosgobknlgtoawnlj/Build/Products/Debug-iphoneos -L/Applications/Xcode.app/Contents/Developer/Platforms/iPhoneOS.platform/Developer/usr/lib -F/Users/emanuelflury/Library/Developer/Xcode/DerivedData/TaxedGmbH_IOS-gerngfqzuwudosgobknlgtoawnlj/Build/Intermediates.noindex/EagerLinkingTBDs/Debug-iphoneos -F/Users/emanuelflury/Library/Developer/Xcode/DerivedData/TaxedGmbH_IOS-gerngfqzuwudosgobknlgtoawnlj/Build/Products/Debug-iphoneos/PackageFrameworks -F/Users/emanuelflury/Library/Developer/Xcode/DerivedData/TaxedGmbH_IOS-gerngfqzuwudosgobknlgtoawnlj/Build/Products/Debug-iphoneos -iframework /Applications/Xcode.app/Contents/Developer/Platforms/iPhoneOS.platform/Developer/Library/Frameworks -iframework /Applications/Xcode.app/Contents/Developer/Platforms/iPhoneOS.platform/Developer/SDKs/iPhoneOS26.1.sdk/Developer/Library/Frameworks -filelist /Users/emanuelflury/Library/Developer/Xcode/DerivedData/TaxedGmbH_IOS-gerngfqzuwudosgobknlgtoawnlj/Build/Intermediates.noindex/GoogleUtilities.build/Debug-iphoneos/GoogleUtilities-Environment.build/Objects-normal/arm64/GoogleUtilities-Environment.LinkFileList -nostdlib -Xlinker -object_path_lto -Xlinker /Users/emanuelflury/Library/Developer/Xcode/DerivedData/TaxedGmbH_IOS-gerngfqzuwudosgobknlgtoawnlj/Build/Intermediates.noindex/GoogleUtilities.build/Debug-iphoneos/GoogleUtilities-Environment.build/Objects-normal/arm64/GoogleUtilities-Environment_lto.o -rdynamic -Xlinker -no_deduplicate -Xlinker -debug_variant -Xlinker -dependency_info -Xlinker /Users/emanuelflury/Library/Developer/Xcode/DerivedData/TaxedGmbH_IOS-gerngfqzuwudosgobknlgtoawnlj/Build/Intermediates.noindex/GoogleUtilities.build/Debug-iphoneos/GoogleUtilities-Environment.build/Objects-normal/arm64/GoogleUtilities-Environment_dependency_info.dat -fobjc-arc -fobjc-link-runtime -o /Users/emanuelflury/Library/Developer/Xcode/DerivedData/TaxedGmbH_IOS-gerngfqzuwudosgobknlgtoawnlj/Build/Products/Debug-iphoneos/GoogleUtilities-Environment.o

PrecompileModule /Users/emanuelflury/Library/Developer/Xcode/DerivedData/TaxedGmbH_IOS-gerngfqzuwudosgobknlgtoawnlj/Build/Intermediates.noindex/ExplicitPrecompiledModules/_Builtin_stddef-E4CC14IPPOZR9UE8I2F28OFHV.scan
    cd /
    builtin-precompileModule /Users/emanuelflury/Library/Developer/Xcode/DerivedData/TaxedGmbH_IOS-gerngfqzuwudosgobknlgtoawnlj/Build/Intermediates.noindex/ExplicitPrecompiledModules/_Builtin_stddef-E4CC14IPPOZR9UE8I2F28OFHV.scan

PrecompileModule /Users/emanuelflury/Library/Developer/Xcode/DerivedData/TaxedGmbH_IOS-gerngfqzuwudosgobknlgtoawnlj/Build/Intermediates.noindex/ExplicitPrecompiledModules/_DarwinFoundation1-E67QNWL6R266HVOB2B9L1LRPB.scan
    cd /
    builtin-precompileModule /Users/emanuelflury/Library/Developer/Xcode/DerivedData/TaxedGmbH_IOS-gerngfqzuwudosgobknlgtoawnlj/Build/Intermediates.noindex/ExplicitPrecompiledModules/_DarwinFoundation1-E67QNWL6R266HVOB2B9L1LRPB.scan

ScanDependencies /Users/emanuelflury/Library/Developer/Xcode/DerivedData/TaxedGmbH_IOS-gerngfqzuwudosgobknlgtoawnlj/Build/Intermediates.noindex/Firebase.build/Debug-iphoneos/FirebaseMessaging.build/Objects-normal/arm64/FIRMessagingUtilities.o /Users/emanuelflury/Library/Developer/Xcode/DerivedData/TaxedGmbH_IOS-gerngfqzuwudosgobknlgtoawnlj/SourcePackages/checkouts/firebase-ios-sdk/FirebaseMessaging/Sources/FIRMessagingUtilities.m normal arm64 objective-c com.apple.compilers.llvm.clang.1_0.compiler (in target 'FirebaseMessaging' from project 'Firebase')
    cd /Users/emanuelflury/github/TaxedGmbH_IOS/TaxedGmbH_IOS.xcodeproj
    
    Using response file: /Users/emanuelflury/Library/Developer/Xcode/DerivedData/TaxedGmbH_IOS-gerngfqzuwudosgobknlgtoawnlj/Build/Intermediates.noindex/Firebase.build/Debug-iphoneos/FirebaseMessaging.build/Objects-normal/arm64/e6072d4f65d7061329687fe24e3d63a7-common-args.resp
    
    builtin-ScanDependencies -o /Users/emanuelflury/Library/Developer/Xcode/DerivedData/TaxedGmbH_IOS-gerngfqzuwudosgobknlgtoawnlj/Build/Intermediates.noindex/Firebase.build/Debug-iphoneos/FirebaseMessaging.build/Objects-normal/arm64/FIRMessagingUtilities.o.scan -- /Applications/Xcode.app/Contents/Developer/Toolchains/XcodeDefault.xctoolchain/usr/bin/clang -x objective-c -ivfsstatcache /Users/emanuelflury/Library/Developer/Xcode/DerivedData/SDKStatCaches.noindex/iphoneos26.1-23B77-69b33fc7382b27d9b5d46e82a00f8e78.sdkstatcache -fmessage-length\=0 -fdiagnostics-show-note-include-stack -fmacro-backtrace-limit\=0 -fno-color-diagnostics -fmodules-prune-interval\=86400 -fmodules-prune-after\=345600 -fbuild-session-file\=/Users/emanuelflury/Library/Developer/Xcode/DerivedData/ModuleCache.noindex/Session.modulevalidation -fmodules-validate-once-per-build-session -Wnon-modular-include-in-framework-module -Werror\=non-modular-include-in-framework-module -Wno-trigraphs -Wno-missing-field-initializers -Wno-missing-prototypes -Wno-return-type -Wno-implicit-atomic-properties -Wno-objc-interface-ivars -Wno-arc-repeated-use-of-weak -Wno-missing-braces -Wparentheses -Wswitch -Wno-unused-function -Wno-unused-label -Wno-unused-parameter -Wno-unused-variable -Wunused-value -Wno-empty-body -Wno-uninitialized -Wno-unknown-pragmas -w -Wno-shadow -Wno-four-char-constants -Wno-conversion -Wno-constant-conversion -Wno-int-conversion -Wno-bool-conversion -Wno-enum-conversion -Wno-float-conversion -Wno-non-literal-null-conversion -Wno-objc-literal-conversion -Wshorten-64-to-32 -Wpointer-sign -Wno-newline-eof -Wno-selector -Wno-strict-selector-match -Wno-undeclared-selector -Wno-deprecated-implementations -Wno-implicit-fallthrough -fstrict-aliasing -Wprotocol -Wdeprecated-declarations -Wno-sign-conversion -Wno-infinite-recursion -Wno-comma -Wno-block-capture-autoreleasing -Wno-strict-prototypes -Wno-semicolon-before-method-body -index-store-path /Users/emanuelflury/Library/Developer/Xcode/DerivedData/TaxedGmbH_IOS-gerngfqzuwudosgobknlgtoawnlj/Index.noindex/DataStore @/Users/emanuelflury/Library/Developer/Xcode/DerivedData/TaxedGmbH_IOS-gerngfqzuwudosgobknlgtoawnlj/Build/Intermediates.noindex/Firebase.build/Debug-iphoneos/FirebaseMessaging.build/Objects-normal/arm64/e6072d4f65d7061329687fe24e3d63a7-common-args.resp -include /Users/emanuelflury/Library/Developer/Xcode/DerivedData/TaxedGmbH_IOS-gerngfqzuwudosgobknlgtoawnlj/Build/Intermediates.noindex/Firebase.build/Debug-iphoneos/FirebaseMessaging.build/DerivedSources/resource_bundle_accessor.h -MMD -MT dependencies -MF /Users/emanuelflury/Library/Developer/Xcode/DerivedData/TaxedGmbH_IOS-gerngfqzuwudosgobknlgtoawnlj/Build/Intermediates.noindex/Firebase.build/Debug-iphoneos/FirebaseMessaging.build/Objects-normal/arm64/FIRMessagingUtilities.d --serialize-diagnostics /Users/emanuelflury/Library/Developer/Xcode/DerivedData/TaxedGmbH_IOS-gerngfqzuwudosgobknlgtoawnlj/Build/Intermediates.noindex/Firebase.build/Debug-iphoneos/FirebaseMessaging.build/Objects-normal/arm64/FIRMessagingUtilities.dia -c /Users/emanuelflury/Library/Developer/Xcode/DerivedData/TaxedGmbH_IOS-gerngfqzuwudosgobknlgtoawnlj/SourcePackages/checkouts/firebase-ios-sdk/FirebaseMessaging/Sources/FIRMessagingUtilities.m -o /Users/emanuelflury/Library/Developer/Xcode/DerivedData/TaxedGmbH_IOS-gerngfqzuwudosgobknlgtoawnlj/Build/Intermediates.noindex/Firebase.build/Debug-iphoneos/FirebaseMessaging.build/Objects-normal/arm64/FIRMessagingUtilities.o -index-unit-output-path /Firebase.build/Debug-iphoneos/FirebaseMessaging.build/Objects-normal/arm64/FIRMessagingUtilities.o

ScanDependencies /Users/emanuelflury/Library/Developer/Xcode/DerivedData/TaxedGmbH_IOS-gerngfqzuwudosgobknlgtoawnlj/Build/Intermediates.noindex/Firebase.build/Debug-iphoneos/FirebaseMessaging.build/Objects-normal/arm64/FIRMessagingTopicOperation.o /Users/emanuelflury/Library/Developer/Xcode/DerivedData/TaxedGmbH_IOS-gerngfqzuwudosgobknlgtoawnlj/SourcePackages/checkouts/firebase-ios-sdk/FirebaseMessaging/Sources/FIRMessagingTopicOperation.m normal arm64 objective-c com.apple.compilers.llvm.clang.1_0.compiler (in target 'FirebaseMessaging' from project 'Firebase')
    cd /Users/emanuelflury/github/TaxedGmbH_IOS/TaxedGmbH_IOS.xcodeproj
    
    Using response file: /Users/emanuelflury/Library/Developer/Xcode/DerivedData/TaxedGmbH_IOS-gerngfqzuwudosgobknlgtoawnlj/Build/Intermediates.noindex/Firebase.build/Debug-iphoneos/FirebaseMessaging.build/Objects-normal/arm64/e6072d4f65d7061329687fe24e3d63a7-common-args.resp
    
    builtin-ScanDependencies -o /Users/emanuelflury/Library/Developer/Xcode/DerivedData/TaxedGmbH_IOS-gerngfqzuwudosgobknlgtoawnlj/Build/Intermediates.noindex/Firebase.build/Debug-iphoneos/FirebaseMessaging.build/Objects-normal/arm64/FIRMessagingTopicOperation.o.scan -- /Applications/Xcode.app/Contents/Developer/Toolchains/XcodeDefault.xctoolchain/usr/bin/clang -x objective-c -ivfsstatcache /Users/emanuelflury/Library/Developer/Xcode/DerivedData/SDKStatCaches.noindex/iphoneos26.1-23B77-69b33fc7382b27d9b5d46e82a00f8e78.sdkstatcache -fmessage-length\=0 -fdiagnostics-show-note-include-stack -fmacro-backtrace-limit\=0 -fno-color-diagnostics -fmodules-prune-interval\=86400 -fmodules-prune-after\=345600 -fbuild-session-file\=/Users/emanuelflury/Library/Developer/Xcode/DerivedData/ModuleCache.noindex/Session.modulevalidation -fmodules-validate-once-per-build-session -Wnon-modular-include-in-framework-module -Werror\=non-modular-include-in-framework-module -Wno-trigraphs -Wno-missing-field-initializers -Wno-missing-prototypes -Wno-return-type -Wno-implicit-atomic-properties -Wno-objc-interface-ivars -Wno-arc-repeated-use-of-weak -Wno-missing-braces -Wparentheses -Wswitch -Wno-unused-function -Wno-unused-label -Wno-unused-parameter -Wno-unused-variable -Wunused-value -Wno-empty-body -Wno-uninitialized -Wno-unknown-pragmas -w -Wno-shadow -Wno-four-char-constants -Wno-conversion -Wno-constant-conversion -Wno-int-conversion -Wno-bool-conversion -Wno-enum-conversion -Wno-float-conversion -Wno-non-literal-null-conversion -Wno-objc-literal-conversion -Wshorten-64-to-32 -Wpointer-sign -Wno-newline-eof -Wno-selector -Wno-strict-selector-match -Wno-undeclared-selector -Wno-deprecated-implementations -Wno-implicit-fallthrough -fstrict-aliasing -Wprotocol -Wdeprecated-declarations -Wno-sign-conversion -Wno-infinite-recursion -Wno-comma -Wno-block-capture-autoreleasing -Wno-strict-prototypes -Wno-semicolon-before-method-body -index-store-path /Users/emanuelflury/Library/Developer/Xcode/DerivedData/TaxedGmbH_IOS-gerngfqzuwudosgobknlgtoawnlj/Index.noindex/DataStore @/Users/emanuelflury/Library/Developer/Xcode/DerivedData/TaxedGmbH_IOS-gerngfqzuwudosgobknlgtoawnlj/Build/Intermediates.noindex/Firebase.build/Debug-iphoneos/FirebaseMessaging.build/Objects-normal/arm64/e6072d4f65d7061329687fe24e3d63a7-common-args.resp -include /Users/emanuelflury/Library/Developer/Xcode/DerivedData/TaxedGmbH_IOS-gerngfqzuwudosgobknlgtoawnlj/Build/Intermediates.noindex/Firebase.build/Debug-iphoneos/FirebaseMessaging.build/DerivedSources/resource_bundle_accessor.h -MMD -MT dependencies -MF /Users/emanuelflury/Library/Developer/Xcode/DerivedData/TaxedGmbH_IOS-gerngfqzuwudosgobknlgtoawnlj/Build/Intermediates.noindex/Firebase.build/Debug-iphoneos/FirebaseMessaging.build/Objects-normal/arm64/FIRMessagingTopicOperation.d --serialize-diagnostics /Users/emanuelflury/Library/Developer/Xcode/DerivedData/TaxedGmbH_IOS-gerngfqzuwudosgobknlgtoawnlj/Build/Intermediates.noindex/Firebase.build/Debug-iphoneos/FirebaseMessaging.build/Objects-normal/arm64/FIRMessagingTopicOperation.dia -c /Users/emanuelflury/Library/Developer/Xcode/DerivedData/TaxedGmbH_IOS-gerngfqzuwudosgobknlgtoawnlj/SourcePackages/checkouts/firebase-ios-sdk/FirebaseMessaging/Sources/FIRMessagingTopicOperation.m -o /Users/emanuelflury/Library/Developer/Xcode/DerivedData/TaxedGmbH_IOS-gerngfqzuwudosgobknlgtoawnlj/Build/Intermediates.noindex/Firebase.build/Debug-iphoneos/FirebaseMessaging.build/Objects-normal/arm64/FIRMessagingTopicOperation.o -index-unit-output-path /Firebase.build/Debug-iphoneos/FirebaseMessaging.build/Objects-normal/arm64/FIRMessagingTopicOperation.o

ScanDependencies /Users/emanuelflury/Library/Developer/Xcode/DerivedData/TaxedGmbH_IOS-gerngfqzuwudosgobknlgtoawnlj/Build/Intermediates.noindex/Firebase.build/Debug-iphoneos/FirebaseMessaging.build/Objects-normal/arm64/FIRMessagingTokenStore.o /Users/emanuelflury/Library/Developer/Xcode/DerivedData/TaxedGmbH_IOS-gerngfqzuwudosgobknlgtoawnlj/SourcePackages/checkouts/firebase-ios-sdk/FirebaseMessaging/Sources/Token/FIRMessagingTokenStore.m normal arm64 objective-c com.apple.compilers.llvm.clang.1_0.compiler (in target 'FirebaseMessaging' from project 'Firebase')
    cd /Users/emanuelflury/github/TaxedGmbH_IOS/TaxedGmbH_IOS.xcodeproj
    
    Using response file: /Users/emanuelflury/Library/Developer/Xcode/DerivedData/TaxedGmbH_IOS-gerngfqzuwudosgobknlgtoawnlj/Build/Intermediates.noindex/Firebase.build/Debug-iphoneos/FirebaseMessaging.build/Objects-normal/arm64/e6072d4f65d7061329687fe24e3d63a7-common-args.resp
    
    builtin-ScanDependencies -o /Users/emanuelflury/Library/Developer/Xcode/DerivedData/TaxedGmbH_IOS-gerngfqzuwudosgobknlgtoawnlj/Build/Intermediates.noindex/Firebase.build/Debug-iphoneos/FirebaseMessaging.build/Objects-normal/arm64/FIRMessagingTokenStore.o.scan -- /Applications/Xcode.app/Contents/Developer/Toolchains/XcodeDefault.xctoolchain/usr/bin/clang -x objective-c -ivfsstatcache /Users/emanuelflury/Library/Developer/Xcode/DerivedData/SDKStatCaches.noindex/iphoneos26.1-23B77-69b33fc7382b27d9b5d46e82a00f8e78.sdkstatcache -fmessage-length\=0 -fdiagnostics-show-note-include-stack -fmacro-backtrace-limit\=0 -fno-color-diagnostics -fmodules-prune-interval\=86400 -fmodules-prune-after\=345600 -fbuild-session-file\=/Users/emanuelflury/Library/Developer/Xcode/DerivedData/ModuleCache.noindex/Session.modulevalidation -fmodules-validate-once-per-build-session -Wnon-modular-include-in-framework-module -Werror\=non-modular-include-in-framework-module -Wno-trigraphs -Wno-missing-field-initializers -Wno-missing-prototypes -Wno-return-type -Wno-implicit-atomic-properties -Wno-objc-interface-ivars -Wno-arc-repeated-use-of-weak -Wno-missing-braces -Wparentheses -Wswitch -Wno-unused-function -Wno-unused-label -Wno-unused-parameter -Wno-unused-variable -Wunused-value -Wno-empty-body -Wno-uninitialized -Wno-unknown-pragmas -w -Wno-shadow -Wno-four-char-constants -Wno-conversion -Wno-constant-conversion -Wno-int-conversion -Wno-bool-conversion -Wno-enum-conversion -Wno-float-conversion -Wno-non-literal-null-conversion -Wno-objc-literal-conversion -Wshorten-64-to-32 -Wpointer-sign -Wno-newline-eof -Wno-selector -Wno-strict-selector-match -Wno-undeclared-selector -Wno-deprecated-implementations -Wno-implicit-fallthrough -fstrict-aliasing -Wprotocol -Wdeprecated-declarations -Wno-sign-conversion -Wno-infinite-recursion -Wno-comma -Wno-block-capture-autoreleasing -Wno-strict-prototypes -Wno-semicolon-before-method-body -index-store-path /Users/emanuelflury/Library/Developer/Xcode/DerivedData/TaxedGmbH_IOS-gerngfqzuwudosgobknlgtoawnlj/Index.noindex/DataStore @/Users/emanuelflury/Library/Developer/Xcode/DerivedData/TaxedGmbH_IOS-gerngfqzuwudosgobknlgtoawnlj/Build/Intermediates.noindex/Firebase.build/Debug-iphoneos/FirebaseMessaging.build/Objects-normal/arm64/e6072d4f65d7061329687fe24e3d63a7-common-args.resp -include /Users/emanuelflury/Library/Developer/Xcode/DerivedData/TaxedGmbH_IOS-gerngfqzuwudosgobknlgtoawnlj/Build/Intermediates.noindex/Firebase.build/Debug-iphoneos/FirebaseMessaging.build/DerivedSources/resource_bundle_accessor.h -MMD -MT dependencies -MF /Users/emanuelflury/Library/Developer/Xcode/DerivedData/TaxedGmbH_IOS-gerngfqzuwudosgobknlgtoawnlj/Build/Intermediates.noindex/Firebase.build/Debug-iphoneos/FirebaseMessaging.build/Objects-normal/arm64/FIRMessagingTokenStore.d --serialize-diagnostics /Users/emanuelflury/Library/Developer/Xcode/DerivedData/TaxedGmbH_IOS-gerngfqzuwudosgobknlgtoawnlj/Build/Intermediates.noindex/Firebase.build/Debug-iphoneos/FirebaseMessaging.build/Objects-normal/arm64/FIRMessagingTokenStore.dia -c /Users/emanuelflury/Library/Developer/Xcode/DerivedData/TaxedGmbH_IOS-gerngfqzuwudosgobknlgtoawnlj/SourcePackages/checkouts/firebase-ios-sdk/FirebaseMessaging/Sources/Token/FIRMessagingTokenStore.m -o /Users/emanuelflury/Library/Developer/Xcode/DerivedData/TaxedGmbH_IOS-gerngfqzuwudosgobknlgtoawnlj/Build/Intermediates.noindex/Firebase.build/Debug-iphoneos/FirebaseMessaging.build/Objects-normal/arm64/FIRMessagingTokenStore.o -index-unit-output-path /Firebase.build/Debug-iphoneos/FirebaseMessaging.build/Objects-normal/arm64/FIRMessagingTokenStore.o

ScanDependencies /Users/emanuelflury/Library/Developer/Xcode/DerivedData/TaxedGmbH_IOS-gerngfqzuwudosgobknlgtoawnlj/Build/Intermediates.noindex/Firebase.build/Debug-iphoneos/FirebaseMessaging.build/Objects-normal/arm64/FIRMessagingTokenOperation.o /Users/emanuelflury/Library/Developer/Xcode/DerivedData/TaxedGmbH_IOS-gerngfqzuwudosgobknlgtoawnlj/SourcePackages/checkouts/firebase-ios-sdk/FirebaseMessaging/Sources/Token/FIRMessagingTokenOperation.m normal arm64 objective-c com.apple.compilers.llvm.clang.1_0.compiler (in target 'FirebaseMessaging' from project 'Firebase')
    cd /Users/emanuelflury/github/TaxedGmbH_IOS/TaxedGmbH_IOS.xcodeproj
    
    Using response file: /Users/emanuelflury/Library/Developer/Xcode/DerivedData/TaxedGmbH_IOS-gerngfqzuwudosgobknlgtoawnlj/Build/Intermediates.noindex/Firebase.build/Debug-iphoneos/FirebaseMessaging.build/Objects-normal/arm64/e6072d4f65d7061329687fe24e3d63a7-common-args.resp
    
    builtin-ScanDependencies -o /Users/emanuelflury/Library/Developer/Xcode/DerivedData/TaxedGmbH_IOS-gerngfqzuwudosgobknlgtoawnlj/Build/Intermediates.noindex/Firebase.build/Debug-iphoneos/FirebaseMessaging.build/Objects-normal/arm64/FIRMessagingTokenOperation.o.scan -- /Applications/Xcode.app/Contents/Developer/Toolchains/XcodeDefault.xctoolchain/usr/bin/clang -x objective-c -ivfsstatcache /Users/emanuelflury/Library/Developer/Xcode/DerivedData/SDKStatCaches.noindex/iphoneos26.1-23B77-69b33fc7382b27d9b5d46e82a00f8e78.sdkstatcache -fmessage-length\=0 -fdiagnostics-show-note-include-stack -fmacro-backtrace-limit\=0 -fno-color-diagnostics -fmodules-prune-interval\=86400 -fmodules-prune-after\=345600 -fbuild-session-file\=/Users/emanuelflury/Library/Developer/Xcode/DerivedData/ModuleCache.noindex/Session.modulevalidation -fmodules-validate-once-per-build-session -Wnon-modular-include-in-framework-module -Werror\=non-modular-include-in-framework-module -Wno-trigraphs -Wno-missing-field-initializers -Wno-missing-prototypes -Wno-return-type -Wno-implicit-atomic-properties -Wno-objc-interface-ivars -Wno-arc-repeated-use-of-weak -Wno-missing-braces -Wparentheses -Wswitch -Wno-unused-function -Wno-unused-label -Wno-unused-parameter -Wno-unused-variable -Wunused-value -Wno-empty-body -Wno-uninitialized -Wno-unknown-pragmas -w -Wno-shadow -Wno-four-char-constants -Wno-conversion -Wno-constant-conversion -Wno-int-conversion -Wno-bool-conversion -Wno-enum-conversion -Wno-float-conversion -Wno-non-literal-null-conversion -Wno-objc-literal-conversion -Wshorten-64-to-32 -Wpointer-sign -Wno-newline-eof -Wno-selector -Wno-strict-selector-match -Wno-undeclared-selector -Wno-deprecated-implementations -Wno-implicit-fallthrough -fstrict-aliasing -Wprotocol -Wdeprecated-declarations -Wno-sign-conversion -Wno-infinite-recursion -Wno-comma -Wno-block-capture-autoreleasing -Wno-strict-prototypes -Wno-semicolon-before-method-body -index-store-path /Users/emanuelflury/Library/Developer/Xcode/DerivedData/TaxedGmbH_IOS-gerngfqzuwudosgobknlgtoawnlj/Index.noindex/DataStore @/Users/emanuelflury/Library/Developer/Xcode/DerivedData/TaxedGmbH_IOS-gerngfqzuwudosgobknlgtoawnlj/Build/Intermediates.noindex/Firebase.build/Debug-iphoneos/FirebaseMessaging.build/Objects-normal/arm64/e6072d4f65d7061329687fe24e3d63a7-common-args.resp -include /Users/emanuelflury/Library/Developer/Xcode/DerivedData/TaxedGmbH_IOS-gerngfqzuwudosgobknlgtoawnlj/Build/Intermediates.noindex/Firebase.build/Debug-iphoneos/FirebaseMessaging.build/DerivedSources/resource_bundle_accessor.h -MMD -MT dependencies -MF /Users/emanuelflury/Library/Developer/Xcode/DerivedData/TaxedGmbH_IOS-gerngfqzuwudosgobknlgtoawnlj/Build/Intermediates.noindex/Firebase.build/Debug-iphoneos/FirebaseMessaging.build/Objects-normal/arm64/FIRMessagingTokenOperation.d --serialize-diagnostics /Users/emanuelflury/Library/Developer/Xcode/DerivedData/TaxedGmbH_IOS-gerngfqzuwudosgobknlgtoawnlj/Build/Intermediates.noindex/Firebase.build/Debug-iphoneos/FirebaseMessaging.build/Objects-normal/arm64/FIRMessagingTokenOperation.dia -c /Users/emanuelflury/Library/Developer/Xcode/DerivedData/TaxedGmbH_IOS-gerngfqzuwudosgobknlgtoawnlj/SourcePackages/checkouts/firebase-ios-sdk/FirebaseMessaging/Sources/Token/FIRMessagingTokenOperation.m -o /Users/emanuelflury/Library/Developer/Xcode/DerivedData/TaxedGmbH_IOS-gerngfqzuwudosgobknlgtoawnlj/Build/Intermediates.noindex/Firebase.build/Debug-iphoneos/FirebaseMessaging.build/Objects-normal/arm64/FIRMessagingTokenOperation.o -index-unit-output-path /Firebase.build/Debug-iphoneos/FirebaseMessaging.build/Objects-normal/arm64/FIRMessagingTokenOperation.o

ScanDependencies /Users/emanuelflury/Library/Developer/Xcode/DerivedData/TaxedGmbH_IOS-gerngfqzuwudosgobknlgtoawnlj/Build/Intermediates.noindex/Firebase.build/Debug-iphoneos/FirebaseMessaging.build/Objects-normal/arm64/FIRMessagingTokenManager.o /Users/emanuelflury/Library/Developer/Xcode/DerivedData/TaxedGmbH_IOS-gerngfqzuwudosgobknlgtoawnlj/SourcePackages/checkouts/firebase-ios-sdk/FirebaseMessaging/Sources/Token/FIRMessagingTokenManager.m normal arm64 objective-c com.apple.compilers.llvm.clang.1_0.compiler (in target 'FirebaseMessaging' from project 'Firebase')
    cd /Users/emanuelflury/github/TaxedGmbH_IOS/TaxedGmbH_IOS.xcodeproj
    
    Using response file: /Users/emanuelflury/Library/Developer/Xcode/DerivedData/TaxedGmbH_IOS-gerngfqzuwudosgobknlgtoawnlj/Build/Intermediates.noindex/Firebase.build/Debug-iphoneos/FirebaseMessaging.build/Objects-normal/arm64/e6072d4f65d7061329687fe24e3d63a7-common-args.resp
    
    builtin-ScanDependencies -o /Users/emanuelflury/Library/Developer/Xcode/DerivedData/TaxedGmbH_IOS-gerngfqzuwudosgobknlgtoawnlj/Build/Intermediates.noindex/Firebase.build/Debug-iphoneos/FirebaseMessaging.build/Objects-normal/arm64/FIRMessagingTokenManager.o.scan -- /Applications/Xcode.app/Contents/Developer/Toolchains/XcodeDefault.xctoolchain/usr/bin/clang -x objective-c -ivfsstatcache /Users/emanuelflury/Library/Developer/Xcode/DerivedData/SDKStatCaches.noindex/iphoneos26.1-23B77-69b33fc7382b27d9b5d46e82a00f8e78.sdkstatcache -fmessage-length\=0 -fdiagnostics-show-note-include-stack -fmacro-backtrace-limit\=0 -fno-color-diagnostics -fmodules-prune-interval\=86400 -fmodules-prune-after\=345600 -fbuild-session-file\=/Users/emanuelflury/Library/Developer/Xcode/DerivedData/ModuleCache.noindex/Session.modulevalidation -fmodules-validate-once-per-build-session -Wnon-modular-include-in-framework-module -Werror\=non-modular-include-in-framework-module -Wno-trigraphs -Wno-missing-field-initializers -Wno-missing-prototypes -Wno-return-type -Wno-implicit-atomic-properties -Wno-objc-interface-ivars -Wno-arc-repeated-use-of-weak -Wno-missing-braces -Wparentheses -Wswitch -Wno-unused-function -Wno-unused-label -Wno-unused-parameter -Wno-unused-variable -Wunused-value -Wno-empty-body -Wno-uninitialized -Wno-unknown-pragmas -w -Wno-shadow -Wno-four-char-constants -Wno-conversion -Wno-constant-conversion -Wno-int-conversion -Wno-bool-conversion -Wno-enum-conversion -Wno-float-conversion -Wno-non-literal-null-conversion -Wno-objc-literal-conversion -Wshorten-64-to-32 -Wpointer-sign -Wno-newline-eof -Wno-selector -Wno-strict-selector-match -Wno-undeclared-selector -Wno-deprecated-implementations -Wno-implicit-fallthrough -fstrict-aliasing -Wprotocol -Wdeprecated-declarations -Wno-sign-conversion -Wno-infinite-recursion -Wno-comma -Wno-block-capture-autoreleasing -Wno-strict-prototypes -Wno-semicolon-before-method-body -index-store-path /Users/emanuelflury/Library/Developer/Xcode/DerivedData/TaxedGmbH_IOS-gerngfqzuwudosgobknlgtoawnlj/Index.noindex/DataStore @/Users/emanuelflury/Library/Developer/Xcode/DerivedData/TaxedGmbH_IOS-gerngfqzuwudosgobknlgtoawnlj/Build/Intermediates.noindex/Firebase.build/Debug-iphoneos/FirebaseMessaging.build/Objects-normal/arm64/e6072d4f65d7061329687fe24e3d63a7-common-args.resp -include /Users/emanuelflury/Library/Developer/Xcode/DerivedData/TaxedGmbH_IOS-gerngfqzuwudosgobknlgtoawnlj/Build/Intermediates.noindex/Firebase.build/Debug-iphoneos/FirebaseMessaging.build/DerivedSources/resource_bundle_accessor.h -MMD -MT dependencies -MF /Users/emanuelflury/Library/Developer/Xcode/DerivedData/TaxedGmbH_IOS-gerngfqzuwudosgobknlgtoawnlj/Build/Intermediates.noindex/Firebase.build/Debug-iphoneos/FirebaseMessaging.build/Objects-normal/arm64/FIRMessagingTokenManager.d --serialize-diagnostics /Users/emanuelflury/Library/Developer/Xcode/DerivedData/TaxedGmbH_IOS-gerngfqzuwudosgobknlgtoawnlj/Build/Intermediates.noindex/Firebase.build/Debug-iphoneos/FirebaseMessaging.build/Objects-normal/arm64/FIRMessagingTokenManager.dia -c /Users/emanuelflury/Library/Developer/Xcode/DerivedData/TaxedGmbH_IOS-gerngfqzuwudosgobknlgtoawnlj/SourcePackages/checkouts/firebase-ios-sdk/FirebaseMessaging/Sources/Token/FIRMessagingTokenManager.m -o /Users/emanuelflury/Library/Developer/Xcode/DerivedData/TaxedGmbH_IOS-gerngfqzuwudosgobknlgtoawnlj/Build/Intermediates.noindex/Firebase.build/Debug-iphoneos/FirebaseMessaging.build/Objects-normal/arm64/FIRMessagingTokenManager.o -index-unit-output-path /Firebase.build/Debug-iphoneos/FirebaseMessaging.build/Objects-normal/arm64/FIRMessagingTokenManager.o

PrecompileModule /Users/emanuelflury/Library/Developer/Xcode/DerivedData/TaxedGmbH_IOS-gerngfqzuwudosgobknlgtoawnlj/Build/Intermediates.noindex/ExplicitPrecompiledModules/CoreImage-2A37BK5QR1BIS3FBSTWQDLKEH.scan
    cd /
    builtin-precompileModule /Users/emanuelflury/Library/Developer/Xcode/DerivedData/TaxedGmbH_IOS-gerngfqzuwudosgobknlgtoawnlj/Build/Intermediates.noindex/ExplicitPrecompiledModules/CoreImage-2A37BK5QR1BIS3FBSTWQDLKEH.scan

PrecompileModule /Users/emanuelflury/Library/Developer/Xcode/DerivedData/TaxedGmbH_IOS-gerngfqzuwudosgobknlgtoawnlj/Build/Intermediates.noindex/ExplicitPrecompiledModules/QuartzCore-CXWOC5JFLZPRS64OZME8GV8KA.scan
    cd /
    builtin-precompileModule /Users/emanuelflury/Library/Developer/Xcode/DerivedData/TaxedGmbH_IOS-gerngfqzuwudosgobknlgtoawnlj/Build/Intermediates.noindex/ExplicitPrecompiledModules/QuartzCore-CXWOC5JFLZPRS64OZME8GV8KA.scan

PrecompileModule /Users/emanuelflury/Library/Developer/Xcode/DerivedData/TaxedGmbH_IOS-gerngfqzuwudosgobknlgtoawnlj/Build/Intermediates.noindex/ExplicitPrecompiledModules/_Builtin_limits-1XTI59WZ6S5R12V6QZHTE4W3O.scan
    cd /
    builtin-precompileModule /Users/emanuelflury/Library/Developer/Xcode/DerivedData/TaxedGmbH_IOS-gerngfqzuwudosgobknlgtoawnlj/Build/Intermediates.noindex/ExplicitPrecompiledModules/_Builtin_limits-1XTI59WZ6S5R12V6QZHTE4W3O.scan

SwiftExplicitDependencyGeneratePcm arm64 /Users/emanuelflury/Library/Developer/Xcode/DerivedData/TaxedGmbH_IOS-gerngfqzuwudosgobknlgtoawnlj/Build/Intermediates.noindex/SwiftExplicitPrecompiledModules/FirebaseCore-CU4W7AH8LC7CNGK4TB4MOMBXW.pcm

SwiftExplicitDependencyGeneratePcm arm64 /Users/emanuelflury/Library/Developer/Xcode/DerivedData/TaxedGmbH_IOS-gerngfqzuwudosgobknlgtoawnlj/Build/Intermediates.noindex/SwiftExplicitPrecompiledModules/GoogleUtilities_Environment-3MYRR0UXILJJVWAC56D1TCJTO.pcm

SwiftExplicitDependencyGeneratePcm arm64 /Users/emanuelflury/Library/Developer/Xcode/DerivedData/TaxedGmbH_IOS-gerngfqzuwudosgobknlgtoawnlj/Build/Intermediates.noindex/SwiftExplicitPrecompiledModules/FirebaseAuthInterop-8PSO8YV1QI9B2GB0NGB3MNPCN.pcm

SwiftExplicitDependencyGeneratePcm arm64 /Users/emanuelflury/Library/Developer/Xcode/DerivedData/TaxedGmbH_IOS-gerngfqzuwudosgobknlgtoawnlj/Build/Intermediates.noindex/SwiftExplicitPrecompiledModules/FirebaseAppCheckInterop-55LX74YV4DXG4OOKGS41R7KMT.pcm

SwiftExplicitDependencyGeneratePcm arm64 /Users/emanuelflury/Library/Developer/Xcode/DerivedData/TaxedGmbH_IOS-gerngfqzuwudosgobknlgtoawnlj/Build/Intermediates.noindex/SwiftExplicitPrecompiledModules/GTMSessionFetcherCore-7G9SMP5CBZZURYT7DE4F2KRI0.pcm

CompileC /Users/emanuelflury/Library/Developer/Xcode/DerivedData/TaxedGmbH_IOS-gerngfqzuwudosgobknlgtoawnlj/Build/Intermediates.noindex/GTMSessionFetcher.build/Debug-iphoneos/GTMSessionFetcherCore.build/Objects-normal/arm64/GTMSessionUploadFetcher.o /Users/emanuelflury/Library/Developer/Xcode/DerivedData/TaxedGmbH_IOS-gerngfqzuwudosgobknlgtoawnlj/SourcePackages/checkouts/gtm-session-fetcher/Sources/Core/GTMSessionUploadFetcher.m normal arm64 objective-c com.apple.compilers.llvm.clang.1_0.compiler (in target 'GTMSessionFetcherCore' from project 'GTMSessionFetcher')
    cd /Users/emanuelflury/github/TaxedGmbH_IOS/TaxedGmbH_IOS.xcodeproj
    
    Using response file: /Users/emanuelflury/Library/Developer/Xcode/DerivedData/TaxedGmbH_IOS-gerngfqzuwudosgobknlgtoawnlj/Build/Intermediates.noindex/GTMSessionFetcher.build/Debug-iphoneos/GTMSessionFetcherCore.build/Objects-normal/arm64/e6072d4f65d7061329687fe24e3d63a7-common-args.resp
    
    /Applications/Xcode.app/Contents/Developer/Toolchains/XcodeDefault.xctoolchain/usr/bin/clang -x objective-c -ivfsstatcache /Users/emanuelflury/Library/Developer/Xcode/DerivedData/SDKStatCaches.noindex/iphoneos26.1-23B77-69b33fc7382b27d9b5d46e82a00f8e78.sdkstatcache -fmessage-length\=0 -fdiagnostics-show-note-include-stack -fmacro-backtrace-limit\=0 -fno-color-diagnostics -fmodules-prune-interval\=86400 -fmodules-prune-after\=345600 -fbuild-session-file\=/Users/emanuelflury/Library/Developer/Xcode/DerivedData/ModuleCache.noindex/Session.modulevalidation -fmodules-validate-once-per-build-session -Wnon-modular-include-in-framework-module -Werror\=non-modular-include-in-framework-module -Wno-trigraphs -Wno-missing-field-initializers -Wno-missing-prototypes -Wno-return-type -Wno-implicit-atomic-properties -Wno-objc-interface-ivars -Wno-arc-repeated-use-of-weak -Wno-missing-braces -Wparentheses -Wswitch -Wno-unused-function -Wno-unused-label -Wno-unused-parameter -Wno-unused-variable -Wunused-value -Wno-empty-body -Wno-uninitialized -Wno-unknown-pragmas -w -Wno-shadow -Wno-four-char-constants -Wno-conversion -Wno-constant-conversion -Wno-int-conversion -Wno-bool-conversion -Wno-enum-conversion -Wno-float-conversion -Wno-non-literal-null-conversion -Wno-objc-literal-conversion -Wshorten-64-to-32 -Wpointer-sign -Wno-newline-eof -Wno-selector -Wno-strict-selector-match -Wno-undeclared-selector -Wno-deprecated-implementations -Wno-implicit-fallthrough -fstrict-aliasing -Wprotocol -Wdeprecated-declarations -Wno-sign-conversion -Wno-infinite-recursion -Wno-comma -Wno-block-capture-autoreleasing -Wno-strict-prototypes -Wno-semicolon-before-method-body -index-store-path /Users/emanuelflury/Library/Developer/Xcode/DerivedData/TaxedGmbH_IOS-gerngfqzuwudosgobknlgtoawnlj/Index.noindex/DataStore @/Users/emanuelflury/Library/Developer/Xcode/DerivedData/TaxedGmbH_IOS-gerngfqzuwudosgobknlgtoawnlj/Build/Intermediates.noindex/GTMSessionFetcher.build/Debug-iphoneos/GTMSessionFetcherCore.build/Objects-normal/arm64/e6072d4f65d7061329687fe24e3d63a7-common-args.resp -include /Users/emanuelflury/Library/Developer/Xcode/DerivedData/TaxedGmbH_IOS-gerngfqzuwudosgobknlgtoawnlj/Build/Intermediates.noindex/GTMSessionFetcher.build/Debug-iphoneos/GTMSessionFetcherCore.build/DerivedSources/resource_bundle_accessor.h -MMD -MT dependencies -MF /Users/emanuelflury/Library/Developer/Xcode/DerivedData/TaxedGmbH_IOS-gerngfqzuwudosgobknlgtoawnlj/Build/Intermediates.noindex/GTMSessionFetcher.build/Debug-iphoneos/GTMSessionFetcherCore.build/Objects-normal/arm64/GTMSessionUploadFetcher.d --serialize-diagnostics /Users/emanuelflury/Library/Developer/Xcode/DerivedData/TaxedGmbH_IOS-gerngfqzuwudosgobknlgtoawnlj/Build/Intermediates.noindex/GTMSessionFetcher.build/Debug-iphoneos/GTMSessionFetcherCore.build/Objects-normal/arm64/GTMSessionUploadFetcher.dia -c /Users/emanuelflury/Library/Developer/Xcode/DerivedData/TaxedGmbH_IOS-gerngfqzuwudosgobknlgtoawnlj/SourcePackages/checkouts/gtm-session-fetcher/Sources/Core/GTMSessionUploadFetcher.m -o /Users/emanuelflury/Library/Developer/Xcode/DerivedData/TaxedGmbH_IOS-gerngfqzuwudosgobknlgtoawnlj/Build/Intermediates.noindex/GTMSessionFetcher.build/Debug-iphoneos/GTMSessionFetcherCore.build/Objects-normal/arm64/GTMSessionUploadFetcher.o -index-unit-output-path /GTMSessionFetcher.build/Debug-iphoneos/GTMSessionFetcherCore.build/Objects-normal/arm64/GTMSessionUploadFetcher.o

CompileC /Users/emanuelflury/Library/Developer/Xcode/DerivedData/TaxedGmbH_IOS-gerngfqzuwudosgobknlgtoawnlj/Build/Intermediates.noindex/GTMSessionFetcher.build/Debug-iphoneos/GTMSessionFetcherCore.build/Objects-normal/arm64/GTMSessionFetcherService.o /Users/emanuelflury/Library/Developer/Xcode/DerivedData/TaxedGmbH_IOS-gerngfqzuwudosgobknlgtoawnlj/SourcePackages/checkouts/gtm-session-fetcher/Sources/Core/GTMSessionFetcherService.m normal arm64 objective-c com.apple.compilers.llvm.clang.1_0.compiler (in target 'GTMSessionFetcherCore' from project 'GTMSessionFetcher')
    cd /Users/emanuelflury/github/TaxedGmbH_IOS/TaxedGmbH_IOS.xcodeproj
    
    Using response file: /Users/emanuelflury/Library/Developer/Xcode/DerivedData/TaxedGmbH_IOS-gerngfqzuwudosgobknlgtoawnlj/Build/Intermediates.noindex/GTMSessionFetcher.build/Debug-iphoneos/GTMSessionFetcherCore.build/Objects-normal/arm64/e6072d4f65d7061329687fe24e3d63a7-common-args.resp
    
    /Applications/Xcode.app/Contents/Developer/Toolchains/XcodeDefault.xctoolchain/usr/bin/clang -x objective-c -ivfsstatcache /Users/emanuelflury/Library/Developer/Xcode/DerivedData/SDKStatCaches.noindex/iphoneos26.1-23B77-69b33fc7382b27d9b5d46e82a00f8e78.sdkstatcache -fmessage-length\=0 -fdiagnostics-show-note-include-stack -fmacro-backtrace-limit\=0 -fno-color-diagnostics -fmodules-prune-interval\=86400 -fmodules-prune-after\=345600 -fbuild-session-file\=/Users/emanuelflury/Library/Developer/Xcode/DerivedData/ModuleCache.noindex/Session.modulevalidation -fmodules-validate-once-per-build-session -Wnon-modular-include-in-framework-module -Werror\=non-modular-include-in-framework-module -Wno-trigraphs -Wno-missing-field-initializers -Wno-missing-prototypes -Wno-return-type -Wno-implicit-atomic-properties -Wno-objc-interface-ivars -Wno-arc-repeated-use-of-weak -Wno-missing-braces -Wparentheses -Wswitch -Wno-unused-function -Wno-unused-label -Wno-unused-parameter -Wno-unused-variable -Wunused-value -Wno-empty-body -Wno-uninitialized -Wno-unknown-pragmas -w -Wno-shadow -Wno-four-char-constants -Wno-conversion -Wno-constant-conversion -Wno-int-conversion -Wno-bool-conversion -Wno-enum-conversion -Wno-float-conversion -Wno-non-literal-null-conversion -Wno-objc-literal-conversion -Wshorten-64-to-32 -Wpointer-sign -Wno-newline-eof -Wno-selector -Wno-strict-selector-match -Wno-undeclared-selector -Wno-deprecated-implementations -Wno-implicit-fallthrough -fstrict-aliasing -Wprotocol -Wdeprecated-declarations -Wno-sign-conversion -Wno-infinite-recursion -Wno-comma -Wno-block-capture-autoreleasing -Wno-strict-prototypes -Wno-semicolon-before-method-body -index-store-path /Users/emanuelflury/Library/Developer/Xcode/DerivedData/TaxedGmbH_IOS-gerngfqzuwudosgobknlgtoawnlj/Index.noindex/DataStore @/Users/emanuelflury/Library/Developer/Xcode/DerivedData/TaxedGmbH_IOS-gerngfqzuwudosgobknlgtoawnlj/Build/Intermediates.noindex/GTMSessionFetcher.build/Debug-iphoneos/GTMSessionFetcherCore.build/Objects-normal/arm64/e6072d4f65d7061329687fe24e3d63a7-common-args.resp -include /Users/emanuelflury/Library/Developer/Xcode/DerivedData/TaxedGmbH_IOS-gerngfqzuwudosgobknlgtoawnlj/Build/Intermediates.noindex/GTMSessionFetcher.build/Debug-iphoneos/GTMSessionFetcherCore.build/DerivedSources/resource_bundle_accessor.h -MMD -MT dependencies -MF /Users/emanuelflury/Library/Developer/Xcode/DerivedData/TaxedGmbH_IOS-gerngfqzuwudosgobknlgtoawnlj/Build/Intermediates.noindex/GTMSessionFetcher.build/Debug-iphoneos/GTMSessionFetcherCore.build/Objects-normal/arm64/GTMSessionFetcherService.d --serialize-diagnostics /Users/emanuelflury/Library/Developer/Xcode/DerivedData/TaxedGmbH_IOS-gerngfqzuwudosgobknlgtoawnlj/Build/Intermediates.noindex/GTMSessionFetcher.build/Debug-iphoneos/GTMSessionFetcherCore.build/Objects-normal/arm64/GTMSessionFetcherService.dia -c /Users/emanuelflury/Library/Developer/Xcode/DerivedData/TaxedGmbH_IOS-gerngfqzuwudosgobknlgtoawnlj/SourcePackages/checkouts/gtm-session-fetcher/Sources/Core/GTMSessionFetcherService.m -o /Users/emanuelflury/Library/Developer/Xcode/DerivedData/TaxedGmbH_IOS-gerngfqzuwudosgobknlgtoawnlj/Build/Intermediates.noindex/GTMSessionFetcher.build/Debug-iphoneos/GTMSessionFetcherCore.build/Objects-normal/arm64/GTMSessionFetcherService.o -index-unit-output-path /GTMSessionFetcher.build/Debug-iphoneos/GTMSessionFetcherCore.build/Objects-normal/arm64/GTMSessionFetcherService.o

CompileC /Users/emanuelflury/Library/Developer/Xcode/DerivedData/TaxedGmbH_IOS-gerngfqzuwudosgobknlgtoawnlj/Build/Intermediates.noindex/GTMSessionFetcher.build/Debug-iphoneos/GTMSessionFetcherCore.build/Objects-normal/arm64/GTMSessionFetcherLogging.o /Users/emanuelflury/Library/Developer/Xcode/DerivedData/TaxedGmbH_IOS-gerngfqzuwudosgobknlgtoawnlj/SourcePackages/checkouts/gtm-session-fetcher/Sources/Core/GTMSessionFetcherLogging.m normal arm64 objective-c com.apple.compilers.llvm.clang.1_0.compiler (in target 'GTMSessionFetcherCore' from project 'GTMSessionFetcher')
    cd /Users/emanuelflury/github/TaxedGmbH_IOS/TaxedGmbH_IOS.xcodeproj
    
    Using response file: /Users/emanuelflury/Library/Developer/Xcode/DerivedData/TaxedGmbH_IOS-gerngfqzuwudosgobknlgtoawnlj/Build/Intermediates.noindex/GTMSessionFetcher.build/Debug-iphoneos/GTMSessionFetcherCore.build/Objects-normal/arm64/e6072d4f65d7061329687fe24e3d63a7-common-args.resp
    
    /Applications/Xcode.app/Contents/Developer/Toolchains/XcodeDefault.xctoolchain/usr/bin/clang -x objective-c -ivfsstatcache /Users/emanuelflury/Library/Developer/Xcode/DerivedData/SDKStatCaches.noindex/iphoneos26.1-23B77-69b33fc7382b27d9b5d46e82a00f8e78.sdkstatcache -fmessage-length\=0 -fdiagnostics-show-note-include-stack -fmacro-backtrace-limit\=0 -fno-color-diagnostics -fmodules-prune-interval\=86400 -fmodules-prune-after\=345600 -fbuild-session-file\=/Users/emanuelflury/Library/Developer/Xcode/DerivedData/ModuleCache.noindex/Session.modulevalidation -fmodules-validate-once-per-build-session -Wnon-modular-include-in-framework-module -Werror\=non-modular-include-in-framework-module -Wno-trigraphs -Wno-missing-field-initializers -Wno-missing-prototypes -Wno-return-type -Wno-implicit-atomic-properties -Wno-objc-interface-ivars -Wno-arc-repeated-use-of-weak -Wno-missing-braces -Wparentheses -Wswitch -Wno-unused-function -Wno-unused-label -Wno-unused-parameter -Wno-unused-variable -Wunused-value -Wno-empty-body -Wno-uninitialized -Wno-unknown-pragmas -w -Wno-shadow -Wno-four-char-constants -Wno-conversion -Wno-constant-conversion -Wno-int-conversion -Wno-bool-conversion -Wno-enum-conversion -Wno-float-conversion -Wno-non-literal-null-conversion -Wno-objc-literal-conversion -Wshorten-64-to-32 -Wpointer-sign -Wno-newline-eof -Wno-selector -Wno-strict-selector-match -Wno-undeclared-selector -Wno-deprecated-implementations -Wno-implicit-fallthrough -fstrict-aliasing -Wprotocol -Wdeprecated-declarations -Wno-sign-conversion -Wno-infinite-recursion -Wno-comma -Wno-block-capture-autoreleasing -Wno-strict-prototypes -Wno-semicolon-before-method-body -index-store-path /Users/emanuelflury/Library/Developer/Xcode/DerivedData/TaxedGmbH_IOS-gerngfqzuwudosgobknlgtoawnlj/Index.noindex/DataStore @/Users/emanuelflury/Library/Developer/Xcode/DerivedData/TaxedGmbH_IOS-gerngfqzuwudosgobknlgtoawnlj/Build/Intermediates.noindex/GTMSessionFetcher.build/Debug-iphoneos/GTMSessionFetcherCore.build/Objects-normal/arm64/e6072d4f65d7061329687fe24e3d63a7-common-args.resp -include /Users/emanuelflury/Library/Developer/Xcode/DerivedData/TaxedGmbH_IOS-gerngfqzuwudosgobknlgtoawnlj/Build/Intermediates.noindex/GTMSessionFetcher.build/Debug-iphoneos/GTMSessionFetcherCore.build/DerivedSources/resource_bundle_accessor.h -MMD -MT dependencies -MF /Users/emanuelflury/Library/Developer/Xcode/DerivedData/TaxedGmbH_IOS-gerngfqzuwudosgobknlgtoawnlj/Build/Intermediates.noindex/GTMSessionFetcher.build/Debug-iphoneos/GTMSessionFetcherCore.build/Objects-normal/arm64/GTMSessionFetcherLogging.d --serialize-diagnostics /Users/emanuelflury/Library/Developer/Xcode/DerivedData/TaxedGmbH_IOS-gerngfqzuwudosgobknlgtoawnlj/Build/Intermediates.noindex/GTMSessionFetcher.build/Debug-iphoneos/GTMSessionFetcherCore.build/Objects-normal/arm64/GTMSessionFetcherLogging.dia -c /Users/emanuelflury/Library/Developer/Xcode/DerivedData/TaxedGmbH_IOS-gerngfqzuwudosgobknlgtoawnlj/SourcePackages/checkouts/gtm-session-fetcher/Sources/Core/GTMSessionFetcherLogging.m -o /Users/emanuelflury/Library/Developer/Xcode/DerivedData/TaxedGmbH_IOS-gerngfqzuwudosgobknlgtoawnlj/Build/Intermediates.noindex/GTMSessionFetcher.build/Debug-iphoneos/GTMSessionFetcherCore.build/Objects-normal/arm64/GTMSessionFetcherLogging.o -index-unit-output-path /GTMSessionFetcher.build/Debug-iphoneos/GTMSessionFetcherCore.build/Objects-normal/arm64/GTMSessionFetcherLogging.o

CompileC /Users/emanuelflury/Library/Developer/Xcode/DerivedData/TaxedGmbH_IOS-gerngfqzuwudosgobknlgtoawnlj/Build/Intermediates.noindex/GTMSessionFetcher.build/Debug-iphoneos/GTMSessionFetcherCore.build/Objects-normal/arm64/GTMSessionFetcher.o /Users/emanuelflury/Library/Developer/Xcode/DerivedData/TaxedGmbH_IOS-gerngfqzuwudosgobknlgtoawnlj/SourcePackages/checkouts/gtm-session-fetcher/Sources/Core/GTMSessionFetcher.m normal arm64 objective-c com.apple.compilers.llvm.clang.1_0.compiler (in target 'GTMSessionFetcherCore' from project 'GTMSessionFetcher')
    cd /Users/emanuelflury/github/TaxedGmbH_IOS/TaxedGmbH_IOS.xcodeproj
    
    Using response file: /Users/emanuelflury/Library/Developer/Xcode/DerivedData/TaxedGmbH_IOS-gerngfqzuwudosgobknlgtoawnlj/Build/Intermediates.noindex/GTMSessionFetcher.build/Debug-iphoneos/GTMSessionFetcherCore.build/Objects-normal/arm64/e6072d4f65d7061329687fe24e3d63a7-common-args.resp
    
    /Applications/Xcode.app/Contents/Developer/Toolchains/XcodeDefault.xctoolchain/usr/bin/clang -x objective-c -ivfsstatcache /Users/emanuelflury/Library/Developer/Xcode/DerivedData/SDKStatCaches.noindex/iphoneos26.1-23B77-69b33fc7382b27d9b5d46e82a00f8e78.sdkstatcache -fmessage-length\=0 -fdiagnostics-show-note-include-stack -fmacro-backtrace-limit\=0 -fno-color-diagnostics -fmodules-prune-interval\=86400 -fmodules-prune-after\=345600 -fbuild-session-file\=/Users/emanuelflury/Library/Developer/Xcode/DerivedData/ModuleCache.noindex/Session.modulevalidation -fmodules-validate-once-per-build-session -Wnon-modular-include-in-framework-module -Werror\=non-modular-include-in-framework-module -Wno-trigraphs -Wno-missing-field-initializers -Wno-missing-prototypes -Wno-return-type -Wno-implicit-atomic-properties -Wno-objc-interface-ivars -Wno-arc-repeated-use-of-weak -Wno-missing-braces -Wparentheses -Wswitch -Wno-unused-function -Wno-unused-label -Wno-unused-parameter -Wno-unused-variable -Wunused-value -Wno-empty-body -Wno-uninitialized -Wno-unknown-pragmas -w -Wno-shadow -Wno-four-char-constants -Wno-conversion -Wno-constant-conversion -Wno-int-conversion -Wno-bool-conversion -Wno-enum-conversion -Wno-float-conversion -Wno-non-literal-null-conversion -Wno-objc-literal-conversion -Wshorten-64-to-32 -Wpointer-sign -Wno-newline-eof -Wno-selector -Wno-strict-selector-match -Wno-undeclared-selector -Wno-deprecated-implementations -Wno-implicit-fallthrough -fstrict-aliasing -Wprotocol -Wdeprecated-declarations -Wno-sign-conversion -Wno-infinite-recursion -Wno-comma -Wno-block-capture-autoreleasing -Wno-strict-prototypes -Wno-semicolon-before-method-body -index-store-path /Users/emanuelflury/Library/Developer/Xcode/DerivedData/TaxedGmbH_IOS-gerngfqzuwudosgobknlgtoawnlj/Index.noindex/DataStore @/Users/emanuelflury/Library/Developer/Xcode/DerivedData/TaxedGmbH_IOS-gerngfqzuwudosgobknlgtoawnlj/Build/Intermediates.noindex/GTMSessionFetcher.build/Debug-iphoneos/GTMSessionFetcherCore.build/Objects-normal/arm64/e6072d4f65d7061329687fe24e3d63a7-common-args.resp -include /Users/emanuelflury/Library/Developer/Xcode/DerivedData/TaxedGmbH_IOS-gerngfqzuwudosgobknlgtoawnlj/Build/Intermediates.noindex/GTMSessionFetcher.build/Debug-iphoneos/GTMSessionFetcherCore.build/DerivedSources/resource_bundle_accessor.h -MMD -MT dependencies -MF /Users/emanuelflury/Library/Developer/Xcode/DerivedData/TaxedGmbH_IOS-gerngfqzuwudosgobknlgtoawnlj/Build/Intermediates.noindex/GTMSessionFetcher.build/Debug-iphoneos/GTMSessionFetcherCore.build/Objects-normal/arm64/GTMSessionFetcher.d --serialize-diagnostics /Users/emanuelflury/Library/Developer/Xcode/DerivedData/TaxedGmbH_IOS-gerngfqzuwudosgobknlgtoawnlj/Build/Intermediates.noindex/GTMSessionFetcher.build/Debug-iphoneos/GTMSessionFetcherCore.build/Objects-normal/arm64/GTMSessionFetcher.dia -c /Users/emanuelflury/Library/Developer/Xcode/DerivedData/TaxedGmbH_IOS-gerngfqzuwudosgobknlgtoawnlj/SourcePackages/checkouts/gtm-session-fetcher/Sources/Core/GTMSessionFetcher.m -o /Users/emanuelflury/Library/Developer/Xcode/DerivedData/TaxedGmbH_IOS-gerngfqzuwudosgobknlgtoawnlj/Build/Intermediates.noindex/GTMSessionFetcher.build/Debug-iphoneos/GTMSessionFetcherCore.build/Objects-normal/arm64/GTMSessionFetcher.o -index-unit-output-path /GTMSessionFetcher.build/Debug-iphoneos/GTMSessionFetcherCore.build/Objects-normal/arm64/GTMSessionFetcher.o

PrecompileModule /Users/emanuelflury/Library/Developer/Xcode/DerivedData/TaxedGmbH_IOS-gerngfqzuwudosgobknlgtoawnlj/Build/Intermediates.noindex/ExplicitPrecompiledModules/_DarwinFoundation2-4CNACJ1VBPFCZIEV2AMSDC7XR.scan
    cd /
    builtin-precompileModule /Users/emanuelflury/Library/Developer/Xcode/DerivedData/TaxedGmbH_IOS-gerngfqzuwudosgobknlgtoawnlj/Build/Intermediates.noindex/ExplicitPrecompiledModules/_DarwinFoundation2-4CNACJ1VBPFCZIEV2AMSDC7XR.scan

PrecompileModule /Users/emanuelflury/Library/Developer/Xcode/DerivedData/TaxedGmbH_IOS-gerngfqzuwudosgobknlgtoawnlj/Build/Intermediates.noindex/ExplicitPrecompiledModules/_DarwinFoundation2-3A6EJ5UF5OERCT66UP2OAWTLQ.scan
    cd /
    builtin-precompileModule /Users/emanuelflury/Library/Developer/Xcode/DerivedData/TaxedGmbH_IOS-gerngfqzuwudosgobknlgtoawnlj/Build/Intermediates.noindex/ExplicitPrecompiledModules/_DarwinFoundation2-3A6EJ5UF5OERCT66UP2OAWTLQ.scan

ScanDependencies /Users/emanuelflury/Library/Developer/Xcode/DerivedData/TaxedGmbH_IOS-gerngfqzuwudosgobknlgtoawnlj/Build/Intermediates.noindex/Firebase.build/Debug-iphoneos/FirebaseMessaging.build/Objects-normal/arm64/FIRMessagingTokenInfo.o /Users/emanuelflury/Library/Developer/Xcode/DerivedData/TaxedGmbH_IOS-gerngfqzuwudosgobknlgtoawnlj/SourcePackages/checkouts/firebase-ios-sdk/FirebaseMessaging/Sources/Token/FIRMessagingTokenInfo.m normal arm64 objective-c com.apple.compilers.llvm.clang.1_0.compiler (in target 'FirebaseMessaging' from project 'Firebase')
    cd /Users/emanuelflury/github/TaxedGmbH_IOS/TaxedGmbH_IOS.xcodeproj
    
    Using response file: /Users/emanuelflury/Library/Developer/Xcode/DerivedData/TaxedGmbH_IOS-gerngfqzuwudosgobknlgtoawnlj/Build/Intermediates.noindex/Firebase.build/Debug-iphoneos/FirebaseMessaging.build/Objects-normal/arm64/e6072d4f65d7061329687fe24e3d63a7-common-args.resp
    
    builtin-ScanDependencies -o /Users/emanuelflury/Library/Developer/Xcode/DerivedData/TaxedGmbH_IOS-gerngfqzuwudosgobknlgtoawnlj/Build/Intermediates.noindex/Firebase.build/Debug-iphoneos/FirebaseMessaging.build/Objects-normal/arm64/FIRMessagingTokenInfo.o.scan -- /Applications/Xcode.app/Contents/Developer/Toolchains/XcodeDefault.xctoolchain/usr/bin/clang -x objective-c -ivfsstatcache /Users/emanuelflury/Library/Developer/Xcode/DerivedData/SDKStatCaches.noindex/iphoneos26.1-23B77-69b33fc7382b27d9b5d46e82a00f8e78.sdkstatcache -fmessage-length\=0 -fdiagnostics-show-note-include-stack -fmacro-backtrace-limit\=0 -fno-color-diagnostics -fmodules-prune-interval\=86400 -fmodules-prune-after\=345600 -fbuild-session-file\=/Users/emanuelflury/Library/Developer/Xcode/DerivedData/ModuleCache.noindex/Session.modulevalidation -fmodules-validate-once-per-build-session -Wnon-modular-include-in-framework-module -Werror\=non-modular-include-in-framework-module -Wno-trigraphs -Wno-missing-field-initializers -Wno-missing-prototypes -Wno-return-type -Wno-implicit-atomic-properties -Wno-objc-interface-ivars -Wno-arc-repeated-use-of-weak -Wno-missing-braces -Wparentheses -Wswitch -Wno-unused-function -Wno-unused-label -Wno-unused-parameter -Wno-unused-variable -Wunused-value -Wno-empty-body -Wno-uninitialized -Wno-unknown-pragmas -w -Wno-shadow -Wno-four-char-constants -Wno-conversion -Wno-constant-conversion -Wno-int-conversion -Wno-bool-conversion -Wno-enum-conversion -Wno-float-conversion -Wno-non-literal-null-conversion -Wno-objc-literal-conversion -Wshorten-64-to-32 -Wpointer-sign -Wno-newline-eof -Wno-selector -Wno-strict-selector-match -Wno-undeclared-selector -Wno-deprecated-implementations -Wno-implicit-fallthrough -fstrict-aliasing -Wprotocol -Wdeprecated-declarations -Wno-sign-conversion -Wno-infinite-recursion -Wno-comma -Wno-block-capture-autoreleasing -Wno-strict-prototypes -Wno-semicolon-before-method-body -index-store-path /Users/emanuelflury/Library/Developer/Xcode/DerivedData/TaxedGmbH_IOS-gerngfqzuwudosgobknlgtoawnlj/Index.noindex/DataStore @/Users/emanuelflury/Library/Developer/Xcode/DerivedData/TaxedGmbH_IOS-gerngfqzuwudosgobknlgtoawnlj/Build/Intermediates.noindex/Firebase.build/Debug-iphoneos/FirebaseMessaging.build/Objects-normal/arm64/e6072d4f65d7061329687fe24e3d63a7-common-args.resp -include /Users/emanuelflury/Library/Developer/Xcode/DerivedData/TaxedGmbH_IOS-gerngfqzuwudosgobknlgtoawnlj/Build/Intermediates.noindex/Firebase.build/Debug-iphoneos/FirebaseMessaging.build/DerivedSources/resource_bundle_accessor.h -MMD -MT dependencies -MF /Users/emanuelflury/Library/Developer/Xcode/DerivedData/TaxedGmbH_IOS-gerngfqzuwudosgobknlgtoawnlj/Build/Intermediates.noindex/Firebase.build/Debug-iphoneos/FirebaseMessaging.build/Objects-normal/arm64/FIRMessagingTokenInfo.d --serialize-diagnostics /Users/emanuelflury/Library/Developer/Xcode/DerivedData/TaxedGmbH_IOS-gerngfqzuwudosgobknlgtoawnlj/Build/Intermediates.noindex/Firebase.build/Debug-iphoneos/FirebaseMessaging.build/Objects-normal/arm64/FIRMessagingTokenInfo.dia -c /Users/emanuelflury/Library/Developer/Xcode/DerivedData/TaxedGmbH_IOS-gerngfqzuwudosgobknlgtoawnlj/SourcePackages/checkouts/firebase-ios-sdk/FirebaseMessaging/Sources/Token/FIRMessagingTokenInfo.m -o /Users/emanuelflury/Library/Developer/Xcode/DerivedData/TaxedGmbH_IOS-gerngfqzuwudosgobknlgtoawnlj/Build/Intermediates.noindex/Firebase.build/Debug-iphoneos/FirebaseMessaging.build/Objects-normal/arm64/FIRMessagingTokenInfo.o -index-unit-output-path /Firebase.build/Debug-iphoneos/FirebaseMessaging.build/Objects-normal/arm64/FIRMessagingTokenInfo.o

PrecompileModule /Users/emanuelflury/Library/Developer/Xcode/DerivedData/TaxedGmbH_IOS-gerngfqzuwudosgobknlgtoawnlj/Build/Intermediates.noindex/ExplicitPrecompiledModules/UIKit-7BH6CN2D71MNRSIWFDP925XLK.scan
    cd /
    builtin-precompileModule /Users/emanuelflury/Library/Developer/Xcode/DerivedData/TaxedGmbH_IOS-gerngfqzuwudosgobknlgtoawnlj/Build/Intermediates.noindex/ExplicitPrecompiledModules/UIKit-7BH6CN2D71MNRSIWFDP925XLK.scan

ScanDependencies /Users/emanuelflury/Library/Developer/Xcode/DerivedData/TaxedGmbH_IOS-gerngfqzuwudosgobknlgtoawnlj/Build/Intermediates.noindex/Firebase.build/Debug-iphoneos/FirebaseMessaging.build/Objects-normal/arm64/FIRMessagingTokenFetchOperation.o /Users/emanuelflury/Library/Developer/Xcode/DerivedData/TaxedGmbH_IOS-gerngfqzuwudosgobknlgtoawnlj/SourcePackages/checkouts/firebase-ios-sdk/FirebaseMessaging/Sources/Token/FIRMessagingTokenFetchOperation.m normal arm64 objective-c com.apple.compilers.llvm.clang.1_0.compiler (in target 'FirebaseMessaging' from project 'Firebase')
    cd /Users/emanuelflury/github/TaxedGmbH_IOS/TaxedGmbH_IOS.xcodeproj
    
    Using response file: /Users/emanuelflury/Library/Developer/Xcode/DerivedData/TaxedGmbH_IOS-gerngfqzuwudosgobknlgtoawnlj/Build/Intermediates.noindex/Firebase.build/Debug-iphoneos/FirebaseMessaging.build/Objects-normal/arm64/e6072d4f65d7061329687fe24e3d63a7-common-args.resp
    
    builtin-ScanDependencies -o /Users/emanuelflury/Library/Developer/Xcode/DerivedData/TaxedGmbH_IOS-gerngfqzuwudosgobknlgtoawnlj/Build/Intermediates.noindex/Firebase.build/Debug-iphoneos/FirebaseMessaging.build/Objects-normal/arm64/FIRMessagingTokenFetchOperation.o.scan -- /Applications/Xcode.app/Contents/Developer/Toolchains/XcodeDefault.xctoolchain/usr/bin/clang -x objective-c -ivfsstatcache /Users/emanuelflury/Library/Developer/Xcode/DerivedData/SDKStatCaches.noindex/iphoneos26.1-23B77-69b33fc7382b27d9b5d46e82a00f8e78.sdkstatcache -fmessage-length\=0 -fdiagnostics-show-note-include-stack -fmacro-backtrace-limit\=0 -fno-color-diagnostics -fmodules-prune-interval\=86400 -fmodules-prune-after\=345600 -fbuild-session-file\=/Users/emanuelflury/Library/Developer/Xcode/DerivedData/ModuleCache.noindex/Session.modulevalidation -fmodules-validate-once-per-build-session -Wnon-modular-include-in-framework-module -Werror\=non-modular-include-in-framework-module -Wno-trigraphs -Wno-missing-field-initializers -Wno-missing-prototypes -Wno-return-type -Wno-implicit-atomic-properties -Wno-objc-interface-ivars -Wno-arc-repeated-use-of-weak -Wno-missing-braces -Wparentheses -Wswitch -Wno-unused-function -Wno-unused-label -Wno-unused-parameter -Wno-unused-variable -Wunused-value -Wno-empty-body -Wno-uninitialized -Wno-unknown-pragmas -w -Wno-shadow -Wno-four-char-constants -Wno-conversion -Wno-constant-conversion -Wno-int-conversion -Wno-bool-conversion -Wno-enum-conversion -Wno-float-conversion -Wno-non-literal-null-conversion -Wno-objc-literal-conversion -Wshorten-64-to-32 -Wpointer-sign -Wno-newline-eof -Wno-selector -Wno-strict-selector-match -Wno-undeclared-selector -Wno-deprecated-implementations -Wno-implicit-fallthrough -fstrict-aliasing -Wprotocol -Wdeprecated-declarations -Wno-sign-conversion -Wno-infinite-recursion -Wno-comma -Wno-block-capture-autoreleasing -Wno-strict-prototypes -Wno-semicolon-before-method-body -index-store-path /Users/emanuelflury/Library/Developer/Xcode/DerivedData/TaxedGmbH_IOS-gerngfqzuwudosgobknlgtoawnlj/Index.noindex/DataStore @/Users/emanuelflury/Library/Developer/Xcode/DerivedData/TaxedGmbH_IOS-gerngfqzuwudosgobknlgtoawnlj/Build/Intermediates.noindex/Firebase.build/Debug-iphoneos/FirebaseMessaging.build/Objects-normal/arm64/e6072d4f65d7061329687fe24e3d63a7-common-args.resp -include /Users/emanuelflury/Library/Developer/Xcode/DerivedData/TaxedGmbH_IOS-gerngfqzuwudosgobknlgtoawnlj/Build/Intermediates.noindex/Firebase.build/Debug-iphoneos/FirebaseMessaging.build/DerivedSources/resource_bundle_accessor.h -MMD -MT dependencies -MF /Users/emanuelflury/Library/Developer/Xcode/DerivedData/TaxedGmbH_IOS-gerngfqzuwudosgobknlgtoawnlj/Build/Intermediates.noindex/Firebase.build/Debug-iphoneos/FirebaseMessaging.build/Objects-normal/arm64/FIRMessagingTokenFetchOperation.d --serialize-diagnostics /Users/emanuelflury/Library/Developer/Xcode/DerivedData/TaxedGmbH_IOS-gerngfqzuwudosgobknlgtoawnlj/Build/Intermediates.noindex/Firebase.build/Debug-iphoneos/FirebaseMessaging.build/Objects-normal/arm64/FIRMessagingTokenFetchOperation.dia -c /Users/emanuelflury/Library/Developer/Xcode/DerivedData/TaxedGmbH_IOS-gerngfqzuwudosgobknlgtoawnlj/SourcePackages/checkouts/firebase-ios-sdk/FirebaseMessaging/Sources/Token/FIRMessagingTokenFetchOperation.m -o /Users/emanuelflury/Library/Developer/Xcode/DerivedData/TaxedGmbH_IOS-gerngfqzuwudosgobknlgtoawnlj/Build/Intermediates.noindex/Firebase.build/Debug-iphoneos/FirebaseMessaging.build/Objects-normal/arm64/FIRMessagingTokenFetchOperation.o -index-unit-output-path /Firebase.build/Debug-iphoneos/FirebaseMessaging.build/Objects-normal/arm64/FIRMessagingTokenFetchOperation.o

SwiftExplicitDependencyGeneratePcm arm64 /Users/emanuelflury/Library/Developer/Xcode/DerivedData/TaxedGmbH_IOS-gerngfqzuwudosgobknlgtoawnlj/Build/Intermediates.noindex/SwiftExplicitPrecompiledModules/FirebaseCoreExtension-8CLHVH6MITNFJC6SVF188A7LK.pcm

ScanDependencies /Users/emanuelflury/Library/Developer/Xcode/DerivedData/TaxedGmbH_IOS-gerngfqzuwudosgobknlgtoawnlj/Build/Intermediates.noindex/Firebase.build/Debug-iphoneos/FirebaseMessaging.build/Objects-normal/arm64/FIRMessagingTokenDeleteOperation.o /Users/emanuelflury/Library/Developer/Xcode/DerivedData/TaxedGmbH_IOS-gerngfqzuwudosgobknlgtoawnlj/SourcePackages/checkouts/firebase-ios-sdk/FirebaseMessaging/Sources/Token/FIRMessagingTokenDeleteOperation.m normal arm64 objective-c com.apple.compilers.llvm.clang.1_0.compiler (in target 'FirebaseMessaging' from project 'Firebase')
    cd /Users/emanuelflury/github/TaxedGmbH_IOS/TaxedGmbH_IOS.xcodeproj
    
    Using response file: /Users/emanuelflury/Library/Developer/Xcode/DerivedData/TaxedGmbH_IOS-gerngfqzuwudosgobknlgtoawnlj/Build/Intermediates.noindex/Firebase.build/Debug-iphoneos/FirebaseMessaging.build/Objects-normal/arm64/e6072d4f65d7061329687fe24e3d63a7-common-args.resp
    
    builtin-ScanDependencies -o /Users/emanuelflury/Library/Developer/Xcode/DerivedData/TaxedGmbH_IOS-gerngfqzuwudosgobknlgtoawnlj/Build/Intermediates.noindex/Firebase.build/Debug-iphoneos/FirebaseMessaging.build/Objects-normal/arm64/FIRMessagingTokenDeleteOperation.o.scan -- /Applications/Xcode.app/Contents/Developer/Toolchains/XcodeDefault.xctoolchain/usr/bin/clang -x objective-c -ivfsstatcache /Users/emanuelflury/Library/Developer/Xcode/DerivedData/SDKStatCaches.noindex/iphoneos26.1-23B77-69b33fc7382b27d9b5d46e82a00f8e78.sdkstatcache -fmessage-length\=0 -fdiagnostics-show-note-include-stack -fmacro-backtrace-limit\=0 -fno-color-diagnostics -fmodules-prune-interval\=86400 -fmodules-prune-after\=345600 -fbuild-session-file\=/Users/emanuelflury/Library/Developer/Xcode/DerivedData/ModuleCache.noindex/Session.modulevalidation -fmodules-validate-once-per-build-session -Wnon-modular-include-in-framework-module -Werror\=non-modular-include-in-framework-module -Wno-trigraphs -Wno-missing-field-initializers -Wno-missing-prototypes -Wno-return-type -Wno-implicit-atomic-properties -Wno-objc-interface-ivars -Wno-arc-repeated-use-of-weak -Wno-missing-braces -Wparentheses -Wswitch -Wno-unused-function -Wno-unused-label -Wno-unused-parameter -Wno-unused-variable -Wunused-value -Wno-empty-body -Wno-uninitialized -Wno-unknown-pragmas -w -Wno-shadow -Wno-four-char-constants -Wno-conversion -Wno-constant-conversion -Wno-int-conversion -Wno-bool-conversion -Wno-enum-conversion -Wno-float-conversion -Wno-non-literal-null-conversion -Wno-objc-literal-conversion -Wshorten-64-to-32 -Wpointer-sign -Wno-newline-eof -Wno-selector -Wno-strict-selector-match -Wno-undeclared-selector -Wno-deprecated-implementations -Wno-implicit-fallthrough -fstrict-aliasing -Wprotocol -Wdeprecated-declarations -Wno-sign-conversion -Wno-infinite-recursion -Wno-comma -Wno-block-capture-autoreleasing -Wno-strict-prototypes -Wno-semicolon-before-method-body -index-store-path /Users/emanuelflury/Library/Developer/Xcode/DerivedData/TaxedGmbH_IOS-gerngfqzuwudosgobknlgtoawnlj/Index.noindex/DataStore @/Users/emanuelflury/Library/Developer/Xcode/DerivedData/TaxedGmbH_IOS-gerngfqzuwudosgobknlgtoawnlj/Build/Intermediates.noindex/Firebase.build/Debug-iphoneos/FirebaseMessaging.build/Objects-normal/arm64/e6072d4f65d7061329687fe24e3d63a7-common-args.resp -include /Users/emanuelflury/Library/Developer/Xcode/DerivedData/TaxedGmbH_IOS-gerngfqzuwudosgobknlgtoawnlj/Build/Intermediates.noindex/Firebase.build/Debug-iphoneos/FirebaseMessaging.build/DerivedSources/resource_bundle_accessor.h -MMD -MT dependencies -MF /Users/emanuelflury/Library/Developer/Xcode/DerivedData/TaxedGmbH_IOS-gerngfqzuwudosgobknlgtoawnlj/Build/Intermediates.noindex/Firebase.build/Debug-iphoneos/FirebaseMessaging.build/Objects-normal/arm64/FIRMessagingTokenDeleteOperation.d --serialize-diagnostics /Users/emanuelflury/Library/Developer/Xcode/DerivedData/TaxedGmbH_IOS-gerngfqzuwudosgobknlgtoawnlj/Build/Intermediates.noindex/Firebase.build/Debug-iphoneos/FirebaseMessaging.build/Objects-normal/arm64/FIRMessagingTokenDeleteOperation.dia -c /Users/emanuelflury/Library/Developer/Xcode/DerivedData/TaxedGmbH_IOS-gerngfqzuwudosgobknlgtoawnlj/SourcePackages/checkouts/firebase-ios-sdk/FirebaseMessaging/Sources/Token/FIRMessagingTokenDeleteOperation.m -o /Users/emanuelflury/Library/Developer/Xcode/DerivedData/TaxedGmbH_IOS-gerngfqzuwudosgobknlgtoawnlj/Build/Intermediates.noindex/Firebase.build/Debug-iphoneos/FirebaseMessaging.build/Objects-normal/arm64/FIRMessagingTokenDeleteOperation.o -index-unit-output-path /Firebase.build/Debug-iphoneos/FirebaseMessaging.build/Objects-normal/arm64/FIRMessagingTokenDeleteOperation.o

ScanDependencies /Users/emanuelflury/Library/Developer/Xcode/DerivedData/TaxedGmbH_IOS-gerngfqzuwudosgobknlgtoawnlj/Build/Intermediates.noindex/Firebase.build/Debug-iphoneos/FirebaseMessaging.build/Objects-normal/arm64/FIRMessagingSyncMessageManager.o /Users/emanuelflury/Library/Developer/Xcode/DerivedData/TaxedGmbH_IOS-gerngfqzuwudosgobknlgtoawnlj/SourcePackages/checkouts/firebase-ios-sdk/FirebaseMessaging/Sources/FIRMessagingSyncMessageManager.m normal arm64 objective-c com.apple.compilers.llvm.clang.1_0.compiler (in target 'FirebaseMessaging' from project 'Firebase')
    cd /Users/emanuelflury/github/TaxedGmbH_IOS/TaxedGmbH_IOS.xcodeproj
    
    Using response file: /Users/emanuelflury/Library/Developer/Xcode/DerivedData/TaxedGmbH_IOS-gerngfqzuwudosgobknlgtoawnlj/Build/Intermediates.noindex/Firebase.build/Debug-iphoneos/FirebaseMessaging.build/Objects-normal/arm64/e6072d4f65d7061329687fe24e3d63a7-common-args.resp
    
    builtin-ScanDependencies -o /Users/emanuelflury/Library/Developer/Xcode/DerivedData/TaxedGmbH_IOS-gerngfqzuwudosgobknlgtoawnlj/Build/Intermediates.noindex/Firebase.build/Debug-iphoneos/FirebaseMessaging.build/Objects-normal/arm64/FIRMessagingSyncMessageManager.o.scan -- /Applications/Xcode.app/Contents/Developer/Toolchains/XcodeDefault.xctoolchain/usr/bin/clang -x objective-c -ivfsstatcache /Users/emanuelflury/Library/Developer/Xcode/DerivedData/SDKStatCaches.noindex/iphoneos26.1-23B77-69b33fc7382b27d9b5d46e82a00f8e78.sdkstatcache -fmessage-length\=0 -fdiagnostics-show-note-include-stack -fmacro-backtrace-limit\=0 -fno-color-diagnostics -fmodules-prune-interval\=86400 -fmodules-prune-after\=345600 -fbuild-session-file\=/Users/emanuelflury/Library/Developer/Xcode/DerivedData/ModuleCache.noindex/Session.modulevalidation -fmodules-validate-once-per-build-session -Wnon-modular-include-in-framework-module -Werror\=non-modular-include-in-framework-module -Wno-trigraphs -Wno-missing-field-initializers -Wno-missing-prototypes -Wno-return-type -Wno-implicit-atomic-properties -Wno-objc-interface-ivars -Wno-arc-repeated-use-of-weak -Wno-missing-braces -Wparentheses -Wswitch -Wno-unused-function -Wno-unused-label -Wno-unused-parameter -Wno-unused-variable -Wunused-value -Wno-empty-body -Wno-uninitialized -Wno-unknown-pragmas -w -Wno-shadow -Wno-four-char-constants -Wno-conversion -Wno-constant-conversion -Wno-int-conversion -Wno-bool-conversion -Wno-enum-conversion -Wno-float-conversion -Wno-non-literal-null-conversion -Wno-objc-literal-conversion -Wshorten-64-to-32 -Wpointer-sign -Wno-newline-eof -Wno-selector -Wno-strict-selector-match -Wno-undeclared-selector -Wno-deprecated-implementations -Wno-implicit-fallthrough -fstrict-aliasing -Wprotocol -Wdeprecated-declarations -Wno-sign-conversion -Wno-infinite-recursion -Wno-comma -Wno-block-capture-autoreleasing -Wno-strict-prototypes -Wno-semicolon-before-method-body -index-store-path /Users/emanuelflury/Library/Developer/Xcode/DerivedData/TaxedGmbH_IOS-gerngfqzuwudosgobknlgtoawnlj/Index.noindex/DataStore @/Users/emanuelflury/Library/Developer/Xcode/DerivedData/TaxedGmbH_IOS-gerngfqzuwudosgobknlgtoawnlj/Build/Intermediates.noindex/Firebase.build/Debug-iphoneos/FirebaseMessaging.build/Objects-normal/arm64/e6072d4f65d7061329687fe24e3d63a7-common-args.resp -include /Users/emanuelflury/Library/Developer/Xcode/DerivedData/TaxedGmbH_IOS-gerngfqzuwudosgobknlgtoawnlj/Build/Intermediates.noindex/Firebase.build/Debug-iphoneos/FirebaseMessaging.build/DerivedSources/resource_bundle_accessor.h -MMD -MT dependencies -MF /Users/emanuelflury/Library/Developer/Xcode/DerivedData/TaxedGmbH_IOS-gerngfqzuwudosgobknlgtoawnlj/Build/Intermediates.noindex/Firebase.build/Debug-iphoneos/FirebaseMessaging.build/Objects-normal/arm64/FIRMessagingSyncMessageManager.d --serialize-diagnostics /Users/emanuelflury/Library/Developer/Xcode/DerivedData/TaxedGmbH_IOS-gerngfqzuwudosgobknlgtoawnlj/Build/Intermediates.noindex/Firebase.build/Debug-iphoneos/FirebaseMessaging.build/Objects-normal/arm64/FIRMessagingSyncMessageManager.dia -c /Users/emanuelflury/Library/Developer/Xcode/DerivedData/TaxedGmbH_IOS-gerngfqzuwudosgobknlgtoawnlj/SourcePackages/checkouts/firebase-ios-sdk/FirebaseMessaging/Sources/FIRMessagingSyncMessageManager.m -o /Users/emanuelflury/Library/Developer/Xcode/DerivedData/TaxedGmbH_IOS-gerngfqzuwudosgobknlgtoawnlj/Build/Intermediates.noindex/Firebase.build/Debug-iphoneos/FirebaseMessaging.build/Objects-normal/arm64/FIRMessagingSyncMessageManager.o -index-unit-output-path /Firebase.build/Debug-iphoneos/FirebaseMessaging.build/Objects-normal/arm64/FIRMessagingSyncMessageManager.o

ScanDependencies /Users/emanuelflury/Library/Developer/Xcode/DerivedData/TaxedGmbH_IOS-gerngfqzuwudosgobknlgtoawnlj/Build/Intermediates.noindex/Firebase.build/Debug-iphoneos/FirebaseMessaging.build/Objects-normal/arm64/FIRMessagingRmqManager.o /Users/emanuelflury/Library/Developer/Xcode/DerivedData/TaxedGmbH_IOS-gerngfqzuwudosgobknlgtoawnlj/SourcePackages/checkouts/firebase-ios-sdk/FirebaseMessaging/Sources/FIRMessagingRmqManager.m normal arm64 objective-c com.apple.compilers.llvm.clang.1_0.compiler (in target 'FirebaseMessaging' from project 'Firebase')
    cd /Users/emanuelflury/github/TaxedGmbH_IOS/TaxedGmbH_IOS.xcodeproj
    
    Using response file: /Users/emanuelflury/Library/Developer/Xcode/DerivedData/TaxedGmbH_IOS-gerngfqzuwudosgobknlgtoawnlj/Build/Intermediates.noindex/Firebase.build/Debug-iphoneos/FirebaseMessaging.build/Objects-normal/arm64/e6072d4f65d7061329687fe24e3d63a7-common-args.resp
    
    builtin-ScanDependencies -o /Users/emanuelflury/Library/Developer/Xcode/DerivedData/TaxedGmbH_IOS-gerngfqzuwudosgobknlgtoawnlj/Build/Intermediates.noindex/Firebase.build/Debug-iphoneos/FirebaseMessaging.build/Objects-normal/arm64/FIRMessagingRmqManager.o.scan -- /Applications/Xcode.app/Contents/Developer/Toolchains/XcodeDefault.xctoolchain/usr/bin/clang -x objective-c -ivfsstatcache /Users/emanuelflury/Library/Developer/Xcode/DerivedData/SDKStatCaches.noindex/iphoneos26.1-23B77-69b33fc7382b27d9b5d46e82a00f8e78.sdkstatcache -fmessage-length\=0 -fdiagnostics-show-note-include-stack -fmacro-backtrace-limit\=0 -fno-color-diagnostics -fmodules-prune-interval\=86400 -fmodules-prune-after\=345600 -fbuild-session-file\=/Users/emanuelflury/Library/Developer/Xcode/DerivedData/ModuleCache.noindex/Session.modulevalidation -fmodules-validate-once-per-build-session -Wnon-modular-include-in-framework-module -Werror\=non-modular-include-in-framework-module -Wno-trigraphs -Wno-missing-field-initializers -Wno-missing-prototypes -Wno-return-type -Wno-implicit-atomic-properties -Wno-objc-interface-ivars -Wno-arc-repeated-use-of-weak -Wno-missing-braces -Wparentheses -Wswitch -Wno-unused-function -Wno-unused-label -Wno-unused-parameter -Wno-unused-variable -Wunused-value -Wno-empty-body -Wno-uninitialized -Wno-unknown-pragmas -w -Wno-shadow -Wno-four-char-constants -Wno-conversion -Wno-constant-conversion -Wno-int-conversion -Wno-bool-conversion -Wno-enum-conversion -Wno-float-conversion -Wno-non-literal-null-conversion -Wno-objc-literal-conversion -Wshorten-64-to-32 -Wpointer-sign -Wno-newline-eof -Wno-selector -Wno-strict-selector-match -Wno-undeclared-selector -Wno-deprecated-implementations -Wno-implicit-fallthrough -fstrict-aliasing -Wprotocol -Wdeprecated-declarations -Wno-sign-conversion -Wno-infinite-recursion -Wno-comma -Wno-block-capture-autoreleasing -Wno-strict-prototypes -Wno-semicolon-before-method-body -index-store-path /Users/emanuelflury/Library/Developer/Xcode/DerivedData/TaxedGmbH_IOS-gerngfqzuwudosgobknlgtoawnlj/Index.noindex/DataStore @/Users/emanuelflury/Library/Developer/Xcode/DerivedData/TaxedGmbH_IOS-gerngfqzuwudosgobknlgtoawnlj/Build/Intermediates.noindex/Firebase.build/Debug-iphoneos/FirebaseMessaging.build/Objects-normal/arm64/e6072d4f65d7061329687fe24e3d63a7-common-args.resp -include /Users/emanuelflury/Library/Developer/Xcode/DerivedData/TaxedGmbH_IOS-gerngfqzuwudosgobknlgtoawnlj/Build/Intermediates.noindex/Firebase.build/Debug-iphoneos/FirebaseMessaging.build/DerivedSources/resource_bundle_accessor.h -MMD -MT dependencies -MF /Users/emanuelflury/Library/Developer/Xcode/DerivedData/TaxedGmbH_IOS-gerngfqzuwudosgobknlgtoawnlj/Build/Intermediates.noindex/Firebase.build/Debug-iphoneos/FirebaseMessaging.build/Objects-normal/arm64/FIRMessagingRmqManager.d --serialize-diagnostics /Users/emanuelflury/Library/Developer/Xcode/DerivedData/TaxedGmbH_IOS-gerngfqzuwudosgobknlgtoawnlj/Build/Intermediates.noindex/Firebase.build/Debug-iphoneos/FirebaseMessaging.build/Objects-normal/arm64/FIRMessagingRmqManager.dia -c /Users/emanuelflury/Library/Developer/Xcode/DerivedData/TaxedGmbH_IOS-gerngfqzuwudosgobknlgtoawnlj/SourcePackages/checkouts/firebase-ios-sdk/FirebaseMessaging/Sources/FIRMessagingRmqManager.m -o /Users/emanuelflury/Library/Developer/Xcode/DerivedData/TaxedGmbH_IOS-gerngfqzuwudosgobknlgtoawnlj/Build/Intermediates.noindex/Firebase.build/Debug-iphoneos/FirebaseMessaging.build/Objects-normal/arm64/FIRMessagingRmqManager.o -index-unit-output-path /Firebase.build/Debug-iphoneos/FirebaseMessaging.build/Objects-normal/arm64/FIRMessagingRmqManager.o

PrecompileModule /Users/emanuelflury/Library/Developer/Xcode/DerivedData/TaxedGmbH_IOS-gerngfqzuwudosgobknlgtoawnlj/Build/Intermediates.noindex/ExplicitPrecompiledModules/_Builtin_stdint-9GDDYLBTH2FOBZC4F3YS2HS4B.scan
    cd /
    builtin-precompileModule /Users/emanuelflury/Library/Developer/Xcode/DerivedData/TaxedGmbH_IOS-gerngfqzuwudosgobknlgtoawnlj/Build/Intermediates.noindex/ExplicitPrecompiledModules/_Builtin_stdint-9GDDYLBTH2FOBZC4F3YS2HS4B.scan

ScanDependencies /Users/emanuelflury/Library/Developer/Xcode/DerivedData/TaxedGmbH_IOS-gerngfqzuwudosgobknlgtoawnlj/Build/Intermediates.noindex/Firebase.build/Debug-iphoneos/FirebaseMessaging.build/Objects-normal/arm64/FIRMessagingRemoteNotificationsProxy.o /Users/emanuelflury/Library/Developer/Xcode/DerivedData/TaxedGmbH_IOS-gerngfqzuwudosgobknlgtoawnlj/SourcePackages/checkouts/firebase-ios-sdk/FirebaseMessaging/Sources/FIRMessagingRemoteNotificationsProxy.m normal arm64 objective-c com.apple.compilers.llvm.clang.1_0.compiler (in target 'FirebaseMessaging' from project 'Firebase')
    cd /Users/emanuelflury/github/TaxedGmbH_IOS/TaxedGmbH_IOS.xcodeproj
    
    Using response file: /Users/emanuelflury/Library/Developer/Xcode/DerivedData/TaxedGmbH_IOS-gerngfqzuwudosgobknlgtoawnlj/Build/Intermediates.noindex/Firebase.build/Debug-iphoneos/FirebaseMessaging.build/Objects-normal/arm64/e6072d4f65d7061329687fe24e3d63a7-common-args.resp
    
    builtin-ScanDependencies -o /Users/emanuelflury/Library/Developer/Xcode/DerivedData/TaxedGmbH_IOS-gerngfqzuwudosgobknlgtoawnlj/Build/Intermediates.noindex/Firebase.build/Debug-iphoneos/FirebaseMessaging.build/Objects-normal/arm64/FIRMessagingRemoteNotificationsProxy.o.scan -- /Applications/Xcode.app/Contents/Developer/Toolchains/XcodeDefault.xctoolchain/usr/bin/clang -x objective-c -ivfsstatcache /Users/emanuelflury/Library/Developer/Xcode/DerivedData/SDKStatCaches.noindex/iphoneos26.1-23B77-69b33fc7382b27d9b5d46e82a00f8e78.sdkstatcache -fmessage-length\=0 -fdiagnostics-show-note-include-stack -fmacro-backtrace-limit\=0 -fno-color-diagnostics -fmodules-prune-interval\=86400 -fmodules-prune-after\=345600 -fbuild-session-file\=/Users/emanuelflury/Library/Developer/Xcode/DerivedData/ModuleCache.noindex/Session.modulevalidation -fmodules-validate-once-per-build-session -Wnon-modular-include-in-framework-module -Werror\=non-modular-include-in-framework-module -Wno-trigraphs -Wno-missing-field-initializers -Wno-missing-prototypes -Wno-return-type -Wno-implicit-atomic-properties -Wno-objc-interface-ivars -Wno-arc-repeated-use-of-weak -Wno-missing-braces -Wparentheses -Wswitch -Wno-unused-function -Wno-unused-label -Wno-unused-parameter -Wno-unused-variable -Wunused-value -Wno-empty-body -Wno-uninitialized -Wno-unknown-pragmas -w -Wno-shadow -Wno-four-char-constants -Wno-conversion -Wno-constant-conversion -Wno-int-conversion -Wno-bool-conversion -Wno-enum-conversion -Wno-float-conversion -Wno-non-literal-null-conversion -Wno-objc-literal-conversion -Wshorten-64-to-32 -Wpointer-sign -Wno-newline-eof -Wno-selector -Wno-strict-selector-match -Wno-undeclared-selector -Wno-deprecated-implementations -Wno-implicit-fallthrough -fstrict-aliasing -Wprotocol -Wdeprecated-declarations -Wno-sign-conversion -Wno-infinite-recursion -Wno-comma -Wno-block-capture-autoreleasing -Wno-strict-prototypes -Wno-semicolon-before-method-body -index-store-path /Users/emanuelflury/Library/Developer/Xcode/DerivedData/TaxedGmbH_IOS-gerngfqzuwudosgobknlgtoawnlj/Index.noindex/DataStore @/Users/emanuelflury/Library/Developer/Xcode/DerivedData/TaxedGmbH_IOS-gerngfqzuwudosgobknlgtoawnlj/Build/Intermediates.noindex/Firebase.build/Debug-iphoneos/FirebaseMessaging.build/Objects-normal/arm64/e6072d4f65d7061329687fe24e3d63a7-common-args.resp -include /Users/emanuelflury/Library/Developer/Xcode/DerivedData/TaxedGmbH_IOS-gerngfqzuwudosgobknlgtoawnlj/Build/Intermediates.noindex/Firebase.build/Debug-iphoneos/FirebaseMessaging.build/DerivedSources/resource_bundle_accessor.h -MMD -MT dependencies -MF /Users/emanuelflury/Library/Developer/Xcode/DerivedData/TaxedGmbH_IOS-gerngfqzuwudosgobknlgtoawnlj/Build/Intermediates.noindex/Firebase.build/Debug-iphoneos/FirebaseMessaging.build/Objects-normal/arm64/FIRMessagingRemoteNotificationsProxy.d --serialize-diagnostics /Users/emanuelflury/Library/Developer/Xcode/DerivedData/TaxedGmbH_IOS-gerngfqzuwudosgobknlgtoawnlj/Build/Intermediates.noindex/Firebase.build/Debug-iphoneos/FirebaseMessaging.build/Objects-normal/arm64/FIRMessagingRemoteNotificationsProxy.dia -c /Users/emanuelflury/Library/Developer/Xcode/DerivedData/TaxedGmbH_IOS-gerngfqzuwudosgobknlgtoawnlj/SourcePackages/checkouts/firebase-ios-sdk/FirebaseMessaging/Sources/FIRMessagingRemoteNotificationsProxy.m -o /Users/emanuelflury/Library/Developer/Xcode/DerivedData/TaxedGmbH_IOS-gerngfqzuwudosgobknlgtoawnlj/Build/Intermediates.noindex/Firebase.build/Debug-iphoneos/FirebaseMessaging.build/Objects-normal/arm64/FIRMessagingRemoteNotificationsProxy.o -index-unit-output-path /Firebase.build/Debug-iphoneos/FirebaseMessaging.build/Objects-normal/arm64/FIRMessagingRemoteNotificationsProxy.o

PrecompileModule /Users/emanuelflury/Library/Developer/Xcode/DerivedData/TaxedGmbH_IOS-gerngfqzuwudosgobknlgtoawnlj/Build/Intermediates.noindex/ExplicitPrecompiledModules/_Builtin_stdint-CHOLSZ3CA5JLK05Z9LQT77PT2.scan
    cd /
    builtin-precompileModule /Users/emanuelflury/Library/Developer/Xcode/DerivedData/TaxedGmbH_IOS-gerngfqzuwudosgobknlgtoawnlj/Build/Intermediates.noindex/ExplicitPrecompiledModules/_Builtin_stdint-CHOLSZ3CA5JLK05Z9LQT77PT2.scan

ScanDependencies /Users/emanuelflury/Library/Developer/Xcode/DerivedData/TaxedGmbH_IOS-gerngfqzuwudosgobknlgtoawnlj/Build/Intermediates.noindex/Firebase.build/Debug-iphoneos/FirebaseMessaging.build/Objects-normal/arm64/FIRMessagingPubSub.o /Users/emanuelflury/Library/Developer/Xcode/DerivedData/TaxedGmbH_IOS-gerngfqzuwudosgobknlgtoawnlj/SourcePackages/checkouts/firebase-ios-sdk/FirebaseMessaging/Sources/FIRMessagingPubSub.m normal arm64 objective-c com.apple.compilers.llvm.clang.1_0.compiler (in target 'FirebaseMessaging' from project 'Firebase')
    cd /Users/emanuelflury/github/TaxedGmbH_IOS/TaxedGmbH_IOS.xcodeproj
    
    Using response file: /Users/emanuelflury/Library/Developer/Xcode/DerivedData/TaxedGmbH_IOS-gerngfqzuwudosgobknlgtoawnlj/Build/Intermediates.noindex/Firebase.build/Debug-iphoneos/FirebaseMessaging.build/Objects-normal/arm64/e6072d4f65d7061329687fe24e3d63a7-common-args.resp
    
    builtin-ScanDependencies -o /Users/emanuelflury/Library/Developer/Xcode/DerivedData/TaxedGmbH_IOS-gerngfqzuwudosgobknlgtoawnlj/Build/Intermediates.noindex/Firebase.build/Debug-iphoneos/FirebaseMessaging.build/Objects-normal/arm64/FIRMessagingPubSub.o.scan -- /Applications/Xcode.app/Contents/Developer/Toolchains/XcodeDefault.xctoolchain/usr/bin/clang -x objective-c -ivfsstatcache /Users/emanuelflury/Library/Developer/Xcode/DerivedData/SDKStatCaches.noindex/iphoneos26.1-23B77-69b33fc7382b27d9b5d46e82a00f8e78.sdkstatcache -fmessage-length\=0 -fdiagnostics-show-note-include-stack -fmacro-backtrace-limit\=0 -fno-color-diagnostics -fmodules-prune-interval\=86400 -fmodules-prune-after\=345600 -fbuild-session-file\=/Users/emanuelflury/Library/Developer/Xcode/DerivedData/ModuleCache.noindex/Session.modulevalidation -fmodules-validate-once-per-build-session -Wnon-modular-include-in-framework-module -Werror\=non-modular-include-in-framework-module -Wno-trigraphs -Wno-missing-field-initializers -Wno-missing-prototypes -Wno-return-type -Wno-implicit-atomic-properties -Wno-objc-interface-ivars -Wno-arc-repeated-use-of-weak -Wno-missing-braces -Wparentheses -Wswitch -Wno-unused-function -Wno-unused-label -Wno-unused-parameter -Wno-unused-variable -Wunused-value -Wno-empty-body -Wno-uninitialized -Wno-unknown-pragmas -w -Wno-shadow -Wno-four-char-constants -Wno-conversion -Wno-constant-conversion -Wno-int-conversion -Wno-bool-conversion -Wno-enum-conversion -Wno-float-conversion -Wno-non-literal-null-conversion -Wno-objc-literal-conversion -Wshorten-64-to-32 -Wpointer-sign -Wno-newline-eof -Wno-selector -Wno-strict-selector-match -Wno-undeclared-selector -Wno-deprecated-implementations -Wno-implicit-fallthrough -fstrict-aliasing -Wprotocol -Wdeprecated-declarations -Wno-sign-conversion -Wno-infinite-recursion -Wno-comma -Wno-block-capture-autoreleasing -Wno-strict-prototypes -Wno-semicolon-before-method-body -index-store-path /Users/emanuelflury/Library/Developer/Xcode/DerivedData/TaxedGmbH_IOS-gerngfqzuwudosgobknlgtoawnlj/Index.noindex/DataStore @/Users/emanuelflury/Library/Developer/Xcode/DerivedData/TaxedGmbH_IOS-gerngfqzuwudosgobknlgtoawnlj/Build/Intermediates.noindex/Firebase.build/Debug-iphoneos/FirebaseMessaging.build/Objects-normal/arm64/e6072d4f65d7061329687fe24e3d63a7-common-args.resp -include /Users/emanuelflury/Library/Developer/Xcode/DerivedData/TaxedGmbH_IOS-gerngfqzuwudosgobknlgtoawnlj/Build/Intermediates.noindex/Firebase.build/Debug-iphoneos/FirebaseMessaging.build/DerivedSources/resource_bundle_accessor.h -MMD -MT dependencies -MF /Users/emanuelflury/Library/Developer/Xcode/DerivedData/TaxedGmbH_IOS-gerngfqzuwudosgobknlgtoawnlj/Build/Intermediates.noindex/Firebase.build/Debug-iphoneos/FirebaseMessaging.build/Objects-normal/arm64/FIRMessagingPubSub.d --serialize-diagnostics /Users/emanuelflury/Library/Developer/Xcode/DerivedData/TaxedGmbH_IOS-gerngfqzuwudosgobknlgtoawnlj/Build/Intermediates.noindex/Firebase.build/Debug-iphoneos/FirebaseMessaging.build/Objects-normal/arm64/FIRMessagingPubSub.dia -c /Users/emanuelflury/Library/Developer/Xcode/DerivedData/TaxedGmbH_IOS-gerngfqzuwudosgobknlgtoawnlj/SourcePackages/checkouts/firebase-ios-sdk/FirebaseMessaging/Sources/FIRMessagingPubSub.m -o /Users/emanuelflury/Library/Developer/Xcode/DerivedData/TaxedGmbH_IOS-gerngfqzuwudosgobknlgtoawnlj/Build/Intermediates.noindex/Firebase.build/Debug-iphoneos/FirebaseMessaging.build/Objects-normal/arm64/FIRMessagingPubSub.o -index-unit-output-path /Firebase.build/Debug-iphoneos/FirebaseMessaging.build/Objects-normal/arm64/FIRMessagingPubSub.o

PrecompileModule /Users/emanuelflury/Library/Developer/Xcode/DerivedData/TaxedGmbH_IOS-gerngfqzuwudosgobknlgtoawnlj/Build/Intermediates.noindex/ExplicitPrecompiledModules/SQLite3-DEPMG9FF627DCI7PDRNUKZXOY.scan
    cd /
    builtin-precompileModule /Users/emanuelflury/Library/Developer/Xcode/DerivedData/TaxedGmbH_IOS-gerngfqzuwudosgobknlgtoawnlj/Build/Intermediates.noindex/ExplicitPrecompiledModules/SQLite3-DEPMG9FF627DCI7PDRNUKZXOY.scan

PrecompileModule /Users/emanuelflury/Library/Developer/Xcode/DerivedData/TaxedGmbH_IOS-gerngfqzuwudosgobknlgtoawnlj/Build/Intermediates.noindex/ExplicitPrecompiledModules/_DarwinFoundation3-26T07GHWGE2QHXY5XQJ5I24E3.scan
    cd /
    builtin-precompileModule /Users/emanuelflury/Library/Developer/Xcode/DerivedData/TaxedGmbH_IOS-gerngfqzuwudosgobknlgtoawnlj/Build/Intermediates.noindex/ExplicitPrecompiledModules/_DarwinFoundation3-26T07GHWGE2QHXY5XQJ5I24E3.scan

ScanDependencies /Users/emanuelflury/Library/Developer/Xcode/DerivedData/TaxedGmbH_IOS-gerngfqzuwudosgobknlgtoawnlj/Build/Intermediates.noindex/Firebase.build/Debug-iphoneos/FirebaseMessaging.build/Objects-normal/arm64/FIRMessagingPersistentSyncMessage.o /Users/emanuelflury/Library/Developer/Xcode/DerivedData/TaxedGmbH_IOS-gerngfqzuwudosgobknlgtoawnlj/SourcePackages/checkouts/firebase-ios-sdk/FirebaseMessaging/Sources/FIRMessagingPersistentSyncMessage.m normal arm64 objective-c com.apple.compilers.llvm.clang.1_0.compiler (in target 'FirebaseMessaging' from project 'Firebase')
    cd /Users/emanuelflury/github/TaxedGmbH_IOS/TaxedGmbH_IOS.xcodeproj
    
    Using response file: /Users/emanuelflury/Library/Developer/Xcode/DerivedData/TaxedGmbH_IOS-gerngfqzuwudosgobknlgtoawnlj/Build/Intermediates.noindex/Firebase.build/Debug-iphoneos/FirebaseMessaging.build/Objects-normal/arm64/e6072d4f65d7061329687fe24e3d63a7-common-args.resp
    
    builtin-ScanDependencies -o /Users/emanuelflury/Library/Developer/Xcode/DerivedData/TaxedGmbH_IOS-gerngfqzuwudosgobknlgtoawnlj/Build/Intermediates.noindex/Firebase.build/Debug-iphoneos/FirebaseMessaging.build/Objects-normal/arm64/FIRMessagingPersistentSyncMessage.o.scan -- /Applications/Xcode.app/Contents/Developer/Toolchains/XcodeDefault.xctoolchain/usr/bin/clang -x objective-c -ivfsstatcache /Users/emanuelflury/Library/Developer/Xcode/DerivedData/SDKStatCaches.noindex/iphoneos26.1-23B77-69b33fc7382b27d9b5d46e82a00f8e78.sdkstatcache -fmessage-length\=0 -fdiagnostics-show-note-include-stack -fmacro-backtrace-limit\=0 -fno-color-diagnostics -fmodules-prune-interval\=86400 -fmodules-prune-after\=345600 -fbuild-session-file\=/Users/emanuelflury/Library/Developer/Xcode/DerivedData/ModuleCache.noindex/Session.modulevalidation -fmodules-validate-once-per-build-session -Wnon-modular-include-in-framework-module -Werror\=non-modular-include-in-framework-module -Wno-trigraphs -Wno-missing-field-initializers -Wno-missing-prototypes -Wno-return-type -Wno-implicit-atomic-properties -Wno-objc-interface-ivars -Wno-arc-repeated-use-of-weak -Wno-missing-braces -Wparentheses -Wswitch -Wno-unused-function -Wno-unused-label -Wno-unused-parameter -Wno-unused-variable -Wunused-value -Wno-empty-body -Wno-uninitialized -Wno-unknown-pragmas -w -Wno-shadow -Wno-four-char-constants -Wno-conversion -Wno-constant-conversion -Wno-int-conversion -Wno-bool-conversion -Wno-enum-conversion -Wno-float-conversion -Wno-non-literal-null-conversion -Wno-objc-literal-conversion -Wshorten-64-to-32 -Wpointer-sign -Wno-newline-eof -Wno-selector -Wno-strict-selector-match -Wno-undeclared-selector -Wno-deprecated-implementations -Wno-implicit-fallthrough -fstrict-aliasing -Wprotocol -Wdeprecated-declarations -Wno-sign-conversion -Wno-infinite-recursion -Wno-comma -Wno-block-capture-autoreleasing -Wno-strict-prototypes -Wno-semicolon-before-method-body -index-store-path /Users/emanuelflury/Library/Developer/Xcode/DerivedData/TaxedGmbH_IOS-gerngfqzuwudosgobknlgtoawnlj/Index.noindex/DataStore @/Users/emanuelflury/Library/Developer/Xcode/DerivedData/TaxedGmbH_IOS-gerngfqzuwudosgobknlgtoawnlj/Build/Intermediates.noindex/Firebase.build/Debug-iphoneos/FirebaseMessaging.build/Objects-normal/arm64/e6072d4f65d7061329687fe24e3d63a7-common-args.resp -include /Users/emanuelflury/Library/Developer/Xcode/DerivedData/TaxedGmbH_IOS-gerngfqzuwudosgobknlgtoawnlj/Build/Intermediates.noindex/Firebase.build/Debug-iphoneos/FirebaseMessaging.build/DerivedSources/resource_bundle_accessor.h -MMD -MT dependencies -MF /Users/emanuelflury/Library/Developer/Xcode/DerivedData/TaxedGmbH_IOS-gerngfqzuwudosgobknlgtoawnlj/Build/Intermediates.noindex/Firebase.build/Debug-iphoneos/FirebaseMessaging.build/Objects-normal/arm64/FIRMessagingPersistentSyncMessage.d --serialize-diagnostics /Users/emanuelflury/Library/Developer/Xcode/DerivedData/TaxedGmbH_IOS-gerngfqzuwudosgobknlgtoawnlj/Build/Intermediates.noindex/Firebase.build/Debug-iphoneos/FirebaseMessaging.build/Objects-normal/arm64/FIRMessagingPersistentSyncMessage.dia -c /Users/emanuelflury/Library/Developer/Xcode/DerivedData/TaxedGmbH_IOS-gerngfqzuwudosgobknlgtoawnlj/SourcePackages/checkouts/firebase-ios-sdk/FirebaseMessaging/Sources/FIRMessagingPersistentSyncMessage.m -o /Users/emanuelflury/Library/Developer/Xcode/DerivedData/TaxedGmbH_IOS-gerngfqzuwudosgobknlgtoawnlj/Build/Intermediates.noindex/Firebase.build/Debug-iphoneos/FirebaseMessaging.build/Objects-normal/arm64/FIRMessagingPersistentSyncMessage.o -index-unit-output-path /Firebase.build/Debug-iphoneos/FirebaseMessaging.build/Objects-normal/arm64/FIRMessagingPersistentSyncMessage.o

SwiftEmitModule normal arm64 Emitting\ module\ for\ FirebaseStorage (in target 'FirebaseStorage' from project 'Firebase')

EmitSwiftModule normal arm64 (in target 'FirebaseStorage' from project 'Firebase')
    cd /Users/emanuelflury/github/TaxedGmbH_IOS/TaxedGmbH_IOS.xcodeproj
    

SwiftCompile normal arm64 Compiling\ StorageMetadata.swift,\ StorageObservableTask.swift /Users/emanuelflury/Library/Developer/Xcode/DerivedData/TaxedGmbH_IOS-gerngfqzuwudosgobknlgtoawnlj/SourcePackages/checkouts/firebase-ios-sdk/FirebaseStorage/Sources/StorageMetadata.swift /Users/emanuelflury/Library/Developer/Xcode/DerivedData/TaxedGmbH_IOS-gerngfqzuwudosgobknlgtoawnlj/SourcePackages/checkouts/firebase-ios-sdk/FirebaseStorage/Sources/StorageObservableTask.swift (in target 'FirebaseStorage' from project 'Firebase')

SwiftCompile normal arm64 /Users/emanuelflury/Library/Developer/Xcode/DerivedData/TaxedGmbH_IOS-gerngfqzuwudosgobknlgtoawnlj/SourcePackages/checkouts/firebase-ios-sdk/FirebaseStorage/Sources/StorageMetadata.swift (in target 'FirebaseStorage' from project 'Firebase')
    cd /Users/emanuelflury/github/TaxedGmbH_IOS/TaxedGmbH_IOS.xcodeproj
    

SwiftCompile normal arm64 /Users/emanuelflury/Library/Developer/Xcode/DerivedData/TaxedGmbH_IOS-gerngfqzuwudosgobknlgtoawnlj/SourcePackages/checkouts/firebase-ios-sdk/FirebaseStorage/Sources/StorageObservableTask.swift (in target 'FirebaseStorage' from project 'Firebase')
    cd /Users/emanuelflury/github/TaxedGmbH_IOS/TaxedGmbH_IOS.xcodeproj
    

PrecompileModule /Users/emanuelflury/Library/Developer/Xcode/DerivedData/TaxedGmbH_IOS-gerngfqzuwudosgobknlgtoawnlj/Build/Intermediates.noindex/ExplicitPrecompiledModules/_DarwinFoundation3-ANUTM95QTPRWVEO42VFTYISX3.scan
    cd /
    builtin-precompileModule /Users/emanuelflury/Library/Developer/Xcode/DerivedData/TaxedGmbH_IOS-gerngfqzuwudosgobknlgtoawnlj/Build/Intermediates.noindex/ExplicitPrecompiledModules/_DarwinFoundation3-ANUTM95QTPRWVEO42VFTYISX3.scan

SwiftCompile normal arm64 Compiling\ StorageTaskState.swift,\ StorageTokenAuthorizer.swift /Users/emanuelflury/Library/Developer/Xcode/DerivedData/TaxedGmbH_IOS-gerngfqzuwudosgobknlgtoawnlj/SourcePackages/checkouts/firebase-ios-sdk/FirebaseStorage/Sources/Internal/StorageTaskState.swift /Users/emanuelflury/Library/Developer/Xcode/DerivedData/TaxedGmbH_IOS-gerngfqzuwudosgobknlgtoawnlj/SourcePackages/checkouts/firebase-ios-sdk/FirebaseStorage/Sources/Internal/StorageTokenAuthorizer.swift (in target 'FirebaseStorage' from project 'Firebase')

SwiftCompile normal arm64 /Users/emanuelflury/Library/Developer/Xcode/DerivedData/TaxedGmbH_IOS-gerngfqzuwudosgobknlgtoawnlj/SourcePackages/checkouts/firebase-ios-sdk/FirebaseStorage/Sources/Internal/StorageTaskState.swift (in target 'FirebaseStorage' from project 'Firebase')
    cd /Users/emanuelflury/github/TaxedGmbH_IOS/TaxedGmbH_IOS.xcodeproj
    

SwiftCompile normal arm64 /Users/emanuelflury/Library/Developer/Xcode/DerivedData/TaxedGmbH_IOS-gerngfqzuwudosgobknlgtoawnlj/SourcePackages/checkouts/firebase-ios-sdk/FirebaseStorage/Sources/Internal/StorageTokenAuthorizer.swift (in target 'FirebaseStorage' from project 'Firebase')
    cd /Users/emanuelflury/github/TaxedGmbH_IOS/TaxedGmbH_IOS.xcodeproj
    

SwiftCompile normal arm64 Compiling\ StorageReference.swift,\ StorageTask.swift /Users/emanuelflury/Library/Developer/Xcode/DerivedData/TaxedGmbH_IOS-gerngfqzuwudosgobknlgtoawnlj/SourcePackages/checkouts/firebase-ios-sdk/FirebaseStorage/Sources/StorageReference.swift /Users/emanuelflury/Library/Developer/Xcode/DerivedData/TaxedGmbH_IOS-gerngfqzuwudosgobknlgtoawnlj/SourcePackages/checkouts/firebase-ios-sdk/FirebaseStorage/Sources/StorageTask.swift (in target 'FirebaseStorage' from project 'Firebase')

SwiftCompile normal arm64 /Users/emanuelflury/Library/Developer/Xcode/DerivedData/TaxedGmbH_IOS-gerngfqzuwudosgobknlgtoawnlj/SourcePackages/checkouts/firebase-ios-sdk/FirebaseStorage/Sources/StorageReference.swift (in target 'FirebaseStorage' from project 'Firebase')
    cd /Users/emanuelflury/github/TaxedGmbH_IOS/TaxedGmbH_IOS.xcodeproj
    

SwiftCompile normal arm64 /Users/emanuelflury/Library/Developer/Xcode/DerivedData/TaxedGmbH_IOS-gerngfqzuwudosgobknlgtoawnlj/SourcePackages/checkouts/firebase-ios-sdk/FirebaseStorage/Sources/StorageTask.swift (in target 'FirebaseStorage' from project 'Firebase')
    cd /Users/emanuelflury/github/TaxedGmbH_IOS/TaxedGmbH_IOS.xcodeproj
    

SwiftCompile normal arm64 Compiling\ StorageGetMetadataTask.swift,\ StorageInternalTask.swift /Users/emanuelflury/Library/Developer/Xcode/DerivedData/TaxedGmbH_IOS-gerngfqzuwudosgobknlgtoawnlj/SourcePackages/checkouts/firebase-ios-sdk/FirebaseStorage/Sources/Internal/StorageGetMetadataTask.swift /Users/emanuelflury/Library/Developer/Xcode/DerivedData/TaxedGmbH_IOS-gerngfqzuwudosgobknlgtoawnlj/SourcePackages/checkouts/firebase-ios-sdk/FirebaseStorage/Sources/Internal/StorageInternalTask.swift (in target 'FirebaseStorage' from project 'Firebase')

SwiftCompile normal arm64 /Users/emanuelflury/Library/Developer/Xcode/DerivedData/TaxedGmbH_IOS-gerngfqzuwudosgobknlgtoawnlj/SourcePackages/checkouts/firebase-ios-sdk/FirebaseStorage/Sources/Internal/StorageGetMetadataTask.swift (in target 'FirebaseStorage' from project 'Firebase')
    cd /Users/emanuelflury/github/TaxedGmbH_IOS/TaxedGmbH_IOS.xcodeproj
    

SwiftCompile normal arm64 /Users/emanuelflury/Library/Developer/Xcode/DerivedData/TaxedGmbH_IOS-gerngfqzuwudosgobknlgtoawnlj/SourcePackages/checkouts/firebase-ios-sdk/FirebaseStorage/Sources/Internal/StorageInternalTask.swift (in target 'FirebaseStorage' from project 'Firebase')
    cd /Users/emanuelflury/github/TaxedGmbH_IOS/TaxedGmbH_IOS.xcodeproj
    

SwiftCompile normal arm64 Compiling\ StorageUpdateMetadataTask.swift,\ StorageUtils.swift /Users/emanuelflury/Library/Developer/Xcode/DerivedData/TaxedGmbH_IOS-gerngfqzuwudosgobknlgtoawnlj/SourcePackages/checkouts/firebase-ios-sdk/FirebaseStorage/Sources/Internal/StorageUpdateMetadataTask.swift /Users/emanuelflury/Library/Developer/Xcode/DerivedData/TaxedGmbH_IOS-gerngfqzuwudosgobknlgtoawnlj/SourcePackages/checkouts/firebase-ios-sdk/FirebaseStorage/Sources/Internal/StorageUtils.swift (in target 'FirebaseStorage' from project 'Firebase')

SwiftCompile normal arm64 /Users/emanuelflury/Library/Developer/Xcode/DerivedData/TaxedGmbH_IOS-gerngfqzuwudosgobknlgtoawnlj/SourcePackages/checkouts/firebase-ios-sdk/FirebaseStorage/Sources/Internal/StorageUpdateMetadataTask.swift (in target 'FirebaseStorage' from project 'Firebase')
    cd /Users/emanuelflury/github/TaxedGmbH_IOS/TaxedGmbH_IOS.xcodeproj
    

SwiftCompile normal arm64 /Users/emanuelflury/Library/Developer/Xcode/DerivedData/TaxedGmbH_IOS-gerngfqzuwudosgobknlgtoawnlj/SourcePackages/checkouts/firebase-ios-sdk/FirebaseStorage/Sources/Internal/StorageUtils.swift (in target 'FirebaseStorage' from project 'Firebase')
    cd /Users/emanuelflury/github/TaxedGmbH_IOS/TaxedGmbH_IOS.xcodeproj
    

PrecompileModule /Users/emanuelflury/Library/Developer/Xcode/DerivedData/TaxedGmbH_IOS-gerngfqzuwudosgobknlgtoawnlj/Build/Intermediates.noindex/ExplicitPrecompiledModules/nanopb-AS8XQO90IX3IHHEYAQ1CLAYW7.scan
    cd /
    builtin-precompileModule /Users/emanuelflury/Library/Developer/Xcode/DerivedData/TaxedGmbH_IOS-gerngfqzuwudosgobknlgtoawnlj/Build/Intermediates.noindex/ExplicitPrecompiledModules/nanopb-AS8XQO90IX3IHHEYAQ1CLAYW7.scan

PrecompileModule /Users/emanuelflury/Library/Developer/Xcode/DerivedData/TaxedGmbH_IOS-gerngfqzuwudosgobknlgtoawnlj/Build/Intermediates.noindex/ExplicitPrecompiledModules/_Builtin_inttypes-45A8E5SPIYYQSQ8P9QWIS7G5G.scan
    cd /
    builtin-precompileModule /Users/emanuelflury/Library/Developer/Xcode/DerivedData/TaxedGmbH_IOS-gerngfqzuwudosgobknlgtoawnlj/Build/Intermediates.noindex/ExplicitPrecompiledModules/_Builtin_inttypes-45A8E5SPIYYQSQ8P9QWIS7G5G.scan

CompileC /Users/emanuelflury/Library/Developer/Xcode/DerivedData/TaxedGmbH_IOS-gerngfqzuwudosgobknlgtoawnlj/Build/Intermediates.noindex/Firebase.build/Debug-iphoneos/FirebaseMessaging.build/Objects-normal/arm64/me.nanopb.o /Users/emanuelflury/Library/Developer/Xcode/DerivedData/TaxedGmbH_IOS-gerngfqzuwudosgobknlgtoawnlj/SourcePackages/checkouts/firebase-ios-sdk/FirebaseMessaging/Sources/Protogen/nanopb/me.nanopb.c normal arm64 c com.apple.compilers.llvm.clang.1_0.compiler (in target 'FirebaseMessaging' from project 'Firebase')
    cd /Users/emanuelflury/github/TaxedGmbH_IOS/TaxedGmbH_IOS.xcodeproj
    
    Using response file: /Users/emanuelflury/Library/Developer/Xcode/DerivedData/TaxedGmbH_IOS-gerngfqzuwudosgobknlgtoawnlj/Build/Intermediates.noindex/Firebase.build/Debug-iphoneos/FirebaseMessaging.build/Objects-normal/arm64/7187679823f38a2a940e0043cdf9d637-common-args.resp
    
    /Applications/Xcode.app/Contents/Developer/Toolchains/XcodeDefault.xctoolchain/usr/bin/clang -x c -ivfsstatcache /Users/emanuelflury/Library/Developer/Xcode/DerivedData/SDKStatCaches.noindex/iphoneos26.1-23B77-69b33fc7382b27d9b5d46e82a00f8e78.sdkstatcache -fmessage-length\=0 -fdiagnostics-show-note-include-stack -fmacro-backtrace-limit\=0 -fno-color-diagnostics -fmodules-prune-interval\=86400 -fmodules-prune-after\=345600 -fbuild-session-file\=/Users/emanuelflury/Library/Developer/Xcode/DerivedData/ModuleCache.noindex/Session.modulevalidation -fmodules-validate-once-per-build-session -Wnon-modular-include-in-framework-module -Werror\=non-modular-include-in-framework-module -Wno-trigraphs -Wno-missing-field-initializers -Wno-missing-prototypes -Wno-return-type -Wno-missing-braces -Wparentheses -Wswitch -Wno-unused-function -Wno-unused-label -Wno-unused-parameter -Wno-unused-variable -Wunused-value -Wno-empty-body -Wno-uninitialized -Wno-unknown-pragmas -w -Wno-shadow -Wno-four-char-constants -Wno-conversion -Wno-constant-conversion -Wno-int-conversion -Wno-bool-conversion -Wno-enum-conversion -Wno-float-conversion -Wno-non-literal-null-conversion -Wno-objc-literal-conversion -Wshorten-64-to-32 -Wpointer-sign -Wno-newline-eof -Wno-implicit-fallthrough -fstrict-aliasing -Wdeprecated-declarations -Wno-sign-conversion -Wno-infinite-recursion -Wno-comma -Wno-block-capture-autoreleasing -Wno-strict-prototypes -Wno-semicolon-before-method-body -index-store-path /Users/emanuelflury/Library/Developer/Xcode/DerivedData/TaxedGmbH_IOS-gerngfqzuwudosgobknlgtoawnlj/Index.noindex/DataStore @/Users/emanuelflury/Library/Developer/Xcode/DerivedData/TaxedGmbH_IOS-gerngfqzuwudosgobknlgtoawnlj/Build/Intermediates.noindex/Firebase.build/Debug-iphoneos/FirebaseMessaging.build/Objects-normal/arm64/7187679823f38a2a940e0043cdf9d637-common-args.resp -MMD -MT dependencies -MF /Users/emanuelflury/Library/Developer/Xcode/DerivedData/TaxedGmbH_IOS-gerngfqzuwudosgobknlgtoawnlj/Build/Intermediates.noindex/Firebase.build/Debug-iphoneos/FirebaseMessaging.build/Objects-normal/arm64/me.nanopb.d --serialize-diagnostics /Users/emanuelflury/Library/Developer/Xcode/DerivedData/TaxedGmbH_IOS-gerngfqzuwudosgobknlgtoawnlj/Build/Intermediates.noindex/Firebase.build/Debug-iphoneos/FirebaseMessaging.build/Objects-normal/arm64/me.nanopb.dia -c /Users/emanuelflury/Library/Developer/Xcode/DerivedData/TaxedGmbH_IOS-gerngfqzuwudosgobknlgtoawnlj/SourcePackages/checkouts/firebase-ios-sdk/FirebaseMessaging/Sources/Protogen/nanopb/me.nanopb.c -o /Users/emanuelflury/Library/Developer/Xcode/DerivedData/TaxedGmbH_IOS-gerngfqzuwudosgobknlgtoawnlj/Build/Intermediates.noindex/Firebase.build/Debug-iphoneos/FirebaseMessaging.build/Objects-normal/arm64/me.nanopb.o -index-unit-output-path /Firebase.build/Debug-iphoneos/FirebaseMessaging.build/Objects-normal/arm64/me.nanopb.o

SwiftCompile normal arm64 Compiling\ StorageFetcherService.swift,\ StorageGetDownloadURLTask.swift /Users/emanuelflury/Library/Developer/Xcode/DerivedData/TaxedGmbH_IOS-gerngfqzuwudosgobknlgtoawnlj/SourcePackages/checkouts/firebase-ios-sdk/FirebaseStorage/Sources/Internal/StorageFetcherService.swift /Users/emanuelflury/Library/Developer/Xcode/DerivedData/TaxedGmbH_IOS-gerngfqzuwudosgobknlgtoawnlj/SourcePackages/checkouts/firebase-ios-sdk/FirebaseStorage/Sources/Internal/StorageGetDownloadURLTask.swift (in target 'FirebaseStorage' from project 'Firebase')

SwiftCompile normal arm64 /Users/emanuelflury/Library/Developer/Xcode/DerivedData/TaxedGmbH_IOS-gerngfqzuwudosgobknlgtoawnlj/SourcePackages/checkouts/firebase-ios-sdk/FirebaseStorage/Sources/Internal/StorageFetcherService.swift (in target 'FirebaseStorage' from project 'Firebase')
    cd /Users/emanuelflury/github/TaxedGmbH_IOS/TaxedGmbH_IOS.xcodeproj
    

SwiftCompile normal arm64 /Users/emanuelflury/Library/Developer/Xcode/DerivedData/TaxedGmbH_IOS-gerngfqzuwudosgobknlgtoawnlj/SourcePackages/checkouts/firebase-ios-sdk/FirebaseStorage/Sources/Internal/StorageGetDownloadURLTask.swift (in target 'FirebaseStorage' from project 'Firebase')
    cd /Users/emanuelflury/github/TaxedGmbH_IOS/TaxedGmbH_IOS.xcodeproj
    

PrecompileModule /Users/emanuelflury/Library/Developer/Xcode/DerivedData/TaxedGmbH_IOS-gerngfqzuwudosgobknlgtoawnlj/Build/Intermediates.noindex/ExplicitPrecompiledModules/Darwin-W56454QLKTPK7C9Z6KEI809.scan
    cd /
    builtin-precompileModule /Users/emanuelflury/Library/Developer/Xcode/DerivedData/TaxedGmbH_IOS-gerngfqzuwudosgobknlgtoawnlj/Build/Intermediates.noindex/ExplicitPrecompiledModules/Darwin-W56454QLKTPK7C9Z6KEI809.scan

SwiftCompile normal arm64 Compiling\ AsyncAwait.swift,\ StorageDeleteTask.swift /Users/emanuelflury/Library/Developer/Xcode/DerivedData/TaxedGmbH_IOS-gerngfqzuwudosgobknlgtoawnlj/SourcePackages/checkouts/firebase-ios-sdk/FirebaseStorage/Sources/AsyncAwait.swift /Users/emanuelflury/Library/Developer/Xcode/DerivedData/TaxedGmbH_IOS-gerngfqzuwudosgobknlgtoawnlj/SourcePackages/checkouts/firebase-ios-sdk/FirebaseStorage/Sources/Internal/StorageDeleteTask.swift (in target 'FirebaseStorage' from project 'Firebase')

SwiftCompile normal arm64 /Users/emanuelflury/Library/Developer/Xcode/DerivedData/TaxedGmbH_IOS-gerngfqzuwudosgobknlgtoawnlj/SourcePackages/checkouts/firebase-ios-sdk/FirebaseStorage/Sources/AsyncAwait.swift (in target 'FirebaseStorage' from project 'Firebase')
    cd /Users/emanuelflury/github/TaxedGmbH_IOS/TaxedGmbH_IOS.xcodeproj
    

SwiftCompile normal arm64 /Users/emanuelflury/Library/Developer/Xcode/DerivedData/TaxedGmbH_IOS-gerngfqzuwudosgobknlgtoawnlj/SourcePackages/checkouts/firebase-ios-sdk/FirebaseStorage/Sources/Internal/StorageDeleteTask.swift (in target 'FirebaseStorage' from project 'Firebase')
    cd /Users/emanuelflury/github/TaxedGmbH_IOS/TaxedGmbH_IOS.xcodeproj
    

SwiftCompile normal arm64 Compiling\ StorageConstants.swift,\ StorageDownloadTask.swift /Users/emanuelflury/Library/Developer/Xcode/DerivedData/TaxedGmbH_IOS-gerngfqzuwudosgobknlgtoawnlj/SourcePackages/checkouts/firebase-ios-sdk/FirebaseStorage/Sources/StorageConstants.swift /Users/emanuelflury/Library/Developer/Xcode/DerivedData/TaxedGmbH_IOS-gerngfqzuwudosgobknlgtoawnlj/SourcePackages/checkouts/firebase-ios-sdk/FirebaseStorage/Sources/StorageDownloadTask.swift (in target 'FirebaseStorage' from project 'Firebase')

SwiftCompile normal arm64 /Users/emanuelflury/Library/Developer/Xcode/DerivedData/TaxedGmbH_IOS-gerngfqzuwudosgobknlgtoawnlj/SourcePackages/checkouts/firebase-ios-sdk/FirebaseStorage/Sources/StorageConstants.swift (in target 'FirebaseStorage' from project 'Firebase')
    cd /Users/emanuelflury/github/TaxedGmbH_IOS/TaxedGmbH_IOS.xcodeproj
    

SwiftCompile normal arm64 /Users/emanuelflury/Library/Developer/Xcode/DerivedData/TaxedGmbH_IOS-gerngfqzuwudosgobknlgtoawnlj/SourcePackages/checkouts/firebase-ios-sdk/FirebaseStorage/Sources/StorageDownloadTask.swift (in target 'FirebaseStorage' from project 'Firebase')
    cd /Users/emanuelflury/github/TaxedGmbH_IOS/TaxedGmbH_IOS.xcodeproj
    

SwiftDriverJobDiscovery normal arm64 Compiling StorageTaskState.swift, StorageTokenAuthorizer.swift (in target 'FirebaseStorage' from project 'Firebase')

SwiftCompile normal arm64 Compiling\ StorageError.swift,\ StorageListResult.swift /Users/emanuelflury/Library/Developer/Xcode/DerivedData/TaxedGmbH_IOS-gerngfqzuwudosgobknlgtoawnlj/SourcePackages/checkouts/firebase-ios-sdk/FirebaseStorage/Sources/StorageError.swift /Users/emanuelflury/Library/Developer/Xcode/DerivedData/TaxedGmbH_IOS-gerngfqzuwudosgobknlgtoawnlj/SourcePackages/checkouts/firebase-ios-sdk/FirebaseStorage/Sources/StorageListResult.swift (in target 'FirebaseStorage' from project 'Firebase')

SwiftCompile normal arm64 /Users/emanuelflury/Library/Developer/Xcode/DerivedData/TaxedGmbH_IOS-gerngfqzuwudosgobknlgtoawnlj/SourcePackages/checkouts/firebase-ios-sdk/FirebaseStorage/Sources/StorageError.swift (in target 'FirebaseStorage' from project 'Firebase')
    cd /Users/emanuelflury/github/TaxedGmbH_IOS/TaxedGmbH_IOS.xcodeproj
    

SwiftCompile normal arm64 /Users/emanuelflury/Library/Developer/Xcode/DerivedData/TaxedGmbH_IOS-gerngfqzuwudosgobknlgtoawnlj/SourcePackages/checkouts/firebase-ios-sdk/FirebaseStorage/Sources/StorageListResult.swift (in target 'FirebaseStorage' from project 'Firebase')
    cd /Users/emanuelflury/github/TaxedGmbH_IOS/TaxedGmbH_IOS.xcodeproj
    

PrecompileModule /Users/emanuelflury/Library/Developer/Xcode/DerivedData/TaxedGmbH_IOS-gerngfqzuwudosgobknlgtoawnlj/Build/Intermediates.noindex/ExplicitPrecompiledModules/ObjectiveC-D8PYYBCHQG208A0YABC6SBHVX.scan
    cd /
    builtin-precompileModule /Users/emanuelflury/Library/Developer/Xcode/DerivedData/TaxedGmbH_IOS-gerngfqzuwudosgobknlgtoawnlj/Build/Intermediates.noindex/ExplicitPrecompiledModules/ObjectiveC-D8PYYBCHQG208A0YABC6SBHVX.scan

SwiftDriverJobDiscovery normal arm64 Compiling StorageGetMetadataTask.swift, StorageInternalTask.swift (in target 'FirebaseStorage' from project 'Firebase')

SwiftCompile normal arm64 Compiling\ StorageListTask.swift,\ StoragePath.swift /Users/emanuelflury/Library/Developer/Xcode/DerivedData/TaxedGmbH_IOS-gerngfqzuwudosgobknlgtoawnlj/SourcePackages/checkouts/firebase-ios-sdk/FirebaseStorage/Sources/Internal/StorageListTask.swift /Users/emanuelflury/Library/Developer/Xcode/DerivedData/TaxedGmbH_IOS-gerngfqzuwudosgobknlgtoawnlj/SourcePackages/checkouts/firebase-ios-sdk/FirebaseStorage/Sources/Internal/StoragePath.swift (in target 'FirebaseStorage' from project 'Firebase')
SwiftCompile normal arm64 /Users/emanuelflury/Library/Developer/Xcode/DerivedData/TaxedGmbH_IOS-gerngfqzuwudosgobknlgtoawnlj/SourcePackages/checkouts/firebase-ios-sdk/FirebaseStorage/Sources/Internal/StorageListTask.swift (in target 'FirebaseStorage' from project 'Firebase')
    cd /Users/emanuelflury/github/TaxedGmbH_IOS/TaxedGmbH_IOS.xcodeproj
    

SwiftCompile normal arm64 /Users/emanuelflury/Library/Developer/Xcode/DerivedData/TaxedGmbH_IOS-gerngfqzuwudosgobknlgtoawnlj/SourcePackages/checkouts/firebase-ios-sdk/FirebaseStorage/Sources/Internal/StoragePath.swift (in target 'FirebaseStorage' from project 'Firebase')
    cd /Users/emanuelflury/github/TaxedGmbH_IOS/TaxedGmbH_IOS.xcodeproj
    

SwiftDriverJobDiscovery normal arm64 Compiling StorageUpdateMetadataTask.swift, StorageUtils.swift (in target 'FirebaseStorage' from project 'Firebase')

SwiftCompile normal arm64 Compiling\ Result.swift,\ Storage.swift /Users/emanuelflury/Library/Developer/Xcode/DerivedData/TaxedGmbH_IOS-gerngfqzuwudosgobknlgtoawnlj/SourcePackages/checkouts/firebase-ios-sdk/FirebaseStorage/Sources/Result.swift /Users/emanuelflury/Library/Developer/Xcode/DerivedData/TaxedGmbH_IOS-gerngfqzuwudosgobknlgtoawnlj/SourcePackages/checkouts/firebase-ios-sdk/FirebaseStorage/Sources/Storage.swift (in target 'FirebaseStorage' from project 'Firebase')
SwiftCompile normal arm64 /Users/emanuelflury/Library/Developer/Xcode/DerivedData/TaxedGmbH_IOS-gerngfqzuwudosgobknlgtoawnlj/SourcePackages/checkouts/firebase-ios-sdk/FirebaseStorage/Sources/Result.swift (in target 'FirebaseStorage' from project 'Firebase')
    cd /Users/emanuelflury/github/TaxedGmbH_IOS/TaxedGmbH_IOS.xcodeproj
    

SwiftCompile normal arm64 /Users/emanuelflury/Library/Developer/Xcode/DerivedData/TaxedGmbH_IOS-gerngfqzuwudosgobknlgtoawnlj/SourcePackages/checkouts/firebase-ios-sdk/FirebaseStorage/Sources/Storage.swift (in target 'FirebaseStorage' from project 'Firebase')
    cd /Users/emanuelflury/github/TaxedGmbH_IOS/TaxedGmbH_IOS.xcodeproj
    

Ld /Users/emanuelflury/Library/Developer/Xcode/DerivedData/TaxedGmbH_IOS-gerngfqzuwudosgobknlgtoawnlj/Build/Products/Debug-iphoneos/GTMSessionFetcherCore.o normal (in target 'GTMSessionFetcherCore' from project 'GTMSessionFetcher')
    cd /Users/emanuelflury/Library/Developer/Xcode/DerivedData/TaxedGmbH_IOS-gerngfqzuwudosgobknlgtoawnlj/SourcePackages/checkouts/gtm-session-fetcher
    /Applications/Xcode.app/Contents/Developer/Toolchains/XcodeDefault.xctoolchain/usr/bin/clang -Xlinker -reproducible -target arm64-apple-ios12.0 -r -isysroot /Applications/Xcode.app/Contents/Developer/Platforms/iPhoneOS.platform/Developer/SDKs/iPhoneOS26.1.sdk -O0 -w -L/Users/emanuelflury/Library/Developer/Xcode/DerivedData/TaxedGmbH_IOS-gerngfqzuwudosgobknlgtoawnlj/Build/Intermediates.noindex/EagerLinkingTBDs/Debug-iphoneos -L/Users/emanuelflury/Library/Developer/Xcode/DerivedData/TaxedGmbH_IOS-gerngfqzuwudosgobknlgtoawnlj/Build/Products/Debug-iphoneos -L/Applications/Xcode.app/Contents/Developer/Platforms/iPhoneOS.platform/Developer/usr/lib -F/Users/emanuelflury/Library/Developer/Xcode/DerivedData/TaxedGmbH_IOS-gerngfqzuwudosgobknlgtoawnlj/Build/Intermediates.noindex/EagerLinkingTBDs/Debug-iphoneos -F/Users/emanuelflury/Library/Developer/Xcode/DerivedData/TaxedGmbH_IOS-gerngfqzuwudosgobknlgtoawnlj/Build/Products/Debug-iphoneos -iframework /Applications/Xcode.app/Contents/Developer/Platforms/iPhoneOS.platform/Developer/Library/Frameworks -iframework /Applications/Xcode.app/Contents/Developer/Platforms/iPhoneOS.platform/Developer/SDKs/iPhoneOS26.1.sdk/Developer/Library/Frameworks -filelist /Users/emanuelflury/Library/Developer/Xcode/DerivedData/TaxedGmbH_IOS-gerngfqzuwudosgobknlgtoawnlj/Build/Intermediates.noindex/GTMSessionFetcher.build/Debug-iphoneos/GTMSessionFetcherCore.build/Objects-normal/arm64/GTMSessionFetcherCore.LinkFileList -nostdlib -Xlinker -object_path_lto -Xlinker /Users/emanuelflury/Library/Developer/Xcode/DerivedData/TaxedGmbH_IOS-gerngfqzuwudosgobknlgtoawnlj/Build/Intermediates.noindex/GTMSessionFetcher.build/Debug-iphoneos/GTMSessionFetcherCore.build/Objects-normal/arm64/GTMSessionFetcherCore_lto.o -rdynamic -Xlinker -no_deduplicate -Xlinker -debug_variant -Xlinker -dependency_info -Xlinker /Users/emanuelflury/Library/Developer/Xcode/DerivedData/TaxedGmbH_IOS-gerngfqzuwudosgobknlgtoawnlj/Build/Intermediates.noindex/GTMSessionFetcher.build/Debug-iphoneos/GTMSessionFetcherCore.build/Objects-normal/arm64/GTMSessionFetcherCore_dependency_info.dat -fobjc-arc -fobjc-link-runtime -o /Users/emanuelflury/Library/Developer/Xcode/DerivedData/TaxedGmbH_IOS-gerngfqzuwudosgobknlgtoawnlj/Build/Products/Debug-iphoneos/GTMSessionFetcherCore.o

SwiftDriverJobDiscovery normal arm64 Emitting module for FirebaseStorage (in target 'FirebaseStorage' from project 'Firebase')

SwiftDriver\ Compilation\ Requirements FirebaseStorage normal arm64 com.apple.xcode.tools.swift.compiler (in target 'FirebaseStorage' from project 'Firebase')
    cd /Users/emanuelflury/github/TaxedGmbH_IOS/TaxedGmbH_IOS.xcodeproj
    builtin-Swift-Compilation-Requirements -- /Applications/Xcode.app/Contents/Developer/Toolchains/XcodeDefault.xctoolchain/usr/bin/swiftc -module-name FirebaseStorage -Onone -enforce-exclusivity\=checked @/Users/emanuelflury/Library/Developer/Xcode/DerivedData/TaxedGmbH_IOS-gerngfqzuwudosgobknlgtoawnlj/Build/Intermediates.noindex/Firebase.build/Debug-iphoneos/FirebaseStorage.build/Objects-normal/arm64/FirebaseStorage.SwiftFileList -DSWIFT_PACKAGE -DDEBUG -DSWIFT_MODULE_RESOURCE_BUNDLE_UNAVAILABLE -Xcc -fmodule-map-file\=/Users/emanuelflury/Library/Developer/Xcode/DerivedData/TaxedGmbH_IOS-gerngfqzuwudosgobknlgtoawnlj/Build/Intermediates.noindex/GeneratedModuleMaps-iphoneos/GoogleUtilities-NSData.modulemap -Xcc -fmodule-map-file\=/Users/emanuelflury/Library/Developer/Xcode/DerivedData/TaxedGmbH_IOS-gerngfqzuwudosgobknlgtoawnlj/Build/Intermediates.noindex/GeneratedModuleMaps-iphoneos/GoogleUtilities-Environment.modulemap -Xcc -fmodule-map-file\=/Users/emanuelflury/Library/Developer/Xcode/DerivedData/TaxedGmbH_IOS-gerngfqzuwudosgobknlgtoawnlj/Build/Intermediates.noindex/GeneratedModuleMaps-iphoneos/third-party-IsAppEncrypted.modulemap -Xcc -fmodule-map-file\=/Users/emanuelflury/Library/Developer/Xcode/DerivedData/TaxedGmbH_IOS-gerngfqzuwudosgobknlgtoawnlj/Build/Intermediates.noindex/GeneratedModuleMaps-iphoneos/GoogleUtilities-Logger.modulemap -Xcc -fmodule-map-file\=/Users/emanuelflury/Library/Developer/Xcode/DerivedData/TaxedGmbH_IOS-gerngfqzuwudosgobknlgtoawnlj/Build/Intermediates.noindex/GeneratedModuleMaps-iphoneos/GTMSessionFetcherCore.modulemap -Xcc -fmodule-map-file\=/Users/emanuelflury/Library/Developer/Xcode/DerivedData/TaxedGmbH_IOS-gerngfqzuwudosgobknlgtoawnlj/Build/Intermediates.noindex/GeneratedModuleMaps-iphoneos/FirebaseCoreExtension.modulemap -Xcc -fmodule-map-file\=/Users/emanuelflury/Library/Developer/Xcode/DerivedData/TaxedGmbH_IOS-gerngfqzuwudosgobknlgtoawnlj/Build/Intermediates.noindex/GeneratedModuleMaps-iphoneos/FirebaseCore.modulemap -Xcc -fmodule-map-file\=/Users/emanuelflury/Library/Developer/Xcode/DerivedData/TaxedGmbH_IOS-gerngfqzuwudosgobknlgtoawnlj/Build/Intermediates.noindex/GeneratedModuleMaps-iphoneos/FirebaseAuthInterop.modulemap -Xcc -fmodule-map-file\=/Users/emanuelflury/Library/Developer/Xcode/DerivedData/TaxedGmbH_IOS-gerngfqzuwudosgobknlgtoawnlj/Build/Intermediates.noindex/GeneratedModuleMaps-iphoneos/FirebaseAppCheckInterop.modulemap -DXcode -plugin-path /Applications/Xcode.app/Contents/Developer/Toolchains/XcodeDefault.xctoolchain/usr/lib/swift/host/plugins/testing -enable-experimental-feature DebugDescriptionMacro -sdk /Applications/Xcode.app/Contents/Developer/Platforms/iPhoneOS.platform/Developer/SDKs/iPhoneOS26.1.sdk -target arm64-apple-ios15.0 -g -module-cache-path /Users/emanuelflury/Library/Developer/Xcode/DerivedData/ModuleCache.noindex -Xfrontend -serialize-debugging-options -profile-coverage-mapping -profile-generate -enable-testing -suppress-warnings -index-store-path /Users/emanuelflury/Library/Developer/Xcode/DerivedData/TaxedGmbH_IOS-gerngfqzuwudosgobknlgtoawnlj/Index.noindex/DataStore -Xcc -D_LIBCPP_HARDENING_MODE\=_LIBCPP_HARDENING_MODE_DEBUG -swift-version 5 -I /Users/emanuelflury/Library/Developer/Xcode/DerivedData/TaxedGmbH_IOS-gerngfqzuwudosgobknlgtoawnlj/Build/Products/Debug-iphoneos -Isystem /Applications/Xcode.app/Contents/Developer/Platforms/iPhoneOS.platform/Developer/usr/lib -F /Users/emanuelflury/Library/Developer/Xcode/DerivedData/TaxedGmbH_IOS-gerngfqzuwudosgobknlgtoawnlj/Build/Products/Debug-iphoneos/PackageFrameworks -F /Users/emanuelflury/Library/Developer/Xcode/DerivedData/TaxedGmbH_IOS-gerngfqzuwudosgobknlgtoawnlj/Build/Products/Debug-iphoneos/PackageFrameworks -F /Users/emanuelflury/Library/Developer/Xcode/DerivedData/TaxedGmbH_IOS-gerngfqzuwudosgobknlgtoawnlj/Build/Products/Debug-iphoneos/PackageFrameworks -F /Users/emanuelflury/Library/Developer/Xcode/DerivedData/TaxedGmbH_IOS-gerngfqzuwudosgobknlgtoawnlj/Build/Products/Debug-iphoneos/PackageFrameworks -F /Users/emanuelflury/Library/Developer/Xcode/DerivedData/TaxedGmbH_IOS-gerngfqzuwudosgobknlgtoawnlj/Build/Products/Debug-iphoneos/PackageFrameworks -F /Users/emanuelflury/Library/Developer/Xcode/DerivedData/TaxedGmbH_IOS-gerngfqzuwudosgobknlgtoawnlj/Build/Products/Debug-iphoneos/PackageFrameworks -F /Users/emanuelflury/Library/Developer/Xcode/DerivedData/TaxedGmbH_IOS-gerngfqzuwudosgobknlgtoawnlj/Build/Products/Debug-iphoneos/PackageFrameworks -F /Users/emanuelflury/Library/Developer/Xcode/DerivedData/TaxedGmbH_IOS-gerngfqzuwudosgobknlgtoawnlj/Build/Products/Debug-iphoneos/PackageFrameworks -F /Users/emanuelflury/Library/Developer/Xcode/DerivedData/TaxedGmbH_IOS-gerngfqzuwudosgobknlgtoawnlj/Build/Products/Debug-iphoneos/PackageFrameworks -F /Users/emanuelflury/Library/Developer/Xcode/DerivedData/TaxedGmbH_IOS-gerngfqzuwudosgobknlgtoawnlj/Build/Products/Debug-iphoneos/PackageFrameworks -F /Users/emanuelflury/Library/Developer/Xcode/DerivedData/TaxedGmbH_IOS-gerngfqzuwudosgobknlgtoawnlj/Build/Products/Debug-iphoneos/PackageFrameworks -F /Users/emanuelflury/Library/Developer/Xcode/DerivedData/TaxedGmbH_IOS-gerngfqzuwudosgobknlgtoawnlj/Build/Products/Debug-iphoneos -F /Applications/Xcode.app/Contents/Developer/Platforms/iPhoneOS.platform/Developer/Library/Frameworks -F /Applications/Xcode.app/Contents/Developer/Platforms/iPhoneOS.platform/Developer/SDKs/iPhoneOS26.1.sdk/Developer/Library/Frameworks -c -j12 -enable-batch-mode -incremental -Xcc -ivfsstatcache -Xcc /Users/emanuelflury/Library/Developer/Xcode/DerivedData/SDKStatCaches.noindex/iphoneos26.1-23B77-69b33fc7382b27d9b5d46e82a00f8e78.sdkstatcache -output-file-map /Users/emanuelflury/Library/Developer/Xcode/DerivedData/TaxedGmbH_IOS-gerngfqzuwudosgobknlgtoawnlj/Build/Intermediates.noindex/Firebase.build/Debug-iphoneos/FirebaseStorage.build/Objects-normal/arm64/FirebaseStorage-OutputFileMap.json -use-frontend-parseable-output -save-temps -no-color-diagnostics -explicit-module-build -module-cache-path /Users/emanuelflury/Library/Developer/Xcode/DerivedData/TaxedGmbH_IOS-gerngfqzuwudosgobknlgtoawnlj/Build/Intermediates.noindex/SwiftExplicitPrecompiledModules -clang-scanner-module-cache-path /Users/emanuelflury/Library/Developer/Xcode/DerivedData/ModuleCache.noindex -sdk-module-cache-path /Users/emanuelflury/Library/Developer/Xcode/DerivedData/ModuleCache.noindex -serialize-diagnostics -emit-dependencies -emit-module -emit-module-path /Users/emanuelflury/Library/Developer/Xcode/DerivedData/TaxedGmbH_IOS-gerngfqzuwudosgobknlgtoawnlj/Build/Intermediates.noindex/Firebase.build/Debug-iphoneos/FirebaseStorage.build/Objects-normal/arm64/FirebaseStorage.swiftmodule -user-module-version 12.6.0 -validate-clang-modules-once -clang-build-session-file /Users/emanuelflury/Library/Developer/Xcode/DerivedData/ModuleCache.noindex/Session.modulevalidation -package-name firebase_ios_sdk -Xcc -I/Users/emanuelflury/Library/Developer/Xcode/DerivedData/TaxedGmbH_IOS-gerngfqzuwudosgobknlgtoawnlj/Build/Intermediates.noindex/Firebase.build/Debug-iphoneos/FirebaseStorage.build/swift-overrides.hmap -emit-const-values -Xfrontend -const-gather-protocols-file -Xfrontend /Users/emanuelflury/Library/Developer/Xcode/DerivedData/TaxedGmbH_IOS-gerngfqzuwudosgobknlgtoawnlj/Build/Intermediates.noindex/Firebase.build/Debug-iphoneos/FirebaseStorage.build/Objects-normal/arm64/FirebaseStorage_const_extract_protocols.json -Xcc -I/Users/emanuelflury/Library/Developer/Xcode/DerivedData/TaxedGmbH_IOS-gerngfqzuwudosgobknlgtoawnlj/SourcePackages/checkouts/GoogleUtilities/GoogleUtilities/NSData+zlib/Public -Xcc -I/Users/emanuelflury/Library/Developer/Xcode/DerivedData/TaxedGmbH_IOS-gerngfqzuwudosgobknlgtoawnlj/SourcePackages/checkouts/GoogleUtilities/GoogleUtilities/Environment/Public -Xcc -I/Users/emanuelflury/Library/Developer/Xcode/DerivedData/TaxedGmbH_IOS-gerngfqzuwudosgobknlgtoawnlj/SourcePackages/checkouts/GoogleUtilities/third_party/IsAppEncrypted/Public -Xcc -I/Users/emanuelflury/Library/Developer/Xcode/DerivedData/TaxedGmbH_IOS-gerngfqzuwudosgobknlgtoawnlj/SourcePackages/checkouts/GoogleUtilities/GoogleUtilities/Logger/Public -Xcc -I/Users/emanuelflury/Library/Developer/Xcode/DerivedData/TaxedGmbH_IOS-gerngfqzuwudosgobknlgtoawnlj/SourcePackages/checkouts/gtm-session-fetcher/Sources/Core/Public -Xcc -I/Users/emanuelflury/Library/Developer/Xcode/DerivedData/TaxedGmbH_IOS-gerngfqzuwudosgobknlgtoawnlj/SourcePackages/checkouts/firebase-ios-sdk/FirebaseCore/Extension -Xcc -I/Users/emanuelflury/Library/Developer/Xcode/DerivedData/TaxedGmbH_IOS-gerngfqzuwudosgobknlgtoawnlj/SourcePackages/checkouts/firebase-ios-sdk/FirebaseCore/Sources/Public -Xcc -I/Users/emanuelflury/Library/Developer/Xcode/DerivedData/TaxedGmbH_IOS-gerngfqzuwudosgobknlgtoawnlj/SourcePackages/checkouts/firebase-ios-sdk/CoreOnly/Sources -Xcc -I/Users/emanuelflury/Library/Developer/Xcode/DerivedData/TaxedGmbH_IOS-gerngfqzuwudosgobknlgtoawnlj/SourcePackages/checkouts/firebase-ios-sdk/FirebaseAuth/Interop/Public -Xcc -I/Users/emanuelflury/Library/Developer/Xcode/DerivedData/TaxedGmbH_IOS-gerngfqzuwudosgobknlgtoawnlj/SourcePackages/checkouts/firebase-ios-sdk/FirebaseAppCheck/Interop/Public -Xcc -I/Users/emanuelflury/Library/Developer/Xcode/DerivedData/TaxedGmbH_IOS-gerngfqzuwudosgobknlgtoawnlj/Build/Products/Debug-iphoneos/include -Xcc -I/Users/emanuelflury/Library/Developer/Xcode/DerivedData/TaxedGmbH_IOS-gerngfqzuwudosgobknlgtoawnlj/Build/Intermediates.noindex/Firebase.build/Debug-iphoneos/FirebaseStorage.build/DerivedSources-normal/arm64 -Xcc -I/Users/emanuelflury/Library/Developer/Xcode/DerivedData/TaxedGmbH_IOS-gerngfqzuwudosgobknlgtoawnlj/Build/Intermediates.noindex/Firebase.build/Debug-iphoneos/FirebaseStorage.build/DerivedSources/arm64 -Xcc -I/Users/emanuelflury/Library/Developer/Xcode/DerivedData/TaxedGmbH_IOS-gerngfqzuwudosgobknlgtoawnlj/Build/Intermediates.noindex/Firebase.build/Debug-iphoneos/FirebaseStorage.build/DerivedSources -Xcc -DSWIFT_PACKAGE -Xcc -DDEBUG\=1 -emit-objc-header -emit-objc-header-path /Users/emanuelflury/Library/Developer/Xcode/DerivedData/TaxedGmbH_IOS-gerngfqzuwudosgobknlgtoawnlj/Build/Intermediates.noindex/Firebase.build/Debug-iphoneos/FirebaseStorage.build/Objects-normal/arm64/FirebaseStorage-Swift.h -working-directory /Users/emanuelflury/github/TaxedGmbH_IOS/TaxedGmbH_IOS.xcodeproj -experimental-emit-module-separately -disable-cmo

PrecompileModule /Users/emanuelflury/Library/Developer/Xcode/DerivedData/TaxedGmbH_IOS-gerngfqzuwudosgobknlgtoawnlj/Build/Intermediates.noindex/ExplicitPrecompiledModules/os_object-8Y1GJJXLL9CQJQBX11GW5U25L.scan
    cd /
    builtin-precompileModule /Users/emanuelflury/Library/Developer/Xcode/DerivedData/TaxedGmbH_IOS-gerngfqzuwudosgobknlgtoawnlj/Build/Intermediates.noindex/ExplicitPrecompiledModules/os_object-8Y1GJJXLL9CQJQBX11GW5U25L.scan

SwiftMergeGeneratedHeaders /Users/emanuelflury/Library/Developer/Xcode/DerivedData/TaxedGmbH_IOS-gerngfqzuwudosgobknlgtoawnlj/Build/Intermediates.noindex/GeneratedModuleMaps-iphoneos/FirebaseStorage-Swift.h /Users/emanuelflury/Library/Developer/Xcode/DerivedData/TaxedGmbH_IOS-gerngfqzuwudosgobknlgtoawnlj/Build/Intermediates.noindex/Firebase.build/Debug-iphoneos/FirebaseStorage.build/Objects-normal/arm64/FirebaseStorage-Swift.h (in target 'FirebaseStorage' from project 'Firebase')
    cd /Users/emanuelflury/Library/Developer/Xcode/DerivedData/TaxedGmbH_IOS-gerngfqzuwudosgobknlgtoawnlj/SourcePackages/checkouts/firebase-ios-sdk
    builtin-swiftHeaderTool -arch arm64 /Users/emanuelflury/Library/Developer/Xcode/DerivedData/TaxedGmbH_IOS-gerngfqzuwudosgobknlgtoawnlj/Build/Intermediates.noindex/Firebase.build/Debug-iphoneos/FirebaseStorage.build/Objects-normal/arm64/FirebaseStorage-Swift.h -o /Users/emanuelflury/Library/Developer/Xcode/DerivedData/TaxedGmbH_IOS-gerngfqzuwudosgobknlgtoawnlj/Build/Intermediates.noindex/GeneratedModuleMaps-iphoneos/FirebaseStorage-Swift.h

Copy /Users/emanuelflury/Library/Developer/Xcode/DerivedData/TaxedGmbH_IOS-gerngfqzuwudosgobknlgtoawnlj/Build/Products/Debug-iphoneos/FirebaseStorage.swiftmodule/arm64-apple-ios.swiftmodule /Users/emanuelflury/Library/Developer/Xcode/DerivedData/TaxedGmbH_IOS-gerngfqzuwudosgobknlgtoawnlj/Build/Intermediates.noindex/Firebase.build/Debug-iphoneos/FirebaseStorage.build/Objects-normal/arm64/FirebaseStorage.swiftmodule (in target 'FirebaseStorage' from project 'Firebase')
    cd /Users/emanuelflury/Library/Developer/Xcode/DerivedData/TaxedGmbH_IOS-gerngfqzuwudosgobknlgtoawnlj/SourcePackages/checkouts/firebase-ios-sdk
    builtin-copy -exclude .DS_Store -exclude CVS -exclude .svn -exclude .git -exclude .hg -resolve-src-symlinks -rename /Users/emanuelflury/Library/Developer/Xcode/DerivedData/TaxedGmbH_IOS-gerngfqzuwudosgobknlgtoawnlj/Build/Intermediates.noindex/Firebase.build/Debug-iphoneos/FirebaseStorage.build/Objects-normal/arm64/FirebaseStorage.swiftmodule /Users/emanuelflury/Library/Developer/Xcode/DerivedData/TaxedGmbH_IOS-gerngfqzuwudosgobknlgtoawnlj/Build/Products/Debug-iphoneos/FirebaseStorage.swiftmodule/arm64-apple-ios.swiftmodule

Copy /Users/emanuelflury/Library/Developer/Xcode/DerivedData/TaxedGmbH_IOS-gerngfqzuwudosgobknlgtoawnlj/Build/Products/Debug-iphoneos/FirebaseStorage.swiftmodule/arm64-apple-ios.swiftdoc /Users/emanuelflury/Library/Developer/Xcode/DerivedData/TaxedGmbH_IOS-gerngfqzuwudosgobknlgtoawnlj/Build/Intermediates.noindex/Firebase.build/Debug-iphoneos/FirebaseStorage.build/Objects-normal/arm64/FirebaseStorage.swiftdoc (in target 'FirebaseStorage' from project 'Firebase')
    cd /Users/emanuelflury/Library/Developer/Xcode/DerivedData/TaxedGmbH_IOS-gerngfqzuwudosgobknlgtoawnlj/SourcePackages/checkouts/firebase-ios-sdk
    builtin-copy -exclude .DS_Store -exclude CVS -exclude .svn -exclude .git -exclude .hg -resolve-src-symlinks -rename /Users/emanuelflury/Library/Developer/Xcode/DerivedData/TaxedGmbH_IOS-gerngfqzuwudosgobknlgtoawnlj/Build/Intermediates.noindex/Firebase.build/Debug-iphoneos/FirebaseStorage.build/Objects-normal/arm64/FirebaseStorage.swiftdoc /Users/emanuelflury/Library/Developer/Xcode/DerivedData/TaxedGmbH_IOS-gerngfqzuwudosgobknlgtoawnlj/Build/Products/Debug-iphoneos/FirebaseStorage.swiftmodule/arm64-apple-ios.swiftdoc

Copy /Users/emanuelflury/Library/Developer/Xcode/DerivedData/TaxedGmbH_IOS-gerngfqzuwudosgobknlgtoawnlj/Build/Products/Debug-iphoneos/FirebaseStorage.swiftmodule/arm64-apple-ios.abi.json /Users/emanuelflury/Library/Developer/Xcode/DerivedData/TaxedGmbH_IOS-gerngfqzuwudosgobknlgtoawnlj/Build/Intermediates.noindex/Firebase.build/Debug-iphoneos/FirebaseStorage.build/Objects-normal/arm64/FirebaseStorage.abi.json (in target 'FirebaseStorage' from project 'Firebase')
    cd /Users/emanuelflury/Library/Developer/Xcode/DerivedData/TaxedGmbH_IOS-gerngfqzuwudosgobknlgtoawnlj/SourcePackages/checkouts/firebase-ios-sdk
    builtin-copy -exclude .DS_Store -exclude CVS -exclude .svn -exclude .git -exclude .hg -resolve-src-symlinks -rename /Users/emanuelflury/Library/Developer/Xcode/DerivedData/TaxedGmbH_IOS-gerngfqzuwudosgobknlgtoawnlj/Build/Intermediates.noindex/Firebase.build/Debug-iphoneos/FirebaseStorage.build/Objects-normal/arm64/FirebaseStorage.abi.json /Users/emanuelflury/Library/Developer/Xcode/DerivedData/TaxedGmbH_IOS-gerngfqzuwudosgobknlgtoawnlj/Build/Products/Debug-iphoneos/FirebaseStorage.swiftmodule/arm64-apple-ios.abi.json

Copy /Users/emanuelflury/Library/Developer/Xcode/DerivedData/TaxedGmbH_IOS-gerngfqzuwudosgobknlgtoawnlj/Build/Products/Debug-iphoneos/FirebaseStorage.swiftmodule/Project/arm64-apple-ios.swiftsourceinfo /Users/emanuelflury/Library/Developer/Xcode/DerivedData/TaxedGmbH_IOS-gerngfqzuwudosgobknlgtoawnlj/Build/Intermediates.noindex/Firebase.build/Debug-iphoneos/FirebaseStorage.build/Objects-normal/arm64/FirebaseStorage.swiftsourceinfo (in target 'FirebaseStorage' from project 'Firebase')
    cd /Users/emanuelflury/Library/Developer/Xcode/DerivedData/TaxedGmbH_IOS-gerngfqzuwudosgobknlgtoawnlj/SourcePackages/checkouts/firebase-ios-sdk
    builtin-copy -exclude .DS_Store -exclude CVS -exclude .svn -exclude .git -exclude .hg -resolve-src-symlinks -rename /Users/emanuelflury/Library/Developer/Xcode/DerivedData/TaxedGmbH_IOS-gerngfqzuwudosgobknlgtoawnlj/Build/Intermediates.noindex/Firebase.build/Debug-iphoneos/FirebaseStorage.build/Objects-normal/arm64/FirebaseStorage.swiftsourceinfo /Users/emanuelflury/Library/Developer/Xcode/DerivedData/TaxedGmbH_IOS-gerngfqzuwudosgobknlgtoawnlj/Build/Products/Debug-iphoneos/FirebaseStorage.swiftmodule/Project/arm64-apple-ios.swiftsourceinfo

SwiftCompile normal arm64 Compiling\ StorageTaskSnapshot.swift,\ StorageUploadTask.swift /Users/emanuelflury/Library/Developer/Xcode/DerivedData/TaxedGmbH_IOS-gerngfqzuwudosgobknlgtoawnlj/SourcePackages/checkouts/firebase-ios-sdk/FirebaseStorage/Sources/StorageTaskSnapshot.swift /Users/emanuelflury/Library/Developer/Xcode/DerivedData/TaxedGmbH_IOS-gerngfqzuwudosgobknlgtoawnlj/SourcePackages/checkouts/firebase-ios-sdk/FirebaseStorage/Sources/StorageUploadTask.swift (in target 'FirebaseStorage' from project 'Firebase')
SwiftCompile normal arm64 /Users/emanuelflury/Library/Developer/Xcode/DerivedData/TaxedGmbH_IOS-gerngfqzuwudosgobknlgtoawnlj/SourcePackages/checkouts/firebase-ios-sdk/FirebaseStorage/Sources/StorageTaskSnapshot.swift (in target 'FirebaseStorage' from project 'Firebase')
    cd /Users/emanuelflury/github/TaxedGmbH_IOS/TaxedGmbH_IOS.xcodeproj
    

SwiftCompile normal arm64 /Users/emanuelflury/Library/Developer/Xcode/DerivedData/TaxedGmbH_IOS-gerngfqzuwudosgobknlgtoawnlj/SourcePackages/checkouts/firebase-ios-sdk/FirebaseStorage/Sources/StorageUploadTask.swift (in target 'FirebaseStorage' from project 'Firebase')
    cd /Users/emanuelflury/github/TaxedGmbH_IOS/TaxedGmbH_IOS.xcodeproj
    

PrecompileModule /Users/emanuelflury/Library/Developer/Xcode/DerivedData/TaxedGmbH_IOS-gerngfqzuwudosgobknlgtoawnlj/Build/Intermediates.noindex/ExplicitPrecompiledModules/os_workgroup-3HQFVAAE3TE31FZGAC55AQWRQ.scan
    cd /
    builtin-precompileModule /Users/emanuelflury/Library/Developer/Xcode/DerivedData/TaxedGmbH_IOS-gerngfqzuwudosgobknlgtoawnlj/Build/Intermediates.noindex/ExplicitPrecompiledModules/os_workgroup-3HQFVAAE3TE31FZGAC55AQWRQ.scan

PrecompileModule /Users/emanuelflury/Library/Developer/Xcode/DerivedData/TaxedGmbH_IOS-gerngfqzuwudosgobknlgtoawnlj/Build/Intermediates.noindex/ExplicitPrecompiledModules/Dispatch-E25PLX72M6LUE21GZ7XF0AIJ0.scan
    cd /
    builtin-precompileModule /Users/emanuelflury/Library/Developer/Xcode/DerivedData/TaxedGmbH_IOS-gerngfqzuwudosgobknlgtoawnlj/Build/Intermediates.noindex/ExplicitPrecompiledModules/Dispatch-E25PLX72M6LUE21GZ7XF0AIJ0.scan

SwiftDriverJobDiscovery normal arm64 Compiling StorageFetcherService.swift, StorageGetDownloadURLTask.swift (in target 'FirebaseStorage' from project 'Firebase')

ScanDependencies /Users/emanuelflury/Library/Developer/Xcode/DerivedData/TaxedGmbH_IOS-gerngfqzuwudosgobknlgtoawnlj/Build/Intermediates.noindex/Firebase.build/Debug-iphoneos/FirebaseMessaging.build/Objects-normal/arm64/FIRMessagingPendingTopicsList.o /Users/emanuelflury/Library/Developer/Xcode/DerivedData/TaxedGmbH_IOS-gerngfqzuwudosgobknlgtoawnlj/SourcePackages/checkouts/firebase-ios-sdk/FirebaseMessaging/Sources/FIRMessagingPendingTopicsList.m normal arm64 objective-c com.apple.compilers.llvm.clang.1_0.compiler (in target 'FirebaseMessaging' from project 'Firebase')
    cd /Users/emanuelflury/github/TaxedGmbH_IOS/TaxedGmbH_IOS.xcodeproj
    
    Using response file: /Users/emanuelflury/Library/Developer/Xcode/DerivedData/TaxedGmbH_IOS-gerngfqzuwudosgobknlgtoawnlj/Build/Intermediates.noindex/Firebase.build/Debug-iphoneos/FirebaseMessaging.build/Objects-normal/arm64/e6072d4f65d7061329687fe24e3d63a7-common-args.resp
    
    builtin-ScanDependencies -o /Users/emanuelflury/Library/Developer/Xcode/DerivedData/TaxedGmbH_IOS-gerngfqzuwudosgobknlgtoawnlj/Build/Intermediates.noindex/Firebase.build/Debug-iphoneos/FirebaseMessaging.build/Objects-normal/arm64/FIRMessagingPendingTopicsList.o.scan -- /Applications/Xcode.app/Contents/Developer/Toolchains/XcodeDefault.xctoolchain/usr/bin/clang -x objective-c -ivfsstatcache /Users/emanuelflury/Library/Developer/Xcode/DerivedData/SDKStatCaches.noindex/iphoneos26.1-23B77-69b33fc7382b27d9b5d46e82a00f8e78.sdkstatcache -fmessage-length\=0 -fdiagnostics-show-note-include-stack -fmacro-backtrace-limit\=0 -fno-color-diagnostics -fmodules-prune-interval\=86400 -fmodules-prune-after\=345600 -fbuild-session-file\=/Users/emanuelflury/Library/Developer/Xcode/DerivedData/ModuleCache.noindex/Session.modulevalidation -fmodules-validate-once-per-build-session -Wnon-modular-include-in-framework-module -Werror\=non-modular-include-in-framework-module -Wno-trigraphs -Wno-missing-field-initializers -Wno-missing-prototypes -Wno-return-type -Wno-implicit-atomic-properties -Wno-objc-interface-ivars -Wno-arc-repeated-use-of-weak -Wno-missing-braces -Wparentheses -Wswitch -Wno-unused-function -Wno-unused-label -Wno-unused-parameter -Wno-unused-variable -Wunused-value -Wno-empty-body -Wno-uninitialized -Wno-unknown-pragmas -w -Wno-shadow -Wno-four-char-constants -Wno-conversion -Wno-constant-conversion -Wno-int-conversion -Wno-bool-conversion -Wno-enum-conversion -Wno-float-conversion -Wno-non-literal-null-conversion -Wno-objc-literal-conversion -Wshorten-64-to-32 -Wpointer-sign -Wno-newline-eof -Wno-selector -Wno-strict-selector-match -Wno-undeclared-selector -Wno-deprecated-implementations -Wno-implicit-fallthrough -fstrict-aliasing -Wprotocol -Wdeprecated-declarations -Wno-sign-conversion -Wno-infinite-recursion -Wno-comma -Wno-block-capture-autoreleasing -Wno-strict-prototypes -Wno-semicolon-before-method-body -index-store-path /Users/emanuelflury/Library/Developer/Xcode/DerivedData/TaxedGmbH_IOS-gerngfqzuwudosgobknlgtoawnlj/Index.noindex/DataStore @/Users/emanuelflury/Library/Developer/Xcode/DerivedData/TaxedGmbH_IOS-gerngfqzuwudosgobknlgtoawnlj/Build/Intermediates.noindex/Firebase.build/Debug-iphoneos/FirebaseMessaging.build/Objects-normal/arm64/e6072d4f65d7061329687fe24e3d63a7-common-args.resp -include /Users/emanuelflury/Library/Developer/Xcode/DerivedData/TaxedGmbH_IOS-gerngfqzuwudosgobknlgtoawnlj/Build/Intermediates.noindex/Firebase.build/Debug-iphoneos/FirebaseMessaging.build/DerivedSources/resource_bundle_accessor.h -MMD -MT dependencies -MF /Users/emanuelflury/Library/Developer/Xcode/DerivedData/TaxedGmbH_IOS-gerngfqzuwudosgobknlgtoawnlj/Build/Intermediates.noindex/Firebase.build/Debug-iphoneos/FirebaseMessaging.build/Objects-normal/arm64/FIRMessagingPendingTopicsList.d --serialize-diagnostics /Users/emanuelflury/Library/Developer/Xcode/DerivedData/TaxedGmbH_IOS-gerngfqzuwudosgobknlgtoawnlj/Build/Intermediates.noindex/Firebase.build/Debug-iphoneos/FirebaseMessaging.build/Objects-normal/arm64/FIRMessagingPendingTopicsList.dia -c /Users/emanuelflury/Library/Developer/Xcode/DerivedData/TaxedGmbH_IOS-gerngfqzuwudosgobknlgtoawnlj/SourcePackages/checkouts/firebase-ios-sdk/FirebaseMessaging/Sources/FIRMessagingPendingTopicsList.m -o /Users/emanuelflury/Library/Developer/Xcode/DerivedData/TaxedGmbH_IOS-gerngfqzuwudosgobknlgtoawnlj/Build/Intermediates.noindex/Firebase.build/Debug-iphoneos/FirebaseMessaging.build/Objects-normal/arm64/FIRMessagingPendingTopicsList.o -index-unit-output-path /Firebase.build/Debug-iphoneos/FirebaseMessaging.build/Objects-normal/arm64/FIRMessagingPendingTopicsList.o

ScanDependencies /Users/emanuelflury/Library/Developer/Xcode/DerivedData/TaxedGmbH_IOS-gerngfqzuwudosgobknlgtoawnlj/Build/Intermediates.noindex/Firebase.build/Debug-iphoneos/FirebaseMessaging.build/Objects-normal/arm64/FIRMessagingLogger.o /Users/emanuelflury/Library/Developer/Xcode/DerivedData/TaxedGmbH_IOS-gerngfqzuwudosgobknlgtoawnlj/SourcePackages/checkouts/firebase-ios-sdk/FirebaseMessaging/Sources/FIRMessagingLogger.m normal arm64 objective-c com.apple.compilers.llvm.clang.1_0.compiler (in target 'FirebaseMessaging' from project 'Firebase')
    cd /Users/emanuelflury/github/TaxedGmbH_IOS/TaxedGmbH_IOS.xcodeproj
    
    Using response file: /Users/emanuelflury/Library/Developer/Xcode/DerivedData/TaxedGmbH_IOS-gerngfqzuwudosgobknlgtoawnlj/Build/Intermediates.noindex/Firebase.build/Debug-iphoneos/FirebaseMessaging.build/Objects-normal/arm64/e6072d4f65d7061329687fe24e3d63a7-common-args.resp
    
    builtin-ScanDependencies -o /Users/emanuelflury/Library/Developer/Xcode/DerivedData/TaxedGmbH_IOS-gerngfqzuwudosgobknlgtoawnlj/Build/Intermediates.noindex/Firebase.build/Debug-iphoneos/FirebaseMessaging.build/Objects-normal/arm64/FIRMessagingLogger.o.scan -- /Applications/Xcode.app/Contents/Developer/Toolchains/XcodeDefault.xctoolchain/usr/bin/clang -x objective-c -ivfsstatcache /Users/emanuelflury/Library/Developer/Xcode/DerivedData/SDKStatCaches.noindex/iphoneos26.1-23B77-69b33fc7382b27d9b5d46e82a00f8e78.sdkstatcache -fmessage-length\=0 -fdiagnostics-show-note-include-stack -fmacro-backtrace-limit\=0 -fno-color-diagnostics -fmodules-prune-interval\=86400 -fmodules-prune-after\=345600 -fbuild-session-file\=/Users/emanuelflury/Library/Developer/Xcode/DerivedData/ModuleCache.noindex/Session.modulevalidation -fmodules-validate-once-per-build-session -Wnon-modular-include-in-framework-module -Werror\=non-modular-include-in-framework-module -Wno-trigraphs -Wno-missing-field-initializers -Wno-missing-prototypes -Wno-return-type -Wno-implicit-atomic-properties -Wno-objc-interface-ivars -Wno-arc-repeated-use-of-weak -Wno-missing-braces -Wparentheses -Wswitch -Wno-unused-function -Wno-unused-label -Wno-unused-parameter -Wno-unused-variable -Wunused-value -Wno-empty-body -Wno-uninitialized -Wno-unknown-pragmas -w -Wno-shadow -Wno-four-char-constants -Wno-conversion -Wno-constant-conversion -Wno-int-conversion -Wno-bool-conversion -Wno-enum-conversion -Wno-float-conversion -Wno-non-literal-null-conversion -Wno-objc-literal-conversion -Wshorten-64-to-32 -Wpointer-sign -Wno-newline-eof -Wno-selector -Wno-strict-selector-match -Wno-undeclared-selector -Wno-deprecated-implementations -Wno-implicit-fallthrough -fstrict-aliasing -Wprotocol -Wdeprecated-declarations -Wno-sign-conversion -Wno-infinite-recursion -Wno-comma -Wno-block-capture-autoreleasing -Wno-strict-prototypes -Wno-semicolon-before-method-body -index-store-path /Users/emanuelflury/Library/Developer/Xcode/DerivedData/TaxedGmbH_IOS-gerngfqzuwudosgobknlgtoawnlj/Index.noindex/DataStore @/Users/emanuelflury/Library/Developer/Xcode/DerivedData/TaxedGmbH_IOS-gerngfqzuwudosgobknlgtoawnlj/Build/Intermediates.noindex/Firebase.build/Debug-iphoneos/FirebaseMessaging.build/Objects-normal/arm64/e6072d4f65d7061329687fe24e3d63a7-common-args.resp -include /Users/emanuelflury/Library/Developer/Xcode/DerivedData/TaxedGmbH_IOS-gerngfqzuwudosgobknlgtoawnlj/Build/Intermediates.noindex/Firebase.build/Debug-iphoneos/FirebaseMessaging.build/DerivedSources/resource_bundle_accessor.h -MMD -MT dependencies -MF /Users/emanuelflury/Library/Developer/Xcode/DerivedData/TaxedGmbH_IOS-gerngfqzuwudosgobknlgtoawnlj/Build/Intermediates.noindex/Firebase.build/Debug-iphoneos/FirebaseMessaging.build/Objects-normal/arm64/FIRMessagingLogger.d --serialize-diagnostics /Users/emanuelflury/Library/Developer/Xcode/DerivedData/TaxedGmbH_IOS-gerngfqzuwudosgobknlgtoawnlj/Build/Intermediates.noindex/Firebase.build/Debug-iphoneos/FirebaseMessaging.build/Objects-normal/arm64/FIRMessagingLogger.dia -c /Users/emanuelflury/Library/Developer/Xcode/DerivedData/TaxedGmbH_IOS-gerngfqzuwudosgobknlgtoawnlj/SourcePackages/checkouts/firebase-ios-sdk/FirebaseMessaging/Sources/FIRMessagingLogger.m -o /Users/emanuelflury/Library/Developer/Xcode/DerivedData/TaxedGmbH_IOS-gerngfqzuwudosgobknlgtoawnlj/Build/Intermediates.noindex/Firebase.build/Debug-iphoneos/FirebaseMessaging.build/Objects-normal/arm64/FIRMessagingLogger.o -index-unit-output-path /Firebase.build/Debug-iphoneos/FirebaseMessaging.build/Objects-normal/arm64/FIRMessagingLogger.o

PrecompileModule /Users/emanuelflury/Library/Developer/Xcode/DerivedData/TaxedGmbH_IOS-gerngfqzuwudosgobknlgtoawnlj/Build/Intermediates.noindex/ExplicitPrecompiledModules/CoreFoundation-UUKMAN8NOLH5A8RYJPO8X38Q.scan
    cd /
    builtin-precompileModule /Users/emanuelflury/Library/Developer/Xcode/DerivedData/TaxedGmbH_IOS-gerngfqzuwudosgobknlgtoawnlj/Build/Intermediates.noindex/ExplicitPrecompiledModules/CoreFoundation-UUKMAN8NOLH5A8RYJPO8X38Q.scan

PrecompileModule /Users/emanuelflury/Library/Developer/Xcode/DerivedData/TaxedGmbH_IOS-gerngfqzuwudosgobknlgtoawnlj/Build/Intermediates.noindex/ExplicitPrecompiledModules/XPC-1870PM8QM7OFCMUNTP3GKQQB4.scan
    cd /
    builtin-precompileModule /Users/emanuelflury/Library/Developer/Xcode/DerivedData/TaxedGmbH_IOS-gerngfqzuwudosgobknlgtoawnlj/Build/Intermediates.noindex/ExplicitPrecompiledModules/XPC-1870PM8QM7OFCMUNTP3GKQQB4.scan

ScanDependencies /Users/emanuelflury/Library/Developer/Xcode/DerivedData/TaxedGmbH_IOS-gerngfqzuwudosgobknlgtoawnlj/Build/Intermediates.noindex/Firebase.build/Debug-iphoneos/FirebaseMessaging.build/Objects-normal/arm64/FIRMessagingKeychain.o /Users/emanuelflury/Library/Developer/Xcode/DerivedData/TaxedGmbH_IOS-gerngfqzuwudosgobknlgtoawnlj/SourcePackages/checkouts/firebase-ios-sdk/FirebaseMessaging/Sources/Token/FIRMessagingKeychain.m normal arm64 objective-c com.apple.compilers.llvm.clang.1_0.compiler (in target 'FirebaseMessaging' from project 'Firebase')
    cd /Users/emanuelflury/github/TaxedGmbH_IOS/TaxedGmbH_IOS.xcodeproj
    
    Using response file: /Users/emanuelflury/Library/Developer/Xcode/DerivedData/TaxedGmbH_IOS-gerngfqzuwudosgobknlgtoawnlj/Build/Intermediates.noindex/Firebase.build/Debug-iphoneos/FirebaseMessaging.build/Objects-normal/arm64/e6072d4f65d7061329687fe24e3d63a7-common-args.resp
    
    builtin-ScanDependencies -o /Users/emanuelflury/Library/Developer/Xcode/DerivedData/TaxedGmbH_IOS-gerngfqzuwudosgobknlgtoawnlj/Build/Intermediates.noindex/Firebase.build/Debug-iphoneos/FirebaseMessaging.build/Objects-normal/arm64/FIRMessagingKeychain.o.scan -- /Applications/Xcode.app/Contents/Developer/Toolchains/XcodeDefault.xctoolchain/usr/bin/clang -x objective-c -ivfsstatcache /Users/emanuelflury/Library/Developer/Xcode/DerivedData/SDKStatCaches.noindex/iphoneos26.1-23B77-69b33fc7382b27d9b5d46e82a00f8e78.sdkstatcache -fmessage-length\=0 -fdiagnostics-show-note-include-stack -fmacro-backtrace-limit\=0 -fno-color-diagnostics -fmodules-prune-interval\=86400 -fmodules-prune-after\=345600 -fbuild-session-file\=/Users/emanuelflury/Library/Developer/Xcode/DerivedData/ModuleCache.noindex/Session.modulevalidation -fmodules-validate-once-per-build-session -Wnon-modular-include-in-framework-module -Werror\=non-modular-include-in-framework-module -Wno-trigraphs -Wno-missing-field-initializers -Wno-missing-prototypes -Wno-return-type -Wno-implicit-atomic-properties -Wno-objc-interface-ivars -Wno-arc-repeated-use-of-weak -Wno-missing-braces -Wparentheses -Wswitch -Wno-unused-function -Wno-unused-label -Wno-unused-parameter -Wno-unused-variable -Wunused-value -Wno-empty-body -Wno-uninitialized -Wno-unknown-pragmas -w -Wno-shadow -Wno-four-char-constants -Wno-conversion -Wno-constant-conversion -Wno-int-conversion -Wno-bool-conversion -Wno-enum-conversion -Wno-float-conversion -Wno-non-literal-null-conversion -Wno-objc-literal-conversion -Wshorten-64-to-32 -Wpointer-sign -Wno-newline-eof -Wno-selector -Wno-strict-selector-match -Wno-undeclared-selector -Wno-deprecated-implementations -Wno-implicit-fallthrough -fstrict-aliasing -Wprotocol -Wdeprecated-declarations -Wno-sign-conversion -Wno-infinite-recursion -Wno-comma -Wno-block-capture-autoreleasing -Wno-strict-prototypes -Wno-semicolon-before-method-body -index-store-path /Users/emanuelflury/Library/Developer/Xcode/DerivedData/TaxedGmbH_IOS-gerngfqzuwudosgobknlgtoawnlj/Index.noindex/DataStore @/Users/emanuelflury/Library/Developer/Xcode/DerivedData/TaxedGmbH_IOS-gerngfqzuwudosgobknlgtoawnlj/Build/Intermediates.noindex/Firebase.build/Debug-iphoneos/FirebaseMessaging.build/Objects-normal/arm64/e6072d4f65d7061329687fe24e3d63a7-common-args.resp -include /Users/emanuelflury/Library/Developer/Xcode/DerivedData/TaxedGmbH_IOS-gerngfqzuwudosgobknlgtoawnlj/Build/Intermediates.noindex/Firebase.build/Debug-iphoneos/FirebaseMessaging.build/DerivedSources/resource_bundle_accessor.h -MMD -MT dependencies -MF /Users/emanuelflury/Library/Developer/Xcode/DerivedData/TaxedGmbH_IOS-gerngfqzuwudosgobknlgtoawnlj/Build/Intermediates.noindex/Firebase.build/Debug-iphoneos/FirebaseMessaging.build/Objects-normal/arm64/FIRMessagingKeychain.d --serialize-diagnostics /Users/emanuelflury/Library/Developer/Xcode/DerivedData/TaxedGmbH_IOS-gerngfqzuwudosgobknlgtoawnlj/Build/Intermediates.noindex/Firebase.build/Debug-iphoneos/FirebaseMessaging.build/Objects-normal/arm64/FIRMessagingKeychain.dia -c /Users/emanuelflury/Library/Developer/Xcode/DerivedData/TaxedGmbH_IOS-gerngfqzuwudosgobknlgtoawnlj/SourcePackages/checkouts/firebase-ios-sdk/FirebaseMessaging/Sources/Token/FIRMessagingKeychain.m -o /Users/emanuelflury/Library/Developer/Xcode/DerivedData/TaxedGmbH_IOS-gerngfqzuwudosgobknlgtoawnlj/Build/Intermediates.noindex/Firebase.build/Debug-iphoneos/FirebaseMessaging.build/Objects-normal/arm64/FIRMessagingKeychain.o -index-unit-output-path /Firebase.build/Debug-iphoneos/FirebaseMessaging.build/Objects-normal/arm64/FIRMessagingKeychain.o

SwiftDriverJobDiscovery normal arm64 Compiling AsyncAwait.swift, StorageDeleteTask.swift (in target 'FirebaseStorage' from project 'Firebase')

ScanDependencies /Users/emanuelflury/Library/Developer/Xcode/DerivedData/TaxedGmbH_IOS-gerngfqzuwudosgobknlgtoawnlj/Build/Intermediates.noindex/Firebase.build/Debug-iphoneos/FirebaseMessaging.build/Objects-normal/arm64/FIRMessagingExtensionHelper.o /Users/emanuelflury/Library/Developer/Xcode/DerivedData/TaxedGmbH_IOS-gerngfqzuwudosgobknlgtoawnlj/SourcePackages/checkouts/firebase-ios-sdk/FirebaseMessaging/Sources/FIRMessagingExtensionHelper.m normal arm64 objective-c com.apple.compilers.llvm.clang.1_0.compiler (in target 'FirebaseMessaging' from project 'Firebase')
    cd /Users/emanuelflury/github/TaxedGmbH_IOS/TaxedGmbH_IOS.xcodeproj
    
    Using response file: /Users/emanuelflury/Library/Developer/Xcode/DerivedData/TaxedGmbH_IOS-gerngfqzuwudosgobknlgtoawnlj/Build/Intermediates.noindex/Firebase.build/Debug-iphoneos/FirebaseMessaging.build/Objects-normal/arm64/e6072d4f65d7061329687fe24e3d63a7-common-args.resp
    
    builtin-ScanDependencies -o /Users/emanuelflury/Library/Developer/Xcode/DerivedData/TaxedGmbH_IOS-gerngfqzuwudosgobknlgtoawnlj/Build/Intermediates.noindex/Firebase.build/Debug-iphoneos/FirebaseMessaging.build/Objects-normal/arm64/FIRMessagingExtensionHelper.o.scan -- /Applications/Xcode.app/Contents/Developer/Toolchains/XcodeDefault.xctoolchain/usr/bin/clang -x objective-c -ivfsstatcache /Users/emanuelflury/Library/Developer/Xcode/DerivedData/SDKStatCaches.noindex/iphoneos26.1-23B77-69b33fc7382b27d9b5d46e82a00f8e78.sdkstatcache -fmessage-length\=0 -fdiagnostics-show-note-include-stack -fmacro-backtrace-limit\=0 -fno-color-diagnostics -fmodules-prune-interval\=86400 -fmodules-prune-after\=345600 -fbuild-session-file\=/Users/emanuelflury/Library/Developer/Xcode/DerivedData/ModuleCache.noindex/Session.modulevalidation -fmodules-validate-once-per-build-session -Wnon-modular-include-in-framework-module -Werror\=non-modular-include-in-framework-module -Wno-trigraphs -Wno-missing-field-initializers -Wno-missing-prototypes -Wno-return-type -Wno-implicit-atomic-properties -Wno-objc-interface-ivars -Wno-arc-repeated-use-of-weak -Wno-missing-braces -Wparentheses -Wswitch -Wno-unused-function -Wno-unused-label -Wno-unused-parameter -Wno-unused-variable -Wunused-value -Wno-empty-body -Wno-uninitialized -Wno-unknown-pragmas -w -Wno-shadow -Wno-four-char-constants -Wno-conversion -Wno-constant-conversion -Wno-int-conversion -Wno-bool-conversion -Wno-enum-conversion -Wno-float-conversion -Wno-non-literal-null-conversion -Wno-objc-literal-conversion -Wshorten-64-to-32 -Wpointer-sign -Wno-newline-eof -Wno-selector -Wno-strict-selector-match -Wno-undeclared-selector -Wno-deprecated-implementations -Wno-implicit-fallthrough -fstrict-aliasing -Wprotocol -Wdeprecated-declarations -Wno-sign-conversion -Wno-infinite-recursion -Wno-comma -Wno-block-capture-autoreleasing -Wno-strict-prototypes -Wno-semicolon-before-method-body -index-store-path /Users/emanuelflury/Library/Developer/Xcode/DerivedData/TaxedGmbH_IOS-gerngfqzuwudosgobknlgtoawnlj/Index.noindex/DataStore @/Users/emanuelflury/Library/Developer/Xcode/DerivedData/TaxedGmbH_IOS-gerngfqzuwudosgobknlgtoawnlj/Build/Intermediates.noindex/Firebase.build/Debug-iphoneos/FirebaseMessaging.build/Objects-normal/arm64/e6072d4f65d7061329687fe24e3d63a7-common-args.resp -include /Users/emanuelflury/Library/Developer/Xcode/DerivedData/TaxedGmbH_IOS-gerngfqzuwudosgobknlgtoawnlj/Build/Intermediates.noindex/Firebase.build/Debug-iphoneos/FirebaseMessaging.build/DerivedSources/resource_bundle_accessor.h -MMD -MT dependencies -MF /Users/emanuelflury/Library/Developer/Xcode/DerivedData/TaxedGmbH_IOS-gerngfqzuwudosgobknlgtoawnlj/Build/Intermediates.noindex/Firebase.build/Debug-iphoneos/FirebaseMessaging.build/Objects-normal/arm64/FIRMessagingExtensionHelper.d --serialize-diagnostics /Users/emanuelflury/Library/Developer/Xcode/DerivedData/TaxedGmbH_IOS-gerngfqzuwudosgobknlgtoawnlj/Build/Intermediates.noindex/Firebase.build/Debug-iphoneos/FirebaseMessaging.build/Objects-normal/arm64/FIRMessagingExtensionHelper.dia -c /Users/emanuelflury/Library/Developer/Xcode/DerivedData/TaxedGmbH_IOS-gerngfqzuwudosgobknlgtoawnlj/SourcePackages/checkouts/firebase-ios-sdk/FirebaseMessaging/Sources/FIRMessagingExtensionHelper.m -o /Users/emanuelflury/Library/Developer/Xcode/DerivedData/TaxedGmbH_IOS-gerngfqzuwudosgobknlgtoawnlj/Build/Intermediates.noindex/Firebase.build/Debug-iphoneos/FirebaseMessaging.build/Objects-normal/arm64/FIRMessagingExtensionHelper.o -index-unit-output-path /Firebase.build/Debug-iphoneos/FirebaseMessaging.build/Objects-normal/arm64/FIRMessagingExtensionHelper.o

ScanDependencies /Users/emanuelflury/Library/Developer/Xcode/DerivedData/TaxedGmbH_IOS-gerngfqzuwudosgobknlgtoawnlj/Build/Intermediates.noindex/Firebase.build/Debug-iphoneos/FirebaseMessaging.build/Objects-normal/arm64/FIRMessagingContextManagerService.o /Users/emanuelflury/Library/Developer/Xcode/DerivedData/TaxedGmbH_IOS-gerngfqzuwudosgobknlgtoawnlj/SourcePackages/checkouts/firebase-ios-sdk/FirebaseMessaging/Sources/FIRMessagingContextManagerService.m normal arm64 objective-c com.apple.compilers.llvm.clang.1_0.compiler (in target 'FirebaseMessaging' from project 'Firebase')
    cd /Users/emanuelflury/github/TaxedGmbH_IOS/TaxedGmbH_IOS.xcodeproj
    
    Using response file: /Users/emanuelflury/Library/Developer/Xcode/DerivedData/TaxedGmbH_IOS-gerngfqzuwudosgobknlgtoawnlj/Build/Intermediates.noindex/Firebase.build/Debug-iphoneos/FirebaseMessaging.build/Objects-normal/arm64/e6072d4f65d7061329687fe24e3d63a7-common-args.resp
    
    builtin-ScanDependencies -o /Users/emanuelflury/Library/Developer/Xcode/DerivedData/TaxedGmbH_IOS-gerngfqzuwudosgobknlgtoawnlj/Build/Intermediates.noindex/Firebase.build/Debug-iphoneos/FirebaseMessaging.build/Objects-normal/arm64/FIRMessagingContextManagerService.o.scan -- /Applications/Xcode.app/Contents/Developer/Toolchains/XcodeDefault.xctoolchain/usr/bin/clang -x objective-c -ivfsstatcache /Users/emanuelflury/Library/Developer/Xcode/DerivedData/SDKStatCaches.noindex/iphoneos26.1-23B77-69b33fc7382b27d9b5d46e82a00f8e78.sdkstatcache -fmessage-length\=0 -fdiagnostics-show-note-include-stack -fmacro-backtrace-limit\=0 -fno-color-diagnostics -fmodules-prune-interval\=86400 -fmodules-prune-after\=345600 -fbuild-session-file\=/Users/emanuelflury/Library/Developer/Xcode/DerivedData/ModuleCache.noindex/Session.modulevalidation -fmodules-validate-once-per-build-session -Wnon-modular-include-in-framework-module -Werror\=non-modular-include-in-framework-module -Wno-trigraphs -Wno-missing-field-initializers -Wno-missing-prototypes -Wno-return-type -Wno-implicit-atomic-properties -Wno-objc-interface-ivars -Wno-arc-repeated-use-of-weak -Wno-missing-braces -Wparentheses -Wswitch -Wno-unused-function -Wno-unused-label -Wno-unused-parameter -Wno-unused-variable -Wunused-value -Wno-empty-body -Wno-uninitialized -Wno-unknown-pragmas -w -Wno-shadow -Wno-four-char-constants -Wno-conversion -Wno-constant-conversion -Wno-int-conversion -Wno-bool-conversion -Wno-enum-conversion -Wno-float-conversion -Wno-non-literal-null-conversion -Wno-objc-literal-conversion -Wshorten-64-to-32 -Wpointer-sign -Wno-newline-eof -Wno-selector -Wno-strict-selector-match -Wno-undeclared-selector -Wno-deprecated-implementations -Wno-implicit-fallthrough -fstrict-aliasing -Wprotocol -Wdeprecated-declarations -Wno-sign-conversion -Wno-infinite-recursion -Wno-comma -Wno-block-capture-autoreleasing -Wno-strict-prototypes -Wno-semicolon-before-method-body -index-store-path /Users/emanuelflury/Library/Developer/Xcode/DerivedData/TaxedGmbH_IOS-gerngfqzuwudosgobknlgtoawnlj/Index.noindex/DataStore @/Users/emanuelflury/Library/Developer/Xcode/DerivedData/TaxedGmbH_IOS-gerngfqzuwudosgobknlgtoawnlj/Build/Intermediates.noindex/Firebase.build/Debug-iphoneos/FirebaseMessaging.build/Objects-normal/arm64/e6072d4f65d7061329687fe24e3d63a7-common-args.resp -include /Users/emanuelflury/Library/Developer/Xcode/DerivedData/TaxedGmbH_IOS-gerngfqzuwudosgobknlgtoawnlj/Build/Intermediates.noindex/Firebase.build/Debug-iphoneos/FirebaseMessaging.build/DerivedSources/resource_bundle_accessor.h -MMD -MT dependencies -MF /Users/emanuelflury/Library/Developer/Xcode/DerivedData/TaxedGmbH_IOS-gerngfqzuwudosgobknlgtoawnlj/Build/Intermediates.noindex/Firebase.build/Debug-iphoneos/FirebaseMessaging.build/Objects-normal/arm64/FIRMessagingContextManagerService.d --serialize-diagnostics /Users/emanuelflury/Library/Developer/Xcode/DerivedData/TaxedGmbH_IOS-gerngfqzuwudosgobknlgtoawnlj/Build/Intermediates.noindex/Firebase.build/Debug-iphoneos/FirebaseMessaging.build/Objects-normal/arm64/FIRMessagingContextManagerService.dia -c /Users/emanuelflury/Library/Developer/Xcode/DerivedData/TaxedGmbH_IOS-gerngfqzuwudosgobknlgtoawnlj/SourcePackages/checkouts/firebase-ios-sdk/FirebaseMessaging/Sources/FIRMessagingContextManagerService.m -o /Users/emanuelflury/Library/Developer/Xcode/DerivedData/TaxedGmbH_IOS-gerngfqzuwudosgobknlgtoawnlj/Build/Intermediates.noindex/Firebase.build/Debug-iphoneos/FirebaseMessaging.build/Objects-normal/arm64/FIRMessagingContextManagerService.o -index-unit-output-path /Firebase.build/Debug-iphoneos/FirebaseMessaging.build/Objects-normal/arm64/FIRMessagingContextManagerService.o

ScanDependencies /Users/emanuelflury/Library/Developer/Xcode/DerivedData/TaxedGmbH_IOS-gerngfqzuwudosgobknlgtoawnlj/Build/Intermediates.noindex/Firebase.build/Debug-iphoneos/FirebaseMessaging.build/Objects-normal/arm64/FIRMessagingConstants.o /Users/emanuelflury/Library/Developer/Xcode/DerivedData/TaxedGmbH_IOS-gerngfqzuwudosgobknlgtoawnlj/SourcePackages/checkouts/firebase-ios-sdk/FirebaseMessaging/Sources/FIRMessagingConstants.m normal arm64 objective-c com.apple.compilers.llvm.clang.1_0.compiler (in target 'FirebaseMessaging' from project 'Firebase')
    cd /Users/emanuelflury/github/TaxedGmbH_IOS/TaxedGmbH_IOS.xcodeproj
    
    Using response file: /Users/emanuelflury/Library/Developer/Xcode/DerivedData/TaxedGmbH_IOS-gerngfqzuwudosgobknlgtoawnlj/Build/Intermediates.noindex/Firebase.build/Debug-iphoneos/FirebaseMessaging.build/Objects-normal/arm64/e6072d4f65d7061329687fe24e3d63a7-common-args.resp
    
    builtin-ScanDependencies -o /Users/emanuelflury/Library/Developer/Xcode/DerivedData/TaxedGmbH_IOS-gerngfqzuwudosgobknlgtoawnlj/Build/Intermediates.noindex/Firebase.build/Debug-iphoneos/FirebaseMessaging.build/Objects-normal/arm64/FIRMessagingConstants.o.scan -- /Applications/Xcode.app/Contents/Developer/Toolchains/XcodeDefault.xctoolchain/usr/bin/clang -x objective-c -ivfsstatcache /Users/emanuelflury/Library/Developer/Xcode/DerivedData/SDKStatCaches.noindex/iphoneos26.1-23B77-69b33fc7382b27d9b5d46e82a00f8e78.sdkstatcache -fmessage-length\=0 -fdiagnostics-show-note-include-stack -fmacro-backtrace-limit\=0 -fno-color-diagnostics -fmodules-prune-interval\=86400 -fmodules-prune-after\=345600 -fbuild-session-file\=/Users/emanuelflury/Library/Developer/Xcode/DerivedData/ModuleCache.noindex/Session.modulevalidation -fmodules-validate-once-per-build-session -Wnon-modular-include-in-framework-module -Werror\=non-modular-include-in-framework-module -Wno-trigraphs -Wno-missing-field-initializers -Wno-missing-prototypes -Wno-return-type -Wno-implicit-atomic-properties -Wno-objc-interface-ivars -Wno-arc-repeated-use-of-weak -Wno-missing-braces -Wparentheses -Wswitch -Wno-unused-function -Wno-unused-label -Wno-unused-parameter -Wno-unused-variable -Wunused-value -Wno-empty-body -Wno-uninitialized -Wno-unknown-pragmas -w -Wno-shadow -Wno-four-char-constants -Wno-conversion -Wno-constant-conversion -Wno-int-conversion -Wno-bool-conversion -Wno-enum-conversion -Wno-float-conversion -Wno-non-literal-null-conversion -Wno-objc-literal-conversion -Wshorten-64-to-32 -Wpointer-sign -Wno-newline-eof -Wno-selector -Wno-strict-selector-match -Wno-undeclared-selector -Wno-deprecated-implementations -Wno-implicit-fallthrough -fstrict-aliasing -Wprotocol -Wdeprecated-declarations -Wno-sign-conversion -Wno-infinite-recursion -Wno-comma -Wno-block-capture-autoreleasing -Wno-strict-prototypes -Wno-semicolon-before-method-body -index-store-path /Users/emanuelflury/Library/Developer/Xcode/DerivedData/TaxedGmbH_IOS-gerngfqzuwudosgobknlgtoawnlj/Index.noindex/DataStore @/Users/emanuelflury/Library/Developer/Xcode/DerivedData/TaxedGmbH_IOS-gerngfqzuwudosgobknlgtoawnlj/Build/Intermediates.noindex/Firebase.build/Debug-iphoneos/FirebaseMessaging.build/Objects-normal/arm64/e6072d4f65d7061329687fe24e3d63a7-common-args.resp -include /Users/emanuelflury/Library/Developer/Xcode/DerivedData/TaxedGmbH_IOS-gerngfqzuwudosgobknlgtoawnlj/Build/Intermediates.noindex/Firebase.build/Debug-iphoneos/FirebaseMessaging.build/DerivedSources/resource_bundle_accessor.h -MMD -MT dependencies -MF /Users/emanuelflury/Library/Developer/Xcode/DerivedData/TaxedGmbH_IOS-gerngfqzuwudosgobknlgtoawnlj/Build/Intermediates.noindex/Firebase.build/Debug-iphoneos/FirebaseMessaging.build/Objects-normal/arm64/FIRMessagingConstants.d --serialize-diagnostics /Users/emanuelflury/Library/Developer/Xcode/DerivedData/TaxedGmbH_IOS-gerngfqzuwudosgobknlgtoawnlj/Build/Intermediates.noindex/Firebase.build/Debug-iphoneos/FirebaseMessaging.build/Objects-normal/arm64/FIRMessagingConstants.dia -c /Users/emanuelflury/Library/Developer/Xcode/DerivedData/TaxedGmbH_IOS-gerngfqzuwudosgobknlgtoawnlj/SourcePackages/checkouts/firebase-ios-sdk/FirebaseMessaging/Sources/FIRMessagingConstants.m -o /Users/emanuelflury/Library/Developer/Xcode/DerivedData/TaxedGmbH_IOS-gerngfqzuwudosgobknlgtoawnlj/Build/Intermediates.noindex/Firebase.build/Debug-iphoneos/FirebaseMessaging.build/Objects-normal/arm64/FIRMessagingConstants.o -index-unit-output-path /Firebase.build/Debug-iphoneos/FirebaseMessaging.build/Objects-normal/arm64/FIRMessagingConstants.o

PrecompileModule /Users/emanuelflury/Library/Developer/Xcode/DerivedData/TaxedGmbH_IOS-gerngfqzuwudosgobknlgtoawnlj/Build/Intermediates.noindex/ExplicitPrecompiledModules/nanopb-8M4ZBJBOUYC92JA6F62JWBUX7.scan
    cd /
    builtin-precompileModule /Users/emanuelflury/Library/Developer/Xcode/DerivedData/TaxedGmbH_IOS-gerngfqzuwudosgobknlgtoawnlj/Build/Intermediates.noindex/ExplicitPrecompiledModules/nanopb-8M4ZBJBOUYC92JA6F62JWBUX7.scan

ScanDependencies /Users/emanuelflury/Library/Developer/Xcode/DerivedData/TaxedGmbH_IOS-gerngfqzuwudosgobknlgtoawnlj/Build/Intermediates.noindex/Firebase.build/Debug-iphoneos/FirebaseMessaging.build/Objects-normal/arm64/FIRMessagingCheckinStore.o /Users/emanuelflury/Library/Developer/Xcode/DerivedData/TaxedGmbH_IOS-gerngfqzuwudosgobknlgtoawnlj/SourcePackages/checkouts/firebase-ios-sdk/FirebaseMessaging/Sources/Token/FIRMessagingCheckinStore.m normal arm64 objective-c com.apple.compilers.llvm.clang.1_0.compiler (in target 'FirebaseMessaging' from project 'Firebase')
    cd /Users/emanuelflury/github/TaxedGmbH_IOS/TaxedGmbH_IOS.xcodeproj
    
    Using response file: /Users/emanuelflury/Library/Developer/Xcode/DerivedData/TaxedGmbH_IOS-gerngfqzuwudosgobknlgtoawnlj/Build/Intermediates.noindex/Firebase.build/Debug-iphoneos/FirebaseMessaging.build/Objects-normal/arm64/e6072d4f65d7061329687fe24e3d63a7-common-args.resp
    
    builtin-ScanDependencies -o /Users/emanuelflury/Library/Developer/Xcode/DerivedData/TaxedGmbH_IOS-gerngfqzuwudosgobknlgtoawnlj/Build/Intermediates.noindex/Firebase.build/Debug-iphoneos/FirebaseMessaging.build/Objects-normal/arm64/FIRMessagingCheckinStore.o.scan -- /Applications/Xcode.app/Contents/Developer/Toolchains/XcodeDefault.xctoolchain/usr/bin/clang -x objective-c -ivfsstatcache /Users/emanuelflury/Library/Developer/Xcode/DerivedData/SDKStatCaches.noindex/iphoneos26.1-23B77-69b33fc7382b27d9b5d46e82a00f8e78.sdkstatcache -fmessage-length\=0 -fdiagnostics-show-note-include-stack -fmacro-backtrace-limit\=0 -fno-color-diagnostics -fmodules-prune-interval\=86400 -fmodules-prune-after\=345600 -fbuild-session-file\=/Users/emanuelflury/Library/Developer/Xcode/DerivedData/ModuleCache.noindex/Session.modulevalidation -fmodules-validate-once-per-build-session -Wnon-modular-include-in-framework-module -Werror\=non-modular-include-in-framework-module -Wno-trigraphs -Wno-missing-field-initializers -Wno-missing-prototypes -Wno-return-type -Wno-implicit-atomic-properties -Wno-objc-interface-ivars -Wno-arc-repeated-use-of-weak -Wno-missing-braces -Wparentheses -Wswitch -Wno-unused-function -Wno-unused-label -Wno-unused-parameter -Wno-unused-variable -Wunused-value -Wno-empty-body -Wno-uninitialized -Wno-unknown-pragmas -w -Wno-shadow -Wno-four-char-constants -Wno-conversion -Wno-constant-conversion -Wno-int-conversion -Wno-bool-conversion -Wno-enum-conversion -Wno-float-conversion -Wno-non-literal-null-conversion -Wno-objc-literal-conversion -Wshorten-64-to-32 -Wpointer-sign -Wno-newline-eof -Wno-selector -Wno-strict-selector-match -Wno-undeclared-selector -Wno-deprecated-implementations -Wno-implicit-fallthrough -fstrict-aliasing -Wprotocol -Wdeprecated-declarations -Wno-sign-conversion -Wno-infinite-recursion -Wno-comma -Wno-block-capture-autoreleasing -Wno-strict-prototypes -Wno-semicolon-before-method-body -index-store-path /Users/emanuelflury/Library/Developer/Xcode/DerivedData/TaxedGmbH_IOS-gerngfqzuwudosgobknlgtoawnlj/Index.noindex/DataStore @/Users/emanuelflury/Library/Developer/Xcode/DerivedData/TaxedGmbH_IOS-gerngfqzuwudosgobknlgtoawnlj/Build/Intermediates.noindex/Firebase.build/Debug-iphoneos/FirebaseMessaging.build/Objects-normal/arm64/e6072d4f65d7061329687fe24e3d63a7-common-args.resp -include /Users/emanuelflury/Library/Developer/Xcode/DerivedData/TaxedGmbH_IOS-gerngfqzuwudosgobknlgtoawnlj/Build/Intermediates.noindex/Firebase.build/Debug-iphoneos/FirebaseMessaging.build/DerivedSources/resource_bundle_accessor.h -MMD -MT dependencies -MF /Users/emanuelflury/Library/Developer/Xcode/DerivedData/TaxedGmbH_IOS-gerngfqzuwudosgobknlgtoawnlj/Build/Intermediates.noindex/Firebase.build/Debug-iphoneos/FirebaseMessaging.build/Objects-normal/arm64/FIRMessagingCheckinStore.d --serialize-diagnostics /Users/emanuelflury/Library/Developer/Xcode/DerivedData/TaxedGmbH_IOS-gerngfqzuwudosgobknlgtoawnlj/Build/Intermediates.noindex/Firebase.build/Debug-iphoneos/FirebaseMessaging.build/Objects-normal/arm64/FIRMessagingCheckinStore.dia -c /Users/emanuelflury/Library/Developer/Xcode/DerivedData/TaxedGmbH_IOS-gerngfqzuwudosgobknlgtoawnlj/SourcePackages/checkouts/firebase-ios-sdk/FirebaseMessaging/Sources/Token/FIRMessagingCheckinStore.m -o /Users/emanuelflury/Library/Developer/Xcode/DerivedData/TaxedGmbH_IOS-gerngfqzuwudosgobknlgtoawnlj/Build/Intermediates.noindex/Firebase.build/Debug-iphoneos/FirebaseMessaging.build/Objects-normal/arm64/FIRMessagingCheckinStore.o -index-unit-output-path /Firebase.build/Debug-iphoneos/FirebaseMessaging.build/Objects-normal/arm64/FIRMessagingCheckinStore.o

ScanDependencies /Users/emanuelflury/Library/Developer/Xcode/DerivedData/TaxedGmbH_IOS-gerngfqzuwudosgobknlgtoawnlj/Build/Intermediates.noindex/Firebase.build/Debug-iphoneos/FirebaseMessaging.build/Objects-normal/arm64/FIRMessagingCheckinService.o /Users/emanuelflury/Library/Developer/Xcode/DerivedData/TaxedGmbH_IOS-gerngfqzuwudosgobknlgtoawnlj/SourcePackages/checkouts/firebase-ios-sdk/FirebaseMessaging/Sources/Token/FIRMessagingCheckinService.m normal arm64 objective-c com.apple.compilers.llvm.clang.1_0.compiler (in target 'FirebaseMessaging' from project 'Firebase')
    cd /Users/emanuelflury/github/TaxedGmbH_IOS/TaxedGmbH_IOS.xcodeproj
    
    Using response file: /Users/emanuelflury/Library/Developer/Xcode/DerivedData/TaxedGmbH_IOS-gerngfqzuwudosgobknlgtoawnlj/Build/Intermediates.noindex/Firebase.build/Debug-iphoneos/FirebaseMessaging.build/Objects-normal/arm64/e6072d4f65d7061329687fe24e3d63a7-common-args.resp
    
    builtin-ScanDependencies -o /Users/emanuelflury/Library/Developer/Xcode/DerivedData/TaxedGmbH_IOS-gerngfqzuwudosgobknlgtoawnlj/Build/Intermediates.noindex/Firebase.build/Debug-iphoneos/FirebaseMessaging.build/Objects-normal/arm64/FIRMessagingCheckinService.o.scan -- /Applications/Xcode.app/Contents/Developer/Toolchains/XcodeDefault.xctoolchain/usr/bin/clang -x objective-c -ivfsstatcache /Users/emanuelflury/Library/Developer/Xcode/DerivedData/SDKStatCaches.noindex/iphoneos26.1-23B77-69b33fc7382b27d9b5d46e82a00f8e78.sdkstatcache -fmessage-length\=0 -fdiagnostics-show-note-include-stack -fmacro-backtrace-limit\=0 -fno-color-diagnostics -fmodules-prune-interval\=86400 -fmodules-prune-after\=345600 -fbuild-session-file\=/Users/emanuelflury/Library/Developer/Xcode/DerivedData/ModuleCache.noindex/Session.modulevalidation -fmodules-validate-once-per-build-session -Wnon-modular-include-in-framework-module -Werror\=non-modular-include-in-framework-module -Wno-trigraphs -Wno-missing-field-initializers -Wno-missing-prototypes -Wno-return-type -Wno-implicit-atomic-properties -Wno-objc-interface-ivars -Wno-arc-repeated-use-of-weak -Wno-missing-braces -Wparentheses -Wswitch -Wno-unused-function -Wno-unused-label -Wno-unused-parameter -Wno-unused-variable -Wunused-value -Wno-empty-body -Wno-uninitialized -Wno-unknown-pragmas -w -Wno-shadow -Wno-four-char-constants -Wno-conversion -Wno-constant-conversion -Wno-int-conversion -Wno-bool-conversion -Wno-enum-conversion -Wno-float-conversion -Wno-non-literal-null-conversion -Wno-objc-literal-conversion -Wshorten-64-to-32 -Wpointer-sign -Wno-newline-eof -Wno-selector -Wno-strict-selector-match -Wno-undeclared-selector -Wno-deprecated-implementations -Wno-implicit-fallthrough -fstrict-aliasing -Wprotocol -Wdeprecated-declarations -Wno-sign-conversion -Wno-infinite-recursion -Wno-comma -Wno-block-capture-autoreleasing -Wno-strict-prototypes -Wno-semicolon-before-method-body -index-store-path /Users/emanuelflury/Library/Developer/Xcode/DerivedData/TaxedGmbH_IOS-gerngfqzuwudosgobknlgtoawnlj/Index.noindex/DataStore @/Users/emanuelflury/Library/Developer/Xcode/DerivedData/TaxedGmbH_IOS-gerngfqzuwudosgobknlgtoawnlj/Build/Intermediates.noindex/Firebase.build/Debug-iphoneos/FirebaseMessaging.build/Objects-normal/arm64/e6072d4f65d7061329687fe24e3d63a7-common-args.resp -include /Users/emanuelflury/Library/Developer/Xcode/DerivedData/TaxedGmbH_IOS-gerngfqzuwudosgobknlgtoawnlj/Build/Intermediates.noindex/Firebase.build/Debug-iphoneos/FirebaseMessaging.build/DerivedSources/resource_bundle_accessor.h -MMD -MT dependencies -MF /Users/emanuelflury/Library/Developer/Xcode/DerivedData/TaxedGmbH_IOS-gerngfqzuwudosgobknlgtoawnlj/Build/Intermediates.noindex/Firebase.build/Debug-iphoneos/FirebaseMessaging.build/Objects-normal/arm64/FIRMessagingCheckinService.d --serialize-diagnostics /Users/emanuelflury/Library/Developer/Xcode/DerivedData/TaxedGmbH_IOS-gerngfqzuwudosgobknlgtoawnlj/Build/Intermediates.noindex/Firebase.build/Debug-iphoneos/FirebaseMessaging.build/Objects-normal/arm64/FIRMessagingCheckinService.dia -c /Users/emanuelflury/Library/Developer/Xcode/DerivedData/TaxedGmbH_IOS-gerngfqzuwudosgobknlgtoawnlj/SourcePackages/checkouts/firebase-ios-sdk/FirebaseMessaging/Sources/Token/FIRMessagingCheckinService.m -o /Users/emanuelflury/Library/Developer/Xcode/DerivedData/TaxedGmbH_IOS-gerngfqzuwudosgobknlgtoawnlj/Build/Intermediates.noindex/Firebase.build/Debug-iphoneos/FirebaseMessaging.build/Objects-normal/arm64/FIRMessagingCheckinService.o -index-unit-output-path /Firebase.build/Debug-iphoneos/FirebaseMessaging.build/Objects-normal/arm64/FIRMessagingCheckinService.o

CompileC /Users/emanuelflury/Library/Developer/Xcode/DerivedData/TaxedGmbH_IOS-gerngfqzuwudosgobknlgtoawnlj/Build/Intermediates.noindex/GoogleDataTransport.build/Debug-iphoneos/GoogleDataTransport.build/Objects-normal/arm64/GDTCORUploadCoordinator.o /Users/emanuelflury/Library/Developer/Xcode/DerivedData/TaxedGmbH_IOS-gerngfqzuwudosgobknlgtoawnlj/SourcePackages/checkouts/GoogleDataTransport/GoogleDataTransport/GDTCORLibrary/GDTCORUploadCoordinator.m normal arm64 objective-c com.apple.compilers.llvm.clang.1_0.compiler (in target 'GoogleDataTransport' from project 'GoogleDataTransport')
    cd /Users/emanuelflury/github/TaxedGmbH_IOS/TaxedGmbH_IOS.xcodeproj
    
    Using response file: /Users/emanuelflury/Library/Developer/Xcode/DerivedData/TaxedGmbH_IOS-gerngfqzuwudosgobknlgtoawnlj/Build/Intermediates.noindex/GoogleDataTransport.build/Debug-iphoneos/GoogleDataTransport.build/Objects-normal/arm64/e6072d4f65d7061329687fe24e3d63a7-common-args.resp
    
    /Applications/Xcode.app/Contents/Developer/Toolchains/XcodeDefault.xctoolchain/usr/bin/clang -x objective-c -ivfsstatcache /Users/emanuelflury/Library/Developer/Xcode/DerivedData/SDKStatCaches.noindex/iphoneos26.1-23B77-69b33fc7382b27d9b5d46e82a00f8e78.sdkstatcache -fmessage-length\=0 -fdiagnostics-show-note-include-stack -fmacro-backtrace-limit\=0 -fno-color-diagnostics -fmodules-prune-interval\=86400 -fmodules-prune-after\=345600 -fbuild-session-file\=/Users/emanuelflury/Library/Developer/Xcode/DerivedData/ModuleCache.noindex/Session.modulevalidation -fmodules-validate-once-per-build-session -Wnon-modular-include-in-framework-module -Werror\=non-modular-include-in-framework-module -Wno-trigraphs -Wno-missing-field-initializers -Wno-missing-prototypes -Wno-return-type -Wno-implicit-atomic-properties -Wno-objc-interface-ivars -Wno-arc-repeated-use-of-weak -Wno-missing-braces -Wparentheses -Wswitch -Wno-unused-function -Wno-unused-label -Wno-unused-parameter -Wno-unused-variable -Wunused-value -Wno-empty-body -Wno-uninitialized -Wno-unknown-pragmas -w -Wno-shadow -Wno-four-char-constants -Wno-conversion -Wno-constant-conversion -Wno-int-conversion -Wno-bool-conversion -Wno-enum-conversion -Wno-float-conversion -Wno-non-literal-null-conversion -Wno-objc-literal-conversion -Wshorten-64-to-32 -Wpointer-sign -Wno-newline-eof -Wno-selector -Wno-strict-selector-match -Wno-undeclared-selector -Wno-deprecated-implementations -Wno-implicit-fallthrough -fstrict-aliasing -Wprotocol -Wdeprecated-declarations -Wno-sign-conversion -Wno-infinite-recursion -Wno-comma -Wno-block-capture-autoreleasing -Wno-strict-prototypes -Wno-semicolon-before-method-body -index-store-path /Users/emanuelflury/Library/Developer/Xcode/DerivedData/TaxedGmbH_IOS-gerngfqzuwudosgobknlgtoawnlj/Index.noindex/DataStore @/Users/emanuelflury/Library/Developer/Xcode/DerivedData/TaxedGmbH_IOS-gerngfqzuwudosgobknlgtoawnlj/Build/Intermediates.noindex/GoogleDataTransport.build/Debug-iphoneos/GoogleDataTransport.build/Objects-normal/arm64/e6072d4f65d7061329687fe24e3d63a7-common-args.resp -include /Users/emanuelflury/Library/Developer/Xcode/DerivedData/TaxedGmbH_IOS-gerngfqzuwudosgobknlgtoawnlj/Build/Intermediates.noindex/GoogleDataTransport.build/Debug-iphoneos/GoogleDataTransport.build/DerivedSources/resource_bundle_accessor.h -MMD -MT dependencies -MF /Users/emanuelflury/Library/Developer/Xcode/DerivedData/TaxedGmbH_IOS-gerngfqzuwudosgobknlgtoawnlj/Build/Intermediates.noindex/GoogleDataTransport.build/Debug-iphoneos/GoogleDataTransport.build/Objects-normal/arm64/GDTCORUploadCoordinator.d --serialize-diagnostics /Users/emanuelflury/Library/Developer/Xcode/DerivedData/TaxedGmbH_IOS-gerngfqzuwudosgobknlgtoawnlj/Build/Intermediates.noindex/GoogleDataTransport.build/Debug-iphoneos/GoogleDataTransport.build/Objects-normal/arm64/GDTCORUploadCoordinator.dia -c /Users/emanuelflury/Library/Developer/Xcode/DerivedData/TaxedGmbH_IOS-gerngfqzuwudosgobknlgtoawnlj/SourcePackages/checkouts/GoogleDataTransport/GoogleDataTransport/GDTCORLibrary/GDTCORUploadCoordinator.m -o /Users/emanuelflury/Library/Developer/Xcode/DerivedData/TaxedGmbH_IOS-gerngfqzuwudosgobknlgtoawnlj/Build/Intermediates.noindex/GoogleDataTransport.build/Debug-iphoneos/GoogleDataTransport.build/Objects-normal/arm64/GDTCORUploadCoordinator.o -index-unit-output-path /GoogleDataTransport.build/Debug-iphoneos/GoogleDataTransport.build/Objects-normal/arm64/GDTCORUploadCoordinator.o

CompileC /Users/emanuelflury/Library/Developer/Xcode/DerivedData/TaxedGmbH_IOS-gerngfqzuwudosgobknlgtoawnlj/Build/Intermediates.noindex/GoogleDataTransport.build/Debug-iphoneos/GoogleDataTransport.build/Objects-normal/arm64/GDTCORTransport.o /Users/emanuelflury/Library/Developer/Xcode/DerivedData/TaxedGmbH_IOS-gerngfqzuwudosgobknlgtoawnlj/SourcePackages/checkouts/GoogleDataTransport/GoogleDataTransport/GDTCORLibrary/GDTCORTransport.m normal arm64 objective-c com.apple.compilers.llvm.clang.1_0.compiler (in target 'GoogleDataTransport' from project 'GoogleDataTransport')
    cd /Users/emanuelflury/github/TaxedGmbH_IOS/TaxedGmbH_IOS.xcodeproj
    
    Using response file: /Users/emanuelflury/Library/Developer/Xcode/DerivedData/TaxedGmbH_IOS-gerngfqzuwudosgobknlgtoawnlj/Build/Intermediates.noindex/GoogleDataTransport.build/Debug-iphoneos/GoogleDataTransport.build/Objects-normal/arm64/e6072d4f65d7061329687fe24e3d63a7-common-args.resp
    
    /Applications/Xcode.app/Contents/Developer/Toolchains/XcodeDefault.xctoolchain/usr/bin/clang -x objective-c -ivfsstatcache /Users/emanuelflury/Library/Developer/Xcode/DerivedData/SDKStatCaches.noindex/iphoneos26.1-23B77-69b33fc7382b27d9b5d46e82a00f8e78.sdkstatcache -fmessage-length\=0 -fdiagnostics-show-note-include-stack -fmacro-backtrace-limit\=0 -fno-color-diagnostics -fmodules-prune-interval\=86400 -fmodules-prune-after\=345600 -fbuild-session-file\=/Users/emanuelflury/Library/Developer/Xcode/DerivedData/ModuleCache.noindex/Session.modulevalidation -fmodules-validate-once-per-build-session -Wnon-modular-include-in-framework-module -Werror\=non-modular-include-in-framework-module -Wno-trigraphs -Wno-missing-field-initializers -Wno-missing-prototypes -Wno-return-type -Wno-implicit-atomic-properties -Wno-objc-interface-ivars -Wno-arc-repeated-use-of-weak -Wno-missing-braces -Wparentheses -Wswitch -Wno-unused-function -Wno-unused-label -Wno-unused-parameter -Wno-unused-variable -Wunused-value -Wno-empty-body -Wno-uninitialized -Wno-unknown-pragmas -w -Wno-shadow -Wno-four-char-constants -Wno-conversion -Wno-constant-conversion -Wno-int-conversion -Wno-bool-conversion -Wno-enum-conversion -Wno-float-conversion -Wno-non-literal-null-conversion -Wno-objc-literal-conversion -Wshorten-64-to-32 -Wpointer-sign -Wno-newline-eof -Wno-selector -Wno-strict-selector-match -Wno-undeclared-selector -Wno-deprecated-implementations -Wno-implicit-fallthrough -fstrict-aliasing -Wprotocol -Wdeprecated-declarations -Wno-sign-conversion -Wno-infinite-recursion -Wno-comma -Wno-block-capture-autoreleasing -Wno-strict-prototypes -Wno-semicolon-before-method-body -index-store-path /Users/emanuelflury/Library/Developer/Xcode/DerivedData/TaxedGmbH_IOS-gerngfqzuwudosgobknlgtoawnlj/Index.noindex/DataStore @/Users/emanuelflury/Library/Developer/Xcode/DerivedData/TaxedGmbH_IOS-gerngfqzuwudosgobknlgtoawnlj/Build/Intermediates.noindex/GoogleDataTransport.build/Debug-iphoneos/GoogleDataTransport.build/Objects-normal/arm64/e6072d4f65d7061329687fe24e3d63a7-common-args.resp -include /Users/emanuelflury/Library/Developer/Xcode/DerivedData/TaxedGmbH_IOS-gerngfqzuwudosgobknlgtoawnlj/Build/Intermediates.noindex/GoogleDataTransport.build/Debug-iphoneos/GoogleDataTransport.build/DerivedSources/resource_bundle_accessor.h -MMD -MT dependencies -MF /Users/emanuelflury/Library/Developer/Xcode/DerivedData/TaxedGmbH_IOS-gerngfqzuwudosgobknlgtoawnlj/Build/Intermediates.noindex/GoogleDataTransport.build/Debug-iphoneos/GoogleDataTransport.build/Objects-normal/arm64/GDTCORTransport.d --serialize-diagnostics /Users/emanuelflury/Library/Developer/Xcode/DerivedData/TaxedGmbH_IOS-gerngfqzuwudosgobknlgtoawnlj/Build/Intermediates.noindex/GoogleDataTransport.build/Debug-iphoneos/GoogleDataTransport.build/Objects-normal/arm64/GDTCORTransport.dia -c /Users/emanuelflury/Library/Developer/Xcode/DerivedData/TaxedGmbH_IOS-gerngfqzuwudosgobknlgtoawnlj/SourcePackages/checkouts/GoogleDataTransport/GoogleDataTransport/GDTCORLibrary/GDTCORTransport.m -o /Users/emanuelflury/Library/Developer/Xcode/DerivedData/TaxedGmbH_IOS-gerngfqzuwudosgobknlgtoawnlj/Build/Intermediates.noindex/GoogleDataTransport.build/Debug-iphoneos/GoogleDataTransport.build/Objects-normal/arm64/GDTCORTransport.o -index-unit-output-path /GoogleDataTransport.build/Debug-iphoneos/GoogleDataTransport.build/Objects-normal/arm64/GDTCORTransport.o

CompileC /Users/emanuelflury/Library/Developer/Xcode/DerivedData/TaxedGmbH_IOS-gerngfqzuwudosgobknlgtoawnlj/Build/Intermediates.noindex/GoogleDataTransport.build/Debug-iphoneos/GoogleDataTransport.build/Objects-normal/arm64/GDTCORTransformer.o /Users/emanuelflury/Library/Developer/Xcode/DerivedData/TaxedGmbH_IOS-gerngfqzuwudosgobknlgtoawnlj/SourcePackages/checkouts/GoogleDataTransport/GoogleDataTransport/GDTCORLibrary/GDTCORTransformer.m normal arm64 objective-c com.apple.compilers.llvm.clang.1_0.compiler (in target 'GoogleDataTransport' from project 'GoogleDataTransport')
    cd /Users/emanuelflury/github/TaxedGmbH_IOS/TaxedGmbH_IOS.xcodeproj
    
    Using response file: /Users/emanuelflury/Library/Developer/Xcode/DerivedData/TaxedGmbH_IOS-gerngfqzuwudosgobknlgtoawnlj/Build/Intermediates.noindex/GoogleDataTransport.build/Debug-iphoneos/GoogleDataTransport.build/Objects-normal/arm64/e6072d4f65d7061329687fe24e3d63a7-common-args.resp
    
    /Applications/Xcode.app/Contents/Developer/Toolchains/XcodeDefault.xctoolchain/usr/bin/clang -x objective-c -ivfsstatcache /Users/emanuelflury/Library/Developer/Xcode/DerivedData/SDKStatCaches.noindex/iphoneos26.1-23B77-69b33fc7382b27d9b5d46e82a00f8e78.sdkstatcache -fmessage-length\=0 -fdiagnostics-show-note-include-stack -fmacro-backtrace-limit\=0 -fno-color-diagnostics -fmodules-prune-interval\=86400 -fmodules-prune-after\=345600 -fbuild-session-file\=/Users/emanuelflury/Library/Developer/Xcode/DerivedData/ModuleCache.noindex/Session.modulevalidation -fmodules-validate-once-per-build-session -Wnon-modular-include-in-framework-module -Werror\=non-modular-include-in-framework-module -Wno-trigraphs -Wno-missing-field-initializers -Wno-missing-prototypes -Wno-return-type -Wno-implicit-atomic-properties -Wno-objc-interface-ivars -Wno-arc-repeated-use-of-weak -Wno-missing-braces -Wparentheses -Wswitch -Wno-unused-function -Wno-unused-label -Wno-unused-parameter -Wno-unused-variable -Wunused-value -Wno-empty-body -Wno-uninitialized -Wno-unknown-pragmas -w -Wno-shadow -Wno-four-char-constants -Wno-conversion -Wno-constant-conversion -Wno-int-conversion -Wno-bool-conversion -Wno-enum-conversion -Wno-float-conversion -Wno-non-literal-null-conversion -Wno-objc-literal-conversion -Wshorten-64-to-32 -Wpointer-sign -Wno-newline-eof -Wno-selector -Wno-strict-selector-match -Wno-undeclared-selector -Wno-deprecated-implementations -Wno-implicit-fallthrough -fstrict-aliasing -Wprotocol -Wdeprecated-declarations -Wno-sign-conversion -Wno-infinite-recursion -Wno-comma -Wno-block-capture-autoreleasing -Wno-strict-prototypes -Wno-semicolon-before-method-body -index-store-path /Users/emanuelflury/Library/Developer/Xcode/DerivedData/TaxedGmbH_IOS-gerngfqzuwudosgobknlgtoawnlj/Index.noindex/DataStore @/Users/emanuelflury/Library/Developer/Xcode/DerivedData/TaxedGmbH_IOS-gerngfqzuwudosgobknlgtoawnlj/Build/Intermediates.noindex/GoogleDataTransport.build/Debug-iphoneos/GoogleDataTransport.build/Objects-normal/arm64/e6072d4f65d7061329687fe24e3d63a7-common-args.resp -include /Users/emanuelflury/Library/Developer/Xcode/DerivedData/TaxedGmbH_IOS-gerngfqzuwudosgobknlgtoawnlj/Build/Intermediates.noindex/GoogleDataTransport.build/Debug-iphoneos/GoogleDataTransport.build/DerivedSources/resource_bundle_accessor.h -MMD -MT dependencies -MF /Users/emanuelflury/Library/Developer/Xcode/DerivedData/TaxedGmbH_IOS-gerngfqzuwudosgobknlgtoawnlj/Build/Intermediates.noindex/GoogleDataTransport.build/Debug-iphoneos/GoogleDataTransport.build/Objects-normal/arm64/GDTCORTransformer.d --serialize-diagnostics /Users/emanuelflury/Library/Developer/Xcode/DerivedData/TaxedGmbH_IOS-gerngfqzuwudosgobknlgtoawnlj/Build/Intermediates.noindex/GoogleDataTransport.build/Debug-iphoneos/GoogleDataTransport.build/Objects-normal/arm64/GDTCORTransformer.dia -c /Users/emanuelflury/Library/Developer/Xcode/DerivedData/TaxedGmbH_IOS-gerngfqzuwudosgobknlgtoawnlj/SourcePackages/checkouts/GoogleDataTransport/GoogleDataTransport/GDTCORLibrary/GDTCORTransformer.m -o /Users/emanuelflury/Library/Developer/Xcode/DerivedData/TaxedGmbH_IOS-gerngfqzuwudosgobknlgtoawnlj/Build/Intermediates.noindex/GoogleDataTransport.build/Debug-iphoneos/GoogleDataTransport.build/Objects-normal/arm64/GDTCORTransformer.o -index-unit-output-path /GoogleDataTransport.build/Debug-iphoneos/GoogleDataTransport.build/Objects-normal/arm64/GDTCORTransformer.o

CompileC /Users/emanuelflury/Library/Developer/Xcode/DerivedData/TaxedGmbH_IOS-gerngfqzuwudosgobknlgtoawnlj/Build/Intermediates.noindex/GoogleDataTransport.build/Debug-iphoneos/GoogleDataTransport.build/Objects-normal/arm64/GDTCORRegistrar.o /Users/emanuelflury/Library/Developer/Xcode/DerivedData/TaxedGmbH_IOS-gerngfqzuwudosgobknlgtoawnlj/SourcePackages/checkouts/GoogleDataTransport/GoogleDataTransport/GDTCORLibrary/GDTCORRegistrar.m normal arm64 objective-c com.apple.compilers.llvm.clang.1_0.compiler (in target 'GoogleDataTransport' from project 'GoogleDataTransport')
    cd /Users/emanuelflury/github/TaxedGmbH_IOS/TaxedGmbH_IOS.xcodeproj
    
    Using response file: /Users/emanuelflury/Library/Developer/Xcode/DerivedData/TaxedGmbH_IOS-gerngfqzuwudosgobknlgtoawnlj/Build/Intermediates.noindex/GoogleDataTransport.build/Debug-iphoneos/GoogleDataTransport.build/Objects-normal/arm64/e6072d4f65d7061329687fe24e3d63a7-common-args.resp
    
    /Applications/Xcode.app/Contents/Developer/Toolchains/XcodeDefault.xctoolchain/usr/bin/clang -x objective-c -ivfsstatcache /Users/emanuelflury/Library/Developer/Xcode/DerivedData/SDKStatCaches.noindex/iphoneos26.1-23B77-69b33fc7382b27d9b5d46e82a00f8e78.sdkstatcache -fmessage-length\=0 -fdiagnostics-show-note-include-stack -fmacro-backtrace-limit\=0 -fno-color-diagnostics -fmodules-prune-interval\=86400 -fmodules-prune-after\=345600 -fbuild-session-file\=/Users/emanuelflury/Library/Developer/Xcode/DerivedData/ModuleCache.noindex/Session.modulevalidation -fmodules-validate-once-per-build-session -Wnon-modular-include-in-framework-module -Werror\=non-modular-include-in-framework-module -Wno-trigraphs -Wno-missing-field-initializers -Wno-missing-prototypes -Wno-return-type -Wno-implicit-atomic-properties -Wno-objc-interface-ivars -Wno-arc-repeated-use-of-weak -Wno-missing-braces -Wparentheses -Wswitch -Wno-unused-function -Wno-unused-label -Wno-unused-parameter -Wno-unused-variable -Wunused-value -Wno-empty-body -Wno-uninitialized -Wno-unknown-pragmas -w -Wno-shadow -Wno-four-char-constants -Wno-conversion -Wno-constant-conversion -Wno-int-conversion -Wno-bool-conversion -Wno-enum-conversion -Wno-float-conversion -Wno-non-literal-null-conversion -Wno-objc-literal-conversion -Wshorten-64-to-32 -Wpointer-sign -Wno-newline-eof -Wno-selector -Wno-strict-selector-match -Wno-undeclared-selector -Wno-deprecated-implementations -Wno-implicit-fallthrough -fstrict-aliasing -Wprotocol -Wdeprecated-declarations -Wno-sign-conversion -Wno-infinite-recursion -Wno-comma -Wno-block-capture-autoreleasing -Wno-strict-prototypes -Wno-semicolon-before-method-body -index-store-path /Users/emanuelflury/Library/Developer/Xcode/DerivedData/TaxedGmbH_IOS-gerngfqzuwudosgobknlgtoawnlj/Index.noindex/DataStore @/Users/emanuelflury/Library/Developer/Xcode/DerivedData/TaxedGmbH_IOS-gerngfqzuwudosgobknlgtoawnlj/Build/Intermediates.noindex/GoogleDataTransport.build/Debug-iphoneos/GoogleDataTransport.build/Objects-normal/arm64/e6072d4f65d7061329687fe24e3d63a7-common-args.resp -include /Users/emanuelflury/Library/Developer/Xcode/DerivedData/TaxedGmbH_IOS-gerngfqzuwudosgobknlgtoawnlj/Build/Intermediates.noindex/GoogleDataTransport.build/Debug-iphoneos/GoogleDataTransport.build/DerivedSources/resource_bundle_accessor.h -MMD -MT dependencies -MF /Users/emanuelflury/Library/Developer/Xcode/DerivedData/TaxedGmbH_IOS-gerngfqzuwudosgobknlgtoawnlj/Build/Intermediates.noindex/GoogleDataTransport.build/Debug-iphoneos/GoogleDataTransport.build/Objects-normal/arm64/GDTCORRegistrar.d --serialize-diagnostics /Users/emanuelflury/Library/Developer/Xcode/DerivedData/TaxedGmbH_IOS-gerngfqzuwudosgobknlgtoawnlj/Build/Intermediates.noindex/GoogleDataTransport.build/Debug-iphoneos/GoogleDataTransport.build/Objects-normal/arm64/GDTCORRegistrar.dia -c /Users/emanuelflury/Library/Developer/Xcode/DerivedData/TaxedGmbH_IOS-gerngfqzuwudosgobknlgtoawnlj/SourcePackages/checkouts/GoogleDataTransport/GoogleDataTransport/GDTCORLibrary/GDTCORRegistrar.m -o /Users/emanuelflury/Library/Developer/Xcode/DerivedData/TaxedGmbH_IOS-gerngfqzuwudosgobknlgtoawnlj/Build/Intermediates.noindex/GoogleDataTransport.build/Debug-iphoneos/GoogleDataTransport.build/Objects-normal/arm64/GDTCORRegistrar.o -index-unit-output-path /GoogleDataTransport.build/Debug-iphoneos/GoogleDataTransport.build/Objects-normal/arm64/GDTCORRegistrar.o

CompileC /Users/emanuelflury/Library/Developer/Xcode/DerivedData/TaxedGmbH_IOS-gerngfqzuwudosgobknlgtoawnlj/Build/Intermediates.noindex/GoogleDataTransport.build/Debug-iphoneos/GoogleDataTransport.build/Objects-normal/arm64/GDTCORReachability.o /Users/emanuelflury/Library/Developer/Xcode/DerivedData/TaxedGmbH_IOS-gerngfqzuwudosgobknlgtoawnlj/SourcePackages/checkouts/GoogleDataTransport/GoogleDataTransport/GDTCORLibrary/GDTCORReachability.m normal arm64 objective-c com.apple.compilers.llvm.clang.1_0.compiler (in target 'GoogleDataTransport' from project 'GoogleDataTransport')
    cd /Users/emanuelflury/github/TaxedGmbH_IOS/TaxedGmbH_IOS.xcodeproj
    
    Using response file: /Users/emanuelflury/Library/Developer/Xcode/DerivedData/TaxedGmbH_IOS-gerngfqzuwudosgobknlgtoawnlj/Build/Intermediates.noindex/GoogleDataTransport.build/Debug-iphoneos/GoogleDataTransport.build/Objects-normal/arm64/e6072d4f65d7061329687fe24e3d63a7-common-args.resp
    
    /Applications/Xcode.app/Contents/Developer/Toolchains/XcodeDefault.xctoolchain/usr/bin/clang -x objective-c -ivfsstatcache /Users/emanuelflury/Library/Developer/Xcode/DerivedData/SDKStatCaches.noindex/iphoneos26.1-23B77-69b33fc7382b27d9b5d46e82a00f8e78.sdkstatcache -fmessage-length\=0 -fdiagnostics-show-note-include-stack -fmacro-backtrace-limit\=0 -fno-color-diagnostics -fmodules-prune-interval\=86400 -fmodules-prune-after\=345600 -fbuild-session-file\=/Users/emanuelflury/Library/Developer/Xcode/DerivedData/ModuleCache.noindex/Session.modulevalidation -fmodules-validate-once-per-build-session -Wnon-modular-include-in-framework-module -Werror\=non-modular-include-in-framework-module -Wno-trigraphs -Wno-missing-field-initializers -Wno-missing-prototypes -Wno-return-type -Wno-implicit-atomic-properties -Wno-objc-interface-ivars -Wno-arc-repeated-use-of-weak -Wno-missing-braces -Wparentheses -Wswitch -Wno-unused-function -Wno-unused-label -Wno-unused-parameter -Wno-unused-variable -Wunused-value -Wno-empty-body -Wno-uninitialized -Wno-unknown-pragmas -w -Wno-shadow -Wno-four-char-constants -Wno-conversion -Wno-constant-conversion -Wno-int-conversion -Wno-bool-conversion -Wno-enum-conversion -Wno-float-conversion -Wno-non-literal-null-conversion -Wno-objc-literal-conversion -Wshorten-64-to-32 -Wpointer-sign -Wno-newline-eof -Wno-selector -Wno-strict-selector-match -Wno-undeclared-selector -Wno-deprecated-implementations -Wno-implicit-fallthrough -fstrict-aliasing -Wprotocol -Wdeprecated-declarations -Wno-sign-conversion -Wno-infinite-recursion -Wno-comma -Wno-block-capture-autoreleasing -Wno-strict-prototypes -Wno-semicolon-before-method-body -index-store-path /Users/emanuelflury/Library/Developer/Xcode/DerivedData/TaxedGmbH_IOS-gerngfqzuwudosgobknlgtoawnlj/Index.noindex/DataStore @/Users/emanuelflury/Library/Developer/Xcode/DerivedData/TaxedGmbH_IOS-gerngfqzuwudosgobknlgtoawnlj/Build/Intermediates.noindex/GoogleDataTransport.build/Debug-iphoneos/GoogleDataTransport.build/Objects-normal/arm64/e6072d4f65d7061329687fe24e3d63a7-common-args.resp -include /Users/emanuelflury/Library/Developer/Xcode/DerivedData/TaxedGmbH_IOS-gerngfqzuwudosgobknlgtoawnlj/Build/Intermediates.noindex/GoogleDataTransport.build/Debug-iphoneos/GoogleDataTransport.build/DerivedSources/resource_bundle_accessor.h -MMD -MT dependencies -MF /Users/emanuelflury/Library/Developer/Xcode/DerivedData/TaxedGmbH_IOS-gerngfqzuwudosgobknlgtoawnlj/Build/Intermediates.noindex/GoogleDataTransport.build/Debug-iphoneos/GoogleDataTransport.build/Objects-normal/arm64/GDTCORReachability.d --serialize-diagnostics /Users/emanuelflury/Library/Developer/Xcode/DerivedData/TaxedGmbH_IOS-gerngfqzuwudosgobknlgtoawnlj/Build/Intermediates.noindex/GoogleDataTransport.build/Debug-iphoneos/GoogleDataTransport.build/Objects-normal/arm64/GDTCORReachability.dia -c /Users/emanuelflury/Library/Developer/Xcode/DerivedData/TaxedGmbH_IOS-gerngfqzuwudosgobknlgtoawnlj/SourcePackages/checkouts/GoogleDataTransport/GoogleDataTransport/GDTCORLibrary/GDTCORReachability.m -o /Users/emanuelflury/Library/Developer/Xcode/DerivedData/TaxedGmbH_IOS-gerngfqzuwudosgobknlgtoawnlj/Build/Intermediates.noindex/GoogleDataTransport.build/Debug-iphoneos/GoogleDataTransport.build/Objects-normal/arm64/GDTCORReachability.o -index-unit-output-path /GoogleDataTransport.build/Debug-iphoneos/GoogleDataTransport.build/Objects-normal/arm64/GDTCORReachability.o

SwiftDriverJobDiscovery normal arm64 Compiling StorageReference.swift, StorageTask.swift (in target 'FirebaseStorage' from project 'Firebase')

CompileC /Users/emanuelflury/Library/Developer/Xcode/DerivedData/TaxedGmbH_IOS-gerngfqzuwudosgobknlgtoawnlj/Build/Intermediates.noindex/GoogleDataTransport.build/Debug-iphoneos/GoogleDataTransport.build/Objects-normal/arm64/GDTCORPlatform.o /Users/emanuelflury/Library/Developer/Xcode/DerivedData/TaxedGmbH_IOS-gerngfqzuwudosgobknlgtoawnlj/SourcePackages/checkouts/GoogleDataTransport/GoogleDataTransport/GDTCORLibrary/GDTCORPlatform.m normal arm64 objective-c com.apple.compilers.llvm.clang.1_0.compiler (in target 'GoogleDataTransport' from project 'GoogleDataTransport')
    cd /Users/emanuelflury/github/TaxedGmbH_IOS/TaxedGmbH_IOS.xcodeproj
    
    Using response file: /Users/emanuelflury/Library/Developer/Xcode/DerivedData/TaxedGmbH_IOS-gerngfqzuwudosgobknlgtoawnlj/Build/Intermediates.noindex/GoogleDataTransport.build/Debug-iphoneos/GoogleDataTransport.build/Objects-normal/arm64/e6072d4f65d7061329687fe24e3d63a7-common-args.resp
    
    /Applications/Xcode.app/Contents/Developer/Toolchains/XcodeDefault.xctoolchain/usr/bin/clang -x objective-c -ivfsstatcache /Users/emanuelflury/Library/Developer/Xcode/DerivedData/SDKStatCaches.noindex/iphoneos26.1-23B77-69b33fc7382b27d9b5d46e82a00f8e78.sdkstatcache -fmessage-length\=0 -fdiagnostics-show-note-include-stack -fmacro-backtrace-limit\=0 -fno-color-diagnostics -fmodules-prune-interval\=86400 -fmodules-prune-after\=345600 -fbuild-session-file\=/Users/emanuelflury/Library/Developer/Xcode/DerivedData/ModuleCache.noindex/Session.modulevalidation -fmodules-validate-once-per-build-session -Wnon-modular-include-in-framework-module -Werror\=non-modular-include-in-framework-module -Wno-trigraphs -Wno-missing-field-initializers -Wno-missing-prototypes -Wno-return-type -Wno-implicit-atomic-properties -Wno-objc-interface-ivars -Wno-arc-repeated-use-of-weak -Wno-missing-braces -Wparentheses -Wswitch -Wno-unused-function -Wno-unused-label -Wno-unused-parameter -Wno-unused-variable -Wunused-value -Wno-empty-body -Wno-uninitialized -Wno-unknown-pragmas -w -Wno-shadow -Wno-four-char-constants -Wno-conversion -Wno-constant-conversion -Wno-int-conversion -Wno-bool-conversion -Wno-enum-conversion -Wno-float-conversion -Wno-non-literal-null-conversion -Wno-objc-literal-conversion -Wshorten-64-to-32 -Wpointer-sign -Wno-newline-eof -Wno-selector -Wno-strict-selector-match -Wno-undeclared-selector -Wno-deprecated-implementations -Wno-implicit-fallthrough -fstrict-aliasing -Wprotocol -Wdeprecated-declarations -Wno-sign-conversion -Wno-infinite-recursion -Wno-comma -Wno-block-capture-autoreleasing -Wno-strict-prototypes -Wno-semicolon-before-method-body -index-store-path /Users/emanuelflury/Library/Developer/Xcode/DerivedData/TaxedGmbH_IOS-gerngfqzuwudosgobknlgtoawnlj/Index.noindex/DataStore @/Users/emanuelflury/Library/Developer/Xcode/DerivedData/TaxedGmbH_IOS-gerngfqzuwudosgobknlgtoawnlj/Build/Intermediates.noindex/GoogleDataTransport.build/Debug-iphoneos/GoogleDataTransport.build/Objects-normal/arm64/e6072d4f65d7061329687fe24e3d63a7-common-args.resp -include /Users/emanuelflury/Library/Developer/Xcode/DerivedData/TaxedGmbH_IOS-gerngfqzuwudosgobknlgtoawnlj/Build/Intermediates.noindex/GoogleDataTransport.build/Debug-iphoneos/GoogleDataTransport.build/DerivedSources/resource_bundle_accessor.h -MMD -MT dependencies -MF /Users/emanuelflury/Library/Developer/Xcode/DerivedData/TaxedGmbH_IOS-gerngfqzuwudosgobknlgtoawnlj/Build/Intermediates.noindex/GoogleDataTransport.build/Debug-iphoneos/GoogleDataTransport.build/Objects-normal/arm64/GDTCORPlatform.d --serialize-diagnostics /Users/emanuelflury/Library/Developer/Xcode/DerivedData/TaxedGmbH_IOS-gerngfqzuwudosgobknlgtoawnlj/Build/Intermediates.noindex/GoogleDataTransport.build/Debug-iphoneos/GoogleDataTransport.build/Objects-normal/arm64/GDTCORPlatform.dia -c /Users/emanuelflury/Library/Developer/Xcode/DerivedData/TaxedGmbH_IOS-gerngfqzuwudosgobknlgtoawnlj/SourcePackages/checkouts/GoogleDataTransport/GoogleDataTransport/GDTCORLibrary/GDTCORPlatform.m -o /Users/emanuelflury/Library/Developer/Xcode/DerivedData/TaxedGmbH_IOS-gerngfqzuwudosgobknlgtoawnlj/Build/Intermediates.noindex/GoogleDataTransport.build/Debug-iphoneos/GoogleDataTransport.build/Objects-normal/arm64/GDTCORPlatform.o -index-unit-output-path /GoogleDataTransport.build/Debug-iphoneos/GoogleDataTransport.build/Objects-normal/arm64/GDTCORPlatform.o

CompileC /Users/emanuelflury/Library/Developer/Xcode/DerivedData/TaxedGmbH_IOS-gerngfqzuwudosgobknlgtoawnlj/Build/Intermediates.noindex/GoogleDataTransport.build/Debug-iphoneos/GoogleDataTransport.build/Objects-normal/arm64/GDTCORMetricsController.o /Users/emanuelflury/Library/Developer/Xcode/DerivedData/TaxedGmbH_IOS-gerngfqzuwudosgobknlgtoawnlj/SourcePackages/checkouts/GoogleDataTransport/GoogleDataTransport/GDTCORLibrary/GDTCORMetricsController.m normal arm64 objective-c com.apple.compilers.llvm.clang.1_0.compiler (in target 'GoogleDataTransport' from project 'GoogleDataTransport')
    cd /Users/emanuelflury/github/TaxedGmbH_IOS/TaxedGmbH_IOS.xcodeproj
    
    Using response file: /Users/emanuelflury/Library/Developer/Xcode/DerivedData/TaxedGmbH_IOS-gerngfqzuwudosgobknlgtoawnlj/Build/Intermediates.noindex/GoogleDataTransport.build/Debug-iphoneos/GoogleDataTransport.build/Objects-normal/arm64/e6072d4f65d7061329687fe24e3d63a7-common-args.resp
    
    /Applications/Xcode.app/Contents/Developer/Toolchains/XcodeDefault.xctoolchain/usr/bin/clang -x objective-c -ivfsstatcache /Users/emanuelflury/Library/Developer/Xcode/DerivedData/SDKStatCaches.noindex/iphoneos26.1-23B77-69b33fc7382b27d9b5d46e82a00f8e78.sdkstatcache -fmessage-length\=0 -fdiagnostics-show-note-include-stack -fmacro-backtrace-limit\=0 -fno-color-diagnostics -fmodules-prune-interval\=86400 -fmodules-prune-after\=345600 -fbuild-session-file\=/Users/emanuelflury/Library/Developer/Xcode/DerivedData/ModuleCache.noindex/Session.modulevalidation -fmodules-validate-once-per-build-session -Wnon-modular-include-in-framework-module -Werror\=non-modular-include-in-framework-module -Wno-trigraphs -Wno-missing-field-initializers -Wno-missing-prototypes -Wno-return-type -Wno-implicit-atomic-properties -Wno-objc-interface-ivars -Wno-arc-repeated-use-of-weak -Wno-missing-braces -Wparentheses -Wswitch -Wno-unused-function -Wno-unused-label -Wno-unused-parameter -Wno-unused-variable -Wunused-value -Wno-empty-body -Wno-uninitialized -Wno-unknown-pragmas -w -Wno-shadow -Wno-four-char-constants -Wno-conversion -Wno-constant-conversion -Wno-int-conversion -Wno-bool-conversion -Wno-enum-conversion -Wno-float-conversion -Wno-non-literal-null-conversion -Wno-objc-literal-conversion -Wshorten-64-to-32 -Wpointer-sign -Wno-newline-eof -Wno-selector -Wno-strict-selector-match -Wno-undeclared-selector -Wno-deprecated-implementations -Wno-implicit-fallthrough -fstrict-aliasing -Wprotocol -Wdeprecated-declarations -Wno-sign-conversion -Wno-infinite-recursion -Wno-comma -Wno-block-capture-autoreleasing -Wno-strict-prototypes -Wno-semicolon-before-method-body -index-store-path /Users/emanuelflury/Library/Developer/Xcode/DerivedData/TaxedGmbH_IOS-gerngfqzuwudosgobknlgtoawnlj/Index.noindex/DataStore @/Users/emanuelflury/Library/Developer/Xcode/DerivedData/TaxedGmbH_IOS-gerngfqzuwudosgobknlgtoawnlj/Build/Intermediates.noindex/GoogleDataTransport.build/Debug-iphoneos/GoogleDataTransport.build/Objects-normal/arm64/e6072d4f65d7061329687fe24e3d63a7-common-args.resp -include /Users/emanuelflury/Library/Developer/Xcode/DerivedData/TaxedGmbH_IOS-gerngfqzuwudosgobknlgtoawnlj/Build/Intermediates.noindex/GoogleDataTransport.build/Debug-iphoneos/GoogleDataTransport.build/DerivedSources/resource_bundle_accessor.h -MMD -MT dependencies -MF /Users/emanuelflury/Library/Developer/Xcode/DerivedData/TaxedGmbH_IOS-gerngfqzuwudosgobknlgtoawnlj/Build/Intermediates.noindex/GoogleDataTransport.build/Debug-iphoneos/GoogleDataTransport.build/Objects-normal/arm64/GDTCORMetricsController.d --serialize-diagnostics /Users/emanuelflury/Library/Developer/Xcode/DerivedData/TaxedGmbH_IOS-gerngfqzuwudosgobknlgtoawnlj/Build/Intermediates.noindex/GoogleDataTransport.build/Debug-iphoneos/GoogleDataTransport.build/Objects-normal/arm64/GDTCORMetricsController.dia -c /Users/emanuelflury/Library/Developer/Xcode/DerivedData/TaxedGmbH_IOS-gerngfqzuwudosgobknlgtoawnlj/SourcePackages/checkouts/GoogleDataTransport/GoogleDataTransport/GDTCORLibrary/GDTCORMetricsController.m -o /Users/emanuelflury/Library/Developer/Xcode/DerivedData/TaxedGmbH_IOS-gerngfqzuwudosgobknlgtoawnlj/Build/Intermediates.noindex/GoogleDataTransport.build/Debug-iphoneos/GoogleDataTransport.build/Objects-normal/arm64/GDTCORMetricsController.o -index-unit-output-path /GoogleDataTransport.build/Debug-iphoneos/GoogleDataTransport.build/Objects-normal/arm64/GDTCORMetricsController.o

CompileC /Users/emanuelflury/Library/Developer/Xcode/DerivedData/TaxedGmbH_IOS-gerngfqzuwudosgobknlgtoawnlj/Build/Intermediates.noindex/GoogleDataTransport.build/Debug-iphoneos/GoogleDataTransport.build/Objects-normal/arm64/GDTCORMetrics+GDTCCTSupport.o /Users/emanuelflury/Library/Developer/Xcode/DerivedData/TaxedGmbH_IOS-gerngfqzuwudosgobknlgtoawnlj/SourcePackages/checkouts/GoogleDataTransport/GoogleDataTransport/GDTCCTLibrary/GDTCORMetrics+GDTCCTSupport.m normal arm64 objective-c com.apple.compilers.llvm.clang.1_0.compiler (in target 'GoogleDataTransport' from project 'GoogleDataTransport')
    cd /Users/emanuelflury/github/TaxedGmbH_IOS/TaxedGmbH_IOS.xcodeproj
    
    Using response file: /Users/emanuelflury/Library/Developer/Xcode/DerivedData/TaxedGmbH_IOS-gerngfqzuwudosgobknlgtoawnlj/Build/Intermediates.noindex/GoogleDataTransport.build/Debug-iphoneos/GoogleDataTransport.build/Objects-normal/arm64/e6072d4f65d7061329687fe24e3d63a7-common-args.resp
    
    /Applications/Xcode.app/Contents/Developer/Toolchains/XcodeDefault.xctoolchain/usr/bin/clang -x objective-c -ivfsstatcache /Users/emanuelflury/Library/Developer/Xcode/DerivedData/SDKStatCaches.noindex/iphoneos26.1-23B77-69b33fc7382b27d9b5d46e82a00f8e78.sdkstatcache -fmessage-length\=0 -fdiagnostics-show-note-include-stack -fmacro-backtrace-limit\=0 -fno-color-diagnostics -fmodules-prune-interval\=86400 -fmodules-prune-after\=345600 -fbuild-session-file\=/Users/emanuelflury/Library/Developer/Xcode/DerivedData/ModuleCache.noindex/Session.modulevalidation -fmodules-validate-once-per-build-session -Wnon-modular-include-in-framework-module -Werror\=non-modular-include-in-framework-module -Wno-trigraphs -Wno-missing-field-initializers -Wno-missing-prototypes -Wno-return-type -Wno-implicit-atomic-properties -Wno-objc-interface-ivars -Wno-arc-repeated-use-of-weak -Wno-missing-braces -Wparentheses -Wswitch -Wno-unused-function -Wno-unused-label -Wno-unused-parameter -Wno-unused-variable -Wunused-value -Wno-empty-body -Wno-uninitialized -Wno-unknown-pragmas -w -Wno-shadow -Wno-four-char-constants -Wno-conversion -Wno-constant-conversion -Wno-int-conversion -Wno-bool-conversion -Wno-enum-conversion -Wno-float-conversion -Wno-non-literal-null-conversion -Wno-objc-literal-conversion -Wshorten-64-to-32 -Wpointer-sign -Wno-newline-eof -Wno-selector -Wno-strict-selector-match -Wno-undeclared-selector -Wno-deprecated-implementations -Wno-implicit-fallthrough -fstrict-aliasing -Wprotocol -Wdeprecated-declarations -Wno-sign-conversion -Wno-infinite-recursion -Wno-comma -Wno-block-capture-autoreleasing -Wno-strict-prototypes -Wno-semicolon-before-method-body -index-store-path /Users/emanuelflury/Library/Developer/Xcode/DerivedData/TaxedGmbH_IOS-gerngfqzuwudosgobknlgtoawnlj/Index.noindex/DataStore @/Users/emanuelflury/Library/Developer/Xcode/DerivedData/TaxedGmbH_IOS-gerngfqzuwudosgobknlgtoawnlj/Build/Intermediates.noindex/GoogleDataTransport.build/Debug-iphoneos/GoogleDataTransport.build/Objects-normal/arm64/e6072d4f65d7061329687fe24e3d63a7-common-args.resp -include /Users/emanuelflury/Library/Developer/Xcode/DerivedData/TaxedGmbH_IOS-gerngfqzuwudosgobknlgtoawnlj/Build/Intermediates.noindex/GoogleDataTransport.build/Debug-iphoneos/GoogleDataTransport.build/DerivedSources/resource_bundle_accessor.h -MMD -MT dependencies -MF /Users/emanuelflury/Library/Developer/Xcode/DerivedData/TaxedGmbH_IOS-gerngfqzuwudosgobknlgtoawnlj/Build/Intermediates.noindex/GoogleDataTransport.build/Debug-iphoneos/GoogleDataTransport.build/Objects-normal/arm64/GDTCORMetrics+GDTCCTSupport.d --serialize-diagnostics /Users/emanuelflury/Library/Developer/Xcode/DerivedData/TaxedGmbH_IOS-gerngfqzuwudosgobknlgtoawnlj/Build/Intermediates.noindex/GoogleDataTransport.build/Debug-iphoneos/GoogleDataTransport.build/Objects-normal/arm64/GDTCORMetrics+GDTCCTSupport.dia -c /Users/emanuelflury/Library/Developer/Xcode/DerivedData/TaxedGmbH_IOS-gerngfqzuwudosgobknlgtoawnlj/SourcePackages/checkouts/GoogleDataTransport/GoogleDataTransport/GDTCCTLibrary/GDTCORMetrics+GDTCCTSupport.m -o /Users/emanuelflury/Library/Developer/Xcode/DerivedData/TaxedGmbH_IOS-gerngfqzuwudosgobknlgtoawnlj/Build/Intermediates.noindex/GoogleDataTransport.build/Debug-iphoneos/GoogleDataTransport.build/Objects-normal/arm64/GDTCORMetrics+GDTCCTSupport.o -index-unit-output-path /GoogleDataTransport.build/Debug-iphoneos/GoogleDataTransport.build/Objects-normal/arm64/GDTCORMetrics+GDTCCTSupport.o

CompileC /Users/emanuelflury/Library/Developer/Xcode/DerivedData/TaxedGmbH_IOS-gerngfqzuwudosgobknlgtoawnlj/Build/Intermediates.noindex/GoogleDataTransport.build/Debug-iphoneos/GoogleDataTransport.build/Objects-normal/arm64/GDTCORLifecycle.o /Users/emanuelflury/Library/Developer/Xcode/DerivedData/TaxedGmbH_IOS-gerngfqzuwudosgobknlgtoawnlj/SourcePackages/checkouts/GoogleDataTransport/GoogleDataTransport/GDTCORLibrary/GDTCORLifecycle.m normal arm64 objective-c com.apple.compilers.llvm.clang.1_0.compiler (in target 'GoogleDataTransport' from project 'GoogleDataTransport')
    cd /Users/emanuelflury/github/TaxedGmbH_IOS/TaxedGmbH_IOS.xcodeproj
    
    Using response file: /Users/emanuelflury/Library/Developer/Xcode/DerivedData/TaxedGmbH_IOS-gerngfqzuwudosgobknlgtoawnlj/Build/Intermediates.noindex/GoogleDataTransport.build/Debug-iphoneos/GoogleDataTransport.build/Objects-normal/arm64/e6072d4f65d7061329687fe24e3d63a7-common-args.resp
    
    /Applications/Xcode.app/Contents/Developer/Toolchains/XcodeDefault.xctoolchain/usr/bin/clang -x objective-c -ivfsstatcache /Users/emanuelflury/Library/Developer/Xcode/DerivedData/SDKStatCaches.noindex/iphoneos26.1-23B77-69b33fc7382b27d9b5d46e82a00f8e78.sdkstatcache -fmessage-length\=0 -fdiagnostics-show-note-include-stack -fmacro-backtrace-limit\=0 -fno-color-diagnostics -fmodules-prune-interval\=86400 -fmodules-prune-after\=345600 -fbuild-session-file\=/Users/emanuelflury/Library/Developer/Xcode/DerivedData/ModuleCache.noindex/Session.modulevalidation -fmodules-validate-once-per-build-session -Wnon-modular-include-in-framework-module -Werror\=non-modular-include-in-framework-module -Wno-trigraphs -Wno-missing-field-initializers -Wno-missing-prototypes -Wno-return-type -Wno-implicit-atomic-properties -Wno-objc-interface-ivars -Wno-arc-repeated-use-of-weak -Wno-missing-braces -Wparentheses -Wswitch -Wno-unused-function -Wno-unused-label -Wno-unused-parameter -Wno-unused-variable -Wunused-value -Wno-empty-body -Wno-uninitialized -Wno-unknown-pragmas -w -Wno-shadow -Wno-four-char-constants -Wno-conversion -Wno-constant-conversion -Wno-int-conversion -Wno-bool-conversion -Wno-enum-conversion -Wno-float-conversion -Wno-non-literal-null-conversion -Wno-objc-literal-conversion -Wshorten-64-to-32 -Wpointer-sign -Wno-newline-eof -Wno-selector -Wno-strict-selector-match -Wno-undeclared-selector -Wno-deprecated-implementations -Wno-implicit-fallthrough -fstrict-aliasing -Wprotocol -Wdeprecated-declarations -Wno-sign-conversion -Wno-infinite-recursion -Wno-comma -Wno-block-capture-autoreleasing -Wno-strict-prototypes -Wno-semicolon-before-method-body -index-store-path /Users/emanuelflury/Library/Developer/Xcode/DerivedData/TaxedGmbH_IOS-gerngfqzuwudosgobknlgtoawnlj/Index.noindex/DataStore @/Users/emanuelflury/Library/Developer/Xcode/DerivedData/TaxedGmbH_IOS-gerngfqzuwudosgobknlgtoawnlj/Build/Intermediates.noindex/GoogleDataTransport.build/Debug-iphoneos/GoogleDataTransport.build/Objects-normal/arm64/e6072d4f65d7061329687fe24e3d63a7-common-args.resp -include /Users/emanuelflury/Library/Developer/Xcode/DerivedData/TaxedGmbH_IOS-gerngfqzuwudosgobknlgtoawnlj/Build/Intermediates.noindex/GoogleDataTransport.build/Debug-iphoneos/GoogleDataTransport.build/DerivedSources/resource_bundle_accessor.h -MMD -MT dependencies -MF /Users/emanuelflury/Library/Developer/Xcode/DerivedData/TaxedGmbH_IOS-gerngfqzuwudosgobknlgtoawnlj/Build/Intermediates.noindex/GoogleDataTransport.build/Debug-iphoneos/GoogleDataTransport.build/Objects-normal/arm64/GDTCORLifecycle.d --serialize-diagnostics /Users/emanuelflury/Library/Developer/Xcode/DerivedData/TaxedGmbH_IOS-gerngfqzuwudosgobknlgtoawnlj/Build/Intermediates.noindex/GoogleDataTransport.build/Debug-iphoneos/GoogleDataTransport.build/Objects-normal/arm64/GDTCORLifecycle.dia -c /Users/emanuelflury/Library/Developer/Xcode/DerivedData/TaxedGmbH_IOS-gerngfqzuwudosgobknlgtoawnlj/SourcePackages/checkouts/GoogleDataTransport/GoogleDataTransport/GDTCORLibrary/GDTCORLifecycle.m -o /Users/emanuelflury/Library/Developer/Xcode/DerivedData/TaxedGmbH_IOS-gerngfqzuwudosgobknlgtoawnlj/Build/Intermediates.noindex/GoogleDataTransport.build/Debug-iphoneos/GoogleDataTransport.build/Objects-normal/arm64/GDTCORLifecycle.o -index-unit-output-path /GoogleDataTransport.build/Debug-iphoneos/GoogleDataTransport.build/Objects-normal/arm64/GDTCORLifecycle.o

CompileC /Users/emanuelflury/Library/Developer/Xcode/DerivedData/TaxedGmbH_IOS-gerngfqzuwudosgobknlgtoawnlj/Build/Intermediates.noindex/GoogleDataTransport.build/Debug-iphoneos/GoogleDataTransport.build/Objects-normal/arm64/GDTCORFlatFileStorage.o /Users/emanuelflury/Library/Developer/Xcode/DerivedData/TaxedGmbH_IOS-gerngfqzuwudosgobknlgtoawnlj/SourcePackages/checkouts/GoogleDataTransport/GoogleDataTransport/GDTCORLibrary/GDTCORFlatFileStorage.m normal arm64 objective-c com.apple.compilers.llvm.clang.1_0.compiler (in target 'GoogleDataTransport' from project 'GoogleDataTransport')
    cd /Users/emanuelflury/github/TaxedGmbH_IOS/TaxedGmbH_IOS.xcodeproj
    
    Using response file: /Users/emanuelflury/Library/Developer/Xcode/DerivedData/TaxedGmbH_IOS-gerngfqzuwudosgobknlgtoawnlj/Build/Intermediates.noindex/GoogleDataTransport.build/Debug-iphoneos/GoogleDataTransport.build/Objects-normal/arm64/e6072d4f65d7061329687fe24e3d63a7-common-args.resp
    
    /Applications/Xcode.app/Contents/Developer/Toolchains/XcodeDefault.xctoolchain/usr/bin/clang -x objective-c -ivfsstatcache /Users/emanuelflury/Library/Developer/Xcode/DerivedData/SDKStatCaches.noindex/iphoneos26.1-23B77-69b33fc7382b27d9b5d46e82a00f8e78.sdkstatcache -fmessage-length\=0 -fdiagnostics-show-note-include-stack -fmacro-backtrace-limit\=0 -fno-color-diagnostics -fmodules-prune-interval\=86400 -fmodules-prune-after\=345600 -fbuild-session-file\=/Users/emanuelflury/Library/Developer/Xcode/DerivedData/ModuleCache.noindex/Session.modulevalidation -fmodules-validate-once-per-build-session -Wnon-modular-include-in-framework-module -Werror\=non-modular-include-in-framework-module -Wno-trigraphs -Wno-missing-field-initializers -Wno-missing-prototypes -Wno-return-type -Wno-implicit-atomic-properties -Wno-objc-interface-ivars -Wno-arc-repeated-use-of-weak -Wno-missing-braces -Wparentheses -Wswitch -Wno-unused-function -Wno-unused-label -Wno-unused-parameter -Wno-unused-variable -Wunused-value -Wno-empty-body -Wno-uninitialized -Wno-unknown-pragmas -w -Wno-shadow -Wno-four-char-constants -Wno-conversion -Wno-constant-conversion -Wno-int-conversion -Wno-bool-conversion -Wno-enum-conversion -Wno-float-conversion -Wno-non-literal-null-conversion -Wno-objc-literal-conversion -Wshorten-64-to-32 -Wpointer-sign -Wno-newline-eof -Wno-selector -Wno-strict-selector-match -Wno-undeclared-selector -Wno-deprecated-implementations -Wno-implicit-fallthrough -fstrict-aliasing -Wprotocol -Wdeprecated-declarations -Wno-sign-conversion -Wno-infinite-recursion -Wno-comma -Wno-block-capture-autoreleasing -Wno-strict-prototypes -Wno-semicolon-before-method-body -index-store-path /Users/emanuelflury/Library/Developer/Xcode/DerivedData/TaxedGmbH_IOS-gerngfqzuwudosgobknlgtoawnlj/Index.noindex/DataStore @/Users/emanuelflury/Library/Developer/Xcode/DerivedData/TaxedGmbH_IOS-gerngfqzuwudosgobknlgtoawnlj/Build/Intermediates.noindex/GoogleDataTransport.build/Debug-iphoneos/GoogleDataTransport.build/Objects-normal/arm64/e6072d4f65d7061329687fe24e3d63a7-common-args.resp -include /Users/emanuelflury/Library/Developer/Xcode/DerivedData/TaxedGmbH_IOS-gerngfqzuwudosgobknlgtoawnlj/Build/Intermediates.noindex/GoogleDataTransport.build/Debug-iphoneos/GoogleDataTransport.build/DerivedSources/resource_bundle_accessor.h -MMD -MT dependencies -MF /Users/emanuelflury/Library/Developer/Xcode/DerivedData/TaxedGmbH_IOS-gerngfqzuwudosgobknlgtoawnlj/Build/Intermediates.noindex/GoogleDataTransport.build/Debug-iphoneos/GoogleDataTransport.build/Objects-normal/arm64/GDTCORFlatFileStorage.d --serialize-diagnostics /Users/emanuelflury/Library/Developer/Xcode/DerivedData/TaxedGmbH_IOS-gerngfqzuwudosgobknlgtoawnlj/Build/Intermediates.noindex/GoogleDataTransport.build/Debug-iphoneos/GoogleDataTransport.build/Objects-normal/arm64/GDTCORFlatFileStorage.dia -c /Users/emanuelflury/Library/Developer/Xcode/DerivedData/TaxedGmbH_IOS-gerngfqzuwudosgobknlgtoawnlj/SourcePackages/checkouts/GoogleDataTransport/GoogleDataTransport/GDTCORLibrary/GDTCORFlatFileStorage.m -o /Users/emanuelflury/Library/Developer/Xcode/DerivedData/TaxedGmbH_IOS-gerngfqzuwudosgobknlgtoawnlj/Build/Intermediates.noindex/GoogleDataTransport.build/Debug-iphoneos/GoogleDataTransport.build/Objects-normal/arm64/GDTCORFlatFileStorage.o -index-unit-output-path /GoogleDataTransport.build/Debug-iphoneos/GoogleDataTransport.build/Objects-normal/arm64/GDTCORFlatFileStorage.o

CompileC /Users/emanuelflury/Library/Developer/Xcode/DerivedData/TaxedGmbH_IOS-gerngfqzuwudosgobknlgtoawnlj/Build/Intermediates.noindex/GoogleDataTransport.build/Debug-iphoneos/GoogleDataTransport.build/Objects-normal/arm64/GDTCORFlatFileStorage+Promises.o /Users/emanuelflury/Library/Developer/Xcode/DerivedData/TaxedGmbH_IOS-gerngfqzuwudosgobknlgtoawnlj/SourcePackages/checkouts/GoogleDataTransport/GoogleDataTransport/GDTCORLibrary/GDTCORFlatFileStorage+Promises.m normal arm64 objective-c com.apple.compilers.llvm.clang.1_0.compiler (in target 'GoogleDataTransport' from project 'GoogleDataTransport')
    cd /Users/emanuelflury/github/TaxedGmbH_IOS/TaxedGmbH_IOS.xcodeproj
    
    Using response file: /Users/emanuelflury/Library/Developer/Xcode/DerivedData/TaxedGmbH_IOS-gerngfqzuwudosgobknlgtoawnlj/Build/Intermediates.noindex/GoogleDataTransport.build/Debug-iphoneos/GoogleDataTransport.build/Objects-normal/arm64/e6072d4f65d7061329687fe24e3d63a7-common-args.resp
    
    /Applications/Xcode.app/Contents/Developer/Toolchains/XcodeDefault.xctoolchain/usr/bin/clang -x objective-c -ivfsstatcache /Users/emanuelflury/Library/Developer/Xcode/DerivedData/SDKStatCaches.noindex/iphoneos26.1-23B77-69b33fc7382b27d9b5d46e82a00f8e78.sdkstatcache -fmessage-length\=0 -fdiagnostics-show-note-include-stack -fmacro-backtrace-limit\=0 -fno-color-diagnostics -fmodules-prune-interval\=86400 -fmodules-prune-after\=345600 -fbuild-session-file\=/Users/emanuelflury/Library/Developer/Xcode/DerivedData/ModuleCache.noindex/Session.modulevalidation -fmodules-validate-once-per-build-session -Wnon-modular-include-in-framework-module -Werror\=non-modular-include-in-framework-module -Wno-trigraphs -Wno-missing-field-initializers -Wno-missing-prototypes -Wno-return-type -Wno-implicit-atomic-properties -Wno-objc-interface-ivars -Wno-arc-repeated-use-of-weak -Wno-missing-braces -Wparentheses -Wswitch -Wno-unused-function -Wno-unused-label -Wno-unused-parameter -Wno-unused-variable -Wunused-value -Wno-empty-body -Wno-uninitialized -Wno-unknown-pragmas -w -Wno-shadow -Wno-four-char-constants -Wno-conversion -Wno-constant-conversion -Wno-int-conversion -Wno-bool-conversion -Wno-enum-conversion -Wno-float-conversion -Wno-non-literal-null-conversion -Wno-objc-literal-conversion -Wshorten-64-to-32 -Wpointer-sign -Wno-newline-eof -Wno-selector -Wno-strict-selector-match -Wno-undeclared-selector -Wno-deprecated-implementations -Wno-implicit-fallthrough -fstrict-aliasing -Wprotocol -Wdeprecated-declarations -Wno-sign-conversion -Wno-infinite-recursion -Wno-comma -Wno-block-capture-autoreleasing -Wno-strict-prototypes -Wno-semicolon-before-method-body -index-store-path /Users/emanuelflury/Library/Developer/Xcode/DerivedData/TaxedGmbH_IOS-gerngfqzuwudosgobknlgtoawnlj/Index.noindex/DataStore @/Users/emanuelflury/Library/Developer/Xcode/DerivedData/TaxedGmbH_IOS-gerngfqzuwudosgobknlgtoawnlj/Build/Intermediates.noindex/GoogleDataTransport.build/Debug-iphoneos/GoogleDataTransport.build/Objects-normal/arm64/e6072d4f65d7061329687fe24e3d63a7-common-args.resp -include /Users/emanuelflury/Library/Developer/Xcode/DerivedData/TaxedGmbH_IOS-gerngfqzuwudosgobknlgtoawnlj/Build/Intermediates.noindex/GoogleDataTransport.build/Debug-iphoneos/GoogleDataTransport.build/DerivedSources/resource_bundle_accessor.h -MMD -MT dependencies -MF /Users/emanuelflury/Library/Developer/Xcode/DerivedData/TaxedGmbH_IOS-gerngfqzuwudosgobknlgtoawnlj/Build/Intermediates.noindex/GoogleDataTransport.build/Debug-iphoneos/GoogleDataTransport.build/Objects-normal/arm64/GDTCORFlatFileStorage+Promises.d --serialize-diagnostics /Users/emanuelflury/Library/Developer/Xcode/DerivedData/TaxedGmbH_IOS-gerngfqzuwudosgobknlgtoawnlj/Build/Intermediates.noindex/GoogleDataTransport.build/Debug-iphoneos/GoogleDataTransport.build/Objects-normal/arm64/GDTCORFlatFileStorage+Promises.dia -c /Users/emanuelflury/Library/Developer/Xcode/DerivedData/TaxedGmbH_IOS-gerngfqzuwudosgobknlgtoawnlj/SourcePackages/checkouts/GoogleDataTransport/GoogleDataTransport/GDTCORLibrary/GDTCORFlatFileStorage+Promises.m -o /Users/emanuelflury/Library/Developer/Xcode/DerivedData/TaxedGmbH_IOS-gerngfqzuwudosgobknlgtoawnlj/Build/Intermediates.noindex/GoogleDataTransport.build/Debug-iphoneos/GoogleDataTransport.build/Objects-normal/arm64/GDTCORFlatFileStorage+Promises.o -index-unit-output-path /GoogleDataTransport.build/Debug-iphoneos/GoogleDataTransport.build/Objects-normal/arm64/GDTCORFlatFileStorage+Promises.o

CompileC /Users/emanuelflury/Library/Developer/Xcode/DerivedData/TaxedGmbH_IOS-gerngfqzuwudosgobknlgtoawnlj/Build/Intermediates.noindex/GoogleDataTransport.build/Debug-iphoneos/GoogleDataTransport.build/Objects-normal/arm64/GDTCOREvent.o /Users/emanuelflury/Library/Developer/Xcode/DerivedData/TaxedGmbH_IOS-gerngfqzuwudosgobknlgtoawnlj/SourcePackages/checkouts/GoogleDataTransport/GoogleDataTransport/GDTCORLibrary/GDTCOREvent.m normal arm64 objective-c com.apple.compilers.llvm.clang.1_0.compiler (in target 'GoogleDataTransport' from project 'GoogleDataTransport')
    cd /Users/emanuelflury/github/TaxedGmbH_IOS/TaxedGmbH_IOS.xcodeproj
    
    Using response file: /Users/emanuelflury/Library/Developer/Xcode/DerivedData/TaxedGmbH_IOS-gerngfqzuwudosgobknlgtoawnlj/Build/Intermediates.noindex/GoogleDataTransport.build/Debug-iphoneos/GoogleDataTransport.build/Objects-normal/arm64/e6072d4f65d7061329687fe24e3d63a7-common-args.resp
    
    /Applications/Xcode.app/Contents/Developer/Toolchains/XcodeDefault.xctoolchain/usr/bin/clang -x objective-c -ivfsstatcache /Users/emanuelflury/Library/Developer/Xcode/DerivedData/SDKStatCaches.noindex/iphoneos26.1-23B77-69b33fc7382b27d9b5d46e82a00f8e78.sdkstatcache -fmessage-length\=0 -fdiagnostics-show-note-include-stack -fmacro-backtrace-limit\=0 -fno-color-diagnostics -fmodules-prune-interval\=86400 -fmodules-prune-after\=345600 -fbuild-session-file\=/Users/emanuelflury/Library/Developer/Xcode/DerivedData/ModuleCache.noindex/Session.modulevalidation -fmodules-validate-once-per-build-session -Wnon-modular-include-in-framework-module -Werror\=non-modular-include-in-framework-module -Wno-trigraphs -Wno-missing-field-initializers -Wno-missing-prototypes -Wno-return-type -Wno-implicit-atomic-properties -Wno-objc-interface-ivars -Wno-arc-repeated-use-of-weak -Wno-missing-braces -Wparentheses -Wswitch -Wno-unused-function -Wno-unused-label -Wno-unused-parameter -Wno-unused-variable -Wunused-value -Wno-empty-body -Wno-uninitialized -Wno-unknown-pragmas -w -Wno-shadow -Wno-four-char-constants -Wno-conversion -Wno-constant-conversion -Wno-int-conversion -Wno-bool-conversion -Wno-enum-conversion -Wno-float-conversion -Wno-non-literal-null-conversion -Wno-objc-literal-conversion -Wshorten-64-to-32 -Wpointer-sign -Wno-newline-eof -Wno-selector -Wno-strict-selector-match -Wno-undeclared-selector -Wno-deprecated-implementations -Wno-implicit-fallthrough -fstrict-aliasing -Wprotocol -Wdeprecated-declarations -Wno-sign-conversion -Wno-infinite-recursion -Wno-comma -Wno-block-capture-autoreleasing -Wno-strict-prototypes -Wno-semicolon-before-method-body -index-store-path /Users/emanuelflury/Library/Developer/Xcode/DerivedData/TaxedGmbH_IOS-gerngfqzuwudosgobknlgtoawnlj/Index.noindex/DataStore @/Users/emanuelflury/Library/Developer/Xcode/DerivedData/TaxedGmbH_IOS-gerngfqzuwudosgobknlgtoawnlj/Build/Intermediates.noindex/GoogleDataTransport.build/Debug-iphoneos/GoogleDataTransport.build/Objects-normal/arm64/e6072d4f65d7061329687fe24e3d63a7-common-args.resp -include /Users/emanuelflury/Library/Developer/Xcode/DerivedData/TaxedGmbH_IOS-gerngfqzuwudosgobknlgtoawnlj/Build/Intermediates.noindex/GoogleDataTransport.build/Debug-iphoneos/GoogleDataTransport.build/DerivedSources/resource_bundle_accessor.h -MMD -MT dependencies -MF /Users/emanuelflury/Library/Developer/Xcode/DerivedData/TaxedGmbH_IOS-gerngfqzuwudosgobknlgtoawnlj/Build/Intermediates.noindex/GoogleDataTransport.build/Debug-iphoneos/GoogleDataTransport.build/Objects-normal/arm64/GDTCOREvent.d --serialize-diagnostics /Users/emanuelflury/Library/Developer/Xcode/DerivedData/TaxedGmbH_IOS-gerngfqzuwudosgobknlgtoawnlj/Build/Intermediates.noindex/GoogleDataTransport.build/Debug-iphoneos/GoogleDataTransport.build/Objects-normal/arm64/GDTCOREvent.dia -c /Users/emanuelflury/Library/Developer/Xcode/DerivedData/TaxedGmbH_IOS-gerngfqzuwudosgobknlgtoawnlj/SourcePackages/checkouts/GoogleDataTransport/GoogleDataTransport/GDTCORLibrary/GDTCOREvent.m -o /Users/emanuelflury/Library/Developer/Xcode/DerivedData/TaxedGmbH_IOS-gerngfqzuwudosgobknlgtoawnlj/Build/Intermediates.noindex/GoogleDataTransport.build/Debug-iphoneos/GoogleDataTransport.build/Objects-normal/arm64/GDTCOREvent.o -index-unit-output-path /GoogleDataTransport.build/Debug-iphoneos/GoogleDataTransport.build/Objects-normal/arm64/GDTCOREvent.o

CompileC /Users/emanuelflury/Library/Developer/Xcode/DerivedData/TaxedGmbH_IOS-gerngfqzuwudosgobknlgtoawnlj/Build/Intermediates.noindex/GoogleDataTransport.build/Debug-iphoneos/GoogleDataTransport.build/Objects-normal/arm64/GDTCORDirectorySizeTracker.o /Users/emanuelflury/Library/Developer/Xcode/DerivedData/TaxedGmbH_IOS-gerngfqzuwudosgobknlgtoawnlj/SourcePackages/checkouts/GoogleDataTransport/GoogleDataTransport/GDTCORLibrary/GDTCORDirectorySizeTracker.m normal arm64 objective-c com.apple.compilers.llvm.clang.1_0.compiler (in target 'GoogleDataTransport' from project 'GoogleDataTransport')
    cd /Users/emanuelflury/github/TaxedGmbH_IOS/TaxedGmbH_IOS.xcodeproj
    
    Using response file: /Users/emanuelflury/Library/Developer/Xcode/DerivedData/TaxedGmbH_IOS-gerngfqzuwudosgobknlgtoawnlj/Build/Intermediates.noindex/GoogleDataTransport.build/Debug-iphoneos/GoogleDataTransport.build/Objects-normal/arm64/e6072d4f65d7061329687fe24e3d63a7-common-args.resp
    
    /Applications/Xcode.app/Contents/Developer/Toolchains/XcodeDefault.xctoolchain/usr/bin/clang -x objective-c -ivfsstatcache /Users/emanuelflury/Library/Developer/Xcode/DerivedData/SDKStatCaches.noindex/iphoneos26.1-23B77-69b33fc7382b27d9b5d46e82a00f8e78.sdkstatcache -fmessage-length\=0 -fdiagnostics-show-note-include-stack -fmacro-backtrace-limit\=0 -fno-color-diagnostics -fmodules-prune-interval\=86400 -fmodules-prune-after\=345600 -fbuild-session-file\=/Users/emanuelflury/Library/Developer/Xcode/DerivedData/ModuleCache.noindex/Session.modulevalidation -fmodules-validate-once-per-build-session -Wnon-modular-include-in-framework-module -Werror\=non-modular-include-in-framework-module -Wno-trigraphs -Wno-missing-field-initializers -Wno-missing-prototypes -Wno-return-type -Wno-implicit-atomic-properties -Wno-objc-interface-ivars -Wno-arc-repeated-use-of-weak -Wno-missing-braces -Wparentheses -Wswitch -Wno-unused-function -Wno-unused-label -Wno-unused-parameter -Wno-unused-variable -Wunused-value -Wno-empty-body -Wno-uninitialized -Wno-unknown-pragmas -w -Wno-shadow -Wno-four-char-constants -Wno-conversion -Wno-constant-conversion -Wno-int-conversion -Wno-bool-conversion -Wno-enum-conversion -Wno-float-conversion -Wno-non-literal-null-conversion -Wno-objc-literal-conversion -Wshorten-64-to-32 -Wpointer-sign -Wno-newline-eof -Wno-selector -Wno-strict-selector-match -Wno-undeclared-selector -Wno-deprecated-implementations -Wno-implicit-fallthrough -fstrict-aliasing -Wprotocol -Wdeprecated-declarations -Wno-sign-conversion -Wno-infinite-recursion -Wno-comma -Wno-block-capture-autoreleasing -Wno-strict-prototypes -Wno-semicolon-before-method-body -index-store-path /Users/emanuelflury/Library/Developer/Xcode/DerivedData/TaxedGmbH_IOS-gerngfqzuwudosgobknlgtoawnlj/Index.noindex/DataStore @/Users/emanuelflury/Library/Developer/Xcode/DerivedData/TaxedGmbH_IOS-gerngfqzuwudosgobknlgtoawnlj/Build/Intermediates.noindex/GoogleDataTransport.build/Debug-iphoneos/GoogleDataTransport.build/Objects-normal/arm64/e6072d4f65d7061329687fe24e3d63a7-common-args.resp -include /Users/emanuelflury/Library/Developer/Xcode/DerivedData/TaxedGmbH_IOS-gerngfqzuwudosgobknlgtoawnlj/Build/Intermediates.noindex/GoogleDataTransport.build/Debug-iphoneos/GoogleDataTransport.build/DerivedSources/resource_bundle_accessor.h -MMD -MT dependencies -MF /Users/emanuelflury/Library/Developer/Xcode/DerivedData/TaxedGmbH_IOS-gerngfqzuwudosgobknlgtoawnlj/Build/Intermediates.noindex/GoogleDataTransport.build/Debug-iphoneos/GoogleDataTransport.build/Objects-normal/arm64/GDTCORDirectorySizeTracker.d --serialize-diagnostics /Users/emanuelflury/Library/Developer/Xcode/DerivedData/TaxedGmbH_IOS-gerngfqzuwudosgobknlgtoawnlj/Build/Intermediates.noindex/GoogleDataTransport.build/Debug-iphoneos/GoogleDataTransport.build/Objects-normal/arm64/GDTCORDirectorySizeTracker.dia -c /Users/emanuelflury/Library/Developer/Xcode/DerivedData/TaxedGmbH_IOS-gerngfqzuwudosgobknlgtoawnlj/SourcePackages/checkouts/GoogleDataTransport/GoogleDataTransport/GDTCORLibrary/GDTCORDirectorySizeTracker.m -o /Users/emanuelflury/Library/Developer/Xcode/DerivedData/TaxedGmbH_IOS-gerngfqzuwudosgobknlgtoawnlj/Build/Intermediates.noindex/GoogleDataTransport.build/Debug-iphoneos/GoogleDataTransport.build/Objects-normal/arm64/GDTCORDirectorySizeTracker.o -index-unit-output-path /GoogleDataTransport.build/Debug-iphoneos/GoogleDataTransport.build/Objects-normal/arm64/GDTCORDirectorySizeTracker.o

CompileC /Users/emanuelflury/Library/Developer/Xcode/DerivedData/TaxedGmbH_IOS-gerngfqzuwudosgobknlgtoawnlj/Build/Intermediates.noindex/GoogleDataTransport.build/Debug-iphoneos/GoogleDataTransport.build/Objects-normal/arm64/GDTCCTUploader.o /Users/emanuelflury/Library/Developer/Xcode/DerivedData/TaxedGmbH_IOS-gerngfqzuwudosgobknlgtoawnlj/SourcePackages/checkouts/GoogleDataTransport/GoogleDataTransport/GDTCCTLibrary/GDTCCTUploader.m normal arm64 objective-c com.apple.compilers.llvm.clang.1_0.compiler (in target 'GoogleDataTransport' from project 'GoogleDataTransport')
    cd /Users/emanuelflury/github/TaxedGmbH_IOS/TaxedGmbH_IOS.xcodeproj
    
    Using response file: /Users/emanuelflury/Library/Developer/Xcode/DerivedData/TaxedGmbH_IOS-gerngfqzuwudosgobknlgtoawnlj/Build/Intermediates.noindex/GoogleDataTransport.build/Debug-iphoneos/GoogleDataTransport.build/Objects-normal/arm64/e6072d4f65d7061329687fe24e3d63a7-common-args.resp
    
    /Applications/Xcode.app/Contents/Developer/Toolchains/XcodeDefault.xctoolchain/usr/bin/clang -x objective-c -ivfsstatcache /Users/emanuelflury/Library/Developer/Xcode/DerivedData/SDKStatCaches.noindex/iphoneos26.1-23B77-69b33fc7382b27d9b5d46e82a00f8e78.sdkstatcache -fmessage-length\=0 -fdiagnostics-show-note-include-stack -fmacro-backtrace-limit\=0 -fno-color-diagnostics -fmodules-prune-interval\=86400 -fmodules-prune-after\=345600 -fbuild-session-file\=/Users/emanuelflury/Library/Developer/Xcode/DerivedData/ModuleCache.noindex/Session.modulevalidation -fmodules-validate-once-per-build-session -Wnon-modular-include-in-framework-module -Werror\=non-modular-include-in-framework-module -Wno-trigraphs -Wno-missing-field-initializers -Wno-missing-prototypes -Wno-return-type -Wno-implicit-atomic-properties -Wno-objc-interface-ivars -Wno-arc-repeated-use-of-weak -Wno-missing-braces -Wparentheses -Wswitch -Wno-unused-function -Wno-unused-label -Wno-unused-parameter -Wno-unused-variable -Wunused-value -Wno-empty-body -Wno-uninitialized -Wno-unknown-pragmas -w -Wno-shadow -Wno-four-char-constants -Wno-conversion -Wno-constant-conversion -Wno-int-conversion -Wno-bool-conversion -Wno-enum-conversion -Wno-float-conversion -Wno-non-literal-null-conversion -Wno-objc-literal-conversion -Wshorten-64-to-32 -Wpointer-sign -Wno-newline-eof -Wno-selector -Wno-strict-selector-match -Wno-undeclared-selector -Wno-deprecated-implementations -Wno-implicit-fallthrough -fstrict-aliasing -Wprotocol -Wdeprecated-declarations -Wno-sign-conversion -Wno-infinite-recursion -Wno-comma -Wno-block-capture-autoreleasing -Wno-strict-prototypes -Wno-semicolon-before-method-body -index-store-path /Users/emanuelflury/Library/Developer/Xcode/DerivedData/TaxedGmbH_IOS-gerngfqzuwudosgobknlgtoawnlj/Index.noindex/DataStore @/Users/emanuelflury/Library/Developer/Xcode/DerivedData/TaxedGmbH_IOS-gerngfqzuwudosgobknlgtoawnlj/Build/Intermediates.noindex/GoogleDataTransport.build/Debug-iphoneos/GoogleDataTransport.build/Objects-normal/arm64/e6072d4f65d7061329687fe24e3d63a7-common-args.resp -include /Users/emanuelflury/Library/Developer/Xcode/DerivedData/TaxedGmbH_IOS-gerngfqzuwudosgobknlgtoawnlj/Build/Intermediates.noindex/GoogleDataTransport.build/Debug-iphoneos/GoogleDataTransport.build/DerivedSources/resource_bundle_accessor.h -MMD -MT dependencies -MF /Users/emanuelflury/Library/Developer/Xcode/DerivedData/TaxedGmbH_IOS-gerngfqzuwudosgobknlgtoawnlj/Build/Intermediates.noindex/GoogleDataTransport.build/Debug-iphoneos/GoogleDataTransport.build/Objects-normal/arm64/GDTCCTUploader.d --serialize-diagnostics /Users/emanuelflury/Library/Developer/Xcode/DerivedData/TaxedGmbH_IOS-gerngfqzuwudosgobknlgtoawnlj/Build/Intermediates.noindex/GoogleDataTransport.build/Debug-iphoneos/GoogleDataTransport.build/Objects-normal/arm64/GDTCCTUploader.dia -c /Users/emanuelflury/Library/Developer/Xcode/DerivedData/TaxedGmbH_IOS-gerngfqzuwudosgobknlgtoawnlj/SourcePackages/checkouts/GoogleDataTransport/GoogleDataTransport/GDTCCTLibrary/GDTCCTUploader.m -o /Users/emanuelflury/Library/Developer/Xcode/DerivedData/TaxedGmbH_IOS-gerngfqzuwudosgobknlgtoawnlj/Build/Intermediates.noindex/GoogleDataTransport.build/Debug-iphoneos/GoogleDataTransport.build/Objects-normal/arm64/GDTCCTUploader.o -index-unit-output-path /GoogleDataTransport.build/Debug-iphoneos/GoogleDataTransport.build/Objects-normal/arm64/GDTCCTUploader.o

CompileC /Users/emanuelflury/Library/Developer/Xcode/DerivedData/TaxedGmbH_IOS-gerngfqzuwudosgobknlgtoawnlj/Build/Intermediates.noindex/GoogleDataTransport.build/Debug-iphoneos/GoogleDataTransport.build/Objects-normal/arm64/GDTCCTUploadOperation.o /Users/emanuelflury/Library/Developer/Xcode/DerivedData/TaxedGmbH_IOS-gerngfqzuwudosgobknlgtoawnlj/SourcePackages/checkouts/GoogleDataTransport/GoogleDataTransport/GDTCCTLibrary/GDTCCTUploadOperation.m normal arm64 objective-c com.apple.compilers.llvm.clang.1_0.compiler (in target 'GoogleDataTransport' from project 'GoogleDataTransport')
    cd /Users/emanuelflury/github/TaxedGmbH_IOS/TaxedGmbH_IOS.xcodeproj
    
    Using response file: /Users/emanuelflury/Library/Developer/Xcode/DerivedData/TaxedGmbH_IOS-gerngfqzuwudosgobknlgtoawnlj/Build/Intermediates.noindex/GoogleDataTransport.build/Debug-iphoneos/GoogleDataTransport.build/Objects-normal/arm64/e6072d4f65d7061329687fe24e3d63a7-common-args.resp
    
    /Applications/Xcode.app/Contents/Developer/Toolchains/XcodeDefault.xctoolchain/usr/bin/clang -x objective-c -ivfsstatcache /Users/emanuelflury/Library/Developer/Xcode/DerivedData/SDKStatCaches.noindex/iphoneos26.1-23B77-69b33fc7382b27d9b5d46e82a00f8e78.sdkstatcache -fmessage-length\=0 -fdiagnostics-show-note-include-stack -fmacro-backtrace-limit\=0 -fno-color-diagnostics -fmodules-prune-interval\=86400 -fmodules-prune-after\=345600 -fbuild-session-file\=/Users/emanuelflury/Library/Developer/Xcode/DerivedData/ModuleCache.noindex/Session.modulevalidation -fmodules-validate-once-per-build-session -Wnon-modular-include-in-framework-module -Werror\=non-modular-include-in-framework-module -Wno-trigraphs -Wno-missing-field-initializers -Wno-missing-prototypes -Wno-return-type -Wno-implicit-atomic-properties -Wno-objc-interface-ivars -Wno-arc-repeated-use-of-weak -Wno-missing-braces -Wparentheses -Wswitch -Wno-unused-function -Wno-unused-label -Wno-unused-parameter -Wno-unused-variable -Wunused-value -Wno-empty-body -Wno-uninitialized -Wno-unknown-pragmas -w -Wno-shadow -Wno-four-char-constants -Wno-conversion -Wno-constant-conversion -Wno-int-conversion -Wno-bool-conversion -Wno-enum-conversion -Wno-float-conversion -Wno-non-literal-null-conversion -Wno-objc-literal-conversion -Wshorten-64-to-32 -Wpointer-sign -Wno-newline-eof -Wno-selector -Wno-strict-selector-match -Wno-undeclared-selector -Wno-deprecated-implementations -Wno-implicit-fallthrough -fstrict-aliasing -Wprotocol -Wdeprecated-declarations -Wno-sign-conversion -Wno-infinite-recursion -Wno-comma -Wno-block-capture-autoreleasing -Wno-strict-prototypes -Wno-semicolon-before-method-body -index-store-path /Users/emanuelflury/Library/Developer/Xcode/DerivedData/TaxedGmbH_IOS-gerngfqzuwudosgobknlgtoawnlj/Index.noindex/DataStore @/Users/emanuelflury/Library/Developer/Xcode/DerivedData/TaxedGmbH_IOS-gerngfqzuwudosgobknlgtoawnlj/Build/Intermediates.noindex/GoogleDataTransport.build/Debug-iphoneos/GoogleDataTransport.build/Objects-normal/arm64/e6072d4f65d7061329687fe24e3d63a7-common-args.resp -include /Users/emanuelflury/Library/Developer/Xcode/DerivedData/TaxedGmbH_IOS-gerngfqzuwudosgobknlgtoawnlj/Build/Intermediates.noindex/GoogleDataTransport.build/Debug-iphoneos/GoogleDataTransport.build/DerivedSources/resource_bundle_accessor.h -MMD -MT dependencies -MF /Users/emanuelflury/Library/Developer/Xcode/DerivedData/TaxedGmbH_IOS-gerngfqzuwudosgobknlgtoawnlj/Build/Intermediates.noindex/GoogleDataTransport.build/Debug-iphoneos/GoogleDataTransport.build/Objects-normal/arm64/GDTCCTUploadOperation.d --serialize-diagnostics /Users/emanuelflury/Library/Developer/Xcode/DerivedData/TaxedGmbH_IOS-gerngfqzuwudosgobknlgtoawnlj/Build/Intermediates.noindex/GoogleDataTransport.build/Debug-iphoneos/GoogleDataTransport.build/Objects-normal/arm64/GDTCCTUploadOperation.dia -c /Users/emanuelflury/Library/Developer/Xcode/DerivedData/TaxedGmbH_IOS-gerngfqzuwudosgobknlgtoawnlj/SourcePackages/checkouts/GoogleDataTransport/GoogleDataTransport/GDTCCTLibrary/GDTCCTUploadOperation.m -o /Users/emanuelflury/Library/Developer/Xcode/DerivedData/TaxedGmbH_IOS-gerngfqzuwudosgobknlgtoawnlj/Build/Intermediates.noindex/GoogleDataTransport.build/Debug-iphoneos/GoogleDataTransport.build/Objects-normal/arm64/GDTCCTUploadOperation.o -index-unit-output-path /GoogleDataTransport.build/Debug-iphoneos/GoogleDataTransport.build/Objects-normal/arm64/GDTCCTUploadOperation.o

SwiftDriverJobDiscovery normal arm64 Compiling StorageMetadata.swift, StorageObservableTask.swift (in target 'FirebaseStorage' from project 'Firebase')

CompileC /Users/emanuelflury/Library/Developer/Xcode/DerivedData/TaxedGmbH_IOS-gerngfqzuwudosgobknlgtoawnlj/Build/Intermediates.noindex/GoogleDataTransport.build/Debug-iphoneos/GoogleDataTransport.build/Objects-normal/arm64/GDTCCTNanopbHelpers.o /Users/emanuelflury/Library/Developer/Xcode/DerivedData/TaxedGmbH_IOS-gerngfqzuwudosgobknlgtoawnlj/SourcePackages/checkouts/GoogleDataTransport/GoogleDataTransport/GDTCCTLibrary/GDTCCTNanopbHelpers.m normal arm64 objective-c com.apple.compilers.llvm.clang.1_0.compiler (in target 'GoogleDataTransport' from project 'GoogleDataTransport')
    cd /Users/emanuelflury/github/TaxedGmbH_IOS/TaxedGmbH_IOS.xcodeproj
    
    Using response file: /Users/emanuelflury/Library/Developer/Xcode/DerivedData/TaxedGmbH_IOS-gerngfqzuwudosgobknlgtoawnlj/Build/Intermediates.noindex/GoogleDataTransport.build/Debug-iphoneos/GoogleDataTransport.build/Objects-normal/arm64/e6072d4f65d7061329687fe24e3d63a7-common-args.resp
    
    /Applications/Xcode.app/Contents/Developer/Toolchains/XcodeDefault.xctoolchain/usr/bin/clang -x objective-c -ivfsstatcache /Users/emanuelflury/Library/Developer/Xcode/DerivedData/SDKStatCaches.noindex/iphoneos26.1-23B77-69b33fc7382b27d9b5d46e82a00f8e78.sdkstatcache -fmessage-length\=0 -fdiagnostics-show-note-include-stack -fmacro-backtrace-limit\=0 -fno-color-diagnostics -fmodules-prune-interval\=86400 -fmodules-prune-after\=345600 -fbuild-session-file\=/Users/emanuelflury/Library/Developer/Xcode/DerivedData/ModuleCache.noindex/Session.modulevalidation -fmodules-validate-once-per-build-session -Wnon-modular-include-in-framework-module -Werror\=non-modular-include-in-framework-module -Wno-trigraphs -Wno-missing-field-initializers -Wno-missing-prototypes -Wno-return-type -Wno-implicit-atomic-properties -Wno-objc-interface-ivars -Wno-arc-repeated-use-of-weak -Wno-missing-braces -Wparentheses -Wswitch -Wno-unused-function -Wno-unused-label -Wno-unused-parameter -Wno-unused-variable -Wunused-value -Wno-empty-body -Wno-uninitialized -Wno-unknown-pragmas -w -Wno-shadow -Wno-four-char-constants -Wno-conversion -Wno-constant-conversion -Wno-int-conversion -Wno-bool-conversion -Wno-enum-conversion -Wno-float-conversion -Wno-non-literal-null-conversion -Wno-objc-literal-conversion -Wshorten-64-to-32 -Wpointer-sign -Wno-newline-eof -Wno-selector -Wno-strict-selector-match -Wno-undeclared-selector -Wno-deprecated-implementations -Wno-implicit-fallthrough -fstrict-aliasing -Wprotocol -Wdeprecated-declarations -Wno-sign-conversion -Wno-infinite-recursion -Wno-comma -Wno-block-capture-autoreleasing -Wno-strict-prototypes -Wno-semicolon-before-method-body -index-store-path /Users/emanuelflury/Library/Developer/Xcode/DerivedData/TaxedGmbH_IOS-gerngfqzuwudosgobknlgtoawnlj/Index.noindex/DataStore @/Users/emanuelflury/Library/Developer/Xcode/DerivedData/TaxedGmbH_IOS-gerngfqzuwudosgobknlgtoawnlj/Build/Intermediates.noindex/GoogleDataTransport.build/Debug-iphoneos/GoogleDataTransport.build/Objects-normal/arm64/e6072d4f65d7061329687fe24e3d63a7-common-args.resp -include /Users/emanuelflury/Library/Developer/Xcode/DerivedData/TaxedGmbH_IOS-gerngfqzuwudosgobknlgtoawnlj/Build/Intermediates.noindex/GoogleDataTransport.build/Debug-iphoneos/GoogleDataTransport.build/DerivedSources/resource_bundle_accessor.h -MMD -MT dependencies -MF /Users/emanuelflury/Library/Developer/Xcode/DerivedData/TaxedGmbH_IOS-gerngfqzuwudosgobknlgtoawnlj/Build/Intermediates.noindex/GoogleDataTransport.build/Debug-iphoneos/GoogleDataTransport.build/Objects-normal/arm64/GDTCCTNanopbHelpers.d --serialize-diagnostics /Users/emanuelflury/Library/Developer/Xcode/DerivedData/TaxedGmbH_IOS-gerngfqzuwudosgobknlgtoawnlj/Build/Intermediates.noindex/GoogleDataTransport.build/Debug-iphoneos/GoogleDataTransport.build/Objects-normal/arm64/GDTCCTNanopbHelpers.dia -c /Users/emanuelflury/Library/Developer/Xcode/DerivedData/TaxedGmbH_IOS-gerngfqzuwudosgobknlgtoawnlj/SourcePackages/checkouts/GoogleDataTransport/GoogleDataTransport/GDTCCTLibrary/GDTCCTNanopbHelpers.m -o /Users/emanuelflury/Library/Developer/Xcode/DerivedData/TaxedGmbH_IOS-gerngfqzuwudosgobknlgtoawnlj/Build/Intermediates.noindex/GoogleDataTransport.build/Debug-iphoneos/GoogleDataTransport.build/Objects-normal/arm64/GDTCCTNanopbHelpers.o -index-unit-output-path /GoogleDataTransport.build/Debug-iphoneos/GoogleDataTransport.build/Objects-normal/arm64/GDTCCTNanopbHelpers.o

PrecompileModule /Users/emanuelflury/Library/Developer/Xcode/DerivedData/TaxedGmbH_IOS-gerngfqzuwudosgobknlgtoawnlj/Build/Intermediates.noindex/ExplicitPrecompiledModules/CoreGraphics-C84A27WFVW5YBZNEWUJXVDLG3.scan
    cd /
    builtin-precompileModule /Users/emanuelflury/Library/Developer/Xcode/DerivedData/TaxedGmbH_IOS-gerngfqzuwudosgobknlgtoawnlj/Build/Intermediates.noindex/ExplicitPrecompiledModules/CoreGraphics-C84A27WFVW5YBZNEWUJXVDLG3.scan

PrecompileModule /Users/emanuelflury/Library/Developer/Xcode/DerivedData/TaxedGmbH_IOS-gerngfqzuwudosgobknlgtoawnlj/Build/Intermediates.noindex/ExplicitPrecompiledModules/CFNetwork-1GIE3V3NGRWRK7QCY9J4OD7BT.scan
    cd /
    builtin-precompileModule /Users/emanuelflury/Library/Developer/Xcode/DerivedData/TaxedGmbH_IOS-gerngfqzuwudosgobknlgtoawnlj/Build/Intermediates.noindex/ExplicitPrecompiledModules/CFNetwork-1GIE3V3NGRWRK7QCY9J4OD7BT.scan

PrecompileModule /Users/emanuelflury/Library/Developer/Xcode/DerivedData/TaxedGmbH_IOS-gerngfqzuwudosgobknlgtoawnlj/Build/Intermediates.noindex/ExplicitPrecompiledModules/Security-3H40VIUDPA6ZE5AMIRFX7NLIH.scan
    cd /
    builtin-precompileModule /Users/emanuelflury/Library/Developer/Xcode/DerivedData/TaxedGmbH_IOS-gerngfqzuwudosgobknlgtoawnlj/Build/Intermediates.noindex/ExplicitPrecompiledModules/Security-3H40VIUDPA6ZE5AMIRFX7NLIH.scan

SwiftDriverJobDiscovery normal arm64 Compiling StorageError.swift, StorageListResult.swift (in target 'FirebaseStorage' from project 'Firebase')

ScanDependencies /Users/emanuelflury/Library/Developer/Xcode/DerivedData/TaxedGmbH_IOS-gerngfqzuwudosgobknlgtoawnlj/Build/Intermediates.noindex/Firebase.build/Debug-iphoneos/FirebaseMessaging.build/Objects-normal/arm64/FIRMessagingCheckinPreferences.o /Users/emanuelflury/Library/Developer/Xcode/DerivedData/TaxedGmbH_IOS-gerngfqzuwudosgobknlgtoawnlj/SourcePackages/checkouts/firebase-ios-sdk/FirebaseMessaging/Sources/Token/FIRMessagingCheckinPreferences.m normal arm64 objective-c com.apple.compilers.llvm.clang.1_0.compiler (in target 'FirebaseMessaging' from project 'Firebase')
    cd /Users/emanuelflury/github/TaxedGmbH_IOS/TaxedGmbH_IOS.xcodeproj
    
    Using response file: /Users/emanuelflury/Library/Developer/Xcode/DerivedData/TaxedGmbH_IOS-gerngfqzuwudosgobknlgtoawnlj/Build/Intermediates.noindex/Firebase.build/Debug-iphoneos/FirebaseMessaging.build/Objects-normal/arm64/e6072d4f65d7061329687fe24e3d63a7-common-args.resp
    
    builtin-ScanDependencies -o /Users/emanuelflury/Library/Developer/Xcode/DerivedData/TaxedGmbH_IOS-gerngfqzuwudosgobknlgtoawnlj/Build/Intermediates.noindex/Firebase.build/Debug-iphoneos/FirebaseMessaging.build/Objects-normal/arm64/FIRMessagingCheckinPreferences.o.scan -- /Applications/Xcode.app/Contents/Developer/Toolchains/XcodeDefault.xctoolchain/usr/bin/clang -x objective-c -ivfsstatcache /Users/emanuelflury/Library/Developer/Xcode/DerivedData/SDKStatCaches.noindex/iphoneos26.1-23B77-69b33fc7382b27d9b5d46e82a00f8e78.sdkstatcache -fmessage-length\=0 -fdiagnostics-show-note-include-stack -fmacro-backtrace-limit\=0 -fno-color-diagnostics -fmodules-prune-interval\=86400 -fmodules-prune-after\=345600 -fbuild-session-file\=/Users/emanuelflury/Library/Developer/Xcode/DerivedData/ModuleCache.noindex/Session.modulevalidation -fmodules-validate-once-per-build-session -Wnon-modular-include-in-framework-module -Werror\=non-modular-include-in-framework-module -Wno-trigraphs -Wno-missing-field-initializers -Wno-missing-prototypes -Wno-return-type -Wno-implicit-atomic-properties -Wno-objc-interface-ivars -Wno-arc-repeated-use-of-weak -Wno-missing-braces -Wparentheses -Wswitch -Wno-unused-function -Wno-unused-label -Wno-unused-parameter -Wno-unused-variable -Wunused-value -Wno-empty-body -Wno-uninitialized -Wno-unknown-pragmas -w -Wno-shadow -Wno-four-char-constants -Wno-conversion -Wno-constant-conversion -Wno-int-conversion -Wno-bool-conversion -Wno-enum-conversion -Wno-float-conversion -Wno-non-literal-null-conversion -Wno-objc-literal-conversion -Wshorten-64-to-32 -Wpointer-sign -Wno-newline-eof -Wno-selector -Wno-strict-selector-match -Wno-undeclared-selector -Wno-deprecated-implementations -Wno-implicit-fallthrough -fstrict-aliasing -Wprotocol -Wdeprecated-declarations -Wno-sign-conversion -Wno-infinite-recursion -Wno-comma -Wno-block-capture-autoreleasing -Wno-strict-prototypes -Wno-semicolon-before-method-body -index-store-path /Users/emanuelflury/Library/Developer/Xcode/DerivedData/TaxedGmbH_IOS-gerngfqzuwudosgobknlgtoawnlj/Index.noindex/DataStore @/Users/emanuelflury/Library/Developer/Xcode/DerivedData/TaxedGmbH_IOS-gerngfqzuwudosgobknlgtoawnlj/Build/Intermediates.noindex/Firebase.build/Debug-iphoneos/FirebaseMessaging.build/Objects-normal/arm64/e6072d4f65d7061329687fe24e3d63a7-common-args.resp -include /Users/emanuelflury/Library/Developer/Xcode/DerivedData/TaxedGmbH_IOS-gerngfqzuwudosgobknlgtoawnlj/Build/Intermediates.noindex/Firebase.build/Debug-iphoneos/FirebaseMessaging.build/DerivedSources/resource_bundle_accessor.h -MMD -MT dependencies -MF /Users/emanuelflury/Library/Developer/Xcode/DerivedData/TaxedGmbH_IOS-gerngfqzuwudosgobknlgtoawnlj/Build/Intermediates.noindex/Firebase.build/Debug-iphoneos/FirebaseMessaging.build/Objects-normal/arm64/FIRMessagingCheckinPreferences.d --serialize-diagnostics /Users/emanuelflury/Library/Developer/Xcode/DerivedData/TaxedGmbH_IOS-gerngfqzuwudosgobknlgtoawnlj/Build/Intermediates.noindex/Firebase.build/Debug-iphoneos/FirebaseMessaging.build/Objects-normal/arm64/FIRMessagingCheckinPreferences.dia -c /Users/emanuelflury/Library/Developer/Xcode/DerivedData/TaxedGmbH_IOS-gerngfqzuwudosgobknlgtoawnlj/SourcePackages/checkouts/firebase-ios-sdk/FirebaseMessaging/Sources/Token/FIRMessagingCheckinPreferences.m -o /Users/emanuelflury/Library/Developer/Xcode/DerivedData/TaxedGmbH_IOS-gerngfqzuwudosgobknlgtoawnlj/Build/Intermediates.noindex/Firebase.build/Debug-iphoneos/FirebaseMessaging.build/Objects-normal/arm64/FIRMessagingCheckinPreferences.o -index-unit-output-path /Firebase.build/Debug-iphoneos/FirebaseMessaging.build/Objects-normal/arm64/FIRMessagingCheckinPreferences.o

ScanDependencies /Users/emanuelflury/Library/Developer/Xcode/DerivedData/TaxedGmbH_IOS-gerngfqzuwudosgobknlgtoawnlj/Build/Intermediates.noindex/Firebase.build/Debug-iphoneos/FirebaseMessaging.build/Objects-normal/arm64/FIRMessagingBackupExcludedPlist.o /Users/emanuelflury/Library/Developer/Xcode/DerivedData/TaxedGmbH_IOS-gerngfqzuwudosgobknlgtoawnlj/SourcePackages/checkouts/firebase-ios-sdk/FirebaseMessaging/Sources/Token/FIRMessagingBackupExcludedPlist.m normal arm64 objective-c com.apple.compilers.llvm.clang.1_0.compiler (in target 'FirebaseMessaging' from project 'Firebase')
    cd /Users/emanuelflury/github/TaxedGmbH_IOS/TaxedGmbH_IOS.xcodeproj
    
    Using response file: /Users/emanuelflury/Library/Developer/Xcode/DerivedData/TaxedGmbH_IOS-gerngfqzuwudosgobknlgtoawnlj/Build/Intermediates.noindex/Firebase.build/Debug-iphoneos/FirebaseMessaging.build/Objects-normal/arm64/e6072d4f65d7061329687fe24e3d63a7-common-args.resp
    
    builtin-ScanDependencies -o /Users/emanuelflury/Library/Developer/Xcode/DerivedData/TaxedGmbH_IOS-gerngfqzuwudosgobknlgtoawnlj/Build/Intermediates.noindex/Firebase.build/Debug-iphoneos/FirebaseMessaging.build/Objects-normal/arm64/FIRMessagingBackupExcludedPlist.o.scan -- /Applications/Xcode.app/Contents/Developer/Toolchains/XcodeDefault.xctoolchain/usr/bin/clang -x objective-c -ivfsstatcache /Users/emanuelflury/Library/Developer/Xcode/DerivedData/SDKStatCaches.noindex/iphoneos26.1-23B77-69b33fc7382b27d9b5d46e82a00f8e78.sdkstatcache -fmessage-length\=0 -fdiagnostics-show-note-include-stack -fmacro-backtrace-limit\=0 -fno-color-diagnostics -fmodules-prune-interval\=86400 -fmodules-prune-after\=345600 -fbuild-session-file\=/Users/emanuelflury/Library/Developer/Xcode/DerivedData/ModuleCache.noindex/Session.modulevalidation -fmodules-validate-once-per-build-session -Wnon-modular-include-in-framework-module -Werror\=non-modular-include-in-framework-module -Wno-trigraphs -Wno-missing-field-initializers -Wno-missing-prototypes -Wno-return-type -Wno-implicit-atomic-properties -Wno-objc-interface-ivars -Wno-arc-repeated-use-of-weak -Wno-missing-braces -Wparentheses -Wswitch -Wno-unused-function -Wno-unused-label -Wno-unused-parameter -Wno-unused-variable -Wunused-value -Wno-empty-body -Wno-uninitialized -Wno-unknown-pragmas -w -Wno-shadow -Wno-four-char-constants -Wno-conversion -Wno-constant-conversion -Wno-int-conversion -Wno-bool-conversion -Wno-enum-conversion -Wno-float-conversion -Wno-non-literal-null-conversion -Wno-objc-literal-conversion -Wshorten-64-to-32 -Wpointer-sign -Wno-newline-eof -Wno-selector -Wno-strict-selector-match -Wno-undeclared-selector -Wno-deprecated-implementations -Wno-implicit-fallthrough -fstrict-aliasing -Wprotocol -Wdeprecated-declarations -Wno-sign-conversion -Wno-infinite-recursion -Wno-comma -Wno-block-capture-autoreleasing -Wno-strict-prototypes -Wno-semicolon-before-method-body -index-store-path /Users/emanuelflury/Library/Developer/Xcode/DerivedData/TaxedGmbH_IOS-gerngfqzuwudosgobknlgtoawnlj/Index.noindex/DataStore @/Users/emanuelflury/Library/Developer/Xcode/DerivedData/TaxedGmbH_IOS-gerngfqzuwudosgobknlgtoawnlj/Build/Intermediates.noindex/Firebase.build/Debug-iphoneos/FirebaseMessaging.build/Objects-normal/arm64/e6072d4f65d7061329687fe24e3d63a7-common-args.resp -include /Users/emanuelflury/Library/Developer/Xcode/DerivedData/TaxedGmbH_IOS-gerngfqzuwudosgobknlgtoawnlj/Build/Intermediates.noindex/Firebase.build/Debug-iphoneos/FirebaseMessaging.build/DerivedSources/resource_bundle_accessor.h -MMD -MT dependencies -MF /Users/emanuelflury/Library/Developer/Xcode/DerivedData/TaxedGmbH_IOS-gerngfqzuwudosgobknlgtoawnlj/Build/Intermediates.noindex/Firebase.build/Debug-iphoneos/FirebaseMessaging.build/Objects-normal/arm64/FIRMessagingBackupExcludedPlist.d --serialize-diagnostics /Users/emanuelflury/Library/Developer/Xcode/DerivedData/TaxedGmbH_IOS-gerngfqzuwudosgobknlgtoawnlj/Build/Intermediates.noindex/Firebase.build/Debug-iphoneos/FirebaseMessaging.build/Objects-normal/arm64/FIRMessagingBackupExcludedPlist.dia -c /Users/emanuelflury/Library/Developer/Xcode/DerivedData/TaxedGmbH_IOS-gerngfqzuwudosgobknlgtoawnlj/SourcePackages/checkouts/firebase-ios-sdk/FirebaseMessaging/Sources/Token/FIRMessagingBackupExcludedPlist.m -o /Users/emanuelflury/Library/Developer/Xcode/DerivedData/TaxedGmbH_IOS-gerngfqzuwudosgobknlgtoawnlj/Build/Intermediates.noindex/Firebase.build/Debug-iphoneos/FirebaseMessaging.build/Objects-normal/arm64/FIRMessagingBackupExcludedPlist.o -index-unit-output-path /Firebase.build/Debug-iphoneos/FirebaseMessaging.build/Objects-normal/arm64/FIRMessagingBackupExcludedPlist.o

ScanDependencies /Users/emanuelflury/Library/Developer/Xcode/DerivedData/TaxedGmbH_IOS-gerngfqzuwudosgobknlgtoawnlj/Build/Intermediates.noindex/Firebase.build/Debug-iphoneos/FirebaseMessaging.build/Objects-normal/arm64/FIRMessagingAuthService.o /Users/emanuelflury/Library/Developer/Xcode/DerivedData/TaxedGmbH_IOS-gerngfqzuwudosgobknlgtoawnlj/SourcePackages/checkouts/firebase-ios-sdk/FirebaseMessaging/Sources/Token/FIRMessagingAuthService.m normal arm64 objective-c com.apple.compilers.llvm.clang.1_0.compiler (in target 'FirebaseMessaging' from project 'Firebase')
    cd /Users/emanuelflury/github/TaxedGmbH_IOS/TaxedGmbH_IOS.xcodeproj
    
    Using response file: /Users/emanuelflury/Library/Developer/Xcode/DerivedData/TaxedGmbH_IOS-gerngfqzuwudosgobknlgtoawnlj/Build/Intermediates.noindex/Firebase.build/Debug-iphoneos/FirebaseMessaging.build/Objects-normal/arm64/e6072d4f65d7061329687fe24e3d63a7-common-args.resp
    
    builtin-ScanDependencies -o /Users/emanuelflury/Library/Developer/Xcode/DerivedData/TaxedGmbH_IOS-gerngfqzuwudosgobknlgtoawnlj/Build/Intermediates.noindex/Firebase.build/Debug-iphoneos/FirebaseMessaging.build/Objects-normal/arm64/FIRMessagingAuthService.o.scan -- /Applications/Xcode.app/Contents/Developer/Toolchains/XcodeDefault.xctoolchain/usr/bin/clang -x objective-c -ivfsstatcache /Users/emanuelflury/Library/Developer/Xcode/DerivedData/SDKStatCaches.noindex/iphoneos26.1-23B77-69b33fc7382b27d9b5d46e82a00f8e78.sdkstatcache -fmessage-length\=0 -fdiagnostics-show-note-include-stack -fmacro-backtrace-limit\=0 -fno-color-diagnostics -fmodules-prune-interval\=86400 -fmodules-prune-after\=345600 -fbuild-session-file\=/Users/emanuelflury/Library/Developer/Xcode/DerivedData/ModuleCache.noindex/Session.modulevalidation -fmodules-validate-once-per-build-session -Wnon-modular-include-in-framework-module -Werror\=non-modular-include-in-framework-module -Wno-trigraphs -Wno-missing-field-initializers -Wno-missing-prototypes -Wno-return-type -Wno-implicit-atomic-properties -Wno-objc-interface-ivars -Wno-arc-repeated-use-of-weak -Wno-missing-braces -Wparentheses -Wswitch -Wno-unused-function -Wno-unused-label -Wno-unused-parameter -Wno-unused-variable -Wunused-value -Wno-empty-body -Wno-uninitialized -Wno-unknown-pragmas -w -Wno-shadow -Wno-four-char-constants -Wno-conversion -Wno-constant-conversion -Wno-int-conversion -Wno-bool-conversion -Wno-enum-conversion -Wno-float-conversion -Wno-non-literal-null-conversion -Wno-objc-literal-conversion -Wshorten-64-to-32 -Wpointer-sign -Wno-newline-eof -Wno-selector -Wno-strict-selector-match -Wno-undeclared-selector -Wno-deprecated-implementations -Wno-implicit-fallthrough -fstrict-aliasing -Wprotocol -Wdeprecated-declarations -Wno-sign-conversion -Wno-infinite-recursion -Wno-comma -Wno-block-capture-autoreleasing -Wno-strict-prototypes -Wno-semicolon-before-method-body -index-store-path /Users/emanuelflury/Library/Developer/Xcode/DerivedData/TaxedGmbH_IOS-gerngfqzuwudosgobknlgtoawnlj/Index.noindex/DataStore @/Users/emanuelflury/Library/Developer/Xcode/DerivedData/TaxedGmbH_IOS-gerngfqzuwudosgobknlgtoawnlj/Build/Intermediates.noindex/Firebase.build/Debug-iphoneos/FirebaseMessaging.build/Objects-normal/arm64/e6072d4f65d7061329687fe24e3d63a7-common-args.resp -include /Users/emanuelflury/Library/Developer/Xcode/DerivedData/TaxedGmbH_IOS-gerngfqzuwudosgobknlgtoawnlj/Build/Intermediates.noindex/Firebase.build/Debug-iphoneos/FirebaseMessaging.build/DerivedSources/resource_bundle_accessor.h -MMD -MT dependencies -MF /Users/emanuelflury/Library/Developer/Xcode/DerivedData/TaxedGmbH_IOS-gerngfqzuwudosgobknlgtoawnlj/Build/Intermediates.noindex/Firebase.build/Debug-iphoneos/FirebaseMessaging.build/Objects-normal/arm64/FIRMessagingAuthService.d --serialize-diagnostics /Users/emanuelflury/Library/Developer/Xcode/DerivedData/TaxedGmbH_IOS-gerngfqzuwudosgobknlgtoawnlj/Build/Intermediates.noindex/Firebase.build/Debug-iphoneos/FirebaseMessaging.build/Objects-normal/arm64/FIRMessagingAuthService.dia -c /Users/emanuelflury/Library/Developer/Xcode/DerivedData/TaxedGmbH_IOS-gerngfqzuwudosgobknlgtoawnlj/SourcePackages/checkouts/firebase-ios-sdk/FirebaseMessaging/Sources/Token/FIRMessagingAuthService.m -o /Users/emanuelflury/Library/Developer/Xcode/DerivedData/TaxedGmbH_IOS-gerngfqzuwudosgobknlgtoawnlj/Build/Intermediates.noindex/Firebase.build/Debug-iphoneos/FirebaseMessaging.build/Objects-normal/arm64/FIRMessagingAuthService.o -index-unit-output-path /Firebase.build/Debug-iphoneos/FirebaseMessaging.build/Objects-normal/arm64/FIRMessagingAuthService.o

ScanDependencies /Users/emanuelflury/Library/Developer/Xcode/DerivedData/TaxedGmbH_IOS-gerngfqzuwudosgobknlgtoawnlj/Build/Intermediates.noindex/Firebase.build/Debug-iphoneos/FirebaseMessaging.build/Objects-normal/arm64/FIRMessagingAuthKeychain.o /Users/emanuelflury/Library/Developer/Xcode/DerivedData/TaxedGmbH_IOS-gerngfqzuwudosgobknlgtoawnlj/SourcePackages/checkouts/firebase-ios-sdk/FirebaseMessaging/Sources/Token/FIRMessagingAuthKeychain.m normal arm64 objective-c com.apple.compilers.llvm.clang.1_0.compiler (in target 'FirebaseMessaging' from project 'Firebase')
    cd /Users/emanuelflury/github/TaxedGmbH_IOS/TaxedGmbH_IOS.xcodeproj
    
    Using response file: /Users/emanuelflury/Library/Developer/Xcode/DerivedData/TaxedGmbH_IOS-gerngfqzuwudosgobknlgtoawnlj/Build/Intermediates.noindex/Firebase.build/Debug-iphoneos/FirebaseMessaging.build/Objects-normal/arm64/e6072d4f65d7061329687fe24e3d63a7-common-args.resp
    
    builtin-ScanDependencies -o /Users/emanuelflury/Library/Developer/Xcode/DerivedData/TaxedGmbH_IOS-gerngfqzuwudosgobknlgtoawnlj/Build/Intermediates.noindex/Firebase.build/Debug-iphoneos/FirebaseMessaging.build/Objects-normal/arm64/FIRMessagingAuthKeychain.o.scan -- /Applications/Xcode.app/Contents/Developer/Toolchains/XcodeDefault.xctoolchain/usr/bin/clang -x objective-c -ivfsstatcache /Users/emanuelflury/Library/Developer/Xcode/DerivedData/SDKStatCaches.noindex/iphoneos26.1-23B77-69b33fc7382b27d9b5d46e82a00f8e78.sdkstatcache -fmessage-length\=0 -fdiagnostics-show-note-include-stack -fmacro-backtrace-limit\=0 -fno-color-diagnostics -fmodules-prune-interval\=86400 -fmodules-prune-after\=345600 -fbuild-session-file\=/Users/emanuelflury/Library/Developer/Xcode/DerivedData/ModuleCache.noindex/Session.modulevalidation -fmodules-validate-once-per-build-session -Wnon-modular-include-in-framework-module -Werror\=non-modular-include-in-framework-module -Wno-trigraphs -Wno-missing-field-initializers -Wno-missing-prototypes -Wno-return-type -Wno-implicit-atomic-properties -Wno-objc-interface-ivars -Wno-arc-repeated-use-of-weak -Wno-missing-braces -Wparentheses -Wswitch -Wno-unused-function -Wno-unused-label -Wno-unused-parameter -Wno-unused-variable -Wunused-value -Wno-empty-body -Wno-uninitialized -Wno-unknown-pragmas -w -Wno-shadow -Wno-four-char-constants -Wno-conversion -Wno-constant-conversion -Wno-int-conversion -Wno-bool-conversion -Wno-enum-conversion -Wno-float-conversion -Wno-non-literal-null-conversion -Wno-objc-literal-conversion -Wshorten-64-to-32 -Wpointer-sign -Wno-newline-eof -Wno-selector -Wno-strict-selector-match -Wno-undeclared-selector -Wno-deprecated-implementations -Wno-implicit-fallthrough -fstrict-aliasing -Wprotocol -Wdeprecated-declarations -Wno-sign-conversion -Wno-infinite-recursion -Wno-comma -Wno-block-capture-autoreleasing -Wno-strict-prototypes -Wno-semicolon-before-method-body -index-store-path /Users/emanuelflury/Library/Developer/Xcode/DerivedData/TaxedGmbH_IOS-gerngfqzuwudosgobknlgtoawnlj/Index.noindex/DataStore @/Users/emanuelflury/Library/Developer/Xcode/DerivedData/TaxedGmbH_IOS-gerngfqzuwudosgobknlgtoawnlj/Build/Intermediates.noindex/Firebase.build/Debug-iphoneos/FirebaseMessaging.build/Objects-normal/arm64/e6072d4f65d7061329687fe24e3d63a7-common-args.resp -include /Users/emanuelflury/Library/Developer/Xcode/DerivedData/TaxedGmbH_IOS-gerngfqzuwudosgobknlgtoawnlj/Build/Intermediates.noindex/Firebase.build/Debug-iphoneos/FirebaseMessaging.build/DerivedSources/resource_bundle_accessor.h -MMD -MT dependencies -MF /Users/emanuelflury/Library/Developer/Xcode/DerivedData/TaxedGmbH_IOS-gerngfqzuwudosgobknlgtoawnlj/Build/Intermediates.noindex/Firebase.build/Debug-iphoneos/FirebaseMessaging.build/Objects-normal/arm64/FIRMessagingAuthKeychain.d --serialize-diagnostics /Users/emanuelflury/Library/Developer/Xcode/DerivedData/TaxedGmbH_IOS-gerngfqzuwudosgobknlgtoawnlj/Build/Intermediates.noindex/Firebase.build/Debug-iphoneos/FirebaseMessaging.build/Objects-normal/arm64/FIRMessagingAuthKeychain.dia -c /Users/emanuelflury/Library/Developer/Xcode/DerivedData/TaxedGmbH_IOS-gerngfqzuwudosgobknlgtoawnlj/SourcePackages/checkouts/firebase-ios-sdk/FirebaseMessaging/Sources/Token/FIRMessagingAuthKeychain.m -o /Users/emanuelflury/Library/Developer/Xcode/DerivedData/TaxedGmbH_IOS-gerngfqzuwudosgobknlgtoawnlj/Build/Intermediates.noindex/Firebase.build/Debug-iphoneos/FirebaseMessaging.build/Objects-normal/arm64/FIRMessagingAuthKeychain.o -index-unit-output-path /Firebase.build/Debug-iphoneos/FirebaseMessaging.build/Objects-normal/arm64/FIRMessagingAuthKeychain.o

ScanDependencies /Users/emanuelflury/Library/Developer/Xcode/DerivedData/TaxedGmbH_IOS-gerngfqzuwudosgobknlgtoawnlj/Build/Intermediates.noindex/Firebase.build/Debug-iphoneos/FirebaseMessaging.build/Objects-normal/arm64/FIRMessagingAnalytics.o /Users/emanuelflury/Library/Developer/Xcode/DerivedData/TaxedGmbH_IOS-gerngfqzuwudosgobknlgtoawnlj/SourcePackages/checkouts/firebase-ios-sdk/FirebaseMessaging/Sources/FIRMessagingAnalytics.m normal arm64 objective-c com.apple.compilers.llvm.clang.1_0.compiler (in target 'FirebaseMessaging' from project 'Firebase')
    cd /Users/emanuelflury/github/TaxedGmbH_IOS/TaxedGmbH_IOS.xcodeproj
    
    Using response file: /Users/emanuelflury/Library/Developer/Xcode/DerivedData/TaxedGmbH_IOS-gerngfqzuwudosgobknlgtoawnlj/Build/Intermediates.noindex/Firebase.build/Debug-iphoneos/FirebaseMessaging.build/Objects-normal/arm64/e6072d4f65d7061329687fe24e3d63a7-common-args.resp
    
    builtin-ScanDependencies -o /Users/emanuelflury/Library/Developer/Xcode/DerivedData/TaxedGmbH_IOS-gerngfqzuwudosgobknlgtoawnlj/Build/Intermediates.noindex/Firebase.build/Debug-iphoneos/FirebaseMessaging.build/Objects-normal/arm64/FIRMessagingAnalytics.o.scan -- /Applications/Xcode.app/Contents/Developer/Toolchains/XcodeDefault.xctoolchain/usr/bin/clang -x objective-c -ivfsstatcache /Users/emanuelflury/Library/Developer/Xcode/DerivedData/SDKStatCaches.noindex/iphoneos26.1-23B77-69b33fc7382b27d9b5d46e82a00f8e78.sdkstatcache -fmessage-length\=0 -fdiagnostics-show-note-include-stack -fmacro-backtrace-limit\=0 -fno-color-diagnostics -fmodules-prune-interval\=86400 -fmodules-prune-after\=345600 -fbuild-session-file\=/Users/emanuelflury/Library/Developer/Xcode/DerivedData/ModuleCache.noindex/Session.modulevalidation -fmodules-validate-once-per-build-session -Wnon-modular-include-in-framework-module -Werror\=non-modular-include-in-framework-module -Wno-trigraphs -Wno-missing-field-initializers -Wno-missing-prototypes -Wno-return-type -Wno-implicit-atomic-properties -Wno-objc-interface-ivars -Wno-arc-repeated-use-of-weak -Wno-missing-braces -Wparentheses -Wswitch -Wno-unused-function -Wno-unused-label -Wno-unused-parameter -Wno-unused-variable -Wunused-value -Wno-empty-body -Wno-uninitialized -Wno-unknown-pragmas -w -Wno-shadow -Wno-four-char-constants -Wno-conversion -Wno-constant-conversion -Wno-int-conversion -Wno-bool-conversion -Wno-enum-conversion -Wno-float-conversion -Wno-non-literal-null-conversion -Wno-objc-literal-conversion -Wshorten-64-to-32 -Wpointer-sign -Wno-newline-eof -Wno-selector -Wno-strict-selector-match -Wno-undeclared-selector -Wno-deprecated-implementations -Wno-implicit-fallthrough -fstrict-aliasing -Wprotocol -Wdeprecated-declarations -Wno-sign-conversion -Wno-infinite-recursion -Wno-comma -Wno-block-capture-autoreleasing -Wno-strict-prototypes -Wno-semicolon-before-method-body -index-store-path /Users/emanuelflury/Library/Developer/Xcode/DerivedData/TaxedGmbH_IOS-gerngfqzuwudosgobknlgtoawnlj/Index.noindex/DataStore @/Users/emanuelflury/Library/Developer/Xcode/DerivedData/TaxedGmbH_IOS-gerngfqzuwudosgobknlgtoawnlj/Build/Intermediates.noindex/Firebase.build/Debug-iphoneos/FirebaseMessaging.build/Objects-normal/arm64/e6072d4f65d7061329687fe24e3d63a7-common-args.resp -include /Users/emanuelflury/Library/Developer/Xcode/DerivedData/TaxedGmbH_IOS-gerngfqzuwudosgobknlgtoawnlj/Build/Intermediates.noindex/Firebase.build/Debug-iphoneos/FirebaseMessaging.build/DerivedSources/resource_bundle_accessor.h -MMD -MT dependencies -MF /Users/emanuelflury/Library/Developer/Xcode/DerivedData/TaxedGmbH_IOS-gerngfqzuwudosgobknlgtoawnlj/Build/Intermediates.noindex/Firebase.build/Debug-iphoneos/FirebaseMessaging.build/Objects-normal/arm64/FIRMessagingAnalytics.d --serialize-diagnostics /Users/emanuelflury/Library/Developer/Xcode/DerivedData/TaxedGmbH_IOS-gerngfqzuwudosgobknlgtoawnlj/Build/Intermediates.noindex/Firebase.build/Debug-iphoneos/FirebaseMessaging.build/Objects-normal/arm64/FIRMessagingAnalytics.dia -c /Users/emanuelflury/Library/Developer/Xcode/DerivedData/TaxedGmbH_IOS-gerngfqzuwudosgobknlgtoawnlj/SourcePackages/checkouts/firebase-ios-sdk/FirebaseMessaging/Sources/FIRMessagingAnalytics.m -o /Users/emanuelflury/Library/Developer/Xcode/DerivedData/TaxedGmbH_IOS-gerngfqzuwudosgobknlgtoawnlj/Build/Intermediates.noindex/Firebase.build/Debug-iphoneos/FirebaseMessaging.build/Objects-normal/arm64/FIRMessagingAnalytics.o -index-unit-output-path /Firebase.build/Debug-iphoneos/FirebaseMessaging.build/Objects-normal/arm64/FIRMessagingAnalytics.o

ScanDependencies /Users/emanuelflury/Library/Developer/Xcode/DerivedData/TaxedGmbH_IOS-gerngfqzuwudosgobknlgtoawnlj/Build/Intermediates.noindex/Firebase.build/Debug-iphoneos/FirebaseMessaging.build/Objects-normal/arm64/FIRMessagingAPNSInfo.o /Users/emanuelflury/Library/Developer/Xcode/DerivedData/TaxedGmbH_IOS-gerngfqzuwudosgobknlgtoawnlj/SourcePackages/checkouts/firebase-ios-sdk/FirebaseMessaging/Sources/Token/FIRMessagingAPNSInfo.m normal arm64 objective-c com.apple.compilers.llvm.clang.1_0.compiler (in target 'FirebaseMessaging' from project 'Firebase')
    cd /Users/emanuelflury/github/TaxedGmbH_IOS/TaxedGmbH_IOS.xcodeproj
    
    Using response file: /Users/emanuelflury/Library/Developer/Xcode/DerivedData/TaxedGmbH_IOS-gerngfqzuwudosgobknlgtoawnlj/Build/Intermediates.noindex/Firebase.build/Debug-iphoneos/FirebaseMessaging.build/Objects-normal/arm64/e6072d4f65d7061329687fe24e3d63a7-common-args.resp
    
    builtin-ScanDependencies -o /Users/emanuelflury/Library/Developer/Xcode/DerivedData/TaxedGmbH_IOS-gerngfqzuwudosgobknlgtoawnlj/Build/Intermediates.noindex/Firebase.build/Debug-iphoneos/FirebaseMessaging.build/Objects-normal/arm64/FIRMessagingAPNSInfo.o.scan -- /Applications/Xcode.app/Contents/Developer/Toolchains/XcodeDefault.xctoolchain/usr/bin/clang -x objective-c -ivfsstatcache /Users/emanuelflury/Library/Developer/Xcode/DerivedData/SDKStatCaches.noindex/iphoneos26.1-23B77-69b33fc7382b27d9b5d46e82a00f8e78.sdkstatcache -fmessage-length\=0 -fdiagnostics-show-note-include-stack -fmacro-backtrace-limit\=0 -fno-color-diagnostics -fmodules-prune-interval\=86400 -fmodules-prune-after\=345600 -fbuild-session-file\=/Users/emanuelflury/Library/Developer/Xcode/DerivedData/ModuleCache.noindex/Session.modulevalidation -fmodules-validate-once-per-build-session -Wnon-modular-include-in-framework-module -Werror\=non-modular-include-in-framework-module -Wno-trigraphs -Wno-missing-field-initializers -Wno-missing-prototypes -Wno-return-type -Wno-implicit-atomic-properties -Wno-objc-interface-ivars -Wno-arc-repeated-use-of-weak -Wno-missing-braces -Wparentheses -Wswitch -Wno-unused-function -Wno-unused-label -Wno-unused-parameter -Wno-unused-variable -Wunused-value -Wno-empty-body -Wno-uninitialized -Wno-unknown-pragmas -w -Wno-shadow -Wno-four-char-constants -Wno-conversion -Wno-constant-conversion -Wno-int-conversion -Wno-bool-conversion -Wno-enum-conversion -Wno-float-conversion -Wno-non-literal-null-conversion -Wno-objc-literal-conversion -Wshorten-64-to-32 -Wpointer-sign -Wno-newline-eof -Wno-selector -Wno-strict-selector-match -Wno-undeclared-selector -Wno-deprecated-implementations -Wno-implicit-fallthrough -fstrict-aliasing -Wprotocol -Wdeprecated-declarations -Wno-sign-conversion -Wno-infinite-recursion -Wno-comma -Wno-block-capture-autoreleasing -Wno-strict-prototypes -Wno-semicolon-before-method-body -index-store-path /Users/emanuelflury/Library/Developer/Xcode/DerivedData/TaxedGmbH_IOS-gerngfqzuwudosgobknlgtoawnlj/Index.noindex/DataStore @/Users/emanuelflury/Library/Developer/Xcode/DerivedData/TaxedGmbH_IOS-gerngfqzuwudosgobknlgtoawnlj/Build/Intermediates.noindex/Firebase.build/Debug-iphoneos/FirebaseMessaging.build/Objects-normal/arm64/e6072d4f65d7061329687fe24e3d63a7-common-args.resp -include /Users/emanuelflury/Library/Developer/Xcode/DerivedData/TaxedGmbH_IOS-gerngfqzuwudosgobknlgtoawnlj/Build/Intermediates.noindex/Firebase.build/Debug-iphoneos/FirebaseMessaging.build/DerivedSources/resource_bundle_accessor.h -MMD -MT dependencies -MF /Users/emanuelflury/Library/Developer/Xcode/DerivedData/TaxedGmbH_IOS-gerngfqzuwudosgobknlgtoawnlj/Build/Intermediates.noindex/Firebase.build/Debug-iphoneos/FirebaseMessaging.build/Objects-normal/arm64/FIRMessagingAPNSInfo.d --serialize-diagnostics /Users/emanuelflury/Library/Developer/Xcode/DerivedData/TaxedGmbH_IOS-gerngfqzuwudosgobknlgtoawnlj/Build/Intermediates.noindex/Firebase.build/Debug-iphoneos/FirebaseMessaging.build/Objects-normal/arm64/FIRMessagingAPNSInfo.dia -c /Users/emanuelflury/Library/Developer/Xcode/DerivedData/TaxedGmbH_IOS-gerngfqzuwudosgobknlgtoawnlj/SourcePackages/checkouts/firebase-ios-sdk/FirebaseMessaging/Sources/Token/FIRMessagingAPNSInfo.m -o /Users/emanuelflury/Library/Developer/Xcode/DerivedData/TaxedGmbH_IOS-gerngfqzuwudosgobknlgtoawnlj/Build/Intermediates.noindex/Firebase.build/Debug-iphoneos/FirebaseMessaging.build/Objects-normal/arm64/FIRMessagingAPNSInfo.o -index-unit-output-path /Firebase.build/Debug-iphoneos/FirebaseMessaging.build/Objects-normal/arm64/FIRMessagingAPNSInfo.o

SwiftDriverJobDiscovery normal arm64 Compiling StorageConstants.swift, StorageDownloadTask.swift (in target 'FirebaseStorage' from project 'Firebase')

ScanDependencies /Users/emanuelflury/Library/Developer/Xcode/DerivedData/TaxedGmbH_IOS-gerngfqzuwudosgobknlgtoawnlj/Build/Intermediates.noindex/Firebase.build/Debug-iphoneos/FirebaseMessaging.build/Objects-normal/arm64/FIRMessaging.o /Users/emanuelflury/Library/Developer/Xcode/DerivedData/TaxedGmbH_IOS-gerngfqzuwudosgobknlgtoawnlj/SourcePackages/checkouts/firebase-ios-sdk/FirebaseMessaging/Sources/FIRMessaging.m normal arm64 objective-c com.apple.compilers.llvm.clang.1_0.compiler (in target 'FirebaseMessaging' from project 'Firebase')
    cd /Users/emanuelflury/github/TaxedGmbH_IOS/TaxedGmbH_IOS.xcodeproj
    
    Using response file: /Users/emanuelflury/Library/Developer/Xcode/DerivedData/TaxedGmbH_IOS-gerngfqzuwudosgobknlgtoawnlj/Build/Intermediates.noindex/Firebase.build/Debug-iphoneos/FirebaseMessaging.build/Objects-normal/arm64/e6072d4f65d7061329687fe24e3d63a7-common-args.resp
    
    builtin-ScanDependencies -o /Users/emanuelflury/Library/Developer/Xcode/DerivedData/TaxedGmbH_IOS-gerngfqzuwudosgobknlgtoawnlj/Build/Intermediates.noindex/Firebase.build/Debug-iphoneos/FirebaseMessaging.build/Objects-normal/arm64/FIRMessaging.o.scan -- /Applications/Xcode.app/Contents/Developer/Toolchains/XcodeDefault.xctoolchain/usr/bin/clang -x objective-c -ivfsstatcache /Users/emanuelflury/Library/Developer/Xcode/DerivedData/SDKStatCaches.noindex/iphoneos26.1-23B77-69b33fc7382b27d9b5d46e82a00f8e78.sdkstatcache -fmessage-length\=0 -fdiagnostics-show-note-include-stack -fmacro-backtrace-limit\=0 -fno-color-diagnostics -fmodules-prune-interval\=86400 -fmodules-prune-after\=345600 -fbuild-session-file\=/Users/emanuelflury/Library/Developer/Xcode/DerivedData/ModuleCache.noindex/Session.modulevalidation -fmodules-validate-once-per-build-session -Wnon-modular-include-in-framework-module -Werror\=non-modular-include-in-framework-module -Wno-trigraphs -Wno-missing-field-initializers -Wno-missing-prototypes -Wno-return-type -Wno-implicit-atomic-properties -Wno-objc-interface-ivars -Wno-arc-repeated-use-of-weak -Wno-missing-braces -Wparentheses -Wswitch -Wno-unused-function -Wno-unused-label -Wno-unused-parameter -Wno-unused-variable -Wunused-value -Wno-empty-body -Wno-uninitialized -Wno-unknown-pragmas -w -Wno-shadow -Wno-four-char-constants -Wno-conversion -Wno-constant-conversion -Wno-int-conversion -Wno-bool-conversion -Wno-enum-conversion -Wno-float-conversion -Wno-non-literal-null-conversion -Wno-objc-literal-conversion -Wshorten-64-to-32 -Wpointer-sign -Wno-newline-eof -Wno-selector -Wno-strict-selector-match -Wno-undeclared-selector -Wno-deprecated-implementations -Wno-implicit-fallthrough -fstrict-aliasing -Wprotocol -Wdeprecated-declarations -Wno-sign-conversion -Wno-infinite-recursion -Wno-comma -Wno-block-capture-autoreleasing -Wno-strict-prototypes -Wno-semicolon-before-method-body -index-store-path /Users/emanuelflury/Library/Developer/Xcode/DerivedData/TaxedGmbH_IOS-gerngfqzuwudosgobknlgtoawnlj/Index.noindex/DataStore @/Users/emanuelflury/Library/Developer/Xcode/DerivedData/TaxedGmbH_IOS-gerngfqzuwudosgobknlgtoawnlj/Build/Intermediates.noindex/Firebase.build/Debug-iphoneos/FirebaseMessaging.build/Objects-normal/arm64/e6072d4f65d7061329687fe24e3d63a7-common-args.resp -include /Users/emanuelflury/Library/Developer/Xcode/DerivedData/TaxedGmbH_IOS-gerngfqzuwudosgobknlgtoawnlj/Build/Intermediates.noindex/Firebase.build/Debug-iphoneos/FirebaseMessaging.build/DerivedSources/resource_bundle_accessor.h -MMD -MT dependencies -MF /Users/emanuelflury/Library/Developer/Xcode/DerivedData/TaxedGmbH_IOS-gerngfqzuwudosgobknlgtoawnlj/Build/Intermediates.noindex/Firebase.build/Debug-iphoneos/FirebaseMessaging.build/Objects-normal/arm64/FIRMessaging.d --serialize-diagnostics /Users/emanuelflury/Library/Developer/Xcode/DerivedData/TaxedGmbH_IOS-gerngfqzuwudosgobknlgtoawnlj/Build/Intermediates.noindex/Firebase.build/Debug-iphoneos/FirebaseMessaging.build/Objects-normal/arm64/FIRMessaging.dia -c /Users/emanuelflury/Library/Developer/Xcode/DerivedData/TaxedGmbH_IOS-gerngfqzuwudosgobknlgtoawnlj/SourcePackages/checkouts/firebase-ios-sdk/FirebaseMessaging/Sources/FIRMessaging.m -o /Users/emanuelflury/Library/Developer/Xcode/DerivedData/TaxedGmbH_IOS-gerngfqzuwudosgobknlgtoawnlj/Build/Intermediates.noindex/Firebase.build/Debug-iphoneos/FirebaseMessaging.build/Objects-normal/arm64/FIRMessaging.o -index-unit-output-path /Firebase.build/Debug-iphoneos/FirebaseMessaging.build/Objects-normal/arm64/FIRMessaging.o

ScanDependencies /Users/emanuelflury/Library/Developer/Xcode/DerivedData/TaxedGmbH_IOS-gerngfqzuwudosgobknlgtoawnlj/Build/Intermediates.noindex/Firebase.build/Debug-iphoneos/FirebaseMessaging.build/Objects-normal/arm64/FIRMessaging+ExtensionHelper.o /Users/emanuelflury/Library/Developer/Xcode/DerivedData/TaxedGmbH_IOS-gerngfqzuwudosgobknlgtoawnlj/SourcePackages/checkouts/firebase-ios-sdk/FirebaseMessaging/Sources/FIRMessaging+ExtensionHelper.m normal arm64 objective-c com.apple.compilers.llvm.clang.1_0.compiler (in target 'FirebaseMessaging' from project 'Firebase')
    cd /Users/emanuelflury/github/TaxedGmbH_IOS/TaxedGmbH_IOS.xcodeproj
    
    Using response file: /Users/emanuelflury/Library/Developer/Xcode/DerivedData/TaxedGmbH_IOS-gerngfqzuwudosgobknlgtoawnlj/Build/Intermediates.noindex/Firebase.build/Debug-iphoneos/FirebaseMessaging.build/Objects-normal/arm64/e6072d4f65d7061329687fe24e3d63a7-common-args.resp
    
    builtin-ScanDependencies -o /Users/emanuelflury/Library/Developer/Xcode/DerivedData/TaxedGmbH_IOS-gerngfqzuwudosgobknlgtoawnlj/Build/Intermediates.noindex/Firebase.build/Debug-iphoneos/FirebaseMessaging.build/Objects-normal/arm64/FIRMessaging+ExtensionHelper.o.scan -- /Applications/Xcode.app/Contents/Developer/Toolchains/XcodeDefault.xctoolchain/usr/bin/clang -x objective-c -ivfsstatcache /Users/emanuelflury/Library/Developer/Xcode/DerivedData/SDKStatCaches.noindex/iphoneos26.1-23B77-69b33fc7382b27d9b5d46e82a00f8e78.sdkstatcache -fmessage-length\=0 -fdiagnostics-show-note-include-stack -fmacro-backtrace-limit\=0 -fno-color-diagnostics -fmodules-prune-interval\=86400 -fmodules-prune-after\=345600 -fbuild-session-file\=/Users/emanuelflury/Library/Developer/Xcode/DerivedData/ModuleCache.noindex/Session.modulevalidation -fmodules-validate-once-per-build-session -Wnon-modular-include-in-framework-module -Werror\=non-modular-include-in-framework-module -Wno-trigraphs -Wno-missing-field-initializers -Wno-missing-prototypes -Wno-return-type -Wno-implicit-atomic-properties -Wno-objc-interface-ivars -Wno-arc-repeated-use-of-weak -Wno-missing-braces -Wparentheses -Wswitch -Wno-unused-function -Wno-unused-label -Wno-unused-parameter -Wno-unused-variable -Wunused-value -Wno-empty-body -Wno-uninitialized -Wno-unknown-pragmas -w -Wno-shadow -Wno-four-char-constants -Wno-conversion -Wno-constant-conversion -Wno-int-conversion -Wno-bool-conversion -Wno-enum-conversion -Wno-float-conversion -Wno-non-literal-null-conversion -Wno-objc-literal-conversion -Wshorten-64-to-32 -Wpointer-sign -Wno-newline-eof -Wno-selector -Wno-strict-selector-match -Wno-undeclared-selector -Wno-deprecated-implementations -Wno-implicit-fallthrough -fstrict-aliasing -Wprotocol -Wdeprecated-declarations -Wno-sign-conversion -Wno-infinite-recursion -Wno-comma -Wno-block-capture-autoreleasing -Wno-strict-prototypes -Wno-semicolon-before-method-body -index-store-path /Users/emanuelflury/Library/Developer/Xcode/DerivedData/TaxedGmbH_IOS-gerngfqzuwudosgobknlgtoawnlj/Index.noindex/DataStore @/Users/emanuelflury/Library/Developer/Xcode/DerivedData/TaxedGmbH_IOS-gerngfqzuwudosgobknlgtoawnlj/Build/Intermediates.noindex/Firebase.build/Debug-iphoneos/FirebaseMessaging.build/Objects-normal/arm64/e6072d4f65d7061329687fe24e3d63a7-common-args.resp -include /Users/emanuelflury/Library/Developer/Xcode/DerivedData/TaxedGmbH_IOS-gerngfqzuwudosgobknlgtoawnlj/Build/Intermediates.noindex/Firebase.build/Debug-iphoneos/FirebaseMessaging.build/DerivedSources/resource_bundle_accessor.h -MMD -MT dependencies -MF /Users/emanuelflury/Library/Developer/Xcode/DerivedData/TaxedGmbH_IOS-gerngfqzuwudosgobknlgtoawnlj/Build/Intermediates.noindex/Firebase.build/Debug-iphoneos/FirebaseMessaging.build/Objects-normal/arm64/FIRMessaging+ExtensionHelper.d --serialize-diagnostics /Users/emanuelflury/Library/Developer/Xcode/DerivedData/TaxedGmbH_IOS-gerngfqzuwudosgobknlgtoawnlj/Build/Intermediates.noindex/Firebase.build/Debug-iphoneos/FirebaseMessaging.build/Objects-normal/arm64/FIRMessaging+ExtensionHelper.dia -c /Users/emanuelflury/Library/Developer/Xcode/DerivedData/TaxedGmbH_IOS-gerngfqzuwudosgobknlgtoawnlj/SourcePackages/checkouts/firebase-ios-sdk/FirebaseMessaging/Sources/FIRMessaging+ExtensionHelper.m -o /Users/emanuelflury/Library/Developer/Xcode/DerivedData/TaxedGmbH_IOS-gerngfqzuwudosgobknlgtoawnlj/Build/Intermediates.noindex/Firebase.build/Debug-iphoneos/FirebaseMessaging.build/Objects-normal/arm64/FIRMessaging+ExtensionHelper.o -index-unit-output-path /Firebase.build/Debug-iphoneos/FirebaseMessaging.build/Objects-normal/arm64/FIRMessaging+ExtensionHelper.o

PrecompileModule /Users/emanuelflury/Library/Developer/Xcode/DerivedData/TaxedGmbH_IOS-gerngfqzuwudosgobknlgtoawnlj/Build/Intermediates.noindex/ExplicitPrecompiledModules/Foundation-A4OMBIJ7TBZQ1KR19T1IUFEY4.scan
    cd /
    builtin-precompileModule /Users/emanuelflury/Library/Developer/Xcode/DerivedData/TaxedGmbH_IOS-gerngfqzuwudosgobknlgtoawnlj/Build/Intermediates.noindex/ExplicitPrecompiledModules/Foundation-A4OMBIJ7TBZQ1KR19T1IUFEY4.scan

PrecompileModule /Users/emanuelflury/Library/Developer/Xcode/DerivedData/TaxedGmbH_IOS-gerngfqzuwudosgobknlgtoawnlj/Build/Intermediates.noindex/ExplicitPrecompiledModules/CoreText-6YQSJ0JD70VKLVBO2X407ZRRQ.scan
    cd /
    builtin-precompileModule /Users/emanuelflury/Library/Developer/Xcode/DerivedData/TaxedGmbH_IOS-gerngfqzuwudosgobknlgtoawnlj/Build/Intermediates.noindex/ExplicitPrecompiledModules/CoreText-6YQSJ0JD70VKLVBO2X407ZRRQ.scan

PrecompileModule /Users/emanuelflury/Library/Developer/Xcode/DerivedData/TaxedGmbH_IOS-gerngfqzuwudosgobknlgtoawnlj/Build/Intermediates.noindex/ExplicitPrecompiledModules/ImageIO-9H2G7ZDMK5WUSJ85I208X21Y3.scan
    cd /
    builtin-precompileModule /Users/emanuelflury/Library/Developer/Xcode/DerivedData/TaxedGmbH_IOS-gerngfqzuwudosgobknlgtoawnlj/Build/Intermediates.noindex/ExplicitPrecompiledModules/ImageIO-9H2G7ZDMK5WUSJ85I208X21Y3.scan

RegisterExecutionPolicyException /Users/emanuelflury/Library/Developer/Xcode/DerivedData/TaxedGmbH_IOS-gerngfqzuwudosgobknlgtoawnlj/Build/Products/Debug-iphoneos/GoogleUtilities-Environment.o (in target 'GoogleUtilities-Environment' from project 'GoogleUtilities')
    cd /Users/emanuelflury/Library/Developer/Xcode/DerivedData/TaxedGmbH_IOS-gerngfqzuwudosgobknlgtoawnlj/SourcePackages/checkouts/GoogleUtilities
    builtin-RegisterExecutionPolicyException /Users/emanuelflury/Library/Developer/Xcode/DerivedData/TaxedGmbH_IOS-gerngfqzuwudosgobknlgtoawnlj/Build/Products/Debug-iphoneos/GoogleUtilities-Environment.o

RegisterExecutionPolicyException /Users/emanuelflury/Library/Developer/Xcode/DerivedData/TaxedGmbH_IOS-gerngfqzuwudosgobknlgtoawnlj/Build/Products/Debug-iphoneos/GTMSessionFetcherCore.o (in target 'GTMSessionFetcherCore' from project 'GTMSessionFetcher')
    cd /Users/emanuelflury/Library/Developer/Xcode/DerivedData/TaxedGmbH_IOS-gerngfqzuwudosgobknlgtoawnlj/SourcePackages/checkouts/gtm-session-fetcher
    builtin-RegisterExecutionPolicyException /Users/emanuelflury/Library/Developer/Xcode/DerivedData/TaxedGmbH_IOS-gerngfqzuwudosgobknlgtoawnlj/Build/Products/Debug-iphoneos/GTMSessionFetcherCore.o

Ld /Users/emanuelflury/Library/Developer/Xcode/DerivedData/TaxedGmbH_IOS-gerngfqzuwudosgobknlgtoawnlj/Build/Products/Debug-iphoneos/GoogleUtilities-Logger.o normal (in target 'GoogleUtilities-Logger' from project 'GoogleUtilities')
    cd /Users/emanuelflury/Library/Developer/Xcode/DerivedData/TaxedGmbH_IOS-gerngfqzuwudosgobknlgtoawnlj/SourcePackages/checkouts/GoogleUtilities
    /Applications/Xcode.app/Contents/Developer/Toolchains/XcodeDefault.xctoolchain/usr/bin/clang -Xlinker -reproducible -target arm64-apple-ios12.0 -r -isysroot /Applications/Xcode.app/Contents/Developer/Platforms/iPhoneOS.platform/Developer/SDKs/iPhoneOS26.1.sdk -O0 -w -L/Users/emanuelflury/Library/Developer/Xcode/DerivedData/TaxedGmbH_IOS-gerngfqzuwudosgobknlgtoawnlj/Build/Intermediates.noindex/EagerLinkingTBDs/Debug-iphoneos -L/Users/emanuelflury/Library/Developer/Xcode/DerivedData/TaxedGmbH_IOS-gerngfqzuwudosgobknlgtoawnlj/Build/Products/Debug-iphoneos -L/Applications/Xcode.app/Contents/Developer/Platforms/iPhoneOS.platform/Developer/usr/lib -F/Users/emanuelflury/Library/Developer/Xcode/DerivedData/TaxedGmbH_IOS-gerngfqzuwudosgobknlgtoawnlj/Build/Intermediates.noindex/EagerLinkingTBDs/Debug-iphoneos -F/Users/emanuelflury/Library/Developer/Xcode/DerivedData/TaxedGmbH_IOS-gerngfqzuwudosgobknlgtoawnlj/Build/Products/Debug-iphoneos/PackageFrameworks -F/Users/emanuelflury/Library/Developer/Xcode/DerivedData/TaxedGmbH_IOS-gerngfqzuwudosgobknlgtoawnlj/Build/Products/Debug-iphoneos/PackageFrameworks -F/Users/emanuelflury/Library/Developer/Xcode/DerivedData/TaxedGmbH_IOS-gerngfqzuwudosgobknlgtoawnlj/Build/Products/Debug-iphoneos -iframework /Applications/Xcode.app/Contents/Developer/Platforms/iPhoneOS.platform/Developer/Library/Frameworks -iframework /Applications/Xcode.app/Contents/Developer/Platforms/iPhoneOS.platform/Developer/SDKs/iPhoneOS26.1.sdk/Developer/Library/Frameworks -filelist /Users/emanuelflury/Library/Developer/Xcode/DerivedData/TaxedGmbH_IOS-gerngfqzuwudosgobknlgtoawnlj/Build/Intermediates.noindex/GoogleUtilities.build/Debug-iphoneos/GoogleUtilities-Logger.build/Objects-normal/arm64/GoogleUtilities-Logger.LinkFileList -nostdlib -Xlinker -object_path_lto -Xlinker /Users/emanuelflury/Library/Developer/Xcode/DerivedData/TaxedGmbH_IOS-gerngfqzuwudosgobknlgtoawnlj/Build/Intermediates.noindex/GoogleUtilities.build/Debug-iphoneos/GoogleUtilities-Logger.build/Objects-normal/arm64/GoogleUtilities-Logger_lto.o -rdynamic -Xlinker -no_deduplicate -Xlinker -debug_variant -Xlinker -dependency_info -Xlinker /Users/emanuelflury/Library/Developer/Xcode/DerivedData/TaxedGmbH_IOS-gerngfqzuwudosgobknlgtoawnlj/Build/Intermediates.noindex/GoogleUtilities.build/Debug-iphoneos/GoogleUtilities-Logger.build/Objects-normal/arm64/GoogleUtilities-Logger_dependency_info.dat -fobjc-arc -fobjc-link-runtime -o /Users/emanuelflury/Library/Developer/Xcode/DerivedData/TaxedGmbH_IOS-gerngfqzuwudosgobknlgtoawnlj/Build/Products/Debug-iphoneos/GoogleUtilities-Logger.o

ExtractAppIntentsMetadata (in target 'FirebaseCoreInternal' from project 'Firebase')
    cd /Users/emanuelflury/Library/Developer/Xcode/DerivedData/TaxedGmbH_IOS-gerngfqzuwudosgobknlgtoawnlj/SourcePackages/checkouts/firebase-ios-sdk
    /Applications/Xcode.app/Contents/Developer/Toolchains/XcodeDefault.xctoolchain/usr/bin/appintentsmetadataprocessor --toolchain-dir /Applications/Xcode.app/Contents/Developer/Toolchains/XcodeDefault.xctoolchain --module-name FirebaseCoreInternal --sdk-root /Applications/Xcode.app/Contents/Developer/Platforms/iPhoneOS.platform/Developer/SDKs/iPhoneOS26.1.sdk --xcode-version 17B55 --platform-family iOS --deployment-target 15.0 --bundle-identifier firebase-ios-sdk.FirebaseCoreInternal --output /Users/emanuelflury/Library/Developer/Xcode/DerivedData/TaxedGmbH_IOS-gerngfqzuwudosgobknlgtoawnlj/Build/Products/Debug-iphoneos/FirebaseCoreInternal.appintents --target-triple arm64-apple-ios15.0 --binary-file /Users/emanuelflury/Library/Developer/Xcode/DerivedData/TaxedGmbH_IOS-gerngfqzuwudosgobknlgtoawnlj/Build/Products/Debug-iphoneos/FirebaseCoreInternal.o --dependency-file /Users/emanuelflury/Library/Developer/Xcode/DerivedData/TaxedGmbH_IOS-gerngfqzuwudosgobknlgtoawnlj/Build/Intermediates.noindex/Firebase.build/Debug-iphoneos/FirebaseCoreInternal.build/Objects-normal/arm64/FirebaseCoreInternal_dependency_info.dat --stringsdata-file /Users/emanuelflury/Library/Developer/Xcode/DerivedData/TaxedGmbH_IOS-gerngfqzuwudosgobknlgtoawnlj/Build/Intermediates.noindex/Firebase.build/Debug-iphoneos/FirebaseCoreInternal.build/Objects-normal/arm64/ExtractedAppShortcutsMetadata.stringsdata --source-file-list /Users/emanuelflury/Library/Developer/Xcode/DerivedData/TaxedGmbH_IOS-gerngfqzuwudosgobknlgtoawnlj/Build/Intermediates.noindex/Firebase.build/Debug-iphoneos/FirebaseCoreInternal.build/Objects-normal/arm64/FirebaseCoreInternal.SwiftFileList --metadata-file-list /Users/emanuelflury/Library/Developer/Xcode/DerivedData/TaxedGmbH_IOS-gerngfqzuwudosgobknlgtoawnlj/Build/Intermediates.noindex/Firebase.build/Debug-iphoneos/FirebaseCoreInternal.build/FirebaseCoreInternal.DependencyMetadataFileList --static-metadata-file-list /Users/emanuelflury/Library/Developer/Xcode/DerivedData/TaxedGmbH_IOS-gerngfqzuwudosgobknlgtoawnlj/Build/Intermediates.noindex/Firebase.build/Debug-iphoneos/FirebaseCoreInternal.build/FirebaseCoreInternal.DependencyStaticMetadataFileList --swift-const-vals-list /Users/emanuelflury/Library/Developer/Xcode/DerivedData/TaxedGmbH_IOS-gerngfqzuwudosgobknlgtoawnlj/Build/Intermediates.noindex/Firebase.build/Debug-iphoneos/FirebaseCoreInternal.build/Objects-normal/arm64/FirebaseCoreInternal.SwiftConstValuesFileList --force --compile-time-extraction --deployment-aware-processing --validate-assistant-intents --no-app-shortcuts-localization
2025-12-04 19:37:37.891 appintentsmetadataprocessor[95622:1037532] Starting appintentsmetadataprocessor export
2025-12-04 19:37:38.365 appintentsmetadataprocessor[95622:1037532] Extracted no relevant App Intents symbols, skipping writing output

SwiftDriver FirebaseFunctions normal arm64 com.apple.xcode.tools.swift.compiler (in target 'FirebaseFunctions' from project 'Firebase')
    cd /Users/emanuelflury/github/TaxedGmbH_IOS/TaxedGmbH_IOS.xcodeproj
    builtin-SwiftDriver -- /Applications/Xcode.app/Contents/Developer/Toolchains/XcodeDefault.xctoolchain/usr/bin/swiftc -module-name FirebaseFunctions -Onone -enforce-exclusivity\=checked @/Users/emanuelflury/Library/Developer/Xcode/DerivedData/TaxedGmbH_IOS-gerngfqzuwudosgobknlgtoawnlj/Build/Intermediates.noindex/Firebase.build/Debug-iphoneos/FirebaseFunctions.build/Objects-normal/arm64/FirebaseFunctions.SwiftFileList -DSWIFT_PACKAGE -DDEBUG -DSWIFT_MODULE_RESOURCE_BUNDLE_UNAVAILABLE -Xcc -fmodule-map-file\=/Users/emanuelflury/Library/Developer/Xcode/DerivedData/TaxedGmbH_IOS-gerngfqzuwudosgobknlgtoawnlj/Build/Intermediates.noindex/GeneratedModuleMaps-iphoneos/GoogleUtilities-NSData.modulemap -Xcc -fmodule-map-file\=/Users/emanuelflury/Library/Developer/Xcode/DerivedData/TaxedGmbH_IOS-gerngfqzuwudosgobknlgtoawnlj/Build/Intermediates.noindex/GeneratedModuleMaps-iphoneos/GoogleUtilities-Environment.modulemap -Xcc -fmodule-map-file\=/Users/emanuelflury/Library/Developer/Xcode/DerivedData/TaxedGmbH_IOS-gerngfqzuwudosgobknlgtoawnlj/Build/Intermediates.noindex/GeneratedModuleMaps-iphoneos/third-party-IsAppEncrypted.modulemap -Xcc -fmodule-map-file\=/Users/emanuelflury/Library/Developer/Xcode/DerivedData/TaxedGmbH_IOS-gerngfqzuwudosgobknlgtoawnlj/Build/Intermediates.noindex/GeneratedModuleMaps-iphoneos/GoogleUtilities-Logger.modulemap -Xcc -fmodule-map-file\=/Users/emanuelflury/Library/Developer/Xcode/DerivedData/TaxedGmbH_IOS-gerngfqzuwudosgobknlgtoawnlj/Build/Intermediates.noindex/GeneratedModuleMaps-iphoneos/GTMSessionFetcherCore.modulemap -Xcc -fmodule-map-file\=/Users/emanuelflury/Library/Developer/Xcode/DerivedData/TaxedGmbH_IOS-gerngfqzuwudosgobknlgtoawnlj/Build/Intermediates.noindex/GeneratedModuleMaps-iphoneos/FirebaseMessagingInterop.modulemap -Xcc -fmodule-map-file\=/Users/emanuelflury/Library/Developer/Xcode/DerivedData/TaxedGmbH_IOS-gerngfqzuwudosgobknlgtoawnlj/Build/Intermediates.noindex/GeneratedModuleMaps-iphoneos/FirebaseCoreExtension.modulemap -Xcc -fmodule-map-file\=/Users/emanuelflury/Library/Developer/Xcode/DerivedData/TaxedGmbH_IOS-gerngfqzuwudosgobknlgtoawnlj/Build/Intermediates.noindex/GeneratedModuleMaps-iphoneos/FirebaseCore.modulemap -Xcc -fmodule-map-file\=/Users/emanuelflury/Library/Developer/Xcode/DerivedData/TaxedGmbH_IOS-gerngfqzuwudosgobknlgtoawnlj/Build/Intermediates.noindex/GeneratedModuleMaps-iphoneos/FirebaseAuthInterop.modulemap -Xcc -fmodule-map-file\=/Users/emanuelflury/Library/Developer/Xcode/DerivedData/TaxedGmbH_IOS-gerngfqzuwudosgobknlgtoawnlj/Build/Intermediates.noindex/GeneratedModuleMaps-iphoneos/FirebaseAppCheckInterop.modulemap -DXcode -plugin-path /Applications/Xcode.app/Contents/Developer/Toolchains/XcodeDefault.xctoolchain/usr/lib/swift/host/plugins/testing -enable-experimental-feature DebugDescriptionMacro -sdk /Applications/Xcode.app/Contents/Developer/Platforms/iPhoneOS.platform/Developer/SDKs/iPhoneOS26.1.sdk -target arm64-apple-ios15.0 -g -module-cache-path /Users/emanuelflury/Library/Developer/Xcode/DerivedData/ModuleCache.noindex -Xfrontend -serialize-debugging-options -profile-coverage-mapping -profile-generate -enable-testing -suppress-warnings -index-store-path /Users/emanuelflury/Library/Developer/Xcode/DerivedData/TaxedGmbH_IOS-gerngfqzuwudosgobknlgtoawnlj/Index.noindex/DataStore -Xcc -D_LIBCPP_HARDENING_MODE\=_LIBCPP_HARDENING_MODE_DEBUG -swift-version 6 -I /Users/emanuelflury/Library/Developer/Xcode/DerivedData/TaxedGmbH_IOS-gerngfqzuwudosgobknlgtoawnlj/Build/Products/Debug-iphoneos -Isystem /Applications/Xcode.app/Contents/Developer/Platforms/iPhoneOS.platform/Developer/usr/lib -F /Users/emanuelflury/Library/Developer/Xcode/DerivedData/TaxedGmbH_IOS-gerngfqzuwudosgobknlgtoawnlj/Build/Products/Debug-iphoneos/PackageFrameworks -F /Users/emanuelflury/Library/Developer/Xcode/DerivedData/TaxedGmbH_IOS-gerngfqzuwudosgobknlgtoawnlj/Build/Products/Debug-iphoneos/PackageFrameworks -F /Users/emanuelflury/Library/Developer/Xcode/DerivedData/TaxedGmbH_IOS-gerngfqzuwudosgobknlgtoawnlj/Build/Products/Debug-iphoneos/PackageFrameworks -F /Users/emanuelflury/Library/Developer/Xcode/DerivedData/TaxedGmbH_IOS-gerngfqzuwudosgobknlgtoawnlj/Build/Products/Debug-iphoneos/PackageFrameworks -F /Users/emanuelflury/Library/Developer/Xcode/DerivedData/TaxedGmbH_IOS-gerngfqzuwudosgobknlgtoawnlj/Build/Products/Debug-iphoneos/PackageFrameworks -F /Users/emanuelflury/Library/Developer/Xcode/DerivedData/TaxedGmbH_IOS-gerngfqzuwudosgobknlgtoawnlj/Build/Products/Debug-iphoneos/PackageFrameworks -F /Users/emanuelflury/Library/Developer/Xcode/DerivedData/TaxedGmbH_IOS-gerngfqzuwudosgobknlgtoawnlj/Build/Products/Debug-iphoneos/PackageFrameworks -F /Users/emanuelflury/Library/Developer/Xcode/DerivedData/TaxedGmbH_IOS-gerngfqzuwudosgobknlgtoawnlj/Build/Products/Debug-iphoneos/PackageFrameworks -F /Users/emanuelflury/Library/Developer/Xcode/DerivedData/TaxedGmbH_IOS-gerngfqzuwudosgobknlgtoawnlj/Build/Products/Debug-iphoneos/PackageFrameworks -F /Users/emanuelflury/Library/Developer/Xcode/DerivedData/TaxedGmbH_IOS-gerngfqzuwudosgobknlgtoawnlj/Build/Products/Debug-iphoneos/PackageFrameworks -F /Users/emanuelflury/Library/Developer/Xcode/DerivedData/TaxedGmbH_IOS-gerngfqzuwudosgobknlgtoawnlj/Build/Products/Debug-iphoneos/PackageFrameworks -F /Users/emanuelflury/Library/Developer/Xcode/DerivedData/TaxedGmbH_IOS-gerngfqzuwudosgobknlgtoawnlj/Build/Products/Debug-iphoneos/PackageFrameworks -F /Users/emanuelflury/Library/Developer/Xcode/DerivedData/TaxedGmbH_IOS-gerngfqzuwudosgobknlgtoawnlj/Build/Products/Debug-iphoneos/PackageFrameworks -F /Users/emanuelflury/Library/Developer/Xcode/DerivedData/TaxedGmbH_IOS-gerngfqzuwudosgobknlgtoawnlj/Build/Products/Debug-iphoneos -F /Applications/Xcode.app/Contents/Developer/Platforms/iPhoneOS.platform/Developer/Library/Frameworks -F /Applications/Xcode.app/Contents/Developer/Platforms/iPhoneOS.platform/Developer/SDKs/iPhoneOS26.1.sdk/Developer/Library/Frameworks -c -j12 -enable-batch-mode -incremental -Xcc -ivfsstatcache -Xcc /Users/emanuelflury/Library/Developer/Xcode/DerivedData/SDKStatCaches.noindex/iphoneos26.1-23B77-69b33fc7382b27d9b5d46e82a00f8e78.sdkstatcache -output-file-map /Users/emanuelflury/Library/Developer/Xcode/DerivedData/TaxedGmbH_IOS-gerngfqzuwudosgobknlgtoawnlj/Build/Intermediates.noindex/Firebase.build/Debug-iphoneos/FirebaseFunctions.build/Objects-normal/arm64/FirebaseFunctions-OutputFileMap.json -use-frontend-parseable-output -save-temps -no-color-diagnostics -explicit-module-build -module-cache-path /Users/emanuelflury/Library/Developer/Xcode/DerivedData/TaxedGmbH_IOS-gerngfqzuwudosgobknlgtoawnlj/Build/Intermediates.noindex/SwiftExplicitPrecompiledModules -clang-scanner-module-cache-path /Users/emanuelflury/Library/Developer/Xcode/DerivedData/ModuleCache.noindex -sdk-module-cache-path /Users/emanuelflury/Library/Developer/Xcode/DerivedData/ModuleCache.noindex -serialize-diagnostics -emit-dependencies -emit-module -emit-module-path /Users/emanuelflury/Library/Developer/Xcode/DerivedData/TaxedGmbH_IOS-gerngfqzuwudosgobknlgtoawnlj/Build/Intermediates.noindex/Firebase.build/Debug-iphoneos/FirebaseFunctions.build/Objects-normal/arm64/FirebaseFunctions.swiftmodule -user-module-version 12.6.0 -validate-clang-modules-once -clang-build-session-file /Users/emanuelflury/Library/Developer/Xcode/DerivedData/ModuleCache.noindex/Session.modulevalidation -package-name firebase_ios_sdk -Xcc -I/Users/emanuelflury/Library/Developer/Xcode/DerivedData/TaxedGmbH_IOS-gerngfqzuwudosgobknlgtoawnlj/Build/Intermediates.noindex/Firebase.build/Debug-iphoneos/FirebaseFunctions.build/swift-overrides.hmap -emit-const-values -Xfrontend -const-gather-protocols-file -Xfrontend /Users/emanuelflury/Library/Developer/Xcode/DerivedData/TaxedGmbH_IOS-gerngfqzuwudosgobknlgtoawnlj/Build/Intermediates.noindex/Firebase.build/Debug-iphoneos/FirebaseFunctions.build/Objects-normal/arm64/FirebaseFunctions_const_extract_protocols.json -Xcc -I/Users/emanuelflury/Library/Developer/Xcode/DerivedData/TaxedGmbH_IOS-gerngfqzuwudosgobknlgtoawnlj/SourcePackages/checkouts/GoogleUtilities/GoogleUtilities/NSData+zlib/Public -Xcc -I/Users/emanuelflury/Library/Developer/Xcode/DerivedData/TaxedGmbH_IOS-gerngfqzuwudosgobknlgtoawnlj/SourcePackages/checkouts/GoogleUtilities/GoogleUtilities/Environment/Public -Xcc -I/Users/emanuelflury/Library/Developer/Xcode/DerivedData/TaxedGmbH_IOS-gerngfqzuwudosgobknlgtoawnlj/SourcePackages/checkouts/GoogleUtilities/third_party/IsAppEncrypted/Public -Xcc -I/Users/emanuelflury/Library/Developer/Xcode/DerivedData/TaxedGmbH_IOS-gerngfqzuwudosgobknlgtoawnlj/SourcePackages/checkouts/GoogleUtilities/GoogleUtilities/Logger/Public -Xcc -I/Users/emanuelflury/Library/Developer/Xcode/DerivedData/TaxedGmbH_IOS-gerngfqzuwudosgobknlgtoawnlj/SourcePackages/checkouts/gtm-session-fetcher/Sources/Core/Public -Xcc -I/Users/emanuelflury/Library/Developer/Xcode/DerivedData/TaxedGmbH_IOS-gerngfqzuwudosgobknlgtoawnlj/SourcePackages/checkouts/firebase-ios-sdk/FirebaseMessaging/Interop -Xcc -I/Users/emanuelflury/Library/Developer/Xcode/DerivedData/TaxedGmbH_IOS-gerngfqzuwudosgobknlgtoawnlj/SourcePackages/checkouts/firebase-ios-sdk/FirebaseCore/Extension -Xcc -I/Users/emanuelflury/Library/Developer/Xcode/DerivedData/TaxedGmbH_IOS-gerngfqzuwudosgobknlgtoawnlj/SourcePackages/checkouts/firebase-ios-sdk/FirebaseCore/Sources/Public -Xcc -I/Users/emanuelflury/Library/Developer/Xcode/DerivedData/TaxedGmbH_IOS-gerngfqzuwudosgobknlgtoawnlj/SourcePackages/checkouts/firebase-ios-sdk/CoreOnly/Sources -Xcc -I/Users/emanuelflury/Library/Developer/Xcode/DerivedData/TaxedGmbH_IOS-gerngfqzuwudosgobknlgtoawnlj/SourcePackages/checkouts/firebase-ios-sdk/FirebaseAuth/Interop/Public -Xcc -I/Users/emanuelflury/Library/Developer/Xcode/DerivedData/TaxedGmbH_IOS-gerngfqzuwudosgobknlgtoawnlj/SourcePackages/checkouts/firebase-ios-sdk/FirebaseAppCheck/Interop/Public -Xcc -I/Users/emanuelflury/Library/Developer/Xcode/DerivedData/TaxedGmbH_IOS-gerngfqzuwudosgobknlgtoawnlj/Build/Products/Debug-iphoneos/include -Xcc -I/Users/emanuelflury/Library/Developer/Xcode/DerivedData/TaxedGmbH_IOS-gerngfqzuwudosgobknlgtoawnlj/Build/Intermediates.noindex/Firebase.build/Debug-iphoneos/FirebaseFunctions.build/DerivedSources-normal/arm64 -Xcc -I/Users/emanuelflury/Library/Developer/Xcode/DerivedData/TaxedGmbH_IOS-gerngfqzuwudosgobknlgtoawnlj/Build/Intermediates.noindex/Firebase.build/Debug-iphoneos/FirebaseFunctions.build/DerivedSources/arm64 -Xcc -I/Users/emanuelflury/Library/Developer/Xcode/DerivedData/TaxedGmbH_IOS-gerngfqzuwudosgobknlgtoawnlj/Build/Intermediates.noindex/Firebase.build/Debug-iphoneos/FirebaseFunctions.build/DerivedSources -Xcc -DSWIFT_PACKAGE -Xcc -DDEBUG\=1 -emit-objc-header -emit-objc-header-path /Users/emanuelflury/Library/Developer/Xcode/DerivedData/TaxedGmbH_IOS-gerngfqzuwudosgobknlgtoawnlj/Build/Intermediates.noindex/Firebase.build/Debug-iphoneos/FirebaseFunctions.build/Objects-normal/arm64/FirebaseFunctions-Swift.h -working-directory /Users/emanuelflury/github/TaxedGmbH_IOS/TaxedGmbH_IOS.xcodeproj -experimental-emit-module-separately -disable-cmo

PrecompileModule /Users/emanuelflury/Library/Developer/Xcode/DerivedData/TaxedGmbH_IOS-gerngfqzuwudosgobknlgtoawnlj/Build/Intermediates.noindex/ExplicitPrecompiledModules/SystemConfiguration-8GLWR2IOXJOHJT8P9UF9FBT6R.scan
    cd /
    builtin-precompileModule /Users/emanuelflury/Library/Developer/Xcode/DerivedData/TaxedGmbH_IOS-gerngfqzuwudosgobknlgtoawnlj/Build/Intermediates.noindex/ExplicitPrecompiledModules/SystemConfiguration-8GLWR2IOXJOHJT8P9UF9FBT6R.scan

SwiftDriverJobDiscovery normal arm64 Compiling StorageListTask.swift, StoragePath.swift (in target 'FirebaseStorage' from project 'Firebase')

SwiftDriverJobDiscovery normal arm64 Compiling Result.swift, Storage.swift (in target 'FirebaseStorage' from project 'Firebase')

ScanDependencies /Users/emanuelflury/Library/Developer/Xcode/DerivedData/TaxedGmbH_IOS-gerngfqzuwudosgobknlgtoawnlj/Build/Intermediates.noindex/Firebase.build/Debug-iphoneos/FirebaseCore.build/Objects-normal/arm64/resource_bundle_accessor.o /Users/emanuelflury/Library/Developer/Xcode/DerivedData/TaxedGmbH_IOS-gerngfqzuwudosgobknlgtoawnlj/Build/Intermediates.noindex/Firebase.build/Debug-iphoneos/FirebaseCore.build/DerivedSources/resource_bundle_accessor.m normal arm64 objective-c com.apple.compilers.llvm.clang.1_0.compiler (in target 'FirebaseCore' from project 'Firebase')
    cd /Users/emanuelflury/github/TaxedGmbH_IOS/TaxedGmbH_IOS.xcodeproj
    
    Using response file: /Users/emanuelflury/Library/Developer/Xcode/DerivedData/TaxedGmbH_IOS-gerngfqzuwudosgobknlgtoawnlj/Build/Intermediates.noindex/Firebase.build/Debug-iphoneos/FirebaseCore.build/Objects-normal/arm64/e6072d4f65d7061329687fe24e3d63a7-common-args.resp
    
    builtin-ScanDependencies -o /Users/emanuelflury/Library/Developer/Xcode/DerivedData/TaxedGmbH_IOS-gerngfqzuwudosgobknlgtoawnlj/Build/Intermediates.noindex/Firebase.build/Debug-iphoneos/FirebaseCore.build/Objects-normal/arm64/resource_bundle_accessor.o.scan -- /Applications/Xcode.app/Contents/Developer/Toolchains/XcodeDefault.xctoolchain/usr/bin/clang -x objective-c -ivfsstatcache /Users/emanuelflury/Library/Developer/Xcode/DerivedData/SDKStatCaches.noindex/iphoneos26.1-23B77-69b33fc7382b27d9b5d46e82a00f8e78.sdkstatcache -fmessage-length\=0 -fdiagnostics-show-note-include-stack -fmacro-backtrace-limit\=0 -fno-color-diagnostics -fmodules-prune-interval\=86400 -fmodules-prune-after\=345600 -fbuild-session-file\=/Users/emanuelflury/Library/Developer/Xcode/DerivedData/ModuleCache.noindex/Session.modulevalidation -fmodules-validate-once-per-build-session -Wnon-modular-include-in-framework-module -Werror\=non-modular-include-in-framework-module -Wno-trigraphs -Wno-missing-field-initializers -Wno-missing-prototypes -Wno-return-type -Wno-implicit-atomic-properties -Wno-objc-interface-ivars -Wno-arc-repeated-use-of-weak -Wno-missing-braces -Wparentheses -Wswitch -Wno-unused-function -Wno-unused-label -Wno-unused-parameter -Wno-unused-variable -Wunused-value -Wno-empty-body -Wno-uninitialized -Wno-unknown-pragmas -w -Wno-shadow -Wno-four-char-constants -Wno-conversion -Wno-constant-conversion -Wno-int-conversion -Wno-bool-conversion -Wno-enum-conversion -Wno-float-conversion -Wno-non-literal-null-conversion -Wno-objc-literal-conversion -Wshorten-64-to-32 -Wpointer-sign -Wno-newline-eof -Wno-selector -Wno-strict-selector-match -Wno-undeclared-selector -Wno-deprecated-implementations -Wno-implicit-fallthrough -fstrict-aliasing -Wprotocol -Wdeprecated-declarations -Wno-sign-conversion -Wno-infinite-recursion -Wno-comma -Wno-block-capture-autoreleasing -Wno-strict-prototypes -Wno-semicolon-before-method-body -index-store-path /Users/emanuelflury/Library/Developer/Xcode/DerivedData/TaxedGmbH_IOS-gerngfqzuwudosgobknlgtoawnlj/Index.noindex/DataStore @/Users/emanuelflury/Library/Developer/Xcode/DerivedData/TaxedGmbH_IOS-gerngfqzuwudosgobknlgtoawnlj/Build/Intermediates.noindex/Firebase.build/Debug-iphoneos/FirebaseCore.build/Objects-normal/arm64/e6072d4f65d7061329687fe24e3d63a7-common-args.resp -include /Users/emanuelflury/Library/Developer/Xcode/DerivedData/TaxedGmbH_IOS-gerngfqzuwudosgobknlgtoawnlj/Build/Intermediates.noindex/Firebase.build/Debug-iphoneos/FirebaseCore.build/DerivedSources/resource_bundle_accessor.h -MMD -MT dependencies -MF /Users/emanuelflury/Library/Developer/Xcode/DerivedData/TaxedGmbH_IOS-gerngfqzuwudosgobknlgtoawnlj/Build/Intermediates.noindex/Firebase.build/Debug-iphoneos/FirebaseCore.build/Objects-normal/arm64/resource_bundle_accessor.d --serialize-diagnostics /Users/emanuelflury/Library/Developer/Xcode/DerivedData/TaxedGmbH_IOS-gerngfqzuwudosgobknlgtoawnlj/Build/Intermediates.noindex/Firebase.build/Debug-iphoneos/FirebaseCore.build/Objects-normal/arm64/resource_bundle_accessor.dia -c /Users/emanuelflury/Library/Developer/Xcode/DerivedData/TaxedGmbH_IOS-gerngfqzuwudosgobknlgtoawnlj/Build/Intermediates.noindex/Firebase.build/Debug-iphoneos/FirebaseCore.build/DerivedSources/resource_bundle_accessor.m -o /Users/emanuelflury/Library/Developer/Xcode/DerivedData/TaxedGmbH_IOS-gerngfqzuwudosgobknlgtoawnlj/Build/Intermediates.noindex/Firebase.build/Debug-iphoneos/FirebaseCore.build/Objects-normal/arm64/resource_bundle_accessor.o -index-unit-output-path /Firebase.build/Debug-iphoneos/FirebaseCore.build/Objects-normal/arm64/resource_bundle_accessor.o

ScanDependencies /Users/emanuelflury/Library/Developer/Xcode/DerivedData/TaxedGmbH_IOS-gerngfqzuwudosgobknlgtoawnlj/Build/Intermediates.noindex/Firebase.build/Debug-iphoneos/FirebaseCore.build/Objects-normal/arm64/FIRVersion.o /Users/emanuelflury/Library/Developer/Xcode/DerivedData/TaxedGmbH_IOS-gerngfqzuwudosgobknlgtoawnlj/SourcePackages/checkouts/firebase-ios-sdk/FirebaseCore/Sources/FIRVersion.m normal arm64 objective-c com.apple.compilers.llvm.clang.1_0.compiler (in target 'FirebaseCore' from project 'Firebase')
    cd /Users/emanuelflury/github/TaxedGmbH_IOS/TaxedGmbH_IOS.xcodeproj
    
    Using response file: /Users/emanuelflury/Library/Developer/Xcode/DerivedData/TaxedGmbH_IOS-gerngfqzuwudosgobknlgtoawnlj/Build/Intermediates.noindex/Firebase.build/Debug-iphoneos/FirebaseCore.build/Objects-normal/arm64/e6072d4f65d7061329687fe24e3d63a7-common-args.resp
    
    builtin-ScanDependencies -o /Users/emanuelflury/Library/Developer/Xcode/DerivedData/TaxedGmbH_IOS-gerngfqzuwudosgobknlgtoawnlj/Build/Intermediates.noindex/Firebase.build/Debug-iphoneos/FirebaseCore.build/Objects-normal/arm64/FIRVersion.o.scan -- /Applications/Xcode.app/Contents/Developer/Toolchains/XcodeDefault.xctoolchain/usr/bin/clang -x objective-c -ivfsstatcache /Users/emanuelflury/Library/Developer/Xcode/DerivedData/SDKStatCaches.noindex/iphoneos26.1-23B77-69b33fc7382b27d9b5d46e82a00f8e78.sdkstatcache -fmessage-length\=0 -fdiagnostics-show-note-include-stack -fmacro-backtrace-limit\=0 -fno-color-diagnostics -fmodules-prune-interval\=86400 -fmodules-prune-after\=345600 -fbuild-session-file\=/Users/emanuelflury/Library/Developer/Xcode/DerivedData/ModuleCache.noindex/Session.modulevalidation -fmodules-validate-once-per-build-session -Wnon-modular-include-in-framework-module -Werror\=non-modular-include-in-framework-module -Wno-trigraphs -Wno-missing-field-initializers -Wno-missing-prototypes -Wno-return-type -Wno-implicit-atomic-properties -Wno-objc-interface-ivars -Wno-arc-repeated-use-of-weak -Wno-missing-braces -Wparentheses -Wswitch -Wno-unused-function -Wno-unused-label -Wno-unused-parameter -Wno-unused-variable -Wunused-value -Wno-empty-body -Wno-uninitialized -Wno-unknown-pragmas -w -Wno-shadow -Wno-four-char-constants -Wno-conversion -Wno-constant-conversion -Wno-int-conversion -Wno-bool-conversion -Wno-enum-conversion -Wno-float-conversion -Wno-non-literal-null-conversion -Wno-objc-literal-conversion -Wshorten-64-to-32 -Wpointer-sign -Wno-newline-eof -Wno-selector -Wno-strict-selector-match -Wno-undeclared-selector -Wno-deprecated-implementations -Wno-implicit-fallthrough -fstrict-aliasing -Wprotocol -Wdeprecated-declarations -Wno-sign-conversion -Wno-infinite-recursion -Wno-comma -Wno-block-capture-autoreleasing -Wno-strict-prototypes -Wno-semicolon-before-method-body -index-store-path /Users/emanuelflury/Library/Developer/Xcode/DerivedData/TaxedGmbH_IOS-gerngfqzuwudosgobknlgtoawnlj/Index.noindex/DataStore @/Users/emanuelflury/Library/Developer/Xcode/DerivedData/TaxedGmbH_IOS-gerngfqzuwudosgobknlgtoawnlj/Build/Intermediates.noindex/Firebase.build/Debug-iphoneos/FirebaseCore.build/Objects-normal/arm64/e6072d4f65d7061329687fe24e3d63a7-common-args.resp -include /Users/emanuelflury/Library/Developer/Xcode/DerivedData/TaxedGmbH_IOS-gerngfqzuwudosgobknlgtoawnlj/Build/Intermediates.noindex/Firebase.build/Debug-iphoneos/FirebaseCore.build/DerivedSources/resource_bundle_accessor.h -MMD -MT dependencies -MF /Users/emanuelflury/Library/Developer/Xcode/DerivedData/TaxedGmbH_IOS-gerngfqzuwudosgobknlgtoawnlj/Build/Intermediates.noindex/Firebase.build/Debug-iphoneos/FirebaseCore.build/Objects-normal/arm64/FIRVersion.d --serialize-diagnostics /Users/emanuelflury/Library/Developer/Xcode/DerivedData/TaxedGmbH_IOS-gerngfqzuwudosgobknlgtoawnlj/Build/Intermediates.noindex/Firebase.build/Debug-iphoneos/FirebaseCore.build/Objects-normal/arm64/FIRVersion.dia -c /Users/emanuelflury/Library/Developer/Xcode/DerivedData/TaxedGmbH_IOS-gerngfqzuwudosgobknlgtoawnlj/SourcePackages/checkouts/firebase-ios-sdk/FirebaseCore/Sources/FIRVersion.m -o /Users/emanuelflury/Library/Developer/Xcode/DerivedData/TaxedGmbH_IOS-gerngfqzuwudosgobknlgtoawnlj/Build/Intermediates.noindex/Firebase.build/Debug-iphoneos/FirebaseCore.build/Objects-normal/arm64/FIRVersion.o -index-unit-output-path /Firebase.build/Debug-iphoneos/FirebaseCore.build/Objects-normal/arm64/FIRVersion.o

Ld /Users/emanuelflury/Library/Developer/Xcode/DerivedData/TaxedGmbH_IOS-gerngfqzuwudosgobknlgtoawnlj/Build/Products/Debug-iphoneos/GoogleDataTransport.o normal (in target 'GoogleDataTransport' from project 'GoogleDataTransport')
    cd /Users/emanuelflury/Library/Developer/Xcode/DerivedData/TaxedGmbH_IOS-gerngfqzuwudosgobknlgtoawnlj/SourcePackages/checkouts/GoogleDataTransport
    /Applications/Xcode.app/Contents/Developer/Toolchains/XcodeDefault.xctoolchain/usr/bin/clang -Xlinker -reproducible -target arm64-apple-ios12.0 -r -isysroot /Applications/Xcode.app/Contents/Developer/Platforms/iPhoneOS.platform/Developer/SDKs/iPhoneOS26.1.sdk -O0 -w -L/Users/emanuelflury/Library/Developer/Xcode/DerivedData/TaxedGmbH_IOS-gerngfqzuwudosgobknlgtoawnlj/Build/Intermediates.noindex/EagerLinkingTBDs/Debug-iphoneos -L/Users/emanuelflury/Library/Developer/Xcode/DerivedData/TaxedGmbH_IOS-gerngfqzuwudosgobknlgtoawnlj/Build/Products/Debug-iphoneos -L/Applications/Xcode.app/Contents/Developer/Platforms/iPhoneOS.platform/Developer/usr/lib -F/Users/emanuelflury/Library/Developer/Xcode/DerivedData/TaxedGmbH_IOS-gerngfqzuwudosgobknlgtoawnlj/Build/Intermediates.noindex/EagerLinkingTBDs/Debug-iphoneos -F/Users/emanuelflury/Library/Developer/Xcode/DerivedData/TaxedGmbH_IOS-gerngfqzuwudosgobknlgtoawnlj/Build/Products/Debug-iphoneos/PackageFrameworks -F/Users/emanuelflury/Library/Developer/Xcode/DerivedData/TaxedGmbH_IOS-gerngfqzuwudosgobknlgtoawnlj/Build/Products/Debug-iphoneos/PackageFrameworks -F/Users/emanuelflury/Library/Developer/Xcode/DerivedData/TaxedGmbH_IOS-gerngfqzuwudosgobknlgtoawnlj/Build/Products/Debug-iphoneos -iframework /Applications/Xcode.app/Contents/Developer/Platforms/iPhoneOS.platform/Developer/Library/Frameworks -iframework /Applications/Xcode.app/Contents/Developer/Platforms/iPhoneOS.platform/Developer/SDKs/iPhoneOS26.1.sdk/Developer/Library/Frameworks -filelist /Users/emanuelflury/Library/Developer/Xcode/DerivedData/TaxedGmbH_IOS-gerngfqzuwudosgobknlgtoawnlj/Build/Intermediates.noindex/GoogleDataTransport.build/Debug-iphoneos/GoogleDataTransport.build/Objects-normal/arm64/GoogleDataTransport.LinkFileList -nostdlib -Xlinker -object_path_lto -Xlinker /Users/emanuelflury/Library/Developer/Xcode/DerivedData/TaxedGmbH_IOS-gerngfqzuwudosgobknlgtoawnlj/Build/Intermediates.noindex/GoogleDataTransport.build/Debug-iphoneos/GoogleDataTransport.build/Objects-normal/arm64/GoogleDataTransport_lto.o -rdynamic -Xlinker -no_deduplicate -Xlinker -debug_variant -Xlinker -dependency_info -Xlinker /Users/emanuelflury/Library/Developer/Xcode/DerivedData/TaxedGmbH_IOS-gerngfqzuwudosgobknlgtoawnlj/Build/Intermediates.noindex/GoogleDataTransport.build/Debug-iphoneos/GoogleDataTransport.build/Objects-normal/arm64/GoogleDataTransport_dependency_info.dat -fobjc-arc -fobjc-link-runtime -o /Users/emanuelflury/Library/Developer/Xcode/DerivedData/TaxedGmbH_IOS-gerngfqzuwudosgobknlgtoawnlj/Build/Products/Debug-iphoneos/GoogleDataTransport.o

ScanDependencies /Users/emanuelflury/Library/Developer/Xcode/DerivedData/TaxedGmbH_IOS-gerngfqzuwudosgobknlgtoawnlj/Build/Intermediates.noindex/Firebase.build/Debug-iphoneos/FirebaseCore.build/Objects-normal/arm64/FIRTimestamp.o /Users/emanuelflury/Library/Developer/Xcode/DerivedData/TaxedGmbH_IOS-gerngfqzuwudosgobknlgtoawnlj/SourcePackages/checkouts/firebase-ios-sdk/FirebaseCore/Sources/FIRTimestamp.m normal arm64 objective-c com.apple.compilers.llvm.clang.1_0.compiler (in target 'FirebaseCore' from project 'Firebase')
    cd /Users/emanuelflury/github/TaxedGmbH_IOS/TaxedGmbH_IOS.xcodeproj
    
    Using response file: /Users/emanuelflury/Library/Developer/Xcode/DerivedData/TaxedGmbH_IOS-gerngfqzuwudosgobknlgtoawnlj/Build/Intermediates.noindex/Firebase.build/Debug-iphoneos/FirebaseCore.build/Objects-normal/arm64/e6072d4f65d7061329687fe24e3d63a7-common-args.resp
    
    builtin-ScanDependencies -o /Users/emanuelflury/Library/Developer/Xcode/DerivedData/TaxedGmbH_IOS-gerngfqzuwudosgobknlgtoawnlj/Build/Intermediates.noindex/Firebase.build/Debug-iphoneos/FirebaseCore.build/Objects-normal/arm64/FIRTimestamp.o.scan -- /Applications/Xcode.app/Contents/Developer/Toolchains/XcodeDefault.xctoolchain/usr/bin/clang -x objective-c -ivfsstatcache /Users/emanuelflury/Library/Developer/Xcode/DerivedData/SDKStatCaches.noindex/iphoneos26.1-23B77-69b33fc7382b27d9b5d46e82a00f8e78.sdkstatcache -fmessage-length\=0 -fdiagnostics-show-note-include-stack -fmacro-backtrace-limit\=0 -fno-color-diagnostics -fmodules-prune-interval\=86400 -fmodules-prune-after\=345600 -fbuild-session-file\=/Users/emanuelflury/Library/Developer/Xcode/DerivedData/ModuleCache.noindex/Session.modulevalidation -fmodules-validate-once-per-build-session -Wnon-modular-include-in-framework-module -Werror\=non-modular-include-in-framework-module -Wno-trigraphs -Wno-missing-field-initializers -Wno-missing-prototypes -Wno-return-type -Wno-implicit-atomic-properties -Wno-objc-interface-ivars -Wno-arc-repeated-use-of-weak -Wno-missing-braces -Wparentheses -Wswitch -Wno-unused-function -Wno-unused-label -Wno-unused-parameter -Wno-unused-variable -Wunused-value -Wno-empty-body -Wno-uninitialized -Wno-unknown-pragmas -w -Wno-shadow -Wno-four-char-constants -Wno-conversion -Wno-constant-conversion -Wno-int-conversion -Wno-bool-conversion -Wno-enum-conversion -Wno-float-conversion -Wno-non-literal-null-conversion -Wno-objc-literal-conversion -Wshorten-64-to-32 -Wpointer-sign -Wno-newline-eof -Wno-selector -Wno-strict-selector-match -Wno-undeclared-selector -Wno-deprecated-implementations -Wno-implicit-fallthrough -fstrict-aliasing -Wprotocol -Wdeprecated-declarations -Wno-sign-conversion -Wno-infinite-recursion -Wno-comma -Wno-block-capture-autoreleasing -Wno-strict-prototypes -Wno-semicolon-before-method-body -index-store-path /Users/emanuelflury/Library/Developer/Xcode/DerivedData/TaxedGmbH_IOS-gerngfqzuwudosgobknlgtoawnlj/Index.noindex/DataStore @/Users/emanuelflury/Library/Developer/Xcode/DerivedData/TaxedGmbH_IOS-gerngfqzuwudosgobknlgtoawnlj/Build/Intermediates.noindex/Firebase.build/Debug-iphoneos/FirebaseCore.build/Objects-normal/arm64/e6072d4f65d7061329687fe24e3d63a7-common-args.resp -include /Users/emanuelflury/Library/Developer/Xcode/DerivedData/TaxedGmbH_IOS-gerngfqzuwudosgobknlgtoawnlj/Build/Intermediates.noindex/Firebase.build/Debug-iphoneos/FirebaseCore.build/DerivedSources/resource_bundle_accessor.h -MMD -MT dependencies -MF /Users/emanuelflury/Library/Developer/Xcode/DerivedData/TaxedGmbH_IOS-gerngfqzuwudosgobknlgtoawnlj/Build/Intermediates.noindex/Firebase.build/Debug-iphoneos/FirebaseCore.build/Objects-normal/arm64/FIRTimestamp.d --serialize-diagnostics /Users/emanuelflury/Library/Developer/Xcode/DerivedData/TaxedGmbH_IOS-gerngfqzuwudosgobknlgtoawnlj/Build/Intermediates.noindex/Firebase.build/Debug-iphoneos/FirebaseCore.build/Objects-normal/arm64/FIRTimestamp.dia -c /Users/emanuelflury/Library/Developer/Xcode/DerivedData/TaxedGmbH_IOS-gerngfqzuwudosgobknlgtoawnlj/SourcePackages/checkouts/firebase-ios-sdk/FirebaseCore/Sources/FIRTimestamp.m -o /Users/emanuelflury/Library/Developer/Xcode/DerivedData/TaxedGmbH_IOS-gerngfqzuwudosgobknlgtoawnlj/Build/Intermediates.noindex/Firebase.build/Debug-iphoneos/FirebaseCore.build/Objects-normal/arm64/FIRTimestamp.o -index-unit-output-path /Firebase.build/Debug-iphoneos/FirebaseCore.build/Objects-normal/arm64/FIRTimestamp.o

ScanDependencies /Users/emanuelflury/Library/Developer/Xcode/DerivedData/TaxedGmbH_IOS-gerngfqzuwudosgobknlgtoawnlj/Build/Intermediates.noindex/Firebase.build/Debug-iphoneos/FirebaseCore.build/Objects-normal/arm64/FIROptions.o /Users/emanuelflury/Library/Developer/Xcode/DerivedData/TaxedGmbH_IOS-gerngfqzuwudosgobknlgtoawnlj/SourcePackages/checkouts/firebase-ios-sdk/FirebaseCore/Sources/FIROptions.m normal arm64 objective-c com.apple.compilers.llvm.clang.1_0.compiler (in target 'FirebaseCore' from project 'Firebase')
    cd /Users/emanuelflury/github/TaxedGmbH_IOS/TaxedGmbH_IOS.xcodeproj
    
    Using response file: /Users/emanuelflury/Library/Developer/Xcode/DerivedData/TaxedGmbH_IOS-gerngfqzuwudosgobknlgtoawnlj/Build/Intermediates.noindex/Firebase.build/Debug-iphoneos/FirebaseCore.build/Objects-normal/arm64/e6072d4f65d7061329687fe24e3d63a7-common-args.resp
    
    builtin-ScanDependencies -o /Users/emanuelflury/Library/Developer/Xcode/DerivedData/TaxedGmbH_IOS-gerngfqzuwudosgobknlgtoawnlj/Build/Intermediates.noindex/Firebase.build/Debug-iphoneos/FirebaseCore.build/Objects-normal/arm64/FIROptions.o.scan -- /Applications/Xcode.app/Contents/Developer/Toolchains/XcodeDefault.xctoolchain/usr/bin/clang -x objective-c -ivfsstatcache /Users/emanuelflury/Library/Developer/Xcode/DerivedData/SDKStatCaches.noindex/iphoneos26.1-23B77-69b33fc7382b27d9b5d46e82a00f8e78.sdkstatcache -fmessage-length\=0 -fdiagnostics-show-note-include-stack -fmacro-backtrace-limit\=0 -fno-color-diagnostics -fmodules-prune-interval\=86400 -fmodules-prune-after\=345600 -fbuild-session-file\=/Users/emanuelflury/Library/Developer/Xcode/DerivedData/ModuleCache.noindex/Session.modulevalidation -fmodules-validate-once-per-build-session -Wnon-modular-include-in-framework-module -Werror\=non-modular-include-in-framework-module -Wno-trigraphs -Wno-missing-field-initializers -Wno-missing-prototypes -Wno-return-type -Wno-implicit-atomic-properties -Wno-objc-interface-ivars -Wno-arc-repeated-use-of-weak -Wno-missing-braces -Wparentheses -Wswitch -Wno-unused-function -Wno-unused-label -Wno-unused-parameter -Wno-unused-variable -Wunused-value -Wno-empty-body -Wno-uninitialized -Wno-unknown-pragmas -w -Wno-shadow -Wno-four-char-constants -Wno-conversion -Wno-constant-conversion -Wno-int-conversion -Wno-bool-conversion -Wno-enum-conversion -Wno-float-conversion -Wno-non-literal-null-conversion -Wno-objc-literal-conversion -Wshorten-64-to-32 -Wpointer-sign -Wno-newline-eof -Wno-selector -Wno-strict-selector-match -Wno-undeclared-selector -Wno-deprecated-implementations -Wno-implicit-fallthrough -fstrict-aliasing -Wprotocol -Wdeprecated-declarations -Wno-sign-conversion -Wno-infinite-recursion -Wno-comma -Wno-block-capture-autoreleasing -Wno-strict-prototypes -Wno-semicolon-before-method-body -index-store-path /Users/emanuelflury/Library/Developer/Xcode/DerivedData/TaxedGmbH_IOS-gerngfqzuwudosgobknlgtoawnlj/Index.noindex/DataStore @/Users/emanuelflury/Library/Developer/Xcode/DerivedData/TaxedGmbH_IOS-gerngfqzuwudosgobknlgtoawnlj/Build/Intermediates.noindex/Firebase.build/Debug-iphoneos/FirebaseCore.build/Objects-normal/arm64/e6072d4f65d7061329687fe24e3d63a7-common-args.resp -include /Users/emanuelflury/Library/Developer/Xcode/DerivedData/TaxedGmbH_IOS-gerngfqzuwudosgobknlgtoawnlj/Build/Intermediates.noindex/Firebase.build/Debug-iphoneos/FirebaseCore.build/DerivedSources/resource_bundle_accessor.h -MMD -MT dependencies -MF /Users/emanuelflury/Library/Developer/Xcode/DerivedData/TaxedGmbH_IOS-gerngfqzuwudosgobknlgtoawnlj/Build/Intermediates.noindex/Firebase.build/Debug-iphoneos/FirebaseCore.build/Objects-normal/arm64/FIROptions.d --serialize-diagnostics /Users/emanuelflury/Library/Developer/Xcode/DerivedData/TaxedGmbH_IOS-gerngfqzuwudosgobknlgtoawnlj/Build/Intermediates.noindex/Firebase.build/Debug-iphoneos/FirebaseCore.build/Objects-normal/arm64/FIROptions.dia -c /Users/emanuelflury/Library/Developer/Xcode/DerivedData/TaxedGmbH_IOS-gerngfqzuwudosgobknlgtoawnlj/SourcePackages/checkouts/firebase-ios-sdk/FirebaseCore/Sources/FIROptions.m -o /Users/emanuelflury/Library/Developer/Xcode/DerivedData/TaxedGmbH_IOS-gerngfqzuwudosgobknlgtoawnlj/Build/Intermediates.noindex/Firebase.build/Debug-iphoneos/FirebaseCore.build/Objects-normal/arm64/FIROptions.o -index-unit-output-path /Firebase.build/Debug-iphoneos/FirebaseCore.build/Objects-normal/arm64/FIROptions.o

ScanDependencies /Users/emanuelflury/Library/Developer/Xcode/DerivedData/TaxedGmbH_IOS-gerngfqzuwudosgobknlgtoawnlj/Build/Intermediates.noindex/Firebase.build/Debug-iphoneos/FirebaseCore.build/Objects-normal/arm64/FIRHeartbeatLogger.o /Users/emanuelflury/Library/Developer/Xcode/DerivedData/TaxedGmbH_IOS-gerngfqzuwudosgobknlgtoawnlj/SourcePackages/checkouts/firebase-ios-sdk/FirebaseCore/Sources/FIRHeartbeatLogger.m normal arm64 objective-c com.apple.compilers.llvm.clang.1_0.compiler (in target 'FirebaseCore' from project 'Firebase')
    cd /Users/emanuelflury/github/TaxedGmbH_IOS/TaxedGmbH_IOS.xcodeproj
    
    Using response file: /Users/emanuelflury/Library/Developer/Xcode/DerivedData/TaxedGmbH_IOS-gerngfqzuwudosgobknlgtoawnlj/Build/Intermediates.noindex/Firebase.build/Debug-iphoneos/FirebaseCore.build/Objects-normal/arm64/e6072d4f65d7061329687fe24e3d63a7-common-args.resp
    
    builtin-ScanDependencies -o /Users/emanuelflury/Library/Developer/Xcode/DerivedData/TaxedGmbH_IOS-gerngfqzuwudosgobknlgtoawnlj/Build/Intermediates.noindex/Firebase.build/Debug-iphoneos/FirebaseCore.build/Objects-normal/arm64/FIRHeartbeatLogger.o.scan -- /Applications/Xcode.app/Contents/Developer/Toolchains/XcodeDefault.xctoolchain/usr/bin/clang -x objective-c -ivfsstatcache /Users/emanuelflury/Library/Developer/Xcode/DerivedData/SDKStatCaches.noindex/iphoneos26.1-23B77-69b33fc7382b27d9b5d46e82a00f8e78.sdkstatcache -fmessage-length\=0 -fdiagnostics-show-note-include-stack -fmacro-backtrace-limit\=0 -fno-color-diagnostics -fmodules-prune-interval\=86400 -fmodules-prune-after\=345600 -fbuild-session-file\=/Users/emanuelflury/Library/Developer/Xcode/DerivedData/ModuleCache.noindex/Session.modulevalidation -fmodules-validate-once-per-build-session -Wnon-modular-include-in-framework-module -Werror\=non-modular-include-in-framework-module -Wno-trigraphs -Wno-missing-field-initializers -Wno-missing-prototypes -Wno-return-type -Wno-implicit-atomic-properties -Wno-objc-interface-ivars -Wno-arc-repeated-use-of-weak -Wno-missing-braces -Wparentheses -Wswitch -Wno-unused-function -Wno-unused-label -Wno-unused-parameter -Wno-unused-variable -Wunused-value -Wno-empty-body -Wno-uninitialized -Wno-unknown-pragmas -w -Wno-shadow -Wno-four-char-constants -Wno-conversion -Wno-constant-conversion -Wno-int-conversion -Wno-bool-conversion -Wno-enum-conversion -Wno-float-conversion -Wno-non-literal-null-conversion -Wno-objc-literal-conversion -Wshorten-64-to-32 -Wpointer-sign -Wno-newline-eof -Wno-selector -Wno-strict-selector-match -Wno-undeclared-selector -Wno-deprecated-implementations -Wno-implicit-fallthrough -fstrict-aliasing -Wprotocol -Wdeprecated-declarations -Wno-sign-conversion -Wno-infinite-recursion -Wno-comma -Wno-block-capture-autoreleasing -Wno-strict-prototypes -Wno-semicolon-before-method-body -index-store-path /Users/emanuelflury/Library/Developer/Xcode/DerivedData/TaxedGmbH_IOS-gerngfqzuwudosgobknlgtoawnlj/Index.noindex/DataStore @/Users/emanuelflury/Library/Developer/Xcode/DerivedData/TaxedGmbH_IOS-gerngfqzuwudosgobknlgtoawnlj/Build/Intermediates.noindex/Firebase.build/Debug-iphoneos/FirebaseCore.build/Objects-normal/arm64/e6072d4f65d7061329687fe24e3d63a7-common-args.resp -include /Users/emanuelflury/Library/Developer/Xcode/DerivedData/TaxedGmbH_IOS-gerngfqzuwudosgobknlgtoawnlj/Build/Intermediates.noindex/Firebase.build/Debug-iphoneos/FirebaseCore.build/DerivedSources/resource_bundle_accessor.h -MMD -MT dependencies -MF /Users/emanuelflury/Library/Developer/Xcode/DerivedData/TaxedGmbH_IOS-gerngfqzuwudosgobknlgtoawnlj/Build/Intermediates.noindex/Firebase.build/Debug-iphoneos/FirebaseCore.build/Objects-normal/arm64/FIRHeartbeatLogger.d --serialize-diagnostics /Users/emanuelflury/Library/Developer/Xcode/DerivedData/TaxedGmbH_IOS-gerngfqzuwudosgobknlgtoawnlj/Build/Intermediates.noindex/Firebase.build/Debug-iphoneos/FirebaseCore.build/Objects-normal/arm64/FIRHeartbeatLogger.dia -c /Users/emanuelflury/Library/Developer/Xcode/DerivedData/TaxedGmbH_IOS-gerngfqzuwudosgobknlgtoawnlj/SourcePackages/checkouts/firebase-ios-sdk/FirebaseCore/Sources/FIRHeartbeatLogger.m -o /Users/emanuelflury/Library/Developer/Xcode/DerivedData/TaxedGmbH_IOS-gerngfqzuwudosgobknlgtoawnlj/Build/Intermediates.noindex/Firebase.build/Debug-iphoneos/FirebaseCore.build/Objects-normal/arm64/FIRHeartbeatLogger.o -index-unit-output-path /Firebase.build/Debug-iphoneos/FirebaseCore.build/Objects-normal/arm64/FIRHeartbeatLogger.o

ScanDependencies /Users/emanuelflury/Library/Developer/Xcode/DerivedData/TaxedGmbH_IOS-gerngfqzuwudosgobknlgtoawnlj/Build/Intermediates.noindex/Firebase.build/Debug-iphoneos/FirebaseCore.build/Objects-normal/arm64/FIRLogger.o /Users/emanuelflury/Library/Developer/Xcode/DerivedData/TaxedGmbH_IOS-gerngfqzuwudosgobknlgtoawnlj/SourcePackages/checkouts/firebase-ios-sdk/FirebaseCore/Sources/FIRLogger.m normal arm64 objective-c com.apple.compilers.llvm.clang.1_0.compiler (in target 'FirebaseCore' from project 'Firebase')
    cd /Users/emanuelflury/github/TaxedGmbH_IOS/TaxedGmbH_IOS.xcodeproj
    
    Using response file: /Users/emanuelflury/Library/Developer/Xcode/DerivedData/TaxedGmbH_IOS-gerngfqzuwudosgobknlgtoawnlj/Build/Intermediates.noindex/Firebase.build/Debug-iphoneos/FirebaseCore.build/Objects-normal/arm64/e6072d4f65d7061329687fe24e3d63a7-common-args.resp
    
    builtin-ScanDependencies -o /Users/emanuelflury/Library/Developer/Xcode/DerivedData/TaxedGmbH_IOS-gerngfqzuwudosgobknlgtoawnlj/Build/Intermediates.noindex/Firebase.build/Debug-iphoneos/FirebaseCore.build/Objects-normal/arm64/FIRLogger.o.scan -- /Applications/Xcode.app/Contents/Developer/Toolchains/XcodeDefault.xctoolchain/usr/bin/clang -x objective-c -ivfsstatcache /Users/emanuelflury/Library/Developer/Xcode/DerivedData/SDKStatCaches.noindex/iphoneos26.1-23B77-69b33fc7382b27d9b5d46e82a00f8e78.sdkstatcache -fmessage-length\=0 -fdiagnostics-show-note-include-stack -fmacro-backtrace-limit\=0 -fno-color-diagnostics -fmodules-prune-interval\=86400 -fmodules-prune-after\=345600 -fbuild-session-file\=/Users/emanuelflury/Library/Developer/Xcode/DerivedData/ModuleCache.noindex/Session.modulevalidation -fmodules-validate-once-per-build-session -Wnon-modular-include-in-framework-module -Werror\=non-modular-include-in-framework-module -Wno-trigraphs -Wno-missing-field-initializers -Wno-missing-prototypes -Wno-return-type -Wno-implicit-atomic-properties -Wno-objc-interface-ivars -Wno-arc-repeated-use-of-weak -Wno-missing-braces -Wparentheses -Wswitch -Wno-unused-function -Wno-unused-label -Wno-unused-parameter -Wno-unused-variable -Wunused-value -Wno-empty-body -Wno-uninitialized -Wno-unknown-pragmas -w -Wno-shadow -Wno-four-char-constants -Wno-conversion -Wno-constant-conversion -Wno-int-conversion -Wno-bool-conversion -Wno-enum-conversion -Wno-float-conversion -Wno-non-literal-null-conversion -Wno-objc-literal-conversion -Wshorten-64-to-32 -Wpointer-sign -Wno-newline-eof -Wno-selector -Wno-strict-selector-match -Wno-undeclared-selector -Wno-deprecated-implementations -Wno-implicit-fallthrough -fstrict-aliasing -Wprotocol -Wdeprecated-declarations -Wno-sign-conversion -Wno-infinite-recursion -Wno-comma -Wno-block-capture-autoreleasing -Wno-strict-prototypes -Wno-semicolon-before-method-body -index-store-path /Users/emanuelflury/Library/Developer/Xcode/DerivedData/TaxedGmbH_IOS-gerngfqzuwudosgobknlgtoawnlj/Index.noindex/DataStore @/Users/emanuelflury/Library/Developer/Xcode/DerivedData/TaxedGmbH_IOS-gerngfqzuwudosgobknlgtoawnlj/Build/Intermediates.noindex/Firebase.build/Debug-iphoneos/FirebaseCore.build/Objects-normal/arm64/e6072d4f65d7061329687fe24e3d63a7-common-args.resp -include /Users/emanuelflury/Library/Developer/Xcode/DerivedData/TaxedGmbH_IOS-gerngfqzuwudosgobknlgtoawnlj/Build/Intermediates.noindex/Firebase.build/Debug-iphoneos/FirebaseCore.build/DerivedSources/resource_bundle_accessor.h -MMD -MT dependencies -MF /Users/emanuelflury/Library/Developer/Xcode/DerivedData/TaxedGmbH_IOS-gerngfqzuwudosgobknlgtoawnlj/Build/Intermediates.noindex/Firebase.build/Debug-iphoneos/FirebaseCore.build/Objects-normal/arm64/FIRLogger.d --serialize-diagnostics /Users/emanuelflury/Library/Developer/Xcode/DerivedData/TaxedGmbH_IOS-gerngfqzuwudosgobknlgtoawnlj/Build/Intermediates.noindex/Firebase.build/Debug-iphoneos/FirebaseCore.build/Objects-normal/arm64/FIRLogger.dia -c /Users/emanuelflury/Library/Developer/Xcode/DerivedData/TaxedGmbH_IOS-gerngfqzuwudosgobknlgtoawnlj/SourcePackages/checkouts/firebase-ios-sdk/FirebaseCore/Sources/FIRLogger.m -o /Users/emanuelflury/Library/Developer/Xcode/DerivedData/TaxedGmbH_IOS-gerngfqzuwudosgobknlgtoawnlj/Build/Intermediates.noindex/Firebase.build/Debug-iphoneos/FirebaseCore.build/Objects-normal/arm64/FIRLogger.o -index-unit-output-path /Firebase.build/Debug-iphoneos/FirebaseCore.build/Objects-normal/arm64/FIRLogger.o

ScanDependencies /Users/emanuelflury/Library/Developer/Xcode/DerivedData/TaxedGmbH_IOS-gerngfqzuwudosgobknlgtoawnlj/Build/Intermediates.noindex/Firebase.build/Debug-iphoneos/FirebaseCore.build/Objects-normal/arm64/FIRFirebaseUserAgent.o /Users/emanuelflury/Library/Developer/Xcode/DerivedData/TaxedGmbH_IOS-gerngfqzuwudosgobknlgtoawnlj/SourcePackages/checkouts/firebase-ios-sdk/FirebaseCore/Sources/FIRFirebaseUserAgent.m normal arm64 objective-c com.apple.compilers.llvm.clang.1_0.compiler (in target 'FirebaseCore' from project 'Firebase')
    cd /Users/emanuelflury/github/TaxedGmbH_IOS/TaxedGmbH_IOS.xcodeproj
    
    Using response file: /Users/emanuelflury/Library/Developer/Xcode/DerivedData/TaxedGmbH_IOS-gerngfqzuwudosgobknlgtoawnlj/Build/Intermediates.noindex/Firebase.build/Debug-iphoneos/FirebaseCore.build/Objects-normal/arm64/e6072d4f65d7061329687fe24e3d63a7-common-args.resp
    
    builtin-ScanDependencies -o /Users/emanuelflury/Library/Developer/Xcode/DerivedData/TaxedGmbH_IOS-gerngfqzuwudosgobknlgtoawnlj/Build/Intermediates.noindex/Firebase.build/Debug-iphoneos/FirebaseCore.build/Objects-normal/arm64/FIRFirebaseUserAgent.o.scan -- /Applications/Xcode.app/Contents/Developer/Toolchains/XcodeDefault.xctoolchain/usr/bin/clang -x objective-c -ivfsstatcache /Users/emanuelflury/Library/Developer/Xcode/DerivedData/SDKStatCaches.noindex/iphoneos26.1-23B77-69b33fc7382b27d9b5d46e82a00f8e78.sdkstatcache -fmessage-length\=0 -fdiagnostics-show-note-include-stack -fmacro-backtrace-limit\=0 -fno-color-diagnostics -fmodules-prune-interval\=86400 -fmodules-prune-after\=345600 -fbuild-session-file\=/Users/emanuelflury/Library/Developer/Xcode/DerivedData/ModuleCache.noindex/Session.modulevalidation -fmodules-validate-once-per-build-session -Wnon-modular-include-in-framework-module -Werror\=non-modular-include-in-framework-module -Wno-trigraphs -Wno-missing-field-initializers -Wno-missing-prototypes -Wno-return-type -Wno-implicit-atomic-properties -Wno-objc-interface-ivars -Wno-arc-repeated-use-of-weak -Wno-missing-braces -Wparentheses -Wswitch -Wno-unused-function -Wno-unused-label -Wno-unused-parameter -Wno-unused-variable -Wunused-value -Wno-empty-body -Wno-uninitialized -Wno-unknown-pragmas -w -Wno-shadow -Wno-four-char-constants -Wno-conversion -Wno-constant-conversion -Wno-int-conversion -Wno-bool-conversion -Wno-enum-conversion -Wno-float-conversion -Wno-non-literal-null-conversion -Wno-objc-literal-conversion -Wshorten-64-to-32 -Wpointer-sign -Wno-newline-eof -Wno-selector -Wno-strict-selector-match -Wno-undeclared-selector -Wno-deprecated-implementations -Wno-implicit-fallthrough -fstrict-aliasing -Wprotocol -Wdeprecated-declarations -Wno-sign-conversion -Wno-infinite-recursion -Wno-comma -Wno-block-capture-autoreleasing -Wno-strict-prototypes -Wno-semicolon-before-method-body -index-store-path /Users/emanuelflury/Library/Developer/Xcode/DerivedData/TaxedGmbH_IOS-gerngfqzuwudosgobknlgtoawnlj/Index.noindex/DataStore @/Users/emanuelflury/Library/Developer/Xcode/DerivedData/TaxedGmbH_IOS-gerngfqzuwudosgobknlgtoawnlj/Build/Intermediates.noindex/Firebase.build/Debug-iphoneos/FirebaseCore.build/Objects-normal/arm64/e6072d4f65d7061329687fe24e3d63a7-common-args.resp -include /Users/emanuelflury/Library/Developer/Xcode/DerivedData/TaxedGmbH_IOS-gerngfqzuwudosgobknlgtoawnlj/Build/Intermediates.noindex/Firebase.build/Debug-iphoneos/FirebaseCore.build/DerivedSources/resource_bundle_accessor.h -MMD -MT dependencies -MF /Users/emanuelflury/Library/Developer/Xcode/DerivedData/TaxedGmbH_IOS-gerngfqzuwudosgobknlgtoawnlj/Build/Intermediates.noindex/Firebase.build/Debug-iphoneos/FirebaseCore.build/Objects-normal/arm64/FIRFirebaseUserAgent.d --serialize-diagnostics /Users/emanuelflury/Library/Developer/Xcode/DerivedData/TaxedGmbH_IOS-gerngfqzuwudosgobknlgtoawnlj/Build/Intermediates.noindex/Firebase.build/Debug-iphoneos/FirebaseCore.build/Objects-normal/arm64/FIRFirebaseUserAgent.dia -c /Users/emanuelflury/Library/Developer/Xcode/DerivedData/TaxedGmbH_IOS-gerngfqzuwudosgobknlgtoawnlj/SourcePackages/checkouts/firebase-ios-sdk/FirebaseCore/Sources/FIRFirebaseUserAgent.m -o /Users/emanuelflury/Library/Developer/Xcode/DerivedData/TaxedGmbH_IOS-gerngfqzuwudosgobknlgtoawnlj/Build/Intermediates.noindex/Firebase.build/Debug-iphoneos/FirebaseCore.build/Objects-normal/arm64/FIRFirebaseUserAgent.o -index-unit-output-path /Firebase.build/Debug-iphoneos/FirebaseCore.build/Objects-normal/arm64/FIRFirebaseUserAgent.o

WriteAuxiliaryFile /Users/emanuelflury/Library/Developer/Xcode/DerivedData/TaxedGmbH_IOS-gerngfqzuwudosgobknlgtoawnlj/Build/Intermediates.noindex/gRPC.build/Debug-iphoneos/grpcppWrapper.build/grpcppWrapper.modulemap (in target 'grpcppWrapper' from project 'gRPC')
    cd /Users/emanuelflury/Library/Developer/Xcode/DerivedData/TaxedGmbH_IOS-gerngfqzuwudosgobknlgtoawnlj/SourcePackages/checkouts/grpc-binary
    write-file /Users/emanuelflury/Library/Developer/Xcode/DerivedData/TaxedGmbH_IOS-gerngfqzuwudosgobknlgtoawnlj/Build/Intermediates.noindex/gRPC.build/Debug-iphoneos/grpcppWrapper.build/grpcppWrapper.modulemap

WriteAuxiliaryFile /Users/emanuelflury/Library/Developer/Xcode/DerivedData/TaxedGmbH_IOS-gerngfqzuwudosgobknlgtoawnlj/Build/Intermediates.noindex/gRPC.build/Debug-iphoneos/grpcppWrapper.build/grpcppWrapper.DependencyStaticMetadataFileList (in target 'grpcppWrapper' from project 'gRPC')
    cd /Users/emanuelflury/Library/Developer/Xcode/DerivedData/TaxedGmbH_IOS-gerngfqzuwudosgobknlgtoawnlj/SourcePackages/checkouts/grpc-binary
    write-file /Users/emanuelflury/Library/Developer/Xcode/DerivedData/TaxedGmbH_IOS-gerngfqzuwudosgobknlgtoawnlj/Build/Intermediates.noindex/gRPC.build/Debug-iphoneos/grpcppWrapper.build/grpcppWrapper.DependencyStaticMetadataFileList

WriteAuxiliaryFile /Users/emanuelflury/Library/Developer/Xcode/DerivedData/TaxedGmbH_IOS-gerngfqzuwudosgobknlgtoawnlj/Build/Intermediates.noindex/gRPC.build/Debug-iphoneos/grpcppWrapper.build/grpcppWrapper.DependencyMetadataFileList (in target 'grpcppWrapper' from project 'gRPC')
    cd /Users/emanuelflury/Library/Developer/Xcode/DerivedData/TaxedGmbH_IOS-gerngfqzuwudosgobknlgtoawnlj/SourcePackages/checkouts/grpc-binary
    write-file /Users/emanuelflury/Library/Developer/Xcode/DerivedData/TaxedGmbH_IOS-gerngfqzuwudosgobknlgtoawnlj/Build/Intermediates.noindex/gRPC.build/Debug-iphoneos/grpcppWrapper.build/grpcppWrapper.DependencyMetadataFileList

WriteAuxiliaryFile /Users/emanuelflury/Library/Developer/Xcode/DerivedData/TaxedGmbH_IOS-gerngfqzuwudosgobknlgtoawnlj/Build/Intermediates.noindex/gRPC.build/Debug-iphoneos/grpcppWrapper.build/Objects-normal/arm64/grpcppWrapper.LinkFileList (in target 'grpcppWrapper' from project 'gRPC')
    cd /Users/emanuelflury/Library/Developer/Xcode/DerivedData/TaxedGmbH_IOS-gerngfqzuwudosgobknlgtoawnlj/SourcePackages/checkouts/grpc-binary
    write-file /Users/emanuelflury/Library/Developer/Xcode/DerivedData/TaxedGmbH_IOS-gerngfqzuwudosgobknlgtoawnlj/Build/Intermediates.noindex/gRPC.build/Debug-iphoneos/grpcppWrapper.build/Objects-normal/arm64/grpcppWrapper.LinkFileList

WriteAuxiliaryFile /Users/emanuelflury/Library/Developer/Xcode/DerivedData/TaxedGmbH_IOS-gerngfqzuwudosgobknlgtoawnlj/Build/Intermediates.noindex/gRPC.build/Debug-iphoneos/grpcppWrapper.build/Objects-normal/arm64/e6072d4f65d7061329687fe24e3d63a7-common-args.resp (in target 'grpcppWrapper' from project 'gRPC')
    cd /Users/emanuelflury/Library/Developer/Xcode/DerivedData/TaxedGmbH_IOS-gerngfqzuwudosgobknlgtoawnlj/SourcePackages/checkouts/grpc-binary
    write-file /Users/emanuelflury/Library/Developer/Xcode/DerivedData/TaxedGmbH_IOS-gerngfqzuwudosgobknlgtoawnlj/Build/Intermediates.noindex/gRPC.build/Debug-iphoneos/grpcppWrapper.build/Objects-normal/arm64/e6072d4f65d7061329687fe24e3d63a7-common-args.resp
-target arm64-apple-ios12.0 -fobjc-arc -fmodules -gmodules '-fmodules-cache-path=/Users/emanuelflury/Library/Developer/Xcode/DerivedData/ModuleCache.noindex' '-fmodule-name=grpcppWrapper' -fpascal-strings -O0 -DSWIFT_PACKAGE '-DDEBUG=1' '-DOBJC_OLD_DISPATCH_PROTOTYPES=1' -isysroot /Applications/Xcode.app/Contents/Developer/Platforms/iPhoneOS.platform/Developer/SDKs/iPhoneOS26.1.sdk -g -fprofile-instr-generate -fcoverage-mapping -I/Users/emanuelflury/Library/Developer/Xcode/DerivedData/TaxedGmbH_IOS-gerngfqzuwudosgobknlgtoawnlj/SourcePackages/checkouts/abseil-cpp-binary/absl-Wrapper/include -I/Users/emanuelflury/Library/Developer/Xcode/DerivedData/TaxedGmbH_IOS-gerngfqzuwudosgobknlgtoawnlj/SourcePackages/checkouts/grpc-binary/openssl-grpc-Wrapper/include -I/Users/emanuelflury/Library/Developer/Xcode/DerivedData/TaxedGmbH_IOS-gerngfqzuwudosgobknlgtoawnlj/SourcePackages/checkouts/grpc-binary/grpc-Wrapper/include -I/Users/emanuelflury/Library/Developer/Xcode/DerivedData/TaxedGmbH_IOS-gerngfqzuwudosgobknlgtoawnlj/Build/Products/Debug-iphoneos/include -I/Users/emanuelflury/Library/Developer/Xcode/DerivedData/TaxedGmbH_IOS-gerngfqzuwudosgobknlgtoawnlj/SourcePackages/checkouts/grpc-binary/grpcpp-Wrapper/include -I/Users/emanuelflury/Library/Developer/Xcode/DerivedData/TaxedGmbH_IOS-gerngfqzuwudosgobknlgtoawnlj/Build/Intermediates.noindex/gRPC.build/Debug-iphoneos/grpcppWrapper.build/DerivedSources-normal/arm64 -I/Users/emanuelflury/Library/Developer/Xcode/DerivedData/TaxedGmbH_IOS-gerngfqzuwudosgobknlgtoawnlj/Build/Intermediates.noindex/gRPC.build/Debug-iphoneos/grpcppWrapper.build/DerivedSources/arm64 -I/Users/emanuelflury/Library/Developer/Xcode/DerivedData/TaxedGmbH_IOS-gerngfqzuwudosgobknlgtoawnlj/Build/Intermediates.noindex/gRPC.build/Debug-iphoneos/grpcppWrapper.build/DerivedSources -F/Users/emanuelflury/Library/Developer/Xcode/DerivedData/TaxedGmbH_IOS-gerngfqzuwudosgobknlgtoawnlj/Build/Products/Debug-iphoneos/PackageFrameworks -F/Users/emanuelflury/Library/Developer/Xcode/DerivedData/TaxedGmbH_IOS-gerngfqzuwudosgobknlgtoawnlj/Build/Products/Debug-iphoneos/PackageFrameworks -F/Users/emanuelflury/Library/Developer/Xcode/DerivedData/TaxedGmbH_IOS-gerngfqzuwudosgobknlgtoawnlj/Build/Products/Debug-iphoneos/PackageFrameworks -F/Users/emanuelflury/Library/Developer/Xcode/DerivedData/TaxedGmbH_IOS-gerngfqzuwudosgobknlgtoawnlj/Build/Products/Debug-iphoneos -iframework /Applications/Xcode.app/Contents/Developer/Platforms/iPhoneOS.platform/Developer/Library/Frameworks -iframework /Applications/Xcode.app/Contents/Developer/Platforms/iPhoneOS.platform/Developer/SDKs/iPhoneOS26.1.sdk/Developer/Library/Frameworks '-fmodule-map-file=/Users/emanuelflury/Library/Developer/Xcode/DerivedData/TaxedGmbH_IOS-gerngfqzuwudosgobknlgtoawnlj/Build/Intermediates.noindex/GeneratedModuleMaps-iphoneos/abslWrapper.modulemap' '-fmodule-map-file=/Users/emanuelflury/Library/Developer/Xcode/DerivedData/TaxedGmbH_IOS-gerngfqzuwudosgobknlgtoawnlj/Build/Intermediates.noindex/GeneratedModuleMaps-iphoneos/opensslWrapper.modulemap' '-fmodule-map-file=/Users/emanuelflury/Library/Developer/Xcode/DerivedData/TaxedGmbH_IOS-gerngfqzuwudosgobknlgtoawnlj/Build/Intermediates.noindex/GeneratedModuleMaps-iphoneos/grpcWrapper.modulemap' -DXcode

WriteAuxiliaryFile /Users/emanuelflury/Library/Developer/Xcode/DerivedData/TaxedGmbH_IOS-gerngfqzuwudosgobknlgtoawnlj/Build/Intermediates.noindex/gRPC.build/Debug-iphoneos/grpcppWrapper.build/DerivedSources/resource_bundle_accessor.m (in target 'grpcppWrapper' from project 'gRPC')
    cd /Users/emanuelflury/Library/Developer/Xcode/DerivedData/TaxedGmbH_IOS-gerngfqzuwudosgobknlgtoawnlj/SourcePackages/checkouts/grpc-binary
    write-file /Users/emanuelflury/Library/Developer/Xcode/DerivedData/TaxedGmbH_IOS-gerngfqzuwudosgobknlgtoawnlj/Build/Intermediates.noindex/gRPC.build/Debug-iphoneos/grpcppWrapper.build/DerivedSources/resource_bundle_accessor.m

WriteAuxiliaryFile /Users/emanuelflury/Library/Developer/Xcode/DerivedData/TaxedGmbH_IOS-gerngfqzuwudosgobknlgtoawnlj/Build/Intermediates.noindex/gRPC.build/Debug-iphoneos/grpcppWrapper.build/DerivedSources/resource_bundle_accessor.h (in target 'grpcppWrapper' from project 'gRPC')
    cd /Users/emanuelflury/Library/Developer/Xcode/DerivedData/TaxedGmbH_IOS-gerngfqzuwudosgobknlgtoawnlj/SourcePackages/checkouts/grpc-binary
    write-file /Users/emanuelflury/Library/Developer/Xcode/DerivedData/TaxedGmbH_IOS-gerngfqzuwudosgobknlgtoawnlj/Build/Intermediates.noindex/gRPC.build/Debug-iphoneos/grpcppWrapper.build/DerivedSources/resource_bundle_accessor.h

Copy /Users/emanuelflury/Library/Developer/Xcode/DerivedData/TaxedGmbH_IOS-gerngfqzuwudosgobknlgtoawnlj/Build/Intermediates.noindex/GeneratedModuleMaps-iphoneos/grpcppWrapper.modulemap /Users/emanuelflury/Library/Developer/Xcode/DerivedData/TaxedGmbH_IOS-gerngfqzuwudosgobknlgtoawnlj/Build/Intermediates.noindex/gRPC.build/Debug-iphoneos/grpcppWrapper.build/grpcppWrapper.modulemap (in target 'grpcppWrapper' from project 'gRPC')
    cd /Users/emanuelflury/Library/Developer/Xcode/DerivedData/TaxedGmbH_IOS-gerngfqzuwudosgobknlgtoawnlj/SourcePackages/checkouts/grpc-binary
    builtin-copy -exclude .DS_Store -exclude CVS -exclude .svn -exclude .git -exclude .hg -resolve-src-symlinks /Users/emanuelflury/Library/Developer/Xcode/DerivedData/TaxedGmbH_IOS-gerngfqzuwudosgobknlgtoawnlj/Build/Intermediates.noindex/gRPC.build/Debug-iphoneos/grpcppWrapper.build/grpcppWrapper.modulemap /Users/emanuelflury/Library/Developer/Xcode/DerivedData/TaxedGmbH_IOS-gerngfqzuwudosgobknlgtoawnlj/Build/Intermediates.noindex/GeneratedModuleMaps-iphoneos

WriteAuxiliaryFile /Users/emanuelflury/Library/Developer/Xcode/DerivedData/TaxedGmbH_IOS-gerngfqzuwudosgobknlgtoawnlj/Build/Intermediates.noindex/gRPC.build/Debug-iphoneos/grpcWrapper.build/grpcWrapper.modulemap (in target 'grpcWrapper' from project 'gRPC')
    cd /Users/emanuelflury/Library/Developer/Xcode/DerivedData/TaxedGmbH_IOS-gerngfqzuwudosgobknlgtoawnlj/SourcePackages/checkouts/grpc-binary
    write-file /Users/emanuelflury/Library/Developer/Xcode/DerivedData/TaxedGmbH_IOS-gerngfqzuwudosgobknlgtoawnlj/Build/Intermediates.noindex/gRPC.build/Debug-iphoneos/grpcWrapper.build/grpcWrapper.modulemap

WriteAuxiliaryFile /Users/emanuelflury/Library/Developer/Xcode/DerivedData/TaxedGmbH_IOS-gerngfqzuwudosgobknlgtoawnlj/Build/Intermediates.noindex/gRPC.build/Debug-iphoneos/grpcWrapper.build/grpcWrapper.DependencyStaticMetadataFileList (in target 'grpcWrapper' from project 'gRPC')
    cd /Users/emanuelflury/Library/Developer/Xcode/DerivedData/TaxedGmbH_IOS-gerngfqzuwudosgobknlgtoawnlj/SourcePackages/checkouts/grpc-binary
    write-file /Users/emanuelflury/Library/Developer/Xcode/DerivedData/TaxedGmbH_IOS-gerngfqzuwudosgobknlgtoawnlj/Build/Intermediates.noindex/gRPC.build/Debug-iphoneos/grpcWrapper.build/grpcWrapper.DependencyStaticMetadataFileList

WriteAuxiliaryFile /Users/emanuelflury/Library/Developer/Xcode/DerivedData/TaxedGmbH_IOS-gerngfqzuwudosgobknlgtoawnlj/Build/Intermediates.noindex/gRPC.build/Debug-iphoneos/grpcWrapper.build/grpcWrapper.DependencyMetadataFileList (in target 'grpcWrapper' from project 'gRPC')
    cd /Users/emanuelflury/Library/Developer/Xcode/DerivedData/TaxedGmbH_IOS-gerngfqzuwudosgobknlgtoawnlj/SourcePackages/checkouts/grpc-binary
    write-file /Users/emanuelflury/Library/Developer/Xcode/DerivedData/TaxedGmbH_IOS-gerngfqzuwudosgobknlgtoawnlj/Build/Intermediates.noindex/gRPC.build/Debug-iphoneos/grpcWrapper.build/grpcWrapper.DependencyMetadataFileList

WriteAuxiliaryFile /Users/emanuelflury/Library/Developer/Xcode/DerivedData/TaxedGmbH_IOS-gerngfqzuwudosgobknlgtoawnlj/Build/Intermediates.noindex/gRPC.build/Debug-iphoneos/grpcWrapper.build/Objects-normal/arm64/grpcWrapper.LinkFileList (in target 'grpcWrapper' from project 'gRPC')
    cd /Users/emanuelflury/Library/Developer/Xcode/DerivedData/TaxedGmbH_IOS-gerngfqzuwudosgobknlgtoawnlj/SourcePackages/checkouts/grpc-binary
    write-file /Users/emanuelflury/Library/Developer/Xcode/DerivedData/TaxedGmbH_IOS-gerngfqzuwudosgobknlgtoawnlj/Build/Intermediates.noindex/gRPC.build/Debug-iphoneos/grpcWrapper.build/Objects-normal/arm64/grpcWrapper.LinkFileList

WriteAuxiliaryFile /Users/emanuelflury/Library/Developer/Xcode/DerivedData/TaxedGmbH_IOS-gerngfqzuwudosgobknlgtoawnlj/Build/Intermediates.noindex/gRPC.build/Debug-iphoneos/grpcWrapper.build/Objects-normal/arm64/e6072d4f65d7061329687fe24e3d63a7-common-args.resp (in target 'grpcWrapper' from project 'gRPC')
    cd /Users/emanuelflury/Library/Developer/Xcode/DerivedData/TaxedGmbH_IOS-gerngfqzuwudosgobknlgtoawnlj/SourcePackages/checkouts/grpc-binary
    write-file /Users/emanuelflury/Library/Developer/Xcode/DerivedData/TaxedGmbH_IOS-gerngfqzuwudosgobknlgtoawnlj/Build/Intermediates.noindex/gRPC.build/Debug-iphoneos/grpcWrapper.build/Objects-normal/arm64/e6072d4f65d7061329687fe24e3d63a7-common-args.resp
-target arm64-apple-ios12.0 -fobjc-arc -fmodules -gmodules '-fmodules-cache-path=/Users/emanuelflury/Library/Developer/Xcode/DerivedData/ModuleCache.noindex' '-fmodule-name=grpcWrapper' -fpascal-strings -O0 -DSWIFT_PACKAGE '-DDEBUG=1' '-DOBJC_OLD_DISPATCH_PROTOTYPES=1' -isysroot /Applications/Xcode.app/Contents/Developer/Platforms/iPhoneOS.platform/Developer/SDKs/iPhoneOS26.1.sdk -g -fprofile-instr-generate -fcoverage-mapping -I/Users/emanuelflury/Library/Developer/Xcode/DerivedData/TaxedGmbH_IOS-gerngfqzuwudosgobknlgtoawnlj/Build/Products/Debug-iphoneos/include -I/Users/emanuelflury/Library/Developer/Xcode/DerivedData/TaxedGmbH_IOS-gerngfqzuwudosgobknlgtoawnlj/SourcePackages/checkouts/grpc-binary/grpc-Wrapper/include -I/Users/emanuelflury/Library/Developer/Xcode/DerivedData/TaxedGmbH_IOS-gerngfqzuwudosgobknlgtoawnlj/Build/Intermediates.noindex/gRPC.build/Debug-iphoneos/grpcWrapper.build/DerivedSources-normal/arm64 -I/Users/emanuelflury/Library/Developer/Xcode/DerivedData/TaxedGmbH_IOS-gerngfqzuwudosgobknlgtoawnlj/Build/Intermediates.noindex/gRPC.build/Debug-iphoneos/grpcWrapper.build/DerivedSources/arm64 -I/Users/emanuelflury/Library/Developer/Xcode/DerivedData/TaxedGmbH_IOS-gerngfqzuwudosgobknlgtoawnlj/Build/Intermediates.noindex/gRPC.build/Debug-iphoneos/grpcWrapper.build/DerivedSources -F/Users/emanuelflury/Library/Developer/Xcode/DerivedData/TaxedGmbH_IOS-gerngfqzuwudosgobknlgtoawnlj/Build/Products/Debug-iphoneos -iframework /Applications/Xcode.app/Contents/Developer/Platforms/iPhoneOS.platform/Developer/Library/Frameworks -iframework /Applications/Xcode.app/Contents/Developer/Platforms/iPhoneOS.platform/Developer/SDKs/iPhoneOS26.1.sdk/Developer/Library/Frameworks -DXcode

WriteAuxiliaryFile /Users/emanuelflury/Library/Developer/Xcode/DerivedData/TaxedGmbH_IOS-gerngfqzuwudosgobknlgtoawnlj/Build/Intermediates.noindex/gRPC.build/Debug-iphoneos/grpcWrapper.build/DerivedSources/resource_bundle_accessor.m (in target 'grpcWrapper' from project 'gRPC')
    cd /Users/emanuelflury/Library/Developer/Xcode/DerivedData/TaxedGmbH_IOS-gerngfqzuwudosgobknlgtoawnlj/SourcePackages/checkouts/grpc-binary
    write-file /Users/emanuelflury/Library/Developer/Xcode/DerivedData/TaxedGmbH_IOS-gerngfqzuwudosgobknlgtoawnlj/Build/Intermediates.noindex/gRPC.build/Debug-iphoneos/grpcWrapper.build/DerivedSources/resource_bundle_accessor.m

WriteAuxiliaryFile /Users/emanuelflury/Library/Developer/Xcode/DerivedData/TaxedGmbH_IOS-gerngfqzuwudosgobknlgtoawnlj/Build/Intermediates.noindex/gRPC.build/Debug-iphoneos/grpcWrapper.build/DerivedSources/resource_bundle_accessor.h (in target 'grpcWrapper' from project 'gRPC')
    cd /Users/emanuelflury/Library/Developer/Xcode/DerivedData/TaxedGmbH_IOS-gerngfqzuwudosgobknlgtoawnlj/SourcePackages/checkouts/grpc-binary
    write-file /Users/emanuelflury/Library/Developer/Xcode/DerivedData/TaxedGmbH_IOS-gerngfqzuwudosgobknlgtoawnlj/Build/Intermediates.noindex/gRPC.build/Debug-iphoneos/grpcWrapper.build/DerivedSources/resource_bundle_accessor.h

Copy /Users/emanuelflury/Library/Developer/Xcode/DerivedData/TaxedGmbH_IOS-gerngfqzuwudosgobknlgtoawnlj/Build/Intermediates.noindex/GeneratedModuleMaps-iphoneos/grpcWrapper.modulemap /Users/emanuelflury/Library/Developer/Xcode/DerivedData/TaxedGmbH_IOS-gerngfqzuwudosgobknlgtoawnlj/Build/Intermediates.noindex/gRPC.build/Debug-iphoneos/grpcWrapper.build/grpcWrapper.modulemap (in target 'grpcWrapper' from project 'gRPC')
    cd /Users/emanuelflury/Library/Developer/Xcode/DerivedData/TaxedGmbH_IOS-gerngfqzuwudosgobknlgtoawnlj/SourcePackages/checkouts/grpc-binary
    builtin-copy -exclude .DS_Store -exclude CVS -exclude .svn -exclude .git -exclude .hg -resolve-src-symlinks /Users/emanuelflury/Library/Developer/Xcode/DerivedData/TaxedGmbH_IOS-gerngfqzuwudosgobknlgtoawnlj/Build/Intermediates.noindex/gRPC.build/Debug-iphoneos/grpcWrapper.build/grpcWrapper.modulemap /Users/emanuelflury/Library/Developer/Xcode/DerivedData/TaxedGmbH_IOS-gerngfqzuwudosgobknlgtoawnlj/Build/Intermediates.noindex/GeneratedModuleMaps-iphoneos

WriteAuxiliaryFile /Users/emanuelflury/Library/Developer/Xcode/DerivedData/TaxedGmbH_IOS-gerngfqzuwudosgobknlgtoawnlj/Build/Intermediates.noindex/TaxedGmbH_IOS.build/Debug-iphoneos/TaxedGmbH_IOS.build/empty-TaxedGmbH_IOS.plist (in target 'TaxedGmbH_IOS' from project 'TaxedGmbH_IOS')
    cd /Users/emanuelflury/github/TaxedGmbH_IOS
    write-file /Users/emanuelflury/Library/Developer/Xcode/DerivedData/TaxedGmbH_IOS-gerngfqzuwudosgobknlgtoawnlj/Build/Intermediates.noindex/TaxedGmbH_IOS.build/Debug-iphoneos/TaxedGmbH_IOS.build/empty-TaxedGmbH_IOS.plist

WriteAuxiliaryFile /Users/emanuelflury/Library/Developer/Xcode/DerivedData/TaxedGmbH_IOS-gerngfqzuwudosgobknlgtoawnlj/Build/Intermediates.noindex/TaxedGmbH_IOS.build/Debug-iphoneos/TaxedGmbH_IOS.build/TaxedGmbH_IOS.hmap (in target 'TaxedGmbH_IOS' from project 'TaxedGmbH_IOS')
    cd /Users/emanuelflury/github/TaxedGmbH_IOS
    write-file /Users/emanuelflury/Library/Developer/Xcode/DerivedData/TaxedGmbH_IOS-gerngfqzuwudosgobknlgtoawnlj/Build/Intermediates.noindex/TaxedGmbH_IOS.build/Debug-iphoneos/TaxedGmbH_IOS.build/TaxedGmbH_IOS.hmap

WriteAuxiliaryFile /Users/emanuelflury/Library/Developer/Xcode/DerivedData/TaxedGmbH_IOS-gerngfqzuwudosgobknlgtoawnlj/Build/Intermediates.noindex/TaxedGmbH_IOS.build/Debug-iphoneos/TaxedGmbH_IOS.build/TaxedGmbH_IOS.DependencyStaticMetadataFileList (in target 'TaxedGmbH_IOS' from project 'TaxedGmbH_IOS')
    cd /Users/emanuelflury/github/TaxedGmbH_IOS
    write-file /Users/emanuelflury/Library/Developer/Xcode/DerivedData/TaxedGmbH_IOS-gerngfqzuwudosgobknlgtoawnlj/Build/Intermediates.noindex/TaxedGmbH_IOS.build/Debug-iphoneos/TaxedGmbH_IOS.build/TaxedGmbH_IOS.DependencyStaticMetadataFileList

WriteAuxiliaryFile /Users/emanuelflury/Library/Developer/Xcode/DerivedData/TaxedGmbH_IOS-gerngfqzuwudosgobknlgtoawnlj/Build/Intermediates.noindex/TaxedGmbH_IOS.build/Debug-iphoneos/TaxedGmbH_IOS.build/TaxedGmbH_IOS.DependencyMetadataFileList (in target 'TaxedGmbH_IOS' from project 'TaxedGmbH_IOS')
    cd /Users/emanuelflury/github/TaxedGmbH_IOS
    write-file /Users/emanuelflury/Library/Developer/Xcode/DerivedData/TaxedGmbH_IOS-gerngfqzuwudosgobknlgtoawnlj/Build/Intermediates.noindex/TaxedGmbH_IOS.build/Debug-iphoneos/TaxedGmbH_IOS.build/TaxedGmbH_IOS.DependencyMetadataFileList

WriteAuxiliaryFile /Users/emanuelflury/Library/Developer/Xcode/DerivedData/TaxedGmbH_IOS-gerngfqzuwudosgobknlgtoawnlj/Build/Intermediates.noindex/TaxedGmbH_IOS.build/Debug-iphoneos/TaxedGmbH_IOS.build/TaxedGmbH_IOS-project-headers.hmap (in target 'TaxedGmbH_IOS' from project 'TaxedGmbH_IOS')
    cd /Users/emanuelflury/github/TaxedGmbH_IOS
    write-file /Users/emanuelflury/Library/Developer/Xcode/DerivedData/TaxedGmbH_IOS-gerngfqzuwudosgobknlgtoawnlj/Build/Intermediates.noindex/TaxedGmbH_IOS.build/Debug-iphoneos/TaxedGmbH_IOS.build/TaxedGmbH_IOS-project-headers.hmap

WriteAuxiliaryFile /Users/emanuelflury/Library/Developer/Xcode/DerivedData/TaxedGmbH_IOS-gerngfqzuwudosgobknlgtoawnlj/Build/Intermediates.noindex/TaxedGmbH_IOS.build/Debug-iphoneos/TaxedGmbH_IOS.build/TaxedGmbH_IOS-own-target-headers.hmap (in target 'TaxedGmbH_IOS' from project 'TaxedGmbH_IOS')
    cd /Users/emanuelflury/github/TaxedGmbH_IOS
    write-file /Users/emanuelflury/Library/Developer/Xcode/DerivedData/TaxedGmbH_IOS-gerngfqzuwudosgobknlgtoawnlj/Build/Intermediates.noindex/TaxedGmbH_IOS.build/Debug-iphoneos/TaxedGmbH_IOS.build/TaxedGmbH_IOS-own-target-headers.hmap

WriteAuxiliaryFile /Users/emanuelflury/Library/Developer/Xcode/DerivedData/TaxedGmbH_IOS-gerngfqzuwudosgobknlgtoawnlj/Build/Intermediates.noindex/TaxedGmbH_IOS.build/Debug-iphoneos/TaxedGmbH_IOS.build/TaxedGmbH_IOS-generated-files.hmap (in target 'TaxedGmbH_IOS' from project 'TaxedGmbH_IOS')
    cd /Users/emanuelflury/github/TaxedGmbH_IOS
    write-file /Users/emanuelflury/Library/Developer/Xcode/DerivedData/TaxedGmbH_IOS-gerngfqzuwudosgobknlgtoawnlj/Build/Intermediates.noindex/TaxedGmbH_IOS.build/Debug-iphoneos/TaxedGmbH_IOS.build/TaxedGmbH_IOS-generated-files.hmap

WriteAuxiliaryFile /Users/emanuelflury/Library/Developer/Xcode/DerivedData/TaxedGmbH_IOS-gerngfqzuwudosgobknlgtoawnlj/Build/Intermediates.noindex/TaxedGmbH_IOS.build/Debug-iphoneos/TaxedGmbH_IOS.build/TaxedGmbH_IOS-all-target-headers.hmap (in target 'TaxedGmbH_IOS' from project 'TaxedGmbH_IOS')
    cd /Users/emanuelflury/github/TaxedGmbH_IOS
    write-file /Users/emanuelflury/Library/Developer/Xcode/DerivedData/TaxedGmbH_IOS-gerngfqzuwudosgobknlgtoawnlj/Build/Intermediates.noindex/TaxedGmbH_IOS.build/Debug-iphoneos/TaxedGmbH_IOS.build/TaxedGmbH_IOS-all-target-headers.hmap

WriteAuxiliaryFile /Users/emanuelflury/Library/Developer/Xcode/DerivedData/TaxedGmbH_IOS-gerngfqzuwudosgobknlgtoawnlj/Build/Intermediates.noindex/TaxedGmbH_IOS.build/Debug-iphoneos/TaxedGmbH_IOS.build/TaxedGmbH_IOS-all-non-framework-target-headers.hmap (in target 'TaxedGmbH_IOS' from project 'TaxedGmbH_IOS')
    cd /Users/emanuelflury/github/TaxedGmbH_IOS
    write-file /Users/emanuelflury/Library/Developer/Xcode/DerivedData/TaxedGmbH_IOS-gerngfqzuwudosgobknlgtoawnlj/Build/Intermediates.noindex/TaxedGmbH_IOS.build/Debug-iphoneos/TaxedGmbH_IOS.build/TaxedGmbH_IOS-all-non-framework-target-headers.hmap

WriteAuxiliaryFile /Users/emanuelflury/Library/Developer/Xcode/DerivedData/TaxedGmbH_IOS-gerngfqzuwudosgobknlgtoawnlj/Build/Intermediates.noindex/TaxedGmbH_IOS.build/Debug-iphoneos/TaxedGmbH_IOS.build/TaxedGmbH_IOS-DebugDylibPath-normal-arm64.txt (in target 'TaxedGmbH_IOS' from project 'TaxedGmbH_IOS')
    cd /Users/emanuelflury/github/TaxedGmbH_IOS
    write-file /Users/emanuelflury/Library/Developer/Xcode/DerivedData/TaxedGmbH_IOS-gerngfqzuwudosgobknlgtoawnlj/Build/Intermediates.noindex/TaxedGmbH_IOS.build/Debug-iphoneos/TaxedGmbH_IOS.build/TaxedGmbH_IOS-DebugDylibPath-normal-arm64.txt

WriteAuxiliaryFile /Users/emanuelflury/Library/Developer/Xcode/DerivedData/TaxedGmbH_IOS-gerngfqzuwudosgobknlgtoawnlj/Build/Intermediates.noindex/TaxedGmbH_IOS.build/Debug-iphoneos/TaxedGmbH_IOS.build/TaxedGmbH_IOS-DebugDylibInstallName-normal-arm64.txt (in target 'TaxedGmbH_IOS' from project 'TaxedGmbH_IOS')
    cd /Users/emanuelflury/github/TaxedGmbH_IOS
    write-file /Users/emanuelflury/Library/Developer/Xcode/DerivedData/TaxedGmbH_IOS-gerngfqzuwudosgobknlgtoawnlj/Build/Intermediates.noindex/TaxedGmbH_IOS.build/Debug-iphoneos/TaxedGmbH_IOS.build/TaxedGmbH_IOS-DebugDylibInstallName-normal-arm64.txt

WriteAuxiliaryFile /Users/emanuelflury/Library/Developer/Xcode/DerivedData/TaxedGmbH_IOS-gerngfqzuwudosgobknlgtoawnlj/Build/Intermediates.noindex/TaxedGmbH_IOS.build/Debug-iphoneos/TaxedGmbH_IOS.build/Objects-normal/arm64/TaxedGmbH_IOS_const_extract_protocols.json (in target 'TaxedGmbH_IOS' from project 'TaxedGmbH_IOS')
    cd /Users/emanuelflury/github/TaxedGmbH_IOS
    write-file /Users/emanuelflury/Library/Developer/Xcode/DerivedData/TaxedGmbH_IOS-gerngfqzuwudosgobknlgtoawnlj/Build/Intermediates.noindex/TaxedGmbH_IOS.build/Debug-iphoneos/TaxedGmbH_IOS.build/Objects-normal/arm64/TaxedGmbH_IOS_const_extract_protocols.json

WriteAuxiliaryFile /Users/emanuelflury/Library/Developer/Xcode/DerivedData/TaxedGmbH_IOS-gerngfqzuwudosgobknlgtoawnlj/Build/Intermediates.noindex/TaxedGmbH_IOS.build/Debug-iphoneos/TaxedGmbH_IOS.build/Objects-normal/arm64/TaxedGmbH_IOS.SwiftFileList (in target 'TaxedGmbH_IOS' from project 'TaxedGmbH_IOS')
    cd /Users/emanuelflury/github/TaxedGmbH_IOS
    write-file /Users/emanuelflury/Library/Developer/Xcode/DerivedData/TaxedGmbH_IOS-gerngfqzuwudosgobknlgtoawnlj/Build/Intermediates.noindex/TaxedGmbH_IOS.build/Debug-iphoneos/TaxedGmbH_IOS.build/Objects-normal/arm64/TaxedGmbH_IOS.SwiftFileList

WriteAuxiliaryFile /Users/emanuelflury/Library/Developer/Xcode/DerivedData/TaxedGmbH_IOS-gerngfqzuwudosgobknlgtoawnlj/Build/Intermediates.noindex/TaxedGmbH_IOS.build/Debug-iphoneos/TaxedGmbH_IOS.build/Objects-normal/arm64/TaxedGmbH_IOS.SwiftConstValuesFileList (in target 'TaxedGmbH_IOS' from project 'TaxedGmbH_IOS')
    cd /Users/emanuelflury/github/TaxedGmbH_IOS
    write-file /Users/emanuelflury/Library/Developer/Xcode/DerivedData/TaxedGmbH_IOS-gerngfqzuwudosgobknlgtoawnlj/Build/Intermediates.noindex/TaxedGmbH_IOS.build/Debug-iphoneos/TaxedGmbH_IOS.build/Objects-normal/arm64/TaxedGmbH_IOS.SwiftConstValuesFileList

WriteAuxiliaryFile /Users/emanuelflury/Library/Developer/Xcode/DerivedData/TaxedGmbH_IOS-gerngfqzuwudosgobknlgtoawnlj/Build/Intermediates.noindex/TaxedGmbH_IOS.build/Debug-iphoneos/TaxedGmbH_IOS.build/Objects-normal/arm64/TaxedGmbH_IOS.LinkFileList (in target 'TaxedGmbH_IOS' from project 'TaxedGmbH_IOS')
    cd /Users/emanuelflury/github/TaxedGmbH_IOS
    write-file /Users/emanuelflury/Library/Developer/Xcode/DerivedData/TaxedGmbH_IOS-gerngfqzuwudosgobknlgtoawnlj/Build/Intermediates.noindex/TaxedGmbH_IOS.build/Debug-iphoneos/TaxedGmbH_IOS.build/Objects-normal/arm64/TaxedGmbH_IOS.LinkFileList

WriteAuxiliaryFile /Users/emanuelflury/Library/Developer/Xcode/DerivedData/TaxedGmbH_IOS-gerngfqzuwudosgobknlgtoawnlj/Build/Intermediates.noindex/TaxedGmbH_IOS.build/Debug-iphoneos/TaxedGmbH_IOS.build/Objects-normal/arm64/TaxedGmbH_IOS-OutputFileMap.json (in target 'TaxedGmbH_IOS' from project 'TaxedGmbH_IOS')
    cd /Users/emanuelflury/github/TaxedGmbH_IOS
    write-file /Users/emanuelflury/Library/Developer/Xcode/DerivedData/TaxedGmbH_IOS-gerngfqzuwudosgobknlgtoawnlj/Build/Intermediates.noindex/TaxedGmbH_IOS.build/Debug-iphoneos/TaxedGmbH_IOS.build/Objects-normal/arm64/TaxedGmbH_IOS-OutputFileMap.json

SwiftExplicitDependencyGeneratePcm arm64 /Users/emanuelflury/Library/Developer/Xcode/DerivedData/TaxedGmbH_IOS-gerngfqzuwudosgobknlgtoawnlj/Build/Intermediates.noindex/SwiftExplicitPrecompiledModules/FirebaseCore-9I5XY4T9DB2DSVVPHA7NKY3WI.pcm

WriteAuxiliaryFile /Users/emanuelflury/Library/Developer/Xcode/DerivedData/TaxedGmbH_IOS-gerngfqzuwudosgobknlgtoawnlj/Build/Intermediates.noindex/TaxedGmbH_IOS.build/Debug-iphoneos/TaxedGmbH_IOS.build/DerivedSources/Entitlements.plist (in target 'TaxedGmbH_IOS' from project 'TaxedGmbH_IOS')
    cd /Users/emanuelflury/github/TaxedGmbH_IOS
    write-file /Users/emanuelflury/Library/Developer/Xcode/DerivedData/TaxedGmbH_IOS-gerngfqzuwudosgobknlgtoawnlj/Build/Intermediates.noindex/TaxedGmbH_IOS.build/Debug-iphoneos/TaxedGmbH_IOS.build/DerivedSources/Entitlements.plist

SwiftExplicitDependencyGeneratePcm arm64 /Users/emanuelflury/Library/Developer/Xcode/DerivedData/TaxedGmbH_IOS-gerngfqzuwudosgobknlgtoawnlj/Build/Intermediates.noindex/SwiftExplicitPrecompiledModules/GTMSessionFetcherCore-38X417L7Z2U5PCN3Y3RCFA8IC.pcm

SwiftExplicitDependencyGeneratePcm arm64 /Users/emanuelflury/Library/Developer/Xcode/DerivedData/TaxedGmbH_IOS-gerngfqzuwudosgobknlgtoawnlj/Build/Intermediates.noindex/SwiftExplicitPrecompiledModules/FirebaseAppCheckInterop-8ZKPIL4AQV3H5GW692AXSSFG3.pcm

SwiftExplicitDependencyGeneratePcm arm64 /Users/emanuelflury/Library/Developer/Xcode/DerivedData/TaxedGmbH_IOS-gerngfqzuwudosgobknlgtoawnlj/Build/Intermediates.noindex/SwiftExplicitPrecompiledModules/FirebaseMessagingInterop-DVTGRHBXMNHJSADEPS652Y9X0.pcm

SwiftExplicitDependencyGeneratePcm arm64 /Users/emanuelflury/Library/Developer/Xcode/DerivedData/TaxedGmbH_IOS-gerngfqzuwudosgobknlgtoawnlj/Build/Intermediates.noindex/SwiftExplicitPrecompiledModules/FirebaseAuthInterop-38AGAOBOIDPPG1ZP6WJQZ7E7S.pcm

MkDir /Users/emanuelflury/Library/Developer/Xcode/DerivedData/TaxedGmbH_IOS-gerngfqzuwudosgobknlgtoawnlj/Build/Products/Debug-iphoneos/TaxedGmbH_IOS.app/Frameworks (in target 'TaxedGmbH_IOS' from project 'TaxedGmbH_IOS')
    cd /Users/emanuelflury/github/TaxedGmbH_IOS
    /bin/mkdir -p /Users/emanuelflury/Library/Developer/Xcode/DerivedData/TaxedGmbH_IOS-gerngfqzuwudosgobknlgtoawnlj/Build/Products/Debug-iphoneos/TaxedGmbH_IOS.app/Frameworks

MkDir /Users/emanuelflury/Library/Developer/Xcode/DerivedData/TaxedGmbH_IOS-gerngfqzuwudosgobknlgtoawnlj/Build/Products/Debug-iphoneos/TaxedGmbH_IOS.app (in target 'TaxedGmbH_IOS' from project 'TaxedGmbH_IOS')
    cd /Users/emanuelflury/github/TaxedGmbH_IOS
    /bin/mkdir -p /Users/emanuelflury/Library/Developer/Xcode/DerivedData/TaxedGmbH_IOS-gerngfqzuwudosgobknlgtoawnlj/Build/Products/Debug-iphoneos/TaxedGmbH_IOS.app

ScanDependencies /Users/emanuelflury/Library/Developer/Xcode/DerivedData/TaxedGmbH_IOS-gerngfqzuwudosgobknlgtoawnlj/Build/Intermediates.noindex/Firebase.build/Debug-iphoneos/FirebaseCore.build/Objects-normal/arm64/FIRConfiguration.o /Users/emanuelflury/Library/Developer/Xcode/DerivedData/TaxedGmbH_IOS-gerngfqzuwudosgobknlgtoawnlj/SourcePackages/checkouts/firebase-ios-sdk/FirebaseCore/Sources/FIRConfiguration.m normal arm64 objective-c com.apple.compilers.llvm.clang.1_0.compiler (in target 'FirebaseCore' from project 'Firebase')
    cd /Users/emanuelflury/github/TaxedGmbH_IOS/TaxedGmbH_IOS.xcodeproj
    
    Using response file: /Users/emanuelflury/Library/Developer/Xcode/DerivedData/TaxedGmbH_IOS-gerngfqzuwudosgobknlgtoawnlj/Build/Intermediates.noindex/Firebase.build/Debug-iphoneos/FirebaseCore.build/Objects-normal/arm64/e6072d4f65d7061329687fe24e3d63a7-common-args.resp
    
    builtin-ScanDependencies -o /Users/emanuelflury/Library/Developer/Xcode/DerivedData/TaxedGmbH_IOS-gerngfqzuwudosgobknlgtoawnlj/Build/Intermediates.noindex/Firebase.build/Debug-iphoneos/FirebaseCore.build/Objects-normal/arm64/FIRConfiguration.o.scan -- /Applications/Xcode.app/Contents/Developer/Toolchains/XcodeDefault.xctoolchain/usr/bin/clang -x objective-c -ivfsstatcache /Users/emanuelflury/Library/Developer/Xcode/DerivedData/SDKStatCaches.noindex/iphoneos26.1-23B77-69b33fc7382b27d9b5d46e82a00f8e78.sdkstatcache -fmessage-length\=0 -fdiagnostics-show-note-include-stack -fmacro-backtrace-limit\=0 -fno-color-diagnostics -fmodules-prune-interval\=86400 -fmodules-prune-after\=345600 -fbuild-session-file\=/Users/emanuelflury/Library/Developer/Xcode/DerivedData/ModuleCache.noindex/Session.modulevalidation -fmodules-validate-once-per-build-session -Wnon-modular-include-in-framework-module -Werror\=non-modular-include-in-framework-module -Wno-trigraphs -Wno-missing-field-initializers -Wno-missing-prototypes -Wno-return-type -Wno-implicit-atomic-properties -Wno-objc-interface-ivars -Wno-arc-repeated-use-of-weak -Wno-missing-braces -Wparentheses -Wswitch -Wno-unused-function -Wno-unused-label -Wno-unused-parameter -Wno-unused-variable -Wunused-value -Wno-empty-body -Wno-uninitialized -Wno-unknown-pragmas -w -Wno-shadow -Wno-four-char-constants -Wno-conversion -Wno-constant-conversion -Wno-int-conversion -Wno-bool-conversion -Wno-enum-conversion -Wno-float-conversion -Wno-non-literal-null-conversion -Wno-objc-literal-conversion -Wshorten-64-to-32 -Wpointer-sign -Wno-newline-eof -Wno-selector -Wno-strict-selector-match -Wno-undeclared-selector -Wno-deprecated-implementations -Wno-implicit-fallthrough -fstrict-aliasing -Wprotocol -Wdeprecated-declarations -Wno-sign-conversion -Wno-infinite-recursion -Wno-comma -Wno-block-capture-autoreleasing -Wno-strict-prototypes -Wno-semicolon-before-method-body -index-store-path /Users/emanuelflury/Library/Developer/Xcode/DerivedData/TaxedGmbH_IOS-gerngfqzuwudosgobknlgtoawnlj/Index.noindex/DataStore @/Users/emanuelflury/Library/Developer/Xcode/DerivedData/TaxedGmbH_IOS-gerngfqzuwudosgobknlgtoawnlj/Build/Intermediates.noindex/Firebase.build/Debug-iphoneos/FirebaseCore.build/Objects-normal/arm64/e6072d4f65d7061329687fe24e3d63a7-common-args.resp -include /Users/emanuelflury/Library/Developer/Xcode/DerivedData/TaxedGmbH_IOS-gerngfqzuwudosgobknlgtoawnlj/Build/Intermediates.noindex/Firebase.build/Debug-iphoneos/FirebaseCore.build/DerivedSources/resource_bundle_accessor.h -MMD -MT dependencies -MF /Users/emanuelflury/Library/Developer/Xcode/DerivedData/TaxedGmbH_IOS-gerngfqzuwudosgobknlgtoawnlj/Build/Intermediates.noindex/Firebase.build/Debug-iphoneos/FirebaseCore.build/Objects-normal/arm64/FIRConfiguration.d --serialize-diagnostics /Users/emanuelflury/Library/Developer/Xcode/DerivedData/TaxedGmbH_IOS-gerngfqzuwudosgobknlgtoawnlj/Build/Intermediates.noindex/Firebase.build/Debug-iphoneos/FirebaseCore.build/Objects-normal/arm64/FIRConfiguration.dia -c /Users/emanuelflury/Library/Developer/Xcode/DerivedData/TaxedGmbH_IOS-gerngfqzuwudosgobknlgtoawnlj/SourcePackages/checkouts/firebase-ios-sdk/FirebaseCore/Sources/FIRConfiguration.m -o /Users/emanuelflury/Library/Developer/Xcode/DerivedData/TaxedGmbH_IOS-gerngfqzuwudosgobknlgtoawnlj/Build/Intermediates.noindex/Firebase.build/Debug-iphoneos/FirebaseCore.build/Objects-normal/arm64/FIRConfiguration.o -index-unit-output-path /Firebase.build/Debug-iphoneos/FirebaseCore.build/Objects-normal/arm64/FIRConfiguration.o

ScanDependencies /Users/emanuelflury/Library/Developer/Xcode/DerivedData/TaxedGmbH_IOS-gerngfqzuwudosgobknlgtoawnlj/Build/Intermediates.noindex/Firebase.build/Debug-iphoneos/FirebaseCore.build/Objects-normal/arm64/FIRComponentType.o /Users/emanuelflury/Library/Developer/Xcode/DerivedData/TaxedGmbH_IOS-gerngfqzuwudosgobknlgtoawnlj/SourcePackages/checkouts/firebase-ios-sdk/FirebaseCore/Sources/FIRComponentType.m normal arm64 objective-c com.apple.compilers.llvm.clang.1_0.compiler (in target 'FirebaseCore' from project 'Firebase')
    cd /Users/emanuelflury/github/TaxedGmbH_IOS/TaxedGmbH_IOS.xcodeproj
    
    Using response file: /Users/emanuelflury/Library/Developer/Xcode/DerivedData/TaxedGmbH_IOS-gerngfqzuwudosgobknlgtoawnlj/Build/Intermediates.noindex/Firebase.build/Debug-iphoneos/FirebaseCore.build/Objects-normal/arm64/e6072d4f65d7061329687fe24e3d63a7-common-args.resp
    
    builtin-ScanDependencies -o /Users/emanuelflury/Library/Developer/Xcode/DerivedData/TaxedGmbH_IOS-gerngfqzuwudosgobknlgtoawnlj/Build/Intermediates.noindex/Firebase.build/Debug-iphoneos/FirebaseCore.build/Objects-normal/arm64/FIRComponentType.o.scan -- /Applications/Xcode.app/Contents/Developer/Toolchains/XcodeDefault.xctoolchain/usr/bin/clang -x objective-c -ivfsstatcache /Users/emanuelflury/Library/Developer/Xcode/DerivedData/SDKStatCaches.noindex/iphoneos26.1-23B77-69b33fc7382b27d9b5d46e82a00f8e78.sdkstatcache -fmessage-length\=0 -fdiagnostics-show-note-include-stack -fmacro-backtrace-limit\=0 -fno-color-diagnostics -fmodules-prune-interval\=86400 -fmodules-prune-after\=345600 -fbuild-session-file\=/Users/emanuelflury/Library/Developer/Xcode/DerivedData/ModuleCache.noindex/Session.modulevalidation -fmodules-validate-once-per-build-session -Wnon-modular-include-in-framework-module -Werror\=non-modular-include-in-framework-module -Wno-trigraphs -Wno-missing-field-initializers -Wno-missing-prototypes -Wno-return-type -Wno-implicit-atomic-properties -Wno-objc-interface-ivars -Wno-arc-repeated-use-of-weak -Wno-missing-braces -Wparentheses -Wswitch -Wno-unused-function -Wno-unused-label -Wno-unused-parameter -Wno-unused-variable -Wunused-value -Wno-empty-body -Wno-uninitialized -Wno-unknown-pragmas -w -Wno-shadow -Wno-four-char-constants -Wno-conversion -Wno-constant-conversion -Wno-int-conversion -Wno-bool-conversion -Wno-enum-conversion -Wno-float-conversion -Wno-non-literal-null-conversion -Wno-objc-literal-conversion -Wshorten-64-to-32 -Wpointer-sign -Wno-newline-eof -Wno-selector -Wno-strict-selector-match -Wno-undeclared-selector -Wno-deprecated-implementations -Wno-implicit-fallthrough -fstrict-aliasing -Wprotocol -Wdeprecated-declarations -Wno-sign-conversion -Wno-infinite-recursion -Wno-comma -Wno-block-capture-autoreleasing -Wno-strict-prototypes -Wno-semicolon-before-method-body -index-store-path /Users/emanuelflury/Library/Developer/Xcode/DerivedData/TaxedGmbH_IOS-gerngfqzuwudosgobknlgtoawnlj/Index.noindex/DataStore @/Users/emanuelflury/Library/Developer/Xcode/DerivedData/TaxedGmbH_IOS-gerngfqzuwudosgobknlgtoawnlj/Build/Intermediates.noindex/Firebase.build/Debug-iphoneos/FirebaseCore.build/Objects-normal/arm64/e6072d4f65d7061329687fe24e3d63a7-common-args.resp -include /Users/emanuelflury/Library/Developer/Xcode/DerivedData/TaxedGmbH_IOS-gerngfqzuwudosgobknlgtoawnlj/Build/Intermediates.noindex/Firebase.build/Debug-iphoneos/FirebaseCore.build/DerivedSources/resource_bundle_accessor.h -MMD -MT dependencies -MF /Users/emanuelflury/Library/Developer/Xcode/DerivedData/TaxedGmbH_IOS-gerngfqzuwudosgobknlgtoawnlj/Build/Intermediates.noindex/Firebase.build/Debug-iphoneos/FirebaseCore.build/Objects-normal/arm64/FIRComponentType.d --serialize-diagnostics /Users/emanuelflury/Library/Developer/Xcode/DerivedData/TaxedGmbH_IOS-gerngfqzuwudosgobknlgtoawnlj/Build/Intermediates.noindex/Firebase.build/Debug-iphoneos/FirebaseCore.build/Objects-normal/arm64/FIRComponentType.dia -c /Users/emanuelflury/Library/Developer/Xcode/DerivedData/TaxedGmbH_IOS-gerngfqzuwudosgobknlgtoawnlj/SourcePackages/checkouts/firebase-ios-sdk/FirebaseCore/Sources/FIRComponentType.m -o /Users/emanuelflury/Library/Developer/Xcode/DerivedData/TaxedGmbH_IOS-gerngfqzuwudosgobknlgtoawnlj/Build/Intermediates.noindex/Firebase.build/Debug-iphoneos/FirebaseCore.build/Objects-normal/arm64/FIRComponentType.o -index-unit-output-path /Firebase.build/Debug-iphoneos/FirebaseCore.build/Objects-normal/arm64/FIRComponentType.o

ScanDependencies /Users/emanuelflury/Library/Developer/Xcode/DerivedData/TaxedGmbH_IOS-gerngfqzuwudosgobknlgtoawnlj/Build/Intermediates.noindex/Firebase.build/Debug-iphoneos/FirebaseCore.build/Objects-normal/arm64/FIRComponentContainer.o /Users/emanuelflury/Library/Developer/Xcode/DerivedData/TaxedGmbH_IOS-gerngfqzuwudosgobknlgtoawnlj/SourcePackages/checkouts/firebase-ios-sdk/FirebaseCore/Sources/FIRComponentContainer.m normal arm64 objective-c com.apple.compilers.llvm.clang.1_0.compiler (in target 'FirebaseCore' from project 'Firebase')
    cd /Users/emanuelflury/github/TaxedGmbH_IOS/TaxedGmbH_IOS.xcodeproj
    
    Using response file: /Users/emanuelflury/Library/Developer/Xcode/DerivedData/TaxedGmbH_IOS-gerngfqzuwudosgobknlgtoawnlj/Build/Intermediates.noindex/Firebase.build/Debug-iphoneos/FirebaseCore.build/Objects-normal/arm64/e6072d4f65d7061329687fe24e3d63a7-common-args.resp
    
    builtin-ScanDependencies -o /Users/emanuelflury/Library/Developer/Xcode/DerivedData/TaxedGmbH_IOS-gerngfqzuwudosgobknlgtoawnlj/Build/Intermediates.noindex/Firebase.build/Debug-iphoneos/FirebaseCore.build/Objects-normal/arm64/FIRComponentContainer.o.scan -- /Applications/Xcode.app/Contents/Developer/Toolchains/XcodeDefault.xctoolchain/usr/bin/clang -x objective-c -ivfsstatcache /Users/emanuelflury/Library/Developer/Xcode/DerivedData/SDKStatCaches.noindex/iphoneos26.1-23B77-69b33fc7382b27d9b5d46e82a00f8e78.sdkstatcache -fmessage-length\=0 -fdiagnostics-show-note-include-stack -fmacro-backtrace-limit\=0 -fno-color-diagnostics -fmodules-prune-interval\=86400 -fmodules-prune-after\=345600 -fbuild-session-file\=/Users/emanuelflury/Library/Developer/Xcode/DerivedData/ModuleCache.noindex/Session.modulevalidation -fmodules-validate-once-per-build-session -Wnon-modular-include-in-framework-module -Werror\=non-modular-include-in-framework-module -Wno-trigraphs -Wno-missing-field-initializers -Wno-missing-prototypes -Wno-return-type -Wno-implicit-atomic-properties -Wno-objc-interface-ivars -Wno-arc-repeated-use-of-weak -Wno-missing-braces -Wparentheses -Wswitch -Wno-unused-function -Wno-unused-label -Wno-unused-parameter -Wno-unused-variable -Wunused-value -Wno-empty-body -Wno-uninitialized -Wno-unknown-pragmas -w -Wno-shadow -Wno-four-char-constants -Wno-conversion -Wno-constant-conversion -Wno-int-conversion -Wno-bool-conversion -Wno-enum-conversion -Wno-float-conversion -Wno-non-literal-null-conversion -Wno-objc-literal-conversion -Wshorten-64-to-32 -Wpointer-sign -Wno-newline-eof -Wno-selector -Wno-strict-selector-match -Wno-undeclared-selector -Wno-deprecated-implementations -Wno-implicit-fallthrough -fstrict-aliasing -Wprotocol -Wdeprecated-declarations -Wno-sign-conversion -Wno-infinite-recursion -Wno-comma -Wno-block-capture-autoreleasing -Wno-strict-prototypes -Wno-semicolon-before-method-body -index-store-path /Users/emanuelflury/Library/Developer/Xcode/DerivedData/TaxedGmbH_IOS-gerngfqzuwudosgobknlgtoawnlj/Index.noindex/DataStore @/Users/emanuelflury/Library/Developer/Xcode/DerivedData/TaxedGmbH_IOS-gerngfqzuwudosgobknlgtoawnlj/Build/Intermediates.noindex/Firebase.build/Debug-iphoneos/FirebaseCore.build/Objects-normal/arm64/e6072d4f65d7061329687fe24e3d63a7-common-args.resp -include /Users/emanuelflury/Library/Developer/Xcode/DerivedData/TaxedGmbH_IOS-gerngfqzuwudosgobknlgtoawnlj/Build/Intermediates.noindex/Firebase.build/Debug-iphoneos/FirebaseCore.build/DerivedSources/resource_bundle_accessor.h -MMD -MT dependencies -MF /Users/emanuelflury/Library/Developer/Xcode/DerivedData/TaxedGmbH_IOS-gerngfqzuwudosgobknlgtoawnlj/Build/Intermediates.noindex/Firebase.build/Debug-iphoneos/FirebaseCore.build/Objects-normal/arm64/FIRComponentContainer.d --serialize-diagnostics /Users/emanuelflury/Library/Developer/Xcode/DerivedData/TaxedGmbH_IOS-gerngfqzuwudosgobknlgtoawnlj/Build/Intermediates.noindex/Firebase.build/Debug-iphoneos/FirebaseCore.build/Objects-normal/arm64/FIRComponentContainer.dia -c /Users/emanuelflury/Library/Developer/Xcode/DerivedData/TaxedGmbH_IOS-gerngfqzuwudosgobknlgtoawnlj/SourcePackages/checkouts/firebase-ios-sdk/FirebaseCore/Sources/FIRComponentContainer.m -o /Users/emanuelflury/Library/Developer/Xcode/DerivedData/TaxedGmbH_IOS-gerngfqzuwudosgobknlgtoawnlj/Build/Intermediates.noindex/Firebase.build/Debug-iphoneos/FirebaseCore.build/Objects-normal/arm64/FIRComponentContainer.o -index-unit-output-path /Firebase.build/Debug-iphoneos/FirebaseCore.build/Objects-normal/arm64/FIRComponentContainer.o

ScanDependencies /Users/emanuelflury/Library/Developer/Xcode/DerivedData/TaxedGmbH_IOS-gerngfqzuwudosgobknlgtoawnlj/Build/Intermediates.noindex/Firebase.build/Debug-iphoneos/FirebaseCore.build/Objects-normal/arm64/FIRComponent.o /Users/emanuelflury/Library/Developer/Xcode/DerivedData/TaxedGmbH_IOS-gerngfqzuwudosgobknlgtoawnlj/SourcePackages/checkouts/firebase-ios-sdk/FirebaseCore/Sources/FIRComponent.m normal arm64 objective-c com.apple.compilers.llvm.clang.1_0.compiler (in target 'FirebaseCore' from project 'Firebase')
    cd /Users/emanuelflury/github/TaxedGmbH_IOS/TaxedGmbH_IOS.xcodeproj
    
    Using response file: /Users/emanuelflury/Library/Developer/Xcode/DerivedData/TaxedGmbH_IOS-gerngfqzuwudosgobknlgtoawnlj/Build/Intermediates.noindex/Firebase.build/Debug-iphoneos/FirebaseCore.build/Objects-normal/arm64/e6072d4f65d7061329687fe24e3d63a7-common-args.resp
    
    builtin-ScanDependencies -o /Users/emanuelflury/Library/Developer/Xcode/DerivedData/TaxedGmbH_IOS-gerngfqzuwudosgobknlgtoawnlj/Build/Intermediates.noindex/Firebase.build/Debug-iphoneos/FirebaseCore.build/Objects-normal/arm64/FIRComponent.o.scan -- /Applications/Xcode.app/Contents/Developer/Toolchains/XcodeDefault.xctoolchain/usr/bin/clang -x objective-c -ivfsstatcache /Users/emanuelflury/Library/Developer/Xcode/DerivedData/SDKStatCaches.noindex/iphoneos26.1-23B77-69b33fc7382b27d9b5d46e82a00f8e78.sdkstatcache -fmessage-length\=0 -fdiagnostics-show-note-include-stack -fmacro-backtrace-limit\=0 -fno-color-diagnostics -fmodules-prune-interval\=86400 -fmodules-prune-after\=345600 -fbuild-session-file\=/Users/emanuelflury/Library/Developer/Xcode/DerivedData/ModuleCache.noindex/Session.modulevalidation -fmodules-validate-once-per-build-session -Wnon-modular-include-in-framework-module -Werror\=non-modular-include-in-framework-module -Wno-trigraphs -Wno-missing-field-initializers -Wno-missing-prototypes -Wno-return-type -Wno-implicit-atomic-properties -Wno-objc-interface-ivars -Wno-arc-repeated-use-of-weak -Wno-missing-braces -Wparentheses -Wswitch -Wno-unused-function -Wno-unused-label -Wno-unused-parameter -Wno-unused-variable -Wunused-value -Wno-empty-body -Wno-uninitialized -Wno-unknown-pragmas -w -Wno-shadow -Wno-four-char-constants -Wno-conversion -Wno-constant-conversion -Wno-int-conversion -Wno-bool-conversion -Wno-enum-conversion -Wno-float-conversion -Wno-non-literal-null-conversion -Wno-objc-literal-conversion -Wshorten-64-to-32 -Wpointer-sign -Wno-newline-eof -Wno-selector -Wno-strict-selector-match -Wno-undeclared-selector -Wno-deprecated-implementations -Wno-implicit-fallthrough -fstrict-aliasing -Wprotocol -Wdeprecated-declarations -Wno-sign-conversion -Wno-infinite-recursion -Wno-comma -Wno-block-capture-autoreleasing -Wno-strict-prototypes -Wno-semicolon-before-method-body -index-store-path /Users/emanuelflury/Library/Developer/Xcode/DerivedData/TaxedGmbH_IOS-gerngfqzuwudosgobknlgtoawnlj/Index.noindex/DataStore @/Users/emanuelflury/Library/Developer/Xcode/DerivedData/TaxedGmbH_IOS-gerngfqzuwudosgobknlgtoawnlj/Build/Intermediates.noindex/Firebase.build/Debug-iphoneos/FirebaseCore.build/Objects-normal/arm64/e6072d4f65d7061329687fe24e3d63a7-common-args.resp -include /Users/emanuelflury/Library/Developer/Xcode/DerivedData/TaxedGmbH_IOS-gerngfqzuwudosgobknlgtoawnlj/Build/Intermediates.noindex/Firebase.build/Debug-iphoneos/FirebaseCore.build/DerivedSources/resource_bundle_accessor.h -MMD -MT dependencies -MF /Users/emanuelflury/Library/Developer/Xcode/DerivedData/TaxedGmbH_IOS-gerngfqzuwudosgobknlgtoawnlj/Build/Intermediates.noindex/Firebase.build/Debug-iphoneos/FirebaseCore.build/Objects-normal/arm64/FIRComponent.d --serialize-diagnostics /Users/emanuelflury/Library/Developer/Xcode/DerivedData/TaxedGmbH_IOS-gerngfqzuwudosgobknlgtoawnlj/Build/Intermediates.noindex/Firebase.build/Debug-iphoneos/FirebaseCore.build/Objects-normal/arm64/FIRComponent.dia -c /Users/emanuelflury/Library/Developer/Xcode/DerivedData/TaxedGmbH_IOS-gerngfqzuwudosgobknlgtoawnlj/SourcePackages/checkouts/firebase-ios-sdk/FirebaseCore/Sources/FIRComponent.m -o /Users/emanuelflury/Library/Developer/Xcode/DerivedData/TaxedGmbH_IOS-gerngfqzuwudosgobknlgtoawnlj/Build/Intermediates.noindex/Firebase.build/Debug-iphoneos/FirebaseCore.build/Objects-normal/arm64/FIRComponent.o -index-unit-output-path /Firebase.build/Debug-iphoneos/FirebaseCore.build/Objects-normal/arm64/FIRComponent.o

ScanDependencies /Users/emanuelflury/Library/Developer/Xcode/DerivedData/TaxedGmbH_IOS-gerngfqzuwudosgobknlgtoawnlj/Build/Intermediates.noindex/Firebase.build/Debug-iphoneos/FirebaseCore.build/Objects-normal/arm64/FIRBundleUtil.o /Users/emanuelflury/Library/Developer/Xcode/DerivedData/TaxedGmbH_IOS-gerngfqzuwudosgobknlgtoawnlj/SourcePackages/checkouts/firebase-ios-sdk/FirebaseCore/Sources/FIRBundleUtil.m normal arm64 objective-c com.apple.compilers.llvm.clang.1_0.compiler (in target 'FirebaseCore' from project 'Firebase')
    cd /Users/emanuelflury/github/TaxedGmbH_IOS/TaxedGmbH_IOS.xcodeproj
    
    Using response file: /Users/emanuelflury/Library/Developer/Xcode/DerivedData/TaxedGmbH_IOS-gerngfqzuwudosgobknlgtoawnlj/Build/Intermediates.noindex/Firebase.build/Debug-iphoneos/FirebaseCore.build/Objects-normal/arm64/e6072d4f65d7061329687fe24e3d63a7-common-args.resp
    
    builtin-ScanDependencies -o /Users/emanuelflury/Library/Developer/Xcode/DerivedData/TaxedGmbH_IOS-gerngfqzuwudosgobknlgtoawnlj/Build/Intermediates.noindex/Firebase.build/Debug-iphoneos/FirebaseCore.build/Objects-normal/arm64/FIRBundleUtil.o.scan -- /Applications/Xcode.app/Contents/Developer/Toolchains/XcodeDefault.xctoolchain/usr/bin/clang -x objective-c -ivfsstatcache /Users/emanuelflury/Library/Developer/Xcode/DerivedData/SDKStatCaches.noindex/iphoneos26.1-23B77-69b33fc7382b27d9b5d46e82a00f8e78.sdkstatcache -fmessage-length\=0 -fdiagnostics-show-note-include-stack -fmacro-backtrace-limit\=0 -fno-color-diagnostics -fmodules-prune-interval\=86400 -fmodules-prune-after\=345600 -fbuild-session-file\=/Users/emanuelflury/Library/Developer/Xcode/DerivedData/ModuleCache.noindex/Session.modulevalidation -fmodules-validate-once-per-build-session -Wnon-modular-include-in-framework-module -Werror\=non-modular-include-in-framework-module -Wno-trigraphs -Wno-missing-field-initializers -Wno-missing-prototypes -Wno-return-type -Wno-implicit-atomic-properties -Wno-objc-interface-ivars -Wno-arc-repeated-use-of-weak -Wno-missing-braces -Wparentheses -Wswitch -Wno-unused-function -Wno-unused-label -Wno-unused-parameter -Wno-unused-variable -Wunused-value -Wno-empty-body -Wno-uninitialized -Wno-unknown-pragmas -w -Wno-shadow -Wno-four-char-constants -Wno-conversion -Wno-constant-conversion -Wno-int-conversion -Wno-bool-conversion -Wno-enum-conversion -Wno-float-conversion -Wno-non-literal-null-conversion -Wno-objc-literal-conversion -Wshorten-64-to-32 -Wpointer-sign -Wno-newline-eof -Wno-selector -Wno-strict-selector-match -Wno-undeclared-selector -Wno-deprecated-implementations -Wno-implicit-fallthrough -fstrict-aliasing -Wprotocol -Wdeprecated-declarations -Wno-sign-conversion -Wno-infinite-recursion -Wno-comma -Wno-block-capture-autoreleasing -Wno-strict-prototypes -Wno-semicolon-before-method-body -index-store-path /Users/emanuelflury/Library/Developer/Xcode/DerivedData/TaxedGmbH_IOS-gerngfqzuwudosgobknlgtoawnlj/Index.noindex/DataStore @/Users/emanuelflury/Library/Developer/Xcode/DerivedData/TaxedGmbH_IOS-gerngfqzuwudosgobknlgtoawnlj/Build/Intermediates.noindex/Firebase.build/Debug-iphoneos/FirebaseCore.build/Objects-normal/arm64/e6072d4f65d7061329687fe24e3d63a7-common-args.resp -include /Users/emanuelflury/Library/Developer/Xcode/DerivedData/TaxedGmbH_IOS-gerngfqzuwudosgobknlgtoawnlj/Build/Intermediates.noindex/Firebase.build/Debug-iphoneos/FirebaseCore.build/DerivedSources/resource_bundle_accessor.h -MMD -MT dependencies -MF /Users/emanuelflury/Library/Developer/Xcode/DerivedData/TaxedGmbH_IOS-gerngfqzuwudosgobknlgtoawnlj/Build/Intermediates.noindex/Firebase.build/Debug-iphoneos/FirebaseCore.build/Objects-normal/arm64/FIRBundleUtil.d --serialize-diagnostics /Users/emanuelflury/Library/Developer/Xcode/DerivedData/TaxedGmbH_IOS-gerngfqzuwudosgobknlgtoawnlj/Build/Intermediates.noindex/Firebase.build/Debug-iphoneos/FirebaseCore.build/Objects-normal/arm64/FIRBundleUtil.dia -c /Users/emanuelflury/Library/Developer/Xcode/DerivedData/TaxedGmbH_IOS-gerngfqzuwudosgobknlgtoawnlj/SourcePackages/checkouts/firebase-ios-sdk/FirebaseCore/Sources/FIRBundleUtil.m -o /Users/emanuelflury/Library/Developer/Xcode/DerivedData/TaxedGmbH_IOS-gerngfqzuwudosgobknlgtoawnlj/Build/Intermediates.noindex/Firebase.build/Debug-iphoneos/FirebaseCore.build/Objects-normal/arm64/FIRBundleUtil.o -index-unit-output-path /Firebase.build/Debug-iphoneos/FirebaseCore.build/Objects-normal/arm64/FIRBundleUtil.o

PrecompileModule /Users/emanuelflury/Library/Developer/Xcode/DerivedData/TaxedGmbH_IOS-gerngfqzuwudosgobknlgtoawnlj/Build/Intermediates.noindex/ExplicitPrecompiledModules/_Builtin_stddef-23DK8YZEWQLV79D2ARYL1XLXT.scan
    cd /
    builtin-precompileModule /Users/emanuelflury/Library/Developer/Xcode/DerivedData/TaxedGmbH_IOS-gerngfqzuwudosgobknlgtoawnlj/Build/Intermediates.noindex/ExplicitPrecompiledModules/_Builtin_stddef-23DK8YZEWQLV79D2ARYL1XLXT.scan

PrecompileModule /Users/emanuelflury/Library/Developer/Xcode/DerivedData/TaxedGmbH_IOS-gerngfqzuwudosgobknlgtoawnlj/Build/Intermediates.noindex/ExplicitPrecompiledModules/_AvailabilityInternal-AYKMM8GUZTOE80PGFKCTR4L4W.scan
    cd /
    builtin-precompileModule /Users/emanuelflury/Library/Developer/Xcode/DerivedData/TaxedGmbH_IOS-gerngfqzuwudosgobknlgtoawnlj/Build/Intermediates.noindex/ExplicitPrecompiledModules/_AvailabilityInternal-AYKMM8GUZTOE80PGFKCTR4L4W.scan

PrecompileModule /Users/emanuelflury/Library/Developer/Xcode/DerivedData/TaxedGmbH_IOS-gerngfqzuwudosgobknlgtoawnlj/Build/Intermediates.noindex/ExplicitPrecompiledModules/_Builtin_stdbool-5H86T34MYKDWV210J847OBNYY.scan
    cd /
    builtin-precompileModule /Users/emanuelflury/Library/Developer/Xcode/DerivedData/TaxedGmbH_IOS-gerngfqzuwudosgobknlgtoawnlj/Build/Intermediates.noindex/ExplicitPrecompiledModules/_Builtin_stdbool-5H86T34MYKDWV210J847OBNYY.scan

PrecompileModule /Users/emanuelflury/Library/Developer/Xcode/DerivedData/TaxedGmbH_IOS-gerngfqzuwudosgobknlgtoawnlj/Build/Intermediates.noindex/ExplicitPrecompiledModules/ptrcheck-F1QPHF9CAOR93UEEL6HLTER8Y.scan
    cd /
    builtin-precompileModule /Users/emanuelflury/Library/Developer/Xcode/DerivedData/TaxedGmbH_IOS-gerngfqzuwudosgobknlgtoawnlj/Build/Intermediates.noindex/ExplicitPrecompiledModules/ptrcheck-F1QPHF9CAOR93UEEL6HLTER8Y.scan

PrecompileModule /Users/emanuelflury/Library/Developer/Xcode/DerivedData/TaxedGmbH_IOS-gerngfqzuwudosgobknlgtoawnlj/Build/Intermediates.noindex/ExplicitPrecompiledModules/_Builtin_stdarg-45OQ56JQES1UV1KOBSH4MGEGG.scan
    cd /
    builtin-precompileModule /Users/emanuelflury/Library/Developer/Xcode/DerivedData/TaxedGmbH_IOS-gerngfqzuwudosgobknlgtoawnlj/Build/Intermediates.noindex/ExplicitPrecompiledModules/_Builtin_stdarg-45OQ56JQES1UV1KOBSH4MGEGG.scan

PrecompileModule /Users/emanuelflury/Library/Developer/Xcode/DerivedData/TaxedGmbH_IOS-gerngfqzuwudosgobknlgtoawnlj/Build/Intermediates.noindex/ExplicitPrecompiledModules/ptrauth-439A6B19F0872G7KMT5DGEGD4.scan
    cd /
    builtin-precompileModule /Users/emanuelflury/Library/Developer/Xcode/DerivedData/TaxedGmbH_IOS-gerngfqzuwudosgobknlgtoawnlj/Build/Intermediates.noindex/ExplicitPrecompiledModules/ptrauth-439A6B19F0872G7KMT5DGEGD4.scan

CompileC /Users/emanuelflury/Library/Developer/Xcode/DerivedData/TaxedGmbH_IOS-gerngfqzuwudosgobknlgtoawnlj/Build/Intermediates.noindex/Firebase.build/Debug-iphoneos/FirebaseMessaging.build/Objects-normal/arm64/resource_bundle_accessor.o /Users/emanuelflury/Library/Developer/Xcode/DerivedData/TaxedGmbH_IOS-gerngfqzuwudosgobknlgtoawnlj/Build/Intermediates.noindex/Firebase.build/Debug-iphoneos/FirebaseMessaging.build/DerivedSources/resource_bundle_accessor.m normal arm64 objective-c com.apple.compilers.llvm.clang.1_0.compiler (in target 'FirebaseMessaging' from project 'Firebase')
    cd /Users/emanuelflury/github/TaxedGmbH_IOS/TaxedGmbH_IOS.xcodeproj
    
    Using response file: /Users/emanuelflury/Library/Developer/Xcode/DerivedData/TaxedGmbH_IOS-gerngfqzuwudosgobknlgtoawnlj/Build/Intermediates.noindex/Firebase.build/Debug-iphoneos/FirebaseMessaging.build/Objects-normal/arm64/e6072d4f65d7061329687fe24e3d63a7-common-args.resp
    
    /Applications/Xcode.app/Contents/Developer/Toolchains/XcodeDefault.xctoolchain/usr/bin/clang -x objective-c -ivfsstatcache /Users/emanuelflury/Library/Developer/Xcode/DerivedData/SDKStatCaches.noindex/iphoneos26.1-23B77-69b33fc7382b27d9b5d46e82a00f8e78.sdkstatcache -fmessage-length\=0 -fdiagnostics-show-note-include-stack -fmacro-backtrace-limit\=0 -fno-color-diagnostics -fmodules-prune-interval\=86400 -fmodules-prune-after\=345600 -fbuild-session-file\=/Users/emanuelflury/Library/Developer/Xcode/DerivedData/ModuleCache.noindex/Session.modulevalidation -fmodules-validate-once-per-build-session -Wnon-modular-include-in-framework-module -Werror\=non-modular-include-in-framework-module -Wno-trigraphs -Wno-missing-field-initializers -Wno-missing-prototypes -Wno-return-type -Wno-implicit-atomic-properties -Wno-objc-interface-ivars -Wno-arc-repeated-use-of-weak -Wno-missing-braces -Wparentheses -Wswitch -Wno-unused-function -Wno-unused-label -Wno-unused-parameter -Wno-unused-variable -Wunused-value -Wno-empty-body -Wno-uninitialized -Wno-unknown-pragmas -w -Wno-shadow -Wno-four-char-constants -Wno-conversion -Wno-constant-conversion -Wno-int-conversion -Wno-bool-conversion -Wno-enum-conversion -Wno-float-conversion -Wno-non-literal-null-conversion -Wno-objc-literal-conversion -Wshorten-64-to-32 -Wpointer-sign -Wno-newline-eof -Wno-selector -Wno-strict-selector-match -Wno-undeclared-selector -Wno-deprecated-implementations -Wno-implicit-fallthrough -fstrict-aliasing -Wprotocol -Wdeprecated-declarations -Wno-sign-conversion -Wno-infinite-recursion -Wno-comma -Wno-block-capture-autoreleasing -Wno-strict-prototypes -Wno-semicolon-before-method-body -index-store-path /Users/emanuelflury/Library/Developer/Xcode/DerivedData/TaxedGmbH_IOS-gerngfqzuwudosgobknlgtoawnlj/Index.noindex/DataStore @/Users/emanuelflury/Library/Developer/Xcode/DerivedData/TaxedGmbH_IOS-gerngfqzuwudosgobknlgtoawnlj/Build/Intermediates.noindex/Firebase.build/Debug-iphoneos/FirebaseMessaging.build/Objects-normal/arm64/e6072d4f65d7061329687fe24e3d63a7-common-args.resp -include /Users/emanuelflury/Library/Developer/Xcode/DerivedData/TaxedGmbH_IOS-gerngfqzuwudosgobknlgtoawnlj/Build/Intermediates.noindex/Firebase.build/Debug-iphoneos/FirebaseMessaging.build/DerivedSources/resource_bundle_accessor.h -MMD -MT dependencies -MF /Users/emanuelflury/Library/Developer/Xcode/DerivedData/TaxedGmbH_IOS-gerngfqzuwudosgobknlgtoawnlj/Build/Intermediates.noindex/Firebase.build/Debug-iphoneos/FirebaseMessaging.build/Objects-normal/arm64/resource_bundle_accessor.d --serialize-diagnostics /Users/emanuelflury/Library/Developer/Xcode/DerivedData/TaxedGmbH_IOS-gerngfqzuwudosgobknlgtoawnlj/Build/Intermediates.noindex/Firebase.build/Debug-iphoneos/FirebaseMessaging.build/Objects-normal/arm64/resource_bundle_accessor.dia -c /Users/emanuelflury/Library/Developer/Xcode/DerivedData/TaxedGmbH_IOS-gerngfqzuwudosgobknlgtoawnlj/Build/Intermediates.noindex/Firebase.build/Debug-iphoneos/FirebaseMessaging.build/DerivedSources/resource_bundle_accessor.m -o /Users/emanuelflury/Library/Developer/Xcode/DerivedData/TaxedGmbH_IOS-gerngfqzuwudosgobknlgtoawnlj/Build/Intermediates.noindex/Firebase.build/Debug-iphoneos/FirebaseMessaging.build/Objects-normal/arm64/resource_bundle_accessor.o -index-unit-output-path /Firebase.build/Debug-iphoneos/FirebaseMessaging.build/Objects-normal/arm64/resource_bundle_accessor.o

CompileC /Users/emanuelflury/Library/Developer/Xcode/DerivedData/TaxedGmbH_IOS-gerngfqzuwudosgobknlgtoawnlj/Build/Intermediates.noindex/Firebase.build/Debug-iphoneos/FirebaseMessaging.build/Objects-normal/arm64/NSError+FIRMessaging.o /Users/emanuelflury/Library/Developer/Xcode/DerivedData/TaxedGmbH_IOS-gerngfqzuwudosgobknlgtoawnlj/SourcePackages/checkouts/firebase-ios-sdk/FirebaseMessaging/Sources/NSError+FIRMessaging.m normal arm64 objective-c com.apple.compilers.llvm.clang.1_0.compiler (in target 'FirebaseMessaging' from project 'Firebase')
    cd /Users/emanuelflury/github/TaxedGmbH_IOS/TaxedGmbH_IOS.xcodeproj
    
    Using response file: /Users/emanuelflury/Library/Developer/Xcode/DerivedData/TaxedGmbH_IOS-gerngfqzuwudosgobknlgtoawnlj/Build/Intermediates.noindex/Firebase.build/Debug-iphoneos/FirebaseMessaging.build/Objects-normal/arm64/e6072d4f65d7061329687fe24e3d63a7-common-args.resp
    
    /Applications/Xcode.app/Contents/Developer/Toolchains/XcodeDefault.xctoolchain/usr/bin/clang -x objective-c -ivfsstatcache /Users/emanuelflury/Library/Developer/Xcode/DerivedData/SDKStatCaches.noindex/iphoneos26.1-23B77-69b33fc7382b27d9b5d46e82a00f8e78.sdkstatcache -fmessage-length\=0 -fdiagnostics-show-note-include-stack -fmacro-backtrace-limit\=0 -fno-color-diagnostics -fmodules-prune-interval\=86400 -fmodules-prune-after\=345600 -fbuild-session-file\=/Users/emanuelflury/Library/Developer/Xcode/DerivedData/ModuleCache.noindex/Session.modulevalidation -fmodules-validate-once-per-build-session -Wnon-modular-include-in-framework-module -Werror\=non-modular-include-in-framework-module -Wno-trigraphs -Wno-missing-field-initializers -Wno-missing-prototypes -Wno-return-type -Wno-implicit-atomic-properties -Wno-objc-interface-ivars -Wno-arc-repeated-use-of-weak -Wno-missing-braces -Wparentheses -Wswitch -Wno-unused-function -Wno-unused-label -Wno-unused-parameter -Wno-unused-variable -Wunused-value -Wno-empty-body -Wno-uninitialized -Wno-unknown-pragmas -w -Wno-shadow -Wno-four-char-constants -Wno-conversion -Wno-constant-conversion -Wno-int-conversion -Wno-bool-conversion -Wno-enum-conversion -Wno-float-conversion -Wno-non-literal-null-conversion -Wno-objc-literal-conversion -Wshorten-64-to-32 -Wpointer-sign -Wno-newline-eof -Wno-selector -Wno-strict-selector-match -Wno-undeclared-selector -Wno-deprecated-implementations -Wno-implicit-fallthrough -fstrict-aliasing -Wprotocol -Wdeprecated-declarations -Wno-sign-conversion -Wno-infinite-recursion -Wno-comma -Wno-block-capture-autoreleasing -Wno-strict-prototypes -Wno-semicolon-before-method-body -index-store-path /Users/emanuelflury/Library/Developer/Xcode/DerivedData/TaxedGmbH_IOS-gerngfqzuwudosgobknlgtoawnlj/Index.noindex/DataStore @/Users/emanuelflury/Library/Developer/Xcode/DerivedData/TaxedGmbH_IOS-gerngfqzuwudosgobknlgtoawnlj/Build/Intermediates.noindex/Firebase.build/Debug-iphoneos/FirebaseMessaging.build/Objects-normal/arm64/e6072d4f65d7061329687fe24e3d63a7-common-args.resp -include /Users/emanuelflury/Library/Developer/Xcode/DerivedData/TaxedGmbH_IOS-gerngfqzuwudosgobknlgtoawnlj/Build/Intermediates.noindex/Firebase.build/Debug-iphoneos/FirebaseMessaging.build/DerivedSources/resource_bundle_accessor.h -MMD -MT dependencies -MF /Users/emanuelflury/Library/Developer/Xcode/DerivedData/TaxedGmbH_IOS-gerngfqzuwudosgobknlgtoawnlj/Build/Intermediates.noindex/Firebase.build/Debug-iphoneos/FirebaseMessaging.build/Objects-normal/arm64/NSError+FIRMessaging.d --serialize-diagnostics /Users/emanuelflury/Library/Developer/Xcode/DerivedData/TaxedGmbH_IOS-gerngfqzuwudosgobknlgtoawnlj/Build/Intermediates.noindex/Firebase.build/Debug-iphoneos/FirebaseMessaging.build/Objects-normal/arm64/NSError+FIRMessaging.dia -c /Users/emanuelflury/Library/Developer/Xcode/DerivedData/TaxedGmbH_IOS-gerngfqzuwudosgobknlgtoawnlj/SourcePackages/checkouts/firebase-ios-sdk/FirebaseMessaging/Sources/NSError+FIRMessaging.m -o /Users/emanuelflury/Library/Developer/Xcode/DerivedData/TaxedGmbH_IOS-gerngfqzuwudosgobknlgtoawnlj/Build/Intermediates.noindex/Firebase.build/Debug-iphoneos/FirebaseMessaging.build/Objects-normal/arm64/NSError+FIRMessaging.o -index-unit-output-path /Firebase.build/Debug-iphoneos/FirebaseMessaging.build/Objects-normal/arm64/NSError+FIRMessaging.o

CompileC /Users/emanuelflury/Library/Developer/Xcode/DerivedData/TaxedGmbH_IOS-gerngfqzuwudosgobknlgtoawnlj/Build/Intermediates.noindex/Firebase.build/Debug-iphoneos/FirebaseMessaging.build/Objects-normal/arm64/NSDictionary+FIRMessaging.o /Users/emanuelflury/Library/Developer/Xcode/DerivedData/TaxedGmbH_IOS-gerngfqzuwudosgobknlgtoawnlj/SourcePackages/checkouts/firebase-ios-sdk/FirebaseMessaging/Sources/NSDictionary+FIRMessaging.m normal arm64 objective-c com.apple.compilers.llvm.clang.1_0.compiler (in target 'FirebaseMessaging' from project 'Firebase')
    cd /Users/emanuelflury/github/TaxedGmbH_IOS/TaxedGmbH_IOS.xcodeproj
    
    Using response file: /Users/emanuelflury/Library/Developer/Xcode/DerivedData/TaxedGmbH_IOS-gerngfqzuwudosgobknlgtoawnlj/Build/Intermediates.noindex/Firebase.build/Debug-iphoneos/FirebaseMessaging.build/Objects-normal/arm64/e6072d4f65d7061329687fe24e3d63a7-common-args.resp
    
    /Applications/Xcode.app/Contents/Developer/Toolchains/XcodeDefault.xctoolchain/usr/bin/clang -x objective-c -ivfsstatcache /Users/emanuelflury/Library/Developer/Xcode/DerivedData/SDKStatCaches.noindex/iphoneos26.1-23B77-69b33fc7382b27d9b5d46e82a00f8e78.sdkstatcache -fmessage-length\=0 -fdiagnostics-show-note-include-stack -fmacro-backtrace-limit\=0 -fno-color-diagnostics -fmodules-prune-interval\=86400 -fmodules-prune-after\=345600 -fbuild-session-file\=/Users/emanuelflury/Library/Developer/Xcode/DerivedData/ModuleCache.noindex/Session.modulevalidation -fmodules-validate-once-per-build-session -Wnon-modular-include-in-framework-module -Werror\=non-modular-include-in-framework-module -Wno-trigraphs -Wno-missing-field-initializers -Wno-missing-prototypes -Wno-return-type -Wno-implicit-atomic-properties -Wno-objc-interface-ivars -Wno-arc-repeated-use-of-weak -Wno-missing-braces -Wparentheses -Wswitch -Wno-unused-function -Wno-unused-label -Wno-unused-parameter -Wno-unused-variable -Wunused-value -Wno-empty-body -Wno-uninitialized -Wno-unknown-pragmas -w -Wno-shadow -Wno-four-char-constants -Wno-conversion -Wno-constant-conversion -Wno-int-conversion -Wno-bool-conversion -Wno-enum-conversion -Wno-float-conversion -Wno-non-literal-null-conversion -Wno-objc-literal-conversion -Wshorten-64-to-32 -Wpointer-sign -Wno-newline-eof -Wno-selector -Wno-strict-selector-match -Wno-undeclared-selector -Wno-deprecated-implementations -Wno-implicit-fallthrough -fstrict-aliasing -Wprotocol -Wdeprecated-declarations -Wno-sign-conversion -Wno-infinite-recursion -Wno-comma -Wno-block-capture-autoreleasing -Wno-strict-prototypes -Wno-semicolon-before-method-body -index-store-path /Users/emanuelflury/Library/Developer/Xcode/DerivedData/TaxedGmbH_IOS-gerngfqzuwudosgobknlgtoawnlj/Index.noindex/DataStore @/Users/emanuelflury/Library/Developer/Xcode/DerivedData/TaxedGmbH_IOS-gerngfqzuwudosgobknlgtoawnlj/Build/Intermediates.noindex/Firebase.build/Debug-iphoneos/FirebaseMessaging.build/Objects-normal/arm64/e6072d4f65d7061329687fe24e3d63a7-common-args.resp -include /Users/emanuelflury/Library/Developer/Xcode/DerivedData/TaxedGmbH_IOS-gerngfqzuwudosgobknlgtoawnlj/Build/Intermediates.noindex/Firebase.build/Debug-iphoneos/FirebaseMessaging.build/DerivedSources/resource_bundle_accessor.h -MMD -MT dependencies -MF /Users/emanuelflury/Library/Developer/Xcode/DerivedData/TaxedGmbH_IOS-gerngfqzuwudosgobknlgtoawnlj/Build/Intermediates.noindex/Firebase.build/Debug-iphoneos/FirebaseMessaging.build/Objects-normal/arm64/NSDictionary+FIRMessaging.d --serialize-diagnostics /Users/emanuelflury/Library/Developer/Xcode/DerivedData/TaxedGmbH_IOS-gerngfqzuwudosgobknlgtoawnlj/Build/Intermediates.noindex/Firebase.build/Debug-iphoneos/FirebaseMessaging.build/Objects-normal/arm64/NSDictionary+FIRMessaging.dia -c /Users/emanuelflury/Library/Developer/Xcode/DerivedData/TaxedGmbH_IOS-gerngfqzuwudosgobknlgtoawnlj/SourcePackages/checkouts/firebase-ios-sdk/FirebaseMessaging/Sources/NSDictionary+FIRMessaging.m -o /Users/emanuelflury/Library/Developer/Xcode/DerivedData/TaxedGmbH_IOS-gerngfqzuwudosgobknlgtoawnlj/Build/Intermediates.noindex/Firebase.build/Debug-iphoneos/FirebaseMessaging.build/Objects-normal/arm64/NSDictionary+FIRMessaging.o -index-unit-output-path /Firebase.build/Debug-iphoneos/FirebaseMessaging.build/Objects-normal/arm64/NSDictionary+FIRMessaging.o

CompileC /Users/emanuelflury/Library/Developer/Xcode/DerivedData/TaxedGmbH_IOS-gerngfqzuwudosgobknlgtoawnlj/Build/Intermediates.noindex/Firebase.build/Debug-iphoneos/FirebaseMessaging.build/Objects-normal/arm64/FIRMessagingTopicOperation.o /Users/emanuelflury/Library/Developer/Xcode/DerivedData/TaxedGmbH_IOS-gerngfqzuwudosgobknlgtoawnlj/SourcePackages/checkouts/firebase-ios-sdk/FirebaseMessaging/Sources/FIRMessagingTopicOperation.m normal arm64 objective-c com.apple.compilers.llvm.clang.1_0.compiler (in target 'FirebaseMessaging' from project 'Firebase')
    cd /Users/emanuelflury/github/TaxedGmbH_IOS/TaxedGmbH_IOS.xcodeproj
    
    Using response file: /Users/emanuelflury/Library/Developer/Xcode/DerivedData/TaxedGmbH_IOS-gerngfqzuwudosgobknlgtoawnlj/Build/Intermediates.noindex/Firebase.build/Debug-iphoneos/FirebaseMessaging.build/Objects-normal/arm64/e6072d4f65d7061329687fe24e3d63a7-common-args.resp
    
    /Applications/Xcode.app/Contents/Developer/Toolchains/XcodeDefault.xctoolchain/usr/bin/clang -x objective-c -ivfsstatcache /Users/emanuelflury/Library/Developer/Xcode/DerivedData/SDKStatCaches.noindex/iphoneos26.1-23B77-69b33fc7382b27d9b5d46e82a00f8e78.sdkstatcache -fmessage-length\=0 -fdiagnostics-show-note-include-stack -fmacro-backtrace-limit\=0 -fno-color-diagnostics -fmodules-prune-interval\=86400 -fmodules-prune-after\=345600 -fbuild-session-file\=/Users/emanuelflury/Library/Developer/Xcode/DerivedData/ModuleCache.noindex/Session.modulevalidation -fmodules-validate-once-per-build-session -Wnon-modular-include-in-framework-module -Werror\=non-modular-include-in-framework-module -Wno-trigraphs -Wno-missing-field-initializers -Wno-missing-prototypes -Wno-return-type -Wno-implicit-atomic-properties -Wno-objc-interface-ivars -Wno-arc-repeated-use-of-weak -Wno-missing-braces -Wparentheses -Wswitch -Wno-unused-function -Wno-unused-label -Wno-unused-parameter -Wno-unused-variable -Wunused-value -Wno-empty-body -Wno-uninitialized -Wno-unknown-pragmas -w -Wno-shadow -Wno-four-char-constants -Wno-conversion -Wno-constant-conversion -Wno-int-conversion -Wno-bool-conversion -Wno-enum-conversion -Wno-float-conversion -Wno-non-literal-null-conversion -Wno-objc-literal-conversion -Wshorten-64-to-32 -Wpointer-sign -Wno-newline-eof -Wno-selector -Wno-strict-selector-match -Wno-undeclared-selector -Wno-deprecated-implementations -Wno-implicit-fallthrough -fstrict-aliasing -Wprotocol -Wdeprecated-declarations -Wno-sign-conversion -Wno-infinite-recursion -Wno-comma -Wno-block-capture-autoreleasing -Wno-strict-prototypes -Wno-semicolon-before-method-body -index-store-path /Users/emanuelflury/Library/Developer/Xcode/DerivedData/TaxedGmbH_IOS-gerngfqzuwudosgobknlgtoawnlj/Index.noindex/DataStore @/Users/emanuelflury/Library/Developer/Xcode/DerivedData/TaxedGmbH_IOS-gerngfqzuwudosgobknlgtoawnlj/Build/Intermediates.noindex/Firebase.build/Debug-iphoneos/FirebaseMessaging.build/Objects-normal/arm64/e6072d4f65d7061329687fe24e3d63a7-common-args.resp -include /Users/emanuelflury/Library/Developer/Xcode/DerivedData/TaxedGmbH_IOS-gerngfqzuwudosgobknlgtoawnlj/Build/Intermediates.noindex/Firebase.build/Debug-iphoneos/FirebaseMessaging.build/DerivedSources/resource_bundle_accessor.h -MMD -MT dependencies -MF /Users/emanuelflury/Library/Developer/Xcode/DerivedData/TaxedGmbH_IOS-gerngfqzuwudosgobknlgtoawnlj/Build/Intermediates.noindex/Firebase.build/Debug-iphoneos/FirebaseMessaging.build/Objects-normal/arm64/FIRMessagingTopicOperation.d --serialize-diagnostics /Users/emanuelflury/Library/Developer/Xcode/DerivedData/TaxedGmbH_IOS-gerngfqzuwudosgobknlgtoawnlj/Build/Intermediates.noindex/Firebase.build/Debug-iphoneos/FirebaseMessaging.build/Objects-normal/arm64/FIRMessagingTopicOperation.dia -c /Users/emanuelflury/Library/Developer/Xcode/DerivedData/TaxedGmbH_IOS-gerngfqzuwudosgobknlgtoawnlj/SourcePackages/checkouts/firebase-ios-sdk/FirebaseMessaging/Sources/FIRMessagingTopicOperation.m -o /Users/emanuelflury/Library/Developer/Xcode/DerivedData/TaxedGmbH_IOS-gerngfqzuwudosgobknlgtoawnlj/Build/Intermediates.noindex/Firebase.build/Debug-iphoneos/FirebaseMessaging.build/Objects-normal/arm64/FIRMessagingTopicOperation.o -index-unit-output-path /Firebase.build/Debug-iphoneos/FirebaseMessaging.build/Objects-normal/arm64/FIRMessagingTopicOperation.o

CompileC /Users/emanuelflury/Library/Developer/Xcode/DerivedData/TaxedGmbH_IOS-gerngfqzuwudosgobknlgtoawnlj/Build/Intermediates.noindex/Firebase.build/Debug-iphoneos/FirebaseMessaging.build/Objects-normal/arm64/FIRMessagingTokenStore.o /Users/emanuelflury/Library/Developer/Xcode/DerivedData/TaxedGmbH_IOS-gerngfqzuwudosgobknlgtoawnlj/SourcePackages/checkouts/firebase-ios-sdk/FirebaseMessaging/Sources/Token/FIRMessagingTokenStore.m normal arm64 objective-c com.apple.compilers.llvm.clang.1_0.compiler (in target 'FirebaseMessaging' from project 'Firebase')
    cd /Users/emanuelflury/github/TaxedGmbH_IOS/TaxedGmbH_IOS.xcodeproj
    
    Using response file: /Users/emanuelflury/Library/Developer/Xcode/DerivedData/TaxedGmbH_IOS-gerngfqzuwudosgobknlgtoawnlj/Build/Intermediates.noindex/Firebase.build/Debug-iphoneos/FirebaseMessaging.build/Objects-normal/arm64/e6072d4f65d7061329687fe24e3d63a7-common-args.resp
    
    /Applications/Xcode.app/Contents/Developer/Toolchains/XcodeDefault.xctoolchain/usr/bin/clang -x objective-c -ivfsstatcache /Users/emanuelflury/Library/Developer/Xcode/DerivedData/SDKStatCaches.noindex/iphoneos26.1-23B77-69b33fc7382b27d9b5d46e82a00f8e78.sdkstatcache -fmessage-length\=0 -fdiagnostics-show-note-include-stack -fmacro-backtrace-limit\=0 -fno-color-diagnostics -fmodules-prune-interval\=86400 -fmodules-prune-after\=345600 -fbuild-session-file\=/Users/emanuelflury/Library/Developer/Xcode/DerivedData/ModuleCache.noindex/Session.modulevalidation -fmodules-validate-once-per-build-session -Wnon-modular-include-in-framework-module -Werror\=non-modular-include-in-framework-module -Wno-trigraphs -Wno-missing-field-initializers -Wno-missing-prototypes -Wno-return-type -Wno-implicit-atomic-properties -Wno-objc-interface-ivars -Wno-arc-repeated-use-of-weak -Wno-missing-braces -Wparentheses -Wswitch -Wno-unused-function -Wno-unused-label -Wno-unused-parameter -Wno-unused-variable -Wunused-value -Wno-empty-body -Wno-uninitialized -Wno-unknown-pragmas -w -Wno-shadow -Wno-four-char-constants -Wno-conversion -Wno-constant-conversion -Wno-int-conversion -Wno-bool-conversion -Wno-enum-conversion -Wno-float-conversion -Wno-non-literal-null-conversion -Wno-objc-literal-conversion -Wshorten-64-to-32 -Wpointer-sign -Wno-newline-eof -Wno-selector -Wno-strict-selector-match -Wno-undeclared-selector -Wno-deprecated-implementations -Wno-implicit-fallthrough -fstrict-aliasing -Wprotocol -Wdeprecated-declarations -Wno-sign-conversion -Wno-infinite-recursion -Wno-comma -Wno-block-capture-autoreleasing -Wno-strict-prototypes -Wno-semicolon-before-method-body -index-store-path /Users/emanuelflury/Library/Developer/Xcode/DerivedData/TaxedGmbH_IOS-gerngfqzuwudosgobknlgtoawnlj/Index.noindex/DataStore @/Users/emanuelflury/Library/Developer/Xcode/DerivedData/TaxedGmbH_IOS-gerngfqzuwudosgobknlgtoawnlj/Build/Intermediates.noindex/Firebase.build/Debug-iphoneos/FirebaseMessaging.build/Objects-normal/arm64/e6072d4f65d7061329687fe24e3d63a7-common-args.resp -include /Users/emanuelflury/Library/Developer/Xcode/DerivedData/TaxedGmbH_IOS-gerngfqzuwudosgobknlgtoawnlj/Build/Intermediates.noindex/Firebase.build/Debug-iphoneos/FirebaseMessaging.build/DerivedSources/resource_bundle_accessor.h -MMD -MT dependencies -MF /Users/emanuelflury/Library/Developer/Xcode/DerivedData/TaxedGmbH_IOS-gerngfqzuwudosgobknlgtoawnlj/Build/Intermediates.noindex/Firebase.build/Debug-iphoneos/FirebaseMessaging.build/Objects-normal/arm64/FIRMessagingTokenStore.d --serialize-diagnostics /Users/emanuelflury/Library/Developer/Xcode/DerivedData/TaxedGmbH_IOS-gerngfqzuwudosgobknlgtoawnlj/Build/Intermediates.noindex/Firebase.build/Debug-iphoneos/FirebaseMessaging.build/Objects-normal/arm64/FIRMessagingTokenStore.dia -c /Users/emanuelflury/Library/Developer/Xcode/DerivedData/TaxedGmbH_IOS-gerngfqzuwudosgobknlgtoawnlj/SourcePackages/checkouts/firebase-ios-sdk/FirebaseMessaging/Sources/Token/FIRMessagingTokenStore.m -o /Users/emanuelflury/Library/Developer/Xcode/DerivedData/TaxedGmbH_IOS-gerngfqzuwudosgobknlgtoawnlj/Build/Intermediates.noindex/Firebase.build/Debug-iphoneos/FirebaseMessaging.build/Objects-normal/arm64/FIRMessagingTokenStore.o -index-unit-output-path /Firebase.build/Debug-iphoneos/FirebaseMessaging.build/Objects-normal/arm64/FIRMessagingTokenStore.o

CompileC /Users/emanuelflury/Library/Developer/Xcode/DerivedData/TaxedGmbH_IOS-gerngfqzuwudosgobknlgtoawnlj/Build/Intermediates.noindex/Firebase.build/Debug-iphoneos/FirebaseMessaging.build/Objects-normal/arm64/FIRMessagingTokenInfo.o /Users/emanuelflury/Library/Developer/Xcode/DerivedData/TaxedGmbH_IOS-gerngfqzuwudosgobknlgtoawnlj/SourcePackages/checkouts/firebase-ios-sdk/FirebaseMessaging/Sources/Token/FIRMessagingTokenInfo.m normal arm64 objective-c com.apple.compilers.llvm.clang.1_0.compiler (in target 'FirebaseMessaging' from project 'Firebase')
    cd /Users/emanuelflury/github/TaxedGmbH_IOS/TaxedGmbH_IOS.xcodeproj
    
    Using response file: /Users/emanuelflury/Library/Developer/Xcode/DerivedData/TaxedGmbH_IOS-gerngfqzuwudosgobknlgtoawnlj/Build/Intermediates.noindex/Firebase.build/Debug-iphoneos/FirebaseMessaging.build/Objects-normal/arm64/e6072d4f65d7061329687fe24e3d63a7-common-args.resp
    
    /Applications/Xcode.app/Contents/Developer/Toolchains/XcodeDefault.xctoolchain/usr/bin/clang -x objective-c -ivfsstatcache /Users/emanuelflury/Library/Developer/Xcode/DerivedData/SDKStatCaches.noindex/iphoneos26.1-23B77-69b33fc7382b27d9b5d46e82a00f8e78.sdkstatcache -fmessage-length\=0 -fdiagnostics-show-note-include-stack -fmacro-backtrace-limit\=0 -fno-color-diagnostics -fmodules-prune-interval\=86400 -fmodules-prune-after\=345600 -fbuild-session-file\=/Users/emanuelflury/Library/Developer/Xcode/DerivedData/ModuleCache.noindex/Session.modulevalidation -fmodules-validate-once-per-build-session -Wnon-modular-include-in-framework-module -Werror\=non-modular-include-in-framework-module -Wno-trigraphs -Wno-missing-field-initializers -Wno-missing-prototypes -Wno-return-type -Wno-implicit-atomic-properties -Wno-objc-interface-ivars -Wno-arc-repeated-use-of-weak -Wno-missing-braces -Wparentheses -Wswitch -Wno-unused-function -Wno-unused-label -Wno-unused-parameter -Wno-unused-variable -Wunused-value -Wno-empty-body -Wno-uninitialized -Wno-unknown-pragmas -w -Wno-shadow -Wno-four-char-constants -Wno-conversion -Wno-constant-conversion -Wno-int-conversion -Wno-bool-conversion -Wno-enum-conversion -Wno-float-conversion -Wno-non-literal-null-conversion -Wno-objc-literal-conversion -Wshorten-64-to-32 -Wpointer-sign -Wno-newline-eof -Wno-selector -Wno-strict-selector-match -Wno-undeclared-selector -Wno-deprecated-implementations -Wno-implicit-fallthrough -fstrict-aliasing -Wprotocol -Wdeprecated-declarations -Wno-sign-conversion -Wno-infinite-recursion -Wno-comma -Wno-block-capture-autoreleasing -Wno-strict-prototypes -Wno-semicolon-before-method-body -index-store-path /Users/emanuelflury/Library/Developer/Xcode/DerivedData/TaxedGmbH_IOS-gerngfqzuwudosgobknlgtoawnlj/Index.noindex/DataStore @/Users/emanuelflury/Library/Developer/Xcode/DerivedData/TaxedGmbH_IOS-gerngfqzuwudosgobknlgtoawnlj/Build/Intermediates.noindex/Firebase.build/Debug-iphoneos/FirebaseMessaging.build/Objects-normal/arm64/e6072d4f65d7061329687fe24e3d63a7-common-args.resp -include /Users/emanuelflury/Library/Developer/Xcode/DerivedData/TaxedGmbH_IOS-gerngfqzuwudosgobknlgtoawnlj/Build/Intermediates.noindex/Firebase.build/Debug-iphoneos/FirebaseMessaging.build/DerivedSources/resource_bundle_accessor.h -MMD -MT dependencies -MF /Users/emanuelflury/Library/Developer/Xcode/DerivedData/TaxedGmbH_IOS-gerngfqzuwudosgobknlgtoawnlj/Build/Intermediates.noindex/Firebase.build/Debug-iphoneos/FirebaseMessaging.build/Objects-normal/arm64/FIRMessagingTokenInfo.d --serialize-diagnostics /Users/emanuelflury/Library/Developer/Xcode/DerivedData/TaxedGmbH_IOS-gerngfqzuwudosgobknlgtoawnlj/Build/Intermediates.noindex/Firebase.build/Debug-iphoneos/FirebaseMessaging.build/Objects-normal/arm64/FIRMessagingTokenInfo.dia -c /Users/emanuelflury/Library/Developer/Xcode/DerivedData/TaxedGmbH_IOS-gerngfqzuwudosgobknlgtoawnlj/SourcePackages/checkouts/firebase-ios-sdk/FirebaseMessaging/Sources/Token/FIRMessagingTokenInfo.m -o /Users/emanuelflury/Library/Developer/Xcode/DerivedData/TaxedGmbH_IOS-gerngfqzuwudosgobknlgtoawnlj/Build/Intermediates.noindex/Firebase.build/Debug-iphoneos/FirebaseMessaging.build/Objects-normal/arm64/FIRMessagingTokenInfo.o -index-unit-output-path /Firebase.build/Debug-iphoneos/FirebaseMessaging.build/Objects-normal/arm64/FIRMessagingTokenInfo.o

CompileC /Users/emanuelflury/Library/Developer/Xcode/DerivedData/TaxedGmbH_IOS-gerngfqzuwudosgobknlgtoawnlj/Build/Intermediates.noindex/Firebase.build/Debug-iphoneos/FirebaseMessaging.build/Objects-normal/arm64/FIRMessagingTokenDeleteOperation.o /Users/emanuelflury/Library/Developer/Xcode/DerivedData/TaxedGmbH_IOS-gerngfqzuwudosgobknlgtoawnlj/SourcePackages/checkouts/firebase-ios-sdk/FirebaseMessaging/Sources/Token/FIRMessagingTokenDeleteOperation.m normal arm64 objective-c com.apple.compilers.llvm.clang.1_0.compiler (in target 'FirebaseMessaging' from project 'Firebase')
    cd /Users/emanuelflury/github/TaxedGmbH_IOS/TaxedGmbH_IOS.xcodeproj
    
    Using response file: /Users/emanuelflury/Library/Developer/Xcode/DerivedData/TaxedGmbH_IOS-gerngfqzuwudosgobknlgtoawnlj/Build/Intermediates.noindex/Firebase.build/Debug-iphoneos/FirebaseMessaging.build/Objects-normal/arm64/e6072d4f65d7061329687fe24e3d63a7-common-args.resp
    
    /Applications/Xcode.app/Contents/Developer/Toolchains/XcodeDefault.xctoolchain/usr/bin/clang -x objective-c -ivfsstatcache /Users/emanuelflury/Library/Developer/Xcode/DerivedData/SDKStatCaches.noindex/iphoneos26.1-23B77-69b33fc7382b27d9b5d46e82a00f8e78.sdkstatcache -fmessage-length\=0 -fdiagnostics-show-note-include-stack -fmacro-backtrace-limit\=0 -fno-color-diagnostics -fmodules-prune-interval\=86400 -fmodules-prune-after\=345600 -fbuild-session-file\=/Users/emanuelflury/Library/Developer/Xcode/DerivedData/ModuleCache.noindex/Session.modulevalidation -fmodules-validate-once-per-build-session -Wnon-modular-include-in-framework-module -Werror\=non-modular-include-in-framework-module -Wno-trigraphs -Wno-missing-field-initializers -Wno-missing-prototypes -Wno-return-type -Wno-implicit-atomic-properties -Wno-objc-interface-ivars -Wno-arc-repeated-use-of-weak -Wno-missing-braces -Wparentheses -Wswitch -Wno-unused-function -Wno-unused-label -Wno-unused-parameter -Wno-unused-variable -Wunused-value -Wno-empty-body -Wno-uninitialized -Wno-unknown-pragmas -w -Wno-shadow -Wno-four-char-constants -Wno-conversion -Wno-constant-conversion -Wno-int-conversion -Wno-bool-conversion -Wno-enum-conversion -Wno-float-conversion -Wno-non-literal-null-conversion -Wno-objc-literal-conversion -Wshorten-64-to-32 -Wpointer-sign -Wno-newline-eof -Wno-selector -Wno-strict-selector-match -Wno-undeclared-selector -Wno-deprecated-implementations -Wno-implicit-fallthrough -fstrict-aliasing -Wprotocol -Wdeprecated-declarations -Wno-sign-conversion -Wno-infinite-recursion -Wno-comma -Wno-block-capture-autoreleasing -Wno-strict-prototypes -Wno-semicolon-before-method-body -index-store-path /Users/emanuelflury/Library/Developer/Xcode/DerivedData/TaxedGmbH_IOS-gerngfqzuwudosgobknlgtoawnlj/Index.noindex/DataStore @/Users/emanuelflury/Library/Developer/Xcode/DerivedData/TaxedGmbH_IOS-gerngfqzuwudosgobknlgtoawnlj/Build/Intermediates.noindex/Firebase.build/Debug-iphoneos/FirebaseMessaging.build/Objects-normal/arm64/e6072d4f65d7061329687fe24e3d63a7-common-args.resp -include /Users/emanuelflury/Library/Developer/Xcode/DerivedData/TaxedGmbH_IOS-gerngfqzuwudosgobknlgtoawnlj/Build/Intermediates.noindex/Firebase.build/Debug-iphoneos/FirebaseMessaging.build/DerivedSources/resource_bundle_accessor.h -MMD -MT dependencies -MF /Users/emanuelflury/Library/Developer/Xcode/DerivedData/TaxedGmbH_IOS-gerngfqzuwudosgobknlgtoawnlj/Build/Intermediates.noindex/Firebase.build/Debug-iphoneos/FirebaseMessaging.build/Objects-normal/arm64/FIRMessagingTokenDeleteOperation.d --serialize-diagnostics /Users/emanuelflury/Library/Developer/Xcode/DerivedData/TaxedGmbH_IOS-gerngfqzuwudosgobknlgtoawnlj/Build/Intermediates.noindex/Firebase.build/Debug-iphoneos/FirebaseMessaging.build/Objects-normal/arm64/FIRMessagingTokenDeleteOperation.dia -c /Users/emanuelflury/Library/Developer/Xcode/DerivedData/TaxedGmbH_IOS-gerngfqzuwudosgobknlgtoawnlj/SourcePackages/checkouts/firebase-ios-sdk/FirebaseMessaging/Sources/Token/FIRMessagingTokenDeleteOperation.m -o /Users/emanuelflury/Library/Developer/Xcode/DerivedData/TaxedGmbH_IOS-gerngfqzuwudosgobknlgtoawnlj/Build/Intermediates.noindex/Firebase.build/Debug-iphoneos/FirebaseMessaging.build/Objects-normal/arm64/FIRMessagingTokenDeleteOperation.o -index-unit-output-path /Firebase.build/Debug-iphoneos/FirebaseMessaging.build/Objects-normal/arm64/FIRMessagingTokenDeleteOperation.o

CompileC /Users/emanuelflury/Library/Developer/Xcode/DerivedData/TaxedGmbH_IOS-gerngfqzuwudosgobknlgtoawnlj/Build/Intermediates.noindex/Firebase.build/Debug-iphoneos/FirebaseMessaging.build/Objects-normal/arm64/FIRMessagingSyncMessageManager.o /Users/emanuelflury/Library/Developer/Xcode/DerivedData/TaxedGmbH_IOS-gerngfqzuwudosgobknlgtoawnlj/SourcePackages/checkouts/firebase-ios-sdk/FirebaseMessaging/Sources/FIRMessagingSyncMessageManager.m normal arm64 objective-c com.apple.compilers.llvm.clang.1_0.compiler (in target 'FirebaseMessaging' from project 'Firebase')
    cd /Users/emanuelflury/github/TaxedGmbH_IOS/TaxedGmbH_IOS.xcodeproj
    
    Using response file: /Users/emanuelflury/Library/Developer/Xcode/DerivedData/TaxedGmbH_IOS-gerngfqzuwudosgobknlgtoawnlj/Build/Intermediates.noindex/Firebase.build/Debug-iphoneos/FirebaseMessaging.build/Objects-normal/arm64/e6072d4f65d7061329687fe24e3d63a7-common-args.resp
    
    /Applications/Xcode.app/Contents/Developer/Toolchains/XcodeDefault.xctoolchain/usr/bin/clang -x objective-c -ivfsstatcache /Users/emanuelflury/Library/Developer/Xcode/DerivedData/SDKStatCaches.noindex/iphoneos26.1-23B77-69b33fc7382b27d9b5d46e82a00f8e78.sdkstatcache -fmessage-length\=0 -fdiagnostics-show-note-include-stack -fmacro-backtrace-limit\=0 -fno-color-diagnostics -fmodules-prune-interval\=86400 -fmodules-prune-after\=345600 -fbuild-session-file\=/Users/emanuelflury/Library/Developer/Xcode/DerivedData/ModuleCache.noindex/Session.modulevalidation -fmodules-validate-once-per-build-session -Wnon-modular-include-in-framework-module -Werror\=non-modular-include-in-framework-module -Wno-trigraphs -Wno-missing-field-initializers -Wno-missing-prototypes -Wno-return-type -Wno-implicit-atomic-properties -Wno-objc-interface-ivars -Wno-arc-repeated-use-of-weak -Wno-missing-braces -Wparentheses -Wswitch -Wno-unused-function -Wno-unused-label -Wno-unused-parameter -Wno-unused-variable -Wunused-value -Wno-empty-body -Wno-uninitialized -Wno-unknown-pragmas -w -Wno-shadow -Wno-four-char-constants -Wno-conversion -Wno-constant-conversion -Wno-int-conversion -Wno-bool-conversion -Wno-enum-conversion -Wno-float-conversion -Wno-non-literal-null-conversion -Wno-objc-literal-conversion -Wshorten-64-to-32 -Wpointer-sign -Wno-newline-eof -Wno-selector -Wno-strict-selector-match -Wno-undeclared-selector -Wno-deprecated-implementations -Wno-implicit-fallthrough -fstrict-aliasing -Wprotocol -Wdeprecated-declarations -Wno-sign-conversion -Wno-infinite-recursion -Wno-comma -Wno-block-capture-autoreleasing -Wno-strict-prototypes -Wno-semicolon-before-method-body -index-store-path /Users/emanuelflury/Library/Developer/Xcode/DerivedData/TaxedGmbH_IOS-gerngfqzuwudosgobknlgtoawnlj/Index.noindex/DataStore @/Users/emanuelflury/Library/Developer/Xcode/DerivedData/TaxedGmbH_IOS-gerngfqzuwudosgobknlgtoawnlj/Build/Intermediates.noindex/Firebase.build/Debug-iphoneos/FirebaseMessaging.build/Objects-normal/arm64/e6072d4f65d7061329687fe24e3d63a7-common-args.resp -include /Users/emanuelflury/Library/Developer/Xcode/DerivedData/TaxedGmbH_IOS-gerngfqzuwudosgobknlgtoawnlj/Build/Intermediates.noindex/Firebase.build/Debug-iphoneos/FirebaseMessaging.build/DerivedSources/resource_bundle_accessor.h -MMD -MT dependencies -MF /Users/emanuelflury/Library/Developer/Xcode/DerivedData/TaxedGmbH_IOS-gerngfqzuwudosgobknlgtoawnlj/Build/Intermediates.noindex/Firebase.build/Debug-iphoneos/FirebaseMessaging.build/Objects-normal/arm64/FIRMessagingSyncMessageManager.d --serialize-diagnostics /Users/emanuelflury/Library/Developer/Xcode/DerivedData/TaxedGmbH_IOS-gerngfqzuwudosgobknlgtoawnlj/Build/Intermediates.noindex/Firebase.build/Debug-iphoneos/FirebaseMessaging.build/Objects-normal/arm64/FIRMessagingSyncMessageManager.dia -c /Users/emanuelflury/Library/Developer/Xcode/DerivedData/TaxedGmbH_IOS-gerngfqzuwudosgobknlgtoawnlj/SourcePackages/checkouts/firebase-ios-sdk/FirebaseMessaging/Sources/FIRMessagingSyncMessageManager.m -o /Users/emanuelflury/Library/Developer/Xcode/DerivedData/TaxedGmbH_IOS-gerngfqzuwudosgobknlgtoawnlj/Build/Intermediates.noindex/Firebase.build/Debug-iphoneos/FirebaseMessaging.build/Objects-normal/arm64/FIRMessagingSyncMessageManager.o -index-unit-output-path /Firebase.build/Debug-iphoneos/FirebaseMessaging.build/Objects-normal/arm64/FIRMessagingSyncMessageManager.o

CompileC /Users/emanuelflury/Library/Developer/Xcode/DerivedData/TaxedGmbH_IOS-gerngfqzuwudosgobknlgtoawnlj/Build/Intermediates.noindex/Firebase.build/Debug-iphoneos/FirebaseMessaging.build/Objects-normal/arm64/FIRMessagingRmqManager.o /Users/emanuelflury/Library/Developer/Xcode/DerivedData/TaxedGmbH_IOS-gerngfqzuwudosgobknlgtoawnlj/SourcePackages/checkouts/firebase-ios-sdk/FirebaseMessaging/Sources/FIRMessagingRmqManager.m normal arm64 objective-c com.apple.compilers.llvm.clang.1_0.compiler (in target 'FirebaseMessaging' from project 'Firebase')
    cd /Users/emanuelflury/github/TaxedGmbH_IOS/TaxedGmbH_IOS.xcodeproj
    
    Using response file: /Users/emanuelflury/Library/Developer/Xcode/DerivedData/TaxedGmbH_IOS-gerngfqzuwudosgobknlgtoawnlj/Build/Intermediates.noindex/Firebase.build/Debug-iphoneos/FirebaseMessaging.build/Objects-normal/arm64/e6072d4f65d7061329687fe24e3d63a7-common-args.resp
    
    /Applications/Xcode.app/Contents/Developer/Toolchains/XcodeDefault.xctoolchain/usr/bin/clang -x objective-c -ivfsstatcache /Users/emanuelflury/Library/Developer/Xcode/DerivedData/SDKStatCaches.noindex/iphoneos26.1-23B77-69b33fc7382b27d9b5d46e82a00f8e78.sdkstatcache -fmessage-length\=0 -fdiagnostics-show-note-include-stack -fmacro-backtrace-limit\=0 -fno-color-diagnostics -fmodules-prune-interval\=86400 -fmodules-prune-after\=345600 -fbuild-session-file\=/Users/emanuelflury/Library/Developer/Xcode/DerivedData/ModuleCache.noindex/Session.modulevalidation -fmodules-validate-once-per-build-session -Wnon-modular-include-in-framework-module -Werror\=non-modular-include-in-framework-module -Wno-trigraphs -Wno-missing-field-initializers -Wno-missing-prototypes -Wno-return-type -Wno-implicit-atomic-properties -Wno-objc-interface-ivars -Wno-arc-repeated-use-of-weak -Wno-missing-braces -Wparentheses -Wswitch -Wno-unused-function -Wno-unused-label -Wno-unused-parameter -Wno-unused-variable -Wunused-value -Wno-empty-body -Wno-uninitialized -Wno-unknown-pragmas -w -Wno-shadow -Wno-four-char-constants -Wno-conversion -Wno-constant-conversion -Wno-int-conversion -Wno-bool-conversion -Wno-enum-conversion -Wno-float-conversion -Wno-non-literal-null-conversion -Wno-objc-literal-conversion -Wshorten-64-to-32 -Wpointer-sign -Wno-newline-eof -Wno-selector -Wno-strict-selector-match -Wno-undeclared-selector -Wno-deprecated-implementations -Wno-implicit-fallthrough -fstrict-aliasing -Wprotocol -Wdeprecated-declarations -Wno-sign-conversion -Wno-infinite-recursion -Wno-comma -Wno-block-capture-autoreleasing -Wno-strict-prototypes -Wno-semicolon-before-method-body -index-store-path /Users/emanuelflury/Library/Developer/Xcode/DerivedData/TaxedGmbH_IOS-gerngfqzuwudosgobknlgtoawnlj/Index.noindex/DataStore @/Users/emanuelflury/Library/Developer/Xcode/DerivedData/TaxedGmbH_IOS-gerngfqzuwudosgobknlgtoawnlj/Build/Intermediates.noindex/Firebase.build/Debug-iphoneos/FirebaseMessaging.build/Objects-normal/arm64/e6072d4f65d7061329687fe24e3d63a7-common-args.resp -include /Users/emanuelflury/Library/Developer/Xcode/DerivedData/TaxedGmbH_IOS-gerngfqzuwudosgobknlgtoawnlj/Build/Intermediates.noindex/Firebase.build/Debug-iphoneos/FirebaseMessaging.build/DerivedSources/resource_bundle_accessor.h -MMD -MT dependencies -MF /Users/emanuelflury/Library/Developer/Xcode/DerivedData/TaxedGmbH_IOS-gerngfqzuwudosgobknlgtoawnlj/Build/Intermediates.noindex/Firebase.build/Debug-iphoneos/FirebaseMessaging.build/Objects-normal/arm64/FIRMessagingRmqManager.d --serialize-diagnostics /Users/emanuelflury/Library/Developer/Xcode/DerivedData/TaxedGmbH_IOS-gerngfqzuwudosgobknlgtoawnlj/Build/Intermediates.noindex/Firebase.build/Debug-iphoneos/FirebaseMessaging.build/Objects-normal/arm64/FIRMessagingRmqManager.dia -c /Users/emanuelflury/Library/Developer/Xcode/DerivedData/TaxedGmbH_IOS-gerngfqzuwudosgobknlgtoawnlj/SourcePackages/checkouts/firebase-ios-sdk/FirebaseMessaging/Sources/FIRMessagingRmqManager.m -o /Users/emanuelflury/Library/Developer/Xcode/DerivedData/TaxedGmbH_IOS-gerngfqzuwudosgobknlgtoawnlj/Build/Intermediates.noindex/Firebase.build/Debug-iphoneos/FirebaseMessaging.build/Objects-normal/arm64/FIRMessagingRmqManager.o -index-unit-output-path /Firebase.build/Debug-iphoneos/FirebaseMessaging.build/Objects-normal/arm64/FIRMessagingRmqManager.o

CompileC /Users/emanuelflury/Library/Developer/Xcode/DerivedData/TaxedGmbH_IOS-gerngfqzuwudosgobknlgtoawnlj/Build/Intermediates.noindex/Firebase.build/Debug-iphoneos/FirebaseMessaging.build/Objects-normal/arm64/FIRMessagingPersistentSyncMessage.o /Users/emanuelflury/Library/Developer/Xcode/DerivedData/TaxedGmbH_IOS-gerngfqzuwudosgobknlgtoawnlj/SourcePackages/checkouts/firebase-ios-sdk/FirebaseMessaging/Sources/FIRMessagingPersistentSyncMessage.m normal arm64 objective-c com.apple.compilers.llvm.clang.1_0.compiler (in target 'FirebaseMessaging' from project 'Firebase')
    cd /Users/emanuelflury/github/TaxedGmbH_IOS/TaxedGmbH_IOS.xcodeproj
    
    Using response file: /Users/emanuelflury/Library/Developer/Xcode/DerivedData/TaxedGmbH_IOS-gerngfqzuwudosgobknlgtoawnlj/Build/Intermediates.noindex/Firebase.build/Debug-iphoneos/FirebaseMessaging.build/Objects-normal/arm64/e6072d4f65d7061329687fe24e3d63a7-common-args.resp
    
    /Applications/Xcode.app/Contents/Developer/Toolchains/XcodeDefault.xctoolchain/usr/bin/clang -x objective-c -ivfsstatcache /Users/emanuelflury/Library/Developer/Xcode/DerivedData/SDKStatCaches.noindex/iphoneos26.1-23B77-69b33fc7382b27d9b5d46e82a00f8e78.sdkstatcache -fmessage-length\=0 -fdiagnostics-show-note-include-stack -fmacro-backtrace-limit\=0 -fno-color-diagnostics -fmodules-prune-interval\=86400 -fmodules-prune-after\=345600 -fbuild-session-file\=/Users/emanuelflury/Library/Developer/Xcode/DerivedData/ModuleCache.noindex/Session.modulevalidation -fmodules-validate-once-per-build-session -Wnon-modular-include-in-framework-module -Werror\=non-modular-include-in-framework-module -Wno-trigraphs -Wno-missing-field-initializers -Wno-missing-prototypes -Wno-return-type -Wno-implicit-atomic-properties -Wno-objc-interface-ivars -Wno-arc-repeated-use-of-weak -Wno-missing-braces -Wparentheses -Wswitch -Wno-unused-function -Wno-unused-label -Wno-unused-parameter -Wno-unused-variable -Wunused-value -Wno-empty-body -Wno-uninitialized -Wno-unknown-pragmas -w -Wno-shadow -Wno-four-char-constants -Wno-conversion -Wno-constant-conversion -Wno-int-conversion -Wno-bool-conversion -Wno-enum-conversion -Wno-float-conversion -Wno-non-literal-null-conversion -Wno-objc-literal-conversion -Wshorten-64-to-32 -Wpointer-sign -Wno-newline-eof -Wno-selector -Wno-strict-selector-match -Wno-undeclared-selector -Wno-deprecated-implementations -Wno-implicit-fallthrough -fstrict-aliasing -Wprotocol -Wdeprecated-declarations -Wno-sign-conversion -Wno-infinite-recursion -Wno-comma -Wno-block-capture-autoreleasing -Wno-strict-prototypes -Wno-semicolon-before-method-body -index-store-path /Users/emanuelflury/Library/Developer/Xcode/DerivedData/TaxedGmbH_IOS-gerngfqzuwudosgobknlgtoawnlj/Index.noindex/DataStore @/Users/emanuelflury/Library/Developer/Xcode/DerivedData/TaxedGmbH_IOS-gerngfqzuwudosgobknlgtoawnlj/Build/Intermediates.noindex/Firebase.build/Debug-iphoneos/FirebaseMessaging.build/Objects-normal/arm64/e6072d4f65d7061329687fe24e3d63a7-common-args.resp -include /Users/emanuelflury/Library/Developer/Xcode/DerivedData/TaxedGmbH_IOS-gerngfqzuwudosgobknlgtoawnlj/Build/Intermediates.noindex/Firebase.build/Debug-iphoneos/FirebaseMessaging.build/DerivedSources/resource_bundle_accessor.h -MMD -MT dependencies -MF /Users/emanuelflury/Library/Developer/Xcode/DerivedData/TaxedGmbH_IOS-gerngfqzuwudosgobknlgtoawnlj/Build/Intermediates.noindex/Firebase.build/Debug-iphoneos/FirebaseMessaging.build/Objects-normal/arm64/FIRMessagingPersistentSyncMessage.d --serialize-diagnostics /Users/emanuelflury/Library/Developer/Xcode/DerivedData/TaxedGmbH_IOS-gerngfqzuwudosgobknlgtoawnlj/Build/Intermediates.noindex/Firebase.build/Debug-iphoneos/FirebaseMessaging.build/Objects-normal/arm64/FIRMessagingPersistentSyncMessage.dia -c /Users/emanuelflury/Library/Developer/Xcode/DerivedData/TaxedGmbH_IOS-gerngfqzuwudosgobknlgtoawnlj/SourcePackages/checkouts/firebase-ios-sdk/FirebaseMessaging/Sources/FIRMessagingPersistentSyncMessage.m -o /Users/emanuelflury/Library/Developer/Xcode/DerivedData/TaxedGmbH_IOS-gerngfqzuwudosgobknlgtoawnlj/Build/Intermediates.noindex/Firebase.build/Debug-iphoneos/FirebaseMessaging.build/Objects-normal/arm64/FIRMessagingPersistentSyncMessage.o -index-unit-output-path /Firebase.build/Debug-iphoneos/FirebaseMessaging.build/Objects-normal/arm64/FIRMessagingPersistentSyncMessage.o

CompileC /Users/emanuelflury/Library/Developer/Xcode/DerivedData/TaxedGmbH_IOS-gerngfqzuwudosgobknlgtoawnlj/Build/Intermediates.noindex/Firebase.build/Debug-iphoneos/FirebaseMessaging.build/Objects-normal/arm64/FIRMessagingPendingTopicsList.o /Users/emanuelflury/Library/Developer/Xcode/DerivedData/TaxedGmbH_IOS-gerngfqzuwudosgobknlgtoawnlj/SourcePackages/checkouts/firebase-ios-sdk/FirebaseMessaging/Sources/FIRMessagingPendingTopicsList.m normal arm64 objective-c com.apple.compilers.llvm.clang.1_0.compiler (in target 'FirebaseMessaging' from project 'Firebase')
    cd /Users/emanuelflury/github/TaxedGmbH_IOS/TaxedGmbH_IOS.xcodeproj
    
    Using response file: /Users/emanuelflury/Library/Developer/Xcode/DerivedData/TaxedGmbH_IOS-gerngfqzuwudosgobknlgtoawnlj/Build/Intermediates.noindex/Firebase.build/Debug-iphoneos/FirebaseMessaging.build/Objects-normal/arm64/e6072d4f65d7061329687fe24e3d63a7-common-args.resp
    
    /Applications/Xcode.app/Contents/Developer/Toolchains/XcodeDefault.xctoolchain/usr/bin/clang -x objective-c -ivfsstatcache /Users/emanuelflury/Library/Developer/Xcode/DerivedData/SDKStatCaches.noindex/iphoneos26.1-23B77-69b33fc7382b27d9b5d46e82a00f8e78.sdkstatcache -fmessage-length\=0 -fdiagnostics-show-note-include-stack -fmacro-backtrace-limit\=0 -fno-color-diagnostics -fmodules-prune-interval\=86400 -fmodules-prune-after\=345600 -fbuild-session-file\=/Users/emanuelflury/Library/Developer/Xcode/DerivedData/ModuleCache.noindex/Session.modulevalidation -fmodules-validate-once-per-build-session -Wnon-modular-include-in-framework-module -Werror\=non-modular-include-in-framework-module -Wno-trigraphs -Wno-missing-field-initializers -Wno-missing-prototypes -Wno-return-type -Wno-implicit-atomic-properties -Wno-objc-interface-ivars -Wno-arc-repeated-use-of-weak -Wno-missing-braces -Wparentheses -Wswitch -Wno-unused-function -Wno-unused-label -Wno-unused-parameter -Wno-unused-variable -Wunused-value -Wno-empty-body -Wno-uninitialized -Wno-unknown-pragmas -w -Wno-shadow -Wno-four-char-constants -Wno-conversion -Wno-constant-conversion -Wno-int-conversion -Wno-bool-conversion -Wno-enum-conversion -Wno-float-conversion -Wno-non-literal-null-conversion -Wno-objc-literal-conversion -Wshorten-64-to-32 -Wpointer-sign -Wno-newline-eof -Wno-selector -Wno-strict-selector-match -Wno-undeclared-selector -Wno-deprecated-implementations -Wno-implicit-fallthrough -fstrict-aliasing -Wprotocol -Wdeprecated-declarations -Wno-sign-conversion -Wno-infinite-recursion -Wno-comma -Wno-block-capture-autoreleasing -Wno-strict-prototypes -Wno-semicolon-before-method-body -index-store-path /Users/emanuelflury/Library/Developer/Xcode/DerivedData/TaxedGmbH_IOS-gerngfqzuwudosgobknlgtoawnlj/Index.noindex/DataStore @/Users/emanuelflury/Library/Developer/Xcode/DerivedData/TaxedGmbH_IOS-gerngfqzuwudosgobknlgtoawnlj/Build/Intermediates.noindex/Firebase.build/Debug-iphoneos/FirebaseMessaging.build/Objects-normal/arm64/e6072d4f65d7061329687fe24e3d63a7-common-args.resp -include /Users/emanuelflury/Library/Developer/Xcode/DerivedData/TaxedGmbH_IOS-gerngfqzuwudosgobknlgtoawnlj/Build/Intermediates.noindex/Firebase.build/Debug-iphoneos/FirebaseMessaging.build/DerivedSources/resource_bundle_accessor.h -MMD -MT dependencies -MF /Users/emanuelflury/Library/Developer/Xcode/DerivedData/TaxedGmbH_IOS-gerngfqzuwudosgobknlgtoawnlj/Build/Intermediates.noindex/Firebase.build/Debug-iphoneos/FirebaseMessaging.build/Objects-normal/arm64/FIRMessagingPendingTopicsList.d --serialize-diagnostics /Users/emanuelflury/Library/Developer/Xcode/DerivedData/TaxedGmbH_IOS-gerngfqzuwudosgobknlgtoawnlj/Build/Intermediates.noindex/Firebase.build/Debug-iphoneos/FirebaseMessaging.build/Objects-normal/arm64/FIRMessagingPendingTopicsList.dia -c /Users/emanuelflury/Library/Developer/Xcode/DerivedData/TaxedGmbH_IOS-gerngfqzuwudosgobknlgtoawnlj/SourcePackages/checkouts/firebase-ios-sdk/FirebaseMessaging/Sources/FIRMessagingPendingTopicsList.m -o /Users/emanuelflury/Library/Developer/Xcode/DerivedData/TaxedGmbH_IOS-gerngfqzuwudosgobknlgtoawnlj/Build/Intermediates.noindex/Firebase.build/Debug-iphoneos/FirebaseMessaging.build/Objects-normal/arm64/FIRMessagingPendingTopicsList.o -index-unit-output-path /Firebase.build/Debug-iphoneos/FirebaseMessaging.build/Objects-normal/arm64/FIRMessagingPendingTopicsList.o

CompileC /Users/emanuelflury/Library/Developer/Xcode/DerivedData/TaxedGmbH_IOS-gerngfqzuwudosgobknlgtoawnlj/Build/Intermediates.noindex/Firebase.build/Debug-iphoneos/FirebaseMessaging.build/Objects-normal/arm64/FIRMessagingKeychain.o /Users/emanuelflury/Library/Developer/Xcode/DerivedData/TaxedGmbH_IOS-gerngfqzuwudosgobknlgtoawnlj/SourcePackages/checkouts/firebase-ios-sdk/FirebaseMessaging/Sources/Token/FIRMessagingKeychain.m normal arm64 objective-c com.apple.compilers.llvm.clang.1_0.compiler (in target 'FirebaseMessaging' from project 'Firebase')
    cd /Users/emanuelflury/github/TaxedGmbH_IOS/TaxedGmbH_IOS.xcodeproj
    
    Using response file: /Users/emanuelflury/Library/Developer/Xcode/DerivedData/TaxedGmbH_IOS-gerngfqzuwudosgobknlgtoawnlj/Build/Intermediates.noindex/Firebase.build/Debug-iphoneos/FirebaseMessaging.build/Objects-normal/arm64/e6072d4f65d7061329687fe24e3d63a7-common-args.resp
    
    /Applications/Xcode.app/Contents/Developer/Toolchains/XcodeDefault.xctoolchain/usr/bin/clang -x objective-c -ivfsstatcache /Users/emanuelflury/Library/Developer/Xcode/DerivedData/SDKStatCaches.noindex/iphoneos26.1-23B77-69b33fc7382b27d9b5d46e82a00f8e78.sdkstatcache -fmessage-length\=0 -fdiagnostics-show-note-include-stack -fmacro-backtrace-limit\=0 -fno-color-diagnostics -fmodules-prune-interval\=86400 -fmodules-prune-after\=345600 -fbuild-session-file\=/Users/emanuelflury/Library/Developer/Xcode/DerivedData/ModuleCache.noindex/Session.modulevalidation -fmodules-validate-once-per-build-session -Wnon-modular-include-in-framework-module -Werror\=non-modular-include-in-framework-module -Wno-trigraphs -Wno-missing-field-initializers -Wno-missing-prototypes -Wno-return-type -Wno-implicit-atomic-properties -Wno-objc-interface-ivars -Wno-arc-repeated-use-of-weak -Wno-missing-braces -Wparentheses -Wswitch -Wno-unused-function -Wno-unused-label -Wno-unused-parameter -Wno-unused-variable -Wunused-value -Wno-empty-body -Wno-uninitialized -Wno-unknown-pragmas -w -Wno-shadow -Wno-four-char-constants -Wno-conversion -Wno-constant-conversion -Wno-int-conversion -Wno-bool-conversion -Wno-enum-conversion -Wno-float-conversion -Wno-non-literal-null-conversion -Wno-objc-literal-conversion -Wshorten-64-to-32 -Wpointer-sign -Wno-newline-eof -Wno-selector -Wno-strict-selector-match -Wno-undeclared-selector -Wno-deprecated-implementations -Wno-implicit-fallthrough -fstrict-aliasing -Wprotocol -Wdeprecated-declarations -Wno-sign-conversion -Wno-infinite-recursion -Wno-comma -Wno-block-capture-autoreleasing -Wno-strict-prototypes -Wno-semicolon-before-method-body -index-store-path /Users/emanuelflury/Library/Developer/Xcode/DerivedData/TaxedGmbH_IOS-gerngfqzuwudosgobknlgtoawnlj/Index.noindex/DataStore @/Users/emanuelflury/Library/Developer/Xcode/DerivedData/TaxedGmbH_IOS-gerngfqzuwudosgobknlgtoawnlj/Build/Intermediates.noindex/Firebase.build/Debug-iphoneos/FirebaseMessaging.build/Objects-normal/arm64/e6072d4f65d7061329687fe24e3d63a7-common-args.resp -include /Users/emanuelflury/Library/Developer/Xcode/DerivedData/TaxedGmbH_IOS-gerngfqzuwudosgobknlgtoawnlj/Build/Intermediates.noindex/Firebase.build/Debug-iphoneos/FirebaseMessaging.build/DerivedSources/resource_bundle_accessor.h -MMD -MT dependencies -MF /Users/emanuelflury/Library/Developer/Xcode/DerivedData/TaxedGmbH_IOS-gerngfqzuwudosgobknlgtoawnlj/Build/Intermediates.noindex/Firebase.build/Debug-iphoneos/FirebaseMessaging.build/Objects-normal/arm64/FIRMessagingKeychain.d --serialize-diagnostics /Users/emanuelflury/Library/Developer/Xcode/DerivedData/TaxedGmbH_IOS-gerngfqzuwudosgobknlgtoawnlj/Build/Intermediates.noindex/Firebase.build/Debug-iphoneos/FirebaseMessaging.build/Objects-normal/arm64/FIRMessagingKeychain.dia -c /Users/emanuelflury/Library/Developer/Xcode/DerivedData/TaxedGmbH_IOS-gerngfqzuwudosgobknlgtoawnlj/SourcePackages/checkouts/firebase-ios-sdk/FirebaseMessaging/Sources/Token/FIRMessagingKeychain.m -o /Users/emanuelflury/Library/Developer/Xcode/DerivedData/TaxedGmbH_IOS-gerngfqzuwudosgobknlgtoawnlj/Build/Intermediates.noindex/Firebase.build/Debug-iphoneos/FirebaseMessaging.build/Objects-normal/arm64/FIRMessagingKeychain.o -index-unit-output-path /Firebase.build/Debug-iphoneos/FirebaseMessaging.build/Objects-normal/arm64/FIRMessagingKeychain.o

CompileC /Users/emanuelflury/Library/Developer/Xcode/DerivedData/TaxedGmbH_IOS-gerngfqzuwudosgobknlgtoawnlj/Build/Intermediates.noindex/Firebase.build/Debug-iphoneos/FirebaseMessaging.build/Objects-normal/arm64/FIRMessagingConstants.o /Users/emanuelflury/Library/Developer/Xcode/DerivedData/TaxedGmbH_IOS-gerngfqzuwudosgobknlgtoawnlj/SourcePackages/checkouts/firebase-ios-sdk/FirebaseMessaging/Sources/FIRMessagingConstants.m normal arm64 objective-c com.apple.compilers.llvm.clang.1_0.compiler (in target 'FirebaseMessaging' from project 'Firebase')
    cd /Users/emanuelflury/github/TaxedGmbH_IOS/TaxedGmbH_IOS.xcodeproj
    
    Using response file: /Users/emanuelflury/Library/Developer/Xcode/DerivedData/TaxedGmbH_IOS-gerngfqzuwudosgobknlgtoawnlj/Build/Intermediates.noindex/Firebase.build/Debug-iphoneos/FirebaseMessaging.build/Objects-normal/arm64/e6072d4f65d7061329687fe24e3d63a7-common-args.resp
    
    /Applications/Xcode.app/Contents/Developer/Toolchains/XcodeDefault.xctoolchain/usr/bin/clang -x objective-c -ivfsstatcache /Users/emanuelflury/Library/Developer/Xcode/DerivedData/SDKStatCaches.noindex/iphoneos26.1-23B77-69b33fc7382b27d9b5d46e82a00f8e78.sdkstatcache -fmessage-length\=0 -fdiagnostics-show-note-include-stack -fmacro-backtrace-limit\=0 -fno-color-diagnostics -fmodules-prune-interval\=86400 -fmodules-prune-after\=345600 -fbuild-session-file\=/Users/emanuelflury/Library/Developer/Xcode/DerivedData/ModuleCache.noindex/Session.modulevalidation -fmodules-validate-once-per-build-session -Wnon-modular-include-in-framework-module -Werror\=non-modular-include-in-framework-module -Wno-trigraphs -Wno-missing-field-initializers -Wno-missing-prototypes -Wno-return-type -Wno-implicit-atomic-properties -Wno-objc-interface-ivars -Wno-arc-repeated-use-of-weak -Wno-missing-braces -Wparentheses -Wswitch -Wno-unused-function -Wno-unused-label -Wno-unused-parameter -Wno-unused-variable -Wunused-value -Wno-empty-body -Wno-uninitialized -Wno-unknown-pragmas -w -Wno-shadow -Wno-four-char-constants -Wno-conversion -Wno-constant-conversion -Wno-int-conversion -Wno-bool-conversion -Wno-enum-conversion -Wno-float-conversion -Wno-non-literal-null-conversion -Wno-objc-literal-conversion -Wshorten-64-to-32 -Wpointer-sign -Wno-newline-eof -Wno-selector -Wno-strict-selector-match -Wno-undeclared-selector -Wno-deprecated-implementations -Wno-implicit-fallthrough -fstrict-aliasing -Wprotocol -Wdeprecated-declarations -Wno-sign-conversion -Wno-infinite-recursion -Wno-comma -Wno-block-capture-autoreleasing -Wno-strict-prototypes -Wno-semicolon-before-method-body -index-store-path /Users/emanuelflury/Library/Developer/Xcode/DerivedData/TaxedGmbH_IOS-gerngfqzuwudosgobknlgtoawnlj/Index.noindex/DataStore @/Users/emanuelflury/Library/Developer/Xcode/DerivedData/TaxedGmbH_IOS-gerngfqzuwudosgobknlgtoawnlj/Build/Intermediates.noindex/Firebase.build/Debug-iphoneos/FirebaseMessaging.build/Objects-normal/arm64/e6072d4f65d7061329687fe24e3d63a7-common-args.resp -include /Users/emanuelflury/Library/Developer/Xcode/DerivedData/TaxedGmbH_IOS-gerngfqzuwudosgobknlgtoawnlj/Build/Intermediates.noindex/Firebase.build/Debug-iphoneos/FirebaseMessaging.build/DerivedSources/resource_bundle_accessor.h -MMD -MT dependencies -MF /Users/emanuelflury/Library/Developer/Xcode/DerivedData/TaxedGmbH_IOS-gerngfqzuwudosgobknlgtoawnlj/Build/Intermediates.noindex/Firebase.build/Debug-iphoneos/FirebaseMessaging.build/Objects-normal/arm64/FIRMessagingConstants.d --serialize-diagnostics /Users/emanuelflury/Library/Developer/Xcode/DerivedData/TaxedGmbH_IOS-gerngfqzuwudosgobknlgtoawnlj/Build/Intermediates.noindex/Firebase.build/Debug-iphoneos/FirebaseMessaging.build/Objects-normal/arm64/FIRMessagingConstants.dia -c /Users/emanuelflury/Library/Developer/Xcode/DerivedData/TaxedGmbH_IOS-gerngfqzuwudosgobknlgtoawnlj/SourcePackages/checkouts/firebase-ios-sdk/FirebaseMessaging/Sources/FIRMessagingConstants.m -o /Users/emanuelflury/Library/Developer/Xcode/DerivedData/TaxedGmbH_IOS-gerngfqzuwudosgobknlgtoawnlj/Build/Intermediates.noindex/Firebase.build/Debug-iphoneos/FirebaseMessaging.build/Objects-normal/arm64/FIRMessagingConstants.o -index-unit-output-path /Firebase.build/Debug-iphoneos/FirebaseMessaging.build/Objects-normal/arm64/FIRMessagingConstants.o

SwiftExplicitDependencyGeneratePcm arm64 /Users/emanuelflury/Library/Developer/Xcode/DerivedData/TaxedGmbH_IOS-gerngfqzuwudosgobknlgtoawnlj/Build/Intermediates.noindex/SwiftExplicitPrecompiledModules/FirebaseCoreExtension-1DV0XEZPF71FNJPCZ7LWM6L15.pcm

CompileC /Users/emanuelflury/Library/Developer/Xcode/DerivedData/TaxedGmbH_IOS-gerngfqzuwudosgobknlgtoawnlj/Build/Intermediates.noindex/Firebase.build/Debug-iphoneos/FirebaseMessaging.build/Objects-normal/arm64/FIRMessagingCheckinStore.o /Users/emanuelflury/Library/Developer/Xcode/DerivedData/TaxedGmbH_IOS-gerngfqzuwudosgobknlgtoawnlj/SourcePackages/checkouts/firebase-ios-sdk/FirebaseMessaging/Sources/Token/FIRMessagingCheckinStore.m normal arm64 objective-c com.apple.compilers.llvm.clang.1_0.compiler (in target 'FirebaseMessaging' from project 'Firebase')
    cd /Users/emanuelflury/github/TaxedGmbH_IOS/TaxedGmbH_IOS.xcodeproj
    
    Using response file: /Users/emanuelflury/Library/Developer/Xcode/DerivedData/TaxedGmbH_IOS-gerngfqzuwudosgobknlgtoawnlj/Build/Intermediates.noindex/Firebase.build/Debug-iphoneos/FirebaseMessaging.build/Objects-normal/arm64/e6072d4f65d7061329687fe24e3d63a7-common-args.resp
    
    /Applications/Xcode.app/Contents/Developer/Toolchains/XcodeDefault.xctoolchain/usr/bin/clang -x objective-c -ivfsstatcache /Users/emanuelflury/Library/Developer/Xcode/DerivedData/SDKStatCaches.noindex/iphoneos26.1-23B77-69b33fc7382b27d9b5d46e82a00f8e78.sdkstatcache -fmessage-length\=0 -fdiagnostics-show-note-include-stack -fmacro-backtrace-limit\=0 -fno-color-diagnostics -fmodules-prune-interval\=86400 -fmodules-prune-after\=345600 -fbuild-session-file\=/Users/emanuelflury/Library/Developer/Xcode/DerivedData/ModuleCache.noindex/Session.modulevalidation -fmodules-validate-once-per-build-session -Wnon-modular-include-in-framework-module -Werror\=non-modular-include-in-framework-module -Wno-trigraphs -Wno-missing-field-initializers -Wno-missing-prototypes -Wno-return-type -Wno-implicit-atomic-properties -Wno-objc-interface-ivars -Wno-arc-repeated-use-of-weak -Wno-missing-braces -Wparentheses -Wswitch -Wno-unused-function -Wno-unused-label -Wno-unused-parameter -Wno-unused-variable -Wunused-value -Wno-empty-body -Wno-uninitialized -Wno-unknown-pragmas -w -Wno-shadow -Wno-four-char-constants -Wno-conversion -Wno-constant-conversion -Wno-int-conversion -Wno-bool-conversion -Wno-enum-conversion -Wno-float-conversion -Wno-non-literal-null-conversion -Wno-objc-literal-conversion -Wshorten-64-to-32 -Wpointer-sign -Wno-newline-eof -Wno-selector -Wno-strict-selector-match -Wno-undeclared-selector -Wno-deprecated-implementations -Wno-implicit-fallthrough -fstrict-aliasing -Wprotocol -Wdeprecated-declarations -Wno-sign-conversion -Wno-infinite-recursion -Wno-comma -Wno-block-capture-autoreleasing -Wno-strict-prototypes -Wno-semicolon-before-method-body -index-store-path /Users/emanuelflury/Library/Developer/Xcode/DerivedData/TaxedGmbH_IOS-gerngfqzuwudosgobknlgtoawnlj/Index.noindex/DataStore @/Users/emanuelflury/Library/Developer/Xcode/DerivedData/TaxedGmbH_IOS-gerngfqzuwudosgobknlgtoawnlj/Build/Intermediates.noindex/Firebase.build/Debug-iphoneos/FirebaseMessaging.build/Objects-normal/arm64/e6072d4f65d7061329687fe24e3d63a7-common-args.resp -include /Users/emanuelflury/Library/Developer/Xcode/DerivedData/TaxedGmbH_IOS-gerngfqzuwudosgobknlgtoawnlj/Build/Intermediates.noindex/Firebase.build/Debug-iphoneos/FirebaseMessaging.build/DerivedSources/resource_bundle_accessor.h -MMD -MT dependencies -MF /Users/emanuelflury/Library/Developer/Xcode/DerivedData/TaxedGmbH_IOS-gerngfqzuwudosgobknlgtoawnlj/Build/Intermediates.noindex/Firebase.build/Debug-iphoneos/FirebaseMessaging.build/Objects-normal/arm64/FIRMessagingCheckinStore.d --serialize-diagnostics /Users/emanuelflury/Library/Developer/Xcode/DerivedData/TaxedGmbH_IOS-gerngfqzuwudosgobknlgtoawnlj/Build/Intermediates.noindex/Firebase.build/Debug-iphoneos/FirebaseMessaging.build/Objects-normal/arm64/FIRMessagingCheckinStore.dia -c /Users/emanuelflury/Library/Developer/Xcode/DerivedData/TaxedGmbH_IOS-gerngfqzuwudosgobknlgtoawnlj/SourcePackages/checkouts/firebase-ios-sdk/FirebaseMessaging/Sources/Token/FIRMessagingCheckinStore.m -o /Users/emanuelflury/Library/Developer/Xcode/DerivedData/TaxedGmbH_IOS-gerngfqzuwudosgobknlgtoawnlj/Build/Intermediates.noindex/Firebase.build/Debug-iphoneos/FirebaseMessaging.build/Objects-normal/arm64/FIRMessagingCheckinStore.o -index-unit-output-path /Firebase.build/Debug-iphoneos/FirebaseMessaging.build/Objects-normal/arm64/FIRMessagingCheckinStore.o

CompileC /Users/emanuelflury/Library/Developer/Xcode/DerivedData/TaxedGmbH_IOS-gerngfqzuwudosgobknlgtoawnlj/Build/Intermediates.noindex/Firebase.build/Debug-iphoneos/FirebaseMessaging.build/Objects-normal/arm64/FIRMessagingBackupExcludedPlist.o /Users/emanuelflury/Library/Developer/Xcode/DerivedData/TaxedGmbH_IOS-gerngfqzuwudosgobknlgtoawnlj/SourcePackages/checkouts/firebase-ios-sdk/FirebaseMessaging/Sources/Token/FIRMessagingBackupExcludedPlist.m normal arm64 objective-c com.apple.compilers.llvm.clang.1_0.compiler (in target 'FirebaseMessaging' from project 'Firebase')
    cd /Users/emanuelflury/github/TaxedGmbH_IOS/TaxedGmbH_IOS.xcodeproj
    
    Using response file: /Users/emanuelflury/Library/Developer/Xcode/DerivedData/TaxedGmbH_IOS-gerngfqzuwudosgobknlgtoawnlj/Build/Intermediates.noindex/Firebase.build/Debug-iphoneos/FirebaseMessaging.build/Objects-normal/arm64/e6072d4f65d7061329687fe24e3d63a7-common-args.resp
    
    /Applications/Xcode.app/Contents/Developer/Toolchains/XcodeDefault.xctoolchain/usr/bin/clang -x objective-c -ivfsstatcache /Users/emanuelflury/Library/Developer/Xcode/DerivedData/SDKStatCaches.noindex/iphoneos26.1-23B77-69b33fc7382b27d9b5d46e82a00f8e78.sdkstatcache -fmessage-length\=0 -fdiagnostics-show-note-include-stack -fmacro-backtrace-limit\=0 -fno-color-diagnostics -fmodules-prune-interval\=86400 -fmodules-prune-after\=345600 -fbuild-session-file\=/Users/emanuelflury/Library/Developer/Xcode/DerivedData/ModuleCache.noindex/Session.modulevalidation -fmodules-validate-once-per-build-session -Wnon-modular-include-in-framework-module -Werror\=non-modular-include-in-framework-module -Wno-trigraphs -Wno-missing-field-initializers -Wno-missing-prototypes -Wno-return-type -Wno-implicit-atomic-properties -Wno-objc-interface-ivars -Wno-arc-repeated-use-of-weak -Wno-missing-braces -Wparentheses -Wswitch -Wno-unused-function -Wno-unused-label -Wno-unused-parameter -Wno-unused-variable -Wunused-value -Wno-empty-body -Wno-uninitialized -Wno-unknown-pragmas -w -Wno-shadow -Wno-four-char-constants -Wno-conversion -Wno-constant-conversion -Wno-int-conversion -Wno-bool-conversion -Wno-enum-conversion -Wno-float-conversion -Wno-non-literal-null-conversion -Wno-objc-literal-conversion -Wshorten-64-to-32 -Wpointer-sign -Wno-newline-eof -Wno-selector -Wno-strict-selector-match -Wno-undeclared-selector -Wno-deprecated-implementations -Wno-implicit-fallthrough -fstrict-aliasing -Wprotocol -Wdeprecated-declarations -Wno-sign-conversion -Wno-infinite-recursion -Wno-comma -Wno-block-capture-autoreleasing -Wno-strict-prototypes -Wno-semicolon-before-method-body -index-store-path /Users/emanuelflury/Library/Developer/Xcode/DerivedData/TaxedGmbH_IOS-gerngfqzuwudosgobknlgtoawnlj/Index.noindex/DataStore @/Users/emanuelflury/Library/Developer/Xcode/DerivedData/TaxedGmbH_IOS-gerngfqzuwudosgobknlgtoawnlj/Build/Intermediates.noindex/Firebase.build/Debug-iphoneos/FirebaseMessaging.build/Objects-normal/arm64/e6072d4f65d7061329687fe24e3d63a7-common-args.resp -include /Users/emanuelflury/Library/Developer/Xcode/DerivedData/TaxedGmbH_IOS-gerngfqzuwudosgobknlgtoawnlj/Build/Intermediates.noindex/Firebase.build/Debug-iphoneos/FirebaseMessaging.build/DerivedSources/resource_bundle_accessor.h -MMD -MT dependencies -MF /Users/emanuelflury/Library/Developer/Xcode/DerivedData/TaxedGmbH_IOS-gerngfqzuwudosgobknlgtoawnlj/Build/Intermediates.noindex/Firebase.build/Debug-iphoneos/FirebaseMessaging.build/Objects-normal/arm64/FIRMessagingBackupExcludedPlist.d --serialize-diagnostics /Users/emanuelflury/Library/Developer/Xcode/DerivedData/TaxedGmbH_IOS-gerngfqzuwudosgobknlgtoawnlj/Build/Intermediates.noindex/Firebase.build/Debug-iphoneos/FirebaseMessaging.build/Objects-normal/arm64/FIRMessagingBackupExcludedPlist.dia -c /Users/emanuelflury/Library/Developer/Xcode/DerivedData/TaxedGmbH_IOS-gerngfqzuwudosgobknlgtoawnlj/SourcePackages/checkouts/firebase-ios-sdk/FirebaseMessaging/Sources/Token/FIRMessagingBackupExcludedPlist.m -o /Users/emanuelflury/Library/Developer/Xcode/DerivedData/TaxedGmbH_IOS-gerngfqzuwudosgobknlgtoawnlj/Build/Intermediates.noindex/Firebase.build/Debug-iphoneos/FirebaseMessaging.build/Objects-normal/arm64/FIRMessagingBackupExcludedPlist.o -index-unit-output-path /Firebase.build/Debug-iphoneos/FirebaseMessaging.build/Objects-normal/arm64/FIRMessagingBackupExcludedPlist.o

CompileC /Users/emanuelflury/Library/Developer/Xcode/DerivedData/TaxedGmbH_IOS-gerngfqzuwudosgobknlgtoawnlj/Build/Intermediates.noindex/Firebase.build/Debug-iphoneos/FirebaseMessaging.build/Objects-normal/arm64/FIRMessagingAuthService.o /Users/emanuelflury/Library/Developer/Xcode/DerivedData/TaxedGmbH_IOS-gerngfqzuwudosgobknlgtoawnlj/SourcePackages/checkouts/firebase-ios-sdk/FirebaseMessaging/Sources/Token/FIRMessagingAuthService.m normal arm64 objective-c com.apple.compilers.llvm.clang.1_0.compiler (in target 'FirebaseMessaging' from project 'Firebase')
    cd /Users/emanuelflury/github/TaxedGmbH_IOS/TaxedGmbH_IOS.xcodeproj
    
    Using response file: /Users/emanuelflury/Library/Developer/Xcode/DerivedData/TaxedGmbH_IOS-gerngfqzuwudosgobknlgtoawnlj/Build/Intermediates.noindex/Firebase.build/Debug-iphoneos/FirebaseMessaging.build/Objects-normal/arm64/e6072d4f65d7061329687fe24e3d63a7-common-args.resp
    
    /Applications/Xcode.app/Contents/Developer/Toolchains/XcodeDefault.xctoolchain/usr/bin/clang -x objective-c -ivfsstatcache /Users/emanuelflury/Library/Developer/Xcode/DerivedData/SDKStatCaches.noindex/iphoneos26.1-23B77-69b33fc7382b27d9b5d46e82a00f8e78.sdkstatcache -fmessage-length\=0 -fdiagnostics-show-note-include-stack -fmacro-backtrace-limit\=0 -fno-color-diagnostics -fmodules-prune-interval\=86400 -fmodules-prune-after\=345600 -fbuild-session-file\=/Users/emanuelflury/Library/Developer/Xcode/DerivedData/ModuleCache.noindex/Session.modulevalidation -fmodules-validate-once-per-build-session -Wnon-modular-include-in-framework-module -Werror\=non-modular-include-in-framework-module -Wno-trigraphs -Wno-missing-field-initializers -Wno-missing-prototypes -Wno-return-type -Wno-implicit-atomic-properties -Wno-objc-interface-ivars -Wno-arc-repeated-use-of-weak -Wno-missing-braces -Wparentheses -Wswitch -Wno-unused-function -Wno-unused-label -Wno-unused-parameter -Wno-unused-variable -Wunused-value -Wno-empty-body -Wno-uninitialized -Wno-unknown-pragmas -w -Wno-shadow -Wno-four-char-constants -Wno-conversion -Wno-constant-conversion -Wno-int-conversion -Wno-bool-conversion -Wno-enum-conversion -Wno-float-conversion -Wno-non-literal-null-conversion -Wno-objc-literal-conversion -Wshorten-64-to-32 -Wpointer-sign -Wno-newline-eof -Wno-selector -Wno-strict-selector-match -Wno-undeclared-selector -Wno-deprecated-implementations -Wno-implicit-fallthrough -fstrict-aliasing -Wprotocol -Wdeprecated-declarations -Wno-sign-conversion -Wno-infinite-recursion -Wno-comma -Wno-block-capture-autoreleasing -Wno-strict-prototypes -Wno-semicolon-before-method-body -index-store-path /Users/emanuelflury/Library/Developer/Xcode/DerivedData/TaxedGmbH_IOS-gerngfqzuwudosgobknlgtoawnlj/Index.noindex/DataStore @/Users/emanuelflury/Library/Developer/Xcode/DerivedData/TaxedGmbH_IOS-gerngfqzuwudosgobknlgtoawnlj/Build/Intermediates.noindex/Firebase.build/Debug-iphoneos/FirebaseMessaging.build/Objects-normal/arm64/e6072d4f65d7061329687fe24e3d63a7-common-args.resp -include /Users/emanuelflury/Library/Developer/Xcode/DerivedData/TaxedGmbH_IOS-gerngfqzuwudosgobknlgtoawnlj/Build/Intermediates.noindex/Firebase.build/Debug-iphoneos/FirebaseMessaging.build/DerivedSources/resource_bundle_accessor.h -MMD -MT dependencies -MF /Users/emanuelflury/Library/Developer/Xcode/DerivedData/TaxedGmbH_IOS-gerngfqzuwudosgobknlgtoawnlj/Build/Intermediates.noindex/Firebase.build/Debug-iphoneos/FirebaseMessaging.build/Objects-normal/arm64/FIRMessagingAuthService.d --serialize-diagnostics /Users/emanuelflury/Library/Developer/Xcode/DerivedData/TaxedGmbH_IOS-gerngfqzuwudosgobknlgtoawnlj/Build/Intermediates.noindex/Firebase.build/Debug-iphoneos/FirebaseMessaging.build/Objects-normal/arm64/FIRMessagingAuthService.dia -c /Users/emanuelflury/Library/Developer/Xcode/DerivedData/TaxedGmbH_IOS-gerngfqzuwudosgobknlgtoawnlj/SourcePackages/checkouts/firebase-ios-sdk/FirebaseMessaging/Sources/Token/FIRMessagingAuthService.m -o /Users/emanuelflury/Library/Developer/Xcode/DerivedData/TaxedGmbH_IOS-gerngfqzuwudosgobknlgtoawnlj/Build/Intermediates.noindex/Firebase.build/Debug-iphoneos/FirebaseMessaging.build/Objects-normal/arm64/FIRMessagingAuthService.o -index-unit-output-path /Firebase.build/Debug-iphoneos/FirebaseMessaging.build/Objects-normal/arm64/FIRMessagingAuthService.o

CompileC /Users/emanuelflury/Library/Developer/Xcode/DerivedData/TaxedGmbH_IOS-gerngfqzuwudosgobknlgtoawnlj/Build/Intermediates.noindex/Firebase.build/Debug-iphoneos/FirebaseMessaging.build/Objects-normal/arm64/FIRMessagingAuthKeychain.o /Users/emanuelflury/Library/Developer/Xcode/DerivedData/TaxedGmbH_IOS-gerngfqzuwudosgobknlgtoawnlj/SourcePackages/checkouts/firebase-ios-sdk/FirebaseMessaging/Sources/Token/FIRMessagingAuthKeychain.m normal arm64 objective-c com.apple.compilers.llvm.clang.1_0.compiler (in target 'FirebaseMessaging' from project 'Firebase')
    cd /Users/emanuelflury/github/TaxedGmbH_IOS/TaxedGmbH_IOS.xcodeproj
    
    Using response file: /Users/emanuelflury/Library/Developer/Xcode/DerivedData/TaxedGmbH_IOS-gerngfqzuwudosgobknlgtoawnlj/Build/Intermediates.noindex/Firebase.build/Debug-iphoneos/FirebaseMessaging.build/Objects-normal/arm64/e6072d4f65d7061329687fe24e3d63a7-common-args.resp
    
    /Applications/Xcode.app/Contents/Developer/Toolchains/XcodeDefault.xctoolchain/usr/bin/clang -x objective-c -ivfsstatcache /Users/emanuelflury/Library/Developer/Xcode/DerivedData/SDKStatCaches.noindex/iphoneos26.1-23B77-69b33fc7382b27d9b5d46e82a00f8e78.sdkstatcache -fmessage-length\=0 -fdiagnostics-show-note-include-stack -fmacro-backtrace-limit\=0 -fno-color-diagnostics -fmodules-prune-interval\=86400 -fmodules-prune-after\=345600 -fbuild-session-file\=/Users/emanuelflury/Library/Developer/Xcode/DerivedData/ModuleCache.noindex/Session.modulevalidation -fmodules-validate-once-per-build-session -Wnon-modular-include-in-framework-module -Werror\=non-modular-include-in-framework-module -Wno-trigraphs -Wno-missing-field-initializers -Wno-missing-prototypes -Wno-return-type -Wno-implicit-atomic-properties -Wno-objc-interface-ivars -Wno-arc-repeated-use-of-weak -Wno-missing-braces -Wparentheses -Wswitch -Wno-unused-function -Wno-unused-label -Wno-unused-parameter -Wno-unused-variable -Wunused-value -Wno-empty-body -Wno-uninitialized -Wno-unknown-pragmas -w -Wno-shadow -Wno-four-char-constants -Wno-conversion -Wno-constant-conversion -Wno-int-conversion -Wno-bool-conversion -Wno-enum-conversion -Wno-float-conversion -Wno-non-literal-null-conversion -Wno-objc-literal-conversion -Wshorten-64-to-32 -Wpointer-sign -Wno-newline-eof -Wno-selector -Wno-strict-selector-match -Wno-undeclared-selector -Wno-deprecated-implementations -Wno-implicit-fallthrough -fstrict-aliasing -Wprotocol -Wdeprecated-declarations -Wno-sign-conversion -Wno-infinite-recursion -Wno-comma -Wno-block-capture-autoreleasing -Wno-strict-prototypes -Wno-semicolon-before-method-body -index-store-path /Users/emanuelflury/Library/Developer/Xcode/DerivedData/TaxedGmbH_IOS-gerngfqzuwudosgobknlgtoawnlj/Index.noindex/DataStore @/Users/emanuelflury/Library/Developer/Xcode/DerivedData/TaxedGmbH_IOS-gerngfqzuwudosgobknlgtoawnlj/Build/Intermediates.noindex/Firebase.build/Debug-iphoneos/FirebaseMessaging.build/Objects-normal/arm64/e6072d4f65d7061329687fe24e3d63a7-common-args.resp -include /Users/emanuelflury/Library/Developer/Xcode/DerivedData/TaxedGmbH_IOS-gerngfqzuwudosgobknlgtoawnlj/Build/Intermediates.noindex/Firebase.build/Debug-iphoneos/FirebaseMessaging.build/DerivedSources/resource_bundle_accessor.h -MMD -MT dependencies -MF /Users/emanuelflury/Library/Developer/Xcode/DerivedData/TaxedGmbH_IOS-gerngfqzuwudosgobknlgtoawnlj/Build/Intermediates.noindex/Firebase.build/Debug-iphoneos/FirebaseMessaging.build/Objects-normal/arm64/FIRMessagingAuthKeychain.d --serialize-diagnostics /Users/emanuelflury/Library/Developer/Xcode/DerivedData/TaxedGmbH_IOS-gerngfqzuwudosgobknlgtoawnlj/Build/Intermediates.noindex/Firebase.build/Debug-iphoneos/FirebaseMessaging.build/Objects-normal/arm64/FIRMessagingAuthKeychain.dia -c /Users/emanuelflury/Library/Developer/Xcode/DerivedData/TaxedGmbH_IOS-gerngfqzuwudosgobknlgtoawnlj/SourcePackages/checkouts/firebase-ios-sdk/FirebaseMessaging/Sources/Token/FIRMessagingAuthKeychain.m -o /Users/emanuelflury/Library/Developer/Xcode/DerivedData/TaxedGmbH_IOS-gerngfqzuwudosgobknlgtoawnlj/Build/Intermediates.noindex/Firebase.build/Debug-iphoneos/FirebaseMessaging.build/Objects-normal/arm64/FIRMessagingAuthKeychain.o -index-unit-output-path /Firebase.build/Debug-iphoneos/FirebaseMessaging.build/Objects-normal/arm64/FIRMessagingAuthKeychain.o

CompileC /Users/emanuelflury/Library/Developer/Xcode/DerivedData/TaxedGmbH_IOS-gerngfqzuwudosgobknlgtoawnlj/Build/Intermediates.noindex/Firebase.build/Debug-iphoneos/FirebaseMessaging.build/Objects-normal/arm64/FIRMessagingAPNSInfo.o /Users/emanuelflury/Library/Developer/Xcode/DerivedData/TaxedGmbH_IOS-gerngfqzuwudosgobknlgtoawnlj/SourcePackages/checkouts/firebase-ios-sdk/FirebaseMessaging/Sources/Token/FIRMessagingAPNSInfo.m normal arm64 objective-c com.apple.compilers.llvm.clang.1_0.compiler (in target 'FirebaseMessaging' from project 'Firebase')
    cd /Users/emanuelflury/github/TaxedGmbH_IOS/TaxedGmbH_IOS.xcodeproj
    
    Using response file: /Users/emanuelflury/Library/Developer/Xcode/DerivedData/TaxedGmbH_IOS-gerngfqzuwudosgobknlgtoawnlj/Build/Intermediates.noindex/Firebase.build/Debug-iphoneos/FirebaseMessaging.build/Objects-normal/arm64/e6072d4f65d7061329687fe24e3d63a7-common-args.resp
    
    /Applications/Xcode.app/Contents/Developer/Toolchains/XcodeDefault.xctoolchain/usr/bin/clang -x objective-c -ivfsstatcache /Users/emanuelflury/Library/Developer/Xcode/DerivedData/SDKStatCaches.noindex/iphoneos26.1-23B77-69b33fc7382b27d9b5d46e82a00f8e78.sdkstatcache -fmessage-length\=0 -fdiagnostics-show-note-include-stack -fmacro-backtrace-limit\=0 -fno-color-diagnostics -fmodules-prune-interval\=86400 -fmodules-prune-after\=345600 -fbuild-session-file\=/Users/emanuelflury/Library/Developer/Xcode/DerivedData/ModuleCache.noindex/Session.modulevalidation -fmodules-validate-once-per-build-session -Wnon-modular-include-in-framework-module -Werror\=non-modular-include-in-framework-module -Wno-trigraphs -Wno-missing-field-initializers -Wno-missing-prototypes -Wno-return-type -Wno-implicit-atomic-properties -Wno-objc-interface-ivars -Wno-arc-repeated-use-of-weak -Wno-missing-braces -Wparentheses -Wswitch -Wno-unused-function -Wno-unused-label -Wno-unused-parameter -Wno-unused-variable -Wunused-value -Wno-empty-body -Wno-uninitialized -Wno-unknown-pragmas -w -Wno-shadow -Wno-four-char-constants -Wno-conversion -Wno-constant-conversion -Wno-int-conversion -Wno-bool-conversion -Wno-enum-conversion -Wno-float-conversion -Wno-non-literal-null-conversion -Wno-objc-literal-conversion -Wshorten-64-to-32 -Wpointer-sign -Wno-newline-eof -Wno-selector -Wno-strict-selector-match -Wno-undeclared-selector -Wno-deprecated-implementations -Wno-implicit-fallthrough -fstrict-aliasing -Wprotocol -Wdeprecated-declarations -Wno-sign-conversion -Wno-infinite-recursion -Wno-comma -Wno-block-capture-autoreleasing -Wno-strict-prototypes -Wno-semicolon-before-method-body -index-store-path /Users/emanuelflury/Library/Developer/Xcode/DerivedData/TaxedGmbH_IOS-gerngfqzuwudosgobknlgtoawnlj/Index.noindex/DataStore @/Users/emanuelflury/Library/Developer/Xcode/DerivedData/TaxedGmbH_IOS-gerngfqzuwudosgobknlgtoawnlj/Build/Intermediates.noindex/Firebase.build/Debug-iphoneos/FirebaseMessaging.build/Objects-normal/arm64/e6072d4f65d7061329687fe24e3d63a7-common-args.resp -include /Users/emanuelflury/Library/Developer/Xcode/DerivedData/TaxedGmbH_IOS-gerngfqzuwudosgobknlgtoawnlj/Build/Intermediates.noindex/Firebase.build/Debug-iphoneos/FirebaseMessaging.build/DerivedSources/resource_bundle_accessor.h -MMD -MT dependencies -MF /Users/emanuelflury/Library/Developer/Xcode/DerivedData/TaxedGmbH_IOS-gerngfqzuwudosgobknlgtoawnlj/Build/Intermediates.noindex/Firebase.build/Debug-iphoneos/FirebaseMessaging.build/Objects-normal/arm64/FIRMessagingAPNSInfo.d --serialize-diagnostics /Users/emanuelflury/Library/Developer/Xcode/DerivedData/TaxedGmbH_IOS-gerngfqzuwudosgobknlgtoawnlj/Build/Intermediates.noindex/Firebase.build/Debug-iphoneos/FirebaseMessaging.build/Objects-normal/arm64/FIRMessagingAPNSInfo.dia -c /Users/emanuelflury/Library/Developer/Xcode/DerivedData/TaxedGmbH_IOS-gerngfqzuwudosgobknlgtoawnlj/SourcePackages/checkouts/firebase-ios-sdk/FirebaseMessaging/Sources/Token/FIRMessagingAPNSInfo.m -o /Users/emanuelflury/Library/Developer/Xcode/DerivedData/TaxedGmbH_IOS-gerngfqzuwudosgobknlgtoawnlj/Build/Intermediates.noindex/Firebase.build/Debug-iphoneos/FirebaseMessaging.build/Objects-normal/arm64/FIRMessagingAPNSInfo.o -index-unit-output-path /Firebase.build/Debug-iphoneos/FirebaseMessaging.build/Objects-normal/arm64/FIRMessagingAPNSInfo.o

PrecompileModule /Users/emanuelflury/Library/Developer/Xcode/DerivedData/TaxedGmbH_IOS-gerngfqzuwudosgobknlgtoawnlj/Build/Intermediates.noindex/ExplicitPrecompiledModules/FirebaseInstallations-CJJA2FK1CVLRI9FEUYM0CEZEQ.scan
    cd /
    builtin-precompileModule /Users/emanuelflury/Library/Developer/Xcode/DerivedData/TaxedGmbH_IOS-gerngfqzuwudosgobknlgtoawnlj/Build/Intermediates.noindex/ExplicitPrecompiledModules/FirebaseInstallations-CJJA2FK1CVLRI9FEUYM0CEZEQ.scan

PrecompileModule /Users/emanuelflury/Library/Developer/Xcode/DerivedData/TaxedGmbH_IOS-gerngfqzuwudosgobknlgtoawnlj/Build/Intermediates.noindex/ExplicitPrecompiledModules/FirebaseCore-7P3TEGRL30RYBN8MX3L3W82IY.scan
    cd /
    builtin-precompileModule /Users/emanuelflury/Library/Developer/Xcode/DerivedData/TaxedGmbH_IOS-gerngfqzuwudosgobknlgtoawnlj/Build/Intermediates.noindex/ExplicitPrecompiledModules/FirebaseCore-7P3TEGRL30RYBN8MX3L3W82IY.scan

PrecompileModule /Users/emanuelflury/Library/Developer/Xcode/DerivedData/TaxedGmbH_IOS-gerngfqzuwudosgobknlgtoawnlj/Build/Intermediates.noindex/ExplicitPrecompiledModules/GoogleDataTransport-6IB7OWT348DUP2TH3Q1JL7MWV.scan
    cd /
    builtin-precompileModule /Users/emanuelflury/Library/Developer/Xcode/DerivedData/TaxedGmbH_IOS-gerngfqzuwudosgobknlgtoawnlj/Build/Intermediates.noindex/ExplicitPrecompiledModules/GoogleDataTransport-6IB7OWT348DUP2TH3Q1JL7MWV.scan

SwiftDriverJobDiscovery normal arm64 Compiling StorageTaskSnapshot.swift, StorageUploadTask.swift (in target 'FirebaseStorage' from project 'Firebase')

PrecompileModule /Users/emanuelflury/Library/Developer/Xcode/DerivedData/TaxedGmbH_IOS-gerngfqzuwudosgobknlgtoawnlj/Build/Intermediates.noindex/ExplicitPrecompiledModules/Symbols-5HDZFQB8B59GV1FLF7HUIXL3G.scan
    cd /
    builtin-precompileModule /Users/emanuelflury/Library/Developer/Xcode/DerivedData/TaxedGmbH_IOS-gerngfqzuwudosgobknlgtoawnlj/Build/Intermediates.noindex/ExplicitPrecompiledModules/Symbols-5HDZFQB8B59GV1FLF7HUIXL3G.scan

CompileC /Users/emanuelflury/Library/Developer/Xcode/DerivedData/TaxedGmbH_IOS-gerngfqzuwudosgobknlgtoawnlj/Build/Intermediates.noindex/Firebase.build/Debug-iphoneos/FirebaseMessaging.build/Objects-normal/arm64/FIRMessagingTokenManager.o /Users/emanuelflury/Library/Developer/Xcode/DerivedData/TaxedGmbH_IOS-gerngfqzuwudosgobknlgtoawnlj/SourcePackages/checkouts/firebase-ios-sdk/FirebaseMessaging/Sources/Token/FIRMessagingTokenManager.m normal arm64 objective-c com.apple.compilers.llvm.clang.1_0.compiler (in target 'FirebaseMessaging' from project 'Firebase')
    cd /Users/emanuelflury/github/TaxedGmbH_IOS/TaxedGmbH_IOS.xcodeproj
    
    Using response file: /Users/emanuelflury/Library/Developer/Xcode/DerivedData/TaxedGmbH_IOS-gerngfqzuwudosgobknlgtoawnlj/Build/Intermediates.noindex/Firebase.build/Debug-iphoneos/FirebaseMessaging.build/Objects-normal/arm64/e6072d4f65d7061329687fe24e3d63a7-common-args.resp
    
    /Applications/Xcode.app/Contents/Developer/Toolchains/XcodeDefault.xctoolchain/usr/bin/clang -x objective-c -ivfsstatcache /Users/emanuelflury/Library/Developer/Xcode/DerivedData/SDKStatCaches.noindex/iphoneos26.1-23B77-69b33fc7382b27d9b5d46e82a00f8e78.sdkstatcache -fmessage-length\=0 -fdiagnostics-show-note-include-stack -fmacro-backtrace-limit\=0 -fno-color-diagnostics -fmodules-prune-interval\=86400 -fmodules-prune-after\=345600 -fbuild-session-file\=/Users/emanuelflury/Library/Developer/Xcode/DerivedData/ModuleCache.noindex/Session.modulevalidation -fmodules-validate-once-per-build-session -Wnon-modular-include-in-framework-module -Werror\=non-modular-include-in-framework-module -Wno-trigraphs -Wno-missing-field-initializers -Wno-missing-prototypes -Wno-return-type -Wno-implicit-atomic-properties -Wno-objc-interface-ivars -Wno-arc-repeated-use-of-weak -Wno-missing-braces -Wparentheses -Wswitch -Wno-unused-function -Wno-unused-label -Wno-unused-parameter -Wno-unused-variable -Wunused-value -Wno-empty-body -Wno-uninitialized -Wno-unknown-pragmas -w -Wno-shadow -Wno-four-char-constants -Wno-conversion -Wno-constant-conversion -Wno-int-conversion -Wno-bool-conversion -Wno-enum-conversion -Wno-float-conversion -Wno-non-literal-null-conversion -Wno-objc-literal-conversion -Wshorten-64-to-32 -Wpointer-sign -Wno-newline-eof -Wno-selector -Wno-strict-selector-match -Wno-undeclared-selector -Wno-deprecated-implementations -Wno-implicit-fallthrough -fstrict-aliasing -Wprotocol -Wdeprecated-declarations -Wno-sign-conversion -Wno-infinite-recursion -Wno-comma -Wno-block-capture-autoreleasing -Wno-strict-prototypes -Wno-semicolon-before-method-body -index-store-path /Users/emanuelflury/Library/Developer/Xcode/DerivedData/TaxedGmbH_IOS-gerngfqzuwudosgobknlgtoawnlj/Index.noindex/DataStore @/Users/emanuelflury/Library/Developer/Xcode/DerivedData/TaxedGmbH_IOS-gerngfqzuwudosgobknlgtoawnlj/Build/Intermediates.noindex/Firebase.build/Debug-iphoneos/FirebaseMessaging.build/Objects-normal/arm64/e6072d4f65d7061329687fe24e3d63a7-common-args.resp -include /Users/emanuelflury/Library/Developer/Xcode/DerivedData/TaxedGmbH_IOS-gerngfqzuwudosgobknlgtoawnlj/Build/Intermediates.noindex/Firebase.build/Debug-iphoneos/FirebaseMessaging.build/DerivedSources/resource_bundle_accessor.h -MMD -MT dependencies -MF /Users/emanuelflury/Library/Developer/Xcode/DerivedData/TaxedGmbH_IOS-gerngfqzuwudosgobknlgtoawnlj/Build/Intermediates.noindex/Firebase.build/Debug-iphoneos/FirebaseMessaging.build/Objects-normal/arm64/FIRMessagingTokenManager.d --serialize-diagnostics /Users/emanuelflury/Library/Developer/Xcode/DerivedData/TaxedGmbH_IOS-gerngfqzuwudosgobknlgtoawnlj/Build/Intermediates.noindex/Firebase.build/Debug-iphoneos/FirebaseMessaging.build/Objects-normal/arm64/FIRMessagingTokenManager.dia -c /Users/emanuelflury/Library/Developer/Xcode/DerivedData/TaxedGmbH_IOS-gerngfqzuwudosgobknlgtoawnlj/SourcePackages/checkouts/firebase-ios-sdk/FirebaseMessaging/Sources/Token/FIRMessagingTokenManager.m -o /Users/emanuelflury/Library/Developer/Xcode/DerivedData/TaxedGmbH_IOS-gerngfqzuwudosgobknlgtoawnlj/Build/Intermediates.noindex/Firebase.build/Debug-iphoneos/FirebaseMessaging.build/Objects-normal/arm64/FIRMessagingTokenManager.o -index-unit-output-path /Firebase.build/Debug-iphoneos/FirebaseMessaging.build/Objects-normal/arm64/FIRMessagingTokenManager.o

PrecompileModule /Users/emanuelflury/Library/Developer/Xcode/DerivedData/TaxedGmbH_IOS-gerngfqzuwudosgobknlgtoawnlj/Build/Intermediates.noindex/ExplicitPrecompiledModules/UserNotifications-YN8XOT4QVUYDZ0L2X0OS09GE.scan
    cd /
    builtin-precompileModule /Users/emanuelflury/Library/Developer/Xcode/DerivedData/TaxedGmbH_IOS-gerngfqzuwudosgobknlgtoawnlj/Build/Intermediates.noindex/ExplicitPrecompiledModules/UserNotifications-YN8XOT4QVUYDZ0L2X0OS09GE.scan

PrecompileModule /Users/emanuelflury/Library/Developer/Xcode/DerivedData/TaxedGmbH_IOS-gerngfqzuwudosgobknlgtoawnlj/Build/Intermediates.noindex/ExplicitPrecompiledModules/FileProvider-77XFTB7ULC821K73ZZ0V1ZQJW.scan
    cd /
    builtin-precompileModule /Users/emanuelflury/Library/Developer/Xcode/DerivedData/TaxedGmbH_IOS-gerngfqzuwudosgobknlgtoawnlj/Build/Intermediates.noindex/ExplicitPrecompiledModules/FileProvider-77XFTB7ULC821K73ZZ0V1ZQJW.scan

PrecompileModule /Users/emanuelflury/Library/Developer/Xcode/DerivedData/TaxedGmbH_IOS-gerngfqzuwudosgobknlgtoawnlj/Build/Intermediates.noindex/ExplicitPrecompiledModules/GoogleUtilities_Reachability-8DA1FP685IXPBD9UIFNH5JA59.scan
    cd /
    builtin-precompileModule /Users/emanuelflury/Library/Developer/Xcode/DerivedData/TaxedGmbH_IOS-gerngfqzuwudosgobknlgtoawnlj/Build/Intermediates.noindex/ExplicitPrecompiledModules/GoogleUtilities_Reachability-8DA1FP685IXPBD9UIFNH5JA59.scan

PrecompileModule /Users/emanuelflury/Library/Developer/Xcode/DerivedData/TaxedGmbH_IOS-gerngfqzuwudosgobknlgtoawnlj/Build/Intermediates.noindex/ExplicitPrecompiledModules/_DarwinFoundation1-26T9QZR21E70WE37MDHKXX6DJ.scan
    cd /
    builtin-precompileModule /Users/emanuelflury/Library/Developer/Xcode/DerivedData/TaxedGmbH_IOS-gerngfqzuwudosgobknlgtoawnlj/Build/Intermediates.noindex/ExplicitPrecompiledModules/_DarwinFoundation1-26T9QZR21E70WE37MDHKXX6DJ.scan

CompileC /Users/emanuelflury/Library/Developer/Xcode/DerivedData/TaxedGmbH_IOS-gerngfqzuwudosgobknlgtoawnlj/Build/Intermediates.noindex/Firebase.build/Debug-iphoneos/FirebaseMessaging.build/Objects-normal/arm64/FIRMessagingTokenFetchOperation.o /Users/emanuelflury/Library/Developer/Xcode/DerivedData/TaxedGmbH_IOS-gerngfqzuwudosgobknlgtoawnlj/SourcePackages/checkouts/firebase-ios-sdk/FirebaseMessaging/Sources/Token/FIRMessagingTokenFetchOperation.m normal arm64 objective-c com.apple.compilers.llvm.clang.1_0.compiler (in target 'FirebaseMessaging' from project 'Firebase')
    cd /Users/emanuelflury/github/TaxedGmbH_IOS/TaxedGmbH_IOS.xcodeproj
    
    Using response file: /Users/emanuelflury/Library/Developer/Xcode/DerivedData/TaxedGmbH_IOS-gerngfqzuwudosgobknlgtoawnlj/Build/Intermediates.noindex/Firebase.build/Debug-iphoneos/FirebaseMessaging.build/Objects-normal/arm64/e6072d4f65d7061329687fe24e3d63a7-common-args.resp
    
    /Applications/Xcode.app/Contents/Developer/Toolchains/XcodeDefault.xctoolchain/usr/bin/clang -x objective-c -ivfsstatcache /Users/emanuelflury/Library/Developer/Xcode/DerivedData/SDKStatCaches.noindex/iphoneos26.1-23B77-69b33fc7382b27d9b5d46e82a00f8e78.sdkstatcache -fmessage-length\=0 -fdiagnostics-show-note-include-stack -fmacro-backtrace-limit\=0 -fno-color-diagnostics -fmodules-prune-interval\=86400 -fmodules-prune-after\=345600 -fbuild-session-file\=/Users/emanuelflury/Library/Developer/Xcode/DerivedData/ModuleCache.noindex/Session.modulevalidation -fmodules-validate-once-per-build-session -Wnon-modular-include-in-framework-module -Werror\=non-modular-include-in-framework-module -Wno-trigraphs -Wno-missing-field-initializers -Wno-missing-prototypes -Wno-return-type -Wno-implicit-atomic-properties -Wno-objc-interface-ivars -Wno-arc-repeated-use-of-weak -Wno-missing-braces -Wparentheses -Wswitch -Wno-unused-function -Wno-unused-label -Wno-unused-parameter -Wno-unused-variable -Wunused-value -Wno-empty-body -Wno-uninitialized -Wno-unknown-pragmas -w -Wno-shadow -Wno-four-char-constants -Wno-conversion -Wno-constant-conversion -Wno-int-conversion -Wno-bool-conversion -Wno-enum-conversion -Wno-float-conversion -Wno-non-literal-null-conversion -Wno-objc-literal-conversion -Wshorten-64-to-32 -Wpointer-sign -Wno-newline-eof -Wno-selector -Wno-strict-selector-match -Wno-undeclared-selector -Wno-deprecated-implementations -Wno-implicit-fallthrough -fstrict-aliasing -Wprotocol -Wdeprecated-declarations -Wno-sign-conversion -Wno-infinite-recursion -Wno-comma -Wno-block-capture-autoreleasing -Wno-strict-prototypes -Wno-semicolon-before-method-body -index-store-path /Users/emanuelflury/Library/Developer/Xcode/DerivedData/TaxedGmbH_IOS-gerngfqzuwudosgobknlgtoawnlj/Index.noindex/DataStore @/Users/emanuelflury/Library/Developer/Xcode/DerivedData/TaxedGmbH_IOS-gerngfqzuwudosgobknlgtoawnlj/Build/Intermediates.noindex/Firebase.build/Debug-iphoneos/FirebaseMessaging.build/Objects-normal/arm64/e6072d4f65d7061329687fe24e3d63a7-common-args.resp -include /Users/emanuelflury/Library/Developer/Xcode/DerivedData/TaxedGmbH_IOS-gerngfqzuwudosgobknlgtoawnlj/Build/Intermediates.noindex/Firebase.build/Debug-iphoneos/FirebaseMessaging.build/DerivedSources/resource_bundle_accessor.h -MMD -MT dependencies -MF /Users/emanuelflury/Library/Developer/Xcode/DerivedData/TaxedGmbH_IOS-gerngfqzuwudosgobknlgtoawnlj/Build/Intermediates.noindex/Firebase.build/Debug-iphoneos/FirebaseMessaging.build/Objects-normal/arm64/FIRMessagingTokenFetchOperation.d --serialize-diagnostics /Users/emanuelflury/Library/Developer/Xcode/DerivedData/TaxedGmbH_IOS-gerngfqzuwudosgobknlgtoawnlj/Build/Intermediates.noindex/Firebase.build/Debug-iphoneos/FirebaseMessaging.build/Objects-normal/arm64/FIRMessagingTokenFetchOperation.dia -c /Users/emanuelflury/Library/Developer/Xcode/DerivedData/TaxedGmbH_IOS-gerngfqzuwudosgobknlgtoawnlj/SourcePackages/checkouts/firebase-ios-sdk/FirebaseMessaging/Sources/Token/FIRMessagingTokenFetchOperation.m -o /Users/emanuelflury/Library/Developer/Xcode/DerivedData/TaxedGmbH_IOS-gerngfqzuwudosgobknlgtoawnlj/Build/Intermediates.noindex/Firebase.build/Debug-iphoneos/FirebaseMessaging.build/Objects-normal/arm64/FIRMessagingTokenFetchOperation.o -index-unit-output-path /Firebase.build/Debug-iphoneos/FirebaseMessaging.build/Objects-normal/arm64/FIRMessagingTokenFetchOperation.o

CompileC /Users/emanuelflury/Library/Developer/Xcode/DerivedData/TaxedGmbH_IOS-gerngfqzuwudosgobknlgtoawnlj/Build/Intermediates.noindex/Firebase.build/Debug-iphoneos/FirebaseMessaging.build/Objects-normal/arm64/FIRMessagingLogger.o /Users/emanuelflury/Library/Developer/Xcode/DerivedData/TaxedGmbH_IOS-gerngfqzuwudosgobknlgtoawnlj/SourcePackages/checkouts/firebase-ios-sdk/FirebaseMessaging/Sources/FIRMessagingLogger.m normal arm64 objective-c com.apple.compilers.llvm.clang.1_0.compiler (in target 'FirebaseMessaging' from project 'Firebase')
    cd /Users/emanuelflury/github/TaxedGmbH_IOS/TaxedGmbH_IOS.xcodeproj
    
    Using response file: /Users/emanuelflury/Library/Developer/Xcode/DerivedData/TaxedGmbH_IOS-gerngfqzuwudosgobknlgtoawnlj/Build/Intermediates.noindex/Firebase.build/Debug-iphoneos/FirebaseMessaging.build/Objects-normal/arm64/e6072d4f65d7061329687fe24e3d63a7-common-args.resp
    
    /Applications/Xcode.app/Contents/Developer/Toolchains/XcodeDefault.xctoolchain/usr/bin/clang -x objective-c -ivfsstatcache /Users/emanuelflury/Library/Developer/Xcode/DerivedData/SDKStatCaches.noindex/iphoneos26.1-23B77-69b33fc7382b27d9b5d46e82a00f8e78.sdkstatcache -fmessage-length\=0 -fdiagnostics-show-note-include-stack -fmacro-backtrace-limit\=0 -fno-color-diagnostics -fmodules-prune-interval\=86400 -fmodules-prune-after\=345600 -fbuild-session-file\=/Users/emanuelflury/Library/Developer/Xcode/DerivedData/ModuleCache.noindex/Session.modulevalidation -fmodules-validate-once-per-build-session -Wnon-modular-include-in-framework-module -Werror\=non-modular-include-in-framework-module -Wno-trigraphs -Wno-missing-field-initializers -Wno-missing-prototypes -Wno-return-type -Wno-implicit-atomic-properties -Wno-objc-interface-ivars -Wno-arc-repeated-use-of-weak -Wno-missing-braces -Wparentheses -Wswitch -Wno-unused-function -Wno-unused-label -Wno-unused-parameter -Wno-unused-variable -Wunused-value -Wno-empty-body -Wno-uninitialized -Wno-unknown-pragmas -w -Wno-shadow -Wno-four-char-constants -Wno-conversion -Wno-constant-conversion -Wno-int-conversion -Wno-bool-conversion -Wno-enum-conversion -Wno-float-conversion -Wno-non-literal-null-conversion -Wno-objc-literal-conversion -Wshorten-64-to-32 -Wpointer-sign -Wno-newline-eof -Wno-selector -Wno-strict-selector-match -Wno-undeclared-selector -Wno-deprecated-implementations -Wno-implicit-fallthrough -fstrict-aliasing -Wprotocol -Wdeprecated-declarations -Wno-sign-conversion -Wno-infinite-recursion -Wno-comma -Wno-block-capture-autoreleasing -Wno-strict-prototypes -Wno-semicolon-before-method-body -index-store-path /Users/emanuelflury/Library/Developer/Xcode/DerivedData/TaxedGmbH_IOS-gerngfqzuwudosgobknlgtoawnlj/Index.noindex/DataStore @/Users/emanuelflury/Library/Developer/Xcode/DerivedData/TaxedGmbH_IOS-gerngfqzuwudosgobknlgtoawnlj/Build/Intermediates.noindex/Firebase.build/Debug-iphoneos/FirebaseMessaging.build/Objects-normal/arm64/e6072d4f65d7061329687fe24e3d63a7-common-args.resp -include /Users/emanuelflury/Library/Developer/Xcode/DerivedData/TaxedGmbH_IOS-gerngfqzuwudosgobknlgtoawnlj/Build/Intermediates.noindex/Firebase.build/Debug-iphoneos/FirebaseMessaging.build/DerivedSources/resource_bundle_accessor.h -MMD -MT dependencies -MF /Users/emanuelflury/Library/Developer/Xcode/DerivedData/TaxedGmbH_IOS-gerngfqzuwudosgobknlgtoawnlj/Build/Intermediates.noindex/Firebase.build/Debug-iphoneos/FirebaseMessaging.build/Objects-normal/arm64/FIRMessagingLogger.d --serialize-diagnostics /Users/emanuelflury/Library/Developer/Xcode/DerivedData/TaxedGmbH_IOS-gerngfqzuwudosgobknlgtoawnlj/Build/Intermediates.noindex/Firebase.build/Debug-iphoneos/FirebaseMessaging.build/Objects-normal/arm64/FIRMessagingLogger.dia -c /Users/emanuelflury/Library/Developer/Xcode/DerivedData/TaxedGmbH_IOS-gerngfqzuwudosgobknlgtoawnlj/SourcePackages/checkouts/firebase-ios-sdk/FirebaseMessaging/Sources/FIRMessagingLogger.m -o /Users/emanuelflury/Library/Developer/Xcode/DerivedData/TaxedGmbH_IOS-gerngfqzuwudosgobknlgtoawnlj/Build/Intermediates.noindex/Firebase.build/Debug-iphoneos/FirebaseMessaging.build/Objects-normal/arm64/FIRMessagingLogger.o -index-unit-output-path /Firebase.build/Debug-iphoneos/FirebaseMessaging.build/Objects-normal/arm64/FIRMessagingLogger.o

PrecompileModule /Users/emanuelflury/Library/Developer/Xcode/DerivedData/TaxedGmbH_IOS-gerngfqzuwudosgobknlgtoawnlj/Build/Intermediates.noindex/ExplicitPrecompiledModules/IOSurface-9AZJP6TCL04SV0D1RR34EOW2M.scan
    cd /
    builtin-precompileModule /Users/emanuelflury/Library/Developer/Xcode/DerivedData/TaxedGmbH_IOS-gerngfqzuwudosgobknlgtoawnlj/Build/Intermediates.noindex/ExplicitPrecompiledModules/IOSurface-9AZJP6TCL04SV0D1RR34EOW2M.scan

PrecompileModule /Users/emanuelflury/Library/Developer/Xcode/DerivedData/TaxedGmbH_IOS-gerngfqzuwudosgobknlgtoawnlj/Build/Intermediates.noindex/ExplicitPrecompiledModules/UIUtilities-RYK9MANQET8QVET1KRPYHOZY.scan
    cd /
    builtin-precompileModule /Users/emanuelflury/Library/Developer/Xcode/DerivedData/TaxedGmbH_IOS-gerngfqzuwudosgobknlgtoawnlj/Build/Intermediates.noindex/ExplicitPrecompiledModules/UIUtilities-RYK9MANQET8QVET1KRPYHOZY.scan

PrecompileModule /Users/emanuelflury/Library/Developer/Xcode/DerivedData/TaxedGmbH_IOS-gerngfqzuwudosgobknlgtoawnlj/Build/Intermediates.noindex/ExplicitPrecompiledModules/GoogleUtilities_Environment-A55VQL11XHSY9D8WSGUPYB6XB.scan
    cd /
    builtin-precompileModule /Users/emanuelflury/Library/Developer/Xcode/DerivedData/TaxedGmbH_IOS-gerngfqzuwudosgobknlgtoawnlj/Build/Intermediates.noindex/ExplicitPrecompiledModules/GoogleUtilities_Environment-A55VQL11XHSY9D8WSGUPYB6XB.scan

PrecompileModule /Users/emanuelflury/Library/Developer/Xcode/DerivedData/TaxedGmbH_IOS-gerngfqzuwudosgobknlgtoawnlj/Build/Intermediates.noindex/ExplicitPrecompiledModules/GoogleUtilities_UserDefaults-C21ND2EYO6PFV36JJS12P4MKS.scan
    cd /
    builtin-precompileModule /Users/emanuelflury/Library/Developer/Xcode/DerivedData/TaxedGmbH_IOS-gerngfqzuwudosgobknlgtoawnlj/Build/Intermediates.noindex/ExplicitPrecompiledModules/GoogleUtilities_UserDefaults-C21ND2EYO6PFV36JJS12P4MKS.scan

PrecompileModule /Users/emanuelflury/Library/Developer/Xcode/DerivedData/TaxedGmbH_IOS-gerngfqzuwudosgobknlgtoawnlj/Build/Intermediates.noindex/ExplicitPrecompiledModules/_Builtin_float-E5VE9P9NQCFHZJ8VFMFAVP1QU.scan
    cd /
    builtin-precompileModule /Users/emanuelflury/Library/Developer/Xcode/DerivedData/TaxedGmbH_IOS-gerngfqzuwudosgobknlgtoawnlj/Build/Intermediates.noindex/ExplicitPrecompiledModules/_Builtin_float-E5VE9P9NQCFHZJ8VFMFAVP1QU.scan

PrecompileModule /Users/emanuelflury/Library/Developer/Xcode/DerivedData/TaxedGmbH_IOS-gerngfqzuwudosgobknlgtoawnlj/Build/Intermediates.noindex/ExplicitPrecompiledModules/_Builtin_limits-6GTAN670RNHRK4SOWSKJPWLN9.scan
    cd /
    builtin-precompileModule /Users/emanuelflury/Library/Developer/Xcode/DerivedData/TaxedGmbH_IOS-gerngfqzuwudosgobknlgtoawnlj/Build/Intermediates.noindex/ExplicitPrecompiledModules/_Builtin_limits-6GTAN670RNHRK4SOWSKJPWLN9.scan

PrecompileModule /Users/emanuelflury/Library/Developer/Xcode/DerivedData/TaxedGmbH_IOS-gerngfqzuwudosgobknlgtoawnlj/Build/Intermediates.noindex/ExplicitPrecompiledModules/_DarwinFoundation2-31XLRLINLL39CW63SZG66VP4K.scan
    cd /
    builtin-precompileModule /Users/emanuelflury/Library/Developer/Xcode/DerivedData/TaxedGmbH_IOS-gerngfqzuwudosgobknlgtoawnlj/Build/Intermediates.noindex/ExplicitPrecompiledModules/_DarwinFoundation2-31XLRLINLL39CW63SZG66VP4K.scan

CompileC /Users/emanuelflury/Library/Developer/Xcode/DerivedData/TaxedGmbH_IOS-gerngfqzuwudosgobknlgtoawnlj/Build/Intermediates.noindex/Firebase.build/Debug-iphoneos/FirebaseMessaging.build/Objects-normal/arm64/FIRMessaging+ExtensionHelper.o /Users/emanuelflury/Library/Developer/Xcode/DerivedData/TaxedGmbH_IOS-gerngfqzuwudosgobknlgtoawnlj/SourcePackages/checkouts/firebase-ios-sdk/FirebaseMessaging/Sources/FIRMessaging+ExtensionHelper.m normal arm64 objective-c com.apple.compilers.llvm.clang.1_0.compiler (in target 'FirebaseMessaging' from project 'Firebase')
    cd /Users/emanuelflury/github/TaxedGmbH_IOS/TaxedGmbH_IOS.xcodeproj
    
    Using response file: /Users/emanuelflury/Library/Developer/Xcode/DerivedData/TaxedGmbH_IOS-gerngfqzuwudosgobknlgtoawnlj/Build/Intermediates.noindex/Firebase.build/Debug-iphoneos/FirebaseMessaging.build/Objects-normal/arm64/e6072d4f65d7061329687fe24e3d63a7-common-args.resp
    
    /Applications/Xcode.app/Contents/Developer/Toolchains/XcodeDefault.xctoolchain/usr/bin/clang -x objective-c -ivfsstatcache /Users/emanuelflury/Library/Developer/Xcode/DerivedData/SDKStatCaches.noindex/iphoneos26.1-23B77-69b33fc7382b27d9b5d46e82a00f8e78.sdkstatcache -fmessage-length\=0 -fdiagnostics-show-note-include-stack -fmacro-backtrace-limit\=0 -fno-color-diagnostics -fmodules-prune-interval\=86400 -fmodules-prune-after\=345600 -fbuild-session-file\=/Users/emanuelflury/Library/Developer/Xcode/DerivedData/ModuleCache.noindex/Session.modulevalidation -fmodules-validate-once-per-build-session -Wnon-modular-include-in-framework-module -Werror\=non-modular-include-in-framework-module -Wno-trigraphs -Wno-missing-field-initializers -Wno-missing-prototypes -Wno-return-type -Wno-implicit-atomic-properties -Wno-objc-interface-ivars -Wno-arc-repeated-use-of-weak -Wno-missing-braces -Wparentheses -Wswitch -Wno-unused-function -Wno-unused-label -Wno-unused-parameter -Wno-unused-variable -Wunused-value -Wno-empty-body -Wno-uninitialized -Wno-unknown-pragmas -w -Wno-shadow -Wno-four-char-constants -Wno-conversion -Wno-constant-conversion -Wno-int-conversion -Wno-bool-conversion -Wno-enum-conversion -Wno-float-conversion -Wno-non-literal-null-conversion -Wno-objc-literal-conversion -Wshorten-64-to-32 -Wpointer-sign -Wno-newline-eof -Wno-selector -Wno-strict-selector-match -Wno-undeclared-selector -Wno-deprecated-implementations -Wno-implicit-fallthrough -fstrict-aliasing -Wprotocol -Wdeprecated-declarations -Wno-sign-conversion -Wno-infinite-recursion -Wno-comma -Wno-block-capture-autoreleasing -Wno-strict-prototypes -Wno-semicolon-before-method-body -index-store-path /Users/emanuelflury/Library/Developer/Xcode/DerivedData/TaxedGmbH_IOS-gerngfqzuwudosgobknlgtoawnlj/Index.noindex/DataStore @/Users/emanuelflury/Library/Developer/Xcode/DerivedData/TaxedGmbH_IOS-gerngfqzuwudosgobknlgtoawnlj/Build/Intermediates.noindex/Firebase.build/Debug-iphoneos/FirebaseMessaging.build/Objects-normal/arm64/e6072d4f65d7061329687fe24e3d63a7-common-args.resp -include /Users/emanuelflury/Library/Developer/Xcode/DerivedData/TaxedGmbH_IOS-gerngfqzuwudosgobknlgtoawnlj/Build/Intermediates.noindex/Firebase.build/Debug-iphoneos/FirebaseMessaging.build/DerivedSources/resource_bundle_accessor.h -MMD -MT dependencies -MF /Users/emanuelflury/Library/Developer/Xcode/DerivedData/TaxedGmbH_IOS-gerngfqzuwudosgobknlgtoawnlj/Build/Intermediates.noindex/Firebase.build/Debug-iphoneos/FirebaseMessaging.build/Objects-normal/arm64/FIRMessaging+ExtensionHelper.d --serialize-diagnostics /Users/emanuelflury/Library/Developer/Xcode/DerivedData/TaxedGmbH_IOS-gerngfqzuwudosgobknlgtoawnlj/Build/Intermediates.noindex/Firebase.build/Debug-iphoneos/FirebaseMessaging.build/Objects-normal/arm64/FIRMessaging+ExtensionHelper.dia -c /Users/emanuelflury/Library/Developer/Xcode/DerivedData/TaxedGmbH_IOS-gerngfqzuwudosgobknlgtoawnlj/SourcePackages/checkouts/firebase-ios-sdk/FirebaseMessaging/Sources/FIRMessaging+ExtensionHelper.m -o /Users/emanuelflury/Library/Developer/Xcode/DerivedData/TaxedGmbH_IOS-gerngfqzuwudosgobknlgtoawnlj/Build/Intermediates.noindex/Firebase.build/Debug-iphoneos/FirebaseMessaging.build/Objects-normal/arm64/FIRMessaging+ExtensionHelper.o -index-unit-output-path /Firebase.build/Debug-iphoneos/FirebaseMessaging.build/Objects-normal/arm64/FIRMessaging+ExtensionHelper.o

ScanDependencies /Users/emanuelflury/Library/Developer/Xcode/DerivedData/TaxedGmbH_IOS-gerngfqzuwudosgobknlgtoawnlj/Build/Intermediates.noindex/Firebase.build/Debug-iphoneos/FirebaseCore.build/Objects-normal/arm64/FIRApp.o /Users/emanuelflury/Library/Developer/Xcode/DerivedData/TaxedGmbH_IOS-gerngfqzuwudosgobknlgtoawnlj/SourcePackages/checkouts/firebase-ios-sdk/FirebaseCore/Sources/FIRApp.m normal arm64 objective-c com.apple.compilers.llvm.clang.1_0.compiler (in target 'FirebaseCore' from project 'Firebase')
    cd /Users/emanuelflury/github/TaxedGmbH_IOS/TaxedGmbH_IOS.xcodeproj
    
    Using response file: /Users/emanuelflury/Library/Developer/Xcode/DerivedData/TaxedGmbH_IOS-gerngfqzuwudosgobknlgtoawnlj/Build/Intermediates.noindex/Firebase.build/Debug-iphoneos/FirebaseCore.build/Objects-normal/arm64/e6072d4f65d7061329687fe24e3d63a7-common-args.resp
    
    builtin-ScanDependencies -o /Users/emanuelflury/Library/Developer/Xcode/DerivedData/TaxedGmbH_IOS-gerngfqzuwudosgobknlgtoawnlj/Build/Intermediates.noindex/Firebase.build/Debug-iphoneos/FirebaseCore.build/Objects-normal/arm64/FIRApp.o.scan -- /Applications/Xcode.app/Contents/Developer/Toolchains/XcodeDefault.xctoolchain/usr/bin/clang -x objective-c -ivfsstatcache /Users/emanuelflury/Library/Developer/Xcode/DerivedData/SDKStatCaches.noindex/iphoneos26.1-23B77-69b33fc7382b27d9b5d46e82a00f8e78.sdkstatcache -fmessage-length\=0 -fdiagnostics-show-note-include-stack -fmacro-backtrace-limit\=0 -fno-color-diagnostics -fmodules-prune-interval\=86400 -fmodules-prune-after\=345600 -fbuild-session-file\=/Users/emanuelflury/Library/Developer/Xcode/DerivedData/ModuleCache.noindex/Session.modulevalidation -fmodules-validate-once-per-build-session -Wnon-modular-include-in-framework-module -Werror\=non-modular-include-in-framework-module -Wno-trigraphs -Wno-missing-field-initializers -Wno-missing-prototypes -Wno-return-type -Wno-implicit-atomic-properties -Wno-objc-interface-ivars -Wno-arc-repeated-use-of-weak -Wno-missing-braces -Wparentheses -Wswitch -Wno-unused-function -Wno-unused-label -Wno-unused-parameter -Wno-unused-variable -Wunused-value -Wno-empty-body -Wno-uninitialized -Wno-unknown-pragmas -w -Wno-shadow -Wno-four-char-constants -Wno-conversion -Wno-constant-conversion -Wno-int-conversion -Wno-bool-conversion -Wno-enum-conversion -Wno-float-conversion -Wno-non-literal-null-conversion -Wno-objc-literal-conversion -Wshorten-64-to-32 -Wpointer-sign -Wno-newline-eof -Wno-selector -Wno-strict-selector-match -Wno-undeclared-selector -Wno-deprecated-implementations -Wno-implicit-fallthrough -fstrict-aliasing -Wprotocol -Wdeprecated-declarations -Wno-sign-conversion -Wno-infinite-recursion -Wno-comma -Wno-block-capture-autoreleasing -Wno-strict-prototypes -Wno-semicolon-before-method-body -index-store-path /Users/emanuelflury/Library/Developer/Xcode/DerivedData/TaxedGmbH_IOS-gerngfqzuwudosgobknlgtoawnlj/Index.noindex/DataStore @/Users/emanuelflury/Library/Developer/Xcode/DerivedData/TaxedGmbH_IOS-gerngfqzuwudosgobknlgtoawnlj/Build/Intermediates.noindex/Firebase.build/Debug-iphoneos/FirebaseCore.build/Objects-normal/arm64/e6072d4f65d7061329687fe24e3d63a7-common-args.resp -include /Users/emanuelflury/Library/Developer/Xcode/DerivedData/TaxedGmbH_IOS-gerngfqzuwudosgobknlgtoawnlj/Build/Intermediates.noindex/Firebase.build/Debug-iphoneos/FirebaseCore.build/DerivedSources/resource_bundle_accessor.h -MMD -MT dependencies -MF /Users/emanuelflury/Library/Developer/Xcode/DerivedData/TaxedGmbH_IOS-gerngfqzuwudosgobknlgtoawnlj/Build/Intermediates.noindex/Firebase.build/Debug-iphoneos/FirebaseCore.build/Objects-normal/arm64/FIRApp.d --serialize-diagnostics /Users/emanuelflury/Library/Developer/Xcode/DerivedData/TaxedGmbH_IOS-gerngfqzuwudosgobknlgtoawnlj/Build/Intermediates.noindex/Firebase.build/Debug-iphoneos/FirebaseCore.build/Objects-normal/arm64/FIRApp.dia -c /Users/emanuelflury/Library/Developer/Xcode/DerivedData/TaxedGmbH_IOS-gerngfqzuwudosgobknlgtoawnlj/SourcePackages/checkouts/firebase-ios-sdk/FirebaseCore/Sources/FIRApp.m -o /Users/emanuelflury/Library/Developer/Xcode/DerivedData/TaxedGmbH_IOS-gerngfqzuwudosgobknlgtoawnlj/Build/Intermediates.noindex/Firebase.build/Debug-iphoneos/FirebaseCore.build/Objects-normal/arm64/FIRApp.o -index-unit-output-path /Firebase.build/Debug-iphoneos/FirebaseCore.build/Objects-normal/arm64/FIRApp.o

SwiftDriver\ Compilation FirebaseStorage normal arm64 com.apple.xcode.tools.swift.compiler (in target 'FirebaseStorage' from project 'Firebase')
    cd /Users/emanuelflury/github/TaxedGmbH_IOS/TaxedGmbH_IOS.xcodeproj
    builtin-Swift-Compilation -- /Applications/Xcode.app/Contents/Developer/Toolchains/XcodeDefault.xctoolchain/usr/bin/swiftc -module-name FirebaseStorage -Onone -enforce-exclusivity\=checked @/Users/emanuelflury/Library/Developer/Xcode/DerivedData/TaxedGmbH_IOS-gerngfqzuwudosgobknlgtoawnlj/Build/Intermediates.noindex/Firebase.build/Debug-iphoneos/FirebaseStorage.build/Objects-normal/arm64/FirebaseStorage.SwiftFileList -DSWIFT_PACKAGE -DDEBUG -DSWIFT_MODULE_RESOURCE_BUNDLE_UNAVAILABLE -Xcc -fmodule-map-file\=/Users/emanuelflury/Library/Developer/Xcode/DerivedData/TaxedGmbH_IOS-gerngfqzuwudosgobknlgtoawnlj/Build/Intermediates.noindex/GeneratedModuleMaps-iphoneos/GoogleUtilities-NSData.modulemap -Xcc -fmodule-map-file\=/Users/emanuelflury/Library/Developer/Xcode/DerivedData/TaxedGmbH_IOS-gerngfqzuwudosgobknlgtoawnlj/Build/Intermediates.noindex/GeneratedModuleMaps-iphoneos/GoogleUtilities-Environment.modulemap -Xcc -fmodule-map-file\=/Users/emanuelflury/Library/Developer/Xcode/DerivedData/TaxedGmbH_IOS-gerngfqzuwudosgobknlgtoawnlj/Build/Intermediates.noindex/GeneratedModuleMaps-iphoneos/third-party-IsAppEncrypted.modulemap -Xcc -fmodule-map-file\=/Users/emanuelflury/Library/Developer/Xcode/DerivedData/TaxedGmbH_IOS-gerngfqzuwudosgobknlgtoawnlj/Build/Intermediates.noindex/GeneratedModuleMaps-iphoneos/GoogleUtilities-Logger.modulemap -Xcc -fmodule-map-file\=/Users/emanuelflury/Library/Developer/Xcode/DerivedData/TaxedGmbH_IOS-gerngfqzuwudosgobknlgtoawnlj/Build/Intermediates.noindex/GeneratedModuleMaps-iphoneos/GTMSessionFetcherCore.modulemap -Xcc -fmodule-map-file\=/Users/emanuelflury/Library/Developer/Xcode/DerivedData/TaxedGmbH_IOS-gerngfqzuwudosgobknlgtoawnlj/Build/Intermediates.noindex/GeneratedModuleMaps-iphoneos/FirebaseCoreExtension.modulemap -Xcc -fmodule-map-file\=/Users/emanuelflury/Library/Developer/Xcode/DerivedData/TaxedGmbH_IOS-gerngfqzuwudosgobknlgtoawnlj/Build/Intermediates.noindex/GeneratedModuleMaps-iphoneos/FirebaseCore.modulemap -Xcc -fmodule-map-file\=/Users/emanuelflury/Library/Developer/Xcode/DerivedData/TaxedGmbH_IOS-gerngfqzuwudosgobknlgtoawnlj/Build/Intermediates.noindex/GeneratedModuleMaps-iphoneos/FirebaseAuthInterop.modulemap -Xcc -fmodule-map-file\=/Users/emanuelflury/Library/Developer/Xcode/DerivedData/TaxedGmbH_IOS-gerngfqzuwudosgobknlgtoawnlj/Build/Intermediates.noindex/GeneratedModuleMaps-iphoneos/FirebaseAppCheckInterop.modulemap -DXcode -plugin-path /Applications/Xcode.app/Contents/Developer/Toolchains/XcodeDefault.xctoolchain/usr/lib/swift/host/plugins/testing -enable-experimental-feature DebugDescriptionMacro -sdk /Applications/Xcode.app/Contents/Developer/Platforms/iPhoneOS.platform/Developer/SDKs/iPhoneOS26.1.sdk -target arm64-apple-ios15.0 -g -module-cache-path /Users/emanuelflury/Library/Developer/Xcode/DerivedData/ModuleCache.noindex -Xfrontend -serialize-debugging-options -profile-coverage-mapping -profile-generate -enable-testing -suppress-warnings -index-store-path /Users/emanuelflury/Library/Developer/Xcode/DerivedData/TaxedGmbH_IOS-gerngfqzuwudosgobknlgtoawnlj/Index.noindex/DataStore -Xcc -D_LIBCPP_HARDENING_MODE\=_LIBCPP_HARDENING_MODE_DEBUG -swift-version 5 -I /Users/emanuelflury/Library/Developer/Xcode/DerivedData/TaxedGmbH_IOS-gerngfqzuwudosgobknlgtoawnlj/Build/Products/Debug-iphoneos -Isystem /Applications/Xcode.app/Contents/Developer/Platforms/iPhoneOS.platform/Developer/usr/lib -F /Users/emanuelflury/Library/Developer/Xcode/DerivedData/TaxedGmbH_IOS-gerngfqzuwudosgobknlgtoawnlj/Build/Products/Debug-iphoneos/PackageFrameworks -F /Users/emanuelflury/Library/Developer/Xcode/DerivedData/TaxedGmbH_IOS-gerngfqzuwudosgobknlgtoawnlj/Build/Products/Debug-iphoneos/PackageFrameworks -F /Users/emanuelflury/Library/Developer/Xcode/DerivedData/TaxedGmbH_IOS-gerngfqzuwudosgobknlgtoawnlj/Build/Products/Debug-iphoneos/PackageFrameworks -F /Users/emanuelflury/Library/Developer/Xcode/DerivedData/TaxedGmbH_IOS-gerngfqzuwudosgobknlgtoawnlj/Build/Products/Debug-iphoneos/PackageFrameworks -F /Users/emanuelflury/Library/Developer/Xcode/DerivedData/TaxedGmbH_IOS-gerngfqzuwudosgobknlgtoawnlj/Build/Products/Debug-iphoneos/PackageFrameworks -F /Users/emanuelflury/Library/Developer/Xcode/DerivedData/TaxedGmbH_IOS-gerngfqzuwudosgobknlgtoawnlj/Build/Products/Debug-iphoneos/PackageFrameworks -F /Users/emanuelflury/Library/Developer/Xcode/DerivedData/TaxedGmbH_IOS-gerngfqzuwudosgobknlgtoawnlj/Build/Products/Debug-iphoneos/PackageFrameworks -F /Users/emanuelflury/Library/Developer/Xcode/DerivedData/TaxedGmbH_IOS-gerngfqzuwudosgobknlgtoawnlj/Build/Products/Debug-iphoneos/PackageFrameworks -F /Users/emanuelflury/Library/Developer/Xcode/DerivedData/TaxedGmbH_IOS-gerngfqzuwudosgobknlgtoawnlj/Build/Products/Debug-iphoneos/PackageFrameworks -F /Users/emanuelflury/Library/Developer/Xcode/DerivedData/TaxedGmbH_IOS-gerngfqzuwudosgobknlgtoawnlj/Build/Products/Debug-iphoneos/PackageFrameworks -F /Users/emanuelflury/Library/Developer/Xcode/DerivedData/TaxedGmbH_IOS-gerngfqzuwudosgobknlgtoawnlj/Build/Products/Debug-iphoneos/PackageFrameworks -F /Users/emanuelflury/Library/Developer/Xcode/DerivedData/TaxedGmbH_IOS-gerngfqzuwudosgobknlgtoawnlj/Build/Products/Debug-iphoneos -F /Applications/Xcode.app/Contents/Developer/Platforms/iPhoneOS.platform/Developer/Library/Frameworks -F /Applications/Xcode.app/Contents/Developer/Platforms/iPhoneOS.platform/Developer/SDKs/iPhoneOS26.1.sdk/Developer/Library/Frameworks -c -j12 -enable-batch-mode -incremental -Xcc -ivfsstatcache -Xcc /Users/emanuelflury/Library/Developer/Xcode/DerivedData/SDKStatCaches.noindex/iphoneos26.1-23B77-69b33fc7382b27d9b5d46e82a00f8e78.sdkstatcache -output-file-map /Users/emanuelflury/Library/Developer/Xcode/DerivedData/TaxedGmbH_IOS-gerngfqzuwudosgobknlgtoawnlj/Build/Intermediates.noindex/Firebase.build/Debug-iphoneos/FirebaseStorage.build/Objects-normal/arm64/FirebaseStorage-OutputFileMap.json -use-frontend-parseable-output -save-temps -no-color-diagnostics -explicit-module-build -module-cache-path /Users/emanuelflury/Library/Developer/Xcode/DerivedData/TaxedGmbH_IOS-gerngfqzuwudosgobknlgtoawnlj/Build/Intermediates.noindex/SwiftExplicitPrecompiledModules -clang-scanner-module-cache-path /Users/emanuelflury/Library/Developer/Xcode/DerivedData/ModuleCache.noindex -sdk-module-cache-path /Users/emanuelflury/Library/Developer/Xcode/DerivedData/ModuleCache.noindex -serialize-diagnostics -emit-dependencies -emit-module -emit-module-path /Users/emanuelflury/Library/Developer/Xcode/DerivedData/TaxedGmbH_IOS-gerngfqzuwudosgobknlgtoawnlj/Build/Intermediates.noindex/Firebase.build/Debug-iphoneos/FirebaseStorage.build/Objects-normal/arm64/FirebaseStorage.swiftmodule -user-module-version 12.6.0 -validate-clang-modules-once -clang-build-session-file /Users/emanuelflury/Library/Developer/Xcode/DerivedData/ModuleCache.noindex/Session.modulevalidation -package-name firebase_ios_sdk -Xcc -I/Users/emanuelflury/Library/Developer/Xcode/DerivedData/TaxedGmbH_IOS-gerngfqzuwudosgobknlgtoawnlj/Build/Intermediates.noindex/Firebase.build/Debug-iphoneos/FirebaseStorage.build/swift-overrides.hmap -emit-const-values -Xfrontend -const-gather-protocols-file -Xfrontend /Users/emanuelflury/Library/Developer/Xcode/DerivedData/TaxedGmbH_IOS-gerngfqzuwudosgobknlgtoawnlj/Build/Intermediates.noindex/Firebase.build/Debug-iphoneos/FirebaseStorage.build/Objects-normal/arm64/FirebaseStorage_const_extract_protocols.json -Xcc -I/Users/emanuelflury/Library/Developer/Xcode/DerivedData/TaxedGmbH_IOS-gerngfqzuwudosgobknlgtoawnlj/SourcePackages/checkouts/GoogleUtilities/GoogleUtilities/NSData+zlib/Public -Xcc -I/Users/emanuelflury/Library/Developer/Xcode/DerivedData/TaxedGmbH_IOS-gerngfqzuwudosgobknlgtoawnlj/SourcePackages/checkouts/GoogleUtilities/GoogleUtilities/Environment/Public -Xcc -I/Users/emanuelflury/Library/Developer/Xcode/DerivedData/TaxedGmbH_IOS-gerngfqzuwudosgobknlgtoawnlj/SourcePackages/checkouts/GoogleUtilities/third_party/IsAppEncrypted/Public -Xcc -I/Users/emanuelflury/Library/Developer/Xcode/DerivedData/TaxedGmbH_IOS-gerngfqzuwudosgobknlgtoawnlj/SourcePackages/checkouts/GoogleUtilities/GoogleUtilities/Logger/Public -Xcc -I/Users/emanuelflury/Library/Developer/Xcode/DerivedData/TaxedGmbH_IOS-gerngfqzuwudosgobknlgtoawnlj/SourcePackages/checkouts/gtm-session-fetcher/Sources/Core/Public -Xcc -I/Users/emanuelflury/Library/Developer/Xcode/DerivedData/TaxedGmbH_IOS-gerngfqzuwudosgobknlgtoawnlj/SourcePackages/checkouts/firebase-ios-sdk/FirebaseCore/Extension -Xcc -I/Users/emanuelflury/Library/Developer/Xcode/DerivedData/TaxedGmbH_IOS-gerngfqzuwudosgobknlgtoawnlj/SourcePackages/checkouts/firebase-ios-sdk/FirebaseCore/Sources/Public -Xcc -I/Users/emanuelflury/Library/Developer/Xcode/DerivedData/TaxedGmbH_IOS-gerngfqzuwudosgobknlgtoawnlj/SourcePackages/checkouts/firebase-ios-sdk/CoreOnly/Sources -Xcc -I/Users/emanuelflury/Library/Developer/Xcode/DerivedData/TaxedGmbH_IOS-gerngfqzuwudosgobknlgtoawnlj/SourcePackages/checkouts/firebase-ios-sdk/FirebaseAuth/Interop/Public -Xcc -I/Users/emanuelflury/Library/Developer/Xcode/DerivedData/TaxedGmbH_IOS-gerngfqzuwudosgobknlgtoawnlj/SourcePackages/checkouts/firebase-ios-sdk/FirebaseAppCheck/Interop/Public -Xcc -I/Users/emanuelflury/Library/Developer/Xcode/DerivedData/TaxedGmbH_IOS-gerngfqzuwudosgobknlgtoawnlj/Build/Products/Debug-iphoneos/include -Xcc -I/Users/emanuelflury/Library/Developer/Xcode/DerivedData/TaxedGmbH_IOS-gerngfqzuwudosgobknlgtoawnlj/Build/Intermediates.noindex/Firebase.build/Debug-iphoneos/FirebaseStorage.build/DerivedSources-normal/arm64 -Xcc -I/Users/emanuelflury/Library/Developer/Xcode/DerivedData/TaxedGmbH_IOS-gerngfqzuwudosgobknlgtoawnlj/Build/Intermediates.noindex/Firebase.build/Debug-iphoneos/FirebaseStorage.build/DerivedSources/arm64 -Xcc -I/Users/emanuelflury/Library/Developer/Xcode/DerivedData/TaxedGmbH_IOS-gerngfqzuwudosgobknlgtoawnlj/Build/Intermediates.noindex/Firebase.build/Debug-iphoneos/FirebaseStorage.build/DerivedSources -Xcc -DSWIFT_PACKAGE -Xcc -DDEBUG\=1 -emit-objc-header -emit-objc-header-path /Users/emanuelflury/Library/Developer/Xcode/DerivedData/TaxedGmbH_IOS-gerngfqzuwudosgobknlgtoawnlj/Build/Intermediates.noindex/Firebase.build/Debug-iphoneos/FirebaseStorage.build/Objects-normal/arm64/FirebaseStorage-Swift.h -working-directory /Users/emanuelflury/github/TaxedGmbH_IOS/TaxedGmbH_IOS.xcodeproj -experimental-emit-module-separately -disable-cmo

ScanDependencies /Users/emanuelflury/Library/Developer/Xcode/DerivedData/TaxedGmbH_IOS-gerngfqzuwudosgobknlgtoawnlj/Build/Intermediates.noindex/Firebase.build/Debug-iphoneos/FirebaseCore.build/Objects-normal/arm64/FIRAnalyticsConfiguration.o /Users/emanuelflury/Library/Developer/Xcode/DerivedData/TaxedGmbH_IOS-gerngfqzuwudosgobknlgtoawnlj/SourcePackages/checkouts/firebase-ios-sdk/FirebaseCore/Sources/FIRAnalyticsConfiguration.m normal arm64 objective-c com.apple.compilers.llvm.clang.1_0.compiler (in target 'FirebaseCore' from project 'Firebase')
    cd /Users/emanuelflury/github/TaxedGmbH_IOS/TaxedGmbH_IOS.xcodeproj
    
    Using response file: /Users/emanuelflury/Library/Developer/Xcode/DerivedData/TaxedGmbH_IOS-gerngfqzuwudosgobknlgtoawnlj/Build/Intermediates.noindex/Firebase.build/Debug-iphoneos/FirebaseCore.build/Objects-normal/arm64/e6072d4f65d7061329687fe24e3d63a7-common-args.resp
    
    builtin-ScanDependencies -o /Users/emanuelflury/Library/Developer/Xcode/DerivedData/TaxedGmbH_IOS-gerngfqzuwudosgobknlgtoawnlj/Build/Intermediates.noindex/Firebase.build/Debug-iphoneos/FirebaseCore.build/Objects-normal/arm64/FIRAnalyticsConfiguration.o.scan -- /Applications/Xcode.app/Contents/Developer/Toolchains/XcodeDefault.xctoolchain/usr/bin/clang -x objective-c -ivfsstatcache /Users/emanuelflury/Library/Developer/Xcode/DerivedData/SDKStatCaches.noindex/iphoneos26.1-23B77-69b33fc7382b27d9b5d46e82a00f8e78.sdkstatcache -fmessage-length\=0 -fdiagnostics-show-note-include-stack -fmacro-backtrace-limit\=0 -fno-color-diagnostics -fmodules-prune-interval\=86400 -fmodules-prune-after\=345600 -fbuild-session-file\=/Users/emanuelflury/Library/Developer/Xcode/DerivedData/ModuleCache.noindex/Session.modulevalidation -fmodules-validate-once-per-build-session -Wnon-modular-include-in-framework-module -Werror\=non-modular-include-in-framework-module -Wno-trigraphs -Wno-missing-field-initializers -Wno-missing-prototypes -Wno-return-type -Wno-implicit-atomic-properties -Wno-objc-interface-ivars -Wno-arc-repeated-use-of-weak -Wno-missing-braces -Wparentheses -Wswitch -Wno-unused-function -Wno-unused-label -Wno-unused-parameter -Wno-unused-variable -Wunused-value -Wno-empty-body -Wno-uninitialized -Wno-unknown-pragmas -w -Wno-shadow -Wno-four-char-constants -Wno-conversion -Wno-constant-conversion -Wno-int-conversion -Wno-bool-conversion -Wno-enum-conversion -Wno-float-conversion -Wno-non-literal-null-conversion -Wno-objc-literal-conversion -Wshorten-64-to-32 -Wpointer-sign -Wno-newline-eof -Wno-selector -Wno-strict-selector-match -Wno-undeclared-selector -Wno-deprecated-implementations -Wno-implicit-fallthrough -fstrict-aliasing -Wprotocol -Wdeprecated-declarations -Wno-sign-conversion -Wno-infinite-recursion -Wno-comma -Wno-block-capture-autoreleasing -Wno-strict-prototypes -Wno-semicolon-before-method-body -index-store-path /Users/emanuelflury/Library/Developer/Xcode/DerivedData/TaxedGmbH_IOS-gerngfqzuwudosgobknlgtoawnlj/Index.noindex/DataStore @/Users/emanuelflury/Library/Developer/Xcode/DerivedData/TaxedGmbH_IOS-gerngfqzuwudosgobknlgtoawnlj/Build/Intermediates.noindex/Firebase.build/Debug-iphoneos/FirebaseCore.build/Objects-normal/arm64/e6072d4f65d7061329687fe24e3d63a7-common-args.resp -include /Users/emanuelflury/Library/Developer/Xcode/DerivedData/TaxedGmbH_IOS-gerngfqzuwudosgobknlgtoawnlj/Build/Intermediates.noindex/Firebase.build/Debug-iphoneos/FirebaseCore.build/DerivedSources/resource_bundle_accessor.h -MMD -MT dependencies -MF /Users/emanuelflury/Library/Developer/Xcode/DerivedData/TaxedGmbH_IOS-gerngfqzuwudosgobknlgtoawnlj/Build/Intermediates.noindex/Firebase.build/Debug-iphoneos/FirebaseCore.build/Objects-normal/arm64/FIRAnalyticsConfiguration.d --serialize-diagnostics /Users/emanuelflury/Library/Developer/Xcode/DerivedData/TaxedGmbH_IOS-gerngfqzuwudosgobknlgtoawnlj/Build/Intermediates.noindex/Firebase.build/Debug-iphoneos/FirebaseCore.build/Objects-normal/arm64/FIRAnalyticsConfiguration.dia -c /Users/emanuelflury/Library/Developer/Xcode/DerivedData/TaxedGmbH_IOS-gerngfqzuwudosgobknlgtoawnlj/SourcePackages/checkouts/firebase-ios-sdk/FirebaseCore/Sources/FIRAnalyticsConfiguration.m -o /Users/emanuelflury/Library/Developer/Xcode/DerivedData/TaxedGmbH_IOS-gerngfqzuwudosgobknlgtoawnlj/Build/Intermediates.noindex/Firebase.build/Debug-iphoneos/FirebaseCore.build/Objects-normal/arm64/FIRAnalyticsConfiguration.o -index-unit-output-path /Firebase.build/Debug-iphoneos/FirebaseCore.build/Objects-normal/arm64/FIRAnalyticsConfiguration.o

CompileC /Users/emanuelflury/Library/Developer/Xcode/DerivedData/TaxedGmbH_IOS-gerngfqzuwudosgobknlgtoawnlj/Build/Intermediates.noindex/Firebase.build/Debug-iphoneos/FirebaseMessaging.build/Objects-normal/arm64/FIRMessagingPubSub.o /Users/emanuelflury/Library/Developer/Xcode/DerivedData/TaxedGmbH_IOS-gerngfqzuwudosgobknlgtoawnlj/SourcePackages/checkouts/firebase-ios-sdk/FirebaseMessaging/Sources/FIRMessagingPubSub.m normal arm64 objective-c com.apple.compilers.llvm.clang.1_0.compiler (in target 'FirebaseMessaging' from project 'Firebase')
    cd /Users/emanuelflury/github/TaxedGmbH_IOS/TaxedGmbH_IOS.xcodeproj
    
    Using response file: /Users/emanuelflury/Library/Developer/Xcode/DerivedData/TaxedGmbH_IOS-gerngfqzuwudosgobknlgtoawnlj/Build/Intermediates.noindex/Firebase.build/Debug-iphoneos/FirebaseMessaging.build/Objects-normal/arm64/e6072d4f65d7061329687fe24e3d63a7-common-args.resp
    
    /Applications/Xcode.app/Contents/Developer/Toolchains/XcodeDefault.xctoolchain/usr/bin/clang -x objective-c -ivfsstatcache /Users/emanuelflury/Library/Developer/Xcode/DerivedData/SDKStatCaches.noindex/iphoneos26.1-23B77-69b33fc7382b27d9b5d46e82a00f8e78.sdkstatcache -fmessage-length\=0 -fdiagnostics-show-note-include-stack -fmacro-backtrace-limit\=0 -fno-color-diagnostics -fmodules-prune-interval\=86400 -fmodules-prune-after\=345600 -fbuild-session-file\=/Users/emanuelflury/Library/Developer/Xcode/DerivedData/ModuleCache.noindex/Session.modulevalidation -fmodules-validate-once-per-build-session -Wnon-modular-include-in-framework-module -Werror\=non-modular-include-in-framework-module -Wno-trigraphs -Wno-missing-field-initializers -Wno-missing-prototypes -Wno-return-type -Wno-implicit-atomic-properties -Wno-objc-interface-ivars -Wno-arc-repeated-use-of-weak -Wno-missing-braces -Wparentheses -Wswitch -Wno-unused-function -Wno-unused-label -Wno-unused-parameter -Wno-unused-variable -Wunused-value -Wno-empty-body -Wno-uninitialized -Wno-unknown-pragmas -w -Wno-shadow -Wno-four-char-constants -Wno-conversion -Wno-constant-conversion -Wno-int-conversion -Wno-bool-conversion -Wno-enum-conversion -Wno-float-conversion -Wno-non-literal-null-conversion -Wno-objc-literal-conversion -Wshorten-64-to-32 -Wpointer-sign -Wno-newline-eof -Wno-selector -Wno-strict-selector-match -Wno-undeclared-selector -Wno-deprecated-implementations -Wno-implicit-fallthrough -fstrict-aliasing -Wprotocol -Wdeprecated-declarations -Wno-sign-conversion -Wno-infinite-recursion -Wno-comma -Wno-block-capture-autoreleasing -Wno-strict-prototypes -Wno-semicolon-before-method-body -index-store-path /Users/emanuelflury/Library/Developer/Xcode/DerivedData/TaxedGmbH_IOS-gerngfqzuwudosgobknlgtoawnlj/Index.noindex/DataStore @/Users/emanuelflury/Library/Developer/Xcode/DerivedData/TaxedGmbH_IOS-gerngfqzuwudosgobknlgtoawnlj/Build/Intermediates.noindex/Firebase.build/Debug-iphoneos/FirebaseMessaging.build/Objects-normal/arm64/e6072d4f65d7061329687fe24e3d63a7-common-args.resp -include /Users/emanuelflury/Library/Developer/Xcode/DerivedData/TaxedGmbH_IOS-gerngfqzuwudosgobknlgtoawnlj/Build/Intermediates.noindex/Firebase.build/Debug-iphoneos/FirebaseMessaging.build/DerivedSources/resource_bundle_accessor.h -MMD -MT dependencies -MF /Users/emanuelflury/Library/Developer/Xcode/DerivedData/TaxedGmbH_IOS-gerngfqzuwudosgobknlgtoawnlj/Build/Intermediates.noindex/Firebase.build/Debug-iphoneos/FirebaseMessaging.build/Objects-normal/arm64/FIRMessagingPubSub.d --serialize-diagnostics /Users/emanuelflury/Library/Developer/Xcode/DerivedData/TaxedGmbH_IOS-gerngfqzuwudosgobknlgtoawnlj/Build/Intermediates.noindex/Firebase.build/Debug-iphoneos/FirebaseMessaging.build/Objects-normal/arm64/FIRMessagingPubSub.dia -c /Users/emanuelflury/Library/Developer/Xcode/DerivedData/TaxedGmbH_IOS-gerngfqzuwudosgobknlgtoawnlj/SourcePackages/checkouts/firebase-ios-sdk/FirebaseMessaging/Sources/FIRMessagingPubSub.m -o /Users/emanuelflury/Library/Developer/Xcode/DerivedData/TaxedGmbH_IOS-gerngfqzuwudosgobknlgtoawnlj/Build/Intermediates.noindex/Firebase.build/Debug-iphoneos/FirebaseMessaging.build/Objects-normal/arm64/FIRMessagingPubSub.o -index-unit-output-path /Firebase.build/Debug-iphoneos/FirebaseMessaging.build/Objects-normal/arm64/FIRMessagingPubSub.o

CompileC /Users/emanuelflury/Library/Developer/Xcode/DerivedData/TaxedGmbH_IOS-gerngfqzuwudosgobknlgtoawnlj/Build/Intermediates.noindex/Firebase.build/Debug-iphoneos/FirebaseMessaging.build/Objects-normal/arm64/FIRMessagingCheckinPreferences.o /Users/emanuelflury/Library/Developer/Xcode/DerivedData/TaxedGmbH_IOS-gerngfqzuwudosgobknlgtoawnlj/SourcePackages/checkouts/firebase-ios-sdk/FirebaseMessaging/Sources/Token/FIRMessagingCheckinPreferences.m normal arm64 objective-c com.apple.compilers.llvm.clang.1_0.compiler (in target 'FirebaseMessaging' from project 'Firebase')
    cd /Users/emanuelflury/github/TaxedGmbH_IOS/TaxedGmbH_IOS.xcodeproj
    
    Using response file: /Users/emanuelflury/Library/Developer/Xcode/DerivedData/TaxedGmbH_IOS-gerngfqzuwudosgobknlgtoawnlj/Build/Intermediates.noindex/Firebase.build/Debug-iphoneos/FirebaseMessaging.build/Objects-normal/arm64/e6072d4f65d7061329687fe24e3d63a7-common-args.resp
    
    /Applications/Xcode.app/Contents/Developer/Toolchains/XcodeDefault.xctoolchain/usr/bin/clang -x objective-c -ivfsstatcache /Users/emanuelflury/Library/Developer/Xcode/DerivedData/SDKStatCaches.noindex/iphoneos26.1-23B77-69b33fc7382b27d9b5d46e82a00f8e78.sdkstatcache -fmessage-length\=0 -fdiagnostics-show-note-include-stack -fmacro-backtrace-limit\=0 -fno-color-diagnostics -fmodules-prune-interval\=86400 -fmodules-prune-after\=345600 -fbuild-session-file\=/Users/emanuelflury/Library/Developer/Xcode/DerivedData/ModuleCache.noindex/Session.modulevalidation -fmodules-validate-once-per-build-session -Wnon-modular-include-in-framework-module -Werror\=non-modular-include-in-framework-module -Wno-trigraphs -Wno-missing-field-initializers -Wno-missing-prototypes -Wno-return-type -Wno-implicit-atomic-properties -Wno-objc-interface-ivars -Wno-arc-repeated-use-of-weak -Wno-missing-braces -Wparentheses -Wswitch -Wno-unused-function -Wno-unused-label -Wno-unused-parameter -Wno-unused-variable -Wunused-value -Wno-empty-body -Wno-uninitialized -Wno-unknown-pragmas -w -Wno-shadow -Wno-four-char-constants -Wno-conversion -Wno-constant-conversion -Wno-int-conversion -Wno-bool-conversion -Wno-enum-conversion -Wno-float-conversion -Wno-non-literal-null-conversion -Wno-objc-literal-conversion -Wshorten-64-to-32 -Wpointer-sign -Wno-newline-eof -Wno-selector -Wno-strict-selector-match -Wno-undeclared-selector -Wno-deprecated-implementations -Wno-implicit-fallthrough -fstrict-aliasing -Wprotocol -Wdeprecated-declarations -Wno-sign-conversion -Wno-infinite-recursion -Wno-comma -Wno-block-capture-autoreleasing -Wno-strict-prototypes -Wno-semicolon-before-method-body -index-store-path /Users/emanuelflury/Library/Developer/Xcode/DerivedData/TaxedGmbH_IOS-gerngfqzuwudosgobknlgtoawnlj/Index.noindex/DataStore @/Users/emanuelflury/Library/Developer/Xcode/DerivedData/TaxedGmbH_IOS-gerngfqzuwudosgobknlgtoawnlj/Build/Intermediates.noindex/Firebase.build/Debug-iphoneos/FirebaseMessaging.build/Objects-normal/arm64/e6072d4f65d7061329687fe24e3d63a7-common-args.resp -include /Users/emanuelflury/Library/Developer/Xcode/DerivedData/TaxedGmbH_IOS-gerngfqzuwudosgobknlgtoawnlj/Build/Intermediates.noindex/Firebase.build/Debug-iphoneos/FirebaseMessaging.build/DerivedSources/resource_bundle_accessor.h -MMD -MT dependencies -MF /Users/emanuelflury/Library/Developer/Xcode/DerivedData/TaxedGmbH_IOS-gerngfqzuwudosgobknlgtoawnlj/Build/Intermediates.noindex/Firebase.build/Debug-iphoneos/FirebaseMessaging.build/Objects-normal/arm64/FIRMessagingCheckinPreferences.d --serialize-diagnostics /Users/emanuelflury/Library/Developer/Xcode/DerivedData/TaxedGmbH_IOS-gerngfqzuwudosgobknlgtoawnlj/Build/Intermediates.noindex/Firebase.build/Debug-iphoneos/FirebaseMessaging.build/Objects-normal/arm64/FIRMessagingCheckinPreferences.dia -c /Users/emanuelflury/Library/Developer/Xcode/DerivedData/TaxedGmbH_IOS-gerngfqzuwudosgobknlgtoawnlj/SourcePackages/checkouts/firebase-ios-sdk/FirebaseMessaging/Sources/Token/FIRMessagingCheckinPreferences.m -o /Users/emanuelflury/Library/Developer/Xcode/DerivedData/TaxedGmbH_IOS-gerngfqzuwudosgobknlgtoawnlj/Build/Intermediates.noindex/Firebase.build/Debug-iphoneos/FirebaseMessaging.build/Objects-normal/arm64/FIRMessagingCheckinPreferences.o -index-unit-output-path /Firebase.build/Debug-iphoneos/FirebaseMessaging.build/Objects-normal/arm64/FIRMessagingCheckinPreferences.o

CompileC /Users/emanuelflury/Library/Developer/Xcode/DerivedData/TaxedGmbH_IOS-gerngfqzuwudosgobknlgtoawnlj/Build/Intermediates.noindex/Firebase.build/Debug-iphoneos/FirebaseMessaging.build/Objects-normal/arm64/FIRMessagingUtilities.o /Users/emanuelflury/Library/Developer/Xcode/DerivedData/TaxedGmbH_IOS-gerngfqzuwudosgobknlgtoawnlj/SourcePackages/checkouts/firebase-ios-sdk/FirebaseMessaging/Sources/FIRMessagingUtilities.m normal arm64 objective-c com.apple.compilers.llvm.clang.1_0.compiler (in target 'FirebaseMessaging' from project 'Firebase')
    cd /Users/emanuelflury/github/TaxedGmbH_IOS/TaxedGmbH_IOS.xcodeproj
    
    Using response file: /Users/emanuelflury/Library/Developer/Xcode/DerivedData/TaxedGmbH_IOS-gerngfqzuwudosgobknlgtoawnlj/Build/Intermediates.noindex/Firebase.build/Debug-iphoneos/FirebaseMessaging.build/Objects-normal/arm64/e6072d4f65d7061329687fe24e3d63a7-common-args.resp
    
    /Applications/Xcode.app/Contents/Developer/Toolchains/XcodeDefault.xctoolchain/usr/bin/clang -x objective-c -ivfsstatcache /Users/emanuelflury/Library/Developer/Xcode/DerivedData/SDKStatCaches.noindex/iphoneos26.1-23B77-69b33fc7382b27d9b5d46e82a00f8e78.sdkstatcache -fmessage-length\=0 -fdiagnostics-show-note-include-stack -fmacro-backtrace-limit\=0 -fno-color-diagnostics -fmodules-prune-interval\=86400 -fmodules-prune-after\=345600 -fbuild-session-file\=/Users/emanuelflury/Library/Developer/Xcode/DerivedData/ModuleCache.noindex/Session.modulevalidation -fmodules-validate-once-per-build-session -Wnon-modular-include-in-framework-module -Werror\=non-modular-include-in-framework-module -Wno-trigraphs -Wno-missing-field-initializers -Wno-missing-prototypes -Wno-return-type -Wno-implicit-atomic-properties -Wno-objc-interface-ivars -Wno-arc-repeated-use-of-weak -Wno-missing-braces -Wparentheses -Wswitch -Wno-unused-function -Wno-unused-label -Wno-unused-parameter -Wno-unused-variable -Wunused-value -Wno-empty-body -Wno-uninitialized -Wno-unknown-pragmas -w -Wno-shadow -Wno-four-char-constants -Wno-conversion -Wno-constant-conversion -Wno-int-conversion -Wno-bool-conversion -Wno-enum-conversion -Wno-float-conversion -Wno-non-literal-null-conversion -Wno-objc-literal-conversion -Wshorten-64-to-32 -Wpointer-sign -Wno-newline-eof -Wno-selector -Wno-strict-selector-match -Wno-undeclared-selector -Wno-deprecated-implementations -Wno-implicit-fallthrough -fstrict-aliasing -Wprotocol -Wdeprecated-declarations -Wno-sign-conversion -Wno-infinite-recursion -Wno-comma -Wno-block-capture-autoreleasing -Wno-strict-prototypes -Wno-semicolon-before-method-body -index-store-path /Users/emanuelflury/Library/Developer/Xcode/DerivedData/TaxedGmbH_IOS-gerngfqzuwudosgobknlgtoawnlj/Index.noindex/DataStore @/Users/emanuelflury/Library/Developer/Xcode/DerivedData/TaxedGmbH_IOS-gerngfqzuwudosgobknlgtoawnlj/Build/Intermediates.noindex/Firebase.build/Debug-iphoneos/FirebaseMessaging.build/Objects-normal/arm64/e6072d4f65d7061329687fe24e3d63a7-common-args.resp -include /Users/emanuelflury/Library/Developer/Xcode/DerivedData/TaxedGmbH_IOS-gerngfqzuwudosgobknlgtoawnlj/Build/Intermediates.noindex/Firebase.build/Debug-iphoneos/FirebaseMessaging.build/DerivedSources/resource_bundle_accessor.h -MMD -MT dependencies -MF /Users/emanuelflury/Library/Developer/Xcode/DerivedData/TaxedGmbH_IOS-gerngfqzuwudosgobknlgtoawnlj/Build/Intermediates.noindex/Firebase.build/Debug-iphoneos/FirebaseMessaging.build/Objects-normal/arm64/FIRMessagingUtilities.d --serialize-diagnostics /Users/emanuelflury/Library/Developer/Xcode/DerivedData/TaxedGmbH_IOS-gerngfqzuwudosgobknlgtoawnlj/Build/Intermediates.noindex/Firebase.build/Debug-iphoneos/FirebaseMessaging.build/Objects-normal/arm64/FIRMessagingUtilities.dia -c /Users/emanuelflury/Library/Developer/Xcode/DerivedData/TaxedGmbH_IOS-gerngfqzuwudosgobknlgtoawnlj/SourcePackages/checkouts/firebase-ios-sdk/FirebaseMessaging/Sources/FIRMessagingUtilities.m -o /Users/emanuelflury/Library/Developer/Xcode/DerivedData/TaxedGmbH_IOS-gerngfqzuwudosgobknlgtoawnlj/Build/Intermediates.noindex/Firebase.build/Debug-iphoneos/FirebaseMessaging.build/Objects-normal/arm64/FIRMessagingUtilities.o -index-unit-output-path /Firebase.build/Debug-iphoneos/FirebaseMessaging.build/Objects-normal/arm64/FIRMessagingUtilities.o

CompileC /Users/emanuelflury/Library/Developer/Xcode/DerivedData/TaxedGmbH_IOS-gerngfqzuwudosgobknlgtoawnlj/Build/Intermediates.noindex/Firebase.build/Debug-iphoneos/FirebaseMessaging.build/Objects-normal/arm64/FIRMessagingTokenOperation.o /Users/emanuelflury/Library/Developer/Xcode/DerivedData/TaxedGmbH_IOS-gerngfqzuwudosgobknlgtoawnlj/SourcePackages/checkouts/firebase-ios-sdk/FirebaseMessaging/Sources/Token/FIRMessagingTokenOperation.m normal arm64 objective-c com.apple.compilers.llvm.clang.1_0.compiler (in target 'FirebaseMessaging' from project 'Firebase')
    cd /Users/emanuelflury/github/TaxedGmbH_IOS/TaxedGmbH_IOS.xcodeproj
    
    Using response file: /Users/emanuelflury/Library/Developer/Xcode/DerivedData/TaxedGmbH_IOS-gerngfqzuwudosgobknlgtoawnlj/Build/Intermediates.noindex/Firebase.build/Debug-iphoneos/FirebaseMessaging.build/Objects-normal/arm64/e6072d4f65d7061329687fe24e3d63a7-common-args.resp
    
    /Applications/Xcode.app/Contents/Developer/Toolchains/XcodeDefault.xctoolchain/usr/bin/clang -x objective-c -ivfsstatcache /Users/emanuelflury/Library/Developer/Xcode/DerivedData/SDKStatCaches.noindex/iphoneos26.1-23B77-69b33fc7382b27d9b5d46e82a00f8e78.sdkstatcache -fmessage-length\=0 -fdiagnostics-show-note-include-stack -fmacro-backtrace-limit\=0 -fno-color-diagnostics -fmodules-prune-interval\=86400 -fmodules-prune-after\=345600 -fbuild-session-file\=/Users/emanuelflury/Library/Developer/Xcode/DerivedData/ModuleCache.noindex/Session.modulevalidation -fmodules-validate-once-per-build-session -Wnon-modular-include-in-framework-module -Werror\=non-modular-include-in-framework-module -Wno-trigraphs -Wno-missing-field-initializers -Wno-missing-prototypes -Wno-return-type -Wno-implicit-atomic-properties -Wno-objc-interface-ivars -Wno-arc-repeated-use-of-weak -Wno-missing-braces -Wparentheses -Wswitch -Wno-unused-function -Wno-unused-label -Wno-unused-parameter -Wno-unused-variable -Wunused-value -Wno-empty-body -Wno-uninitialized -Wno-unknown-pragmas -w -Wno-shadow -Wno-four-char-constants -Wno-conversion -Wno-constant-conversion -Wno-int-conversion -Wno-bool-conversion -Wno-enum-conversion -Wno-float-conversion -Wno-non-literal-null-conversion -Wno-objc-literal-conversion -Wshorten-64-to-32 -Wpointer-sign -Wno-newline-eof -Wno-selector -Wno-strict-selector-match -Wno-undeclared-selector -Wno-deprecated-implementations -Wno-implicit-fallthrough -fstrict-aliasing -Wprotocol -Wdeprecated-declarations -Wno-sign-conversion -Wno-infinite-recursion -Wno-comma -Wno-block-capture-autoreleasing -Wno-strict-prototypes -Wno-semicolon-before-method-body -index-store-path /Users/emanuelflury/Library/Developer/Xcode/DerivedData/TaxedGmbH_IOS-gerngfqzuwudosgobknlgtoawnlj/Index.noindex/DataStore @/Users/emanuelflury/Library/Developer/Xcode/DerivedData/TaxedGmbH_IOS-gerngfqzuwudosgobknlgtoawnlj/Build/Intermediates.noindex/Firebase.build/Debug-iphoneos/FirebaseMessaging.build/Objects-normal/arm64/e6072d4f65d7061329687fe24e3d63a7-common-args.resp -include /Users/emanuelflury/Library/Developer/Xcode/DerivedData/TaxedGmbH_IOS-gerngfqzuwudosgobknlgtoawnlj/Build/Intermediates.noindex/Firebase.build/Debug-iphoneos/FirebaseMessaging.build/DerivedSources/resource_bundle_accessor.h -MMD -MT dependencies -MF /Users/emanuelflury/Library/Developer/Xcode/DerivedData/TaxedGmbH_IOS-gerngfqzuwudosgobknlgtoawnlj/Build/Intermediates.noindex/Firebase.build/Debug-iphoneos/FirebaseMessaging.build/Objects-normal/arm64/FIRMessagingTokenOperation.d --serialize-diagnostics /Users/emanuelflury/Library/Developer/Xcode/DerivedData/TaxedGmbH_IOS-gerngfqzuwudosgobknlgtoawnlj/Build/Intermediates.noindex/Firebase.build/Debug-iphoneos/FirebaseMessaging.build/Objects-normal/arm64/FIRMessagingTokenOperation.dia -c /Users/emanuelflury/Library/Developer/Xcode/DerivedData/TaxedGmbH_IOS-gerngfqzuwudosgobknlgtoawnlj/SourcePackages/checkouts/firebase-ios-sdk/FirebaseMessaging/Sources/Token/FIRMessagingTokenOperation.m -o /Users/emanuelflury/Library/Developer/Xcode/DerivedData/TaxedGmbH_IOS-gerngfqzuwudosgobknlgtoawnlj/Build/Intermediates.noindex/Firebase.build/Debug-iphoneos/FirebaseMessaging.build/Objects-normal/arm64/FIRMessagingTokenOperation.o -index-unit-output-path /Firebase.build/Debug-iphoneos/FirebaseMessaging.build/Objects-normal/arm64/FIRMessagingTokenOperation.o

CompileC /Users/emanuelflury/Library/Developer/Xcode/DerivedData/TaxedGmbH_IOS-gerngfqzuwudosgobknlgtoawnlj/Build/Intermediates.noindex/Firebase.build/Debug-iphoneos/FirebaseMessaging.build/Objects-normal/arm64/FIRMessagingExtensionHelper.o /Users/emanuelflury/Library/Developer/Xcode/DerivedData/TaxedGmbH_IOS-gerngfqzuwudosgobknlgtoawnlj/SourcePackages/checkouts/firebase-ios-sdk/FirebaseMessaging/Sources/FIRMessagingExtensionHelper.m normal arm64 objective-c com.apple.compilers.llvm.clang.1_0.compiler (in target 'FirebaseMessaging' from project 'Firebase')
    cd /Users/emanuelflury/github/TaxedGmbH_IOS/TaxedGmbH_IOS.xcodeproj
    
    Using response file: /Users/emanuelflury/Library/Developer/Xcode/DerivedData/TaxedGmbH_IOS-gerngfqzuwudosgobknlgtoawnlj/Build/Intermediates.noindex/Firebase.build/Debug-iphoneos/FirebaseMessaging.build/Objects-normal/arm64/e6072d4f65d7061329687fe24e3d63a7-common-args.resp
    
    /Applications/Xcode.app/Contents/Developer/Toolchains/XcodeDefault.xctoolchain/usr/bin/clang -x objective-c -ivfsstatcache /Users/emanuelflury/Library/Developer/Xcode/DerivedData/SDKStatCaches.noindex/iphoneos26.1-23B77-69b33fc7382b27d9b5d46e82a00f8e78.sdkstatcache -fmessage-length\=0 -fdiagnostics-show-note-include-stack -fmacro-backtrace-limit\=0 -fno-color-diagnostics -fmodules-prune-interval\=86400 -fmodules-prune-after\=345600 -fbuild-session-file\=/Users/emanuelflury/Library/Developer/Xcode/DerivedData/ModuleCache.noindex/Session.modulevalidation -fmodules-validate-once-per-build-session -Wnon-modular-include-in-framework-module -Werror\=non-modular-include-in-framework-module -Wno-trigraphs -Wno-missing-field-initializers -Wno-missing-prototypes -Wno-return-type -Wno-implicit-atomic-properties -Wno-objc-interface-ivars -Wno-arc-repeated-use-of-weak -Wno-missing-braces -Wparentheses -Wswitch -Wno-unused-function -Wno-unused-label -Wno-unused-parameter -Wno-unused-variable -Wunused-value -Wno-empty-body -Wno-uninitialized -Wno-unknown-pragmas -w -Wno-shadow -Wno-four-char-constants -Wno-conversion -Wno-constant-conversion -Wno-int-conversion -Wno-bool-conversion -Wno-enum-conversion -Wno-float-conversion -Wno-non-literal-null-conversion -Wno-objc-literal-conversion -Wshorten-64-to-32 -Wpointer-sign -Wno-newline-eof -Wno-selector -Wno-strict-selector-match -Wno-undeclared-selector -Wno-deprecated-implementations -Wno-implicit-fallthrough -fstrict-aliasing -Wprotocol -Wdeprecated-declarations -Wno-sign-conversion -Wno-infinite-recursion -Wno-comma -Wno-block-capture-autoreleasing -Wno-strict-prototypes -Wno-semicolon-before-method-body -index-store-path /Users/emanuelflury/Library/Developer/Xcode/DerivedData/TaxedGmbH_IOS-gerngfqzuwudosgobknlgtoawnlj/Index.noindex/DataStore @/Users/emanuelflury/Library/Developer/Xcode/DerivedData/TaxedGmbH_IOS-gerngfqzuwudosgobknlgtoawnlj/Build/Intermediates.noindex/Firebase.build/Debug-iphoneos/FirebaseMessaging.build/Objects-normal/arm64/e6072d4f65d7061329687fe24e3d63a7-common-args.resp -include /Users/emanuelflury/Library/Developer/Xcode/DerivedData/TaxedGmbH_IOS-gerngfqzuwudosgobknlgtoawnlj/Build/Intermediates.noindex/Firebase.build/Debug-iphoneos/FirebaseMessaging.build/DerivedSources/resource_bundle_accessor.h -MMD -MT dependencies -MF /Users/emanuelflury/Library/Developer/Xcode/DerivedData/TaxedGmbH_IOS-gerngfqzuwudosgobknlgtoawnlj/Build/Intermediates.noindex/Firebase.build/Debug-iphoneos/FirebaseMessaging.build/Objects-normal/arm64/FIRMessagingExtensionHelper.d --serialize-diagnostics /Users/emanuelflury/Library/Developer/Xcode/DerivedData/TaxedGmbH_IOS-gerngfqzuwudosgobknlgtoawnlj/Build/Intermediates.noindex/Firebase.build/Debug-iphoneos/FirebaseMessaging.build/Objects-normal/arm64/FIRMessagingExtensionHelper.dia -c /Users/emanuelflury/Library/Developer/Xcode/DerivedData/TaxedGmbH_IOS-gerngfqzuwudosgobknlgtoawnlj/SourcePackages/checkouts/firebase-ios-sdk/FirebaseMessaging/Sources/FIRMessagingExtensionHelper.m -o /Users/emanuelflury/Library/Developer/Xcode/DerivedData/TaxedGmbH_IOS-gerngfqzuwudosgobknlgtoawnlj/Build/Intermediates.noindex/Firebase.build/Debug-iphoneos/FirebaseMessaging.build/Objects-normal/arm64/FIRMessagingExtensionHelper.o -index-unit-output-path /Firebase.build/Debug-iphoneos/FirebaseMessaging.build/Objects-normal/arm64/FIRMessagingExtensionHelper.o

CompileC /Users/emanuelflury/Library/Developer/Xcode/DerivedData/TaxedGmbH_IOS-gerngfqzuwudosgobknlgtoawnlj/Build/Intermediates.noindex/Firebase.build/Debug-iphoneos/FirebaseMessaging.build/Objects-normal/arm64/FIRMessagingCheckinService.o /Users/emanuelflury/Library/Developer/Xcode/DerivedData/TaxedGmbH_IOS-gerngfqzuwudosgobknlgtoawnlj/SourcePackages/checkouts/firebase-ios-sdk/FirebaseMessaging/Sources/Token/FIRMessagingCheckinService.m normal arm64 objective-c com.apple.compilers.llvm.clang.1_0.compiler (in target 'FirebaseMessaging' from project 'Firebase')
    cd /Users/emanuelflury/github/TaxedGmbH_IOS/TaxedGmbH_IOS.xcodeproj
    
    Using response file: /Users/emanuelflury/Library/Developer/Xcode/DerivedData/TaxedGmbH_IOS-gerngfqzuwudosgobknlgtoawnlj/Build/Intermediates.noindex/Firebase.build/Debug-iphoneos/FirebaseMessaging.build/Objects-normal/arm64/e6072d4f65d7061329687fe24e3d63a7-common-args.resp
    
    /Applications/Xcode.app/Contents/Developer/Toolchains/XcodeDefault.xctoolchain/usr/bin/clang -x objective-c -ivfsstatcache /Users/emanuelflury/Library/Developer/Xcode/DerivedData/SDKStatCaches.noindex/iphoneos26.1-23B77-69b33fc7382b27d9b5d46e82a00f8e78.sdkstatcache -fmessage-length\=0 -fdiagnostics-show-note-include-stack -fmacro-backtrace-limit\=0 -fno-color-diagnostics -fmodules-prune-interval\=86400 -fmodules-prune-after\=345600 -fbuild-session-file\=/Users/emanuelflury/Library/Developer/Xcode/DerivedData/ModuleCache.noindex/Session.modulevalidation -fmodules-validate-once-per-build-session -Wnon-modular-include-in-framework-module -Werror\=non-modular-include-in-framework-module -Wno-trigraphs -Wno-missing-field-initializers -Wno-missing-prototypes -Wno-return-type -Wno-implicit-atomic-properties -Wno-objc-interface-ivars -Wno-arc-repeated-use-of-weak -Wno-missing-braces -Wparentheses -Wswitch -Wno-unused-function -Wno-unused-label -Wno-unused-parameter -Wno-unused-variable -Wunused-value -Wno-empty-body -Wno-uninitialized -Wno-unknown-pragmas -w -Wno-shadow -Wno-four-char-constants -Wno-conversion -Wno-constant-conversion -Wno-int-conversion -Wno-bool-conversion -Wno-enum-conversion -Wno-float-conversion -Wno-non-literal-null-conversion -Wno-objc-literal-conversion -Wshorten-64-to-32 -Wpointer-sign -Wno-newline-eof -Wno-selector -Wno-strict-selector-match -Wno-undeclared-selector -Wno-deprecated-implementations -Wno-implicit-fallthrough -fstrict-aliasing -Wprotocol -Wdeprecated-declarations -Wno-sign-conversion -Wno-infinite-recursion -Wno-comma -Wno-block-capture-autoreleasing -Wno-strict-prototypes -Wno-semicolon-before-method-body -index-store-path /Users/emanuelflury/Library/Developer/Xcode/DerivedData/TaxedGmbH_IOS-gerngfqzuwudosgobknlgtoawnlj/Index.noindex/DataStore @/Users/emanuelflury/Library/Developer/Xcode/DerivedData/TaxedGmbH_IOS-gerngfqzuwudosgobknlgtoawnlj/Build/Intermediates.noindex/Firebase.build/Debug-iphoneos/FirebaseMessaging.build/Objects-normal/arm64/e6072d4f65d7061329687fe24e3d63a7-common-args.resp -include /Users/emanuelflury/Library/Developer/Xcode/DerivedData/TaxedGmbH_IOS-gerngfqzuwudosgobknlgtoawnlj/Build/Intermediates.noindex/Firebase.build/Debug-iphoneos/FirebaseMessaging.build/DerivedSources/resource_bundle_accessor.h -MMD -MT dependencies -MF /Users/emanuelflury/Library/Developer/Xcode/DerivedData/TaxedGmbH_IOS-gerngfqzuwudosgobknlgtoawnlj/Build/Intermediates.noindex/Firebase.build/Debug-iphoneos/FirebaseMessaging.build/Objects-normal/arm64/FIRMessagingCheckinService.d --serialize-diagnostics /Users/emanuelflury/Library/Developer/Xcode/DerivedData/TaxedGmbH_IOS-gerngfqzuwudosgobknlgtoawnlj/Build/Intermediates.noindex/Firebase.build/Debug-iphoneos/FirebaseMessaging.build/Objects-normal/arm64/FIRMessagingCheckinService.dia -c /Users/emanuelflury/Library/Developer/Xcode/DerivedData/TaxedGmbH_IOS-gerngfqzuwudosgobknlgtoawnlj/SourcePackages/checkouts/firebase-ios-sdk/FirebaseMessaging/Sources/Token/FIRMessagingCheckinService.m -o /Users/emanuelflury/Library/Developer/Xcode/DerivedData/TaxedGmbH_IOS-gerngfqzuwudosgobknlgtoawnlj/Build/Intermediates.noindex/Firebase.build/Debug-iphoneos/FirebaseMessaging.build/Objects-normal/arm64/FIRMessagingCheckinService.o -index-unit-output-path /Firebase.build/Debug-iphoneos/FirebaseMessaging.build/Objects-normal/arm64/FIRMessagingCheckinService.o

PrecompileModule /Users/emanuelflury/Library/Developer/Xcode/DerivedData/TaxedGmbH_IOS-gerngfqzuwudosgobknlgtoawnlj/Build/Intermediates.noindex/ExplicitPrecompiledModules/Metal-21GD8OM6ONVWG0CM6SQK0R4OJ.scan
    cd /
    builtin-precompileModule /Users/emanuelflury/Library/Developer/Xcode/DerivedData/TaxedGmbH_IOS-gerngfqzuwudosgobknlgtoawnlj/Build/Intermediates.noindex/ExplicitPrecompiledModules/Metal-21GD8OM6ONVWG0CM6SQK0R4OJ.scan

PrecompileModule /Users/emanuelflury/Library/Developer/Xcode/DerivedData/TaxedGmbH_IOS-gerngfqzuwudosgobknlgtoawnlj/Build/Intermediates.noindex/ExplicitPrecompiledModules/OpenGLES-5R5RY76U9P30JXIK0YRICU2VJ.scan
    cd /
    builtin-precompileModule /Users/emanuelflury/Library/Developer/Xcode/DerivedData/TaxedGmbH_IOS-gerngfqzuwudosgobknlgtoawnlj/Build/Intermediates.noindex/ExplicitPrecompiledModules/OpenGLES-5R5RY76U9P30JXIK0YRICU2VJ.scan

SwiftEmitModule normal arm64 Emitting\ module\ for\ FirebaseFunctions (in target 'FirebaseFunctions' from project 'Firebase')
EmitSwiftModule normal arm64 (in target 'FirebaseFunctions' from project 'Firebase')
    cd /Users/emanuelflury/github/TaxedGmbH_IOS/TaxedGmbH_IOS.xcodeproj
    

SwiftCompile normal arm64 Compiling\ FunctionsContext.swift /Users/emanuelflury/Library/Developer/Xcode/DerivedData/TaxedGmbH_IOS-gerngfqzuwudosgobknlgtoawnlj/SourcePackages/checkouts/firebase-ios-sdk/FirebaseFunctions/Sources/Internal/FunctionsContext.swift (in target 'FirebaseFunctions' from project 'Firebase')
SwiftCompile normal arm64 /Users/emanuelflury/Library/Developer/Xcode/DerivedData/TaxedGmbH_IOS-gerngfqzuwudosgobknlgtoawnlj/SourcePackages/checkouts/firebase-ios-sdk/FirebaseFunctions/Sources/Internal/FunctionsContext.swift (in target 'FirebaseFunctions' from project 'Firebase')
    cd /Users/emanuelflury/github/TaxedGmbH_IOS/TaxedGmbH_IOS.xcodeproj
    

SwiftCompile normal arm64 Compiling\ FunctionsError.swift /Users/emanuelflury/Library/Developer/Xcode/DerivedData/TaxedGmbH_IOS-gerngfqzuwudosgobknlgtoawnlj/SourcePackages/checkouts/firebase-ios-sdk/FirebaseFunctions/Sources/FunctionsError.swift (in target 'FirebaseFunctions' from project 'Firebase')
SwiftCompile normal arm64 /Users/emanuelflury/Library/Developer/Xcode/DerivedData/TaxedGmbH_IOS-gerngfqzuwudosgobknlgtoawnlj/SourcePackages/checkouts/firebase-ios-sdk/FirebaseFunctions/Sources/FunctionsError.swift (in target 'FirebaseFunctions' from project 'Firebase')
    cd /Users/emanuelflury/github/TaxedGmbH_IOS/TaxedGmbH_IOS.xcodeproj
    

SwiftCompile normal arm64 Compiling\ HTTPSCallableOptions.swift /Users/emanuelflury/Library/Developer/Xcode/DerivedData/TaxedGmbH_IOS-gerngfqzuwudosgobknlgtoawnlj/SourcePackages/checkouts/firebase-ios-sdk/FirebaseFunctions/Sources/HTTPSCallableOptions.swift (in target 'FirebaseFunctions' from project 'Firebase')

SwiftCompile normal arm64 /Users/emanuelflury/Library/Developer/Xcode/DerivedData/TaxedGmbH_IOS-gerngfqzuwudosgobknlgtoawnlj/SourcePackages/checkouts/firebase-ios-sdk/FirebaseFunctions/Sources/HTTPSCallableOptions.swift (in target 'FirebaseFunctions' from project 'Firebase')
    cd /Users/emanuelflury/github/TaxedGmbH_IOS/TaxedGmbH_IOS.xcodeproj
    

SwiftCompile normal arm64 Compiling\ FunctionsSerializer.swift /Users/emanuelflury/Library/Developer/Xcode/DerivedData/TaxedGmbH_IOS-gerngfqzuwudosgobknlgtoawnlj/SourcePackages/checkouts/firebase-ios-sdk/FirebaseFunctions/Sources/Internal/FunctionsSerializer.swift (in target 'FirebaseFunctions' from project 'Firebase')
SwiftCompile normal arm64 /Users/emanuelflury/Library/Developer/Xcode/DerivedData/TaxedGmbH_IOS-gerngfqzuwudosgobknlgtoawnlj/SourcePackages/checkouts/firebase-ios-sdk/FirebaseFunctions/Sources/Internal/FunctionsSerializer.swift (in target 'FirebaseFunctions' from project 'Firebase')
    cd /Users/emanuelflury/github/TaxedGmbH_IOS/TaxedGmbH_IOS.xcodeproj
    

PrecompileModule /Users/emanuelflury/Library/Developer/Xcode/DerivedData/TaxedGmbH_IOS-gerngfqzuwudosgobknlgtoawnlj/Build/Intermediates.noindex/ExplicitPrecompiledModules/_Builtin_stdint-8EN60MQJH0WP37SMJ9I8CYQTY.scan
    cd /
    builtin-precompileModule /Users/emanuelflury/Library/Developer/Xcode/DerivedData/TaxedGmbH_IOS-gerngfqzuwudosgobknlgtoawnlj/Build/Intermediates.noindex/ExplicitPrecompiledModules/_Builtin_stdint-8EN60MQJH0WP37SMJ9I8CYQTY.scan

SwiftCompile normal arm64 Compiling\ HTTPSCallable.swift /Users/emanuelflury/Library/Developer/Xcode/DerivedData/TaxedGmbH_IOS-gerngfqzuwudosgobknlgtoawnlj/SourcePackages/checkouts/firebase-ios-sdk/FirebaseFunctions/Sources/HTTPSCallable.swift (in target 'FirebaseFunctions' from project 'Firebase')

SwiftCompile normal arm64 /Users/emanuelflury/Library/Developer/Xcode/DerivedData/TaxedGmbH_IOS-gerngfqzuwudosgobknlgtoawnlj/SourcePackages/checkouts/firebase-ios-sdk/FirebaseFunctions/Sources/HTTPSCallable.swift (in target 'FirebaseFunctions' from project 'Firebase')
    cd /Users/emanuelflury/github/TaxedGmbH_IOS/TaxedGmbH_IOS.xcodeproj
    

SwiftCompile normal arm64 Compiling\ Callable+Codable.swift /Users/emanuelflury/Library/Developer/Xcode/DerivedData/TaxedGmbH_IOS-gerngfqzuwudosgobknlgtoawnlj/SourcePackages/checkouts/firebase-ios-sdk/FirebaseFunctions/Sources/Callable+Codable.swift (in target 'FirebaseFunctions' from project 'Firebase')
SwiftCompile normal arm64 /Users/emanuelflury/Library/Developer/Xcode/DerivedData/TaxedGmbH_IOS-gerngfqzuwudosgobknlgtoawnlj/SourcePackages/checkouts/firebase-ios-sdk/FirebaseFunctions/Sources/Callable+Codable.swift (in target 'FirebaseFunctions' from project 'Firebase')
    cd /Users/emanuelflury/github/TaxedGmbH_IOS/TaxedGmbH_IOS.xcodeproj
    

SwiftCompile normal arm64 Compiling\ Functions.swift /Users/emanuelflury/Library/Developer/Xcode/DerivedData/TaxedGmbH_IOS-gerngfqzuwudosgobknlgtoawnlj/SourcePackages/checkouts/firebase-ios-sdk/FirebaseFunctions/Sources/Functions.swift (in target 'FirebaseFunctions' from project 'Firebase')
SwiftCompile normal arm64 /Users/emanuelflury/Library/Developer/Xcode/DerivedData/TaxedGmbH_IOS-gerngfqzuwudosgobknlgtoawnlj/SourcePackages/checkouts/firebase-ios-sdk/FirebaseFunctions/Sources/Functions.swift (in target 'FirebaseFunctions' from project 'Firebase')
    cd /Users/emanuelflury/github/TaxedGmbH_IOS/TaxedGmbH_IOS.xcodeproj
    

PrecompileModule /Users/emanuelflury/Library/Developer/Xcode/DerivedData/TaxedGmbH_IOS-gerngfqzuwudosgobknlgtoawnlj/Build/Intermediates.noindex/ExplicitPrecompiledModules/_DarwinFoundation3-54YWAVWGBQOD9BVVY8X2OPX5C.scan
    cd /
    builtin-precompileModule /Users/emanuelflury/Library/Developer/Xcode/DerivedData/TaxedGmbH_IOS-gerngfqzuwudosgobknlgtoawnlj/Build/Intermediates.noindex/ExplicitPrecompiledModules/_DarwinFoundation3-54YWAVWGBQOD9BVVY8X2OPX5C.scan

ScanDependencies /Users/emanuelflury/Library/Developer/Xcode/DerivedData/TaxedGmbH_IOS-gerngfqzuwudosgobknlgtoawnlj/Build/Intermediates.noindex/gRPC.build/Debug-iphoneos/grpcppWrapper.build/Objects-normal/arm64/resource_bundle_accessor.o /Users/emanuelflury/Library/Developer/Xcode/DerivedData/TaxedGmbH_IOS-gerngfqzuwudosgobknlgtoawnlj/Build/Intermediates.noindex/gRPC.build/Debug-iphoneos/grpcppWrapper.build/DerivedSources/resource_bundle_accessor.m normal arm64 objective-c com.apple.compilers.llvm.clang.1_0.compiler (in target 'grpcppWrapper' from project 'gRPC')
    cd /Users/emanuelflury/github/TaxedGmbH_IOS/TaxedGmbH_IOS.xcodeproj
    
    Using response file: /Users/emanuelflury/Library/Developer/Xcode/DerivedData/TaxedGmbH_IOS-gerngfqzuwudosgobknlgtoawnlj/Build/Intermediates.noindex/gRPC.build/Debug-iphoneos/grpcppWrapper.build/Objects-normal/arm64/e6072d4f65d7061329687fe24e3d63a7-common-args.resp
    
    builtin-ScanDependencies -o /Users/emanuelflury/Library/Developer/Xcode/DerivedData/TaxedGmbH_IOS-gerngfqzuwudosgobknlgtoawnlj/Build/Intermediates.noindex/gRPC.build/Debug-iphoneos/grpcppWrapper.build/Objects-normal/arm64/resource_bundle_accessor.o.scan -- /Applications/Xcode.app/Contents/Developer/Toolchains/XcodeDefault.xctoolchain/usr/bin/clang -x objective-c -ivfsstatcache /Users/emanuelflury/Library/Developer/Xcode/DerivedData/SDKStatCaches.noindex/iphoneos26.1-23B77-69b33fc7382b27d9b5d46e82a00f8e78.sdkstatcache -fmessage-length\=0 -fdiagnostics-show-note-include-stack -fmacro-backtrace-limit\=0 -fno-color-diagnostics -fmodules-prune-interval\=86400 -fmodules-prune-after\=345600 -fbuild-session-file\=/Users/emanuelflury/Library/Developer/Xcode/DerivedData/ModuleCache.noindex/Session.modulevalidation -fmodules-validate-once-per-build-session -Wnon-modular-include-in-framework-module -Werror\=non-modular-include-in-framework-module -Wno-trigraphs -Wno-missing-field-initializers -Wno-missing-prototypes -Wno-return-type -Wno-implicit-atomic-properties -Wno-objc-interface-ivars -Wno-arc-repeated-use-of-weak -Wno-missing-braces -Wparentheses -Wswitch -Wno-unused-function -Wno-unused-label -Wno-unused-parameter -Wno-unused-variable -Wunused-value -Wno-empty-body -Wno-uninitialized -Wno-unknown-pragmas -w -Wno-shadow -Wno-four-char-constants -Wno-conversion -Wno-constant-conversion -Wno-int-conversion -Wno-bool-conversion -Wno-enum-conversion -Wno-float-conversion -Wno-non-literal-null-conversion -Wno-objc-literal-conversion -Wshorten-64-to-32 -Wpointer-sign -Wno-newline-eof -Wno-selector -Wno-strict-selector-match -Wno-undeclared-selector -Wno-deprecated-implementations -Wno-implicit-fallthrough -fstrict-aliasing -Wprotocol -Wdeprecated-declarations -Wno-sign-conversion -Wno-infinite-recursion -Wno-comma -Wno-block-capture-autoreleasing -Wno-strict-prototypes -Wno-semicolon-before-method-body -index-store-path /Users/emanuelflury/Library/Developer/Xcode/DerivedData/TaxedGmbH_IOS-gerngfqzuwudosgobknlgtoawnlj/Index.noindex/DataStore @/Users/emanuelflury/Library/Developer/Xcode/DerivedData/TaxedGmbH_IOS-gerngfqzuwudosgobknlgtoawnlj/Build/Intermediates.noindex/gRPC.build/Debug-iphoneos/grpcppWrapper.build/Objects-normal/arm64/e6072d4f65d7061329687fe24e3d63a7-common-args.resp -include /Users/emanuelflury/Library/Developer/Xcode/DerivedData/TaxedGmbH_IOS-gerngfqzuwudosgobknlgtoawnlj/Build/Intermediates.noindex/gRPC.build/Debug-iphoneos/grpcppWrapper.build/DerivedSources/resource_bundle_accessor.h -MMD -MT dependencies -MF /Users/emanuelflury/Library/Developer/Xcode/DerivedData/TaxedGmbH_IOS-gerngfqzuwudosgobknlgtoawnlj/Build/Intermediates.noindex/gRPC.build/Debug-iphoneos/grpcppWrapper.build/Objects-normal/arm64/resource_bundle_accessor.d --serialize-diagnostics /Users/emanuelflury/Library/Developer/Xcode/DerivedData/TaxedGmbH_IOS-gerngfqzuwudosgobknlgtoawnlj/Build/Intermediates.noindex/gRPC.build/Debug-iphoneos/grpcppWrapper.build/Objects-normal/arm64/resource_bundle_accessor.dia -c /Users/emanuelflury/Library/Developer/Xcode/DerivedData/TaxedGmbH_IOS-gerngfqzuwudosgobknlgtoawnlj/Build/Intermediates.noindex/gRPC.build/Debug-iphoneos/grpcppWrapper.build/DerivedSources/resource_bundle_accessor.m -o /Users/emanuelflury/Library/Developer/Xcode/DerivedData/TaxedGmbH_IOS-gerngfqzuwudosgobknlgtoawnlj/Build/Intermediates.noindex/gRPC.build/Debug-iphoneos/grpcppWrapper.build/Objects-normal/arm64/resource_bundle_accessor.o -index-unit-output-path /gRPC.build/Debug-iphoneos/grpcppWrapper.build/Objects-normal/arm64/resource_bundle_accessor.o

ScanDependencies /Users/emanuelflury/Library/Developer/Xcode/DerivedData/TaxedGmbH_IOS-gerngfqzuwudosgobknlgtoawnlj/Build/Intermediates.noindex/gRPC.build/Debug-iphoneos/grpcppWrapper.build/Objects-normal/arm64/empty.o /Users/emanuelflury/Library/Developer/Xcode/DerivedData/TaxedGmbH_IOS-gerngfqzuwudosgobknlgtoawnlj/SourcePackages/checkouts/grpc-binary/grpcpp-Wrapper/empty.m normal arm64 objective-c com.apple.compilers.llvm.clang.1_0.compiler (in target 'grpcppWrapper' from project 'gRPC')
    cd /Users/emanuelflury/github/TaxedGmbH_IOS/TaxedGmbH_IOS.xcodeproj
    
    Using response file: /Users/emanuelflury/Library/Developer/Xcode/DerivedData/TaxedGmbH_IOS-gerngfqzuwudosgobknlgtoawnlj/Build/Intermediates.noindex/gRPC.build/Debug-iphoneos/grpcppWrapper.build/Objects-normal/arm64/e6072d4f65d7061329687fe24e3d63a7-common-args.resp
    
    builtin-ScanDependencies -o /Users/emanuelflury/Library/Developer/Xcode/DerivedData/TaxedGmbH_IOS-gerngfqzuwudosgobknlgtoawnlj/Build/Intermediates.noindex/gRPC.build/Debug-iphoneos/grpcppWrapper.build/Objects-normal/arm64/empty.o.scan -- /Applications/Xcode.app/Contents/Developer/Toolchains/XcodeDefault.xctoolchain/usr/bin/clang -x objective-c -ivfsstatcache /Users/emanuelflury/Library/Developer/Xcode/DerivedData/SDKStatCaches.noindex/iphoneos26.1-23B77-69b33fc7382b27d9b5d46e82a00f8e78.sdkstatcache -fmessage-length\=0 -fdiagnostics-show-note-include-stack -fmacro-backtrace-limit\=0 -fno-color-diagnostics -fmodules-prune-interval\=86400 -fmodules-prune-after\=345600 -fbuild-session-file\=/Users/emanuelflury/Library/Developer/Xcode/DerivedData/ModuleCache.noindex/Session.modulevalidation -fmodules-validate-once-per-build-session -Wnon-modular-include-in-framework-module -Werror\=non-modular-include-in-framework-module -Wno-trigraphs -Wno-missing-field-initializers -Wno-missing-prototypes -Wno-return-type -Wno-implicit-atomic-properties -Wno-objc-interface-ivars -Wno-arc-repeated-use-of-weak -Wno-missing-braces -Wparentheses -Wswitch -Wno-unused-function -Wno-unused-label -Wno-unused-parameter -Wno-unused-variable -Wunused-value -Wno-empty-body -Wno-uninitialized -Wno-unknown-pragmas -w -Wno-shadow -Wno-four-char-constants -Wno-conversion -Wno-constant-conversion -Wno-int-conversion -Wno-bool-conversion -Wno-enum-conversion -Wno-float-conversion -Wno-non-literal-null-conversion -Wno-objc-literal-conversion -Wshorten-64-to-32 -Wpointer-sign -Wno-newline-eof -Wno-selector -Wno-strict-selector-match -Wno-undeclared-selector -Wno-deprecated-implementations -Wno-implicit-fallthrough -fstrict-aliasing -Wprotocol -Wdeprecated-declarations -Wno-sign-conversion -Wno-infinite-recursion -Wno-comma -Wno-block-capture-autoreleasing -Wno-strict-prototypes -Wno-semicolon-before-method-body -index-store-path /Users/emanuelflury/Library/Developer/Xcode/DerivedData/TaxedGmbH_IOS-gerngfqzuwudosgobknlgtoawnlj/Index.noindex/DataStore @/Users/emanuelflury/Library/Developer/Xcode/DerivedData/TaxedGmbH_IOS-gerngfqzuwudosgobknlgtoawnlj/Build/Intermediates.noindex/gRPC.build/Debug-iphoneos/grpcppWrapper.build/Objects-normal/arm64/e6072d4f65d7061329687fe24e3d63a7-common-args.resp -include /Users/emanuelflury/Library/Developer/Xcode/DerivedData/TaxedGmbH_IOS-gerngfqzuwudosgobknlgtoawnlj/Build/Intermediates.noindex/gRPC.build/Debug-iphoneos/grpcppWrapper.build/DerivedSources/resource_bundle_accessor.h -MMD -MT dependencies -MF /Users/emanuelflury/Library/Developer/Xcode/DerivedData/TaxedGmbH_IOS-gerngfqzuwudosgobknlgtoawnlj/Build/Intermediates.noindex/gRPC.build/Debug-iphoneos/grpcppWrapper.build/Objects-normal/arm64/empty.d --serialize-diagnostics /Users/emanuelflury/Library/Developer/Xcode/DerivedData/TaxedGmbH_IOS-gerngfqzuwudosgobknlgtoawnlj/Build/Intermediates.noindex/gRPC.build/Debug-iphoneos/grpcppWrapper.build/Objects-normal/arm64/empty.dia -c /Users/emanuelflury/Library/Developer/Xcode/DerivedData/TaxedGmbH_IOS-gerngfqzuwudosgobknlgtoawnlj/SourcePackages/checkouts/grpc-binary/grpcpp-Wrapper/empty.m -o /Users/emanuelflury/Library/Developer/Xcode/DerivedData/TaxedGmbH_IOS-gerngfqzuwudosgobknlgtoawnlj/Build/Intermediates.noindex/gRPC.build/Debug-iphoneos/grpcppWrapper.build/Objects-normal/arm64/empty.o -index-unit-output-path /gRPC.build/Debug-iphoneos/grpcppWrapper.build/Objects-normal/arm64/empty.o

CompileC /Users/emanuelflury/Library/Developer/Xcode/DerivedData/TaxedGmbH_IOS-gerngfqzuwudosgobknlgtoawnlj/Build/Intermediates.noindex/gRPC.build/Debug-iphoneos/grpcppWrapper.build/Objects-normal/arm64/resource_bundle_accessor.o /Users/emanuelflury/Library/Developer/Xcode/DerivedData/TaxedGmbH_IOS-gerngfqzuwudosgobknlgtoawnlj/Build/Intermediates.noindex/gRPC.build/Debug-iphoneos/grpcppWrapper.build/DerivedSources/resource_bundle_accessor.m normal arm64 objective-c com.apple.compilers.llvm.clang.1_0.compiler (in target 'grpcppWrapper' from project 'gRPC')
    cd /Users/emanuelflury/github/TaxedGmbH_IOS/TaxedGmbH_IOS.xcodeproj
    
    Using response file: /Users/emanuelflury/Library/Developer/Xcode/DerivedData/TaxedGmbH_IOS-gerngfqzuwudosgobknlgtoawnlj/Build/Intermediates.noindex/gRPC.build/Debug-iphoneos/grpcppWrapper.build/Objects-normal/arm64/e6072d4f65d7061329687fe24e3d63a7-common-args.resp
    
    /Applications/Xcode.app/Contents/Developer/Toolchains/XcodeDefault.xctoolchain/usr/bin/clang -x objective-c -ivfsstatcache /Users/emanuelflury/Library/Developer/Xcode/DerivedData/SDKStatCaches.noindex/iphoneos26.1-23B77-69b33fc7382b27d9b5d46e82a00f8e78.sdkstatcache -fmessage-length\=0 -fdiagnostics-show-note-include-stack -fmacro-backtrace-limit\=0 -fno-color-diagnostics -fmodules-prune-interval\=86400 -fmodules-prune-after\=345600 -fbuild-session-file\=/Users/emanuelflury/Library/Developer/Xcode/DerivedData/ModuleCache.noindex/Session.modulevalidation -fmodules-validate-once-per-build-session -Wnon-modular-include-in-framework-module -Werror\=non-modular-include-in-framework-module -Wno-trigraphs -Wno-missing-field-initializers -Wno-missing-prototypes -Wno-return-type -Wno-implicit-atomic-properties -Wno-objc-interface-ivars -Wno-arc-repeated-use-of-weak -Wno-missing-braces -Wparentheses -Wswitch -Wno-unused-function -Wno-unused-label -Wno-unused-parameter -Wno-unused-variable -Wunused-value -Wno-empty-body -Wno-uninitialized -Wno-unknown-pragmas -w -Wno-shadow -Wno-four-char-constants -Wno-conversion -Wno-constant-conversion -Wno-int-conversion -Wno-bool-conversion -Wno-enum-conversion -Wno-float-conversion -Wno-non-literal-null-conversion -Wno-objc-literal-conversion -Wshorten-64-to-32 -Wpointer-sign -Wno-newline-eof -Wno-selector -Wno-strict-selector-match -Wno-undeclared-selector -Wno-deprecated-implementations -Wno-implicit-fallthrough -fstrict-aliasing -Wprotocol -Wdeprecated-declarations -Wno-sign-conversion -Wno-infinite-recursion -Wno-comma -Wno-block-capture-autoreleasing -Wno-strict-prototypes -Wno-semicolon-before-method-body -index-store-path /Users/emanuelflury/Library/Developer/Xcode/DerivedData/TaxedGmbH_IOS-gerngfqzuwudosgobknlgtoawnlj/Index.noindex/DataStore @/Users/emanuelflury/Library/Developer/Xcode/DerivedData/TaxedGmbH_IOS-gerngfqzuwudosgobknlgtoawnlj/Build/Intermediates.noindex/gRPC.build/Debug-iphoneos/grpcppWrapper.build/Objects-normal/arm64/e6072d4f65d7061329687fe24e3d63a7-common-args.resp -include /Users/emanuelflury/Library/Developer/Xcode/DerivedData/TaxedGmbH_IOS-gerngfqzuwudosgobknlgtoawnlj/Build/Intermediates.noindex/gRPC.build/Debug-iphoneos/grpcppWrapper.build/DerivedSources/resource_bundle_accessor.h -MMD -MT dependencies -MF /Users/emanuelflury/Library/Developer/Xcode/DerivedData/TaxedGmbH_IOS-gerngfqzuwudosgobknlgtoawnlj/Build/Intermediates.noindex/gRPC.build/Debug-iphoneos/grpcppWrapper.build/Objects-normal/arm64/resource_bundle_accessor.d --serialize-diagnostics /Users/emanuelflury/Library/Developer/Xcode/DerivedData/TaxedGmbH_IOS-gerngfqzuwudosgobknlgtoawnlj/Build/Intermediates.noindex/gRPC.build/Debug-iphoneos/grpcppWrapper.build/Objects-normal/arm64/resource_bundle_accessor.dia -c /Users/emanuelflury/Library/Developer/Xcode/DerivedData/TaxedGmbH_IOS-gerngfqzuwudosgobknlgtoawnlj/Build/Intermediates.noindex/gRPC.build/Debug-iphoneos/grpcppWrapper.build/DerivedSources/resource_bundle_accessor.m -o /Users/emanuelflury/Library/Developer/Xcode/DerivedData/TaxedGmbH_IOS-gerngfqzuwudosgobknlgtoawnlj/Build/Intermediates.noindex/gRPC.build/Debug-iphoneos/grpcppWrapper.build/Objects-normal/arm64/resource_bundle_accessor.o -index-unit-output-path /gRPC.build/Debug-iphoneos/grpcppWrapper.build/Objects-normal/arm64/resource_bundle_accessor.o

CompileC /Users/emanuelflury/Library/Developer/Xcode/DerivedData/TaxedGmbH_IOS-gerngfqzuwudosgobknlgtoawnlj/Build/Intermediates.noindex/gRPC.build/Debug-iphoneos/grpcppWrapper.build/Objects-normal/arm64/empty.o /Users/emanuelflury/Library/Developer/Xcode/DerivedData/TaxedGmbH_IOS-gerngfqzuwudosgobknlgtoawnlj/SourcePackages/checkouts/grpc-binary/grpcpp-Wrapper/empty.m normal arm64 objective-c com.apple.compilers.llvm.clang.1_0.compiler (in target 'grpcppWrapper' from project 'gRPC')
    cd /Users/emanuelflury/github/TaxedGmbH_IOS/TaxedGmbH_IOS.xcodeproj
    
    Using response file: /Users/emanuelflury/Library/Developer/Xcode/DerivedData/TaxedGmbH_IOS-gerngfqzuwudosgobknlgtoawnlj/Build/Intermediates.noindex/gRPC.build/Debug-iphoneos/grpcppWrapper.build/Objects-normal/arm64/e6072d4f65d7061329687fe24e3d63a7-common-args.resp
    
    /Applications/Xcode.app/Contents/Developer/Toolchains/XcodeDefault.xctoolchain/usr/bin/clang -x objective-c -ivfsstatcache /Users/emanuelflury/Library/Developer/Xcode/DerivedData/SDKStatCaches.noindex/iphoneos26.1-23B77-69b33fc7382b27d9b5d46e82a00f8e78.sdkstatcache -fmessage-length\=0 -fdiagnostics-show-note-include-stack -fmacro-backtrace-limit\=0 -fno-color-diagnostics -fmodules-prune-interval\=86400 -fmodules-prune-after\=345600 -fbuild-session-file\=/Users/emanuelflury/Library/Developer/Xcode/DerivedData/ModuleCache.noindex/Session.modulevalidation -fmodules-validate-once-per-build-session -Wnon-modular-include-in-framework-module -Werror\=non-modular-include-in-framework-module -Wno-trigraphs -Wno-missing-field-initializers -Wno-missing-prototypes -Wno-return-type -Wno-implicit-atomic-properties -Wno-objc-interface-ivars -Wno-arc-repeated-use-of-weak -Wno-missing-braces -Wparentheses -Wswitch -Wno-unused-function -Wno-unused-label -Wno-unused-parameter -Wno-unused-variable -Wunused-value -Wno-empty-body -Wno-uninitialized -Wno-unknown-pragmas -w -Wno-shadow -Wno-four-char-constants -Wno-conversion -Wno-constant-conversion -Wno-int-conversion -Wno-bool-conversion -Wno-enum-conversion -Wno-float-conversion -Wno-non-literal-null-conversion -Wno-objc-literal-conversion -Wshorten-64-to-32 -Wpointer-sign -Wno-newline-eof -Wno-selector -Wno-strict-selector-match -Wno-undeclared-selector -Wno-deprecated-implementations -Wno-implicit-fallthrough -fstrict-aliasing -Wprotocol -Wdeprecated-declarations -Wno-sign-conversion -Wno-infinite-recursion -Wno-comma -Wno-block-capture-autoreleasing -Wno-strict-prototypes -Wno-semicolon-before-method-body -index-store-path /Users/emanuelflury/Library/Developer/Xcode/DerivedData/TaxedGmbH_IOS-gerngfqzuwudosgobknlgtoawnlj/Index.noindex/DataStore @/Users/emanuelflury/Library/Developer/Xcode/DerivedData/TaxedGmbH_IOS-gerngfqzuwudosgobknlgtoawnlj/Build/Intermediates.noindex/gRPC.build/Debug-iphoneos/grpcppWrapper.build/Objects-normal/arm64/e6072d4f65d7061329687fe24e3d63a7-common-args.resp -include /Users/emanuelflury/Library/Developer/Xcode/DerivedData/TaxedGmbH_IOS-gerngfqzuwudosgobknlgtoawnlj/Build/Intermediates.noindex/gRPC.build/Debug-iphoneos/grpcppWrapper.build/DerivedSources/resource_bundle_accessor.h -MMD -MT dependencies -MF /Users/emanuelflury/Library/Developer/Xcode/DerivedData/TaxedGmbH_IOS-gerngfqzuwudosgobknlgtoawnlj/Build/Intermediates.noindex/gRPC.build/Debug-iphoneos/grpcppWrapper.build/Objects-normal/arm64/empty.d --serialize-diagnostics /Users/emanuelflury/Library/Developer/Xcode/DerivedData/TaxedGmbH_IOS-gerngfqzuwudosgobknlgtoawnlj/Build/Intermediates.noindex/gRPC.build/Debug-iphoneos/grpcppWrapper.build/Objects-normal/arm64/empty.dia -c /Users/emanuelflury/Library/Developer/Xcode/DerivedData/TaxedGmbH_IOS-gerngfqzuwudosgobknlgtoawnlj/SourcePackages/checkouts/grpc-binary/grpcpp-Wrapper/empty.m -o /Users/emanuelflury/Library/Developer/Xcode/DerivedData/TaxedGmbH_IOS-gerngfqzuwudosgobknlgtoawnlj/Build/Intermediates.noindex/gRPC.build/Debug-iphoneos/grpcppWrapper.build/Objects-normal/arm64/empty.o -index-unit-output-path /gRPC.build/Debug-iphoneos/grpcppWrapper.build/Objects-normal/arm64/empty.o

PrecompileModule /Users/emanuelflury/Library/Developer/Xcode/DerivedData/TaxedGmbH_IOS-gerngfqzuwudosgobknlgtoawnlj/Build/Intermediates.noindex/ExplicitPrecompiledModules/_Builtin_inttypes-BYU7FDZK7HJ764025J7SU5U38.scan
    cd /
    builtin-precompileModule /Users/emanuelflury/Library/Developer/Xcode/DerivedData/TaxedGmbH_IOS-gerngfqzuwudosgobknlgtoawnlj/Build/Intermediates.noindex/ExplicitPrecompiledModules/_Builtin_inttypes-BYU7FDZK7HJ764025J7SU5U38.scan

ScanDependencies /Users/emanuelflury/Library/Developer/Xcode/DerivedData/TaxedGmbH_IOS-gerngfqzuwudosgobknlgtoawnlj/Build/Intermediates.noindex/gRPC.build/Debug-iphoneos/grpcWrapper.build/Objects-normal/arm64/resource_bundle_accessor.o /Users/emanuelflury/Library/Developer/Xcode/DerivedData/TaxedGmbH_IOS-gerngfqzuwudosgobknlgtoawnlj/Build/Intermediates.noindex/gRPC.build/Debug-iphoneos/grpcWrapper.build/DerivedSources/resource_bundle_accessor.m normal arm64 objective-c com.apple.compilers.llvm.clang.1_0.compiler (in target 'grpcWrapper' from project 'gRPC')
    cd /Users/emanuelflury/github/TaxedGmbH_IOS/TaxedGmbH_IOS.xcodeproj
    
    Using response file: /Users/emanuelflury/Library/Developer/Xcode/DerivedData/TaxedGmbH_IOS-gerngfqzuwudosgobknlgtoawnlj/Build/Intermediates.noindex/gRPC.build/Debug-iphoneos/grpcWrapper.build/Objects-normal/arm64/e6072d4f65d7061329687fe24e3d63a7-common-args.resp
    
    builtin-ScanDependencies -o /Users/emanuelflury/Library/Developer/Xcode/DerivedData/TaxedGmbH_IOS-gerngfqzuwudosgobknlgtoawnlj/Build/Intermediates.noindex/gRPC.build/Debug-iphoneos/grpcWrapper.build/Objects-normal/arm64/resource_bundle_accessor.o.scan -- /Applications/Xcode.app/Contents/Developer/Toolchains/XcodeDefault.xctoolchain/usr/bin/clang -x objective-c -ivfsstatcache /Users/emanuelflury/Library/Developer/Xcode/DerivedData/SDKStatCaches.noindex/iphoneos26.1-23B77-69b33fc7382b27d9b5d46e82a00f8e78.sdkstatcache -fmessage-length\=0 -fdiagnostics-show-note-include-stack -fmacro-backtrace-limit\=0 -fno-color-diagnostics -fmodules-prune-interval\=86400 -fmodules-prune-after\=345600 -fbuild-session-file\=/Users/emanuelflury/Library/Developer/Xcode/DerivedData/ModuleCache.noindex/Session.modulevalidation -fmodules-validate-once-per-build-session -Wnon-modular-include-in-framework-module -Werror\=non-modular-include-in-framework-module -Wno-trigraphs -Wno-missing-field-initializers -Wno-missing-prototypes -Wno-return-type -Wno-implicit-atomic-properties -Wno-objc-interface-ivars -Wno-arc-repeated-use-of-weak -Wno-missing-braces -Wparentheses -Wswitch -Wno-unused-function -Wno-unused-label -Wno-unused-parameter -Wno-unused-variable -Wunused-value -Wno-empty-body -Wno-uninitialized -Wno-unknown-pragmas -w -Wno-shadow -Wno-four-char-constants -Wno-conversion -Wno-constant-conversion -Wno-int-conversion -Wno-bool-conversion -Wno-enum-conversion -Wno-float-conversion -Wno-non-literal-null-conversion -Wno-objc-literal-conversion -Wshorten-64-to-32 -Wpointer-sign -Wno-newline-eof -Wno-selector -Wno-strict-selector-match -Wno-undeclared-selector -Wno-deprecated-implementations -Wno-implicit-fallthrough -fstrict-aliasing -Wprotocol -Wdeprecated-declarations -Wno-sign-conversion -Wno-infinite-recursion -Wno-comma -Wno-block-capture-autoreleasing -Wno-strict-prototypes -Wno-semicolon-before-method-body -index-store-path /Users/emanuelflury/Library/Developer/Xcode/DerivedData/TaxedGmbH_IOS-gerngfqzuwudosgobknlgtoawnlj/Index.noindex/DataStore @/Users/emanuelflury/Library/Developer/Xcode/DerivedData/TaxedGmbH_IOS-gerngfqzuwudosgobknlgtoawnlj/Build/Intermediates.noindex/gRPC.build/Debug-iphoneos/grpcWrapper.build/Objects-normal/arm64/e6072d4f65d7061329687fe24e3d63a7-common-args.resp -include /Users/emanuelflury/Library/Developer/Xcode/DerivedData/TaxedGmbH_IOS-gerngfqzuwudosgobknlgtoawnlj/Build/Intermediates.noindex/gRPC.build/Debug-iphoneos/grpcWrapper.build/DerivedSources/resource_bundle_accessor.h -MMD -MT dependencies -MF /Users/emanuelflury/Library/Developer/Xcode/DerivedData/TaxedGmbH_IOS-gerngfqzuwudosgobknlgtoawnlj/Build/Intermediates.noindex/gRPC.build/Debug-iphoneos/grpcWrapper.build/Objects-normal/arm64/resource_bundle_accessor.d --serialize-diagnostics /Users/emanuelflury/Library/Developer/Xcode/DerivedData/TaxedGmbH_IOS-gerngfqzuwudosgobknlgtoawnlj/Build/Intermediates.noindex/gRPC.build/Debug-iphoneos/grpcWrapper.build/Objects-normal/arm64/resource_bundle_accessor.dia -c /Users/emanuelflury/Library/Developer/Xcode/DerivedData/TaxedGmbH_IOS-gerngfqzuwudosgobknlgtoawnlj/Build/Intermediates.noindex/gRPC.build/Debug-iphoneos/grpcWrapper.build/DerivedSources/resource_bundle_accessor.m -o /Users/emanuelflury/Library/Developer/Xcode/DerivedData/TaxedGmbH_IOS-gerngfqzuwudosgobknlgtoawnlj/Build/Intermediates.noindex/gRPC.build/Debug-iphoneos/grpcWrapper.build/Objects-normal/arm64/resource_bundle_accessor.o -index-unit-output-path /gRPC.build/Debug-iphoneos/grpcWrapper.build/Objects-normal/arm64/resource_bundle_accessor.o

ScanDependencies /Users/emanuelflury/Library/Developer/Xcode/DerivedData/TaxedGmbH_IOS-gerngfqzuwudosgobknlgtoawnlj/Build/Intermediates.noindex/gRPC.build/Debug-iphoneos/grpcWrapper.build/Objects-normal/arm64/empty.o /Users/emanuelflury/Library/Developer/Xcode/DerivedData/TaxedGmbH_IOS-gerngfqzuwudosgobknlgtoawnlj/SourcePackages/checkouts/grpc-binary/grpc-Wrapper/empty.m normal arm64 objective-c com.apple.compilers.llvm.clang.1_0.compiler (in target 'grpcWrapper' from project 'gRPC')
    cd /Users/emanuelflury/github/TaxedGmbH_IOS/TaxedGmbH_IOS.xcodeproj
    
    Using response file: /Users/emanuelflury/Library/Developer/Xcode/DerivedData/TaxedGmbH_IOS-gerngfqzuwudosgobknlgtoawnlj/Build/Intermediates.noindex/gRPC.build/Debug-iphoneos/grpcWrapper.build/Objects-normal/arm64/e6072d4f65d7061329687fe24e3d63a7-common-args.resp
    
    builtin-ScanDependencies -o /Users/emanuelflury/Library/Developer/Xcode/DerivedData/TaxedGmbH_IOS-gerngfqzuwudosgobknlgtoawnlj/Build/Intermediates.noindex/gRPC.build/Debug-iphoneos/grpcWrapper.build/Objects-normal/arm64/empty.o.scan -- /Applications/Xcode.app/Contents/Developer/Toolchains/XcodeDefault.xctoolchain/usr/bin/clang -x objective-c -ivfsstatcache /Users/emanuelflury/Library/Developer/Xcode/DerivedData/SDKStatCaches.noindex/iphoneos26.1-23B77-69b33fc7382b27d9b5d46e82a00f8e78.sdkstatcache -fmessage-length\=0 -fdiagnostics-show-note-include-stack -fmacro-backtrace-limit\=0 -fno-color-diagnostics -fmodules-prune-interval\=86400 -fmodules-prune-after\=345600 -fbuild-session-file\=/Users/emanuelflury/Library/Developer/Xcode/DerivedData/ModuleCache.noindex/Session.modulevalidation -fmodules-validate-once-per-build-session -Wnon-modular-include-in-framework-module -Werror\=non-modular-include-in-framework-module -Wno-trigraphs -Wno-missing-field-initializers -Wno-missing-prototypes -Wno-return-type -Wno-implicit-atomic-properties -Wno-objc-interface-ivars -Wno-arc-repeated-use-of-weak -Wno-missing-braces -Wparentheses -Wswitch -Wno-unused-function -Wno-unused-label -Wno-unused-parameter -Wno-unused-variable -Wunused-value -Wno-empty-body -Wno-uninitialized -Wno-unknown-pragmas -w -Wno-shadow -Wno-four-char-constants -Wno-conversion -Wno-constant-conversion -Wno-int-conversion -Wno-bool-conversion -Wno-enum-conversion -Wno-float-conversion -Wno-non-literal-null-conversion -Wno-objc-literal-conversion -Wshorten-64-to-32 -Wpointer-sign -Wno-newline-eof -Wno-selector -Wno-strict-selector-match -Wno-undeclared-selector -Wno-deprecated-implementations -Wno-implicit-fallthrough -fstrict-aliasing -Wprotocol -Wdeprecated-declarations -Wno-sign-conversion -Wno-infinite-recursion -Wno-comma -Wno-block-capture-autoreleasing -Wno-strict-prototypes -Wno-semicolon-before-method-body -index-store-path /Users/emanuelflury/Library/Developer/Xcode/DerivedData/TaxedGmbH_IOS-gerngfqzuwudosgobknlgtoawnlj/Index.noindex/DataStore @/Users/emanuelflury/Library/Developer/Xcode/DerivedData/TaxedGmbH_IOS-gerngfqzuwudosgobknlgtoawnlj/Build/Intermediates.noindex/gRPC.build/Debug-iphoneos/grpcWrapper.build/Objects-normal/arm64/e6072d4f65d7061329687fe24e3d63a7-common-args.resp -include /Users/emanuelflury/Library/Developer/Xcode/DerivedData/TaxedGmbH_IOS-gerngfqzuwudosgobknlgtoawnlj/Build/Intermediates.noindex/gRPC.build/Debug-iphoneos/grpcWrapper.build/DerivedSources/resource_bundle_accessor.h -MMD -MT dependencies -MF /Users/emanuelflury/Library/Developer/Xcode/DerivedData/TaxedGmbH_IOS-gerngfqzuwudosgobknlgtoawnlj/Build/Intermediates.noindex/gRPC.build/Debug-iphoneos/grpcWrapper.build/Objects-normal/arm64/empty.d --serialize-diagnostics /Users/emanuelflury/Library/Developer/Xcode/DerivedData/TaxedGmbH_IOS-gerngfqzuwudosgobknlgtoawnlj/Build/Intermediates.noindex/gRPC.build/Debug-iphoneos/grpcWrapper.build/Objects-normal/arm64/empty.dia -c /Users/emanuelflury/Library/Developer/Xcode/DerivedData/TaxedGmbH_IOS-gerngfqzuwudosgobknlgtoawnlj/SourcePackages/checkouts/grpc-binary/grpc-Wrapper/empty.m -o /Users/emanuelflury/Library/Developer/Xcode/DerivedData/TaxedGmbH_IOS-gerngfqzuwudosgobknlgtoawnlj/Build/Intermediates.noindex/gRPC.build/Debug-iphoneos/grpcWrapper.build/Objects-normal/arm64/empty.o -index-unit-output-path /gRPC.build/Debug-iphoneos/grpcWrapper.build/Objects-normal/arm64/empty.o

PrecompileModule /Users/emanuelflury/Library/Developer/Xcode/DerivedData/TaxedGmbH_IOS-gerngfqzuwudosgobknlgtoawnlj/Build/Intermediates.noindex/ExplicitPrecompiledModules/Darwin-486LFFTE2H58NHDX3QV4NOZBJ.scan
    cd /
    builtin-precompileModule /Users/emanuelflury/Library/Developer/Xcode/DerivedData/TaxedGmbH_IOS-gerngfqzuwudosgobknlgtoawnlj/Build/Intermediates.noindex/ExplicitPrecompiledModules/Darwin-486LFFTE2H58NHDX3QV4NOZBJ.scan

CompileC /Users/emanuelflury/Library/Developer/Xcode/DerivedData/TaxedGmbH_IOS-gerngfqzuwudosgobknlgtoawnlj/Build/Intermediates.noindex/gRPC.build/Debug-iphoneos/grpcWrapper.build/Objects-normal/arm64/resource_bundle_accessor.o /Users/emanuelflury/Library/Developer/Xcode/DerivedData/TaxedGmbH_IOS-gerngfqzuwudosgobknlgtoawnlj/Build/Intermediates.noindex/gRPC.build/Debug-iphoneos/grpcWrapper.build/DerivedSources/resource_bundle_accessor.m normal arm64 objective-c com.apple.compilers.llvm.clang.1_0.compiler (in target 'grpcWrapper' from project 'gRPC')
    cd /Users/emanuelflury/github/TaxedGmbH_IOS/TaxedGmbH_IOS.xcodeproj
    
    Using response file: /Users/emanuelflury/Library/Developer/Xcode/DerivedData/TaxedGmbH_IOS-gerngfqzuwudosgobknlgtoawnlj/Build/Intermediates.noindex/gRPC.build/Debug-iphoneos/grpcWrapper.build/Objects-normal/arm64/e6072d4f65d7061329687fe24e3d63a7-common-args.resp
    
    /Applications/Xcode.app/Contents/Developer/Toolchains/XcodeDefault.xctoolchain/usr/bin/clang -x objective-c -ivfsstatcache /Users/emanuelflury/Library/Developer/Xcode/DerivedData/SDKStatCaches.noindex/iphoneos26.1-23B77-69b33fc7382b27d9b5d46e82a00f8e78.sdkstatcache -fmessage-length\=0 -fdiagnostics-show-note-include-stack -fmacro-backtrace-limit\=0 -fno-color-diagnostics -fmodules-prune-interval\=86400 -fmodules-prune-after\=345600 -fbuild-session-file\=/Users/emanuelflury/Library/Developer/Xcode/DerivedData/ModuleCache.noindex/Session.modulevalidation -fmodules-validate-once-per-build-session -Wnon-modular-include-in-framework-module -Werror\=non-modular-include-in-framework-module -Wno-trigraphs -Wno-missing-field-initializers -Wno-missing-prototypes -Wno-return-type -Wno-implicit-atomic-properties -Wno-objc-interface-ivars -Wno-arc-repeated-use-of-weak -Wno-missing-braces -Wparentheses -Wswitch -Wno-unused-function -Wno-unused-label -Wno-unused-parameter -Wno-unused-variable -Wunused-value -Wno-empty-body -Wno-uninitialized -Wno-unknown-pragmas -w -Wno-shadow -Wno-four-char-constants -Wno-conversion -Wno-constant-conversion -Wno-int-conversion -Wno-bool-conversion -Wno-enum-conversion -Wno-float-conversion -Wno-non-literal-null-conversion -Wno-objc-literal-conversion -Wshorten-64-to-32 -Wpointer-sign -Wno-newline-eof -Wno-selector -Wno-strict-selector-match -Wno-undeclared-selector -Wno-deprecated-implementations -Wno-implicit-fallthrough -fstrict-aliasing -Wprotocol -Wdeprecated-declarations -Wno-sign-conversion -Wno-infinite-recursion -Wno-comma -Wno-block-capture-autoreleasing -Wno-strict-prototypes -Wno-semicolon-before-method-body -index-store-path /Users/emanuelflury/Library/Developer/Xcode/DerivedData/TaxedGmbH_IOS-gerngfqzuwudosgobknlgtoawnlj/Index.noindex/DataStore @/Users/emanuelflury/Library/Developer/Xcode/DerivedData/TaxedGmbH_IOS-gerngfqzuwudosgobknlgtoawnlj/Build/Intermediates.noindex/gRPC.build/Debug-iphoneos/grpcWrapper.build/Objects-normal/arm64/e6072d4f65d7061329687fe24e3d63a7-common-args.resp -include /Users/emanuelflury/Library/Developer/Xcode/DerivedData/TaxedGmbH_IOS-gerngfqzuwudosgobknlgtoawnlj/Build/Intermediates.noindex/gRPC.build/Debug-iphoneos/grpcWrapper.build/DerivedSources/resource_bundle_accessor.h -MMD -MT dependencies -MF /Users/emanuelflury/Library/Developer/Xcode/DerivedData/TaxedGmbH_IOS-gerngfqzuwudosgobknlgtoawnlj/Build/Intermediates.noindex/gRPC.build/Debug-iphoneos/grpcWrapper.build/Objects-normal/arm64/resource_bundle_accessor.d --serialize-diagnostics /Users/emanuelflury/Library/Developer/Xcode/DerivedData/TaxedGmbH_IOS-gerngfqzuwudosgobknlgtoawnlj/Build/Intermediates.noindex/gRPC.build/Debug-iphoneos/grpcWrapper.build/Objects-normal/arm64/resource_bundle_accessor.dia -c /Users/emanuelflury/Library/Developer/Xcode/DerivedData/TaxedGmbH_IOS-gerngfqzuwudosgobknlgtoawnlj/Build/Intermediates.noindex/gRPC.build/Debug-iphoneos/grpcWrapper.build/DerivedSources/resource_bundle_accessor.m -o /Users/emanuelflury/Library/Developer/Xcode/DerivedData/TaxedGmbH_IOS-gerngfqzuwudosgobknlgtoawnlj/Build/Intermediates.noindex/gRPC.build/Debug-iphoneos/grpcWrapper.build/Objects-normal/arm64/resource_bundle_accessor.o -index-unit-output-path /gRPC.build/Debug-iphoneos/grpcWrapper.build/Objects-normal/arm64/resource_bundle_accessor.o

CompileC /Users/emanuelflury/Library/Developer/Xcode/DerivedData/TaxedGmbH_IOS-gerngfqzuwudosgobknlgtoawnlj/Build/Intermediates.noindex/gRPC.build/Debug-iphoneos/grpcWrapper.build/Objects-normal/arm64/empty.o /Users/emanuelflury/Library/Developer/Xcode/DerivedData/TaxedGmbH_IOS-gerngfqzuwudosgobknlgtoawnlj/SourcePackages/checkouts/grpc-binary/grpc-Wrapper/empty.m normal arm64 objective-c com.apple.compilers.llvm.clang.1_0.compiler (in target 'grpcWrapper' from project 'gRPC')
    cd /Users/emanuelflury/github/TaxedGmbH_IOS/TaxedGmbH_IOS.xcodeproj
    
    Using response file: /Users/emanuelflury/Library/Developer/Xcode/DerivedData/TaxedGmbH_IOS-gerngfqzuwudosgobknlgtoawnlj/Build/Intermediates.noindex/gRPC.build/Debug-iphoneos/grpcWrapper.build/Objects-normal/arm64/e6072d4f65d7061329687fe24e3d63a7-common-args.resp
    
    /Applications/Xcode.app/Contents/Developer/Toolchains/XcodeDefault.xctoolchain/usr/bin/clang -x objective-c -ivfsstatcache /Users/emanuelflury/Library/Developer/Xcode/DerivedData/SDKStatCaches.noindex/iphoneos26.1-23B77-69b33fc7382b27d9b5d46e82a00f8e78.sdkstatcache -fmessage-length\=0 -fdiagnostics-show-note-include-stack -fmacro-backtrace-limit\=0 -fno-color-diagnostics -fmodules-prune-interval\=86400 -fmodules-prune-after\=345600 -fbuild-session-file\=/Users/emanuelflury/Library/Developer/Xcode/DerivedData/ModuleCache.noindex/Session.modulevalidation -fmodules-validate-once-per-build-session -Wnon-modular-include-in-framework-module -Werror\=non-modular-include-in-framework-module -Wno-trigraphs -Wno-missing-field-initializers -Wno-missing-prototypes -Wno-return-type -Wno-implicit-atomic-properties -Wno-objc-interface-ivars -Wno-arc-repeated-use-of-weak -Wno-missing-braces -Wparentheses -Wswitch -Wno-unused-function -Wno-unused-label -Wno-unused-parameter -Wno-unused-variable -Wunused-value -Wno-empty-body -Wno-uninitialized -Wno-unknown-pragmas -w -Wno-shadow -Wno-four-char-constants -Wno-conversion -Wno-constant-conversion -Wno-int-conversion -Wno-bool-conversion -Wno-enum-conversion -Wno-float-conversion -Wno-non-literal-null-conversion -Wno-objc-literal-conversion -Wshorten-64-to-32 -Wpointer-sign -Wno-newline-eof -Wno-selector -Wno-strict-selector-match -Wno-undeclared-selector -Wno-deprecated-implementations -Wno-implicit-fallthrough -fstrict-aliasing -Wprotocol -Wdeprecated-declarations -Wno-sign-conversion -Wno-infinite-recursion -Wno-comma -Wno-block-capture-autoreleasing -Wno-strict-prototypes -Wno-semicolon-before-method-body -index-store-path /Users/emanuelflury/Library/Developer/Xcode/DerivedData/TaxedGmbH_IOS-gerngfqzuwudosgobknlgtoawnlj/Index.noindex/DataStore @/Users/emanuelflury/Library/Developer/Xcode/DerivedData/TaxedGmbH_IOS-gerngfqzuwudosgobknlgtoawnlj/Build/Intermediates.noindex/gRPC.build/Debug-iphoneos/grpcWrapper.build/Objects-normal/arm64/e6072d4f65d7061329687fe24e3d63a7-common-args.resp -include /Users/emanuelflury/Library/Developer/Xcode/DerivedData/TaxedGmbH_IOS-gerngfqzuwudosgobknlgtoawnlj/Build/Intermediates.noindex/gRPC.build/Debug-iphoneos/grpcWrapper.build/DerivedSources/resource_bundle_accessor.h -MMD -MT dependencies -MF /Users/emanuelflury/Library/Developer/Xcode/DerivedData/TaxedGmbH_IOS-gerngfqzuwudosgobknlgtoawnlj/Build/Intermediates.noindex/gRPC.build/Debug-iphoneos/grpcWrapper.build/Objects-normal/arm64/empty.d --serialize-diagnostics /Users/emanuelflury/Library/Developer/Xcode/DerivedData/TaxedGmbH_IOS-gerngfqzuwudosgobknlgtoawnlj/Build/Intermediates.noindex/gRPC.build/Debug-iphoneos/grpcWrapper.build/Objects-normal/arm64/empty.dia -c /Users/emanuelflury/Library/Developer/Xcode/DerivedData/TaxedGmbH_IOS-gerngfqzuwudosgobknlgtoawnlj/SourcePackages/checkouts/grpc-binary/grpc-Wrapper/empty.m -o /Users/emanuelflury/Library/Developer/Xcode/DerivedData/TaxedGmbH_IOS-gerngfqzuwudosgobknlgtoawnlj/Build/Intermediates.noindex/gRPC.build/Debug-iphoneos/grpcWrapper.build/Objects-normal/arm64/empty.o -index-unit-output-path /gRPC.build/Debug-iphoneos/grpcWrapper.build/Objects-normal/arm64/empty.o

RegisterExecutionPolicyException /Users/emanuelflury/Library/Developer/Xcode/DerivedData/TaxedGmbH_IOS-gerngfqzuwudosgobknlgtoawnlj/Build/Products/Debug-iphoneos/GoogleUtilities-Logger.o (in target 'GoogleUtilities-Logger' from project 'GoogleUtilities')
    cd /Users/emanuelflury/Library/Developer/Xcode/DerivedData/TaxedGmbH_IOS-gerngfqzuwudosgobknlgtoawnlj/SourcePackages/checkouts/GoogleUtilities
    builtin-RegisterExecutionPolicyException /Users/emanuelflury/Library/Developer/Xcode/DerivedData/TaxedGmbH_IOS-gerngfqzuwudosgobknlgtoawnlj/Build/Products/Debug-iphoneos/GoogleUtilities-Logger.o

PrecompileModule /Users/emanuelflury/Library/Developer/Xcode/DerivedData/TaxedGmbH_IOS-gerngfqzuwudosgobknlgtoawnlj/Build/Intermediates.noindex/ExplicitPrecompiledModules/CoreVideo-1B8QWK9NBH98DEBCL6RVW3CAA.scan
    cd /
    builtin-precompileModule /Users/emanuelflury/Library/Developer/Xcode/DerivedData/TaxedGmbH_IOS-gerngfqzuwudosgobknlgtoawnlj/Build/Intermediates.noindex/ExplicitPrecompiledModules/CoreVideo-1B8QWK9NBH98DEBCL6RVW3CAA.scan

Ld /Users/emanuelflury/Library/Developer/Xcode/DerivedData/TaxedGmbH_IOS-gerngfqzuwudosgobknlgtoawnlj/Build/Products/Debug-iphoneos/grpcWrapper.o normal (in target 'grpcWrapper' from project 'gRPC')
    cd /Users/emanuelflury/Library/Developer/Xcode/DerivedData/TaxedGmbH_IOS-gerngfqzuwudosgobknlgtoawnlj/SourcePackages/checkouts/grpc-binary
    /Applications/Xcode.app/Contents/Developer/Toolchains/XcodeDefault.xctoolchain/usr/bin/clang -Xlinker -reproducible -target arm64-apple-ios12.0 -r -isysroot /Applications/Xcode.app/Contents/Developer/Platforms/iPhoneOS.platform/Developer/SDKs/iPhoneOS26.1.sdk -O0 -w -L/Users/emanuelflury/Library/Developer/Xcode/DerivedData/TaxedGmbH_IOS-gerngfqzuwudosgobknlgtoawnlj/Build/Intermediates.noindex/EagerLinkingTBDs/Debug-iphoneos -L/Users/emanuelflury/Library/Developer/Xcode/DerivedData/TaxedGmbH_IOS-gerngfqzuwudosgobknlgtoawnlj/Build/Products/Debug-iphoneos -L/Applications/Xcode.app/Contents/Developer/Platforms/iPhoneOS.platform/Developer/usr/lib -F/Users/emanuelflury/Library/Developer/Xcode/DerivedData/TaxedGmbH_IOS-gerngfqzuwudosgobknlgtoawnlj/Build/Intermediates.noindex/EagerLinkingTBDs/Debug-iphoneos -F/Users/emanuelflury/Library/Developer/Xcode/DerivedData/TaxedGmbH_IOS-gerngfqzuwudosgobknlgtoawnlj/Build/Products/Debug-iphoneos -iframework /Applications/Xcode.app/Contents/Developer/Platforms/iPhoneOS.platform/Developer/Library/Frameworks -iframework /Applications/Xcode.app/Contents/Developer/Platforms/iPhoneOS.platform/Developer/SDKs/iPhoneOS26.1.sdk/Developer/Library/Frameworks -filelist /Users/emanuelflury/Library/Developer/Xcode/DerivedData/TaxedGmbH_IOS-gerngfqzuwudosgobknlgtoawnlj/Build/Intermediates.noindex/gRPC.build/Debug-iphoneos/grpcWrapper.build/Objects-normal/arm64/grpcWrapper.LinkFileList -nostdlib -Xlinker -object_path_lto -Xlinker /Users/emanuelflury/Library/Developer/Xcode/DerivedData/TaxedGmbH_IOS-gerngfqzuwudosgobknlgtoawnlj/Build/Intermediates.noindex/gRPC.build/Debug-iphoneos/grpcWrapper.build/Objects-normal/arm64/grpcWrapper_lto.o -rdynamic -Xlinker -no_deduplicate -Xlinker -debug_variant -Xlinker -dependency_info -Xlinker /Users/emanuelflury/Library/Developer/Xcode/DerivedData/TaxedGmbH_IOS-gerngfqzuwudosgobknlgtoawnlj/Build/Intermediates.noindex/gRPC.build/Debug-iphoneos/grpcWrapper.build/Objects-normal/arm64/grpcWrapper_dependency_info.dat -fobjc-arc -fobjc-link-runtime -o /Users/emanuelflury/Library/Developer/Xcode/DerivedData/TaxedGmbH_IOS-gerngfqzuwudosgobknlgtoawnlj/Build/Products/Debug-iphoneos/grpcWrapper.o

Ld /Users/emanuelflury/Library/Developer/Xcode/DerivedData/TaxedGmbH_IOS-gerngfqzuwudosgobknlgtoawnlj/Build/Products/Debug-iphoneos/GoogleUtilities-UserDefaults.o normal (in target 'GoogleUtilities-UserDefaults' from project 'GoogleUtilities')
    cd /Users/emanuelflury/Library/Developer/Xcode/DerivedData/TaxedGmbH_IOS-gerngfqzuwudosgobknlgtoawnlj/SourcePackages/checkouts/GoogleUtilities
    /Applications/Xcode.app/Contents/Developer/Toolchains/XcodeDefault.xctoolchain/usr/bin/clang -Xlinker -reproducible -target arm64-apple-ios12.0 -r -isysroot /Applications/Xcode.app/Contents/Developer/Platforms/iPhoneOS.platform/Developer/SDKs/iPhoneOS26.1.sdk -O0 -w -L/Users/emanuelflury/Library/Developer/Xcode/DerivedData/TaxedGmbH_IOS-gerngfqzuwudosgobknlgtoawnlj/Build/Intermediates.noindex/EagerLinkingTBDs/Debug-iphoneos -L/Users/emanuelflury/Library/Developer/Xcode/DerivedData/TaxedGmbH_IOS-gerngfqzuwudosgobknlgtoawnlj/Build/Products/Debug-iphoneos -L/Applications/Xcode.app/Contents/Developer/Platforms/iPhoneOS.platform/Developer/usr/lib -F/Users/emanuelflury/Library/Developer/Xcode/DerivedData/TaxedGmbH_IOS-gerngfqzuwudosgobknlgtoawnlj/Build/Intermediates.noindex/EagerLinkingTBDs/Debug-iphoneos -F/Users/emanuelflury/Library/Developer/Xcode/DerivedData/TaxedGmbH_IOS-gerngfqzuwudosgobknlgtoawnlj/Build/Products/Debug-iphoneos/PackageFrameworks -F/Users/emanuelflury/Library/Developer/Xcode/DerivedData/TaxedGmbH_IOS-gerngfqzuwudosgobknlgtoawnlj/Build/Products/Debug-iphoneos/PackageFrameworks -F/Users/emanuelflury/Library/Developer/Xcode/DerivedData/TaxedGmbH_IOS-gerngfqzuwudosgobknlgtoawnlj/Build/Products/Debug-iphoneos/PackageFrameworks -F/Users/emanuelflury/Library/Developer/Xcode/DerivedData/TaxedGmbH_IOS-gerngfqzuwudosgobknlgtoawnlj/Build/Products/Debug-iphoneos -iframework /Applications/Xcode.app/Contents/Developer/Platforms/iPhoneOS.platform/Developer/Library/Frameworks -iframework /Applications/Xcode.app/Contents/Developer/Platforms/iPhoneOS.platform/Developer/SDKs/iPhoneOS26.1.sdk/Developer/Library/Frameworks -filelist /Users/emanuelflury/Library/Developer/Xcode/DerivedData/TaxedGmbH_IOS-gerngfqzuwudosgobknlgtoawnlj/Build/Intermediates.noindex/GoogleUtilities.build/Debug-iphoneos/GoogleUtilities-UserDefaults.build/Objects-normal/arm64/GoogleUtilities-UserDefaults.LinkFileList -nostdlib -Xlinker -object_path_lto -Xlinker /Users/emanuelflury/Library/Developer/Xcode/DerivedData/TaxedGmbH_IOS-gerngfqzuwudosgobknlgtoawnlj/Build/Intermediates.noindex/GoogleUtilities.build/Debug-iphoneos/GoogleUtilities-UserDefaults.build/Objects-normal/arm64/GoogleUtilities-UserDefaults_lto.o -rdynamic -Xlinker -no_deduplicate -Xlinker -debug_variant -Xlinker -dependency_info -Xlinker /Users/emanuelflury/Library/Developer/Xcode/DerivedData/TaxedGmbH_IOS-gerngfqzuwudosgobknlgtoawnlj/Build/Intermediates.noindex/GoogleUtilities.build/Debug-iphoneos/GoogleUtilities-UserDefaults.build/Objects-normal/arm64/GoogleUtilities-UserDefaults_dependency_info.dat -fobjc-arc -fobjc-link-runtime -o /Users/emanuelflury/Library/Developer/Xcode/DerivedData/TaxedGmbH_IOS-gerngfqzuwudosgobknlgtoawnlj/Build/Products/Debug-iphoneos/GoogleUtilities-UserDefaults.o

Ld /Users/emanuelflury/Library/Developer/Xcode/DerivedData/TaxedGmbH_IOS-gerngfqzuwudosgobknlgtoawnlj/Build/Products/Debug-iphoneos/GoogleUtilities-Reachability.o normal (in target 'GoogleUtilities-Reachability' from project 'GoogleUtilities')
    cd /Users/emanuelflury/Library/Developer/Xcode/DerivedData/TaxedGmbH_IOS-gerngfqzuwudosgobknlgtoawnlj/SourcePackages/checkouts/GoogleUtilities
    /Applications/Xcode.app/Contents/Developer/Toolchains/XcodeDefault.xctoolchain/usr/bin/clang -Xlinker -reproducible -target arm64-apple-ios12.0 -r -isysroot /Applications/Xcode.app/Contents/Developer/Platforms/iPhoneOS.platform/Developer/SDKs/iPhoneOS26.1.sdk -O0 -w -L/Users/emanuelflury/Library/Developer/Xcode/DerivedData/TaxedGmbH_IOS-gerngfqzuwudosgobknlgtoawnlj/Build/Intermediates.noindex/EagerLinkingTBDs/Debug-iphoneos -L/Users/emanuelflury/Library/Developer/Xcode/DerivedData/TaxedGmbH_IOS-gerngfqzuwudosgobknlgtoawnlj/Build/Products/Debug-iphoneos -L/Applications/Xcode.app/Contents/Developer/Platforms/iPhoneOS.platform/Developer/usr/lib -F/Users/emanuelflury/Library/Developer/Xcode/DerivedData/TaxedGmbH_IOS-gerngfqzuwudosgobknlgtoawnlj/Build/Intermediates.noindex/EagerLinkingTBDs/Debug-iphoneos -F/Users/emanuelflury/Library/Developer/Xcode/DerivedData/TaxedGmbH_IOS-gerngfqzuwudosgobknlgtoawnlj/Build/Products/Debug-iphoneos/PackageFrameworks -F/Users/emanuelflury/Library/Developer/Xcode/DerivedData/TaxedGmbH_IOS-gerngfqzuwudosgobknlgtoawnlj/Build/Products/Debug-iphoneos/PackageFrameworks -F/Users/emanuelflury/Library/Developer/Xcode/DerivedData/TaxedGmbH_IOS-gerngfqzuwudosgobknlgtoawnlj/Build/Products/Debug-iphoneos/PackageFrameworks -F/Users/emanuelflury/Library/Developer/Xcode/DerivedData/TaxedGmbH_IOS-gerngfqzuwudosgobknlgtoawnlj/Build/Products/Debug-iphoneos -iframework /Applications/Xcode.app/Contents/Developer/Platforms/iPhoneOS.platform/Developer/Library/Frameworks -iframework /Applications/Xcode.app/Contents/Developer/Platforms/iPhoneOS.platform/Developer/SDKs/iPhoneOS26.1.sdk/Developer/Library/Frameworks -filelist /Users/emanuelflury/Library/Developer/Xcode/DerivedData/TaxedGmbH_IOS-gerngfqzuwudosgobknlgtoawnlj/Build/Intermediates.noindex/GoogleUtilities.build/Debug-iphoneos/GoogleUtilities-Reachability.build/Objects-normal/arm64/GoogleUtilities-Reachability.LinkFileList -nostdlib -Xlinker -object_path_lto -Xlinker /Users/emanuelflury/Library/Developer/Xcode/DerivedData/TaxedGmbH_IOS-gerngfqzuwudosgobknlgtoawnlj/Build/Intermediates.noindex/GoogleUtilities.build/Debug-iphoneos/GoogleUtilities-Reachability.build/Objects-normal/arm64/GoogleUtilities-Reachability_lto.o -rdynamic -Xlinker -no_deduplicate -Xlinker -debug_variant -Xlinker -dependency_info -Xlinker /Users/emanuelflury/Library/Developer/Xcode/DerivedData/TaxedGmbH_IOS-gerngfqzuwudosgobknlgtoawnlj/Build/Intermediates.noindex/GoogleUtilities.build/Debug-iphoneos/GoogleUtilities-Reachability.build/Objects-normal/arm64/GoogleUtilities-Reachability_dependency_info.dat -fobjc-arc -fobjc-link-runtime -o /Users/emanuelflury/Library/Developer/Xcode/DerivedData/TaxedGmbH_IOS-gerngfqzuwudosgobknlgtoawnlj/Build/Products/Debug-iphoneos/GoogleUtilities-Reachability.o

Ld /Users/emanuelflury/Library/Developer/Xcode/DerivedData/TaxedGmbH_IOS-gerngfqzuwudosgobknlgtoawnlj/Build/Products/Debug-iphoneos/GoogleUtilities-MethodSwizzler.o normal (in target 'GoogleUtilities-MethodSwizzler' from project 'GoogleUtilities')
    cd /Users/emanuelflury/Library/Developer/Xcode/DerivedData/TaxedGmbH_IOS-gerngfqzuwudosgobknlgtoawnlj/SourcePackages/checkouts/GoogleUtilities
    /Applications/Xcode.app/Contents/Developer/Toolchains/XcodeDefault.xctoolchain/usr/bin/clang -Xlinker -reproducible -target arm64-apple-ios12.0 -r -isysroot /Applications/Xcode.app/Contents/Developer/Platforms/iPhoneOS.platform/Developer/SDKs/iPhoneOS26.1.sdk -O0 -w -L/Users/emanuelflury/Library/Developer/Xcode/DerivedData/TaxedGmbH_IOS-gerngfqzuwudosgobknlgtoawnlj/Build/Intermediates.noindex/EagerLinkingTBDs/Debug-iphoneos -L/Users/emanuelflury/Library/Developer/Xcode/DerivedData/TaxedGmbH_IOS-gerngfqzuwudosgobknlgtoawnlj/Build/Products/Debug-iphoneos -L/Applications/Xcode.app/Contents/Developer/Platforms/iPhoneOS.platform/Developer/usr/lib -F/Users/emanuelflury/Library/Developer/Xcode/DerivedData/TaxedGmbH_IOS-gerngfqzuwudosgobknlgtoawnlj/Build/Intermediates.noindex/EagerLinkingTBDs/Debug-iphoneos -F/Users/emanuelflury/Library/Developer/Xcode/DerivedData/TaxedGmbH_IOS-gerngfqzuwudosgobknlgtoawnlj/Build/Products/Debug-iphoneos/PackageFrameworks -F/Users/emanuelflury/Library/Developer/Xcode/DerivedData/TaxedGmbH_IOS-gerngfqzuwudosgobknlgtoawnlj/Build/Products/Debug-iphoneos/PackageFrameworks -F/Users/emanuelflury/Library/Developer/Xcode/DerivedData/TaxedGmbH_IOS-gerngfqzuwudosgobknlgtoawnlj/Build/Products/Debug-iphoneos/PackageFrameworks -F/Users/emanuelflury/Library/Developer/Xcode/DerivedData/TaxedGmbH_IOS-gerngfqzuwudosgobknlgtoawnlj/Build/Products/Debug-iphoneos -iframework /Applications/Xcode.app/Contents/Developer/Platforms/iPhoneOS.platform/Developer/Library/Frameworks -iframework /Applications/Xcode.app/Contents/Developer/Platforms/iPhoneOS.platform/Developer/SDKs/iPhoneOS26.1.sdk/Developer/Library/Frameworks -filelist /Users/emanuelflury/Library/Developer/Xcode/DerivedData/TaxedGmbH_IOS-gerngfqzuwudosgobknlgtoawnlj/Build/Intermediates.noindex/GoogleUtilities.build/Debug-iphoneos/GoogleUtilities-MethodSwizzler.build/Objects-normal/arm64/GoogleUtilities-MethodSwizzler.LinkFileList -nostdlib -Xlinker -object_path_lto -Xlinker /Users/emanuelflury/Library/Developer/Xcode/DerivedData/TaxedGmbH_IOS-gerngfqzuwudosgobknlgtoawnlj/Build/Intermediates.noindex/GoogleUtilities.build/Debug-iphoneos/GoogleUtilities-MethodSwizzler.build/Objects-normal/arm64/GoogleUtilities-MethodSwizzler_lto.o -rdynamic -Xlinker -no_deduplicate -Xlinker -debug_variant -Xlinker -dependency_info -Xlinker /Users/emanuelflury/Library/Developer/Xcode/DerivedData/TaxedGmbH_IOS-gerngfqzuwudosgobknlgtoawnlj/Build/Intermediates.noindex/GoogleUtilities.build/Debug-iphoneos/GoogleUtilities-MethodSwizzler.build/Objects-normal/arm64/GoogleUtilities-MethodSwizzler_dependency_info.dat -fobjc-arc -fobjc-link-runtime -o /Users/emanuelflury/Library/Developer/Xcode/DerivedData/TaxedGmbH_IOS-gerngfqzuwudosgobknlgtoawnlj/Build/Products/Debug-iphoneos/GoogleUtilities-MethodSwizzler.o

SwiftDriverJobDiscovery normal arm64 Compiling HTTPSCallableOptions.swift (in target 'FirebaseFunctions' from project 'Firebase')

RegisterExecutionPolicyException /Users/emanuelflury/Library/Developer/Xcode/DerivedData/TaxedGmbH_IOS-gerngfqzuwudosgobknlgtoawnlj/Build/Products/Debug-iphoneos/GoogleDataTransport.o (in target 'GoogleDataTransport' from project 'GoogleDataTransport')
    cd /Users/emanuelflury/Library/Developer/Xcode/DerivedData/TaxedGmbH_IOS-gerngfqzuwudosgobknlgtoawnlj/SourcePackages/checkouts/GoogleDataTransport
    builtin-RegisterExecutionPolicyException /Users/emanuelflury/Library/Developer/Xcode/DerivedData/TaxedGmbH_IOS-gerngfqzuwudosgobknlgtoawnlj/Build/Products/Debug-iphoneos/GoogleDataTransport.o

RegisterExecutionPolicyException /Users/emanuelflury/Library/Developer/Xcode/DerivedData/TaxedGmbH_IOS-gerngfqzuwudosgobknlgtoawnlj/Build/Products/Debug-iphoneos/grpcWrapper.o (in target 'grpcWrapper' from project 'gRPC')
    cd /Users/emanuelflury/Library/Developer/Xcode/DerivedData/TaxedGmbH_IOS-gerngfqzuwudosgobknlgtoawnlj/SourcePackages/checkouts/grpc-binary
    builtin-RegisterExecutionPolicyException /Users/emanuelflury/Library/Developer/Xcode/DerivedData/TaxedGmbH_IOS-gerngfqzuwudosgobknlgtoawnlj/Build/Products/Debug-iphoneos/grpcWrapper.o

PrecompileModule /Users/emanuelflury/Library/Developer/Xcode/DerivedData/TaxedGmbH_IOS-gerngfqzuwudosgobknlgtoawnlj/Build/Intermediates.noindex/ExplicitPrecompiledModules/CoreImage-D06U08N2PW2XBYPHYZ5517OBN.scan
    cd /
    builtin-precompileModule /Users/emanuelflury/Library/Developer/Xcode/DerivedData/TaxedGmbH_IOS-gerngfqzuwudosgobknlgtoawnlj/Build/Intermediates.noindex/ExplicitPrecompiledModules/CoreImage-D06U08N2PW2XBYPHYZ5517OBN.scan

PrecompileModule /Users/emanuelflury/Library/Developer/Xcode/DerivedData/TaxedGmbH_IOS-gerngfqzuwudosgobknlgtoawnlj/Build/Intermediates.noindex/ExplicitPrecompiledModules/QuartzCore-LJ6RAN7GPAP9IPDA3XYQGJF2.scan
    cd /
    builtin-precompileModule /Users/emanuelflury/Library/Developer/Xcode/DerivedData/TaxedGmbH_IOS-gerngfqzuwudosgobknlgtoawnlj/Build/Intermediates.noindex/ExplicitPrecompiledModules/QuartzCore-LJ6RAN7GPAP9IPDA3XYQGJF2.scan

RegisterExecutionPolicyException /Users/emanuelflury/Library/Developer/Xcode/DerivedData/TaxedGmbH_IOS-gerngfqzuwudosgobknlgtoawnlj/Build/Products/Debug-iphoneos/GoogleUtilities-UserDefaults.o (in target 'GoogleUtilities-UserDefaults' from project 'GoogleUtilities')
    cd /Users/emanuelflury/Library/Developer/Xcode/DerivedData/TaxedGmbH_IOS-gerngfqzuwudosgobknlgtoawnlj/SourcePackages/checkouts/GoogleUtilities
    builtin-RegisterExecutionPolicyException /Users/emanuelflury/Library/Developer/Xcode/DerivedData/TaxedGmbH_IOS-gerngfqzuwudosgobknlgtoawnlj/Build/Products/Debug-iphoneos/GoogleUtilities-UserDefaults.o

Ld /Users/emanuelflury/Library/Developer/Xcode/DerivedData/TaxedGmbH_IOS-gerngfqzuwudosgobknlgtoawnlj/Build/Products/Debug-iphoneos/grpcppWrapper.o normal (in target 'grpcppWrapper' from project 'gRPC')
    cd /Users/emanuelflury/Library/Developer/Xcode/DerivedData/TaxedGmbH_IOS-gerngfqzuwudosgobknlgtoawnlj/SourcePackages/checkouts/grpc-binary
    /Applications/Xcode.app/Contents/Developer/Toolchains/XcodeDefault.xctoolchain/usr/bin/clang -Xlinker -reproducible -target arm64-apple-ios12.0 -r -isysroot /Applications/Xcode.app/Contents/Developer/Platforms/iPhoneOS.platform/Developer/SDKs/iPhoneOS26.1.sdk -O0 -w -L/Users/emanuelflury/Library/Developer/Xcode/DerivedData/TaxedGmbH_IOS-gerngfqzuwudosgobknlgtoawnlj/Build/Intermediates.noindex/EagerLinkingTBDs/Debug-iphoneos -L/Users/emanuelflury/Library/Developer/Xcode/DerivedData/TaxedGmbH_IOS-gerngfqzuwudosgobknlgtoawnlj/Build/Products/Debug-iphoneos -L/Applications/Xcode.app/Contents/Developer/Platforms/iPhoneOS.platform/Developer/usr/lib -F/Users/emanuelflury/Library/Developer/Xcode/DerivedData/TaxedGmbH_IOS-gerngfqzuwudosgobknlgtoawnlj/Build/Intermediates.noindex/EagerLinkingTBDs/Debug-iphoneos -F/Users/emanuelflury/Library/Developer/Xcode/DerivedData/TaxedGmbH_IOS-gerngfqzuwudosgobknlgtoawnlj/Build/Products/Debug-iphoneos/PackageFrameworks -F/Users/emanuelflury/Library/Developer/Xcode/DerivedData/TaxedGmbH_IOS-gerngfqzuwudosgobknlgtoawnlj/Build/Products/Debug-iphoneos/PackageFrameworks -F/Users/emanuelflury/Library/Developer/Xcode/DerivedData/TaxedGmbH_IOS-gerngfqzuwudosgobknlgtoawnlj/Build/Products/Debug-iphoneos/PackageFrameworks -F/Users/emanuelflury/Library/Developer/Xcode/DerivedData/TaxedGmbH_IOS-gerngfqzuwudosgobknlgtoawnlj/Build/Products/Debug-iphoneos -iframework /Applications/Xcode.app/Contents/Developer/Platforms/iPhoneOS.platform/Developer/Library/Frameworks -iframework /Applications/Xcode.app/Contents/Developer/Platforms/iPhoneOS.platform/Developer/SDKs/iPhoneOS26.1.sdk/Developer/Library/Frameworks -filelist /Users/emanuelflury/Library/Developer/Xcode/DerivedData/TaxedGmbH_IOS-gerngfqzuwudosgobknlgtoawnlj/Build/Intermediates.noindex/gRPC.build/Debug-iphoneos/grpcppWrapper.build/Objects-normal/arm64/grpcppWrapper.LinkFileList -nostdlib -Xlinker -object_path_lto -Xlinker /Users/emanuelflury/Library/Developer/Xcode/DerivedData/TaxedGmbH_IOS-gerngfqzuwudosgobknlgtoawnlj/Build/Intermediates.noindex/gRPC.build/Debug-iphoneos/grpcppWrapper.build/Objects-normal/arm64/grpcppWrapper_lto.o -rdynamic -Xlinker -no_deduplicate -Xlinker -debug_variant -Xlinker -dependency_info -Xlinker /Users/emanuelflury/Library/Developer/Xcode/DerivedData/TaxedGmbH_IOS-gerngfqzuwudosgobknlgtoawnlj/Build/Intermediates.noindex/gRPC.build/Debug-iphoneos/grpcppWrapper.build/Objects-normal/arm64/grpcppWrapper_dependency_info.dat -fobjc-arc -fobjc-link-runtime -o /Users/emanuelflury/Library/Developer/Xcode/DerivedData/TaxedGmbH_IOS-gerngfqzuwudosgobknlgtoawnlj/Build/Products/Debug-iphoneos/grpcppWrapper.o

SwiftDriver FirebaseAuth normal arm64 com.apple.xcode.tools.swift.compiler (in target 'FirebaseAuth' from project 'Firebase')
    cd /Users/emanuelflury/github/TaxedGmbH_IOS/TaxedGmbH_IOS.xcodeproj
    builtin-SwiftDriver -- /Applications/Xcode.app/Contents/Developer/Toolchains/XcodeDefault.xctoolchain/usr/bin/swiftc -module-name FirebaseAuth -Onone -enforce-exclusivity\=checked @/Users/emanuelflury/Library/Developer/Xcode/DerivedData/TaxedGmbH_IOS-gerngfqzuwudosgobknlgtoawnlj/Build/Intermediates.noindex/Firebase.build/Debug-iphoneos/FirebaseAuth.build/Objects-normal/arm64/FirebaseAuth.SwiftFileList -DSWIFT_PACKAGE -DDEBUG -DSWIFT_MODULE_RESOURCE_BUNDLE_AVAILABLE -Xcc -fmodule-map-file\=/Users/emanuelflury/Library/Developer/Xcode/DerivedData/TaxedGmbH_IOS-gerngfqzuwudosgobknlgtoawnlj/Build/Intermediates.noindex/GeneratedModuleMaps-iphoneos/RecaptchaInterop.modulemap -Xcc -fmodule-map-file\=/Users/emanuelflury/Library/Developer/Xcode/DerivedData/TaxedGmbH_IOS-gerngfqzuwudosgobknlgtoawnlj/Build/Intermediates.noindex/GeneratedModuleMaps-iphoneos/GoogleUtilities-Network.modulemap -Xcc -fmodule-map-file\=/Users/emanuelflury/Library/Developer/Xcode/DerivedData/TaxedGmbH_IOS-gerngfqzuwudosgobknlgtoawnlj/Build/Intermediates.noindex/GeneratedModuleMaps-iphoneos/GoogleUtilities-Reachability.modulemap -Xcc -fmodule-map-file\=/Users/emanuelflury/Library/Developer/Xcode/DerivedData/TaxedGmbH_IOS-gerngfqzuwudosgobknlgtoawnlj/Build/Intermediates.noindex/GeneratedModuleMaps-iphoneos/GoogleUtilities-NSData.modulemap -Xcc -fmodule-map-file\=/Users/emanuelflury/Library/Developer/Xcode/DerivedData/TaxedGmbH_IOS-gerngfqzuwudosgobknlgtoawnlj/Build/Intermediates.noindex/GeneratedModuleMaps-iphoneos/GoogleUtilities-Logger.modulemap -Xcc -fmodule-map-file\=/Users/emanuelflury/Library/Developer/Xcode/DerivedData/TaxedGmbH_IOS-gerngfqzuwudosgobknlgtoawnlj/Build/Intermediates.noindex/GeneratedModuleMaps-iphoneos/GoogleUtilities-Environment.modulemap -Xcc -fmodule-map-file\=/Users/emanuelflury/Library/Developer/Xcode/DerivedData/TaxedGmbH_IOS-gerngfqzuwudosgobknlgtoawnlj/Build/Intermediates.noindex/GeneratedModuleMaps-iphoneos/third-party-IsAppEncrypted.modulemap -Xcc -fmodule-map-file\=/Users/emanuelflury/Library/Developer/Xcode/DerivedData/TaxedGmbH_IOS-gerngfqzuwudosgobknlgtoawnlj/Build/Intermediates.noindex/GeneratedModuleMaps-iphoneos/GoogleUtilities-AppDelegateSwizzler.modulemap -Xcc -fmodule-map-file\=/Users/emanuelflury/Library/Developer/Xcode/DerivedData/TaxedGmbH_IOS-gerngfqzuwudosgobknlgtoawnlj/Build/Intermediates.noindex/GeneratedModuleMaps-iphoneos/GTMSessionFetcherCore.modulemap -Xcc -fmodule-map-file\=/Users/emanuelflury/Library/Developer/Xcode/DerivedData/TaxedGmbH_IOS-gerngfqzuwudosgobknlgtoawnlj/Build/Intermediates.noindex/GeneratedModuleMaps-iphoneos/FirebaseCoreExtension.modulemap -Xcc -fmodule-map-file\=/Users/emanuelflury/Library/Developer/Xcode/DerivedData/TaxedGmbH_IOS-gerngfqzuwudosgobknlgtoawnlj/Build/Intermediates.noindex/GeneratedModuleMaps-iphoneos/FirebaseCore.modulemap -Xcc -fmodule-map-file\=/Users/emanuelflury/Library/Developer/Xcode/DerivedData/TaxedGmbH_IOS-gerngfqzuwudosgobknlgtoawnlj/Build/Intermediates.noindex/GeneratedModuleMaps-iphoneos/FirebaseAuthInternal.modulemap -Xcc -fmodule-map-file\=/Users/emanuelflury/Library/Developer/Xcode/DerivedData/TaxedGmbH_IOS-gerngfqzuwudosgobknlgtoawnlj/Build/Intermediates.noindex/GeneratedModuleMaps-iphoneos/FirebaseAuthInterop.modulemap -Xcc -fmodule-map-file\=/Users/emanuelflury/Library/Developer/Xcode/DerivedData/TaxedGmbH_IOS-gerngfqzuwudosgobknlgtoawnlj/Build/Intermediates.noindex/GeneratedModuleMaps-iphoneos/FirebaseAppCheckInterop.modulemap -DXcode -plugin-path /Applications/Xcode.app/Contents/Developer/Toolchains/XcodeDefault.xctoolchain/usr/lib/swift/host/plugins/testing -enable-experimental-feature DebugDescriptionMacro -sdk /Applications/Xcode.app/Contents/Developer/Platforms/iPhoneOS.platform/Developer/SDKs/iPhoneOS26.1.sdk -target arm64-apple-ios15.0 -g -module-cache-path /Users/emanuelflury/Library/Developer/Xcode/DerivedData/ModuleCache.noindex -Xfrontend -serialize-debugging-options -profile-coverage-mapping -profile-generate -enable-testing -suppress-warnings -index-store-path /Users/emanuelflury/Library/Developer/Xcode/DerivedData/TaxedGmbH_IOS-gerngfqzuwudosgobknlgtoawnlj/Index.noindex/DataStore -Xcc -D_LIBCPP_HARDENING_MODE\=_LIBCPP_HARDENING_MODE_DEBUG -swift-version 5 -I /Users/emanuelflury/Library/Developer/Xcode/DerivedData/TaxedGmbH_IOS-gerngfqzuwudosgobknlgtoawnlj/Build/Products/Debug-iphoneos -Isystem /Applications/Xcode.app/Contents/Developer/Platforms/iPhoneOS.platform/Developer/usr/lib -F /Users/emanuelflury/Library/Developer/Xcode/DerivedData/TaxedGmbH_IOS-gerngfqzuwudosgobknlgtoawnlj/Build/Products/Debug-iphoneos/PackageFrameworks -F /Users/emanuelflury/Library/Developer/Xcode/DerivedData/TaxedGmbH_IOS-gerngfqzuwudosgobknlgtoawnlj/Build/Products/Debug-iphoneos/PackageFrameworks -F /Users/emanuelflury/Library/Developer/Xcode/DerivedData/TaxedGmbH_IOS-gerngfqzuwudosgobknlgtoawnlj/Build/Products/Debug-iphoneos/PackageFrameworks -F /Users/emanuelflury/Library/Developer/Xcode/DerivedData/TaxedGmbH_IOS-gerngfqzuwudosgobknlgtoawnlj/Build/Products/Debug-iphoneos/PackageFrameworks -F /Users/emanuelflury/Library/Developer/Xcode/DerivedData/TaxedGmbH_IOS-gerngfqzuwudosgobknlgtoawnlj/Build/Products/Debug-iphoneos/PackageFrameworks -F /Users/emanuelflury/Library/Developer/Xcode/DerivedData/TaxedGmbH_IOS-gerngfqzuwudosgobknlgtoawnlj/Build/Products/Debug-iphoneos/PackageFrameworks -F /Users/emanuelflury/Library/Developer/Xcode/DerivedData/TaxedGmbH_IOS-gerngfqzuwudosgobknlgtoawnlj/Build/Products/Debug-iphoneos/PackageFrameworks -F /Users/emanuelflury/Library/Developer/Xcode/DerivedData/TaxedGmbH_IOS-gerngfqzuwudosgobknlgtoawnlj/Build/Products/Debug-iphoneos/PackageFrameworks -F /Users/emanuelflury/Library/Developer/Xcode/DerivedData/TaxedGmbH_IOS-gerngfqzuwudosgobknlgtoawnlj/Build/Products/Debug-iphoneos/PackageFrameworks -F /Users/emanuelflury/Library/Developer/Xcode/DerivedData/TaxedGmbH_IOS-gerngfqzuwudosgobknlgtoawnlj/Build/Products/Debug-iphoneos/PackageFrameworks -F /Users/emanuelflury/Library/Developer/Xcode/DerivedData/TaxedGmbH_IOS-gerngfqzuwudosgobknlgtoawnlj/Build/Products/Debug-iphoneos/PackageFrameworks -F /Users/emanuelflury/Library/Developer/Xcode/DerivedData/TaxedGmbH_IOS-gerngfqzuwudosgobknlgtoawnlj/Build/Products/Debug-iphoneos/PackageFrameworks -F /Users/emanuelflury/Library/Developer/Xcode/DerivedData/TaxedGmbH_IOS-gerngfqzuwudosgobknlgtoawnlj/Build/Products/Debug-iphoneos/PackageFrameworks -F /Users/emanuelflury/Library/Developer/Xcode/DerivedData/TaxedGmbH_IOS-gerngfqzuwudosgobknlgtoawnlj/Build/Products/Debug-iphoneos/PackageFrameworks -F /Users/emanuelflury/Library/Developer/Xcode/DerivedData/TaxedGmbH_IOS-gerngfqzuwudosgobknlgtoawnlj/Build/Products/Debug-iphoneos/PackageFrameworks -F /Users/emanuelflury/Library/Developer/Xcode/DerivedData/TaxedGmbH_IOS-gerngfqzuwudosgobknlgtoawnlj/Build/Products/Debug-iphoneos/PackageFrameworks -F /Users/emanuelflury/Library/Developer/Xcode/DerivedData/TaxedGmbH_IOS-gerngfqzuwudosgobknlgtoawnlj/Build/Products/Debug-iphoneos -F /Applications/Xcode.app/Contents/Developer/Platforms/iPhoneOS.platform/Developer/Library/Frameworks -F /Applications/Xcode.app/Contents/Developer/Platforms/iPhoneOS.platform/Developer/SDKs/iPhoneOS26.1.sdk/Developer/Library/Frameworks -c -j12 -enable-batch-mode -incremental -Xcc -ivfsstatcache -Xcc /Users/emanuelflury/Library/Developer/Xcode/DerivedData/SDKStatCaches.noindex/iphoneos26.1-23B77-69b33fc7382b27d9b5d46e82a00f8e78.sdkstatcache -output-file-map /Users/emanuelflury/Library/Developer/Xcode/DerivedData/TaxedGmbH_IOS-gerngfqzuwudosgobknlgtoawnlj/Build/Intermediates.noindex/Firebase.build/Debug-iphoneos/FirebaseAuth.build/Objects-normal/arm64/FirebaseAuth-OutputFileMap.json -use-frontend-parseable-output -save-temps -no-color-diagnostics -explicit-module-build -module-cache-path /Users/emanuelflury/Library/Developer/Xcode/DerivedData/TaxedGmbH_IOS-gerngfqzuwudosgobknlgtoawnlj/Build/Intermediates.noindex/SwiftExplicitPrecompiledModules -clang-scanner-module-cache-path /Users/emanuelflury/Library/Developer/Xcode/DerivedData/ModuleCache.noindex -sdk-module-cache-path /Users/emanuelflury/Library/Developer/Xcode/DerivedData/ModuleCache.noindex -serialize-diagnostics -emit-dependencies -emit-module -emit-module-path /Users/emanuelflury/Library/Developer/Xcode/DerivedData/TaxedGmbH_IOS-gerngfqzuwudosgobknlgtoawnlj/Build/Intermediates.noindex/Firebase.build/Debug-iphoneos/FirebaseAuth.build/Objects-normal/arm64/FirebaseAuth.swiftmodule -user-module-version 12.6.0 -validate-clang-modules-once -clang-build-session-file /Users/emanuelflury/Library/Developer/Xcode/DerivedData/ModuleCache.noindex/Session.modulevalidation -package-name firebase_ios_sdk -Xcc -I/Users/emanuelflury/Library/Developer/Xcode/DerivedData/TaxedGmbH_IOS-gerngfqzuwudosgobknlgtoawnlj/Build/Intermediates.noindex/Firebase.build/Debug-iphoneos/FirebaseAuth.build/swift-overrides.hmap -emit-const-values -Xfrontend -const-gather-protocols-file -Xfrontend /Users/emanuelflury/Library/Developer/Xcode/DerivedData/TaxedGmbH_IOS-gerngfqzuwudosgobknlgtoawnlj/Build/Intermediates.noindex/Firebase.build/Debug-iphoneos/FirebaseAuth.build/Objects-normal/arm64/FirebaseAuth_const_extract_protocols.json -Xcc -I/Users/emanuelflury/Library/Developer/Xcode/DerivedData/TaxedGmbH_IOS-gerngfqzuwudosgobknlgtoawnlj/SourcePackages/checkouts/interop-ios-for-google-sdks/RecaptchaEnterprise/RecaptchaInterop/Public -Xcc -I/Users/emanuelflury/Library/Developer/Xcode/DerivedData/TaxedGmbH_IOS-gerngfqzuwudosgobknlgtoawnlj/SourcePackages/checkouts/GoogleUtilities/GoogleUtilities/Network/Public -Xcc -I/Users/emanuelflury/Library/Developer/Xcode/DerivedData/TaxedGmbH_IOS-gerngfqzuwudosgobknlgtoawnlj/SourcePackages/checkouts/GoogleUtilities/GoogleUtilities/Reachability/Public -Xcc -I/Users/emanuelflury/Library/Developer/Xcode/DerivedData/TaxedGmbH_IOS-gerngfqzuwudosgobknlgtoawnlj/SourcePackages/checkouts/GoogleUtilities/GoogleUtilities/NSData+zlib/Public -Xcc -I/Users/emanuelflury/Library/Developer/Xcode/DerivedData/TaxedGmbH_IOS-gerngfqzuwudosgobknlgtoawnlj/SourcePackages/checkouts/GoogleUtilities/GoogleUtilities/Logger/Public -Xcc -I/Users/emanuelflury/Library/Developer/Xcode/DerivedData/TaxedGmbH_IOS-gerngfqzuwudosgobknlgtoawnlj/SourcePackages/checkouts/GoogleUtilities/GoogleUtilities/Environment/Public -Xcc -I/Users/emanuelflury/Library/Developer/Xcode/DerivedData/TaxedGmbH_IOS-gerngfqzuwudosgobknlgtoawnlj/SourcePackages/checkouts/GoogleUtilities/third_party/IsAppEncrypted/Public -Xcc -I/Users/emanuelflury/Library/Developer/Xcode/DerivedData/TaxedGmbH_IOS-gerngfqzuwudosgobknlgtoawnlj/SourcePackages/checkouts/GoogleUtilities/GoogleUtilities/AppDelegateSwizzler/Public -Xcc -I/Users/emanuelflury/Library/Developer/Xcode/DerivedData/TaxedGmbH_IOS-gerngfqzuwudosgobknlgtoawnlj/SourcePackages/checkouts/gtm-session-fetcher/Sources/Core/Public -Xcc -I/Users/emanuelflury/Library/Developer/Xcode/DerivedData/TaxedGmbH_IOS-gerngfqzuwudosgobknlgtoawnlj/SourcePackages/checkouts/firebase-ios-sdk/FirebaseCore/Extension -Xcc -I/Users/emanuelflury/Library/Developer/Xcode/DerivedData/TaxedGmbH_IOS-gerngfqzuwudosgobknlgtoawnlj/SourcePackages/checkouts/firebase-ios-sdk/FirebaseCore/Sources/Public -Xcc -I/Users/emanuelflury/Library/Developer/Xcode/DerivedData/TaxedGmbH_IOS-gerngfqzuwudosgobknlgtoawnlj/SourcePackages/checkouts/firebase-ios-sdk/CoreOnly/Sources -Xcc -I/Users/emanuelflury/Library/Developer/Xcode/DerivedData/TaxedGmbH_IOS-gerngfqzuwudosgobknlgtoawnlj/SourcePackages/checkouts/firebase-ios-sdk/FirebaseAuth/Sources/Public -Xcc -I/Users/emanuelflury/Library/Developer/Xcode/DerivedData/TaxedGmbH_IOS-gerngfqzuwudosgobknlgtoawnlj/SourcePackages/checkouts/firebase-ios-sdk/FirebaseAuth/Interop/Public -Xcc -I/Users/emanuelflury/Library/Developer/Xcode/DerivedData/TaxedGmbH_IOS-gerngfqzuwudosgobknlgtoawnlj/SourcePackages/checkouts/firebase-ios-sdk/FirebaseAppCheck/Interop/Public -Xcc -I/Users/emanuelflury/Library/Developer/Xcode/DerivedData/TaxedGmbH_IOS-gerngfqzuwudosgobknlgtoawnlj/Build/Products/Debug-iphoneos/include -Xcc -I/Users/emanuelflury/Library/Developer/Xcode/DerivedData/TaxedGmbH_IOS-gerngfqzuwudosgobknlgtoawnlj/Build/Intermediates.noindex/Firebase.build/Debug-iphoneos/FirebaseAuth.build/DerivedSources-normal/arm64 -Xcc -I/Users/emanuelflury/Library/Developer/Xcode/DerivedData/TaxedGmbH_IOS-gerngfqzuwudosgobknlgtoawnlj/Build/Intermediates.noindex/Firebase.build/Debug-iphoneos/FirebaseAuth.build/DerivedSources/arm64 -Xcc -I/Users/emanuelflury/Library/Developer/Xcode/DerivedData/TaxedGmbH_IOS-gerngfqzuwudosgobknlgtoawnlj/Build/Intermediates.noindex/Firebase.build/Debug-iphoneos/FirebaseAuth.build/DerivedSources -Xcc -DSWIFT_PACKAGE -Xcc -DDEBUG\=1 -emit-objc-header -emit-objc-header-path /Users/emanuelflury/Library/Developer/Xcode/DerivedData/TaxedGmbH_IOS-gerngfqzuwudosgobknlgtoawnlj/Build/Intermediates.noindex/Firebase.build/Debug-iphoneos/FirebaseAuth.build/Objects-normal/arm64/FirebaseAuth-Swift.h -working-directory /Users/emanuelflury/github/TaxedGmbH_IOS/TaxedGmbH_IOS.xcodeproj -experimental-emit-module-separately -disable-cmo

RegisterExecutionPolicyException /Users/emanuelflury/Library/Developer/Xcode/DerivedData/TaxedGmbH_IOS-gerngfqzuwudosgobknlgtoawnlj/Build/Products/Debug-iphoneos/grpcppWrapper.o (in target 'grpcppWrapper' from project 'gRPC')
    cd /Users/emanuelflury/Library/Developer/Xcode/DerivedData/TaxedGmbH_IOS-gerngfqzuwudosgobknlgtoawnlj/SourcePackages/checkouts/grpc-binary
    builtin-RegisterExecutionPolicyException /Users/emanuelflury/Library/Developer/Xcode/DerivedData/TaxedGmbH_IOS-gerngfqzuwudosgobknlgtoawnlj/Build/Products/Debug-iphoneos/grpcppWrapper.o

RegisterExecutionPolicyException /Users/emanuelflury/Library/Developer/Xcode/DerivedData/TaxedGmbH_IOS-gerngfqzuwudosgobknlgtoawnlj/Build/Products/Debug-iphoneos/GoogleUtilities-Reachability.o (in target 'GoogleUtilities-Reachability' from project 'GoogleUtilities')
    cd /Users/emanuelflury/Library/Developer/Xcode/DerivedData/TaxedGmbH_IOS-gerngfqzuwudosgobknlgtoawnlj/SourcePackages/checkouts/GoogleUtilities
    builtin-RegisterExecutionPolicyException /Users/emanuelflury/Library/Developer/Xcode/DerivedData/TaxedGmbH_IOS-gerngfqzuwudosgobknlgtoawnlj/Build/Products/Debug-iphoneos/GoogleUtilities-Reachability.o

Ld /Users/emanuelflury/Library/Developer/Xcode/DerivedData/TaxedGmbH_IOS-gerngfqzuwudosgobknlgtoawnlj/Build/Products/Debug-iphoneos/GoogleUtilities-Network.o normal (in target 'GoogleUtilities-Network' from project 'GoogleUtilities')
    cd /Users/emanuelflury/Library/Developer/Xcode/DerivedData/TaxedGmbH_IOS-gerngfqzuwudosgobknlgtoawnlj/SourcePackages/checkouts/GoogleUtilities
    /Applications/Xcode.app/Contents/Developer/Toolchains/XcodeDefault.xctoolchain/usr/bin/clang -Xlinker -reproducible -target arm64-apple-ios12.0 -r -isysroot /Applications/Xcode.app/Contents/Developer/Platforms/iPhoneOS.platform/Developer/SDKs/iPhoneOS26.1.sdk -O0 -w -L/Users/emanuelflury/Library/Developer/Xcode/DerivedData/TaxedGmbH_IOS-gerngfqzuwudosgobknlgtoawnlj/Build/Intermediates.noindex/EagerLinkingTBDs/Debug-iphoneos -L/Users/emanuelflury/Library/Developer/Xcode/DerivedData/TaxedGmbH_IOS-gerngfqzuwudosgobknlgtoawnlj/Build/Products/Debug-iphoneos -L/Applications/Xcode.app/Contents/Developer/Platforms/iPhoneOS.platform/Developer/usr/lib -F/Users/emanuelflury/Library/Developer/Xcode/DerivedData/TaxedGmbH_IOS-gerngfqzuwudosgobknlgtoawnlj/Build/Intermediates.noindex/EagerLinkingTBDs/Debug-iphoneos -F/Users/emanuelflury/Library/Developer/Xcode/DerivedData/TaxedGmbH_IOS-gerngfqzuwudosgobknlgtoawnlj/Build/Products/Debug-iphoneos/PackageFrameworks -F/Users/emanuelflury/Library/Developer/Xcode/DerivedData/TaxedGmbH_IOS-gerngfqzuwudosgobknlgtoawnlj/Build/Products/Debug-iphoneos/PackageFrameworks -F/Users/emanuelflury/Library/Developer/Xcode/DerivedData/TaxedGmbH_IOS-gerngfqzuwudosgobknlgtoawnlj/Build/Products/Debug-iphoneos/PackageFrameworks -F/Users/emanuelflury/Library/Developer/Xcode/DerivedData/TaxedGmbH_IOS-gerngfqzuwudosgobknlgtoawnlj/Build/Products/Debug-iphoneos/PackageFrameworks -F/Users/emanuelflury/Library/Developer/Xcode/DerivedData/TaxedGmbH_IOS-gerngfqzuwudosgobknlgtoawnlj/Build/Products/Debug-iphoneos/PackageFrameworks -F/Users/emanuelflury/Library/Developer/Xcode/DerivedData/TaxedGmbH_IOS-gerngfqzuwudosgobknlgtoawnlj/Build/Products/Debug-iphoneos -iframework /Applications/Xcode.app/Contents/Developer/Platforms/iPhoneOS.platform/Developer/Library/Frameworks -iframework /Applications/Xcode.app/Contents/Developer/Platforms/iPhoneOS.platform/Developer/SDKs/iPhoneOS26.1.sdk/Developer/Library/Frameworks -filelist /Users/emanuelflury/Library/Developer/Xcode/DerivedData/TaxedGmbH_IOS-gerngfqzuwudosgobknlgtoawnlj/Build/Intermediates.noindex/GoogleUtilities.build/Debug-iphoneos/GoogleUtilities-Network.build/Objects-normal/arm64/GoogleUtilities-Network.LinkFileList -nostdlib -Xlinker -object_path_lto -Xlinker /Users/emanuelflury/Library/Developer/Xcode/DerivedData/TaxedGmbH_IOS-gerngfqzuwudosgobknlgtoawnlj/Build/Intermediates.noindex/GoogleUtilities.build/Debug-iphoneos/GoogleUtilities-Network.build/Objects-normal/arm64/GoogleUtilities-Network_lto.o -rdynamic -Xlinker -no_deduplicate -Xlinker -debug_variant -Xlinker -dependency_info -Xlinker /Users/emanuelflury/Library/Developer/Xcode/DerivedData/TaxedGmbH_IOS-gerngfqzuwudosgobknlgtoawnlj/Build/Intermediates.noindex/GoogleUtilities.build/Debug-iphoneos/GoogleUtilities-Network.build/Objects-normal/arm64/GoogleUtilities-Network_dependency_info.dat -fobjc-arc -fobjc-link-runtime -o /Users/emanuelflury/Library/Developer/Xcode/DerivedData/TaxedGmbH_IOS-gerngfqzuwudosgobknlgtoawnlj/Build/Products/Debug-iphoneos/GoogleUtilities-Network.o

SwiftDriverJobDiscovery normal arm64 Emitting module for FirebaseFunctions (in target 'FirebaseFunctions' from project 'Firebase')

SwiftDriver\ Compilation\ Requirements FirebaseFunctions normal arm64 com.apple.xcode.tools.swift.compiler (in target 'FirebaseFunctions' from project 'Firebase')
    cd /Users/emanuelflury/github/TaxedGmbH_IOS/TaxedGmbH_IOS.xcodeproj
    builtin-Swift-Compilation-Requirements -- /Applications/Xcode.app/Contents/Developer/Toolchains/XcodeDefault.xctoolchain/usr/bin/swiftc -module-name FirebaseFunctions -Onone -enforce-exclusivity\=checked @/Users/emanuelflury/Library/Developer/Xcode/DerivedData/TaxedGmbH_IOS-gerngfqzuwudosgobknlgtoawnlj/Build/Intermediates.noindex/Firebase.build/Debug-iphoneos/FirebaseFunctions.build/Objects-normal/arm64/FirebaseFunctions.SwiftFileList -DSWIFT_PACKAGE -DDEBUG -DSWIFT_MODULE_RESOURCE_BUNDLE_UNAVAILABLE -Xcc -fmodule-map-file\=/Users/emanuelflury/Library/Developer/Xcode/DerivedData/TaxedGmbH_IOS-gerngfqzuwudosgobknlgtoawnlj/Build/Intermediates.noindex/GeneratedModuleMaps-iphoneos/GoogleUtilities-NSData.modulemap -Xcc -fmodule-map-file\=/Users/emanuelflury/Library/Developer/Xcode/DerivedData/TaxedGmbH_IOS-gerngfqzuwudosgobknlgtoawnlj/Build/Intermediates.noindex/GeneratedModuleMaps-iphoneos/GoogleUtilities-Environment.modulemap -Xcc -fmodule-map-file\=/Users/emanuelflury/Library/Developer/Xcode/DerivedData/TaxedGmbH_IOS-gerngfqzuwudosgobknlgtoawnlj/Build/Intermediates.noindex/GeneratedModuleMaps-iphoneos/third-party-IsAppEncrypted.modulemap -Xcc -fmodule-map-file\=/Users/emanuelflury/Library/Developer/Xcode/DerivedData/TaxedGmbH_IOS-gerngfqzuwudosgobknlgtoawnlj/Build/Intermediates.noindex/GeneratedModuleMaps-iphoneos/GoogleUtilities-Logger.modulemap -Xcc -fmodule-map-file\=/Users/emanuelflury/Library/Developer/Xcode/DerivedData/TaxedGmbH_IOS-gerngfqzuwudosgobknlgtoawnlj/Build/Intermediates.noindex/GeneratedModuleMaps-iphoneos/GTMSessionFetcherCore.modulemap -Xcc -fmodule-map-file\=/Users/emanuelflury/Library/Developer/Xcode/DerivedData/TaxedGmbH_IOS-gerngfqzuwudosgobknlgtoawnlj/Build/Intermediates.noindex/GeneratedModuleMaps-iphoneos/FirebaseMessagingInterop.modulemap -Xcc -fmodule-map-file\=/Users/emanuelflury/Library/Developer/Xcode/DerivedData/TaxedGmbH_IOS-gerngfqzuwudosgobknlgtoawnlj/Build/Intermediates.noindex/GeneratedModuleMaps-iphoneos/FirebaseCoreExtension.modulemap -Xcc -fmodule-map-file\=/Users/emanuelflury/Library/Developer/Xcode/DerivedData/TaxedGmbH_IOS-gerngfqzuwudosgobknlgtoawnlj/Build/Intermediates.noindex/GeneratedModuleMaps-iphoneos/FirebaseCore.modulemap -Xcc -fmodule-map-file\=/Users/emanuelflury/Library/Developer/Xcode/DerivedData/TaxedGmbH_IOS-gerngfqzuwudosgobknlgtoawnlj/Build/Intermediates.noindex/GeneratedModuleMaps-iphoneos/FirebaseAuthInterop.modulemap -Xcc -fmodule-map-file\=/Users/emanuelflury/Library/Developer/Xcode/DerivedData/TaxedGmbH_IOS-gerngfqzuwudosgobknlgtoawnlj/Build/Intermediates.noindex/GeneratedModuleMaps-iphoneos/FirebaseAppCheckInterop.modulemap -DXcode -plugin-path /Applications/Xcode.app/Contents/Developer/Toolchains/XcodeDefault.xctoolchain/usr/lib/swift/host/plugins/testing -enable-experimental-feature DebugDescriptionMacro -sdk /Applications/Xcode.app/Contents/Developer/Platforms/iPhoneOS.platform/Developer/SDKs/iPhoneOS26.1.sdk -target arm64-apple-ios15.0 -g -module-cache-path /Users/emanuelflury/Library/Developer/Xcode/DerivedData/ModuleCache.noindex -Xfrontend -serialize-debugging-options -profile-coverage-mapping -profile-generate -enable-testing -suppress-warnings -index-store-path /Users/emanuelflury/Library/Developer/Xcode/DerivedData/TaxedGmbH_IOS-gerngfqzuwudosgobknlgtoawnlj/Index.noindex/DataStore -Xcc -D_LIBCPP_HARDENING_MODE\=_LIBCPP_HARDENING_MODE_DEBUG -swift-version 6 -I /Users/emanuelflury/Library/Developer/Xcode/DerivedData/TaxedGmbH_IOS-gerngfqzuwudosgobknlgtoawnlj/Build/Products/Debug-iphoneos -Isystem /Applications/Xcode.app/Contents/Developer/Platforms/iPhoneOS.platform/Developer/usr/lib -F /Users/emanuelflury/Library/Developer/Xcode/DerivedData/TaxedGmbH_IOS-gerngfqzuwudosgobknlgtoawnlj/Build/Products/Debug-iphoneos/PackageFrameworks -F /Users/emanuelflury/Library/Developer/Xcode/DerivedData/TaxedGmbH_IOS-gerngfqzuwudosgobknlgtoawnlj/Build/Products/Debug-iphoneos/PackageFrameworks -F /Users/emanuelflury/Library/Developer/Xcode/DerivedData/TaxedGmbH_IOS-gerngfqzuwudosgobknlgtoawnlj/Build/Products/Debug-iphoneos/PackageFrameworks -F /Users/emanuelflury/Library/Developer/Xcode/DerivedData/TaxedGmbH_IOS-gerngfqzuwudosgobknlgtoawnlj/Build/Products/Debug-iphoneos/PackageFrameworks -F /Users/emanuelflury/Library/Developer/Xcode/DerivedData/TaxedGmbH_IOS-gerngfqzuwudosgobknlgtoawnlj/Build/Products/Debug-iphoneos/PackageFrameworks -F /Users/emanuelflury/Library/Developer/Xcode/DerivedData/TaxedGmbH_IOS-gerngfqzuwudosgobknlgtoawnlj/Build/Products/Debug-iphoneos/PackageFrameworks -F /Users/emanuelflury/Library/Developer/Xcode/DerivedData/TaxedGmbH_IOS-gerngfqzuwudosgobknlgtoawnlj/Build/Products/Debug-iphoneos/PackageFrameworks -F /Users/emanuelflury/Library/Developer/Xcode/DerivedData/TaxedGmbH_IOS-gerngfqzuwudosgobknlgtoawnlj/Build/Products/Debug-iphoneos/PackageFrameworks -F /Users/emanuelflury/Library/Developer/Xcode/DerivedData/TaxedGmbH_IOS-gerngfqzuwudosgobknlgtoawnlj/Build/Products/Debug-iphoneos/PackageFrameworks -F /Users/emanuelflury/Library/Developer/Xcode/DerivedData/TaxedGmbH_IOS-gerngfqzuwudosgobknlgtoawnlj/Build/Products/Debug-iphoneos/PackageFrameworks -F /Users/emanuelflury/Library/Developer/Xcode/DerivedData/TaxedGmbH_IOS-gerngfqzuwudosgobknlgtoawnlj/Build/Products/Debug-iphoneos/PackageFrameworks -F /Users/emanuelflury/Library/Developer/Xcode/DerivedData/TaxedGmbH_IOS-gerngfqzuwudosgobknlgtoawnlj/Build/Products/Debug-iphoneos/PackageFrameworks -F /Users/emanuelflury/Library/Developer/Xcode/DerivedData/TaxedGmbH_IOS-gerngfqzuwudosgobknlgtoawnlj/Build/Products/Debug-iphoneos/PackageFrameworks -F /Users/emanuelflury/Library/Developer/Xcode/DerivedData/TaxedGmbH_IOS-gerngfqzuwudosgobknlgtoawnlj/Build/Products/Debug-iphoneos -F /Applications/Xcode.app/Contents/Developer/Platforms/iPhoneOS.platform/Developer/Library/Frameworks -F /Applications/Xcode.app/Contents/Developer/Platforms/iPhoneOS.platform/Developer/SDKs/iPhoneOS26.1.sdk/Developer/Library/Frameworks -c -j12 -enable-batch-mode -incremental -Xcc -ivfsstatcache -Xcc /Users/emanuelflury/Library/Developer/Xcode/DerivedData/SDKStatCaches.noindex/iphoneos26.1-23B77-69b33fc7382b27d9b5d46e82a00f8e78.sdkstatcache -output-file-map /Users/emanuelflury/Library/Developer/Xcode/DerivedData/TaxedGmbH_IOS-gerngfqzuwudosgobknlgtoawnlj/Build/Intermediates.noindex/Firebase.build/Debug-iphoneos/FirebaseFunctions.build/Objects-normal/arm64/FirebaseFunctions-OutputFileMap.json -use-frontend-parseable-output -save-temps -no-color-diagnostics -explicit-module-build -module-cache-path /Users/emanuelflury/Library/Developer/Xcode/DerivedData/TaxedGmbH_IOS-gerngfqzuwudosgobknlgtoawnlj/Build/Intermediates.noindex/SwiftExplicitPrecompiledModules -clang-scanner-module-cache-path /Users/emanuelflury/Library/Developer/Xcode/DerivedData/ModuleCache.noindex -sdk-module-cache-path /Users/emanuelflury/Library/Developer/Xcode/DerivedData/ModuleCache.noindex -serialize-diagnostics -emit-dependencies -emit-module -emit-module-path /Users/emanuelflury/Library/Developer/Xcode/DerivedData/TaxedGmbH_IOS-gerngfqzuwudosgobknlgtoawnlj/Build/Intermediates.noindex/Firebase.build/Debug-iphoneos/FirebaseFunctions.build/Objects-normal/arm64/FirebaseFunctions.swiftmodule -user-module-version 12.6.0 -validate-clang-modules-once -clang-build-session-file /Users/emanuelflury/Library/Developer/Xcode/DerivedData/ModuleCache.noindex/Session.modulevalidation -package-name firebase_ios_sdk -Xcc -I/Users/emanuelflury/Library/Developer/Xcode/DerivedData/TaxedGmbH_IOS-gerngfqzuwudosgobknlgtoawnlj/Build/Intermediates.noindex/Firebase.build/Debug-iphoneos/FirebaseFunctions.build/swift-overrides.hmap -emit-const-values -Xfrontend -const-gather-protocols-file -Xfrontend /Users/emanuelflury/Library/Developer/Xcode/DerivedData/TaxedGmbH_IOS-gerngfqzuwudosgobknlgtoawnlj/Build/Intermediates.noindex/Firebase.build/Debug-iphoneos/FirebaseFunctions.build/Objects-normal/arm64/FirebaseFunctions_const_extract_protocols.json -Xcc -I/Users/emanuelflury/Library/Developer/Xcode/DerivedData/TaxedGmbH_IOS-gerngfqzuwudosgobknlgtoawnlj/SourcePackages/checkouts/GoogleUtilities/GoogleUtilities/NSData+zlib/Public -Xcc -I/Users/emanuelflury/Library/Developer/Xcode/DerivedData/TaxedGmbH_IOS-gerngfqzuwudosgobknlgtoawnlj/SourcePackages/checkouts/GoogleUtilities/GoogleUtilities/Environment/Public -Xcc -I/Users/emanuelflury/Library/Developer/Xcode/DerivedData/TaxedGmbH_IOS-gerngfqzuwudosgobknlgtoawnlj/SourcePackages/checkouts/GoogleUtilities/third_party/IsAppEncrypted/Public -Xcc -I/Users/emanuelflury/Library/Developer/Xcode/DerivedData/TaxedGmbH_IOS-gerngfqzuwudosgobknlgtoawnlj/SourcePackages/checkouts/GoogleUtilities/GoogleUtilities/Logger/Public -Xcc -I/Users/emanuelflury/Library/Developer/Xcode/DerivedData/TaxedGmbH_IOS-gerngfqzuwudosgobknlgtoawnlj/SourcePackages/checkouts/gtm-session-fetcher/Sources/Core/Public -Xcc -I/Users/emanuelflury/Library/Developer/Xcode/DerivedData/TaxedGmbH_IOS-gerngfqzuwudosgobknlgtoawnlj/SourcePackages/checkouts/firebase-ios-sdk/FirebaseMessaging/Interop -Xcc -I/Users/emanuelflury/Library/Developer/Xcode/DerivedData/TaxedGmbH_IOS-gerngfqzuwudosgobknlgtoawnlj/SourcePackages/checkouts/firebase-ios-sdk/FirebaseCore/Extension -Xcc -I/Users/emanuelflury/Library/Developer/Xcode/DerivedData/TaxedGmbH_IOS-gerngfqzuwudosgobknlgtoawnlj/SourcePackages/checkouts/firebase-ios-sdk/FirebaseCore/Sources/Public -Xcc -I/Users/emanuelflury/Library/Developer/Xcode/DerivedData/TaxedGmbH_IOS-gerngfqzuwudosgobknlgtoawnlj/SourcePackages/checkouts/firebase-ios-sdk/CoreOnly/Sources -Xcc -I/Users/emanuelflury/Library/Developer/Xcode/DerivedData/TaxedGmbH_IOS-gerngfqzuwudosgobknlgtoawnlj/SourcePackages/checkouts/firebase-ios-sdk/FirebaseAuth/Interop/Public -Xcc -I/Users/emanuelflury/Library/Developer/Xcode/DerivedData/TaxedGmbH_IOS-gerngfqzuwudosgobknlgtoawnlj/SourcePackages/checkouts/firebase-ios-sdk/FirebaseAppCheck/Interop/Public -Xcc -I/Users/emanuelflury/Library/Developer/Xcode/DerivedData/TaxedGmbH_IOS-gerngfqzuwudosgobknlgtoawnlj/Build/Products/Debug-iphoneos/include -Xcc -I/Users/emanuelflury/Library/Developer/Xcode/DerivedData/TaxedGmbH_IOS-gerngfqzuwudosgobknlgtoawnlj/Build/Intermediates.noindex/Firebase.build/Debug-iphoneos/FirebaseFunctions.build/DerivedSources-normal/arm64 -Xcc -I/Users/emanuelflury/Library/Developer/Xcode/DerivedData/TaxedGmbH_IOS-gerngfqzuwudosgobknlgtoawnlj/Build/Intermediates.noindex/Firebase.build/Debug-iphoneos/FirebaseFunctions.build/DerivedSources/arm64 -Xcc -I/Users/emanuelflury/Library/Developer/Xcode/DerivedData/TaxedGmbH_IOS-gerngfqzuwudosgobknlgtoawnlj/Build/Intermediates.noindex/Firebase.build/Debug-iphoneos/FirebaseFunctions.build/DerivedSources -Xcc -DSWIFT_PACKAGE -Xcc -DDEBUG\=1 -emit-objc-header -emit-objc-header-path /Users/emanuelflury/Library/Developer/Xcode/DerivedData/TaxedGmbH_IOS-gerngfqzuwudosgobknlgtoawnlj/Build/Intermediates.noindex/Firebase.build/Debug-iphoneos/FirebaseFunctions.build/Objects-normal/arm64/FirebaseFunctions-Swift.h -working-directory /Users/emanuelflury/github/TaxedGmbH_IOS/TaxedGmbH_IOS.xcodeproj -experimental-emit-module-separately -disable-cmo

SwiftMergeGeneratedHeaders /Users/emanuelflury/Library/Developer/Xcode/DerivedData/TaxedGmbH_IOS-gerngfqzuwudosgobknlgtoawnlj/Build/Intermediates.noindex/GeneratedModuleMaps-iphoneos/FirebaseFunctions-Swift.h /Users/emanuelflury/Library/Developer/Xcode/DerivedData/TaxedGmbH_IOS-gerngfqzuwudosgobknlgtoawnlj/Build/Intermediates.noindex/Firebase.build/Debug-iphoneos/FirebaseFunctions.build/Objects-normal/arm64/FirebaseFunctions-Swift.h (in target 'FirebaseFunctions' from project 'Firebase')
    cd /Users/emanuelflury/Library/Developer/Xcode/DerivedData/TaxedGmbH_IOS-gerngfqzuwudosgobknlgtoawnlj/SourcePackages/checkouts/firebase-ios-sdk
    builtin-swiftHeaderTool -arch arm64 /Users/emanuelflury/Library/Developer/Xcode/DerivedData/TaxedGmbH_IOS-gerngfqzuwudosgobknlgtoawnlj/Build/Intermediates.noindex/Firebase.build/Debug-iphoneos/FirebaseFunctions.build/Objects-normal/arm64/FirebaseFunctions-Swift.h -o /Users/emanuelflury/Library/Developer/Xcode/DerivedData/TaxedGmbH_IOS-gerngfqzuwudosgobknlgtoawnlj/Build/Intermediates.noindex/GeneratedModuleMaps-iphoneos/FirebaseFunctions-Swift.h

Copy /Users/emanuelflury/Library/Developer/Xcode/DerivedData/TaxedGmbH_IOS-gerngfqzuwudosgobknlgtoawnlj/Build/Products/Debug-iphoneos/FirebaseFunctions.swiftmodule/arm64-apple-ios.swiftmodule /Users/emanuelflury/Library/Developer/Xcode/DerivedData/TaxedGmbH_IOS-gerngfqzuwudosgobknlgtoawnlj/Build/Intermediates.noindex/Firebase.build/Debug-iphoneos/FirebaseFunctions.build/Objects-normal/arm64/FirebaseFunctions.swiftmodule (in target 'FirebaseFunctions' from project 'Firebase')
    cd /Users/emanuelflury/Library/Developer/Xcode/DerivedData/TaxedGmbH_IOS-gerngfqzuwudosgobknlgtoawnlj/SourcePackages/checkouts/firebase-ios-sdk
    builtin-copy -exclude .DS_Store -exclude CVS -exclude .svn -exclude .git -exclude .hg -resolve-src-symlinks -rename /Users/emanuelflury/Library/Developer/Xcode/DerivedData/TaxedGmbH_IOS-gerngfqzuwudosgobknlgtoawnlj/Build/Intermediates.noindex/Firebase.build/Debug-iphoneos/FirebaseFunctions.build/Objects-normal/arm64/FirebaseFunctions.swiftmodule /Users/emanuelflury/Library/Developer/Xcode/DerivedData/TaxedGmbH_IOS-gerngfqzuwudosgobknlgtoawnlj/Build/Products/Debug-iphoneos/FirebaseFunctions.swiftmodule/arm64-apple-ios.swiftmodule

Copy /Users/emanuelflury/Library/Developer/Xcode/DerivedData/TaxedGmbH_IOS-gerngfqzuwudosgobknlgtoawnlj/Build/Products/Debug-iphoneos/FirebaseFunctions.swiftmodule/arm64-apple-ios.swiftdoc /Users/emanuelflury/Library/Developer/Xcode/DerivedData/TaxedGmbH_IOS-gerngfqzuwudosgobknlgtoawnlj/Build/Intermediates.noindex/Firebase.build/Debug-iphoneos/FirebaseFunctions.build/Objects-normal/arm64/FirebaseFunctions.swiftdoc (in target 'FirebaseFunctions' from project 'Firebase')
    cd /Users/emanuelflury/Library/Developer/Xcode/DerivedData/TaxedGmbH_IOS-gerngfqzuwudosgobknlgtoawnlj/SourcePackages/checkouts/firebase-ios-sdk
    builtin-copy -exclude .DS_Store -exclude CVS -exclude .svn -exclude .git -exclude .hg -resolve-src-symlinks -rename /Users/emanuelflury/Library/Developer/Xcode/DerivedData/TaxedGmbH_IOS-gerngfqzuwudosgobknlgtoawnlj/Build/Intermediates.noindex/Firebase.build/Debug-iphoneos/FirebaseFunctions.build/Objects-normal/arm64/FirebaseFunctions.swiftdoc /Users/emanuelflury/Library/Developer/Xcode/DerivedData/TaxedGmbH_IOS-gerngfqzuwudosgobknlgtoawnlj/Build/Products/Debug-iphoneos/FirebaseFunctions.swiftmodule/arm64-apple-ios.swiftdoc

Copy /Users/emanuelflury/Library/Developer/Xcode/DerivedData/TaxedGmbH_IOS-gerngfqzuwudosgobknlgtoawnlj/Build/Products/Debug-iphoneos/FirebaseFunctions.swiftmodule/arm64-apple-ios.abi.json /Users/emanuelflury/Library/Developer/Xcode/DerivedData/TaxedGmbH_IOS-gerngfqzuwudosgobknlgtoawnlj/Build/Intermediates.noindex/Firebase.build/Debug-iphoneos/FirebaseFunctions.build/Objects-normal/arm64/FirebaseFunctions.abi.json (in target 'FirebaseFunctions' from project 'Firebase')
    cd /Users/emanuelflury/Library/Developer/Xcode/DerivedData/TaxedGmbH_IOS-gerngfqzuwudosgobknlgtoawnlj/SourcePackages/checkouts/firebase-ios-sdk
    builtin-copy -exclude .DS_Store -exclude CVS -exclude .svn -exclude .git -exclude .hg -resolve-src-symlinks -rename /Users/emanuelflury/Library/Developer/Xcode/DerivedData/TaxedGmbH_IOS-gerngfqzuwudosgobknlgtoawnlj/Build/Intermediates.noindex/Firebase.build/Debug-iphoneos/FirebaseFunctions.build/Objects-normal/arm64/FirebaseFunctions.abi.json /Users/emanuelflury/Library/Developer/Xcode/DerivedData/TaxedGmbH_IOS-gerngfqzuwudosgobknlgtoawnlj/Build/Products/Debug-iphoneos/FirebaseFunctions.swiftmodule/arm64-apple-ios.abi.json

Copy /Users/emanuelflury/Library/Developer/Xcode/DerivedData/TaxedGmbH_IOS-gerngfqzuwudosgobknlgtoawnlj/Build/Products/Debug-iphoneos/FirebaseFunctions.swiftmodule/Project/arm64-apple-ios.swiftsourceinfo /Users/emanuelflury/Library/Developer/Xcode/DerivedData/TaxedGmbH_IOS-gerngfqzuwudosgobknlgtoawnlj/Build/Intermediates.noindex/Firebase.build/Debug-iphoneos/FirebaseFunctions.build/Objects-normal/arm64/FirebaseFunctions.swiftsourceinfo (in target 'FirebaseFunctions' from project 'Firebase')
    cd /Users/emanuelflury/Library/Developer/Xcode/DerivedData/TaxedGmbH_IOS-gerngfqzuwudosgobknlgtoawnlj/SourcePackages/checkouts/firebase-ios-sdk
    builtin-copy -exclude .DS_Store -exclude CVS -exclude .svn -exclude .git -exclude .hg -resolve-src-symlinks -rename /Users/emanuelflury/Library/Developer/Xcode/DerivedData/TaxedGmbH_IOS-gerngfqzuwudosgobknlgtoawnlj/Build/Intermediates.noindex/Firebase.build/Debug-iphoneos/FirebaseFunctions.build/Objects-normal/arm64/FirebaseFunctions.swiftsourceinfo /Users/emanuelflury/Library/Developer/Xcode/DerivedData/TaxedGmbH_IOS-gerngfqzuwudosgobknlgtoawnlj/Build/Products/Debug-iphoneos/FirebaseFunctions.swiftmodule/Project/arm64-apple-ios.swiftsourceinfo

RegisterExecutionPolicyException /Users/emanuelflury/Library/Developer/Xcode/DerivedData/TaxedGmbH_IOS-gerngfqzuwudosgobknlgtoawnlj/Build/Products/Debug-iphoneos/GoogleUtilities-MethodSwizzler.o (in target 'GoogleUtilities-MethodSwizzler' from project 'GoogleUtilities')
    cd /Users/emanuelflury/Library/Developer/Xcode/DerivedData/TaxedGmbH_IOS-gerngfqzuwudosgobknlgtoawnlj/SourcePackages/checkouts/GoogleUtilities
    builtin-RegisterExecutionPolicyException /Users/emanuelflury/Library/Developer/Xcode/DerivedData/TaxedGmbH_IOS-gerngfqzuwudosgobknlgtoawnlj/Build/Products/Debug-iphoneos/GoogleUtilities-MethodSwizzler.o

SwiftDriver FirebaseFirestore normal arm64 com.apple.xcode.tools.swift.compiler (in target 'FirebaseFirestore' from project 'Firebase')
    cd /Users/emanuelflury/github/TaxedGmbH_IOS/TaxedGmbH_IOS.xcodeproj
    builtin-SwiftDriver -- /Applications/Xcode.app/Contents/Developer/Toolchains/XcodeDefault.xctoolchain/usr/bin/swiftc -module-name FirebaseFirestore -Onone -enforce-exclusivity\=checked @/Users/emanuelflury/Library/Developer/Xcode/DerivedData/TaxedGmbH_IOS-gerngfqzuwudosgobknlgtoawnlj/Build/Intermediates.noindex/Firebase.build/Debug-iphoneos/FirebaseFirestore.build/Objects-normal/arm64/FirebaseFirestore.SwiftFileList -DSWIFT_PACKAGE -DDEBUG -DSWIFT_MODULE_RESOURCE_BUNDLE_AVAILABLE -Xcc -fmodule-map-file\=/Users/emanuelflury/Library/Developer/Xcode/DerivedData/TaxedGmbH_IOS-gerngfqzuwudosgobknlgtoawnlj/Build/Intermediates.noindex/GeneratedModuleMaps-iphoneos/GoogleUtilities-NSData.modulemap -Xcc -fmodule-map-file\=/Users/emanuelflury/Library/Developer/Xcode/DerivedData/TaxedGmbH_IOS-gerngfqzuwudosgobknlgtoawnlj/Build/Intermediates.noindex/GeneratedModuleMaps-iphoneos/GoogleUtilities-Environment.modulemap -Xcc -fmodule-map-file\=/Users/emanuelflury/Library/Developer/Xcode/DerivedData/TaxedGmbH_IOS-gerngfqzuwudosgobknlgtoawnlj/Build/Intermediates.noindex/GeneratedModuleMaps-iphoneos/third-party-IsAppEncrypted.modulemap -Xcc -fmodule-map-file\=/Users/emanuelflury/Library/Developer/Xcode/DerivedData/TaxedGmbH_IOS-gerngfqzuwudosgobknlgtoawnlj/Build/Intermediates.noindex/GeneratedModuleMaps-iphoneos/GoogleUtilities-Logger.modulemap -Xcc -fmodule-map-file\=/Users/emanuelflury/Library/Developer/Xcode/DerivedData/TaxedGmbH_IOS-gerngfqzuwudosgobknlgtoawnlj/Build/Intermediates.noindex/GeneratedModuleMaps-iphoneos/abslWrapper.modulemap -Xcc -fmodule-map-file\=/Users/emanuelflury/Library/Developer/Xcode/DerivedData/TaxedGmbH_IOS-gerngfqzuwudosgobknlgtoawnlj/Build/Intermediates.noindex/GeneratedModuleMaps-iphoneos/opensslWrapper.modulemap -Xcc -fmodule-map-file\=/Users/emanuelflury/Library/Developer/Xcode/DerivedData/TaxedGmbH_IOS-gerngfqzuwudosgobknlgtoawnlj/Build/Intermediates.noindex/GeneratedModuleMaps-iphoneos/grpcWrapper.modulemap -Xcc -fmodule-map-file\=/Users/emanuelflury/Library/Developer/Xcode/DerivedData/TaxedGmbH_IOS-gerngfqzuwudosgobknlgtoawnlj/Build/Intermediates.noindex/GeneratedModuleMaps-iphoneos/grpcppWrapper.modulemap -Xcc -fmodule-map-file\=/Users/emanuelflury/Library/Developer/Xcode/DerivedData/TaxedGmbH_IOS-gerngfqzuwudosgobknlgtoawnlj/Build/Intermediates.noindex/GeneratedModuleMaps-iphoneos/nanopb.modulemap -Xcc -fmodule-map-file\=/Users/emanuelflury/Library/Developer/Xcode/DerivedData/TaxedGmbH_IOS-gerngfqzuwudosgobknlgtoawnlj/Build/Intermediates.noindex/GeneratedModuleMaps-iphoneos/leveldb.modulemap -Xcc -fmodule-map-file\=/Users/emanuelflury/Library/Developer/Xcode/DerivedData/TaxedGmbH_IOS-gerngfqzuwudosgobknlgtoawnlj/Build/Intermediates.noindex/GeneratedModuleMaps-iphoneos/FirebaseCoreExtension.modulemap -Xcc -fmodule-map-file\=/Users/emanuelflury/Library/Developer/Xcode/DerivedData/TaxedGmbH_IOS-gerngfqzuwudosgobknlgtoawnlj/Build/Intermediates.noindex/GeneratedModuleMaps-iphoneos/FirebaseCore.modulemap -Xcc -fmodule-map-file\=/Users/emanuelflury/Library/Developer/Xcode/DerivedData/TaxedGmbH_IOS-gerngfqzuwudosgobknlgtoawnlj/Build/Intermediates.noindex/GeneratedModuleMaps-iphoneos/FirebaseAppCheckInterop.modulemap -Xcc -fmodule-map-file\=/Users/emanuelflury/Library/Developer/Xcode/DerivedData/TaxedGmbH_IOS-gerngfqzuwudosgobknlgtoawnlj/Build/Intermediates.noindex/GeneratedModuleMaps-iphoneos/FirebaseFirestoreInternalWrapper.modulemap -DXcode -plugin-path /Applications/Xcode.app/Contents/Developer/Toolchains/XcodeDefault.xctoolchain/usr/lib/swift/host/plugins/testing -enable-experimental-feature DebugDescriptionMacro -sdk /Applications/Xcode.app/Contents/Developer/Platforms/iPhoneOS.platform/Developer/SDKs/iPhoneOS26.1.sdk -target arm64-apple-ios15.0 -g -module-cache-path /Users/emanuelflury/Library/Developer/Xcode/DerivedData/ModuleCache.noindex -Xfrontend -serialize-debugging-options -profile-coverage-mapping -profile-generate -enable-testing -suppress-warnings -index-store-path /Users/emanuelflury/Library/Developer/Xcode/DerivedData/TaxedGmbH_IOS-gerngfqzuwudosgobknlgtoawnlj/Index.noindex/DataStore -Xcc -D_LIBCPP_HARDENING_MODE\=_LIBCPP_HARDENING_MODE_DEBUG -swift-version 5 -I /Users/emanuelflury/Library/Developer/Xcode/DerivedData/TaxedGmbH_IOS-gerngfqzuwudosgobknlgtoawnlj/Build/Products/Debug-iphoneos -Isystem /Applications/Xcode.app/Contents/Developer/Platforms/iPhoneOS.platform/Developer/usr/lib -F /Users/emanuelflury/Library/Developer/Xcode/DerivedData/TaxedGmbH_IOS-gerngfqzuwudosgobknlgtoawnlj/Build/Products/Debug-iphoneos/PackageFrameworks -F /Users/emanuelflury/Library/Developer/Xcode/DerivedData/TaxedGmbH_IOS-gerngfqzuwudosgobknlgtoawnlj/Build/Products/Debug-iphoneos/PackageFrameworks -F /Users/emanuelflury/Library/Developer/Xcode/DerivedData/TaxedGmbH_IOS-gerngfqzuwudosgobknlgtoawnlj/Build/Products/Debug-iphoneos/PackageFrameworks -F /Users/emanuelflury/Library/Developer/Xcode/DerivedData/TaxedGmbH_IOS-gerngfqzuwudosgobknlgtoawnlj/Build/Products/Debug-iphoneos/PackageFrameworks -F /Users/emanuelflury/Library/Developer/Xcode/DerivedData/TaxedGmbH_IOS-gerngfqzuwudosgobknlgtoawnlj/Build/Products/Debug-iphoneos/PackageFrameworks -F /Users/emanuelflury/Library/Developer/Xcode/DerivedData/TaxedGmbH_IOS-gerngfqzuwudosgobknlgtoawnlj/Build/Products/Debug-iphoneos/PackageFrameworks -F /Users/emanuelflury/Library/Developer/Xcode/DerivedData/TaxedGmbH_IOS-gerngfqzuwudosgobknlgtoawnlj/Build/Products/Debug-iphoneos/PackageFrameworks -F /Users/emanuelflury/Library/Developer/Xcode/DerivedData/TaxedGmbH_IOS-gerngfqzuwudosgobknlgtoawnlj/Build/Products/Debug-iphoneos/PackageFrameworks -F /Users/emanuelflury/Library/Developer/Xcode/DerivedData/TaxedGmbH_IOS-gerngfqzuwudosgobknlgtoawnlj/Build/Products/Debug-iphoneos/PackageFrameworks -F /Users/emanuelflury/Library/Developer/Xcode/DerivedData/TaxedGmbH_IOS-gerngfqzuwudosgobknlgtoawnlj/Build/Products/Debug-iphoneos/PackageFrameworks -F /Users/emanuelflury/Library/Developer/Xcode/DerivedData/TaxedGmbH_IOS-gerngfqzuwudosgobknlgtoawnlj/Build/Products/Debug-iphoneos/PackageFrameworks -F /Users/emanuelflury/Library/Developer/Xcode/DerivedData/TaxedGmbH_IOS-gerngfqzuwudosgobknlgtoawnlj/Build/Products/Debug-iphoneos/PackageFrameworks -F /Users/emanuelflury/Library/Developer/Xcode/DerivedData/TaxedGmbH_IOS-gerngfqzuwudosgobknlgtoawnlj/Build/Products/Debug-iphoneos/PackageFrameworks -F /Users/emanuelflury/Library/Developer/Xcode/DerivedData/TaxedGmbH_IOS-gerngfqzuwudosgobknlgtoawnlj/Build/Products/Debug-iphoneos/PackageFrameworks -F /Users/emanuelflury/Library/Developer/Xcode/DerivedData/TaxedGmbH_IOS-gerngfqzuwudosgobknlgtoawnlj/Build/Products/Debug-iphoneos/PackageFrameworks -F /Users/emanuelflury/Library/Developer/Xcode/DerivedData/TaxedGmbH_IOS-gerngfqzuwudosgobknlgtoawnlj/Build/Products/Debug-iphoneos/PackageFrameworks -F /Users/emanuelflury/Library/Developer/Xcode/DerivedData/TaxedGmbH_IOS-gerngfqzuwudosgobknlgtoawnlj/Build/Products/Debug-iphoneos/PackageFrameworks -F /Users/emanuelflury/Library/Developer/Xcode/DerivedData/TaxedGmbH_IOS-gerngfqzuwudosgobknlgtoawnlj/Build/Products/Debug-iphoneos -F /Applications/Xcode.app/Contents/Developer/Platforms/iPhoneOS.platform/Developer/Library/Frameworks -F /Applications/Xcode.app/Contents/Developer/Platforms/iPhoneOS.platform/Developer/SDKs/iPhoneOS26.1.sdk/Developer/Library/Frameworks -c -j12 -enable-batch-mode -incremental -Xcc -ivfsstatcache -Xcc /Users/emanuelflury/Library/Developer/Xcode/DerivedData/SDKStatCaches.noindex/iphoneos26.1-23B77-69b33fc7382b27d9b5d46e82a00f8e78.sdkstatcache -output-file-map /Users/emanuelflury/Library/Developer/Xcode/DerivedData/TaxedGmbH_IOS-gerngfqzuwudosgobknlgtoawnlj/Build/Intermediates.noindex/Firebase.build/Debug-iphoneos/FirebaseFirestore.build/Objects-normal/arm64/FirebaseFirestore-OutputFileMap.json -use-frontend-parseable-output -save-temps -no-color-diagnostics -explicit-module-build -module-cache-path /Users/emanuelflury/Library/Developer/Xcode/DerivedData/TaxedGmbH_IOS-gerngfqzuwudosgobknlgtoawnlj/Build/Intermediates.noindex/SwiftExplicitPrecompiledModules -clang-scanner-module-cache-path /Users/emanuelflury/Library/Developer/Xcode/DerivedData/ModuleCache.noindex -sdk-module-cache-path /Users/emanuelflury/Library/Developer/Xcode/DerivedData/ModuleCache.noindex -serialize-diagnostics -emit-dependencies -emit-module -emit-module-path /Users/emanuelflury/Library/Developer/Xcode/DerivedData/TaxedGmbH_IOS-gerngfqzuwudosgobknlgtoawnlj/Build/Intermediates.noindex/Firebase.build/Debug-iphoneos/FirebaseFirestore.build/Objects-normal/arm64/FirebaseFirestore.swiftmodule -user-module-version 12.6.0 -validate-clang-modules-once -clang-build-session-file /Users/emanuelflury/Library/Developer/Xcode/DerivedData/ModuleCache.noindex/Session.modulevalidation -package-name firebase_ios_sdk -Xcc -I/Users/emanuelflury/Library/Developer/Xcode/DerivedData/TaxedGmbH_IOS-gerngfqzuwudosgobknlgtoawnlj/Build/Intermediates.noindex/Firebase.build/Debug-iphoneos/FirebaseFirestore.build/swift-overrides.hmap -emit-const-values -Xfrontend -const-gather-protocols-file -Xfrontend /Users/emanuelflury/Library/Developer/Xcode/DerivedData/TaxedGmbH_IOS-gerngfqzuwudosgobknlgtoawnlj/Build/Intermediates.noindex/Firebase.build/Debug-iphoneos/FirebaseFirestore.build/Objects-normal/arm64/FirebaseFirestore_const_extract_protocols.json -Xcc -I/Users/emanuelflury/Library/Developer/Xcode/DerivedData/TaxedGmbH_IOS-gerngfqzuwudosgobknlgtoawnlj/SourcePackages/checkouts/GoogleUtilities/GoogleUtilities/NSData+zlib/Public -Xcc -I/Users/emanuelflury/Library/Developer/Xcode/DerivedData/TaxedGmbH_IOS-gerngfqzuwudosgobknlgtoawnlj/SourcePackages/checkouts/GoogleUtilities/GoogleUtilities/Environment/Public -Xcc -I/Users/emanuelflury/Library/Developer/Xcode/DerivedData/TaxedGmbH_IOS-gerngfqzuwudosgobknlgtoawnlj/SourcePackages/checkouts/GoogleUtilities/third_party/IsAppEncrypted/Public -Xcc -I/Users/emanuelflury/Library/Developer/Xcode/DerivedData/TaxedGmbH_IOS-gerngfqzuwudosgobknlgtoawnlj/SourcePackages/checkouts/GoogleUtilities/GoogleUtilities/Logger/Public -Xcc -I/Users/emanuelflury/Library/Developer/Xcode/DerivedData/TaxedGmbH_IOS-gerngfqzuwudosgobknlgtoawnlj/SourcePackages/checkouts/abseil-cpp-binary/absl-Wrapper/include -Xcc -I/Users/emanuelflury/Library/Developer/Xcode/DerivedData/TaxedGmbH_IOS-gerngfqzuwudosgobknlgtoawnlj/SourcePackages/checkouts/grpc-binary/openssl-grpc-Wrapper/include -Xcc -I/Users/emanuelflury/Library/Developer/Xcode/DerivedData/TaxedGmbH_IOS-gerngfqzuwudosgobknlgtoawnlj/SourcePackages/checkouts/grpc-binary/grpc-Wrapper/include -Xcc -I/Users/emanuelflury/Library/Developer/Xcode/DerivedData/TaxedGmbH_IOS-gerngfqzuwudosgobknlgtoawnlj/SourcePackages/checkouts/grpc-binary/grpcpp-Wrapper/include -Xcc -I/Users/emanuelflury/Library/Developer/Xcode/DerivedData/TaxedGmbH_IOS-gerngfqzuwudosgobknlgtoawnlj/SourcePackages/checkouts/nanopb/spm_headers -Xcc -I/Users/emanuelflury/Library/Developer/Xcode/DerivedData/TaxedGmbH_IOS-gerngfqzuwudosgobknlgtoawnlj/SourcePackages/checkouts/leveldb/include -Xcc -I/Users/emanuelflury/Library/Developer/Xcode/DerivedData/TaxedGmbH_IOS-gerngfqzuwudosgobknlgtoawnlj/SourcePackages/checkouts/firebase-ios-sdk/FirebaseCore/Extension -Xcc -I/Users/emanuelflury/Library/Developer/Xcode/DerivedData/TaxedGmbH_IOS-gerngfqzuwudosgobknlgtoawnlj/SourcePackages/checkouts/firebase-ios-sdk/FirebaseCore/Sources/Public -Xcc -I/Users/emanuelflury/Library/Developer/Xcode/DerivedData/TaxedGmbH_IOS-gerngfqzuwudosgobknlgtoawnlj/SourcePackages/checkouts/firebase-ios-sdk/CoreOnly/Sources -Xcc -I/Users/emanuelflury/Library/Developer/Xcode/DerivedData/TaxedGmbH_IOS-gerngfqzuwudosgobknlgtoawnlj/SourcePackages/checkouts/firebase-ios-sdk/FirebaseAppCheck/Interop/Public -Xcc -I/Users/emanuelflury/Library/Developer/Xcode/DerivedData/TaxedGmbH_IOS-gerngfqzuwudosgobknlgtoawnlj/SourcePackages/checkouts/firebase-ios-sdk/FirebaseFirestoreInternal -Xcc -I/Users/emanuelflury/Library/Developer/Xcode/DerivedData/TaxedGmbH_IOS-gerngfqzuwudosgobknlgtoawnlj/Build/Products/Debug-iphoneos/include -Xcc -I/Users/emanuelflury/Library/Developer/Xcode/DerivedData/TaxedGmbH_IOS-gerngfqzuwudosgobknlgtoawnlj/Build/Intermediates.noindex/Firebase.build/Debug-iphoneos/FirebaseFirestore.build/DerivedSources-normal/arm64 -Xcc -I/Users/emanuelflury/Library/Developer/Xcode/DerivedData/TaxedGmbH_IOS-gerngfqzuwudosgobknlgtoawnlj/Build/Intermediates.noindex/Firebase.build/Debug-iphoneos/FirebaseFirestore.build/DerivedSources/arm64 -Xcc -I/Users/emanuelflury/Library/Developer/Xcode/DerivedData/TaxedGmbH_IOS-gerngfqzuwudosgobknlgtoawnlj/Build/Intermediates.noindex/Firebase.build/Debug-iphoneos/FirebaseFirestore.build/DerivedSources -Xcc -DSWIFT_PACKAGE -Xcc -DDEBUG\=1 -emit-objc-header -emit-objc-header-path /Users/emanuelflury/Library/Developer/Xcode/DerivedData/TaxedGmbH_IOS-gerngfqzuwudosgobknlgtoawnlj/Build/Intermediates.noindex/Firebase.build/Debug-iphoneos/FirebaseFirestore.build/Objects-normal/arm64/FirebaseFirestore-Swift.h -working-directory /Users/emanuelflury/github/TaxedGmbH_IOS/TaxedGmbH_IOS.xcodeproj -experimental-emit-module-separately -disable-cmo

ScanDependencies /Users/emanuelflury/Library/Developer/Xcode/DerivedData/TaxedGmbH_IOS-gerngfqzuwudosgobknlgtoawnlj/Build/Intermediates.noindex/Firebase.build/Debug-iphoneos/FirebaseAnalyticsWrapper.build/Objects-normal/arm64/dummy.o /Users/emanuelflury/Library/Developer/Xcode/DerivedData/TaxedGmbH_IOS-gerngfqzuwudosgobknlgtoawnlj/SourcePackages/checkouts/firebase-ios-sdk/FirebaseAnalyticsWrapper/dummy.m normal arm64 objective-c com.apple.compilers.llvm.clang.1_0.compiler (in target 'FirebaseAnalyticsWrapper' from project 'Firebase')
    cd /Users/emanuelflury/github/TaxedGmbH_IOS/TaxedGmbH_IOS.xcodeproj
    
    Using response file: /Users/emanuelflury/Library/Developer/Xcode/DerivedData/TaxedGmbH_IOS-gerngfqzuwudosgobknlgtoawnlj/Build/Intermediates.noindex/Firebase.build/Debug-iphoneos/FirebaseAnalyticsWrapper.build/Objects-normal/arm64/e6072d4f65d7061329687fe24e3d63a7-common-args.resp
    
    builtin-ScanDependencies -o /Users/emanuelflury/Library/Developer/Xcode/DerivedData/TaxedGmbH_IOS-gerngfqzuwudosgobknlgtoawnlj/Build/Intermediates.noindex/Firebase.build/Debug-iphoneos/FirebaseAnalyticsWrapper.build/Objects-normal/arm64/dummy.o.scan -- /Applications/Xcode.app/Contents/Developer/Toolchains/XcodeDefault.xctoolchain/usr/bin/clang -x objective-c -ivfsstatcache /Users/emanuelflury/Library/Developer/Xcode/DerivedData/SDKStatCaches.noindex/iphoneos26.1-23B77-69b33fc7382b27d9b5d46e82a00f8e78.sdkstatcache -fmessage-length\=0 -fdiagnostics-show-note-include-stack -fmacro-backtrace-limit\=0 -fno-color-diagnostics -fmodules-prune-interval\=86400 -fmodules-prune-after\=345600 -fbuild-session-file\=/Users/emanuelflury/Library/Developer/Xcode/DerivedData/ModuleCache.noindex/Session.modulevalidation -fmodules-validate-once-per-build-session -Wnon-modular-include-in-framework-module -Werror\=non-modular-include-in-framework-module -Wno-trigraphs -Wno-missing-field-initializers -Wno-missing-prototypes -Wno-return-type -Wno-implicit-atomic-properties -Wno-objc-interface-ivars -Wno-arc-repeated-use-of-weak -Wno-missing-braces -Wparentheses -Wswitch -Wno-unused-function -Wno-unused-label -Wno-unused-parameter -Wno-unused-variable -Wunused-value -Wno-empty-body -Wno-uninitialized -Wno-unknown-pragmas -w -Wno-shadow -Wno-four-char-constants -Wno-conversion -Wno-constant-conversion -Wno-int-conversion -Wno-bool-conversion -Wno-enum-conversion -Wno-float-conversion -Wno-non-literal-null-conversion -Wno-objc-literal-conversion -Wshorten-64-to-32 -Wpointer-sign -Wno-newline-eof -Wno-selector -Wno-strict-selector-match -Wno-undeclared-selector -Wno-deprecated-implementations -Wno-implicit-fallthrough -fstrict-aliasing -Wprotocol -Wdeprecated-declarations -Wno-sign-conversion -Wno-infinite-recursion -Wno-comma -Wno-block-capture-autoreleasing -Wno-strict-prototypes -Wno-semicolon-before-method-body -index-store-path /Users/emanuelflury/Library/Developer/Xcode/DerivedData/TaxedGmbH_IOS-gerngfqzuwudosgobknlgtoawnlj/Index.noindex/DataStore @/Users/emanuelflury/Library/Developer/Xcode/DerivedData/TaxedGmbH_IOS-gerngfqzuwudosgobknlgtoawnlj/Build/Intermediates.noindex/Firebase.build/Debug-iphoneos/FirebaseAnalyticsWrapper.build/Objects-normal/arm64/e6072d4f65d7061329687fe24e3d63a7-common-args.resp -MMD -MT dependencies -MF /Users/emanuelflury/Library/Developer/Xcode/DerivedData/TaxedGmbH_IOS-gerngfqzuwudosgobknlgtoawnlj/Build/Intermediates.noindex/Firebase.build/Debug-iphoneos/FirebaseAnalyticsWrapper.build/Objects-normal/arm64/dummy.d --serialize-diagnostics /Users/emanuelflury/Library/Developer/Xcode/DerivedData/TaxedGmbH_IOS-gerngfqzuwudosgobknlgtoawnlj/Build/Intermediates.noindex/Firebase.build/Debug-iphoneos/FirebaseAnalyticsWrapper.build/Objects-normal/arm64/dummy.dia -c /Users/emanuelflury/Library/Developer/Xcode/DerivedData/TaxedGmbH_IOS-gerngfqzuwudosgobknlgtoawnlj/SourcePackages/checkouts/firebase-ios-sdk/FirebaseAnalyticsWrapper/dummy.m -o /Users/emanuelflury/Library/Developer/Xcode/DerivedData/TaxedGmbH_IOS-gerngfqzuwudosgobknlgtoawnlj/Build/Intermediates.noindex/Firebase.build/Debug-iphoneos/FirebaseAnalyticsWrapper.build/Objects-normal/arm64/dummy.o -index-unit-output-path /Firebase.build/Debug-iphoneos/FirebaseAnalyticsWrapper.build/Objects-normal/arm64/dummy.o

PrecompileModule /Users/emanuelflury/Library/Developer/Xcode/DerivedData/TaxedGmbH_IOS-gerngfqzuwudosgobknlgtoawnlj/Build/Intermediates.noindex/ExplicitPrecompiledModules/UIKit-8ZV62NHJYI5BY8DCBKRSNXS60.scan
    cd /
    builtin-precompileModule /Users/emanuelflury/Library/Developer/Xcode/DerivedData/TaxedGmbH_IOS-gerngfqzuwudosgobknlgtoawnlj/Build/Intermediates.noindex/ExplicitPrecompiledModules/UIKit-8ZV62NHJYI5BY8DCBKRSNXS60.scan

RegisterExecutionPolicyException /Users/emanuelflury/Library/Developer/Xcode/DerivedData/TaxedGmbH_IOS-gerngfqzuwudosgobknlgtoawnlj/Build/Products/Debug-iphoneos/FirebaseCoreInternal.o (in target 'FirebaseCoreInternal' from project 'Firebase')
    cd /Users/emanuelflury/Library/Developer/Xcode/DerivedData/TaxedGmbH_IOS-gerngfqzuwudosgobknlgtoawnlj/SourcePackages/checkouts/firebase-ios-sdk
    builtin-RegisterExecutionPolicyException /Users/emanuelflury/Library/Developer/Xcode/DerivedData/TaxedGmbH_IOS-gerngfqzuwudosgobknlgtoawnlj/Build/Products/Debug-iphoneos/FirebaseCoreInternal.o

CompileC /Users/emanuelflury/Library/Developer/Xcode/DerivedData/TaxedGmbH_IOS-gerngfqzuwudosgobknlgtoawnlj/Build/Intermediates.noindex/Firebase.build/Debug-iphoneos/FirebaseAnalyticsWrapper.build/Objects-normal/arm64/dummy.o /Users/emanuelflury/Library/Developer/Xcode/DerivedData/TaxedGmbH_IOS-gerngfqzuwudosgobknlgtoawnlj/SourcePackages/checkouts/firebase-ios-sdk/FirebaseAnalyticsWrapper/dummy.m normal arm64 objective-c com.apple.compilers.llvm.clang.1_0.compiler (in target 'FirebaseAnalyticsWrapper' from project 'Firebase')
    cd /Users/emanuelflury/github/TaxedGmbH_IOS/TaxedGmbH_IOS.xcodeproj
    
    Using response file: /Users/emanuelflury/Library/Developer/Xcode/DerivedData/TaxedGmbH_IOS-gerngfqzuwudosgobknlgtoawnlj/Build/Intermediates.noindex/Firebase.build/Debug-iphoneos/FirebaseAnalyticsWrapper.build/Objects-normal/arm64/e6072d4f65d7061329687fe24e3d63a7-common-args.resp
    
    /Applications/Xcode.app/Contents/Developer/Toolchains/XcodeDefault.xctoolchain/usr/bin/clang -x objective-c -ivfsstatcache /Users/emanuelflury/Library/Developer/Xcode/DerivedData/SDKStatCaches.noindex/iphoneos26.1-23B77-69b33fc7382b27d9b5d46e82a00f8e78.sdkstatcache -fmessage-length\=0 -fdiagnostics-show-note-include-stack -fmacro-backtrace-limit\=0 -fno-color-diagnostics -fmodules-prune-interval\=86400 -fmodules-prune-after\=345600 -fbuild-session-file\=/Users/emanuelflury/Library/Developer/Xcode/DerivedData/ModuleCache.noindex/Session.modulevalidation -fmodules-validate-once-per-build-session -Wnon-modular-include-in-framework-module -Werror\=non-modular-include-in-framework-module -Wno-trigraphs -Wno-missing-field-initializers -Wno-missing-prototypes -Wno-return-type -Wno-implicit-atomic-properties -Wno-objc-interface-ivars -Wno-arc-repeated-use-of-weak -Wno-missing-braces -Wparentheses -Wswitch -Wno-unused-function -Wno-unused-label -Wno-unused-parameter -Wno-unused-variable -Wunused-value -Wno-empty-body -Wno-uninitialized -Wno-unknown-pragmas -w -Wno-shadow -Wno-four-char-constants -Wno-conversion -Wno-constant-conversion -Wno-int-conversion -Wno-bool-conversion -Wno-enum-conversion -Wno-float-conversion -Wno-non-literal-null-conversion -Wno-objc-literal-conversion -Wshorten-64-to-32 -Wpointer-sign -Wno-newline-eof -Wno-selector -Wno-strict-selector-match -Wno-undeclared-selector -Wno-deprecated-implementations -Wno-implicit-fallthrough -fstrict-aliasing -Wprotocol -Wdeprecated-declarations -Wno-sign-conversion -Wno-infinite-recursion -Wno-comma -Wno-block-capture-autoreleasing -Wno-strict-prototypes -Wno-semicolon-before-method-body -index-store-path /Users/emanuelflury/Library/Developer/Xcode/DerivedData/TaxedGmbH_IOS-gerngfqzuwudosgobknlgtoawnlj/Index.noindex/DataStore @/Users/emanuelflury/Library/Developer/Xcode/DerivedData/TaxedGmbH_IOS-gerngfqzuwudosgobknlgtoawnlj/Build/Intermediates.noindex/Firebase.build/Debug-iphoneos/FirebaseAnalyticsWrapper.build/Objects-normal/arm64/e6072d4f65d7061329687fe24e3d63a7-common-args.resp -MMD -MT dependencies -MF /Users/emanuelflury/Library/Developer/Xcode/DerivedData/TaxedGmbH_IOS-gerngfqzuwudosgobknlgtoawnlj/Build/Intermediates.noindex/Firebase.build/Debug-iphoneos/FirebaseAnalyticsWrapper.build/Objects-normal/arm64/dummy.d --serialize-diagnostics /Users/emanuelflury/Library/Developer/Xcode/DerivedData/TaxedGmbH_IOS-gerngfqzuwudosgobknlgtoawnlj/Build/Intermediates.noindex/Firebase.build/Debug-iphoneos/FirebaseAnalyticsWrapper.build/Objects-normal/arm64/dummy.dia -c /Users/emanuelflury/Library/Developer/Xcode/DerivedData/TaxedGmbH_IOS-gerngfqzuwudosgobknlgtoawnlj/SourcePackages/checkouts/firebase-ios-sdk/FirebaseAnalyticsWrapper/dummy.m -o /Users/emanuelflury/Library/Developer/Xcode/DerivedData/TaxedGmbH_IOS-gerngfqzuwudosgobknlgtoawnlj/Build/Intermediates.noindex/Firebase.build/Debug-iphoneos/FirebaseAnalyticsWrapper.build/Objects-normal/arm64/dummy.o -index-unit-output-path /Firebase.build/Debug-iphoneos/FirebaseAnalyticsWrapper.build/Objects-normal/arm64/dummy.o

RegisterExecutionPolicyException /Users/emanuelflury/Library/Developer/Xcode/DerivedData/TaxedGmbH_IOS-gerngfqzuwudosgobknlgtoawnlj/Build/Products/Debug-iphoneos/GoogleUtilities-Network.o (in target 'GoogleUtilities-Network' from project 'GoogleUtilities')
    cd /Users/emanuelflury/Library/Developer/Xcode/DerivedData/TaxedGmbH_IOS-gerngfqzuwudosgobknlgtoawnlj/SourcePackages/checkouts/GoogleUtilities
    builtin-RegisterExecutionPolicyException /Users/emanuelflury/Library/Developer/Xcode/DerivedData/TaxedGmbH_IOS-gerngfqzuwudosgobknlgtoawnlj/Build/Products/Debug-iphoneos/GoogleUtilities-Network.o

SwiftDriverJobDiscovery normal arm64 Compiling HTTPSCallable.swift (in target 'FirebaseFunctions' from project 'Firebase')

ScanDependencies /Users/emanuelflury/Library/Developer/Xcode/DerivedData/TaxedGmbH_IOS-gerngfqzuwudosgobknlgtoawnlj/Build/Intermediates.noindex/Firebase.build/Debug-iphoneos/FirebaseAnalyticsTarget.build/Objects-normal/arm64/dummy.o /Users/emanuelflury/Library/Developer/Xcode/DerivedData/TaxedGmbH_IOS-gerngfqzuwudosgobknlgtoawnlj/SourcePackages/checkouts/firebase-ios-sdk/SwiftPM-PlatformExclude/FirebaseAnalyticsWrap/dummy.m normal arm64 objective-c com.apple.compilers.llvm.clang.1_0.compiler (in target 'FirebaseAnalyticsTarget' from project 'Firebase')
    cd /Users/emanuelflury/github/TaxedGmbH_IOS/TaxedGmbH_IOS.xcodeproj
    
    Using response file: /Users/emanuelflury/Library/Developer/Xcode/DerivedData/TaxedGmbH_IOS-gerngfqzuwudosgobknlgtoawnlj/Build/Intermediates.noindex/Firebase.build/Debug-iphoneos/FirebaseAnalyticsTarget.build/Objects-normal/arm64/e6072d4f65d7061329687fe24e3d63a7-common-args.resp
    
    builtin-ScanDependencies -o /Users/emanuelflury/Library/Developer/Xcode/DerivedData/TaxedGmbH_IOS-gerngfqzuwudosgobknlgtoawnlj/Build/Intermediates.noindex/Firebase.build/Debug-iphoneos/FirebaseAnalyticsTarget.build/Objects-normal/arm64/dummy.o.scan -- /Applications/Xcode.app/Contents/Developer/Toolchains/XcodeDefault.xctoolchain/usr/bin/clang -x objective-c -ivfsstatcache /Users/emanuelflury/Library/Developer/Xcode/DerivedData/SDKStatCaches.noindex/iphoneos26.1-23B77-69b33fc7382b27d9b5d46e82a00f8e78.sdkstatcache -fmessage-length\=0 -fdiagnostics-show-note-include-stack -fmacro-backtrace-limit\=0 -fno-color-diagnostics -fmodules-prune-interval\=86400 -fmodules-prune-after\=345600 -fbuild-session-file\=/Users/emanuelflury/Library/Developer/Xcode/DerivedData/ModuleCache.noindex/Session.modulevalidation -fmodules-validate-once-per-build-session -Wnon-modular-include-in-framework-module -Werror\=non-modular-include-in-framework-module -Wno-trigraphs -Wno-missing-field-initializers -Wno-missing-prototypes -Wno-return-type -Wno-implicit-atomic-properties -Wno-objc-interface-ivars -Wno-arc-repeated-use-of-weak -Wno-missing-braces -Wparentheses -Wswitch -Wno-unused-function -Wno-unused-label -Wno-unused-parameter -Wno-unused-variable -Wunused-value -Wno-empty-body -Wno-uninitialized -Wno-unknown-pragmas -w -Wno-shadow -Wno-four-char-constants -Wno-conversion -Wno-constant-conversion -Wno-int-conversion -Wno-bool-conversion -Wno-enum-conversion -Wno-float-conversion -Wno-non-literal-null-conversion -Wno-objc-literal-conversion -Wshorten-64-to-32 -Wpointer-sign -Wno-newline-eof -Wno-selector -Wno-strict-selector-match -Wno-undeclared-selector -Wno-deprecated-implementations -Wno-implicit-fallthrough -fstrict-aliasing -Wprotocol -Wdeprecated-declarations -Wno-sign-conversion -Wno-infinite-recursion -Wno-comma -Wno-block-capture-autoreleasing -Wno-strict-prototypes -Wno-semicolon-before-method-body -index-store-path /Users/emanuelflury/Library/Developer/Xcode/DerivedData/TaxedGmbH_IOS-gerngfqzuwudosgobknlgtoawnlj/Index.noindex/DataStore @/Users/emanuelflury/Library/Developer/Xcode/DerivedData/TaxedGmbH_IOS-gerngfqzuwudosgobknlgtoawnlj/Build/Intermediates.noindex/Firebase.build/Debug-iphoneos/FirebaseAnalyticsTarget.build/Objects-normal/arm64/e6072d4f65d7061329687fe24e3d63a7-common-args.resp -MMD -MT dependencies -MF /Users/emanuelflury/Library/Developer/Xcode/DerivedData/TaxedGmbH_IOS-gerngfqzuwudosgobknlgtoawnlj/Build/Intermediates.noindex/Firebase.build/Debug-iphoneos/FirebaseAnalyticsTarget.build/Objects-normal/arm64/dummy.d --serialize-diagnostics /Users/emanuelflury/Library/Developer/Xcode/DerivedData/TaxedGmbH_IOS-gerngfqzuwudosgobknlgtoawnlj/Build/Intermediates.noindex/Firebase.build/Debug-iphoneos/FirebaseAnalyticsTarget.build/Objects-normal/arm64/dummy.dia -c /Users/emanuelflury/Library/Developer/Xcode/DerivedData/TaxedGmbH_IOS-gerngfqzuwudosgobknlgtoawnlj/SourcePackages/checkouts/firebase-ios-sdk/SwiftPM-PlatformExclude/FirebaseAnalyticsWrap/dummy.m -o /Users/emanuelflury/Library/Developer/Xcode/DerivedData/TaxedGmbH_IOS-gerngfqzuwudosgobknlgtoawnlj/Build/Intermediates.noindex/Firebase.build/Debug-iphoneos/FirebaseAnalyticsTarget.build/Objects-normal/arm64/dummy.o -index-unit-output-path /Firebase.build/Debug-iphoneos/FirebaseAnalyticsTarget.build/Objects-normal/arm64/dummy.o

Ld /Users/emanuelflury/Library/Developer/Xcode/DerivedData/TaxedGmbH_IOS-gerngfqzuwudosgobknlgtoawnlj/Build/Products/Debug-iphoneos/GoogleUtilities-AppDelegateSwizzler.o normal (in target 'GoogleUtilities-AppDelegateSwizzler' from project 'GoogleUtilities')
    cd /Users/emanuelflury/Library/Developer/Xcode/DerivedData/TaxedGmbH_IOS-gerngfqzuwudosgobknlgtoawnlj/SourcePackages/checkouts/GoogleUtilities
    /Applications/Xcode.app/Contents/Developer/Toolchains/XcodeDefault.xctoolchain/usr/bin/clang -Xlinker -reproducible -target arm64-apple-ios12.0 -r -isysroot /Applications/Xcode.app/Contents/Developer/Platforms/iPhoneOS.platform/Developer/SDKs/iPhoneOS26.1.sdk -O0 -w -L/Users/emanuelflury/Library/Developer/Xcode/DerivedData/TaxedGmbH_IOS-gerngfqzuwudosgobknlgtoawnlj/Build/Intermediates.noindex/EagerLinkingTBDs/Debug-iphoneos -L/Users/emanuelflury/Library/Developer/Xcode/DerivedData/TaxedGmbH_IOS-gerngfqzuwudosgobknlgtoawnlj/Build/Products/Debug-iphoneos -L/Applications/Xcode.app/Contents/Developer/Platforms/iPhoneOS.platform/Developer/usr/lib -F/Users/emanuelflury/Library/Developer/Xcode/DerivedData/TaxedGmbH_IOS-gerngfqzuwudosgobknlgtoawnlj/Build/Intermediates.noindex/EagerLinkingTBDs/Debug-iphoneos -F/Users/emanuelflury/Library/Developer/Xcode/DerivedData/TaxedGmbH_IOS-gerngfqzuwudosgobknlgtoawnlj/Build/Products/Debug-iphoneos/PackageFrameworks -F/Users/emanuelflury/Library/Developer/Xcode/DerivedData/TaxedGmbH_IOS-gerngfqzuwudosgobknlgtoawnlj/Build/Products/Debug-iphoneos/PackageFrameworks -F/Users/emanuelflury/Library/Developer/Xcode/DerivedData/TaxedGmbH_IOS-gerngfqzuwudosgobknlgtoawnlj/Build/Products/Debug-iphoneos/PackageFrameworks -F/Users/emanuelflury/Library/Developer/Xcode/DerivedData/TaxedGmbH_IOS-gerngfqzuwudosgobknlgtoawnlj/Build/Products/Debug-iphoneos/PackageFrameworks -F/Users/emanuelflury/Library/Developer/Xcode/DerivedData/TaxedGmbH_IOS-gerngfqzuwudosgobknlgtoawnlj/Build/Products/Debug-iphoneos/PackageFrameworks -F/Users/emanuelflury/Library/Developer/Xcode/DerivedData/TaxedGmbH_IOS-gerngfqzuwudosgobknlgtoawnlj/Build/Products/Debug-iphoneos/PackageFrameworks -F/Users/emanuelflury/Library/Developer/Xcode/DerivedData/TaxedGmbH_IOS-gerngfqzuwudosgobknlgtoawnlj/Build/Products/Debug-iphoneos -iframework /Applications/Xcode.app/Contents/Developer/Platforms/iPhoneOS.platform/Developer/Library/Frameworks -iframework /Applications/Xcode.app/Contents/Developer/Platforms/iPhoneOS.platform/Developer/SDKs/iPhoneOS26.1.sdk/Developer/Library/Frameworks -filelist /Users/emanuelflury/Library/Developer/Xcode/DerivedData/TaxedGmbH_IOS-gerngfqzuwudosgobknlgtoawnlj/Build/Intermediates.noindex/GoogleUtilities.build/Debug-iphoneos/GoogleUtilities-AppDelegateSwizzler.build/Objects-normal/arm64/GoogleUtilities-AppDelegateSwizzler.LinkFileList -nostdlib -Xlinker -object_path_lto -Xlinker /Users/emanuelflury/Library/Developer/Xcode/DerivedData/TaxedGmbH_IOS-gerngfqzuwudosgobknlgtoawnlj/Build/Intermediates.noindex/GoogleUtilities.build/Debug-iphoneos/GoogleUtilities-AppDelegateSwizzler.build/Objects-normal/arm64/GoogleUtilities-AppDelegateSwizzler_lto.o -rdynamic -Xlinker -no_deduplicate -Xlinker -debug_variant -Xlinker -dependency_info -Xlinker /Users/emanuelflury/Library/Developer/Xcode/DerivedData/TaxedGmbH_IOS-gerngfqzuwudosgobknlgtoawnlj/Build/Intermediates.noindex/GoogleUtilities.build/Debug-iphoneos/GoogleUtilities-AppDelegateSwizzler.build/Objects-normal/arm64/GoogleUtilities-AppDelegateSwizzler_dependency_info.dat -fobjc-arc -fobjc-link-runtime -o /Users/emanuelflury/Library/Developer/Xcode/DerivedData/TaxedGmbH_IOS-gerngfqzuwudosgobknlgtoawnlj/Build/Products/Debug-iphoneos/GoogleUtilities-AppDelegateSwizzler.o

Ld /Users/emanuelflury/Library/Developer/Xcode/DerivedData/TaxedGmbH_IOS-gerngfqzuwudosgobknlgtoawnlj/Build/Products/Debug-iphoneos/GoogleAdsOnDeviceConversionTarget.o normal (in target 'GoogleAdsOnDeviceConversionTarget' from project 'GoogleAdsOnDeviceConversion')
    cd /Users/emanuelflury/Library/Developer/Xcode/DerivedData/TaxedGmbH_IOS-gerngfqzuwudosgobknlgtoawnlj/SourcePackages/checkouts/google-ads-on-device-conversion-ios-sdk
    /Applications/Xcode.app/Contents/Developer/Toolchains/XcodeDefault.xctoolchain/usr/bin/clang -Xlinker -reproducible -target arm64-apple-ios12.0 -r -isysroot /Applications/Xcode.app/Contents/Developer/Platforms/iPhoneOS.platform/Developer/SDKs/iPhoneOS26.1.sdk -O0 -w -L/Users/emanuelflury/Library/Developer/Xcode/DerivedData/TaxedGmbH_IOS-gerngfqzuwudosgobknlgtoawnlj/Build/Intermediates.noindex/EagerLinkingTBDs/Debug-iphoneos -L/Users/emanuelflury/Library/Developer/Xcode/DerivedData/TaxedGmbH_IOS-gerngfqzuwudosgobknlgtoawnlj/Build/Products/Debug-iphoneos -L/Applications/Xcode.app/Contents/Developer/Platforms/iPhoneOS.platform/Developer/usr/lib -F/Users/emanuelflury/Library/Developer/Xcode/DerivedData/TaxedGmbH_IOS-gerngfqzuwudosgobknlgtoawnlj/Build/Intermediates.noindex/EagerLinkingTBDs/Debug-iphoneos -F/Users/emanuelflury/Library/Developer/Xcode/DerivedData/TaxedGmbH_IOS-gerngfqzuwudosgobknlgtoawnlj/Build/Products/Debug-iphoneos/PackageFrameworks -F/Users/emanuelflury/Library/Developer/Xcode/DerivedData/TaxedGmbH_IOS-gerngfqzuwudosgobknlgtoawnlj/Build/Products/Debug-iphoneos/PackageFrameworks -F/Users/emanuelflury/Library/Developer/Xcode/DerivedData/TaxedGmbH_IOS-gerngfqzuwudosgobknlgtoawnlj/Build/Products/Debug-iphoneos/PackageFrameworks -F/Users/emanuelflury/Library/Developer/Xcode/DerivedData/TaxedGmbH_IOS-gerngfqzuwudosgobknlgtoawnlj/Build/Products/Debug-iphoneos/PackageFrameworks -F/Users/emanuelflury/Library/Developer/Xcode/DerivedData/TaxedGmbH_IOS-gerngfqzuwudosgobknlgtoawnlj/Build/Products/Debug-iphoneos/PackageFrameworks -F/Users/emanuelflury/Library/Developer/Xcode/DerivedData/TaxedGmbH_IOS-gerngfqzuwudosgobknlgtoawnlj/Build/Products/Debug-iphoneos/PackageFrameworks -F/Users/emanuelflury/Library/Developer/Xcode/DerivedData/TaxedGmbH_IOS-gerngfqzuwudosgobknlgtoawnlj/Build/Products/Debug-iphoneos/PackageFrameworks -F/Users/emanuelflury/Library/Developer/Xcode/DerivedData/TaxedGmbH_IOS-gerngfqzuwudosgobknlgtoawnlj/Build/Products/Debug-iphoneos -iframework /Applications/Xcode.app/Contents/Developer/Platforms/iPhoneOS.platform/Developer/Library/Frameworks -iframework /Applications/Xcode.app/Contents/Developer/Platforms/iPhoneOS.platform/Developer/SDKs/iPhoneOS26.1.sdk/Developer/Library/Frameworks -filelist /Users/emanuelflury/Library/Developer/Xcode/DerivedData/TaxedGmbH_IOS-gerngfqzuwudosgobknlgtoawnlj/Build/Intermediates.noindex/GoogleAdsOnDeviceConversion.build/Debug-iphoneos/GoogleAdsOnDeviceConversionTarget.build/Objects-normal/arm64/GoogleAdsOnDeviceConversionTarget.LinkFileList -nostdlib -Xlinker -object_path_lto -Xlinker /Users/emanuelflury/Library/Developer/Xcode/DerivedData/TaxedGmbH_IOS-gerngfqzuwudosgobknlgtoawnlj/Build/Intermediates.noindex/GoogleAdsOnDeviceConversion.build/Debug-iphoneos/GoogleAdsOnDeviceConversionTarget.build/Objects-normal/arm64/GoogleAdsOnDeviceConversionTarget_lto.o -rdynamic -Xlinker -no_deduplicate -Xlinker -debug_variant -Xlinker -dependency_info -Xlinker /Users/emanuelflury/Library/Developer/Xcode/DerivedData/TaxedGmbH_IOS-gerngfqzuwudosgobknlgtoawnlj/Build/Intermediates.noindex/GoogleAdsOnDeviceConversion.build/Debug-iphoneos/GoogleAdsOnDeviceConversionTarget.build/Objects-normal/arm64/GoogleAdsOnDeviceConversionTarget_dependency_info.dat -fobjc-arc -fobjc-link-runtime -o /Users/emanuelflury/Library/Developer/Xcode/DerivedData/TaxedGmbH_IOS-gerngfqzuwudosgobknlgtoawnlj/Build/Products/Debug-iphoneos/GoogleAdsOnDeviceConversionTarget.o

CompileC /Users/emanuelflury/Library/Developer/Xcode/DerivedData/TaxedGmbH_IOS-gerngfqzuwudosgobknlgtoawnlj/Build/Intermediates.noindex/Firebase.build/Debug-iphoneos/FirebaseAnalyticsTarget.build/Objects-normal/arm64/dummy.o /Users/emanuelflury/Library/Developer/Xcode/DerivedData/TaxedGmbH_IOS-gerngfqzuwudosgobknlgtoawnlj/SourcePackages/checkouts/firebase-ios-sdk/SwiftPM-PlatformExclude/FirebaseAnalyticsWrap/dummy.m normal arm64 objective-c com.apple.compilers.llvm.clang.1_0.compiler (in target 'FirebaseAnalyticsTarget' from project 'Firebase')
    cd /Users/emanuelflury/github/TaxedGmbH_IOS/TaxedGmbH_IOS.xcodeproj
    
    Using response file: /Users/emanuelflury/Library/Developer/Xcode/DerivedData/TaxedGmbH_IOS-gerngfqzuwudosgobknlgtoawnlj/Build/Intermediates.noindex/Firebase.build/Debug-iphoneos/FirebaseAnalyticsTarget.build/Objects-normal/arm64/e6072d4f65d7061329687fe24e3d63a7-common-args.resp
    
    /Applications/Xcode.app/Contents/Developer/Toolchains/XcodeDefault.xctoolchain/usr/bin/clang -x objective-c -ivfsstatcache /Users/emanuelflury/Library/Developer/Xcode/DerivedData/SDKStatCaches.noindex/iphoneos26.1-23B77-69b33fc7382b27d9b5d46e82a00f8e78.sdkstatcache -fmessage-length\=0 -fdiagnostics-show-note-include-stack -fmacro-backtrace-limit\=0 -fno-color-diagnostics -fmodules-prune-interval\=86400 -fmodules-prune-after\=345600 -fbuild-session-file\=/Users/emanuelflury/Library/Developer/Xcode/DerivedData/ModuleCache.noindex/Session.modulevalidation -fmodules-validate-once-per-build-session -Wnon-modular-include-in-framework-module -Werror\=non-modular-include-in-framework-module -Wno-trigraphs -Wno-missing-field-initializers -Wno-missing-prototypes -Wno-return-type -Wno-implicit-atomic-properties -Wno-objc-interface-ivars -Wno-arc-repeated-use-of-weak -Wno-missing-braces -Wparentheses -Wswitch -Wno-unused-function -Wno-unused-label -Wno-unused-parameter -Wno-unused-variable -Wunused-value -Wno-empty-body -Wno-uninitialized -Wno-unknown-pragmas -w -Wno-shadow -Wno-four-char-constants -Wno-conversion -Wno-constant-conversion -Wno-int-conversion -Wno-bool-conversion -Wno-enum-conversion -Wno-float-conversion -Wno-non-literal-null-conversion -Wno-objc-literal-conversion -Wshorten-64-to-32 -Wpointer-sign -Wno-newline-eof -Wno-selector -Wno-strict-selector-match -Wno-undeclared-selector -Wno-deprecated-implementations -Wno-implicit-fallthrough -fstrict-aliasing -Wprotocol -Wdeprecated-declarations -Wno-sign-conversion -Wno-infinite-recursion -Wno-comma -Wno-block-capture-autoreleasing -Wno-strict-prototypes -Wno-semicolon-before-method-body -index-store-path /Users/emanuelflury/Library/Developer/Xcode/DerivedData/TaxedGmbH_IOS-gerngfqzuwudosgobknlgtoawnlj/Index.noindex/DataStore @/Users/emanuelflury/Library/Developer/Xcode/DerivedData/TaxedGmbH_IOS-gerngfqzuwudosgobknlgtoawnlj/Build/Intermediates.noindex/Firebase.build/Debug-iphoneos/FirebaseAnalyticsTarget.build/Objects-normal/arm64/e6072d4f65d7061329687fe24e3d63a7-common-args.resp -MMD -MT dependencies -MF /Users/emanuelflury/Library/Developer/Xcode/DerivedData/TaxedGmbH_IOS-gerngfqzuwudosgobknlgtoawnlj/Build/Intermediates.noindex/Firebase.build/Debug-iphoneos/FirebaseAnalyticsTarget.build/Objects-normal/arm64/dummy.d --serialize-diagnostics /Users/emanuelflury/Library/Developer/Xcode/DerivedData/TaxedGmbH_IOS-gerngfqzuwudosgobknlgtoawnlj/Build/Intermediates.noindex/Firebase.build/Debug-iphoneos/FirebaseAnalyticsTarget.build/Objects-normal/arm64/dummy.dia -c /Users/emanuelflury/Library/Developer/Xcode/DerivedData/TaxedGmbH_IOS-gerngfqzuwudosgobknlgtoawnlj/SourcePackages/checkouts/firebase-ios-sdk/SwiftPM-PlatformExclude/FirebaseAnalyticsWrap/dummy.m -o /Users/emanuelflury/Library/Developer/Xcode/DerivedData/TaxedGmbH_IOS-gerngfqzuwudosgobknlgtoawnlj/Build/Intermediates.noindex/Firebase.build/Debug-iphoneos/FirebaseAnalyticsTarget.build/Objects-normal/arm64/dummy.o -index-unit-output-path /Firebase.build/Debug-iphoneos/FirebaseAnalyticsTarget.build/Objects-normal/arm64/dummy.o

SwiftDriverJobDiscovery normal arm64 Compiling FunctionsContext.swift (in target 'FirebaseFunctions' from project 'Firebase')

RegisterExecutionPolicyException /Users/emanuelflury/Library/Developer/Xcode/DerivedData/TaxedGmbH_IOS-gerngfqzuwudosgobknlgtoawnlj/Build/Products/Debug-iphoneos/GoogleUtilities-AppDelegateSwizzler.o (in target 'GoogleUtilities-AppDelegateSwizzler' from project 'GoogleUtilities')
    cd /Users/emanuelflury/Library/Developer/Xcode/DerivedData/TaxedGmbH_IOS-gerngfqzuwudosgobknlgtoawnlj/SourcePackages/checkouts/GoogleUtilities
    builtin-RegisterExecutionPolicyException /Users/emanuelflury/Library/Developer/Xcode/DerivedData/TaxedGmbH_IOS-gerngfqzuwudosgobknlgtoawnlj/Build/Products/Debug-iphoneos/GoogleUtilities-AppDelegateSwizzler.o

RegisterExecutionPolicyException /Users/emanuelflury/Library/Developer/Xcode/DerivedData/TaxedGmbH_IOS-gerngfqzuwudosgobknlgtoawnlj/Build/Products/Debug-iphoneos/GoogleAdsOnDeviceConversionTarget.o (in target 'GoogleAdsOnDeviceConversionTarget' from project 'GoogleAdsOnDeviceConversion')
    cd /Users/emanuelflury/Library/Developer/Xcode/DerivedData/TaxedGmbH_IOS-gerngfqzuwudosgobknlgtoawnlj/SourcePackages/checkouts/google-ads-on-device-conversion-ios-sdk
    builtin-RegisterExecutionPolicyException /Users/emanuelflury/Library/Developer/Xcode/DerivedData/TaxedGmbH_IOS-gerngfqzuwudosgobknlgtoawnlj/Build/Products/Debug-iphoneos/GoogleAdsOnDeviceConversionTarget.o

Ld /Users/emanuelflury/Library/Developer/Xcode/DerivedData/TaxedGmbH_IOS-gerngfqzuwudosgobknlgtoawnlj/Build/Products/Debug-iphoneos/GoogleAppMeasurementTarget.o normal (in target 'GoogleAppMeasurementTarget' from project 'GoogleAppMeasurement')
    cd /Users/emanuelflury/Library/Developer/Xcode/DerivedData/TaxedGmbH_IOS-gerngfqzuwudosgobknlgtoawnlj/SourcePackages/checkouts/GoogleAppMeasurement
    /Applications/Xcode.app/Contents/Developer/Toolchains/XcodeDefault.xctoolchain/usr/bin/clang -Xlinker -reproducible -target arm64-apple-ios15.0 -r -isysroot /Applications/Xcode.app/Contents/Developer/Platforms/iPhoneOS.platform/Developer/SDKs/iPhoneOS26.1.sdk -O0 -w -L/Users/emanuelflury/Library/Developer/Xcode/DerivedData/TaxedGmbH_IOS-gerngfqzuwudosgobknlgtoawnlj/Build/Intermediates.noindex/EagerLinkingTBDs/Debug-iphoneos -L/Users/emanuelflury/Library/Developer/Xcode/DerivedData/TaxedGmbH_IOS-gerngfqzuwudosgobknlgtoawnlj/Build/Products/Debug-iphoneos -L/Applications/Xcode.app/Contents/Developer/Platforms/iPhoneOS.platform/Developer/usr/lib -F/Users/emanuelflury/Library/Developer/Xcode/DerivedData/TaxedGmbH_IOS-gerngfqzuwudosgobknlgtoawnlj/Build/Intermediates.noindex/EagerLinkingTBDs/Debug-iphoneos -F/Users/emanuelflury/Library/Developer/Xcode/DerivedData/TaxedGmbH_IOS-gerngfqzuwudosgobknlgtoawnlj/Build/Products/Debug-iphoneos/PackageFrameworks -F/Users/emanuelflury/Library/Developer/Xcode/DerivedData/TaxedGmbH_IOS-gerngfqzuwudosgobknlgtoawnlj/Build/Products/Debug-iphoneos/PackageFrameworks -F/Users/emanuelflury/Library/Developer/Xcode/DerivedData/TaxedGmbH_IOS-gerngfqzuwudosgobknlgtoawnlj/Build/Products/Debug-iphoneos/PackageFrameworks -F/Users/emanuelflury/Library/Developer/Xcode/DerivedData/TaxedGmbH_IOS-gerngfqzuwudosgobknlgtoawnlj/Build/Products/Debug-iphoneos/PackageFrameworks -F/Users/emanuelflury/Library/Developer/Xcode/DerivedData/TaxedGmbH_IOS-gerngfqzuwudosgobknlgtoawnlj/Build/Products/Debug-iphoneos/PackageFrameworks -F/Users/emanuelflury/Library/Developer/Xcode/DerivedData/TaxedGmbH_IOS-gerngfqzuwudosgobknlgtoawnlj/Build/Products/Debug-iphoneos/PackageFrameworks -F/Users/emanuelflury/Library/Developer/Xcode/DerivedData/TaxedGmbH_IOS-gerngfqzuwudosgobknlgtoawnlj/Build/Products/Debug-iphoneos/PackageFrameworks -F/Users/emanuelflury/Library/Developer/Xcode/DerivedData/TaxedGmbH_IOS-gerngfqzuwudosgobknlgtoawnlj/Build/Products/Debug-iphoneos/PackageFrameworks -F/Users/emanuelflury/Library/Developer/Xcode/DerivedData/TaxedGmbH_IOS-gerngfqzuwudosgobknlgtoawnlj/Build/Products/Debug-iphoneos/PackageFrameworks -F/Users/emanuelflury/Library/Developer/Xcode/DerivedData/TaxedGmbH_IOS-gerngfqzuwudosgobknlgtoawnlj/Build/Products/Debug-iphoneos/PackageFrameworks -F/Users/emanuelflury/Library/Developer/Xcode/DerivedData/TaxedGmbH_IOS-gerngfqzuwudosgobknlgtoawnlj/Build/Products/Debug-iphoneos -iframework /Applications/Xcode.app/Contents/Developer/Platforms/iPhoneOS.platform/Developer/Library/Frameworks -iframework /Applications/Xcode.app/Contents/Developer/Platforms/iPhoneOS.platform/Developer/SDKs/iPhoneOS26.1.sdk/Developer/Library/Frameworks -filelist /Users/emanuelflury/Library/Developer/Xcode/DerivedData/TaxedGmbH_IOS-gerngfqzuwudosgobknlgtoawnlj/Build/Intermediates.noindex/GoogleAppMeasurement.build/Debug-iphoneos/GoogleAppMeasurementTarget.build/Objects-normal/arm64/GoogleAppMeasurementTarget.LinkFileList -nostdlib -Xlinker -object_path_lto -Xlinker /Users/emanuelflury/Library/Developer/Xcode/DerivedData/TaxedGmbH_IOS-gerngfqzuwudosgobknlgtoawnlj/Build/Intermediates.noindex/GoogleAppMeasurement.build/Debug-iphoneos/GoogleAppMeasurementTarget.build/Objects-normal/arm64/GoogleAppMeasurementTarget_lto.o -rdynamic -Xlinker -no_deduplicate -Xlinker -debug_variant -Xlinker -dependency_info -Xlinker /Users/emanuelflury/Library/Developer/Xcode/DerivedData/TaxedGmbH_IOS-gerngfqzuwudosgobknlgtoawnlj/Build/Intermediates.noindex/GoogleAppMeasurement.build/Debug-iphoneos/GoogleAppMeasurementTarget.build/Objects-normal/arm64/GoogleAppMeasurementTarget_dependency_info.dat -fobjc-arc -fobjc-link-runtime -o /Users/emanuelflury/Library/Developer/Xcode/DerivedData/TaxedGmbH_IOS-gerngfqzuwudosgobknlgtoawnlj/Build/Products/Debug-iphoneos/GoogleAppMeasurementTarget.o

RegisterExecutionPolicyException /Users/emanuelflury/Library/Developer/Xcode/DerivedData/TaxedGmbH_IOS-gerngfqzuwudosgobknlgtoawnlj/Build/Products/Debug-iphoneos/GoogleAppMeasurementTarget.o (in target 'GoogleAppMeasurementTarget' from project 'GoogleAppMeasurement')
    cd /Users/emanuelflury/Library/Developer/Xcode/DerivedData/TaxedGmbH_IOS-gerngfqzuwudosgobknlgtoawnlj/SourcePackages/checkouts/GoogleAppMeasurement
    builtin-RegisterExecutionPolicyException /Users/emanuelflury/Library/Developer/Xcode/DerivedData/TaxedGmbH_IOS-gerngfqzuwudosgobknlgtoawnlj/Build/Products/Debug-iphoneos/GoogleAppMeasurementTarget.o

PrecompileModule /Users/emanuelflury/Library/Developer/Xcode/DerivedData/TaxedGmbH_IOS-gerngfqzuwudosgobknlgtoawnlj/Build/Intermediates.noindex/ExplicitPrecompiledModules/ObjectiveC-EK3925DTGNOEDPXW56BLVI1UQ.scan
    cd /
    builtin-precompileModule /Users/emanuelflury/Library/Developer/Xcode/DerivedData/TaxedGmbH_IOS-gerngfqzuwudosgobknlgtoawnlj/Build/Intermediates.noindex/ExplicitPrecompiledModules/ObjectiveC-EK3925DTGNOEDPXW56BLVI1UQ.scan

SwiftDriverJobDiscovery normal arm64 Compiling FunctionsError.swift (in target 'FirebaseFunctions' from project 'Firebase')

SwiftDriverJobDiscovery normal arm64 Compiling FunctionsSerializer.swift (in target 'FirebaseFunctions' from project 'Firebase')

PrecompileModule /Users/emanuelflury/Library/Developer/Xcode/DerivedData/TaxedGmbH_IOS-gerngfqzuwudosgobknlgtoawnlj/Build/Intermediates.noindex/ExplicitPrecompiledModules/os_object-4ELU4IGM8IIG4F3GGT29ZW56O.scan
    cd /
    builtin-precompileModule /Users/emanuelflury/Library/Developer/Xcode/DerivedData/TaxedGmbH_IOS-gerngfqzuwudosgobknlgtoawnlj/Build/Intermediates.noindex/ExplicitPrecompiledModules/os_object-4ELU4IGM8IIG4F3GGT29ZW56O.scan

PrecompileModule /Users/emanuelflury/Library/Developer/Xcode/DerivedData/TaxedGmbH_IOS-gerngfqzuwudosgobknlgtoawnlj/Build/Intermediates.noindex/ExplicitPrecompiledModules/os_workgroup-2HQGGJZLLF21UQ9778AF9Y9L7.scan
    cd /
    builtin-precompileModule /Users/emanuelflury/Library/Developer/Xcode/DerivedData/TaxedGmbH_IOS-gerngfqzuwudosgobknlgtoawnlj/Build/Intermediates.noindex/ExplicitPrecompiledModules/os_workgroup-2HQGGJZLLF21UQ9778AF9Y9L7.scan

PrecompileModule /Users/emanuelflury/Library/Developer/Xcode/DerivedData/TaxedGmbH_IOS-gerngfqzuwudosgobknlgtoawnlj/Build/Intermediates.noindex/ExplicitPrecompiledModules/Dispatch-6V4OZJMAXI5M1SJSZQS61QPZU.scan
    cd /
    builtin-precompileModule /Users/emanuelflury/Library/Developer/Xcode/DerivedData/TaxedGmbH_IOS-gerngfqzuwudosgobknlgtoawnlj/Build/Intermediates.noindex/ExplicitPrecompiledModules/Dispatch-6V4OZJMAXI5M1SJSZQS61QPZU.scan

SwiftDriverJobDiscovery normal arm64 Compiling Callable+Codable.swift (in target 'FirebaseFunctions' from project 'Firebase')

PrecompileModule /Users/emanuelflury/Library/Developer/Xcode/DerivedData/TaxedGmbH_IOS-gerngfqzuwudosgobknlgtoawnlj/Build/Intermediates.noindex/ExplicitPrecompiledModules/CoreFoundation-EI58SRNW4YLSCUMDSG13G69GE.scan
    cd /
    builtin-precompileModule /Users/emanuelflury/Library/Developer/Xcode/DerivedData/TaxedGmbH_IOS-gerngfqzuwudosgobknlgtoawnlj/Build/Intermediates.noindex/ExplicitPrecompiledModules/CoreFoundation-EI58SRNW4YLSCUMDSG13G69GE.scan

PrecompileModule /Users/emanuelflury/Library/Developer/Xcode/DerivedData/TaxedGmbH_IOS-gerngfqzuwudosgobknlgtoawnlj/Build/Intermediates.noindex/ExplicitPrecompiledModules/XPC-3HP944XFDBO0MUYOG4V1PHSPV.scan
    cd /
    builtin-precompileModule /Users/emanuelflury/Library/Developer/Xcode/DerivedData/TaxedGmbH_IOS-gerngfqzuwudosgobknlgtoawnlj/Build/Intermediates.noindex/ExplicitPrecompiledModules/XPC-3HP944XFDBO0MUYOG4V1PHSPV.scan

SwiftExplicitDependencyGeneratePcm arm64 /Users/emanuelflury/Library/Developer/Xcode/DerivedData/TaxedGmbH_IOS-gerngfqzuwudosgobknlgtoawnlj/Build/Intermediates.noindex/SwiftExplicitPrecompiledModules/FirebaseFirestoreInternal-37C62JP318JXZ67VLC8CPSFZ8.pcm

PrecompileModule /Users/emanuelflury/Library/Developer/Xcode/DerivedData/TaxedGmbH_IOS-gerngfqzuwudosgobknlgtoawnlj/Build/Intermediates.noindex/ExplicitPrecompiledModules/CoreGraphics-7XMY3UC5IN20WWW5RYX1NZ1DH.scan
    cd /
    builtin-precompileModule /Users/emanuelflury/Library/Developer/Xcode/DerivedData/TaxedGmbH_IOS-gerngfqzuwudosgobknlgtoawnlj/Build/Intermediates.noindex/ExplicitPrecompiledModules/CoreGraphics-7XMY3UC5IN20WWW5RYX1NZ1DH.scan

PrecompileModule /Users/emanuelflury/Library/Developer/Xcode/DerivedData/TaxedGmbH_IOS-gerngfqzuwudosgobknlgtoawnlj/Build/Intermediates.noindex/ExplicitPrecompiledModules/Security-14JVBK3YPYDUKN7BH42FW0HP1.scan
    cd /
    builtin-precompileModule /Users/emanuelflury/Library/Developer/Xcode/DerivedData/TaxedGmbH_IOS-gerngfqzuwudosgobknlgtoawnlj/Build/Intermediates.noindex/ExplicitPrecompiledModules/Security-14JVBK3YPYDUKN7BH42FW0HP1.scan

PrecompileModule /Users/emanuelflury/Library/Developer/Xcode/DerivedData/TaxedGmbH_IOS-gerngfqzuwudosgobknlgtoawnlj/Build/Intermediates.noindex/ExplicitPrecompiledModules/CFNetwork-AB9L5T7EPWNOCHVJ15C3899V1.scan
    cd /
    builtin-precompileModule /Users/emanuelflury/Library/Developer/Xcode/DerivedData/TaxedGmbH_IOS-gerngfqzuwudosgobknlgtoawnlj/Build/Intermediates.noindex/ExplicitPrecompiledModules/CFNetwork-AB9L5T7EPWNOCHVJ15C3899V1.scan

SwiftExplicitDependencyGeneratePcm arm64 /Users/emanuelflury/Library/Developer/Xcode/DerivedData/TaxedGmbH_IOS-gerngfqzuwudosgobknlgtoawnlj/Build/Intermediates.noindex/SwiftExplicitPrecompiledModules/FirebaseFirestoreInternalWrapper-BNI3QYTGSJ1QGEM7C6TWQQ9GL.pcm

PrecompileModule /Users/emanuelflury/Library/Developer/Xcode/DerivedData/TaxedGmbH_IOS-gerngfqzuwudosgobknlgtoawnlj/Build/Intermediates.noindex/ExplicitPrecompiledModules/Foundation-1W4IWDBY8KRO1QFHMCIPFQR79.scan
    cd /
    builtin-precompileModule /Users/emanuelflury/Library/Developer/Xcode/DerivedData/TaxedGmbH_IOS-gerngfqzuwudosgobknlgtoawnlj/Build/Intermediates.noindex/ExplicitPrecompiledModules/Foundation-1W4IWDBY8KRO1QFHMCIPFQR79.scan

PrecompileModule /Users/emanuelflury/Library/Developer/Xcode/DerivedData/TaxedGmbH_IOS-gerngfqzuwudosgobknlgtoawnlj/Build/Intermediates.noindex/ExplicitPrecompiledModules/ImageIO-CY59H9SFLZRWEDCGI0XHYGWA3.scan
    cd /
    builtin-precompileModule /Users/emanuelflury/Library/Developer/Xcode/DerivedData/TaxedGmbH_IOS-gerngfqzuwudosgobknlgtoawnlj/Build/Intermediates.noindex/ExplicitPrecompiledModules/ImageIO-CY59H9SFLZRWEDCGI0XHYGWA3.scan

PrecompileModule /Users/emanuelflury/Library/Developer/Xcode/DerivedData/TaxedGmbH_IOS-gerngfqzuwudosgobknlgtoawnlj/Build/Intermediates.noindex/ExplicitPrecompiledModules/CoreText-DWS1L2R9I44ZCRAL3RYE5JXS3.scan
    cd /
    builtin-precompileModule /Users/emanuelflury/Library/Developer/Xcode/DerivedData/TaxedGmbH_IOS-gerngfqzuwudosgobknlgtoawnlj/Build/Intermediates.noindex/ExplicitPrecompiledModules/CoreText-DWS1L2R9I44ZCRAL3RYE5JXS3.scan

SwiftEmitModule normal arm64 Emitting\ module\ for\ FirebaseFirestore (in target 'FirebaseFirestore' from project 'Firebase')
EmitSwiftModule normal arm64 (in target 'FirebaseFirestore' from project 'Firebase')
    cd /Users/emanuelflury/github/TaxedGmbH_IOS/TaxedGmbH_IOS.xcodeproj
    

SwiftCompile normal arm64 Compiling\ VectorValue+Codable.swift,\ WriteBatch+WriteEncodable.swift /Users/emanuelflury/Library/Developer/Xcode/DerivedData/TaxedGmbH_IOS-gerngfqzuwudosgobknlgtoawnlj/SourcePackages/checkouts/firebase-ios-sdk/Firestore/Swift/Source/Codable/VectorValue+Codable.swift /Users/emanuelflury/Library/Developer/Xcode/DerivedData/TaxedGmbH_IOS-gerngfqzuwudosgobknlgtoawnlj/SourcePackages/checkouts/firebase-ios-sdk/Firestore/Swift/Source/Codable/WriteBatch+WriteEncodable.swift (in target 'FirebaseFirestore' from project 'Firebase')

SwiftCompile normal arm64 /Users/emanuelflury/Library/Developer/Xcode/DerivedData/TaxedGmbH_IOS-gerngfqzuwudosgobknlgtoawnlj/SourcePackages/checkouts/firebase-ios-sdk/Firestore/Swift/Source/Codable/VectorValue+Codable.swift (in target 'FirebaseFirestore' from project 'Firebase')
    cd /Users/emanuelflury/github/TaxedGmbH_IOS/TaxedGmbH_IOS.xcodeproj
    

SwiftCompile normal arm64 /Users/emanuelflury/Library/Developer/Xcode/DerivedData/TaxedGmbH_IOS-gerngfqzuwudosgobknlgtoawnlj/SourcePackages/checkouts/firebase-ios-sdk/Firestore/Swift/Source/Codable/WriteBatch+WriteEncodable.swift (in target 'FirebaseFirestore' from project 'Firebase')
    cd /Users/emanuelflury/github/TaxedGmbH_IOS/TaxedGmbH_IOS.xcodeproj
    

SwiftCompile normal arm64 Compiling\ QueryPredicate.swift,\ FieldValue+Swift.swift /Users/emanuelflury/Library/Developer/Xcode/DerivedData/TaxedGmbH_IOS-gerngfqzuwudosgobknlgtoawnlj/SourcePackages/checkouts/firebase-ios-sdk/Firestore/Swift/Source/PropertyWrapper/QueryPredicate.swift /Users/emanuelflury/Library/Developer/Xcode/DerivedData/TaxedGmbH_IOS-gerngfqzuwudosgobknlgtoawnlj/SourcePackages/checkouts/firebase-ios-sdk/Firestore/Swift/Source/SwiftAPI/FieldValue+Swift.swift (in target 'FirebaseFirestore' from project 'Firebase')

SwiftCompile normal arm64 /Users/emanuelflury/Library/Developer/Xcode/DerivedData/TaxedGmbH_IOS-gerngfqzuwudosgobknlgtoawnlj/SourcePackages/checkouts/firebase-ios-sdk/Firestore/Swift/Source/PropertyWrapper/QueryPredicate.swift (in target 'FirebaseFirestore' from project 'Firebase')
    cd /Users/emanuelflury/github/TaxedGmbH_IOS/TaxedGmbH_IOS.xcodeproj
    

SwiftCompile normal arm64 /Users/emanuelflury/Library/Developer/Xcode/DerivedData/TaxedGmbH_IOS-gerngfqzuwudosgobknlgtoawnlj/SourcePackages/checkouts/firebase-ios-sdk/Firestore/Swift/Source/SwiftAPI/FieldValue+Swift.swift (in target 'FirebaseFirestore' from project 'Firebase')
    cd /Users/emanuelflury/github/TaxedGmbH_IOS/TaxedGmbH_IOS.xcodeproj
    

SwiftCompile normal arm64 Compiling\ FirestoreQuery.swift,\ FirestoreQueryObservable.swift /Users/emanuelflury/Library/Developer/Xcode/DerivedData/TaxedGmbH_IOS-gerngfqzuwudosgobknlgtoawnlj/SourcePackages/checkouts/firebase-ios-sdk/Firestore/Swift/Source/PropertyWrapper/FirestoreQuery.swift /Users/emanuelflury/Library/Developer/Xcode/DerivedData/TaxedGmbH_IOS-gerngfqzuwudosgobknlgtoawnlj/SourcePackages/checkouts/firebase-ios-sdk/Firestore/Swift/Source/PropertyWrapper/FirestoreQueryObservable.swift (in target 'FirebaseFirestore' from project 'Firebase')
SwiftCompile normal arm64 /Users/emanuelflury/Library/Developer/Xcode/DerivedData/TaxedGmbH_IOS-gerngfqzuwudosgobknlgtoawnlj/SourcePackages/checkouts/firebase-ios-sdk/Firestore/Swift/Source/PropertyWrapper/FirestoreQuery.swift (in target 'FirebaseFirestore' from project 'Firebase')
    cd /Users/emanuelflury/github/TaxedGmbH_IOS/TaxedGmbH_IOS.xcodeproj
    

SwiftCompile normal arm64 /Users/emanuelflury/Library/Developer/Xcode/DerivedData/TaxedGmbH_IOS-gerngfqzuwudosgobknlgtoawnlj/SourcePackages/checkouts/firebase-ios-sdk/Firestore/Swift/Source/PropertyWrapper/FirestoreQueryObservable.swift (in target 'FirebaseFirestore' from project 'Firebase')
    cd /Users/emanuelflury/github/TaxedGmbH_IOS/TaxedGmbH_IOS.xcodeproj
    

SwiftCompile normal arm64 Compiling\ VectorValue+Swift.swift,\ SwiftHeaderWorkaround.swift /Users/emanuelflury/Library/Developer/Xcode/DerivedData/TaxedGmbH_IOS-gerngfqzuwudosgobknlgtoawnlj/SourcePackages/checkouts/firebase-ios-sdk/Firestore/Swift/Source/SwiftAPI/VectorValue+Swift.swift /Users/emanuelflury/Library/Developer/Xcode/DerivedData/TaxedGmbH_IOS-gerngfqzuwudosgobknlgtoawnlj/SourcePackages/checkouts/firebase-ios-sdk/Firestore/Swift/Source/SwiftHeaderWorkaround.swift (in target 'FirebaseFirestore' from project 'Firebase')

SwiftCompile normal arm64 /Users/emanuelflury/Library/Developer/Xcode/DerivedData/TaxedGmbH_IOS-gerngfqzuwudosgobknlgtoawnlj/SourcePackages/checkouts/firebase-ios-sdk/Firestore/Swift/Source/SwiftAPI/VectorValue+Swift.swift (in target 'FirebaseFirestore' from project 'Firebase')
    cd /Users/emanuelflury/github/TaxedGmbH_IOS/TaxedGmbH_IOS.xcodeproj
    

SwiftCompile normal arm64 /Users/emanuelflury/Library/Developer/Xcode/DerivedData/TaxedGmbH_IOS-gerngfqzuwudosgobknlgtoawnlj/SourcePackages/checkouts/firebase-ios-sdk/Firestore/Swift/Source/SwiftHeaderWorkaround.swift (in target 'FirebaseFirestore' from project 'Firebase')
    cd /Users/emanuelflury/github/TaxedGmbH_IOS/TaxedGmbH_IOS.xcodeproj
    

SwiftCompile normal arm64 Compiling\ ExplicitNull.swift,\ FieldValue+Encodable.swift /Users/emanuelflury/Library/Developer/Xcode/DerivedData/TaxedGmbH_IOS-gerngfqzuwudosgobknlgtoawnlj/SourcePackages/checkouts/firebase-ios-sdk/Firestore/Swift/Source/Codable/ExplicitNull.swift /Users/emanuelflury/Library/Developer/Xcode/DerivedData/TaxedGmbH_IOS-gerngfqzuwudosgobknlgtoawnlj/SourcePackages/checkouts/firebase-ios-sdk/Firestore/Swift/Source/Codable/FieldValue+Encodable.swift (in target 'FirebaseFirestore' from project 'Firebase')

SwiftCompile normal arm64 /Users/emanuelflury/Library/Developer/Xcode/DerivedData/TaxedGmbH_IOS-gerngfqzuwudosgobknlgtoawnlj/SourcePackages/checkouts/firebase-ios-sdk/Firestore/Swift/Source/Codable/ExplicitNull.swift (in target 'FirebaseFirestore' from project 'Firebase')
    cd /Users/emanuelflury/github/TaxedGmbH_IOS/TaxedGmbH_IOS.xcodeproj
    

SwiftCompile normal arm64 /Users/emanuelflury/Library/Developer/Xcode/DerivedData/TaxedGmbH_IOS-gerngfqzuwudosgobknlgtoawnlj/SourcePackages/checkouts/firebase-ios-sdk/Firestore/Swift/Source/Codable/FieldValue+Encodable.swift (in target 'FirebaseFirestore' from project 'Firebase')
    cd /Users/emanuelflury/github/TaxedGmbH_IOS/TaxedGmbH_IOS.xcodeproj
    

SwiftCompile normal arm64 Compiling\ Timestamp+Codable.swift,\ TimestampDecodingStrategy.swift /Users/emanuelflury/Library/Developer/Xcode/DerivedData/TaxedGmbH_IOS-gerngfqzuwudosgobknlgtoawnlj/SourcePackages/checkouts/firebase-ios-sdk/Firestore/Swift/Source/Codable/Timestamp+Codable.swift /Users/emanuelflury/Library/Developer/Xcode/DerivedData/TaxedGmbH_IOS-gerngfqzuwudosgobknlgtoawnlj/SourcePackages/checkouts/firebase-ios-sdk/Firestore/Swift/Source/Codable/TimestampDecodingStrategy.swift (in target 'FirebaseFirestore' from project 'Firebase')

SwiftCompile normal arm64 /Users/emanuelflury/Library/Developer/Xcode/DerivedData/TaxedGmbH_IOS-gerngfqzuwudosgobknlgtoawnlj/SourcePackages/checkouts/firebase-ios-sdk/Firestore/Swift/Source/Codable/Timestamp+Codable.swift (in target 'FirebaseFirestore' from project 'Firebase')
    cd /Users/emanuelflury/github/TaxedGmbH_IOS/TaxedGmbH_IOS.xcodeproj
    

SwiftCompile normal arm64 /Users/emanuelflury/Library/Developer/Xcode/DerivedData/TaxedGmbH_IOS-gerngfqzuwudosgobknlgtoawnlj/SourcePackages/checkouts/firebase-ios-sdk/Firestore/Swift/Source/Codable/TimestampDecodingStrategy.swift (in target 'FirebaseFirestore' from project 'Firebase')
    cd /Users/emanuelflury/github/TaxedGmbH_IOS/TaxedGmbH_IOS.xcodeproj
    

SwiftCompile normal arm64 Compiling\ CodableErrors.swift,\ CodablePassThroughTypes.swift,\ CollectionReference+WriteEncodable.swift /Users/emanuelflury/Library/Developer/Xcode/DerivedData/TaxedGmbH_IOS-gerngfqzuwudosgobknlgtoawnlj/SourcePackages/checkouts/firebase-ios-sdk/Firestore/Swift/Source/Codable/CodableErrors.swift /Users/emanuelflury/Library/Developer/Xcode/DerivedData/TaxedGmbH_IOS-gerngfqzuwudosgobknlgtoawnlj/SourcePackages/checkouts/firebase-ios-sdk/Firestore/Swift/Source/Codable/CodablePassThroughTypes.swift /Users/emanuelflury/Library/Developer/Xcode/DerivedData/TaxedGmbH_IOS-gerngfqzuwudosgobknlgtoawnlj/SourcePackages/checkouts/firebase-ios-sdk/Firestore/Swift/Source/Codable/CollectionReference+WriteEncodable.swift (in target 'FirebaseFirestore' from project 'Firebase')

SwiftCompile normal arm64 /Users/emanuelflury/Library/Developer/Xcode/DerivedData/TaxedGmbH_IOS-gerngfqzuwudosgobknlgtoawnlj/SourcePackages/checkouts/firebase-ios-sdk/Firestore/Swift/Source/Codable/CodableErrors.swift (in target 'FirebaseFirestore' from project 'Firebase')
    cd /Users/emanuelflury/github/TaxedGmbH_IOS/TaxedGmbH_IOS.xcodeproj
    

SwiftCompile normal arm64 /Users/emanuelflury/Library/Developer/Xcode/DerivedData/TaxedGmbH_IOS-gerngfqzuwudosgobknlgtoawnlj/SourcePackages/checkouts/firebase-ios-sdk/Firestore/Swift/Source/Codable/CodablePassThroughTypes.swift (in target 'FirebaseFirestore' from project 'Firebase')
    cd /Users/emanuelflury/github/TaxedGmbH_IOS/TaxedGmbH_IOS.xcodeproj
    

SwiftCompile normal arm64 /Users/emanuelflury/Library/Developer/Xcode/DerivedData/TaxedGmbH_IOS-gerngfqzuwudosgobknlgtoawnlj/SourcePackages/checkouts/firebase-ios-sdk/Firestore/Swift/Source/Codable/CollectionReference+WriteEncodable.swift (in target 'FirebaseFirestore' from project 'Firebase')
    cd /Users/emanuelflury/github/TaxedGmbH_IOS/TaxedGmbH_IOS.xcodeproj
    

SwiftExplicitDependencyGeneratePcm arm64 /Users/emanuelflury/Library/Developer/Xcode/DerivedData/TaxedGmbH_IOS-gerngfqzuwudosgobknlgtoawnlj/Build/Intermediates.noindex/SwiftExplicitPrecompiledModules/RecaptchaInterop-1VWRW763TA92FKQPAXPS7AC42.pcm

SwiftExplicitDependencyGeneratePcm arm64 /Users/emanuelflury/Library/Developer/Xcode/DerivedData/TaxedGmbH_IOS-gerngfqzuwudosgobknlgtoawnlj/Build/Intermediates.noindex/SwiftExplicitPrecompiledModules/GoogleUtilities_NSData-2AUC2E8CBUWDXHCKMVFVC7WSW.pcm

SwiftDriverJobDiscovery normal arm64 Compiling Functions.swift (in target 'FirebaseFunctions' from project 'Firebase')

SwiftExplicitDependencyGeneratePcm arm64 /Users/emanuelflury/Library/Developer/Xcode/DerivedData/TaxedGmbH_IOS-gerngfqzuwudosgobknlgtoawnlj/Build/Intermediates.noindex/SwiftExplicitPrecompiledModules/GoogleUtilities_AppDelegateSwizzler-8YZWFZ8KWKHASH0D6CLI02J9O.pcm

SwiftExplicitDependencyGeneratePcm arm64 /Users/emanuelflury/Library/Developer/Xcode/DerivedData/TaxedGmbH_IOS-gerngfqzuwudosgobknlgtoawnlj/Build/Intermediates.noindex/SwiftExplicitPrecompiledModules/FirebaseAuthInternal-6UPJFZV4QALDFMNLJSRTPXOVG.pcm

SwiftDriver\ Compilation FirebaseFunctions normal arm64 com.apple.xcode.tools.swift.compiler (in target 'FirebaseFunctions' from project 'Firebase')
    cd /Users/emanuelflury/github/TaxedGmbH_IOS/TaxedGmbH_IOS.xcodeproj
    builtin-Swift-Compilation -- /Applications/Xcode.app/Contents/Developer/Toolchains/XcodeDefault.xctoolchain/usr/bin/swiftc -module-name FirebaseFunctions -Onone -enforce-exclusivity\=checked @/Users/emanuelflury/Library/Developer/Xcode/DerivedData/TaxedGmbH_IOS-gerngfqzuwudosgobknlgtoawnlj/Build/Intermediates.noindex/Firebase.build/Debug-iphoneos/FirebaseFunctions.build/Objects-normal/arm64/FirebaseFunctions.SwiftFileList -DSWIFT_PACKAGE -DDEBUG -DSWIFT_MODULE_RESOURCE_BUNDLE_UNAVAILABLE -Xcc -fmodule-map-file\=/Users/emanuelflury/Library/Developer/Xcode/DerivedData/TaxedGmbH_IOS-gerngfqzuwudosgobknlgtoawnlj/Build/Intermediates.noindex/GeneratedModuleMaps-iphoneos/GoogleUtilities-NSData.modulemap -Xcc -fmodule-map-file\=/Users/emanuelflury/Library/Developer/Xcode/DerivedData/TaxedGmbH_IOS-gerngfqzuwudosgobknlgtoawnlj/Build/Intermediates.noindex/GeneratedModuleMaps-iphoneos/GoogleUtilities-Environment.modulemap -Xcc -fmodule-map-file\=/Users/emanuelflury/Library/Developer/Xcode/DerivedData/TaxedGmbH_IOS-gerngfqzuwudosgobknlgtoawnlj/Build/Intermediates.noindex/GeneratedModuleMaps-iphoneos/third-party-IsAppEncrypted.modulemap -Xcc -fmodule-map-file\=/Users/emanuelflury/Library/Developer/Xcode/DerivedData/TaxedGmbH_IOS-gerngfqzuwudosgobknlgtoawnlj/Build/Intermediates.noindex/GeneratedModuleMaps-iphoneos/GoogleUtilities-Logger.modulemap -Xcc -fmodule-map-file\=/Users/emanuelflury/Library/Developer/Xcode/DerivedData/TaxedGmbH_IOS-gerngfqzuwudosgobknlgtoawnlj/Build/Intermediates.noindex/GeneratedModuleMaps-iphoneos/GTMSessionFetcherCore.modulemap -Xcc -fmodule-map-file\=/Users/emanuelflury/Library/Developer/Xcode/DerivedData/TaxedGmbH_IOS-gerngfqzuwudosgobknlgtoawnlj/Build/Intermediates.noindex/GeneratedModuleMaps-iphoneos/FirebaseMessagingInterop.modulemap -Xcc -fmodule-map-file\=/Users/emanuelflury/Library/Developer/Xcode/DerivedData/TaxedGmbH_IOS-gerngfqzuwudosgobknlgtoawnlj/Build/Intermediates.noindex/GeneratedModuleMaps-iphoneos/FirebaseCoreExtension.modulemap -Xcc -fmodule-map-file\=/Users/emanuelflury/Library/Developer/Xcode/DerivedData/TaxedGmbH_IOS-gerngfqzuwudosgobknlgtoawnlj/Build/Intermediates.noindex/GeneratedModuleMaps-iphoneos/FirebaseCore.modulemap -Xcc -fmodule-map-file\=/Users/emanuelflury/Library/Developer/Xcode/DerivedData/TaxedGmbH_IOS-gerngfqzuwudosgobknlgtoawnlj/Build/Intermediates.noindex/GeneratedModuleMaps-iphoneos/FirebaseAuthInterop.modulemap -Xcc -fmodule-map-file\=/Users/emanuelflury/Library/Developer/Xcode/DerivedData/TaxedGmbH_IOS-gerngfqzuwudosgobknlgtoawnlj/Build/Intermediates.noindex/GeneratedModuleMaps-iphoneos/FirebaseAppCheckInterop.modulemap -DXcode -plugin-path /Applications/Xcode.app/Contents/Developer/Toolchains/XcodeDefault.xctoolchain/usr/lib/swift/host/plugins/testing -enable-experimental-feature DebugDescriptionMacro -sdk /Applications/Xcode.app/Contents/Developer/Platforms/iPhoneOS.platform/Developer/SDKs/iPhoneOS26.1.sdk -target arm64-apple-ios15.0 -g -module-cache-path /Users/emanuelflury/Library/Developer/Xcode/DerivedData/ModuleCache.noindex -Xfrontend -serialize-debugging-options -profile-coverage-mapping -profile-generate -enable-testing -suppress-warnings -index-store-path /Users/emanuelflury/Library/Developer/Xcode/DerivedData/TaxedGmbH_IOS-gerngfqzuwudosgobknlgtoawnlj/Index.noindex/DataStore -Xcc -D_LIBCPP_HARDENING_MODE\=_LIBCPP_HARDENING_MODE_DEBUG -swift-version 6 -I /Users/emanuelflury/Library/Developer/Xcode/DerivedData/TaxedGmbH_IOS-gerngfqzuwudosgobknlgtoawnlj/Build/Products/Debug-iphoneos -Isystem /Applications/Xcode.app/Contents/Developer/Platforms/iPhoneOS.platform/Developer/usr/lib -F /Users/emanuelflury/Library/Developer/Xcode/DerivedData/TaxedGmbH_IOS-gerngfqzuwudosgobknlgtoawnlj/Build/Products/Debug-iphoneos/PackageFrameworks -F /Users/emanuelflury/Library/Developer/Xcode/DerivedData/TaxedGmbH_IOS-gerngfqzuwudosgobknlgtoawnlj/Build/Products/Debug-iphoneos/PackageFrameworks -F /Users/emanuelflury/Library/Developer/Xcode/DerivedData/TaxedGmbH_IOS-gerngfqzuwudosgobknlgtoawnlj/Build/Products/Debug-iphoneos/PackageFrameworks -F /Users/emanuelflury/Library/Developer/Xcode/DerivedData/TaxedGmbH_IOS-gerngfqzuwudosgobknlgtoawnlj/Build/Products/Debug-iphoneos/PackageFrameworks -F /Users/emanuelflury/Library/Developer/Xcode/DerivedData/TaxedGmbH_IOS-gerngfqzuwudosgobknlgtoawnlj/Build/Products/Debug-iphoneos/PackageFrameworks -F /Users/emanuelflury/Library/Developer/Xcode/DerivedData/TaxedGmbH_IOS-gerngfqzuwudosgobknlgtoawnlj/Build/Products/Debug-iphoneos/PackageFrameworks -F /Users/emanuelflury/Library/Developer/Xcode/DerivedData/TaxedGmbH_IOS-gerngfqzuwudosgobknlgtoawnlj/Build/Products/Debug-iphoneos/PackageFrameworks -F /Users/emanuelflury/Library/Developer/Xcode/DerivedData/TaxedGmbH_IOS-gerngfqzuwudosgobknlgtoawnlj/Build/Products/Debug-iphoneos/PackageFrameworks -F /Users/emanuelflury/Library/Developer/Xcode/DerivedData/TaxedGmbH_IOS-gerngfqzuwudosgobknlgtoawnlj/Build/Products/Debug-iphoneos/PackageFrameworks -F /Users/emanuelflury/Library/Developer/Xcode/DerivedData/TaxedGmbH_IOS-gerngfqzuwudosgobknlgtoawnlj/Build/Products/Debug-iphoneos/PackageFrameworks -F /Users/emanuelflury/Library/Developer/Xcode/DerivedData/TaxedGmbH_IOS-gerngfqzuwudosgobknlgtoawnlj/Build/Products/Debug-iphoneos/PackageFrameworks -F /Users/emanuelflury/Library/Developer/Xcode/DerivedData/TaxedGmbH_IOS-gerngfqzuwudosgobknlgtoawnlj/Build/Products/Debug-iphoneos/PackageFrameworks -F /Users/emanuelflury/Library/Developer/Xcode/DerivedData/TaxedGmbH_IOS-gerngfqzuwudosgobknlgtoawnlj/Build/Products/Debug-iphoneos/PackageFrameworks -F /Users/emanuelflury/Library/Developer/Xcode/DerivedData/TaxedGmbH_IOS-gerngfqzuwudosgobknlgtoawnlj/Build/Products/Debug-iphoneos -F /Applications/Xcode.app/Contents/Developer/Platforms/iPhoneOS.platform/Developer/Library/Frameworks -F /Applications/Xcode.app/Contents/Developer/Platforms/iPhoneOS.platform/Developer/SDKs/iPhoneOS26.1.sdk/Developer/Library/Frameworks -c -j12 -enable-batch-mode -incremental -Xcc -ivfsstatcache -Xcc /Users/emanuelflury/Library/Developer/Xcode/DerivedData/SDKStatCaches.noindex/iphoneos26.1-23B77-69b33fc7382b27d9b5d46e82a00f8e78.sdkstatcache -output-file-map /Users/emanuelflury/Library/Developer/Xcode/DerivedData/TaxedGmbH_IOS-gerngfqzuwudosgobknlgtoawnlj/Build/Intermediates.noindex/Firebase.build/Debug-iphoneos/FirebaseFunctions.build/Objects-normal/arm64/FirebaseFunctions-OutputFileMap.json -use-frontend-parseable-output -save-temps -no-color-diagnostics -explicit-module-build -module-cache-path /Users/emanuelflury/Library/Developer/Xcode/DerivedData/TaxedGmbH_IOS-gerngfqzuwudosgobknlgtoawnlj/Build/Intermediates.noindex/SwiftExplicitPrecompiledModules -clang-scanner-module-cache-path /Users/emanuelflury/Library/Developer/Xcode/DerivedData/ModuleCache.noindex -sdk-module-cache-path /Users/emanuelflury/Library/Developer/Xcode/DerivedData/ModuleCache.noindex -serialize-diagnostics -emit-dependencies -emit-module -emit-module-path /Users/emanuelflury/Library/Developer/Xcode/DerivedData/TaxedGmbH_IOS-gerngfqzuwudosgobknlgtoawnlj/Build/Intermediates.noindex/Firebase.build/Debug-iphoneos/FirebaseFunctions.build/Objects-normal/arm64/FirebaseFunctions.swiftmodule -user-module-version 12.6.0 -validate-clang-modules-once -clang-build-session-file /Users/emanuelflury/Library/Developer/Xcode/DerivedData/ModuleCache.noindex/Session.modulevalidation -package-name firebase_ios_sdk -Xcc -I/Users/emanuelflury/Library/Developer/Xcode/DerivedData/TaxedGmbH_IOS-gerngfqzuwudosgobknlgtoawnlj/Build/Intermediates.noindex/Firebase.build/Debug-iphoneos/FirebaseFunctions.build/swift-overrides.hmap -emit-const-values -Xfrontend -const-gather-protocols-file -Xfrontend /Users/emanuelflury/Library/Developer/Xcode/DerivedData/TaxedGmbH_IOS-gerngfqzuwudosgobknlgtoawnlj/Build/Intermediates.noindex/Firebase.build/Debug-iphoneos/FirebaseFunctions.build/Objects-normal/arm64/FirebaseFunctions_const_extract_protocols.json -Xcc -I/Users/emanuelflury/Library/Developer/Xcode/DerivedData/TaxedGmbH_IOS-gerngfqzuwudosgobknlgtoawnlj/SourcePackages/checkouts/GoogleUtilities/GoogleUtilities/NSData+zlib/Public -Xcc -I/Users/emanuelflury/Library/Developer/Xcode/DerivedData/TaxedGmbH_IOS-gerngfqzuwudosgobknlgtoawnlj/SourcePackages/checkouts/GoogleUtilities/GoogleUtilities/Environment/Public -Xcc -I/Users/emanuelflury/Library/Developer/Xcode/DerivedData/TaxedGmbH_IOS-gerngfqzuwudosgobknlgtoawnlj/SourcePackages/checkouts/GoogleUtilities/third_party/IsAppEncrypted/Public -Xcc -I/Users/emanuelflury/Library/Developer/Xcode/DerivedData/TaxedGmbH_IOS-gerngfqzuwudosgobknlgtoawnlj/SourcePackages/checkouts/GoogleUtilities/GoogleUtilities/Logger/Public -Xcc -I/Users/emanuelflury/Library/Developer/Xcode/DerivedData/TaxedGmbH_IOS-gerngfqzuwudosgobknlgtoawnlj/SourcePackages/checkouts/gtm-session-fetcher/Sources/Core/Public -Xcc -I/Users/emanuelflury/Library/Developer/Xcode/DerivedData/TaxedGmbH_IOS-gerngfqzuwudosgobknlgtoawnlj/SourcePackages/checkouts/firebase-ios-sdk/FirebaseMessaging/Interop -Xcc -I/Users/emanuelflury/Library/Developer/Xcode/DerivedData/TaxedGmbH_IOS-gerngfqzuwudosgobknlgtoawnlj/SourcePackages/checkouts/firebase-ios-sdk/FirebaseCore/Extension -Xcc -I/Users/emanuelflury/Library/Developer/Xcode/DerivedData/TaxedGmbH_IOS-gerngfqzuwudosgobknlgtoawnlj/SourcePackages/checkouts/firebase-ios-sdk/FirebaseCore/Sources/Public -Xcc -I/Users/emanuelflury/Library/Developer/Xcode/DerivedData/TaxedGmbH_IOS-gerngfqzuwudosgobknlgtoawnlj/SourcePackages/checkouts/firebase-ios-sdk/CoreOnly/Sources -Xcc -I/Users/emanuelflury/Library/Developer/Xcode/DerivedData/TaxedGmbH_IOS-gerngfqzuwudosgobknlgtoawnlj/SourcePackages/checkouts/firebase-ios-sdk/FirebaseAuth/Interop/Public -Xcc -I/Users/emanuelflury/Library/Developer/Xcode/DerivedData/TaxedGmbH_IOS-gerngfqzuwudosgobknlgtoawnlj/SourcePackages/checkouts/firebase-ios-sdk/FirebaseAppCheck/Interop/Public -Xcc -I/Users/emanuelflury/Library/Developer/Xcode/DerivedData/TaxedGmbH_IOS-gerngfqzuwudosgobknlgtoawnlj/Build/Products/Debug-iphoneos/include -Xcc -I/Users/emanuelflury/Library/Developer/Xcode/DerivedData/TaxedGmbH_IOS-gerngfqzuwudosgobknlgtoawnlj/Build/Intermediates.noindex/Firebase.build/Debug-iphoneos/FirebaseFunctions.build/DerivedSources-normal/arm64 -Xcc -I/Users/emanuelflury/Library/Developer/Xcode/DerivedData/TaxedGmbH_IOS-gerngfqzuwudosgobknlgtoawnlj/Build/Intermediates.noindex/Firebase.build/Debug-iphoneos/FirebaseFunctions.build/DerivedSources/arm64 -Xcc -I/Users/emanuelflury/Library/Developer/Xcode/DerivedData/TaxedGmbH_IOS-gerngfqzuwudosgobknlgtoawnlj/Build/Intermediates.noindex/Firebase.build/Debug-iphoneos/FirebaseFunctions.build/DerivedSources -Xcc -DSWIFT_PACKAGE -Xcc -DDEBUG\=1 -emit-objc-header -emit-objc-header-path /Users/emanuelflury/Library/Developer/Xcode/DerivedData/TaxedGmbH_IOS-gerngfqzuwudosgobknlgtoawnlj/Build/Intermediates.noindex/Firebase.build/Debug-iphoneos/FirebaseFunctions.build/Objects-normal/arm64/FirebaseFunctions-Swift.h -working-directory /Users/emanuelflury/github/TaxedGmbH_IOS/TaxedGmbH_IOS.xcodeproj -experimental-emit-module-separately -disable-cmo

PrecompileModule /Users/emanuelflury/Library/Developer/Xcode/DerivedData/TaxedGmbH_IOS-gerngfqzuwudosgobknlgtoawnlj/Build/Intermediates.noindex/ExplicitPrecompiledModules/GoogleUtilities_AppDelegateSwizzler-71L3KSUD2RQZ9AVVEQ6JIUNR4.scan
    cd /
    builtin-precompileModule /Users/emanuelflury/Library/Developer/Xcode/DerivedData/TaxedGmbH_IOS-gerngfqzuwudosgobknlgtoawnlj/Build/Intermediates.noindex/ExplicitPrecompiledModules/GoogleUtilities_AppDelegateSwizzler-71L3KSUD2RQZ9AVVEQ6JIUNR4.scan

SwiftCompile normal arm64 Compiling\ DocumentID.swift,\ DocumentReference+Codable.swift,\ DocumentReference+ReadDecodable.swift /Users/emanuelflury/Library/Developer/Xcode/DerivedData/TaxedGmbH_IOS-gerngfqzuwudosgobknlgtoawnlj/SourcePackages/checkouts/firebase-ios-sdk/Firestore/Swift/Source/Codable/DocumentID.swift /Users/emanuelflury/Library/Developer/Xcode/DerivedData/TaxedGmbH_IOS-gerngfqzuwudosgobknlgtoawnlj/SourcePackages/checkouts/firebase-ios-sdk/Firestore/Swift/Source/Codable/DocumentReference+Codable.swift /Users/emanuelflury/Library/Developer/Xcode/DerivedData/TaxedGmbH_IOS-gerngfqzuwudosgobknlgtoawnlj/SourcePackages/checkouts/firebase-ios-sdk/Firestore/Swift/Source/Codable/DocumentReference+ReadDecodable.swift (in target 'FirebaseFirestore' from project 'Firebase')

SwiftCompile normal arm64 /Users/emanuelflury/Library/Developer/Xcode/DerivedData/TaxedGmbH_IOS-gerngfqzuwudosgobknlgtoawnlj/SourcePackages/checkouts/firebase-ios-sdk/Firestore/Swift/Source/Codable/DocumentID.swift (in target 'FirebaseFirestore' from project 'Firebase')
    cd /Users/emanuelflury/github/TaxedGmbH_IOS/TaxedGmbH_IOS.xcodeproj
    

SwiftCompile normal arm64 /Users/emanuelflury/Library/Developer/Xcode/DerivedData/TaxedGmbH_IOS-gerngfqzuwudosgobknlgtoawnlj/SourcePackages/checkouts/firebase-ios-sdk/Firestore/Swift/Source/Codable/DocumentReference+Codable.swift (in target 'FirebaseFirestore' from project 'Firebase')
    cd /Users/emanuelflury/github/TaxedGmbH_IOS/TaxedGmbH_IOS.xcodeproj
    

SwiftCompile normal arm64 /Users/emanuelflury/Library/Developer/Xcode/DerivedData/TaxedGmbH_IOS-gerngfqzuwudosgobknlgtoawnlj/SourcePackages/checkouts/firebase-ios-sdk/Firestore/Swift/Source/Codable/DocumentReference+ReadDecodable.swift (in target 'FirebaseFirestore' from project 'Firebase')
    cd /Users/emanuelflury/github/TaxedGmbH_IOS/TaxedGmbH_IOS.xcodeproj
    

SwiftCompile normal arm64 Compiling\ TimestampEncodingStrategy.swift,\ Transaction+WriteEncodable.swift /Users/emanuelflury/Library/Developer/Xcode/DerivedData/TaxedGmbH_IOS-gerngfqzuwudosgobknlgtoawnlj/SourcePackages/checkouts/firebase-ios-sdk/Firestore/Swift/Source/Codable/TimestampEncodingStrategy.swift /Users/emanuelflury/Library/Developer/Xcode/DerivedData/TaxedGmbH_IOS-gerngfqzuwudosgobknlgtoawnlj/SourcePackages/checkouts/firebase-ios-sdk/Firestore/Swift/Source/Codable/Transaction+WriteEncodable.swift (in target 'FirebaseFirestore' from project 'Firebase')

SwiftCompile normal arm64 /Users/emanuelflury/Library/Developer/Xcode/DerivedData/TaxedGmbH_IOS-gerngfqzuwudosgobknlgtoawnlj/SourcePackages/checkouts/firebase-ios-sdk/Firestore/Swift/Source/Codable/TimestampEncodingStrategy.swift (in target 'FirebaseFirestore' from project 'Firebase')
    cd /Users/emanuelflury/github/TaxedGmbH_IOS/TaxedGmbH_IOS.xcodeproj
    

SwiftCompile normal arm64 /Users/emanuelflury/Library/Developer/Xcode/DerivedData/TaxedGmbH_IOS-gerngfqzuwudosgobknlgtoawnlj/SourcePackages/checkouts/firebase-ios-sdk/Firestore/Swift/Source/Codable/Transaction+WriteEncodable.swift (in target 'FirebaseFirestore' from project 'Firebase')
    cd /Users/emanuelflury/github/TaxedGmbH_IOS/TaxedGmbH_IOS.xcodeproj
    

SwiftEmitModule normal arm64 Emitting\ module\ for\ FirebaseAuth (in target 'FirebaseAuth' from project 'Firebase')
EmitSwiftModule normal arm64 (in target 'FirebaseAuth' from project 'Firebase')
    cd /Users/emanuelflury/github/TaxedGmbH_IOS/TaxedGmbH_IOS.xcodeproj
    

CompileC /Users/emanuelflury/Library/Developer/Xcode/DerivedData/TaxedGmbH_IOS-gerngfqzuwudosgobknlgtoawnlj/Build/Intermediates.noindex/Firebase.build/Debug-iphoneos/FirebaseMessaging.build/Objects-normal/arm64/FIRMessagingRemoteNotificationsProxy.o /Users/emanuelflury/Library/Developer/Xcode/DerivedData/TaxedGmbH_IOS-gerngfqzuwudosgobknlgtoawnlj/SourcePackages/checkouts/firebase-ios-sdk/FirebaseMessaging/Sources/FIRMessagingRemoteNotificationsProxy.m normal arm64 objective-c com.apple.compilers.llvm.clang.1_0.compiler (in target 'FirebaseMessaging' from project 'Firebase')
    cd /Users/emanuelflury/github/TaxedGmbH_IOS/TaxedGmbH_IOS.xcodeproj
    
    Using response file: /Users/emanuelflury/Library/Developer/Xcode/DerivedData/TaxedGmbH_IOS-gerngfqzuwudosgobknlgtoawnlj/Build/Intermediates.noindex/Firebase.build/Debug-iphoneos/FirebaseMessaging.build/Objects-normal/arm64/e6072d4f65d7061329687fe24e3d63a7-common-args.resp
    
    /Applications/Xcode.app/Contents/Developer/Toolchains/XcodeDefault.xctoolchain/usr/bin/clang -x objective-c -ivfsstatcache /Users/emanuelflury/Library/Developer/Xcode/DerivedData/SDKStatCaches.noindex/iphoneos26.1-23B77-69b33fc7382b27d9b5d46e82a00f8e78.sdkstatcache -fmessage-length\=0 -fdiagnostics-show-note-include-stack -fmacro-backtrace-limit\=0 -fno-color-diagnostics -fmodules-prune-interval\=86400 -fmodules-prune-after\=345600 -fbuild-session-file\=/Users/emanuelflury/Library/Developer/Xcode/DerivedData/ModuleCache.noindex/Session.modulevalidation -fmodules-validate-once-per-build-session -Wnon-modular-include-in-framework-module -Werror\=non-modular-include-in-framework-module -Wno-trigraphs -Wno-missing-field-initializers -Wno-missing-prototypes -Wno-return-type -Wno-implicit-atomic-properties -Wno-objc-interface-ivars -Wno-arc-repeated-use-of-weak -Wno-missing-braces -Wparentheses -Wswitch -Wno-unused-function -Wno-unused-label -Wno-unused-parameter -Wno-unused-variable -Wunused-value -Wno-empty-body -Wno-uninitialized -Wno-unknown-pragmas -w -Wno-shadow -Wno-four-char-constants -Wno-conversion -Wno-constant-conversion -Wno-int-conversion -Wno-bool-conversion -Wno-enum-conversion -Wno-float-conversion -Wno-non-literal-null-conversion -Wno-objc-literal-conversion -Wshorten-64-to-32 -Wpointer-sign -Wno-newline-eof -Wno-selector -Wno-strict-selector-match -Wno-undeclared-selector -Wno-deprecated-implementations -Wno-implicit-fallthrough -fstrict-aliasing -Wprotocol -Wdeprecated-declarations -Wno-sign-conversion -Wno-infinite-recursion -Wno-comma -Wno-block-capture-autoreleasing -Wno-strict-prototypes -Wno-semicolon-before-method-body -index-store-path /Users/emanuelflury/Library/Developer/Xcode/DerivedData/TaxedGmbH_IOS-gerngfqzuwudosgobknlgtoawnlj/Index.noindex/DataStore @/Users/emanuelflury/Library/Developer/Xcode/DerivedData/TaxedGmbH_IOS-gerngfqzuwudosgobknlgtoawnlj/Build/Intermediates.noindex/Firebase.build/Debug-iphoneos/FirebaseMessaging.build/Objects-normal/arm64/e6072d4f65d7061329687fe24e3d63a7-common-args.resp -include /Users/emanuelflury/Library/Developer/Xcode/DerivedData/TaxedGmbH_IOS-gerngfqzuwudosgobknlgtoawnlj/Build/Intermediates.noindex/Firebase.build/Debug-iphoneos/FirebaseMessaging.build/DerivedSources/resource_bundle_accessor.h -MMD -MT dependencies -MF /Users/emanuelflury/Library/Developer/Xcode/DerivedData/TaxedGmbH_IOS-gerngfqzuwudosgobknlgtoawnlj/Build/Intermediates.noindex/Firebase.build/Debug-iphoneos/FirebaseMessaging.build/Objects-normal/arm64/FIRMessagingRemoteNotificationsProxy.d --serialize-diagnostics /Users/emanuelflury/Library/Developer/Xcode/DerivedData/TaxedGmbH_IOS-gerngfqzuwudosgobknlgtoawnlj/Build/Intermediates.noindex/Firebase.build/Debug-iphoneos/FirebaseMessaging.build/Objects-normal/arm64/FIRMessagingRemoteNotificationsProxy.dia -c /Users/emanuelflury/Library/Developer/Xcode/DerivedData/TaxedGmbH_IOS-gerngfqzuwudosgobknlgtoawnlj/SourcePackages/checkouts/firebase-ios-sdk/FirebaseMessaging/Sources/FIRMessagingRemoteNotificationsProxy.m -o /Users/emanuelflury/Library/Developer/Xcode/DerivedData/TaxedGmbH_IOS-gerngfqzuwudosgobknlgtoawnlj/Build/Intermediates.noindex/Firebase.build/Debug-iphoneos/FirebaseMessaging.build/Objects-normal/arm64/FIRMessagingRemoteNotificationsProxy.o -index-unit-output-path /Firebase.build/Debug-iphoneos/FirebaseMessaging.build/Objects-normal/arm64/FIRMessagingRemoteNotificationsProxy.o

SwiftDriverJobDiscovery normal arm64 Compiling VectorValue+Swift.swift, SwiftHeaderWorkaround.swift (in target 'FirebaseFirestore' from project 'Firebase')

CompileC /Users/emanuelflury/Library/Developer/Xcode/DerivedData/TaxedGmbH_IOS-gerngfqzuwudosgobknlgtoawnlj/Build/Intermediates.noindex/Firebase.build/Debug-iphoneos/FirebaseMessaging.build/Objects-normal/arm64/FIRMessagingContextManagerService.o /Users/emanuelflury/Library/Developer/Xcode/DerivedData/TaxedGmbH_IOS-gerngfqzuwudosgobknlgtoawnlj/SourcePackages/checkouts/firebase-ios-sdk/FirebaseMessaging/Sources/FIRMessagingContextManagerService.m normal arm64 objective-c com.apple.compilers.llvm.clang.1_0.compiler (in target 'FirebaseMessaging' from project 'Firebase')
    cd /Users/emanuelflury/github/TaxedGmbH_IOS/TaxedGmbH_IOS.xcodeproj
    
    Using response file: /Users/emanuelflury/Library/Developer/Xcode/DerivedData/TaxedGmbH_IOS-gerngfqzuwudosgobknlgtoawnlj/Build/Intermediates.noindex/Firebase.build/Debug-iphoneos/FirebaseMessaging.build/Objects-normal/arm64/e6072d4f65d7061329687fe24e3d63a7-common-args.resp
    
    /Applications/Xcode.app/Contents/Developer/Toolchains/XcodeDefault.xctoolchain/usr/bin/clang -x objective-c -ivfsstatcache /Users/emanuelflury/Library/Developer/Xcode/DerivedData/SDKStatCaches.noindex/iphoneos26.1-23B77-69b33fc7382b27d9b5d46e82a00f8e78.sdkstatcache -fmessage-length\=0 -fdiagnostics-show-note-include-stack -fmacro-backtrace-limit\=0 -fno-color-diagnostics -fmodules-prune-interval\=86400 -fmodules-prune-after\=345600 -fbuild-session-file\=/Users/emanuelflury/Library/Developer/Xcode/DerivedData/ModuleCache.noindex/Session.modulevalidation -fmodules-validate-once-per-build-session -Wnon-modular-include-in-framework-module -Werror\=non-modular-include-in-framework-module -Wno-trigraphs -Wno-missing-field-initializers -Wno-missing-prototypes -Wno-return-type -Wno-implicit-atomic-properties -Wno-objc-interface-ivars -Wno-arc-repeated-use-of-weak -Wno-missing-braces -Wparentheses -Wswitch -Wno-unused-function -Wno-unused-label -Wno-unused-parameter -Wno-unused-variable -Wunused-value -Wno-empty-body -Wno-uninitialized -Wno-unknown-pragmas -w -Wno-shadow -Wno-four-char-constants -Wno-conversion -Wno-constant-conversion -Wno-int-conversion -Wno-bool-conversion -Wno-enum-conversion -Wno-float-conversion -Wno-non-literal-null-conversion -Wno-objc-literal-conversion -Wshorten-64-to-32 -Wpointer-sign -Wno-newline-eof -Wno-selector -Wno-strict-selector-match -Wno-undeclared-selector -Wno-deprecated-implementations -Wno-implicit-fallthrough -fstrict-aliasing -Wprotocol -Wdeprecated-declarations -Wno-sign-conversion -Wno-infinite-recursion -Wno-comma -Wno-block-capture-autoreleasing -Wno-strict-prototypes -Wno-semicolon-before-method-body -index-store-path /Users/emanuelflury/Library/Developer/Xcode/DerivedData/TaxedGmbH_IOS-gerngfqzuwudosgobknlgtoawnlj/Index.noindex/DataStore @/Users/emanuelflury/Library/Developer/Xcode/DerivedData/TaxedGmbH_IOS-gerngfqzuwudosgobknlgtoawnlj/Build/Intermediates.noindex/Firebase.build/Debug-iphoneos/FirebaseMessaging.build/Objects-normal/arm64/e6072d4f65d7061329687fe24e3d63a7-common-args.resp -include /Users/emanuelflury/Library/Developer/Xcode/DerivedData/TaxedGmbH_IOS-gerngfqzuwudosgobknlgtoawnlj/Build/Intermediates.noindex/Firebase.build/Debug-iphoneos/FirebaseMessaging.build/DerivedSources/resource_bundle_accessor.h -MMD -MT dependencies -MF /Users/emanuelflury/Library/Developer/Xcode/DerivedData/TaxedGmbH_IOS-gerngfqzuwudosgobknlgtoawnlj/Build/Intermediates.noindex/Firebase.build/Debug-iphoneos/FirebaseMessaging.build/Objects-normal/arm64/FIRMessagingContextManagerService.d --serialize-diagnostics /Users/emanuelflury/Library/Developer/Xcode/DerivedData/TaxedGmbH_IOS-gerngfqzuwudosgobknlgtoawnlj/Build/Intermediates.noindex/Firebase.build/Debug-iphoneos/FirebaseMessaging.build/Objects-normal/arm64/FIRMessagingContextManagerService.dia -c /Users/emanuelflury/Library/Developer/Xcode/DerivedData/TaxedGmbH_IOS-gerngfqzuwudosgobknlgtoawnlj/SourcePackages/checkouts/firebase-ios-sdk/FirebaseMessaging/Sources/FIRMessagingContextManagerService.m -o /Users/emanuelflury/Library/Developer/Xcode/DerivedData/TaxedGmbH_IOS-gerngfqzuwudosgobknlgtoawnlj/Build/Intermediates.noindex/Firebase.build/Debug-iphoneos/FirebaseMessaging.build/Objects-normal/arm64/FIRMessagingContextManagerService.o -index-unit-output-path /Firebase.build/Debug-iphoneos/FirebaseMessaging.build/Objects-normal/arm64/FIRMessagingContextManagerService.o

CompileC /Users/emanuelflury/Library/Developer/Xcode/DerivedData/TaxedGmbH_IOS-gerngfqzuwudosgobknlgtoawnlj/Build/Intermediates.noindex/Firebase.build/Debug-iphoneos/FirebaseMessaging.build/Objects-normal/arm64/FIRMessagingAnalytics.o /Users/emanuelflury/Library/Developer/Xcode/DerivedData/TaxedGmbH_IOS-gerngfqzuwudosgobknlgtoawnlj/SourcePackages/checkouts/firebase-ios-sdk/FirebaseMessaging/Sources/FIRMessagingAnalytics.m normal arm64 objective-c com.apple.compilers.llvm.clang.1_0.compiler (in target 'FirebaseMessaging' from project 'Firebase')
    cd /Users/emanuelflury/github/TaxedGmbH_IOS/TaxedGmbH_IOS.xcodeproj
    
    Using response file: /Users/emanuelflury/Library/Developer/Xcode/DerivedData/TaxedGmbH_IOS-gerngfqzuwudosgobknlgtoawnlj/Build/Intermediates.noindex/Firebase.build/Debug-iphoneos/FirebaseMessaging.build/Objects-normal/arm64/e6072d4f65d7061329687fe24e3d63a7-common-args.resp
    
    /Applications/Xcode.app/Contents/Developer/Toolchains/XcodeDefault.xctoolchain/usr/bin/clang -x objective-c -ivfsstatcache /Users/emanuelflury/Library/Developer/Xcode/DerivedData/SDKStatCaches.noindex/iphoneos26.1-23B77-69b33fc7382b27d9b5d46e82a00f8e78.sdkstatcache -fmessage-length\=0 -fdiagnostics-show-note-include-stack -fmacro-backtrace-limit\=0 -fno-color-diagnostics -fmodules-prune-interval\=86400 -fmodules-prune-after\=345600 -fbuild-session-file\=/Users/emanuelflury/Library/Developer/Xcode/DerivedData/ModuleCache.noindex/Session.modulevalidation -fmodules-validate-once-per-build-session -Wnon-modular-include-in-framework-module -Werror\=non-modular-include-in-framework-module -Wno-trigraphs -Wno-missing-field-initializers -Wno-missing-prototypes -Wno-return-type -Wno-implicit-atomic-properties -Wno-objc-interface-ivars -Wno-arc-repeated-use-of-weak -Wno-missing-braces -Wparentheses -Wswitch -Wno-unused-function -Wno-unused-label -Wno-unused-parameter -Wno-unused-variable -Wunused-value -Wno-empty-body -Wno-uninitialized -Wno-unknown-pragmas -w -Wno-shadow -Wno-four-char-constants -Wno-conversion -Wno-constant-conversion -Wno-int-conversion -Wno-bool-conversion -Wno-enum-conversion -Wno-float-conversion -Wno-non-literal-null-conversion -Wno-objc-literal-conversion -Wshorten-64-to-32 -Wpointer-sign -Wno-newline-eof -Wno-selector -Wno-strict-selector-match -Wno-undeclared-selector -Wno-deprecated-implementations -Wno-implicit-fallthrough -fstrict-aliasing -Wprotocol -Wdeprecated-declarations -Wno-sign-conversion -Wno-infinite-recursion -Wno-comma -Wno-block-capture-autoreleasing -Wno-strict-prototypes -Wno-semicolon-before-method-body -index-store-path /Users/emanuelflury/Library/Developer/Xcode/DerivedData/TaxedGmbH_IOS-gerngfqzuwudosgobknlgtoawnlj/Index.noindex/DataStore @/Users/emanuelflury/Library/Developer/Xcode/DerivedData/TaxedGmbH_IOS-gerngfqzuwudosgobknlgtoawnlj/Build/Intermediates.noindex/Firebase.build/Debug-iphoneos/FirebaseMessaging.build/Objects-normal/arm64/e6072d4f65d7061329687fe24e3d63a7-common-args.resp -include /Users/emanuelflury/Library/Developer/Xcode/DerivedData/TaxedGmbH_IOS-gerngfqzuwudosgobknlgtoawnlj/Build/Intermediates.noindex/Firebase.build/Debug-iphoneos/FirebaseMessaging.build/DerivedSources/resource_bundle_accessor.h -MMD -MT dependencies -MF /Users/emanuelflury/Library/Developer/Xcode/DerivedData/TaxedGmbH_IOS-gerngfqzuwudosgobknlgtoawnlj/Build/Intermediates.noindex/Firebase.build/Debug-iphoneos/FirebaseMessaging.build/Objects-normal/arm64/FIRMessagingAnalytics.d --serialize-diagnostics /Users/emanuelflury/Library/Developer/Xcode/DerivedData/TaxedGmbH_IOS-gerngfqzuwudosgobknlgtoawnlj/Build/Intermediates.noindex/Firebase.build/Debug-iphoneos/FirebaseMessaging.build/Objects-normal/arm64/FIRMessagingAnalytics.dia -c /Users/emanuelflury/Library/Developer/Xcode/DerivedData/TaxedGmbH_IOS-gerngfqzuwudosgobknlgtoawnlj/SourcePackages/checkouts/firebase-ios-sdk/FirebaseMessaging/Sources/FIRMessagingAnalytics.m -o /Users/emanuelflury/Library/Developer/Xcode/DerivedData/TaxedGmbH_IOS-gerngfqzuwudosgobknlgtoawnlj/Build/Intermediates.noindex/Firebase.build/Debug-iphoneos/FirebaseMessaging.build/Objects-normal/arm64/FIRMessagingAnalytics.o -index-unit-output-path /Firebase.build/Debug-iphoneos/FirebaseMessaging.build/Objects-normal/arm64/FIRMessagingAnalytics.o

SwiftDriverJobDiscovery normal arm64 Compiling QueryPredicate.swift, FieldValue+Swift.swift (in target 'FirebaseFirestore' from project 'Firebase')

CompileC /Users/emanuelflury/Library/Developer/Xcode/DerivedData/TaxedGmbH_IOS-gerngfqzuwudosgobknlgtoawnlj/Build/Intermediates.noindex/Firebase.build/Debug-iphoneos/FirebaseMessaging.build/Objects-normal/arm64/FIRMessaging.o /Users/emanuelflury/Library/Developer/Xcode/DerivedData/TaxedGmbH_IOS-gerngfqzuwudosgobknlgtoawnlj/SourcePackages/checkouts/firebase-ios-sdk/FirebaseMessaging/Sources/FIRMessaging.m normal arm64 objective-c com.apple.compilers.llvm.clang.1_0.compiler (in target 'FirebaseMessaging' from project 'Firebase')
    cd /Users/emanuelflury/github/TaxedGmbH_IOS/TaxedGmbH_IOS.xcodeproj
    
    Using response file: /Users/emanuelflury/Library/Developer/Xcode/DerivedData/TaxedGmbH_IOS-gerngfqzuwudosgobknlgtoawnlj/Build/Intermediates.noindex/Firebase.build/Debug-iphoneos/FirebaseMessaging.build/Objects-normal/arm64/e6072d4f65d7061329687fe24e3d63a7-common-args.resp
    
    /Applications/Xcode.app/Contents/Developer/Toolchains/XcodeDefault.xctoolchain/usr/bin/clang -x objective-c -ivfsstatcache /Users/emanuelflury/Library/Developer/Xcode/DerivedData/SDKStatCaches.noindex/iphoneos26.1-23B77-69b33fc7382b27d9b5d46e82a00f8e78.sdkstatcache -fmessage-length\=0 -fdiagnostics-show-note-include-stack -fmacro-backtrace-limit\=0 -fno-color-diagnostics -fmodules-prune-interval\=86400 -fmodules-prune-after\=345600 -fbuild-session-file\=/Users/emanuelflury/Library/Developer/Xcode/DerivedData/ModuleCache.noindex/Session.modulevalidation -fmodules-validate-once-per-build-session -Wnon-modular-include-in-framework-module -Werror\=non-modular-include-in-framework-module -Wno-trigraphs -Wno-missing-field-initializers -Wno-missing-prototypes -Wno-return-type -Wno-implicit-atomic-properties -Wno-objc-interface-ivars -Wno-arc-repeated-use-of-weak -Wno-missing-braces -Wparentheses -Wswitch -Wno-unused-function -Wno-unused-label -Wno-unused-parameter -Wno-unused-variable -Wunused-value -Wno-empty-body -Wno-uninitialized -Wno-unknown-pragmas -w -Wno-shadow -Wno-four-char-constants -Wno-conversion -Wno-constant-conversion -Wno-int-conversion -Wno-bool-conversion -Wno-enum-conversion -Wno-float-conversion -Wno-non-literal-null-conversion -Wno-objc-literal-conversion -Wshorten-64-to-32 -Wpointer-sign -Wno-newline-eof -Wno-selector -Wno-strict-selector-match -Wno-undeclared-selector -Wno-deprecated-implementations -Wno-implicit-fallthrough -fstrict-aliasing -Wprotocol -Wdeprecated-declarations -Wno-sign-conversion -Wno-infinite-recursion -Wno-comma -Wno-block-capture-autoreleasing -Wno-strict-prototypes -Wno-semicolon-before-method-body -index-store-path /Users/emanuelflury/Library/Developer/Xcode/DerivedData/TaxedGmbH_IOS-gerngfqzuwudosgobknlgtoawnlj/Index.noindex/DataStore @/Users/emanuelflury/Library/Developer/Xcode/DerivedData/TaxedGmbH_IOS-gerngfqzuwudosgobknlgtoawnlj/Build/Intermediates.noindex/Firebase.build/Debug-iphoneos/FirebaseMessaging.build/Objects-normal/arm64/e6072d4f65d7061329687fe24e3d63a7-common-args.resp -include /Users/emanuelflury/Library/Developer/Xcode/DerivedData/TaxedGmbH_IOS-gerngfqzuwudosgobknlgtoawnlj/Build/Intermediates.noindex/Firebase.build/Debug-iphoneos/FirebaseMessaging.build/DerivedSources/resource_bundle_accessor.h -MMD -MT dependencies -MF /Users/emanuelflury/Library/Developer/Xcode/DerivedData/TaxedGmbH_IOS-gerngfqzuwudosgobknlgtoawnlj/Build/Intermediates.noindex/Firebase.build/Debug-iphoneos/FirebaseMessaging.build/Objects-normal/arm64/FIRMessaging.d --serialize-diagnostics /Users/emanuelflury/Library/Developer/Xcode/DerivedData/TaxedGmbH_IOS-gerngfqzuwudosgobknlgtoawnlj/Build/Intermediates.noindex/Firebase.build/Debug-iphoneos/FirebaseMessaging.build/Objects-normal/arm64/FIRMessaging.dia -c /Users/emanuelflury/Library/Developer/Xcode/DerivedData/TaxedGmbH_IOS-gerngfqzuwudosgobknlgtoawnlj/SourcePackages/checkouts/firebase-ios-sdk/FirebaseMessaging/Sources/FIRMessaging.m -o /Users/emanuelflury/Library/Developer/Xcode/DerivedData/TaxedGmbH_IOS-gerngfqzuwudosgobknlgtoawnlj/Build/Intermediates.noindex/Firebase.build/Debug-iphoneos/FirebaseMessaging.build/Objects-normal/arm64/FIRMessaging.o -index-unit-output-path /Firebase.build/Debug-iphoneos/FirebaseMessaging.build/Objects-normal/arm64/FIRMessaging.o

SwiftDriverJobDiscovery normal arm64 Compiling ExplicitNull.swift, FieldValue+Encodable.swift (in target 'FirebaseFirestore' from project 'Firebase')

CompileC /Users/emanuelflury/Library/Developer/Xcode/DerivedData/TaxedGmbH_IOS-gerngfqzuwudosgobknlgtoawnlj/Build/Intermediates.noindex/Firebase.build/Debug-iphoneos/FirebaseCore.build/Objects-normal/arm64/resource_bundle_accessor.o /Users/emanuelflury/Library/Developer/Xcode/DerivedData/TaxedGmbH_IOS-gerngfqzuwudosgobknlgtoawnlj/Build/Intermediates.noindex/Firebase.build/Debug-iphoneos/FirebaseCore.build/DerivedSources/resource_bundle_accessor.m normal arm64 objective-c com.apple.compilers.llvm.clang.1_0.compiler (in target 'FirebaseCore' from project 'Firebase')
    cd /Users/emanuelflury/github/TaxedGmbH_IOS/TaxedGmbH_IOS.xcodeproj
    
    Using response file: /Users/emanuelflury/Library/Developer/Xcode/DerivedData/TaxedGmbH_IOS-gerngfqzuwudosgobknlgtoawnlj/Build/Intermediates.noindex/Firebase.build/Debug-iphoneos/FirebaseCore.build/Objects-normal/arm64/e6072d4f65d7061329687fe24e3d63a7-common-args.resp
    
    /Applications/Xcode.app/Contents/Developer/Toolchains/XcodeDefault.xctoolchain/usr/bin/clang -x objective-c -ivfsstatcache /Users/emanuelflury/Library/Developer/Xcode/DerivedData/SDKStatCaches.noindex/iphoneos26.1-23B77-69b33fc7382b27d9b5d46e82a00f8e78.sdkstatcache -fmessage-length\=0 -fdiagnostics-show-note-include-stack -fmacro-backtrace-limit\=0 -fno-color-diagnostics -fmodules-prune-interval\=86400 -fmodules-prune-after\=345600 -fbuild-session-file\=/Users/emanuelflury/Library/Developer/Xcode/DerivedData/ModuleCache.noindex/Session.modulevalidation -fmodules-validate-once-per-build-session -Wnon-modular-include-in-framework-module -Werror\=non-modular-include-in-framework-module -Wno-trigraphs -Wno-missing-field-initializers -Wno-missing-prototypes -Wno-return-type -Wno-implicit-atomic-properties -Wno-objc-interface-ivars -Wno-arc-repeated-use-of-weak -Wno-missing-braces -Wparentheses -Wswitch -Wno-unused-function -Wno-unused-label -Wno-unused-parameter -Wno-unused-variable -Wunused-value -Wno-empty-body -Wno-uninitialized -Wno-unknown-pragmas -w -Wno-shadow -Wno-four-char-constants -Wno-conversion -Wno-constant-conversion -Wno-int-conversion -Wno-bool-conversion -Wno-enum-conversion -Wno-float-conversion -Wno-non-literal-null-conversion -Wno-objc-literal-conversion -Wshorten-64-to-32 -Wpointer-sign -Wno-newline-eof -Wno-selector -Wno-strict-selector-match -Wno-undeclared-selector -Wno-deprecated-implementations -Wno-implicit-fallthrough -fstrict-aliasing -Wprotocol -Wdeprecated-declarations -Wno-sign-conversion -Wno-infinite-recursion -Wno-comma -Wno-block-capture-autoreleasing -Wno-strict-prototypes -Wno-semicolon-before-method-body -index-store-path /Users/emanuelflury/Library/Developer/Xcode/DerivedData/TaxedGmbH_IOS-gerngfqzuwudosgobknlgtoawnlj/Index.noindex/DataStore @/Users/emanuelflury/Library/Developer/Xcode/DerivedData/TaxedGmbH_IOS-gerngfqzuwudosgobknlgtoawnlj/Build/Intermediates.noindex/Firebase.build/Debug-iphoneos/FirebaseCore.build/Objects-normal/arm64/e6072d4f65d7061329687fe24e3d63a7-common-args.resp -include /Users/emanuelflury/Library/Developer/Xcode/DerivedData/TaxedGmbH_IOS-gerngfqzuwudosgobknlgtoawnlj/Build/Intermediates.noindex/Firebase.build/Debug-iphoneos/FirebaseCore.build/DerivedSources/resource_bundle_accessor.h -MMD -MT dependencies -MF /Users/emanuelflury/Library/Developer/Xcode/DerivedData/TaxedGmbH_IOS-gerngfqzuwudosgobknlgtoawnlj/Build/Intermediates.noindex/Firebase.build/Debug-iphoneos/FirebaseCore.build/Objects-normal/arm64/resource_bundle_accessor.d --serialize-diagnostics /Users/emanuelflury/Library/Developer/Xcode/DerivedData/TaxedGmbH_IOS-gerngfqzuwudosgobknlgtoawnlj/Build/Intermediates.noindex/Firebase.build/Debug-iphoneos/FirebaseCore.build/Objects-normal/arm64/resource_bundle_accessor.dia -c /Users/emanuelflury/Library/Developer/Xcode/DerivedData/TaxedGmbH_IOS-gerngfqzuwudosgobknlgtoawnlj/Build/Intermediates.noindex/Firebase.build/Debug-iphoneos/FirebaseCore.build/DerivedSources/resource_bundle_accessor.m -o /Users/emanuelflury/Library/Developer/Xcode/DerivedData/TaxedGmbH_IOS-gerngfqzuwudosgobknlgtoawnlj/Build/Intermediates.noindex/Firebase.build/Debug-iphoneos/FirebaseCore.build/Objects-normal/arm64/resource_bundle_accessor.o -index-unit-output-path /Firebase.build/Debug-iphoneos/FirebaseCore.build/Objects-normal/arm64/resource_bundle_accessor.o

SwiftDriverJobDiscovery normal arm64 Compiling CodableErrors.swift, CodablePassThroughTypes.swift, CollectionReference+WriteEncodable.swift (in target 'FirebaseFirestore' from project 'Firebase')

CompileC /Users/emanuelflury/Library/Developer/Xcode/DerivedData/TaxedGmbH_IOS-gerngfqzuwudosgobknlgtoawnlj/Build/Intermediates.noindex/Firebase.build/Debug-iphoneos/FirebaseCore.build/Objects-normal/arm64/FIRVersion.o /Users/emanuelflury/Library/Developer/Xcode/DerivedData/TaxedGmbH_IOS-gerngfqzuwudosgobknlgtoawnlj/SourcePackages/checkouts/firebase-ios-sdk/FirebaseCore/Sources/FIRVersion.m normal arm64 objective-c com.apple.compilers.llvm.clang.1_0.compiler (in target 'FirebaseCore' from project 'Firebase')
    cd /Users/emanuelflury/github/TaxedGmbH_IOS/TaxedGmbH_IOS.xcodeproj
    
    Using response file: /Users/emanuelflury/Library/Developer/Xcode/DerivedData/TaxedGmbH_IOS-gerngfqzuwudosgobknlgtoawnlj/Build/Intermediates.noindex/Firebase.build/Debug-iphoneos/FirebaseCore.build/Objects-normal/arm64/e6072d4f65d7061329687fe24e3d63a7-common-args.resp
    
    /Applications/Xcode.app/Contents/Developer/Toolchains/XcodeDefault.xctoolchain/usr/bin/clang -x objective-c -ivfsstatcache /Users/emanuelflury/Library/Developer/Xcode/DerivedData/SDKStatCaches.noindex/iphoneos26.1-23B77-69b33fc7382b27d9b5d46e82a00f8e78.sdkstatcache -fmessage-length\=0 -fdiagnostics-show-note-include-stack -fmacro-backtrace-limit\=0 -fno-color-diagnostics -fmodules-prune-interval\=86400 -fmodules-prune-after\=345600 -fbuild-session-file\=/Users/emanuelflury/Library/Developer/Xcode/DerivedData/ModuleCache.noindex/Session.modulevalidation -fmodules-validate-once-per-build-session -Wnon-modular-include-in-framework-module -Werror\=non-modular-include-in-framework-module -Wno-trigraphs -Wno-missing-field-initializers -Wno-missing-prototypes -Wno-return-type -Wno-implicit-atomic-properties -Wno-objc-interface-ivars -Wno-arc-repeated-use-of-weak -Wno-missing-braces -Wparentheses -Wswitch -Wno-unused-function -Wno-unused-label -Wno-unused-parameter -Wno-unused-variable -Wunused-value -Wno-empty-body -Wno-uninitialized -Wno-unknown-pragmas -w -Wno-shadow -Wno-four-char-constants -Wno-conversion -Wno-constant-conversion -Wno-int-conversion -Wno-bool-conversion -Wno-enum-conversion -Wno-float-conversion -Wno-non-literal-null-conversion -Wno-objc-literal-conversion -Wshorten-64-to-32 -Wpointer-sign -Wno-newline-eof -Wno-selector -Wno-strict-selector-match -Wno-undeclared-selector -Wno-deprecated-implementations -Wno-implicit-fallthrough -fstrict-aliasing -Wprotocol -Wdeprecated-declarations -Wno-sign-conversion -Wno-infinite-recursion -Wno-comma -Wno-block-capture-autoreleasing -Wno-strict-prototypes -Wno-semicolon-before-method-body -index-store-path /Users/emanuelflury/Library/Developer/Xcode/DerivedData/TaxedGmbH_IOS-gerngfqzuwudosgobknlgtoawnlj/Index.noindex/DataStore @/Users/emanuelflury/Library/Developer/Xcode/DerivedData/TaxedGmbH_IOS-gerngfqzuwudosgobknlgtoawnlj/Build/Intermediates.noindex/Firebase.build/Debug-iphoneos/FirebaseCore.build/Objects-normal/arm64/e6072d4f65d7061329687fe24e3d63a7-common-args.resp -include /Users/emanuelflury/Library/Developer/Xcode/DerivedData/TaxedGmbH_IOS-gerngfqzuwudosgobknlgtoawnlj/Build/Intermediates.noindex/Firebase.build/Debug-iphoneos/FirebaseCore.build/DerivedSources/resource_bundle_accessor.h -MMD -MT dependencies -MF /Users/emanuelflury/Library/Developer/Xcode/DerivedData/TaxedGmbH_IOS-gerngfqzuwudosgobknlgtoawnlj/Build/Intermediates.noindex/Firebase.build/Debug-iphoneos/FirebaseCore.build/Objects-normal/arm64/FIRVersion.d --serialize-diagnostics /Users/emanuelflury/Library/Developer/Xcode/DerivedData/TaxedGmbH_IOS-gerngfqzuwudosgobknlgtoawnlj/Build/Intermediates.noindex/Firebase.build/Debug-iphoneos/FirebaseCore.build/Objects-normal/arm64/FIRVersion.dia -c /Users/emanuelflury/Library/Developer/Xcode/DerivedData/TaxedGmbH_IOS-gerngfqzuwudosgobknlgtoawnlj/SourcePackages/checkouts/firebase-ios-sdk/FirebaseCore/Sources/FIRVersion.m -o /Users/emanuelflury/Library/Developer/Xcode/DerivedData/TaxedGmbH_IOS-gerngfqzuwudosgobknlgtoawnlj/Build/Intermediates.noindex/Firebase.build/Debug-iphoneos/FirebaseCore.build/Objects-normal/arm64/FIRVersion.o -index-unit-output-path /Firebase.build/Debug-iphoneos/FirebaseCore.build/Objects-normal/arm64/FIRVersion.o

CompileC /Users/emanuelflury/Library/Developer/Xcode/DerivedData/TaxedGmbH_IOS-gerngfqzuwudosgobknlgtoawnlj/Build/Intermediates.noindex/Firebase.build/Debug-iphoneos/FirebaseCore.build/Objects-normal/arm64/FIRTimestamp.o /Users/emanuelflury/Library/Developer/Xcode/DerivedData/TaxedGmbH_IOS-gerngfqzuwudosgobknlgtoawnlj/SourcePackages/checkouts/firebase-ios-sdk/FirebaseCore/Sources/FIRTimestamp.m normal arm64 objective-c com.apple.compilers.llvm.clang.1_0.compiler (in target 'FirebaseCore' from project 'Firebase')
    cd /Users/emanuelflury/github/TaxedGmbH_IOS/TaxedGmbH_IOS.xcodeproj
    
    Using response file: /Users/emanuelflury/Library/Developer/Xcode/DerivedData/TaxedGmbH_IOS-gerngfqzuwudosgobknlgtoawnlj/Build/Intermediates.noindex/Firebase.build/Debug-iphoneos/FirebaseCore.build/Objects-normal/arm64/e6072d4f65d7061329687fe24e3d63a7-common-args.resp
    
    /Applications/Xcode.app/Contents/Developer/Toolchains/XcodeDefault.xctoolchain/usr/bin/clang -x objective-c -ivfsstatcache /Users/emanuelflury/Library/Developer/Xcode/DerivedData/SDKStatCaches.noindex/iphoneos26.1-23B77-69b33fc7382b27d9b5d46e82a00f8e78.sdkstatcache -fmessage-length\=0 -fdiagnostics-show-note-include-stack -fmacro-backtrace-limit\=0 -fno-color-diagnostics -fmodules-prune-interval\=86400 -fmodules-prune-after\=345600 -fbuild-session-file\=/Users/emanuelflury/Library/Developer/Xcode/DerivedData/ModuleCache.noindex/Session.modulevalidation -fmodules-validate-once-per-build-session -Wnon-modular-include-in-framework-module -Werror\=non-modular-include-in-framework-module -Wno-trigraphs -Wno-missing-field-initializers -Wno-missing-prototypes -Wno-return-type -Wno-implicit-atomic-properties -Wno-objc-interface-ivars -Wno-arc-repeated-use-of-weak -Wno-missing-braces -Wparentheses -Wswitch -Wno-unused-function -Wno-unused-label -Wno-unused-parameter -Wno-unused-variable -Wunused-value -Wno-empty-body -Wno-uninitialized -Wno-unknown-pragmas -w -Wno-shadow -Wno-four-char-constants -Wno-conversion -Wno-constant-conversion -Wno-int-conversion -Wno-bool-conversion -Wno-enum-conversion -Wno-float-conversion -Wno-non-literal-null-conversion -Wno-objc-literal-conversion -Wshorten-64-to-32 -Wpointer-sign -Wno-newline-eof -Wno-selector -Wno-strict-selector-match -Wno-undeclared-selector -Wno-deprecated-implementations -Wno-implicit-fallthrough -fstrict-aliasing -Wprotocol -Wdeprecated-declarations -Wno-sign-conversion -Wno-infinite-recursion -Wno-comma -Wno-block-capture-autoreleasing -Wno-strict-prototypes -Wno-semicolon-before-method-body -index-store-path /Users/emanuelflury/Library/Developer/Xcode/DerivedData/TaxedGmbH_IOS-gerngfqzuwudosgobknlgtoawnlj/Index.noindex/DataStore @/Users/emanuelflury/Library/Developer/Xcode/DerivedData/TaxedGmbH_IOS-gerngfqzuwudosgobknlgtoawnlj/Build/Intermediates.noindex/Firebase.build/Debug-iphoneos/FirebaseCore.build/Objects-normal/arm64/e6072d4f65d7061329687fe24e3d63a7-common-args.resp -include /Users/emanuelflury/Library/Developer/Xcode/DerivedData/TaxedGmbH_IOS-gerngfqzuwudosgobknlgtoawnlj/Build/Intermediates.noindex/Firebase.build/Debug-iphoneos/FirebaseCore.build/DerivedSources/resource_bundle_accessor.h -MMD -MT dependencies -MF /Users/emanuelflury/Library/Developer/Xcode/DerivedData/TaxedGmbH_IOS-gerngfqzuwudosgobknlgtoawnlj/Build/Intermediates.noindex/Firebase.build/Debug-iphoneos/FirebaseCore.build/Objects-normal/arm64/FIRTimestamp.d --serialize-diagnostics /Users/emanuelflury/Library/Developer/Xcode/DerivedData/TaxedGmbH_IOS-gerngfqzuwudosgobknlgtoawnlj/Build/Intermediates.noindex/Firebase.build/Debug-iphoneos/FirebaseCore.build/Objects-normal/arm64/FIRTimestamp.dia -c /Users/emanuelflury/Library/Developer/Xcode/DerivedData/TaxedGmbH_IOS-gerngfqzuwudosgobknlgtoawnlj/SourcePackages/checkouts/firebase-ios-sdk/FirebaseCore/Sources/FIRTimestamp.m -o /Users/emanuelflury/Library/Developer/Xcode/DerivedData/TaxedGmbH_IOS-gerngfqzuwudosgobknlgtoawnlj/Build/Intermediates.noindex/Firebase.build/Debug-iphoneos/FirebaseCore.build/Objects-normal/arm64/FIRTimestamp.o -index-unit-output-path /Firebase.build/Debug-iphoneos/FirebaseCore.build/Objects-normal/arm64/FIRTimestamp.o

CompileC /Users/emanuelflury/Library/Developer/Xcode/DerivedData/TaxedGmbH_IOS-gerngfqzuwudosgobknlgtoawnlj/Build/Intermediates.noindex/Firebase.build/Debug-iphoneos/FirebaseCore.build/Objects-normal/arm64/FIROptions.o /Users/emanuelflury/Library/Developer/Xcode/DerivedData/TaxedGmbH_IOS-gerngfqzuwudosgobknlgtoawnlj/SourcePackages/checkouts/firebase-ios-sdk/FirebaseCore/Sources/FIROptions.m normal arm64 objective-c com.apple.compilers.llvm.clang.1_0.compiler (in target 'FirebaseCore' from project 'Firebase')
    cd /Users/emanuelflury/github/TaxedGmbH_IOS/TaxedGmbH_IOS.xcodeproj
    
    Using response file: /Users/emanuelflury/Library/Developer/Xcode/DerivedData/TaxedGmbH_IOS-gerngfqzuwudosgobknlgtoawnlj/Build/Intermediates.noindex/Firebase.build/Debug-iphoneos/FirebaseCore.build/Objects-normal/arm64/e6072d4f65d7061329687fe24e3d63a7-common-args.resp
    
    /Applications/Xcode.app/Contents/Developer/Toolchains/XcodeDefault.xctoolchain/usr/bin/clang -x objective-c -ivfsstatcache /Users/emanuelflury/Library/Developer/Xcode/DerivedData/SDKStatCaches.noindex/iphoneos26.1-23B77-69b33fc7382b27d9b5d46e82a00f8e78.sdkstatcache -fmessage-length\=0 -fdiagnostics-show-note-include-stack -fmacro-backtrace-limit\=0 -fno-color-diagnostics -fmodules-prune-interval\=86400 -fmodules-prune-after\=345600 -fbuild-session-file\=/Users/emanuelflury/Library/Developer/Xcode/DerivedData/ModuleCache.noindex/Session.modulevalidation -fmodules-validate-once-per-build-session -Wnon-modular-include-in-framework-module -Werror\=non-modular-include-in-framework-module -Wno-trigraphs -Wno-missing-field-initializers -Wno-missing-prototypes -Wno-return-type -Wno-implicit-atomic-properties -Wno-objc-interface-ivars -Wno-arc-repeated-use-of-weak -Wno-missing-braces -Wparentheses -Wswitch -Wno-unused-function -Wno-unused-label -Wno-unused-parameter -Wno-unused-variable -Wunused-value -Wno-empty-body -Wno-uninitialized -Wno-unknown-pragmas -w -Wno-shadow -Wno-four-char-constants -Wno-conversion -Wno-constant-conversion -Wno-int-conversion -Wno-bool-conversion -Wno-enum-conversion -Wno-float-conversion -Wno-non-literal-null-conversion -Wno-objc-literal-conversion -Wshorten-64-to-32 -Wpointer-sign -Wno-newline-eof -Wno-selector -Wno-strict-selector-match -Wno-undeclared-selector -Wno-deprecated-implementations -Wno-implicit-fallthrough -fstrict-aliasing -Wprotocol -Wdeprecated-declarations -Wno-sign-conversion -Wno-infinite-recursion -Wno-comma -Wno-block-capture-autoreleasing -Wno-strict-prototypes -Wno-semicolon-before-method-body -index-store-path /Users/emanuelflury/Library/Developer/Xcode/DerivedData/TaxedGmbH_IOS-gerngfqzuwudosgobknlgtoawnlj/Index.noindex/DataStore @/Users/emanuelflury/Library/Developer/Xcode/DerivedData/TaxedGmbH_IOS-gerngfqzuwudosgobknlgtoawnlj/Build/Intermediates.noindex/Firebase.build/Debug-iphoneos/FirebaseCore.build/Objects-normal/arm64/e6072d4f65d7061329687fe24e3d63a7-common-args.resp -include /Users/emanuelflury/Library/Developer/Xcode/DerivedData/TaxedGmbH_IOS-gerngfqzuwudosgobknlgtoawnlj/Build/Intermediates.noindex/Firebase.build/Debug-iphoneos/FirebaseCore.build/DerivedSources/resource_bundle_accessor.h -MMD -MT dependencies -MF /Users/emanuelflury/Library/Developer/Xcode/DerivedData/TaxedGmbH_IOS-gerngfqzuwudosgobknlgtoawnlj/Build/Intermediates.noindex/Firebase.build/Debug-iphoneos/FirebaseCore.build/Objects-normal/arm64/FIROptions.d --serialize-diagnostics /Users/emanuelflury/Library/Developer/Xcode/DerivedData/TaxedGmbH_IOS-gerngfqzuwudosgobknlgtoawnlj/Build/Intermediates.noindex/Firebase.build/Debug-iphoneos/FirebaseCore.build/Objects-normal/arm64/FIROptions.dia -c /Users/emanuelflury/Library/Developer/Xcode/DerivedData/TaxedGmbH_IOS-gerngfqzuwudosgobknlgtoawnlj/SourcePackages/checkouts/firebase-ios-sdk/FirebaseCore/Sources/FIROptions.m -o /Users/emanuelflury/Library/Developer/Xcode/DerivedData/TaxedGmbH_IOS-gerngfqzuwudosgobknlgtoawnlj/Build/Intermediates.noindex/Firebase.build/Debug-iphoneos/FirebaseCore.build/Objects-normal/arm64/FIROptions.o -index-unit-output-path /Firebase.build/Debug-iphoneos/FirebaseCore.build/Objects-normal/arm64/FIROptions.o

CompileC /Users/emanuelflury/Library/Developer/Xcode/DerivedData/TaxedGmbH_IOS-gerngfqzuwudosgobknlgtoawnlj/Build/Intermediates.noindex/Firebase.build/Debug-iphoneos/FirebaseCore.build/Objects-normal/arm64/FIRConfiguration.o /Users/emanuelflury/Library/Developer/Xcode/DerivedData/TaxedGmbH_IOS-gerngfqzuwudosgobknlgtoawnlj/SourcePackages/checkouts/firebase-ios-sdk/FirebaseCore/Sources/FIRConfiguration.m normal arm64 objective-c com.apple.compilers.llvm.clang.1_0.compiler (in target 'FirebaseCore' from project 'Firebase')
    cd /Users/emanuelflury/github/TaxedGmbH_IOS/TaxedGmbH_IOS.xcodeproj
    
    Using response file: /Users/emanuelflury/Library/Developer/Xcode/DerivedData/TaxedGmbH_IOS-gerngfqzuwudosgobknlgtoawnlj/Build/Intermediates.noindex/Firebase.build/Debug-iphoneos/FirebaseCore.build/Objects-normal/arm64/e6072d4f65d7061329687fe24e3d63a7-common-args.resp
    
    /Applications/Xcode.app/Contents/Developer/Toolchains/XcodeDefault.xctoolchain/usr/bin/clang -x objective-c -ivfsstatcache /Users/emanuelflury/Library/Developer/Xcode/DerivedData/SDKStatCaches.noindex/iphoneos26.1-23B77-69b33fc7382b27d9b5d46e82a00f8e78.sdkstatcache -fmessage-length\=0 -fdiagnostics-show-note-include-stack -fmacro-backtrace-limit\=0 -fno-color-diagnostics -fmodules-prune-interval\=86400 -fmodules-prune-after\=345600 -fbuild-session-file\=/Users/emanuelflury/Library/Developer/Xcode/DerivedData/ModuleCache.noindex/Session.modulevalidation -fmodules-validate-once-per-build-session -Wnon-modular-include-in-framework-module -Werror\=non-modular-include-in-framework-module -Wno-trigraphs -Wno-missing-field-initializers -Wno-missing-prototypes -Wno-return-type -Wno-implicit-atomic-properties -Wno-objc-interface-ivars -Wno-arc-repeated-use-of-weak -Wno-missing-braces -Wparentheses -Wswitch -Wno-unused-function -Wno-unused-label -Wno-unused-parameter -Wno-unused-variable -Wunused-value -Wno-empty-body -Wno-uninitialized -Wno-unknown-pragmas -w -Wno-shadow -Wno-four-char-constants -Wno-conversion -Wno-constant-conversion -Wno-int-conversion -Wno-bool-conversion -Wno-enum-conversion -Wno-float-conversion -Wno-non-literal-null-conversion -Wno-objc-literal-conversion -Wshorten-64-to-32 -Wpointer-sign -Wno-newline-eof -Wno-selector -Wno-strict-selector-match -Wno-undeclared-selector -Wno-deprecated-implementations -Wno-implicit-fallthrough -fstrict-aliasing -Wprotocol -Wdeprecated-declarations -Wno-sign-conversion -Wno-infinite-recursion -Wno-comma -Wno-block-capture-autoreleasing -Wno-strict-prototypes -Wno-semicolon-before-method-body -index-store-path /Users/emanuelflury/Library/Developer/Xcode/DerivedData/TaxedGmbH_IOS-gerngfqzuwudosgobknlgtoawnlj/Index.noindex/DataStore @/Users/emanuelflury/Library/Developer/Xcode/DerivedData/TaxedGmbH_IOS-gerngfqzuwudosgobknlgtoawnlj/Build/Intermediates.noindex/Firebase.build/Debug-iphoneos/FirebaseCore.build/Objects-normal/arm64/e6072d4f65d7061329687fe24e3d63a7-common-args.resp -include /Users/emanuelflury/Library/Developer/Xcode/DerivedData/TaxedGmbH_IOS-gerngfqzuwudosgobknlgtoawnlj/Build/Intermediates.noindex/Firebase.build/Debug-iphoneos/FirebaseCore.build/DerivedSources/resource_bundle_accessor.h -MMD -MT dependencies -MF /Users/emanuelflury/Library/Developer/Xcode/DerivedData/TaxedGmbH_IOS-gerngfqzuwudosgobknlgtoawnlj/Build/Intermediates.noindex/Firebase.build/Debug-iphoneos/FirebaseCore.build/Objects-normal/arm64/FIRConfiguration.d --serialize-diagnostics /Users/emanuelflury/Library/Developer/Xcode/DerivedData/TaxedGmbH_IOS-gerngfqzuwudosgobknlgtoawnlj/Build/Intermediates.noindex/Firebase.build/Debug-iphoneos/FirebaseCore.build/Objects-normal/arm64/FIRConfiguration.dia -c /Users/emanuelflury/Library/Developer/Xcode/DerivedData/TaxedGmbH_IOS-gerngfqzuwudosgobknlgtoawnlj/SourcePackages/checkouts/firebase-ios-sdk/FirebaseCore/Sources/FIRConfiguration.m -o /Users/emanuelflury/Library/Developer/Xcode/DerivedData/TaxedGmbH_IOS-gerngfqzuwudosgobknlgtoawnlj/Build/Intermediates.noindex/Firebase.build/Debug-iphoneos/FirebaseCore.build/Objects-normal/arm64/FIRConfiguration.o -index-unit-output-path /Firebase.build/Debug-iphoneos/FirebaseCore.build/Objects-normal/arm64/FIRConfiguration.o

CompileC /Users/emanuelflury/Library/Developer/Xcode/DerivedData/TaxedGmbH_IOS-gerngfqzuwudosgobknlgtoawnlj/Build/Intermediates.noindex/Firebase.build/Debug-iphoneos/FirebaseCore.build/Objects-normal/arm64/FIRComponentType.o /Users/emanuelflury/Library/Developer/Xcode/DerivedData/TaxedGmbH_IOS-gerngfqzuwudosgobknlgtoawnlj/SourcePackages/checkouts/firebase-ios-sdk/FirebaseCore/Sources/FIRComponentType.m normal arm64 objective-c com.apple.compilers.llvm.clang.1_0.compiler (in target 'FirebaseCore' from project 'Firebase')
    cd /Users/emanuelflury/github/TaxedGmbH_IOS/TaxedGmbH_IOS.xcodeproj
    
    Using response file: /Users/emanuelflury/Library/Developer/Xcode/DerivedData/TaxedGmbH_IOS-gerngfqzuwudosgobknlgtoawnlj/Build/Intermediates.noindex/Firebase.build/Debug-iphoneos/FirebaseCore.build/Objects-normal/arm64/e6072d4f65d7061329687fe24e3d63a7-common-args.resp
    
    /Applications/Xcode.app/Contents/Developer/Toolchains/XcodeDefault.xctoolchain/usr/bin/clang -x objective-c -ivfsstatcache /Users/emanuelflury/Library/Developer/Xcode/DerivedData/SDKStatCaches.noindex/iphoneos26.1-23B77-69b33fc7382b27d9b5d46e82a00f8e78.sdkstatcache -fmessage-length\=0 -fdiagnostics-show-note-include-stack -fmacro-backtrace-limit\=0 -fno-color-diagnostics -fmodules-prune-interval\=86400 -fmodules-prune-after\=345600 -fbuild-session-file\=/Users/emanuelflury/Library/Developer/Xcode/DerivedData/ModuleCache.noindex/Session.modulevalidation -fmodules-validate-once-per-build-session -Wnon-modular-include-in-framework-module -Werror\=non-modular-include-in-framework-module -Wno-trigraphs -Wno-missing-field-initializers -Wno-missing-prototypes -Wno-return-type -Wno-implicit-atomic-properties -Wno-objc-interface-ivars -Wno-arc-repeated-use-of-weak -Wno-missing-braces -Wparentheses -Wswitch -Wno-unused-function -Wno-unused-label -Wno-unused-parameter -Wno-unused-variable -Wunused-value -Wno-empty-body -Wno-uninitialized -Wno-unknown-pragmas -w -Wno-shadow -Wno-four-char-constants -Wno-conversion -Wno-constant-conversion -Wno-int-conversion -Wno-bool-conversion -Wno-enum-conversion -Wno-float-conversion -Wno-non-literal-null-conversion -Wno-objc-literal-conversion -Wshorten-64-to-32 -Wpointer-sign -Wno-newline-eof -Wno-selector -Wno-strict-selector-match -Wno-undeclared-selector -Wno-deprecated-implementations -Wno-implicit-fallthrough -fstrict-aliasing -Wprotocol -Wdeprecated-declarations -Wno-sign-conversion -Wno-infinite-recursion -Wno-comma -Wno-block-capture-autoreleasing -Wno-strict-prototypes -Wno-semicolon-before-method-body -index-store-path /Users/emanuelflury/Library/Developer/Xcode/DerivedData/TaxedGmbH_IOS-gerngfqzuwudosgobknlgtoawnlj/Index.noindex/DataStore @/Users/emanuelflury/Library/Developer/Xcode/DerivedData/TaxedGmbH_IOS-gerngfqzuwudosgobknlgtoawnlj/Build/Intermediates.noindex/Firebase.build/Debug-iphoneos/FirebaseCore.build/Objects-normal/arm64/e6072d4f65d7061329687fe24e3d63a7-common-args.resp -include /Users/emanuelflury/Library/Developer/Xcode/DerivedData/TaxedGmbH_IOS-gerngfqzuwudosgobknlgtoawnlj/Build/Intermediates.noindex/Firebase.build/Debug-iphoneos/FirebaseCore.build/DerivedSources/resource_bundle_accessor.h -MMD -MT dependencies -MF /Users/emanuelflury/Library/Developer/Xcode/DerivedData/TaxedGmbH_IOS-gerngfqzuwudosgobknlgtoawnlj/Build/Intermediates.noindex/Firebase.build/Debug-iphoneos/FirebaseCore.build/Objects-normal/arm64/FIRComponentType.d --serialize-diagnostics /Users/emanuelflury/Library/Developer/Xcode/DerivedData/TaxedGmbH_IOS-gerngfqzuwudosgobknlgtoawnlj/Build/Intermediates.noindex/Firebase.build/Debug-iphoneos/FirebaseCore.build/Objects-normal/arm64/FIRComponentType.dia -c /Users/emanuelflury/Library/Developer/Xcode/DerivedData/TaxedGmbH_IOS-gerngfqzuwudosgobknlgtoawnlj/SourcePackages/checkouts/firebase-ios-sdk/FirebaseCore/Sources/FIRComponentType.m -o /Users/emanuelflury/Library/Developer/Xcode/DerivedData/TaxedGmbH_IOS-gerngfqzuwudosgobknlgtoawnlj/Build/Intermediates.noindex/Firebase.build/Debug-iphoneos/FirebaseCore.build/Objects-normal/arm64/FIRComponentType.o -index-unit-output-path /Firebase.build/Debug-iphoneos/FirebaseCore.build/Objects-normal/arm64/FIRComponentType.o

CompileC /Users/emanuelflury/Library/Developer/Xcode/DerivedData/TaxedGmbH_IOS-gerngfqzuwudosgobknlgtoawnlj/Build/Intermediates.noindex/Firebase.build/Debug-iphoneos/FirebaseCore.build/Objects-normal/arm64/FIRComponentContainer.o /Users/emanuelflury/Library/Developer/Xcode/DerivedData/TaxedGmbH_IOS-gerngfqzuwudosgobknlgtoawnlj/SourcePackages/checkouts/firebase-ios-sdk/FirebaseCore/Sources/FIRComponentContainer.m normal arm64 objective-c com.apple.compilers.llvm.clang.1_0.compiler (in target 'FirebaseCore' from project 'Firebase')
    cd /Users/emanuelflury/github/TaxedGmbH_IOS/TaxedGmbH_IOS.xcodeproj
    
    Using response file: /Users/emanuelflury/Library/Developer/Xcode/DerivedData/TaxedGmbH_IOS-gerngfqzuwudosgobknlgtoawnlj/Build/Intermediates.noindex/Firebase.build/Debug-iphoneos/FirebaseCore.build/Objects-normal/arm64/e6072d4f65d7061329687fe24e3d63a7-common-args.resp
    
    /Applications/Xcode.app/Contents/Developer/Toolchains/XcodeDefault.xctoolchain/usr/bin/clang -x objective-c -ivfsstatcache /Users/emanuelflury/Library/Developer/Xcode/DerivedData/SDKStatCaches.noindex/iphoneos26.1-23B77-69b33fc7382b27d9b5d46e82a00f8e78.sdkstatcache -fmessage-length\=0 -fdiagnostics-show-note-include-stack -fmacro-backtrace-limit\=0 -fno-color-diagnostics -fmodules-prune-interval\=86400 -fmodules-prune-after\=345600 -fbuild-session-file\=/Users/emanuelflury/Library/Developer/Xcode/DerivedData/ModuleCache.noindex/Session.modulevalidation -fmodules-validate-once-per-build-session -Wnon-modular-include-in-framework-module -Werror\=non-modular-include-in-framework-module -Wno-trigraphs -Wno-missing-field-initializers -Wno-missing-prototypes -Wno-return-type -Wno-implicit-atomic-properties -Wno-objc-interface-ivars -Wno-arc-repeated-use-of-weak -Wno-missing-braces -Wparentheses -Wswitch -Wno-unused-function -Wno-unused-label -Wno-unused-parameter -Wno-unused-variable -Wunused-value -Wno-empty-body -Wno-uninitialized -Wno-unknown-pragmas -w -Wno-shadow -Wno-four-char-constants -Wno-conversion -Wno-constant-conversion -Wno-int-conversion -Wno-bool-conversion -Wno-enum-conversion -Wno-float-conversion -Wno-non-literal-null-conversion -Wno-objc-literal-conversion -Wshorten-64-to-32 -Wpointer-sign -Wno-newline-eof -Wno-selector -Wno-strict-selector-match -Wno-undeclared-selector -Wno-deprecated-implementations -Wno-implicit-fallthrough -fstrict-aliasing -Wprotocol -Wdeprecated-declarations -Wno-sign-conversion -Wno-infinite-recursion -Wno-comma -Wno-block-capture-autoreleasing -Wno-strict-prototypes -Wno-semicolon-before-method-body -index-store-path /Users/emanuelflury/Library/Developer/Xcode/DerivedData/TaxedGmbH_IOS-gerngfqzuwudosgobknlgtoawnlj/Index.noindex/DataStore @/Users/emanuelflury/Library/Developer/Xcode/DerivedData/TaxedGmbH_IOS-gerngfqzuwudosgobknlgtoawnlj/Build/Intermediates.noindex/Firebase.build/Debug-iphoneos/FirebaseCore.build/Objects-normal/arm64/e6072d4f65d7061329687fe24e3d63a7-common-args.resp -include /Users/emanuelflury/Library/Developer/Xcode/DerivedData/TaxedGmbH_IOS-gerngfqzuwudosgobknlgtoawnlj/Build/Intermediates.noindex/Firebase.build/Debug-iphoneos/FirebaseCore.build/DerivedSources/resource_bundle_accessor.h -MMD -MT dependencies -MF /Users/emanuelflury/Library/Developer/Xcode/DerivedData/TaxedGmbH_IOS-gerngfqzuwudosgobknlgtoawnlj/Build/Intermediates.noindex/Firebase.build/Debug-iphoneos/FirebaseCore.build/Objects-normal/arm64/FIRComponentContainer.d --serialize-diagnostics /Users/emanuelflury/Library/Developer/Xcode/DerivedData/TaxedGmbH_IOS-gerngfqzuwudosgobknlgtoawnlj/Build/Intermediates.noindex/Firebase.build/Debug-iphoneos/FirebaseCore.build/Objects-normal/arm64/FIRComponentContainer.dia -c /Users/emanuelflury/Library/Developer/Xcode/DerivedData/TaxedGmbH_IOS-gerngfqzuwudosgobknlgtoawnlj/SourcePackages/checkouts/firebase-ios-sdk/FirebaseCore/Sources/FIRComponentContainer.m -o /Users/emanuelflury/Library/Developer/Xcode/DerivedData/TaxedGmbH_IOS-gerngfqzuwudosgobknlgtoawnlj/Build/Intermediates.noindex/Firebase.build/Debug-iphoneos/FirebaseCore.build/Objects-normal/arm64/FIRComponentContainer.o -index-unit-output-path /Firebase.build/Debug-iphoneos/FirebaseCore.build/Objects-normal/arm64/FIRComponentContainer.o

SwiftDriverJobDiscovery normal arm64 Compiling VectorValue+Codable.swift, WriteBatch+WriteEncodable.swift (in target 'FirebaseFirestore' from project 'Firebase')

CompileC /Users/emanuelflury/Library/Developer/Xcode/DerivedData/TaxedGmbH_IOS-gerngfqzuwudosgobknlgtoawnlj/Build/Intermediates.noindex/Firebase.build/Debug-iphoneos/FirebaseCore.build/Objects-normal/arm64/FIRComponent.o /Users/emanuelflury/Library/Developer/Xcode/DerivedData/TaxedGmbH_IOS-gerngfqzuwudosgobknlgtoawnlj/SourcePackages/checkouts/firebase-ios-sdk/FirebaseCore/Sources/FIRComponent.m normal arm64 objective-c com.apple.compilers.llvm.clang.1_0.compiler (in target 'FirebaseCore' from project 'Firebase')
    cd /Users/emanuelflury/github/TaxedGmbH_IOS/TaxedGmbH_IOS.xcodeproj
    
    Using response file: /Users/emanuelflury/Library/Developer/Xcode/DerivedData/TaxedGmbH_IOS-gerngfqzuwudosgobknlgtoawnlj/Build/Intermediates.noindex/Firebase.build/Debug-iphoneos/FirebaseCore.build/Objects-normal/arm64/e6072d4f65d7061329687fe24e3d63a7-common-args.resp
    
    /Applications/Xcode.app/Contents/Developer/Toolchains/XcodeDefault.xctoolchain/usr/bin/clang -x objective-c -ivfsstatcache /Users/emanuelflury/Library/Developer/Xcode/DerivedData/SDKStatCaches.noindex/iphoneos26.1-23B77-69b33fc7382b27d9b5d46e82a00f8e78.sdkstatcache -fmessage-length\=0 -fdiagnostics-show-note-include-stack -fmacro-backtrace-limit\=0 -fno-color-diagnostics -fmodules-prune-interval\=86400 -fmodules-prune-after\=345600 -fbuild-session-file\=/Users/emanuelflury/Library/Developer/Xcode/DerivedData/ModuleCache.noindex/Session.modulevalidation -fmodules-validate-once-per-build-session -Wnon-modular-include-in-framework-module -Werror\=non-modular-include-in-framework-module -Wno-trigraphs -Wno-missing-field-initializers -Wno-missing-prototypes -Wno-return-type -Wno-implicit-atomic-properties -Wno-objc-interface-ivars -Wno-arc-repeated-use-of-weak -Wno-missing-braces -Wparentheses -Wswitch -Wno-unused-function -Wno-unused-label -Wno-unused-parameter -Wno-unused-variable -Wunused-value -Wno-empty-body -Wno-uninitialized -Wno-unknown-pragmas -w -Wno-shadow -Wno-four-char-constants -Wno-conversion -Wno-constant-conversion -Wno-int-conversion -Wno-bool-conversion -Wno-enum-conversion -Wno-float-conversion -Wno-non-literal-null-conversion -Wno-objc-literal-conversion -Wshorten-64-to-32 -Wpointer-sign -Wno-newline-eof -Wno-selector -Wno-strict-selector-match -Wno-undeclared-selector -Wno-deprecated-implementations -Wno-implicit-fallthrough -fstrict-aliasing -Wprotocol -Wdeprecated-declarations -Wno-sign-conversion -Wno-infinite-recursion -Wno-comma -Wno-block-capture-autoreleasing -Wno-strict-prototypes -Wno-semicolon-before-method-body -index-store-path /Users/emanuelflury/Library/Developer/Xcode/DerivedData/TaxedGmbH_IOS-gerngfqzuwudosgobknlgtoawnlj/Index.noindex/DataStore @/Users/emanuelflury/Library/Developer/Xcode/DerivedData/TaxedGmbH_IOS-gerngfqzuwudosgobknlgtoawnlj/Build/Intermediates.noindex/Firebase.build/Debug-iphoneos/FirebaseCore.build/Objects-normal/arm64/e6072d4f65d7061329687fe24e3d63a7-common-args.resp -include /Users/emanuelflury/Library/Developer/Xcode/DerivedData/TaxedGmbH_IOS-gerngfqzuwudosgobknlgtoawnlj/Build/Intermediates.noindex/Firebase.build/Debug-iphoneos/FirebaseCore.build/DerivedSources/resource_bundle_accessor.h -MMD -MT dependencies -MF /Users/emanuelflury/Library/Developer/Xcode/DerivedData/TaxedGmbH_IOS-gerngfqzuwudosgobknlgtoawnlj/Build/Intermediates.noindex/Firebase.build/Debug-iphoneos/FirebaseCore.build/Objects-normal/arm64/FIRComponent.d --serialize-diagnostics /Users/emanuelflury/Library/Developer/Xcode/DerivedData/TaxedGmbH_IOS-gerngfqzuwudosgobknlgtoawnlj/Build/Intermediates.noindex/Firebase.build/Debug-iphoneos/FirebaseCore.build/Objects-normal/arm64/FIRComponent.dia -c /Users/emanuelflury/Library/Developer/Xcode/DerivedData/TaxedGmbH_IOS-gerngfqzuwudosgobknlgtoawnlj/SourcePackages/checkouts/firebase-ios-sdk/FirebaseCore/Sources/FIRComponent.m -o /Users/emanuelflury/Library/Developer/Xcode/DerivedData/TaxedGmbH_IOS-gerngfqzuwudosgobknlgtoawnlj/Build/Intermediates.noindex/Firebase.build/Debug-iphoneos/FirebaseCore.build/Objects-normal/arm64/FIRComponent.o -index-unit-output-path /Firebase.build/Debug-iphoneos/FirebaseCore.build/Objects-normal/arm64/FIRComponent.o

SwiftDriverJobDiscovery normal arm64 Compiling Timestamp+Codable.swift, TimestampDecodingStrategy.swift (in target 'FirebaseFirestore' from project 'Firebase')

CompileC /Users/emanuelflury/Library/Developer/Xcode/DerivedData/TaxedGmbH_IOS-gerngfqzuwudosgobknlgtoawnlj/Build/Intermediates.noindex/Firebase.build/Debug-iphoneos/FirebaseCore.build/Objects-normal/arm64/FIRAnalyticsConfiguration.o /Users/emanuelflury/Library/Developer/Xcode/DerivedData/TaxedGmbH_IOS-gerngfqzuwudosgobknlgtoawnlj/SourcePackages/checkouts/firebase-ios-sdk/FirebaseCore/Sources/FIRAnalyticsConfiguration.m normal arm64 objective-c com.apple.compilers.llvm.clang.1_0.compiler (in target 'FirebaseCore' from project 'Firebase')
    cd /Users/emanuelflury/github/TaxedGmbH_IOS/TaxedGmbH_IOS.xcodeproj
    
    Using response file: /Users/emanuelflury/Library/Developer/Xcode/DerivedData/TaxedGmbH_IOS-gerngfqzuwudosgobknlgtoawnlj/Build/Intermediates.noindex/Firebase.build/Debug-iphoneos/FirebaseCore.build/Objects-normal/arm64/e6072d4f65d7061329687fe24e3d63a7-common-args.resp
    
    /Applications/Xcode.app/Contents/Developer/Toolchains/XcodeDefault.xctoolchain/usr/bin/clang -x objective-c -ivfsstatcache /Users/emanuelflury/Library/Developer/Xcode/DerivedData/SDKStatCaches.noindex/iphoneos26.1-23B77-69b33fc7382b27d9b5d46e82a00f8e78.sdkstatcache -fmessage-length\=0 -fdiagnostics-show-note-include-stack -fmacro-backtrace-limit\=0 -fno-color-diagnostics -fmodules-prune-interval\=86400 -fmodules-prune-after\=345600 -fbuild-session-file\=/Users/emanuelflury/Library/Developer/Xcode/DerivedData/ModuleCache.noindex/Session.modulevalidation -fmodules-validate-once-per-build-session -Wnon-modular-include-in-framework-module -Werror\=non-modular-include-in-framework-module -Wno-trigraphs -Wno-missing-field-initializers -Wno-missing-prototypes -Wno-return-type -Wno-implicit-atomic-properties -Wno-objc-interface-ivars -Wno-arc-repeated-use-of-weak -Wno-missing-braces -Wparentheses -Wswitch -Wno-unused-function -Wno-unused-label -Wno-unused-parameter -Wno-unused-variable -Wunused-value -Wno-empty-body -Wno-uninitialized -Wno-unknown-pragmas -w -Wno-shadow -Wno-four-char-constants -Wno-conversion -Wno-constant-conversion -Wno-int-conversion -Wno-bool-conversion -Wno-enum-conversion -Wno-float-conversion -Wno-non-literal-null-conversion -Wno-objc-literal-conversion -Wshorten-64-to-32 -Wpointer-sign -Wno-newline-eof -Wno-selector -Wno-strict-selector-match -Wno-undeclared-selector -Wno-deprecated-implementations -Wno-implicit-fallthrough -fstrict-aliasing -Wprotocol -Wdeprecated-declarations -Wno-sign-conversion -Wno-infinite-recursion -Wno-comma -Wno-block-capture-autoreleasing -Wno-strict-prototypes -Wno-semicolon-before-method-body -index-store-path /Users/emanuelflury/Library/Developer/Xcode/DerivedData/TaxedGmbH_IOS-gerngfqzuwudosgobknlgtoawnlj/Index.noindex/DataStore @/Users/emanuelflury/Library/Developer/Xcode/DerivedData/TaxedGmbH_IOS-gerngfqzuwudosgobknlgtoawnlj/Build/Intermediates.noindex/Firebase.build/Debug-iphoneos/FirebaseCore.build/Objects-normal/arm64/e6072d4f65d7061329687fe24e3d63a7-common-args.resp -include /Users/emanuelflury/Library/Developer/Xcode/DerivedData/TaxedGmbH_IOS-gerngfqzuwudosgobknlgtoawnlj/Build/Intermediates.noindex/Firebase.build/Debug-iphoneos/FirebaseCore.build/DerivedSources/resource_bundle_accessor.h -MMD -MT dependencies -MF /Users/emanuelflury/Library/Developer/Xcode/DerivedData/TaxedGmbH_IOS-gerngfqzuwudosgobknlgtoawnlj/Build/Intermediates.noindex/Firebase.build/Debug-iphoneos/FirebaseCore.build/Objects-normal/arm64/FIRAnalyticsConfiguration.d --serialize-diagnostics /Users/emanuelflury/Library/Developer/Xcode/DerivedData/TaxedGmbH_IOS-gerngfqzuwudosgobknlgtoawnlj/Build/Intermediates.noindex/Firebase.build/Debug-iphoneos/FirebaseCore.build/Objects-normal/arm64/FIRAnalyticsConfiguration.dia -c /Users/emanuelflury/Library/Developer/Xcode/DerivedData/TaxedGmbH_IOS-gerngfqzuwudosgobknlgtoawnlj/SourcePackages/checkouts/firebase-ios-sdk/FirebaseCore/Sources/FIRAnalyticsConfiguration.m -o /Users/emanuelflury/Library/Developer/Xcode/DerivedData/TaxedGmbH_IOS-gerngfqzuwudosgobknlgtoawnlj/Build/Intermediates.noindex/Firebase.build/Debug-iphoneos/FirebaseCore.build/Objects-normal/arm64/FIRAnalyticsConfiguration.o -index-unit-output-path /Firebase.build/Debug-iphoneos/FirebaseCore.build/Objects-normal/arm64/FIRAnalyticsConfiguration.o

PrecompileModule /Users/emanuelflury/Library/Developer/Xcode/DerivedData/TaxedGmbH_IOS-gerngfqzuwudosgobknlgtoawnlj/Build/Intermediates.noindex/ExplicitPrecompiledModules/IOSurface-CVVEWBDLVYEPBJ8VJIWLZDSEG.scan
    cd /
    builtin-precompileModule /Users/emanuelflury/Library/Developer/Xcode/DerivedData/TaxedGmbH_IOS-gerngfqzuwudosgobknlgtoawnlj/Build/Intermediates.noindex/ExplicitPrecompiledModules/IOSurface-CVVEWBDLVYEPBJ8VJIWLZDSEG.scan

PrecompileModule /Users/emanuelflury/Library/Developer/Xcode/DerivedData/TaxedGmbH_IOS-gerngfqzuwudosgobknlgtoawnlj/Build/Intermediates.noindex/ExplicitPrecompiledModules/FileProvider-65LHH4EO7QAXF8T75YPCLZT1D.scan
    cd /
    builtin-precompileModule /Users/emanuelflury/Library/Developer/Xcode/DerivedData/TaxedGmbH_IOS-gerngfqzuwudosgobknlgtoawnlj/Build/Intermediates.noindex/ExplicitPrecompiledModules/FileProvider-65LHH4EO7QAXF8T75YPCLZT1D.scan

PrecompileModule /Users/emanuelflury/Library/Developer/Xcode/DerivedData/TaxedGmbH_IOS-gerngfqzuwudosgobknlgtoawnlj/Build/Intermediates.noindex/ExplicitPrecompiledModules/UserNotifications-C9H0HVFN7MCNPIG9QERCZBU86.scan
    cd /
    builtin-precompileModule /Users/emanuelflury/Library/Developer/Xcode/DerivedData/TaxedGmbH_IOS-gerngfqzuwudosgobknlgtoawnlj/Build/Intermediates.noindex/ExplicitPrecompiledModules/UserNotifications-C9H0HVFN7MCNPIG9QERCZBU86.scan

PrecompileModule /Users/emanuelflury/Library/Developer/Xcode/DerivedData/TaxedGmbH_IOS-gerngfqzuwudosgobknlgtoawnlj/Build/Intermediates.noindex/ExplicitPrecompiledModules/GoogleUtilities_Logger-1B5DEL6YGYSSB5NRD6SLBGCIV.scan
    cd /
    builtin-precompileModule /Users/emanuelflury/Library/Developer/Xcode/DerivedData/TaxedGmbH_IOS-gerngfqzuwudosgobknlgtoawnlj/Build/Intermediates.noindex/ExplicitPrecompiledModules/GoogleUtilities_Logger-1B5DEL6YGYSSB5NRD6SLBGCIV.scan

PrecompileModule /Users/emanuelflury/Library/Developer/Xcode/DerivedData/TaxedGmbH_IOS-gerngfqzuwudosgobknlgtoawnlj/Build/Intermediates.noindex/ExplicitPrecompiledModules/Symbols-4GIG6ZMNHYB0830HT9UEMJ20X.scan
    cd /
    builtin-precompileModule /Users/emanuelflury/Library/Developer/Xcode/DerivedData/TaxedGmbH_IOS-gerngfqzuwudosgobknlgtoawnlj/Build/Intermediates.noindex/ExplicitPrecompiledModules/Symbols-4GIG6ZMNHYB0830HT9UEMJ20X.scan

PrecompileModule /Users/emanuelflury/Library/Developer/Xcode/DerivedData/TaxedGmbH_IOS-gerngfqzuwudosgobknlgtoawnlj/Build/Intermediates.noindex/ExplicitPrecompiledModules/UIUtilities-BU676UBF0AJLSVD4C9VYPSKPK.scan
    cd /
    builtin-precompileModule /Users/emanuelflury/Library/Developer/Xcode/DerivedData/TaxedGmbH_IOS-gerngfqzuwudosgobknlgtoawnlj/Build/Intermediates.noindex/ExplicitPrecompiledModules/UIUtilities-BU676UBF0AJLSVD4C9VYPSKPK.scan

PrecompileModule /Users/emanuelflury/Library/Developer/Xcode/DerivedData/TaxedGmbH_IOS-gerngfqzuwudosgobknlgtoawnlj/Build/Intermediates.noindex/ExplicitPrecompiledModules/FirebaseCoreInternal-5VE6N4XK55AAQZT3YJ95Q195E.scan
    cd /
    builtin-precompileModule /Users/emanuelflury/Library/Developer/Xcode/DerivedData/TaxedGmbH_IOS-gerngfqzuwudosgobknlgtoawnlj/Build/Intermediates.noindex/ExplicitPrecompiledModules/FirebaseCoreInternal-5VE6N4XK55AAQZT3YJ95Q195E.scan

PrecompileModule /Users/emanuelflury/Library/Developer/Xcode/DerivedData/TaxedGmbH_IOS-gerngfqzuwudosgobknlgtoawnlj/Build/Intermediates.noindex/ExplicitPrecompiledModules/Metal-5WL4MX4SKLOM1L6J4GQDO3LMY.scan
    cd /
    builtin-precompileModule /Users/emanuelflury/Library/Developer/Xcode/DerivedData/TaxedGmbH_IOS-gerngfqzuwudosgobknlgtoawnlj/Build/Intermediates.noindex/ExplicitPrecompiledModules/Metal-5WL4MX4SKLOM1L6J4GQDO3LMY.scan

PrecompileModule /Users/emanuelflury/Library/Developer/Xcode/DerivedData/TaxedGmbH_IOS-gerngfqzuwudosgobknlgtoawnlj/Build/Intermediates.noindex/ExplicitPrecompiledModules/OpenGLES-A0HFRKYH93441SZSFZ4YSSKSD.scan
    cd /
    builtin-precompileModule /Users/emanuelflury/Library/Developer/Xcode/DerivedData/TaxedGmbH_IOS-gerngfqzuwudosgobknlgtoawnlj/Build/Intermediates.noindex/ExplicitPrecompiledModules/OpenGLES-A0HFRKYH93441SZSFZ4YSSKSD.scan

SwiftDriverJobDiscovery normal arm64 Emitting module for FirebaseFirestore (in target 'FirebaseFirestore' from project 'Firebase')

SwiftDriver\ Compilation\ Requirements FirebaseFirestore normal arm64 com.apple.xcode.tools.swift.compiler (in target 'FirebaseFirestore' from project 'Firebase')
    cd /Users/emanuelflury/github/TaxedGmbH_IOS/TaxedGmbH_IOS.xcodeproj
    builtin-Swift-Compilation-Requirements -- /Applications/Xcode.app/Contents/Developer/Toolchains/XcodeDefault.xctoolchain/usr/bin/swiftc -module-name FirebaseFirestore -Onone -enforce-exclusivity\=checked @/Users/emanuelflury/Library/Developer/Xcode/DerivedData/TaxedGmbH_IOS-gerngfqzuwudosgobknlgtoawnlj/Build/Intermediates.noindex/Firebase.build/Debug-iphoneos/FirebaseFirestore.build/Objects-normal/arm64/FirebaseFirestore.SwiftFileList -DSWIFT_PACKAGE -DDEBUG -DSWIFT_MODULE_RESOURCE_BUNDLE_AVAILABLE -Xcc -fmodule-map-file\=/Users/emanuelflury/Library/Developer/Xcode/DerivedData/TaxedGmbH_IOS-gerngfqzuwudosgobknlgtoawnlj/Build/Intermediates.noindex/GeneratedModuleMaps-iphoneos/GoogleUtilities-NSData.modulemap -Xcc -fmodule-map-file\=/Users/emanuelflury/Library/Developer/Xcode/DerivedData/TaxedGmbH_IOS-gerngfqzuwudosgobknlgtoawnlj/Build/Intermediates.noindex/GeneratedModuleMaps-iphoneos/GoogleUtilities-Environment.modulemap -Xcc -fmodule-map-file\=/Users/emanuelflury/Library/Developer/Xcode/DerivedData/TaxedGmbH_IOS-gerngfqzuwudosgobknlgtoawnlj/Build/Intermediates.noindex/GeneratedModuleMaps-iphoneos/third-party-IsAppEncrypted.modulemap -Xcc -fmodule-map-file\=/Users/emanuelflury/Library/Developer/Xcode/DerivedData/TaxedGmbH_IOS-gerngfqzuwudosgobknlgtoawnlj/Build/Intermediates.noindex/GeneratedModuleMaps-iphoneos/GoogleUtilities-Logger.modulemap -Xcc -fmodule-map-file\=/Users/emanuelflury/Library/Developer/Xcode/DerivedData/TaxedGmbH_IOS-gerngfqzuwudosgobknlgtoawnlj/Build/Intermediates.noindex/GeneratedModuleMaps-iphoneos/abslWrapper.modulemap -Xcc -fmodule-map-file\=/Users/emanuelflury/Library/Developer/Xcode/DerivedData/TaxedGmbH_IOS-gerngfqzuwudosgobknlgtoawnlj/Build/Intermediates.noindex/GeneratedModuleMaps-iphoneos/opensslWrapper.modulemap -Xcc -fmodule-map-file\=/Users/emanuelflury/Library/Developer/Xcode/DerivedData/TaxedGmbH_IOS-gerngfqzuwudosgobknlgtoawnlj/Build/Intermediates.noindex/GeneratedModuleMaps-iphoneos/grpcWrapper.modulemap -Xcc -fmodule-map-file\=/Users/emanuelflury/Library/Developer/Xcode/DerivedData/TaxedGmbH_IOS-gerngfqzuwudosgobknlgtoawnlj/Build/Intermediates.noindex/GeneratedModuleMaps-iphoneos/grpcppWrapper.modulemap -Xcc -fmodule-map-file\=/Users/emanuelflury/Library/Developer/Xcode/DerivedData/TaxedGmbH_IOS-gerngfqzuwudosgobknlgtoawnlj/Build/Intermediates.noindex/GeneratedModuleMaps-iphoneos/nanopb.modulemap -Xcc -fmodule-map-file\=/Users/emanuelflury/Library/Developer/Xcode/DerivedData/TaxedGmbH_IOS-gerngfqzuwudosgobknlgtoawnlj/Build/Intermediates.noindex/GeneratedModuleMaps-iphoneos/leveldb.modulemap -Xcc -fmodule-map-file\=/Users/emanuelflury/Library/Developer/Xcode/DerivedData/TaxedGmbH_IOS-gerngfqzuwudosgobknlgtoawnlj/Build/Intermediates.noindex/GeneratedModuleMaps-iphoneos/FirebaseCoreExtension.modulemap -Xcc -fmodule-map-file\=/Users/emanuelflury/Library/Developer/Xcode/DerivedData/TaxedGmbH_IOS-gerngfqzuwudosgobknlgtoawnlj/Build/Intermediates.noindex/GeneratedModuleMaps-iphoneos/FirebaseCore.modulemap -Xcc -fmodule-map-file\=/Users/emanuelflury/Library/Developer/Xcode/DerivedData/TaxedGmbH_IOS-gerngfqzuwudosgobknlgtoawnlj/Build/Intermediates.noindex/GeneratedModuleMaps-iphoneos/FirebaseAppCheckInterop.modulemap -Xcc -fmodule-map-file\=/Users/emanuelflury/Library/Developer/Xcode/DerivedData/TaxedGmbH_IOS-gerngfqzuwudosgobknlgtoawnlj/Build/Intermediates.noindex/GeneratedModuleMaps-iphoneos/FirebaseFirestoreInternalWrapper.modulemap -DXcode -plugin-path /Applications/Xcode.app/Contents/Developer/Toolchains/XcodeDefault.xctoolchain/usr/lib/swift/host/plugins/testing -enable-experimental-feature DebugDescriptionMacro -sdk /Applications/Xcode.app/Contents/Developer/Platforms/iPhoneOS.platform/Developer/SDKs/iPhoneOS26.1.sdk -target arm64-apple-ios15.0 -g -module-cache-path /Users/emanuelflury/Library/Developer/Xcode/DerivedData/ModuleCache.noindex -Xfrontend -serialize-debugging-options -profile-coverage-mapping -profile-generate -enable-testing -suppress-warnings -index-store-path /Users/emanuelflury/Library/Developer/Xcode/DerivedData/TaxedGmbH_IOS-gerngfqzuwudosgobknlgtoawnlj/Index.noindex/DataStore -Xcc -D_LIBCPP_HARDENING_MODE\=_LIBCPP_HARDENING_MODE_DEBUG -swift-version 5 -I /Users/emanuelflury/Library/Developer/Xcode/DerivedData/TaxedGmbH_IOS-gerngfqzuwudosgobknlgtoawnlj/Build/Products/Debug-iphoneos -Isystem /Applications/Xcode.app/Contents/Developer/Platforms/iPhoneOS.platform/Developer/usr/lib -F /Users/emanuelflury/Library/Developer/Xcode/DerivedData/TaxedGmbH_IOS-gerngfqzuwudosgobknlgtoawnlj/Build/Products/Debug-iphoneos/PackageFrameworks -F /Users/emanuelflury/Library/Developer/Xcode/DerivedData/TaxedGmbH_IOS-gerngfqzuwudosgobknlgtoawnlj/Build/Products/Debug-iphoneos/PackageFrameworks -F /Users/emanuelflury/Library/Developer/Xcode/DerivedData/TaxedGmbH_IOS-gerngfqzuwudosgobknlgtoawnlj/Build/Products/Debug-iphoneos/PackageFrameworks -F /Users/emanuelflury/Library/Developer/Xcode/DerivedData/TaxedGmbH_IOS-gerngfqzuwudosgobknlgtoawnlj/Build/Products/Debug-iphoneos/PackageFrameworks -F /Users/emanuelflury/Library/Developer/Xcode/DerivedData/TaxedGmbH_IOS-gerngfqzuwudosgobknlgtoawnlj/Build/Products/Debug-iphoneos/PackageFrameworks -F /Users/emanuelflury/Library/Developer/Xcode/DerivedData/TaxedGmbH_IOS-gerngfqzuwudosgobknlgtoawnlj/Build/Products/Debug-iphoneos/PackageFrameworks -F /Users/emanuelflury/Library/Developer/Xcode/DerivedData/TaxedGmbH_IOS-gerngfqzuwudosgobknlgtoawnlj/Build/Products/Debug-iphoneos/PackageFrameworks -F /Users/emanuelflury/Library/Developer/Xcode/DerivedData/TaxedGmbH_IOS-gerngfqzuwudosgobknlgtoawnlj/Build/Products/Debug-iphoneos/PackageFrameworks -F /Users/emanuelflury/Library/Developer/Xcode/DerivedData/TaxedGmbH_IOS-gerngfqzuwudosgobknlgtoawnlj/Build/Products/Debug-iphoneos/PackageFrameworks -F /Users/emanuelflury/Library/Developer/Xcode/DerivedData/TaxedGmbH_IOS-gerngfqzuwudosgobknlgtoawnlj/Build/Products/Debug-iphoneos/PackageFrameworks -F /Users/emanuelflury/Library/Developer/Xcode/DerivedData/TaxedGmbH_IOS-gerngfqzuwudosgobknlgtoawnlj/Build/Products/Debug-iphoneos/PackageFrameworks -F /Users/emanuelflury/Library/Developer/Xcode/DerivedData/TaxedGmbH_IOS-gerngfqzuwudosgobknlgtoawnlj/Build/Products/Debug-iphoneos/PackageFrameworks -F /Users/emanuelflury/Library/Developer/Xcode/DerivedData/TaxedGmbH_IOS-gerngfqzuwudosgobknlgtoawnlj/Build/Products/Debug-iphoneos/PackageFrameworks -F /Users/emanuelflury/Library/Developer/Xcode/DerivedData/TaxedGmbH_IOS-gerngfqzuwudosgobknlgtoawnlj/Build/Products/Debug-iphoneos/PackageFrameworks -F /Users/emanuelflury/Library/Developer/Xcode/DerivedData/TaxedGmbH_IOS-gerngfqzuwudosgobknlgtoawnlj/Build/Products/Debug-iphoneos/PackageFrameworks -F /Users/emanuelflury/Library/Developer/Xcode/DerivedData/TaxedGmbH_IOS-gerngfqzuwudosgobknlgtoawnlj/Build/Products/Debug-iphoneos/PackageFrameworks -F /Users/emanuelflury/Library/Developer/Xcode/DerivedData/TaxedGmbH_IOS-gerngfqzuwudosgobknlgtoawnlj/Build/Products/Debug-iphoneos/PackageFrameworks -F /Users/emanuelflury/Library/Developer/Xcode/DerivedData/TaxedGmbH_IOS-gerngfqzuwudosgobknlgtoawnlj/Build/Products/Debug-iphoneos -F /Applications/Xcode.app/Contents/Developer/Platforms/iPhoneOS.platform/Developer/Library/Frameworks -F /Applications/Xcode.app/Contents/Developer/Platforms/iPhoneOS.platform/Developer/SDKs/iPhoneOS26.1.sdk/Developer/Library/Frameworks -c -j12 -enable-batch-mode -incremental -Xcc -ivfsstatcache -Xcc /Users/emanuelflury/Library/Developer/Xcode/DerivedData/SDKStatCaches.noindex/iphoneos26.1-23B77-69b33fc7382b27d9b5d46e82a00f8e78.sdkstatcache -output-file-map /Users/emanuelflury/Library/Developer/Xcode/DerivedData/TaxedGmbH_IOS-gerngfqzuwudosgobknlgtoawnlj/Build/Intermediates.noindex/Firebase.build/Debug-iphoneos/FirebaseFirestore.build/Objects-normal/arm64/FirebaseFirestore-OutputFileMap.json -use-frontend-parseable-output -save-temps -no-color-diagnostics -explicit-module-build -module-cache-path /Users/emanuelflury/Library/Developer/Xcode/DerivedData/TaxedGmbH_IOS-gerngfqzuwudosgobknlgtoawnlj/Build/Intermediates.noindex/SwiftExplicitPrecompiledModules -clang-scanner-module-cache-path /Users/emanuelflury/Library/Developer/Xcode/DerivedData/ModuleCache.noindex -sdk-module-cache-path /Users/emanuelflury/Library/Developer/Xcode/DerivedData/ModuleCache.noindex -serialize-diagnostics -emit-dependencies -emit-module -emit-module-path /Users/emanuelflury/Library/Developer/Xcode/DerivedData/TaxedGmbH_IOS-gerngfqzuwudosgobknlgtoawnlj/Build/Intermediates.noindex/Firebase.build/Debug-iphoneos/FirebaseFirestore.build/Objects-normal/arm64/FirebaseFirestore.swiftmodule -user-module-version 12.6.0 -validate-clang-modules-once -clang-build-session-file /Users/emanuelflury/Library/Developer/Xcode/DerivedData/ModuleCache.noindex/Session.modulevalidation -package-name firebase_ios_sdk -Xcc -I/Users/emanuelflury/Library/Developer/Xcode/DerivedData/TaxedGmbH_IOS-gerngfqzuwudosgobknlgtoawnlj/Build/Intermediates.noindex/Firebase.build/Debug-iphoneos/FirebaseFirestore.build/swift-overrides.hmap -emit-const-values -Xfrontend -const-gather-protocols-file -Xfrontend /Users/emanuelflury/Library/Developer/Xcode/DerivedData/TaxedGmbH_IOS-gerngfqzuwudosgobknlgtoawnlj/Build/Intermediates.noindex/Firebase.build/Debug-iphoneos/FirebaseFirestore.build/Objects-normal/arm64/FirebaseFirestore_const_extract_protocols.json -Xcc -I/Users/emanuelflury/Library/Developer/Xcode/DerivedData/TaxedGmbH_IOS-gerngfqzuwudosgobknlgtoawnlj/SourcePackages/checkouts/GoogleUtilities/GoogleUtilities/NSData+zlib/Public -Xcc -I/Users/emanuelflury/Library/Developer/Xcode/DerivedData/TaxedGmbH_IOS-gerngfqzuwudosgobknlgtoawnlj/SourcePackages/checkouts/GoogleUtilities/GoogleUtilities/Environment/Public -Xcc -I/Users/emanuelflury/Library/Developer/Xcode/DerivedData/TaxedGmbH_IOS-gerngfqzuwudosgobknlgtoawnlj/SourcePackages/checkouts/GoogleUtilities/third_party/IsAppEncrypted/Public -Xcc -I/Users/emanuelflury/Library/Developer/Xcode/DerivedData/TaxedGmbH_IOS-gerngfqzuwudosgobknlgtoawnlj/SourcePackages/checkouts/GoogleUtilities/GoogleUtilities/Logger/Public -Xcc -I/Users/emanuelflury/Library/Developer/Xcode/DerivedData/TaxedGmbH_IOS-gerngfqzuwudosgobknlgtoawnlj/SourcePackages/checkouts/abseil-cpp-binary/absl-Wrapper/include -Xcc -I/Users/emanuelflury/Library/Developer/Xcode/DerivedData/TaxedGmbH_IOS-gerngfqzuwudosgobknlgtoawnlj/SourcePackages/checkouts/grpc-binary/openssl-grpc-Wrapper/include -Xcc -I/Users/emanuelflury/Library/Developer/Xcode/DerivedData/TaxedGmbH_IOS-gerngfqzuwudosgobknlgtoawnlj/SourcePackages/checkouts/grpc-binary/grpc-Wrapper/include -Xcc -I/Users/emanuelflury/Library/Developer/Xcode/DerivedData/TaxedGmbH_IOS-gerngfqzuwudosgobknlgtoawnlj/SourcePackages/checkouts/grpc-binary/grpcpp-Wrapper/include -Xcc -I/Users/emanuelflury/Library/Developer/Xcode/DerivedData/TaxedGmbH_IOS-gerngfqzuwudosgobknlgtoawnlj/SourcePackages/checkouts/nanopb/spm_headers -Xcc -I/Users/emanuelflury/Library/Developer/Xcode/DerivedData/TaxedGmbH_IOS-gerngfqzuwudosgobknlgtoawnlj/SourcePackages/checkouts/leveldb/include -Xcc -I/Users/emanuelflury/Library/Developer/Xcode/DerivedData/TaxedGmbH_IOS-gerngfqzuwudosgobknlgtoawnlj/SourcePackages/checkouts/firebase-ios-sdk/FirebaseCore/Extension -Xcc -I/Users/emanuelflury/Library/Developer/Xcode/DerivedData/TaxedGmbH_IOS-gerngfqzuwudosgobknlgtoawnlj/SourcePackages/checkouts/firebase-ios-sdk/FirebaseCore/Sources/Public -Xcc -I/Users/emanuelflury/Library/Developer/Xcode/DerivedData/TaxedGmbH_IOS-gerngfqzuwudosgobknlgtoawnlj/SourcePackages/checkouts/firebase-ios-sdk/CoreOnly/Sources -Xcc -I/Users/emanuelflury/Library/Developer/Xcode/DerivedData/TaxedGmbH_IOS-gerngfqzuwudosgobknlgtoawnlj/SourcePackages/checkouts/firebase-ios-sdk/FirebaseAppCheck/Interop/Public -Xcc -I/Users/emanuelflury/Library/Developer/Xcode/DerivedData/TaxedGmbH_IOS-gerngfqzuwudosgobknlgtoawnlj/SourcePackages/checkouts/firebase-ios-sdk/FirebaseFirestoreInternal -Xcc -I/Users/emanuelflury/Library/Developer/Xcode/DerivedData/TaxedGmbH_IOS-gerngfqzuwudosgobknlgtoawnlj/Build/Products/Debug-iphoneos/include -Xcc -I/Users/emanuelflury/Library/Developer/Xcode/DerivedData/TaxedGmbH_IOS-gerngfqzuwudosgobknlgtoawnlj/Build/Intermediates.noindex/Firebase.build/Debug-iphoneos/FirebaseFirestore.build/DerivedSources-normal/arm64 -Xcc -I/Users/emanuelflury/Library/Developer/Xcode/DerivedData/TaxedGmbH_IOS-gerngfqzuwudosgobknlgtoawnlj/Build/Intermediates.noindex/Firebase.build/Debug-iphoneos/FirebaseFirestore.build/DerivedSources/arm64 -Xcc -I/Users/emanuelflury/Library/Developer/Xcode/DerivedData/TaxedGmbH_IOS-gerngfqzuwudosgobknlgtoawnlj/Build/Intermediates.noindex/Firebase.build/Debug-iphoneos/FirebaseFirestore.build/DerivedSources -Xcc -DSWIFT_PACKAGE -Xcc -DDEBUG\=1 -emit-objc-header -emit-objc-header-path /Users/emanuelflury/Library/Developer/Xcode/DerivedData/TaxedGmbH_IOS-gerngfqzuwudosgobknlgtoawnlj/Build/Intermediates.noindex/Firebase.build/Debug-iphoneos/FirebaseFirestore.build/Objects-normal/arm64/FirebaseFirestore-Swift.h -working-directory /Users/emanuelflury/github/TaxedGmbH_IOS/TaxedGmbH_IOS.xcodeproj -experimental-emit-module-separately -disable-cmo

PrecompileModule /Users/emanuelflury/Library/Developer/Xcode/DerivedData/TaxedGmbH_IOS-gerngfqzuwudosgobknlgtoawnlj/Build/Intermediates.noindex/ExplicitPrecompiledModules/GoogleUtilities_Environment-1FJDUM65S5WOKKE7IS8FO8RVQ.scan
    cd /
    builtin-precompileModule /Users/emanuelflury/Library/Developer/Xcode/DerivedData/TaxedGmbH_IOS-gerngfqzuwudosgobknlgtoawnlj/Build/Intermediates.noindex/ExplicitPrecompiledModules/GoogleUtilities_Environment-1FJDUM65S5WOKKE7IS8FO8RVQ.scan

SwiftDriverJobDiscovery normal arm64 Compiling TimestampEncodingStrategy.swift, Transaction+WriteEncodable.swift (in target 'FirebaseFirestore' from project 'Firebase')

SwiftCompile normal arm64 Compiling\ DocumentReference+WriteEncodable.swift,\ DocumentSnapshot+ReadDecodable.swift,\ EncoderDecoder.swift /Users/emanuelflury/Library/Developer/Xcode/DerivedData/TaxedGmbH_IOS-gerngfqzuwudosgobknlgtoawnlj/SourcePackages/checkouts/firebase-ios-sdk/Firestore/Swift/Source/Codable/DocumentReference+WriteEncodable.swift /Users/emanuelflury/Library/Developer/Xcode/DerivedData/TaxedGmbH_IOS-gerngfqzuwudosgobknlgtoawnlj/SourcePackages/checkouts/firebase-ios-sdk/Firestore/Swift/Source/Codable/DocumentSnapshot+ReadDecodable.swift /Users/emanuelflury/Library/Developer/Xcode/DerivedData/TaxedGmbH_IOS-gerngfqzuwudosgobknlgtoawnlj/SourcePackages/checkouts/firebase-ios-sdk/Firestore/Swift/Source/Codable/EncoderDecoder.swift (in target 'FirebaseFirestore' from project 'Firebase')

SwiftCompile normal arm64 /Users/emanuelflury/Library/Developer/Xcode/DerivedData/TaxedGmbH_IOS-gerngfqzuwudosgobknlgtoawnlj/SourcePackages/checkouts/firebase-ios-sdk/Firestore/Swift/Source/Codable/DocumentReference+WriteEncodable.swift (in target 'FirebaseFirestore' from project 'Firebase')
    cd /Users/emanuelflury/github/TaxedGmbH_IOS/TaxedGmbH_IOS.xcodeproj
    

SwiftCompile normal arm64 /Users/emanuelflury/Library/Developer/Xcode/DerivedData/TaxedGmbH_IOS-gerngfqzuwudosgobknlgtoawnlj/SourcePackages/checkouts/firebase-ios-sdk/Firestore/Swift/Source/Codable/DocumentSnapshot+ReadDecodable.swift (in target 'FirebaseFirestore' from project 'Firebase')
    cd /Users/emanuelflury/github/TaxedGmbH_IOS/TaxedGmbH_IOS.xcodeproj
    

SwiftCompile normal arm64 /Users/emanuelflury/Library/Developer/Xcode/DerivedData/TaxedGmbH_IOS-gerngfqzuwudosgobknlgtoawnlj/SourcePackages/checkouts/firebase-ios-sdk/Firestore/Swift/Source/Codable/EncoderDecoder.swift (in target 'FirebaseFirestore' from project 'Firebase')
    cd /Users/emanuelflury/github/TaxedGmbH_IOS/TaxedGmbH_IOS.xcodeproj
    

SwiftCompile normal arm64 Compiling\ GeoPoint+Codable.swift,\ ServerTimestamp.swift /Users/emanuelflury/Library/Developer/Xcode/DerivedData/TaxedGmbH_IOS-gerngfqzuwudosgobknlgtoawnlj/SourcePackages/checkouts/firebase-ios-sdk/Firestore/Swift/Source/Codable/GeoPoint+Codable.swift /Users/emanuelflury/Library/Developer/Xcode/DerivedData/TaxedGmbH_IOS-gerngfqzuwudosgobknlgtoawnlj/SourcePackages/checkouts/firebase-ios-sdk/Firestore/Swift/Source/Codable/ServerTimestamp.swift (in target 'FirebaseFirestore' from project 'Firebase')

SwiftCompile normal arm64 /Users/emanuelflury/Library/Developer/Xcode/DerivedData/TaxedGmbH_IOS-gerngfqzuwudosgobknlgtoawnlj/SourcePackages/checkouts/firebase-ios-sdk/Firestore/Swift/Source/Codable/GeoPoint+Codable.swift (in target 'FirebaseFirestore' from project 'Firebase')
    cd /Users/emanuelflury/github/TaxedGmbH_IOS/TaxedGmbH_IOS.xcodeproj
    

SwiftCompile normal arm64 /Users/emanuelflury/Library/Developer/Xcode/DerivedData/TaxedGmbH_IOS-gerngfqzuwudosgobknlgtoawnlj/SourcePackages/checkouts/firebase-ios-sdk/Firestore/Swift/Source/Codable/ServerTimestamp.swift (in target 'FirebaseFirestore' from project 'Firebase')
    cd /Users/emanuelflury/github/TaxedGmbH_IOS/TaxedGmbH_IOS.xcodeproj
    

SwiftMergeGeneratedHeaders /Users/emanuelflury/Library/Developer/Xcode/DerivedData/TaxedGmbH_IOS-gerngfqzuwudosgobknlgtoawnlj/Build/Intermediates.noindex/GeneratedModuleMaps-iphoneos/FirebaseFirestore-Swift.h /Users/emanuelflury/Library/Developer/Xcode/DerivedData/TaxedGmbH_IOS-gerngfqzuwudosgobknlgtoawnlj/Build/Intermediates.noindex/Firebase.build/Debug-iphoneos/FirebaseFirestore.build/Objects-normal/arm64/FirebaseFirestore-Swift.h (in target 'FirebaseFirestore' from project 'Firebase')
    cd /Users/emanuelflury/Library/Developer/Xcode/DerivedData/TaxedGmbH_IOS-gerngfqzuwudosgobknlgtoawnlj/SourcePackages/checkouts/firebase-ios-sdk
    builtin-swiftHeaderTool -arch arm64 /Users/emanuelflury/Library/Developer/Xcode/DerivedData/TaxedGmbH_IOS-gerngfqzuwudosgobknlgtoawnlj/Build/Intermediates.noindex/Firebase.build/Debug-iphoneos/FirebaseFirestore.build/Objects-normal/arm64/FirebaseFirestore-Swift.h -o /Users/emanuelflury/Library/Developer/Xcode/DerivedData/TaxedGmbH_IOS-gerngfqzuwudosgobknlgtoawnlj/Build/Intermediates.noindex/GeneratedModuleMaps-iphoneos/FirebaseFirestore-Swift.h

Copy /Users/emanuelflury/Library/Developer/Xcode/DerivedData/TaxedGmbH_IOS-gerngfqzuwudosgobknlgtoawnlj/Build/Products/Debug-iphoneos/FirebaseFirestore.swiftmodule/arm64-apple-ios.swiftmodule /Users/emanuelflury/Library/Developer/Xcode/DerivedData/TaxedGmbH_IOS-gerngfqzuwudosgobknlgtoawnlj/Build/Intermediates.noindex/Firebase.build/Debug-iphoneos/FirebaseFirestore.build/Objects-normal/arm64/FirebaseFirestore.swiftmodule (in target 'FirebaseFirestore' from project 'Firebase')
    cd /Users/emanuelflury/Library/Developer/Xcode/DerivedData/TaxedGmbH_IOS-gerngfqzuwudosgobknlgtoawnlj/SourcePackages/checkouts/firebase-ios-sdk
    builtin-copy -exclude .DS_Store -exclude CVS -exclude .svn -exclude .git -exclude .hg -resolve-src-symlinks -rename /Users/emanuelflury/Library/Developer/Xcode/DerivedData/TaxedGmbH_IOS-gerngfqzuwudosgobknlgtoawnlj/Build/Intermediates.noindex/Firebase.build/Debug-iphoneos/FirebaseFirestore.build/Objects-normal/arm64/FirebaseFirestore.swiftmodule /Users/emanuelflury/Library/Developer/Xcode/DerivedData/TaxedGmbH_IOS-gerngfqzuwudosgobknlgtoawnlj/Build/Products/Debug-iphoneos/FirebaseFirestore.swiftmodule/arm64-apple-ios.swiftmodule

Copy /Users/emanuelflury/Library/Developer/Xcode/DerivedData/TaxedGmbH_IOS-gerngfqzuwudosgobknlgtoawnlj/Build/Products/Debug-iphoneos/FirebaseFirestore.swiftmodule/arm64-apple-ios.swiftdoc /Users/emanuelflury/Library/Developer/Xcode/DerivedData/TaxedGmbH_IOS-gerngfqzuwudosgobknlgtoawnlj/Build/Intermediates.noindex/Firebase.build/Debug-iphoneos/FirebaseFirestore.build/Objects-normal/arm64/FirebaseFirestore.swiftdoc (in target 'FirebaseFirestore' from project 'Firebase')
    cd /Users/emanuelflury/Library/Developer/Xcode/DerivedData/TaxedGmbH_IOS-gerngfqzuwudosgobknlgtoawnlj/SourcePackages/checkouts/firebase-ios-sdk
    builtin-copy -exclude .DS_Store -exclude CVS -exclude .svn -exclude .git -exclude .hg -resolve-src-symlinks -rename /Users/emanuelflury/Library/Developer/Xcode/DerivedData/TaxedGmbH_IOS-gerngfqzuwudosgobknlgtoawnlj/Build/Intermediates.noindex/Firebase.build/Debug-iphoneos/FirebaseFirestore.build/Objects-normal/arm64/FirebaseFirestore.swiftdoc /Users/emanuelflury/Library/Developer/Xcode/DerivedData/TaxedGmbH_IOS-gerngfqzuwudosgobknlgtoawnlj/Build/Products/Debug-iphoneos/FirebaseFirestore.swiftmodule/arm64-apple-ios.swiftdoc

Copy /Users/emanuelflury/Library/Developer/Xcode/DerivedData/TaxedGmbH_IOS-gerngfqzuwudosgobknlgtoawnlj/Build/Products/Debug-iphoneos/FirebaseFirestore.swiftmodule/arm64-apple-ios.abi.json /Users/emanuelflury/Library/Developer/Xcode/DerivedData/TaxedGmbH_IOS-gerngfqzuwudosgobknlgtoawnlj/Build/Intermediates.noindex/Firebase.build/Debug-iphoneos/FirebaseFirestore.build/Objects-normal/arm64/FirebaseFirestore.abi.json (in target 'FirebaseFirestore' from project 'Firebase')
    cd /Users/emanuelflury/Library/Developer/Xcode/DerivedData/TaxedGmbH_IOS-gerngfqzuwudosgobknlgtoawnlj/SourcePackages/checkouts/firebase-ios-sdk
    builtin-copy -exclude .DS_Store -exclude CVS -exclude .svn -exclude .git -exclude .hg -resolve-src-symlinks -rename /Users/emanuelflury/Library/Developer/Xcode/DerivedData/TaxedGmbH_IOS-gerngfqzuwudosgobknlgtoawnlj/Build/Intermediates.noindex/Firebase.build/Debug-iphoneos/FirebaseFirestore.build/Objects-normal/arm64/FirebaseFirestore.abi.json /Users/emanuelflury/Library/Developer/Xcode/DerivedData/TaxedGmbH_IOS-gerngfqzuwudosgobknlgtoawnlj/Build/Products/Debug-iphoneos/FirebaseFirestore.swiftmodule/arm64-apple-ios.abi.json

Copy /Users/emanuelflury/Library/Developer/Xcode/DerivedData/TaxedGmbH_IOS-gerngfqzuwudosgobknlgtoawnlj/Build/Products/Debug-iphoneos/FirebaseFirestore.swiftmodule/Project/arm64-apple-ios.swiftsourceinfo /Users/emanuelflury/Library/Developer/Xcode/DerivedData/TaxedGmbH_IOS-gerngfqzuwudosgobknlgtoawnlj/Build/Intermediates.noindex/Firebase.build/Debug-iphoneos/FirebaseFirestore.build/Objects-normal/arm64/FirebaseFirestore.swiftsourceinfo (in target 'FirebaseFirestore' from project 'Firebase')
    cd /Users/emanuelflury/Library/Developer/Xcode/DerivedData/TaxedGmbH_IOS-gerngfqzuwudosgobknlgtoawnlj/SourcePackages/checkouts/firebase-ios-sdk
    builtin-copy -exclude .DS_Store -exclude CVS -exclude .svn -exclude .git -exclude .hg -resolve-src-symlinks -rename /Users/emanuelflury/Library/Developer/Xcode/DerivedData/TaxedGmbH_IOS-gerngfqzuwudosgobknlgtoawnlj/Build/Intermediates.noindex/Firebase.build/Debug-iphoneos/FirebaseFirestore.build/Objects-normal/arm64/FirebaseFirestore.swiftsourceinfo /Users/emanuelflury/Library/Developer/Xcode/DerivedData/TaxedGmbH_IOS-gerngfqzuwudosgobknlgtoawnlj/Build/Products/Debug-iphoneos/FirebaseFirestore.swiftmodule/Project/arm64-apple-ios.swiftsourceinfo

SwiftCompile normal arm64 Compiling\ resource_bundle_accessor.swift,\ CollectionReference+AsyncAwait.swift,\ Firestore+AsyncAwait.swift /Users/emanuelflury/Library/Developer/Xcode/DerivedData/TaxedGmbH_IOS-gerngfqzuwudosgobknlgtoawnlj/Build/Intermediates.noindex/Firebase.build/Debug-iphoneos/FirebaseFirestore.build/DerivedSources/resource_bundle_accessor.swift /Users/emanuelflury/Library/Developer/Xcode/DerivedData/TaxedGmbH_IOS-gerngfqzuwudosgobknlgtoawnlj/SourcePackages/checkouts/firebase-ios-sdk/Firestore/Swift/Source/AsyncAwait/CollectionReference+AsyncAwait.swift /Users/emanuelflury/Library/Developer/Xcode/DerivedData/TaxedGmbH_IOS-gerngfqzuwudosgobknlgtoawnlj/SourcePackages/checkouts/firebase-ios-sdk/Firestore/Swift/Source/AsyncAwait/Firestore+AsyncAwait.swift (in target 'FirebaseFirestore' from project 'Firebase')

SwiftCompile normal arm64 /Users/emanuelflury/Library/Developer/Xcode/DerivedData/TaxedGmbH_IOS-gerngfqzuwudosgobknlgtoawnlj/Build/Intermediates.noindex/Firebase.build/Debug-iphoneos/FirebaseFirestore.build/DerivedSources/resource_bundle_accessor.swift (in target 'FirebaseFirestore' from project 'Firebase')
    cd /Users/emanuelflury/github/TaxedGmbH_IOS/TaxedGmbH_IOS.xcodeproj
    

SwiftCompile normal arm64 /Users/emanuelflury/Library/Developer/Xcode/DerivedData/TaxedGmbH_IOS-gerngfqzuwudosgobknlgtoawnlj/SourcePackages/checkouts/firebase-ios-sdk/Firestore/Swift/Source/AsyncAwait/CollectionReference+AsyncAwait.swift (in target 'FirebaseFirestore' from project 'Firebase')
    cd /Users/emanuelflury/github/TaxedGmbH_IOS/TaxedGmbH_IOS.xcodeproj
    

SwiftCompile normal arm64 /Users/emanuelflury/Library/Developer/Xcode/DerivedData/TaxedGmbH_IOS-gerngfqzuwudosgobknlgtoawnlj/SourcePackages/checkouts/firebase-ios-sdk/Firestore/Swift/Source/AsyncAwait/Firestore+AsyncAwait.swift (in target 'FirebaseFirestore' from project 'Firebase')
    cd /Users/emanuelflury/github/TaxedGmbH_IOS/TaxedGmbH_IOS.xcodeproj
    

SwiftCompile normal arm64 Compiling\ AuthDefaultUIDelegate.swift,\ AuthErrorUtils.swift,\ AuthErrors.swift,\ AuthInternalErrors.swift,\ AuthLog.swift,\ AuthRecaptchaVerifier.swift,\ AuthUIDelegate.swift,\ AuthURLPresenter.swift,\ AuthWebUtils.swift,\ AuthWebView.swift,\ AuthWebViewController.swift /Users/emanuelflury/Library/Developer/Xcode/DerivedData/TaxedGmbH_IOS-gerngfqzuwudosgobknlgtoawnlj/SourcePackages/checkouts/firebase-ios-sdk/FirebaseAuth/Sources/Swift/Utilities/AuthDefaultUIDelegate.swift /Users/emanuelflury/Library/Developer/Xcode/DerivedData/TaxedGmbH_IOS-gerngfqzuwudosgobknlgtoawnlj/SourcePackages/checkouts/firebase-ios-sdk/FirebaseAuth/Sources/Swift/Utilities/AuthErrorUtils.swift /Users/emanuelflury/Library/Developer/Xcode/DerivedData/TaxedGmbH_IOS-gerngfqzuwudosgobknlgtoawnlj/SourcePackages/checkouts/firebase-ios-sdk/FirebaseAuth/Sources/Swift/Utilities/AuthErrors.swift /Users/emanuelflury/Library/Developer/Xcode/DerivedData/TaxedGmbH_IOS-gerngfqzuwudosgobknlgtoawnlj/SourcePackages/checkouts/firebase-ios-sdk/FirebaseAuth/Sources/Swift/Utilities/AuthInternalErrors.swift /Users/emanuelflury/Library/Developer/Xcode/DerivedData/TaxedGmbH_IOS-gerngfqzuwudosgobknlgtoawnlj/SourcePackages/checkouts/firebase-ios-sdk/FirebaseAuth/Sources/Swift/Utilities/AuthLog.swift /Users/emanuelflury/Library/Developer/Xcode/DerivedData/TaxedGmbH_IOS-gerngfqzuwudosgobknlgtoawnlj/SourcePackages/checkouts/firebase-ios-sdk/FirebaseAuth/Sources/Swift/Utilities/AuthRecaptchaVerifier.swift /Users/emanuelflury/Library/Developer/Xcode/DerivedData/TaxedGmbH_IOS-gerngfqzuwudosgobknlgtoawnlj/SourcePackages/checkouts/firebase-ios-sdk/FirebaseAuth/Sources/Swift/Utilities/AuthUIDelegate.swift /Users/emanuelflury/Library/Developer/Xcode/DerivedData/TaxedGmbH_IOS-gerngfqzuwudosgobknlgtoawnlj/SourcePackages/checkouts/firebase-ios-sdk/FirebaseAuth/Sources/Swift/Utilities/AuthURLPresenter.swift /Users/emanuelflury/Library/Developer/Xcode/DerivedData/TaxedGmbH_IOS-gerngfqzuwudosgobknlgtoawnlj/SourcePackages/checkouts/firebase-ios-sdk/FirebaseAuth/Sources/Swift/Utilities/AuthWebUtils.swift /Users/emanuelflury/Library/Developer/Xcode/DerivedData/TaxedGmbH_IOS-gerngfqzuwudosgobknlgtoawnlj/SourcePackages/checkouts/firebase-ios-sdk/FirebaseAuth/Sources/Swift/Utilities/AuthWebView.swift /Users/emanuelflury/Library/Developer/Xcode/DerivedData/TaxedGmbH_IOS-gerngfqzuwudosgobknlgtoawnlj/SourcePackages/checkouts/firebase-ios-sdk/FirebaseAuth/Sources/Swift/Utilities/AuthWebViewController.swift (in target 'FirebaseAuth' from project 'Firebase')
SwiftCompile normal arm64 /Users/emanuelflury/Library/Developer/Xcode/DerivedData/TaxedGmbH_IOS-gerngfqzuwudosgobknlgtoawnlj/SourcePackages/checkouts/firebase-ios-sdk/FirebaseAuth/Sources/Swift/Utilities/AuthDefaultUIDelegate.swift (in target 'FirebaseAuth' from project 'Firebase')
    cd /Users/emanuelflury/github/TaxedGmbH_IOS/TaxedGmbH_IOS.xcodeproj
    

SwiftCompile normal arm64 /Users/emanuelflury/Library/Developer/Xcode/DerivedData/TaxedGmbH_IOS-gerngfqzuwudosgobknlgtoawnlj/SourcePackages/checkouts/firebase-ios-sdk/FirebaseAuth/Sources/Swift/Utilities/AuthErrorUtils.swift (in target 'FirebaseAuth' from project 'Firebase')
    cd /Users/emanuelflury/github/TaxedGmbH_IOS/TaxedGmbH_IOS.xcodeproj
    

SwiftCompile normal arm64 /Users/emanuelflury/Library/Developer/Xcode/DerivedData/TaxedGmbH_IOS-gerngfqzuwudosgobknlgtoawnlj/SourcePackages/checkouts/firebase-ios-sdk/FirebaseAuth/Sources/Swift/Utilities/AuthErrors.swift (in target 'FirebaseAuth' from project 'Firebase')
    cd /Users/emanuelflury/github/TaxedGmbH_IOS/TaxedGmbH_IOS.xcodeproj
    

SwiftCompile normal arm64 /Users/emanuelflury/Library/Developer/Xcode/DerivedData/TaxedGmbH_IOS-gerngfqzuwudosgobknlgtoawnlj/SourcePackages/checkouts/firebase-ios-sdk/FirebaseAuth/Sources/Swift/Utilities/AuthInternalErrors.swift (in target 'FirebaseAuth' from project 'Firebase')
    cd /Users/emanuelflury/github/TaxedGmbH_IOS/TaxedGmbH_IOS.xcodeproj
    

SwiftCompile normal arm64 /Users/emanuelflury/Library/Developer/Xcode/DerivedData/TaxedGmbH_IOS-gerngfqzuwudosgobknlgtoawnlj/SourcePackages/checkouts/firebase-ios-sdk/FirebaseAuth/Sources/Swift/Utilities/AuthLog.swift (in target 'FirebaseAuth' from project 'Firebase')
    cd /Users/emanuelflury/github/TaxedGmbH_IOS/TaxedGmbH_IOS.xcodeproj
    

SwiftCompile normal arm64 /Users/emanuelflury/Library/Developer/Xcode/DerivedData/TaxedGmbH_IOS-gerngfqzuwudosgobknlgtoawnlj/SourcePackages/checkouts/firebase-ios-sdk/FirebaseAuth/Sources/Swift/Utilities/AuthRecaptchaVerifier.swift (in target 'FirebaseAuth' from project 'Firebase')
    cd /Users/emanuelflury/github/TaxedGmbH_IOS/TaxedGmbH_IOS.xcodeproj
    

SwiftCompile normal arm64 /Users/emanuelflury/Library/Developer/Xcode/DerivedData/TaxedGmbH_IOS-gerngfqzuwudosgobknlgtoawnlj/SourcePackages/checkouts/firebase-ios-sdk/FirebaseAuth/Sources/Swift/Utilities/AuthUIDelegate.swift (in target 'FirebaseAuth' from project 'Firebase')
    cd /Users/emanuelflury/github/TaxedGmbH_IOS/TaxedGmbH_IOS.xcodeproj
    

SwiftCompile normal arm64 /Users/emanuelflury/Library/Developer/Xcode/DerivedData/TaxedGmbH_IOS-gerngfqzuwudosgobknlgtoawnlj/SourcePackages/checkouts/firebase-ios-sdk/FirebaseAuth/Sources/Swift/Utilities/AuthURLPresenter.swift (in target 'FirebaseAuth' from project 'Firebase')
    cd /Users/emanuelflury/github/TaxedGmbH_IOS/TaxedGmbH_IOS.xcodeproj
    

SwiftCompile normal arm64 /Users/emanuelflury/Library/Developer/Xcode/DerivedData/TaxedGmbH_IOS-gerngfqzuwudosgobknlgtoawnlj/SourcePackages/checkouts/firebase-ios-sdk/FirebaseAuth/Sources/Swift/Utilities/AuthWebUtils.swift (in target 'FirebaseAuth' from project 'Firebase')
    cd /Users/emanuelflury/github/TaxedGmbH_IOS/TaxedGmbH_IOS.xcodeproj
    

SwiftCompile normal arm64 /Users/emanuelflury/Library/Developer/Xcode/DerivedData/TaxedGmbH_IOS-gerngfqzuwudosgobknlgtoawnlj/SourcePackages/checkouts/firebase-ios-sdk/FirebaseAuth/Sources/Swift/Utilities/AuthWebView.swift (in target 'FirebaseAuth' from project 'Firebase')
    cd /Users/emanuelflury/github/TaxedGmbH_IOS/TaxedGmbH_IOS.xcodeproj
    

SwiftCompile normal arm64 /Users/emanuelflury/Library/Developer/Xcode/DerivedData/TaxedGmbH_IOS-gerngfqzuwudosgobknlgtoawnlj/SourcePackages/checkouts/firebase-ios-sdk/FirebaseAuth/Sources/Swift/Utilities/AuthWebViewController.swift (in target 'FirebaseAuth' from project 'Firebase')
    cd /Users/emanuelflury/github/TaxedGmbH_IOS/TaxedGmbH_IOS.xcodeproj
    

CompileC /Users/emanuelflury/Library/Developer/Xcode/DerivedData/TaxedGmbH_IOS-gerngfqzuwudosgobknlgtoawnlj/Build/Intermediates.noindex/Firebase.build/Debug-iphoneos/FirebaseCore.build/Objects-normal/arm64/FIRHeartbeatLogger.o /Users/emanuelflury/Library/Developer/Xcode/DerivedData/TaxedGmbH_IOS-gerngfqzuwudosgobknlgtoawnlj/SourcePackages/checkouts/firebase-ios-sdk/FirebaseCore/Sources/FIRHeartbeatLogger.m normal arm64 objective-c com.apple.compilers.llvm.clang.1_0.compiler (in target 'FirebaseCore' from project 'Firebase')
    cd /Users/emanuelflury/github/TaxedGmbH_IOS/TaxedGmbH_IOS.xcodeproj
    
    Using response file: /Users/emanuelflury/Library/Developer/Xcode/DerivedData/TaxedGmbH_IOS-gerngfqzuwudosgobknlgtoawnlj/Build/Intermediates.noindex/Firebase.build/Debug-iphoneos/FirebaseCore.build/Objects-normal/arm64/e6072d4f65d7061329687fe24e3d63a7-common-args.resp
    
    /Applications/Xcode.app/Contents/Developer/Toolchains/XcodeDefault.xctoolchain/usr/bin/clang -x objective-c -ivfsstatcache /Users/emanuelflury/Library/Developer/Xcode/DerivedData/SDKStatCaches.noindex/iphoneos26.1-23B77-69b33fc7382b27d9b5d46e82a00f8e78.sdkstatcache -fmessage-length\=0 -fdiagnostics-show-note-include-stack -fmacro-backtrace-limit\=0 -fno-color-diagnostics -fmodules-prune-interval\=86400 -fmodules-prune-after\=345600 -fbuild-session-file\=/Users/emanuelflury/Library/Developer/Xcode/DerivedData/ModuleCache.noindex/Session.modulevalidation -fmodules-validate-once-per-build-session -Wnon-modular-include-in-framework-module -Werror\=non-modular-include-in-framework-module -Wno-trigraphs -Wno-missing-field-initializers -Wno-missing-prototypes -Wno-return-type -Wno-implicit-atomic-properties -Wno-objc-interface-ivars -Wno-arc-repeated-use-of-weak -Wno-missing-braces -Wparentheses -Wswitch -Wno-unused-function -Wno-unused-label -Wno-unused-parameter -Wno-unused-variable -Wunused-value -Wno-empty-body -Wno-uninitialized -Wno-unknown-pragmas -w -Wno-shadow -Wno-four-char-constants -Wno-conversion -Wno-constant-conversion -Wno-int-conversion -Wno-bool-conversion -Wno-enum-conversion -Wno-float-conversion -Wno-non-literal-null-conversion -Wno-objc-literal-conversion -Wshorten-64-to-32 -Wpointer-sign -Wno-newline-eof -Wno-selector -Wno-strict-selector-match -Wno-undeclared-selector -Wno-deprecated-implementations -Wno-implicit-fallthrough -fstrict-aliasing -Wprotocol -Wdeprecated-declarations -Wno-sign-conversion -Wno-infinite-recursion -Wno-comma -Wno-block-capture-autoreleasing -Wno-strict-prototypes -Wno-semicolon-before-method-body -index-store-path /Users/emanuelflury/Library/Developer/Xcode/DerivedData/TaxedGmbH_IOS-gerngfqzuwudosgobknlgtoawnlj/Index.noindex/DataStore @/Users/emanuelflury/Library/Developer/Xcode/DerivedData/TaxedGmbH_IOS-gerngfqzuwudosgobknlgtoawnlj/Build/Intermediates.noindex/Firebase.build/Debug-iphoneos/FirebaseCore.build/Objects-normal/arm64/e6072d4f65d7061329687fe24e3d63a7-common-args.resp -include /Users/emanuelflury/Library/Developer/Xcode/DerivedData/TaxedGmbH_IOS-gerngfqzuwudosgobknlgtoawnlj/Build/Intermediates.noindex/Firebase.build/Debug-iphoneos/FirebaseCore.build/DerivedSources/resource_bundle_accessor.h -MMD -MT dependencies -MF /Users/emanuelflury/Library/Developer/Xcode/DerivedData/TaxedGmbH_IOS-gerngfqzuwudosgobknlgtoawnlj/Build/Intermediates.noindex/Firebase.build/Debug-iphoneos/FirebaseCore.build/Objects-normal/arm64/FIRHeartbeatLogger.d --serialize-diagnostics /Users/emanuelflury/Library/Developer/Xcode/DerivedData/TaxedGmbH_IOS-gerngfqzuwudosgobknlgtoawnlj/Build/Intermediates.noindex/Firebase.build/Debug-iphoneos/FirebaseCore.build/Objects-normal/arm64/FIRHeartbeatLogger.dia -c /Users/emanuelflury/Library/Developer/Xcode/DerivedData/TaxedGmbH_IOS-gerngfqzuwudosgobknlgtoawnlj/SourcePackages/checkouts/firebase-ios-sdk/FirebaseCore/Sources/FIRHeartbeatLogger.m -o /Users/emanuelflury/Library/Developer/Xcode/DerivedData/TaxedGmbH_IOS-gerngfqzuwudosgobknlgtoawnlj/Build/Intermediates.noindex/Firebase.build/Debug-iphoneos/FirebaseCore.build/Objects-normal/arm64/FIRHeartbeatLogger.o -index-unit-output-path /Firebase.build/Debug-iphoneos/FirebaseCore.build/Objects-normal/arm64/FIRHeartbeatLogger.o

CompileC /Users/emanuelflury/Library/Developer/Xcode/DerivedData/TaxedGmbH_IOS-gerngfqzuwudosgobknlgtoawnlj/Build/Intermediates.noindex/Firebase.build/Debug-iphoneos/FirebaseCore.build/Objects-normal/arm64/FIRLogger.o /Users/emanuelflury/Library/Developer/Xcode/DerivedData/TaxedGmbH_IOS-gerngfqzuwudosgobknlgtoawnlj/SourcePackages/checkouts/firebase-ios-sdk/FirebaseCore/Sources/FIRLogger.m normal arm64 objective-c com.apple.compilers.llvm.clang.1_0.compiler (in target 'FirebaseCore' from project 'Firebase')
    cd /Users/emanuelflury/github/TaxedGmbH_IOS/TaxedGmbH_IOS.xcodeproj
    
    Using response file: /Users/emanuelflury/Library/Developer/Xcode/DerivedData/TaxedGmbH_IOS-gerngfqzuwudosgobknlgtoawnlj/Build/Intermediates.noindex/Firebase.build/Debug-iphoneos/FirebaseCore.build/Objects-normal/arm64/e6072d4f65d7061329687fe24e3d63a7-common-args.resp
    
    /Applications/Xcode.app/Contents/Developer/Toolchains/XcodeDefault.xctoolchain/usr/bin/clang -x objective-c -ivfsstatcache /Users/emanuelflury/Library/Developer/Xcode/DerivedData/SDKStatCaches.noindex/iphoneos26.1-23B77-69b33fc7382b27d9b5d46e82a00f8e78.sdkstatcache -fmessage-length\=0 -fdiagnostics-show-note-include-stack -fmacro-backtrace-limit\=0 -fno-color-diagnostics -fmodules-prune-interval\=86400 -fmodules-prune-after\=345600 -fbuild-session-file\=/Users/emanuelflury/Library/Developer/Xcode/DerivedData/ModuleCache.noindex/Session.modulevalidation -fmodules-validate-once-per-build-session -Wnon-modular-include-in-framework-module -Werror\=non-modular-include-in-framework-module -Wno-trigraphs -Wno-missing-field-initializers -Wno-missing-prototypes -Wno-return-type -Wno-implicit-atomic-properties -Wno-objc-interface-ivars -Wno-arc-repeated-use-of-weak -Wno-missing-braces -Wparentheses -Wswitch -Wno-unused-function -Wno-unused-label -Wno-unused-parameter -Wno-unused-variable -Wunused-value -Wno-empty-body -Wno-uninitialized -Wno-unknown-pragmas -w -Wno-shadow -Wno-four-char-constants -Wno-conversion -Wno-constant-conversion -Wno-int-conversion -Wno-bool-conversion -Wno-enum-conversion -Wno-float-conversion -Wno-non-literal-null-conversion -Wno-objc-literal-conversion -Wshorten-64-to-32 -Wpointer-sign -Wno-newline-eof -Wno-selector -Wno-strict-selector-match -Wno-undeclared-selector -Wno-deprecated-implementations -Wno-implicit-fallthrough -fstrict-aliasing -Wprotocol -Wdeprecated-declarations -Wno-sign-conversion -Wno-infinite-recursion -Wno-comma -Wno-block-capture-autoreleasing -Wno-strict-prototypes -Wno-semicolon-before-method-body -index-store-path /Users/emanuelflury/Library/Developer/Xcode/DerivedData/TaxedGmbH_IOS-gerngfqzuwudosgobknlgtoawnlj/Index.noindex/DataStore @/Users/emanuelflury/Library/Developer/Xcode/DerivedData/TaxedGmbH_IOS-gerngfqzuwudosgobknlgtoawnlj/Build/Intermediates.noindex/Firebase.build/Debug-iphoneos/FirebaseCore.build/Objects-normal/arm64/e6072d4f65d7061329687fe24e3d63a7-common-args.resp -include /Users/emanuelflury/Library/Developer/Xcode/DerivedData/TaxedGmbH_IOS-gerngfqzuwudosgobknlgtoawnlj/Build/Intermediates.noindex/Firebase.build/Debug-iphoneos/FirebaseCore.build/DerivedSources/resource_bundle_accessor.h -MMD -MT dependencies -MF /Users/emanuelflury/Library/Developer/Xcode/DerivedData/TaxedGmbH_IOS-gerngfqzuwudosgobknlgtoawnlj/Build/Intermediates.noindex/Firebase.build/Debug-iphoneos/FirebaseCore.build/Objects-normal/arm64/FIRLogger.d --serialize-diagnostics /Users/emanuelflury/Library/Developer/Xcode/DerivedData/TaxedGmbH_IOS-gerngfqzuwudosgobknlgtoawnlj/Build/Intermediates.noindex/Firebase.build/Debug-iphoneos/FirebaseCore.build/Objects-normal/arm64/FIRLogger.dia -c /Users/emanuelflury/Library/Developer/Xcode/DerivedData/TaxedGmbH_IOS-gerngfqzuwudosgobknlgtoawnlj/SourcePackages/checkouts/firebase-ios-sdk/FirebaseCore/Sources/FIRLogger.m -o /Users/emanuelflury/Library/Developer/Xcode/DerivedData/TaxedGmbH_IOS-gerngfqzuwudosgobknlgtoawnlj/Build/Intermediates.noindex/Firebase.build/Debug-iphoneos/FirebaseCore.build/Objects-normal/arm64/FIRLogger.o -index-unit-output-path /Firebase.build/Debug-iphoneos/FirebaseCore.build/Objects-normal/arm64/FIRLogger.o

CompileC /Users/emanuelflury/Library/Developer/Xcode/DerivedData/TaxedGmbH_IOS-gerngfqzuwudosgobknlgtoawnlj/Build/Intermediates.noindex/Firebase.build/Debug-iphoneos/FirebaseCore.build/Objects-normal/arm64/FIRFirebaseUserAgent.o /Users/emanuelflury/Library/Developer/Xcode/DerivedData/TaxedGmbH_IOS-gerngfqzuwudosgobknlgtoawnlj/SourcePackages/checkouts/firebase-ios-sdk/FirebaseCore/Sources/FIRFirebaseUserAgent.m normal arm64 objective-c com.apple.compilers.llvm.clang.1_0.compiler (in target 'FirebaseCore' from project 'Firebase')
    cd /Users/emanuelflury/github/TaxedGmbH_IOS/TaxedGmbH_IOS.xcodeproj
    
    Using response file: /Users/emanuelflury/Library/Developer/Xcode/DerivedData/TaxedGmbH_IOS-gerngfqzuwudosgobknlgtoawnlj/Build/Intermediates.noindex/Firebase.build/Debug-iphoneos/FirebaseCore.build/Objects-normal/arm64/e6072d4f65d7061329687fe24e3d63a7-common-args.resp
    
    /Applications/Xcode.app/Contents/Developer/Toolchains/XcodeDefault.xctoolchain/usr/bin/clang -x objective-c -ivfsstatcache /Users/emanuelflury/Library/Developer/Xcode/DerivedData/SDKStatCaches.noindex/iphoneos26.1-23B77-69b33fc7382b27d9b5d46e82a00f8e78.sdkstatcache -fmessage-length\=0 -fdiagnostics-show-note-include-stack -fmacro-backtrace-limit\=0 -fno-color-diagnostics -fmodules-prune-interval\=86400 -fmodules-prune-after\=345600 -fbuild-session-file\=/Users/emanuelflury/Library/Developer/Xcode/DerivedData/ModuleCache.noindex/Session.modulevalidation -fmodules-validate-once-per-build-session -Wnon-modular-include-in-framework-module -Werror\=non-modular-include-in-framework-module -Wno-trigraphs -Wno-missing-field-initializers -Wno-missing-prototypes -Wno-return-type -Wno-implicit-atomic-properties -Wno-objc-interface-ivars -Wno-arc-repeated-use-of-weak -Wno-missing-braces -Wparentheses -Wswitch -Wno-unused-function -Wno-unused-label -Wno-unused-parameter -Wno-unused-variable -Wunused-value -Wno-empty-body -Wno-uninitialized -Wno-unknown-pragmas -w -Wno-shadow -Wno-four-char-constants -Wno-conversion -Wno-constant-conversion -Wno-int-conversion -Wno-bool-conversion -Wno-enum-conversion -Wno-float-conversion -Wno-non-literal-null-conversion -Wno-objc-literal-conversion -Wshorten-64-to-32 -Wpointer-sign -Wno-newline-eof -Wno-selector -Wno-strict-selector-match -Wno-undeclared-selector -Wno-deprecated-implementations -Wno-implicit-fallthrough -fstrict-aliasing -Wprotocol -Wdeprecated-declarations -Wno-sign-conversion -Wno-infinite-recursion -Wno-comma -Wno-block-capture-autoreleasing -Wno-strict-prototypes -Wno-semicolon-before-method-body -index-store-path /Users/emanuelflury/Library/Developer/Xcode/DerivedData/TaxedGmbH_IOS-gerngfqzuwudosgobknlgtoawnlj/Index.noindex/DataStore @/Users/emanuelflury/Library/Developer/Xcode/DerivedData/TaxedGmbH_IOS-gerngfqzuwudosgobknlgtoawnlj/Build/Intermediates.noindex/Firebase.build/Debug-iphoneos/FirebaseCore.build/Objects-normal/arm64/e6072d4f65d7061329687fe24e3d63a7-common-args.resp -include /Users/emanuelflury/Library/Developer/Xcode/DerivedData/TaxedGmbH_IOS-gerngfqzuwudosgobknlgtoawnlj/Build/Intermediates.noindex/Firebase.build/Debug-iphoneos/FirebaseCore.build/DerivedSources/resource_bundle_accessor.h -MMD -MT dependencies -MF /Users/emanuelflury/Library/Developer/Xcode/DerivedData/TaxedGmbH_IOS-gerngfqzuwudosgobknlgtoawnlj/Build/Intermediates.noindex/Firebase.build/Debug-iphoneos/FirebaseCore.build/Objects-normal/arm64/FIRFirebaseUserAgent.d --serialize-diagnostics /Users/emanuelflury/Library/Developer/Xcode/DerivedData/TaxedGmbH_IOS-gerngfqzuwudosgobknlgtoawnlj/Build/Intermediates.noindex/Firebase.build/Debug-iphoneos/FirebaseCore.build/Objects-normal/arm64/FIRFirebaseUserAgent.dia -c /Users/emanuelflury/Library/Developer/Xcode/DerivedData/TaxedGmbH_IOS-gerngfqzuwudosgobknlgtoawnlj/SourcePackages/checkouts/firebase-ios-sdk/FirebaseCore/Sources/FIRFirebaseUserAgent.m -o /Users/emanuelflury/Library/Developer/Xcode/DerivedData/TaxedGmbH_IOS-gerngfqzuwudosgobknlgtoawnlj/Build/Intermediates.noindex/Firebase.build/Debug-iphoneos/FirebaseCore.build/Objects-normal/arm64/FIRFirebaseUserAgent.o -index-unit-output-path /Firebase.build/Debug-iphoneos/FirebaseCore.build/Objects-normal/arm64/FIRFirebaseUserAgent.o

CompileC /Users/emanuelflury/Library/Developer/Xcode/DerivedData/TaxedGmbH_IOS-gerngfqzuwudosgobknlgtoawnlj/Build/Intermediates.noindex/Firebase.build/Debug-iphoneos/FirebaseCore.build/Objects-normal/arm64/FIRBundleUtil.o /Users/emanuelflury/Library/Developer/Xcode/DerivedData/TaxedGmbH_IOS-gerngfqzuwudosgobknlgtoawnlj/SourcePackages/checkouts/firebase-ios-sdk/FirebaseCore/Sources/FIRBundleUtil.m normal arm64 objective-c com.apple.compilers.llvm.clang.1_0.compiler (in target 'FirebaseCore' from project 'Firebase')
    cd /Users/emanuelflury/github/TaxedGmbH_IOS/TaxedGmbH_IOS.xcodeproj
    
    Using response file: /Users/emanuelflury/Library/Developer/Xcode/DerivedData/TaxedGmbH_IOS-gerngfqzuwudosgobknlgtoawnlj/Build/Intermediates.noindex/Firebase.build/Debug-iphoneos/FirebaseCore.build/Objects-normal/arm64/e6072d4f65d7061329687fe24e3d63a7-common-args.resp
    
    /Applications/Xcode.app/Contents/Developer/Toolchains/XcodeDefault.xctoolchain/usr/bin/clang -x objective-c -ivfsstatcache /Users/emanuelflury/Library/Developer/Xcode/DerivedData/SDKStatCaches.noindex/iphoneos26.1-23B77-69b33fc7382b27d9b5d46e82a00f8e78.sdkstatcache -fmessage-length\=0 -fdiagnostics-show-note-include-stack -fmacro-backtrace-limit\=0 -fno-color-diagnostics -fmodules-prune-interval\=86400 -fmodules-prune-after\=345600 -fbuild-session-file\=/Users/emanuelflury/Library/Developer/Xcode/DerivedData/ModuleCache.noindex/Session.modulevalidation -fmodules-validate-once-per-build-session -Wnon-modular-include-in-framework-module -Werror\=non-modular-include-in-framework-module -Wno-trigraphs -Wno-missing-field-initializers -Wno-missing-prototypes -Wno-return-type -Wno-implicit-atomic-properties -Wno-objc-interface-ivars -Wno-arc-repeated-use-of-weak -Wno-missing-braces -Wparentheses -Wswitch -Wno-unused-function -Wno-unused-label -Wno-unused-parameter -Wno-unused-variable -Wunused-value -Wno-empty-body -Wno-uninitialized -Wno-unknown-pragmas -w -Wno-shadow -Wno-four-char-constants -Wno-conversion -Wno-constant-conversion -Wno-int-conversion -Wno-bool-conversion -Wno-enum-conversion -Wno-float-conversion -Wno-non-literal-null-conversion -Wno-objc-literal-conversion -Wshorten-64-to-32 -Wpointer-sign -Wno-newline-eof -Wno-selector -Wno-strict-selector-match -Wno-undeclared-selector -Wno-deprecated-implementations -Wno-implicit-fallthrough -fstrict-aliasing -Wprotocol -Wdeprecated-declarations -Wno-sign-conversion -Wno-infinite-recursion -Wno-comma -Wno-block-capture-autoreleasing -Wno-strict-prototypes -Wno-semicolon-before-method-body -index-store-path /Users/emanuelflury/Library/Developer/Xcode/DerivedData/TaxedGmbH_IOS-gerngfqzuwudosgobknlgtoawnlj/Index.noindex/DataStore @/Users/emanuelflury/Library/Developer/Xcode/DerivedData/TaxedGmbH_IOS-gerngfqzuwudosgobknlgtoawnlj/Build/Intermediates.noindex/Firebase.build/Debug-iphoneos/FirebaseCore.build/Objects-normal/arm64/e6072d4f65d7061329687fe24e3d63a7-common-args.resp -include /Users/emanuelflury/Library/Developer/Xcode/DerivedData/TaxedGmbH_IOS-gerngfqzuwudosgobknlgtoawnlj/Build/Intermediates.noindex/Firebase.build/Debug-iphoneos/FirebaseCore.build/DerivedSources/resource_bundle_accessor.h -MMD -MT dependencies -MF /Users/emanuelflury/Library/Developer/Xcode/DerivedData/TaxedGmbH_IOS-gerngfqzuwudosgobknlgtoawnlj/Build/Intermediates.noindex/Firebase.build/Debug-iphoneos/FirebaseCore.build/Objects-normal/arm64/FIRBundleUtil.d --serialize-diagnostics /Users/emanuelflury/Library/Developer/Xcode/DerivedData/TaxedGmbH_IOS-gerngfqzuwudosgobknlgtoawnlj/Build/Intermediates.noindex/Firebase.build/Debug-iphoneos/FirebaseCore.build/Objects-normal/arm64/FIRBundleUtil.dia -c /Users/emanuelflury/Library/Developer/Xcode/DerivedData/TaxedGmbH_IOS-gerngfqzuwudosgobknlgtoawnlj/SourcePackages/checkouts/firebase-ios-sdk/FirebaseCore/Sources/FIRBundleUtil.m -o /Users/emanuelflury/Library/Developer/Xcode/DerivedData/TaxedGmbH_IOS-gerngfqzuwudosgobknlgtoawnlj/Build/Intermediates.noindex/Firebase.build/Debug-iphoneos/FirebaseCore.build/Objects-normal/arm64/FIRBundleUtil.o -index-unit-output-path /Firebase.build/Debug-iphoneos/FirebaseCore.build/Objects-normal/arm64/FIRBundleUtil.o

SwiftCompile normal arm64 Compiling\ PhoneAuthProvider.swift,\ TwitterAuthProvider.swift,\ AuthBackend.swift,\ AuthBackendRPCIssuer.swift,\ AuthRPCRequest.swift,\ AuthRPCResponse.swift,\ AuthRequestConfiguration.swift,\ IdentityToolkitRequest.swift,\ AuthMFAResponse.swift,\ CreateAuthURIRequest.swift,\ CreateAuthURIResponse.swift,\ DeleteAccountRequest.swift /Users/emanuelflury/Library/Developer/Xcode/DerivedData/TaxedGmbH_IOS-gerngfqzuwudosgobknlgtoawnlj/SourcePackages/checkouts/firebase-ios-sdk/FirebaseAuth/Sources/Swift/AuthProvider/PhoneAuthProvider.swift /Users/emanuelflury/Library/Developer/Xcode/DerivedData/TaxedGmbH_IOS-gerngfqzuwudosgobknlgtoawnlj/SourcePackages/checkouts/firebase-ios-sdk/FirebaseAuth/Sources/Swift/AuthProvider/TwitterAuthProvider.swift /Users/emanuelflury/Library/Developer/Xcode/DerivedData/TaxedGmbH_IOS-gerngfqzuwudosgobknlgtoawnlj/SourcePackages/checkouts/firebase-ios-sdk/FirebaseAuth/Sources/Swift/Backend/AuthBackend.swift /Users/emanuelflury/Library/Developer/Xcode/DerivedData/TaxedGmbH_IOS-gerngfqzuwudosgobknlgtoawnlj/SourcePackages/checkouts/firebase-ios-sdk/FirebaseAuth/Sources/Swift/Backend/AuthBackendRPCIssuer.swift /Users/emanuelflury/Library/Developer/Xcode/DerivedData/TaxedGmbH_IOS-gerngfqzuwudosgobknlgtoawnlj/SourcePackages/checkouts/firebase-ios-sdk/FirebaseAuth/Sources/Swift/Backend/AuthRPCRequest.swift /Users/emanuelflury/Library/Developer/Xcode/DerivedData/TaxedGmbH_IOS-gerngfqzuwudosgobknlgtoawnlj/SourcePackages/checkouts/firebase-ios-sdk/FirebaseAuth/Sources/Swift/Backend/AuthRPCResponse.swift /Users/emanuelflury/Library/Developer/Xcode/DerivedData/TaxedGmbH_IOS-gerngfqzuwudosgobknlgtoawnlj/SourcePackages/checkouts/firebase-ios-sdk/FirebaseAuth/Sources/Swift/Backend/AuthRequestConfiguration.swift /Users/emanuelflury/Library/Developer/Xcode/DerivedData/TaxedGmbH_IOS-gerngfqzuwudosgobknlgtoawnlj/SourcePackages/checkouts/firebase-ios-sdk/FirebaseAuth/Sources/Swift/Backend/IdentityToolkitRequest.swift /Users/emanuelflury/Library/Developer/Xcode/DerivedData/TaxedGmbH_IOS-gerngfqzuwudosgobknlgtoawnlj/SourcePackages/checkouts/firebase-ios-sdk/FirebaseAuth/Sources/Swift/Backend/RPC/AuthMFAResponse.swift /Users/emanuelflury/Library/Developer/Xcode/DerivedData/TaxedGmbH_IOS-gerngfqzuwudosgobknlgtoawnlj/SourcePackages/checkouts/firebase-ios-sdk/FirebaseAuth/Sources/Swift/Backend/RPC/CreateAuthURIRequest.swift /Users/emanuelflury/Library/Developer/Xcode/DerivedData/TaxedGmbH_IOS-gerngfqzuwudosgobknlgtoawnlj/SourcePackages/checkouts/firebase-ios-sdk/FirebaseAuth/Sources/Swift/Backend/RPC/CreateAuthURIResponse.swift /Users/emanuelflury/Library/Developer/Xcode/DerivedData/TaxedGmbH_IOS-gerngfqzuwudosgobknlgtoawnlj/SourcePackages/checkouts/firebase-ios-sdk/FirebaseAuth/Sources/Swift/Backend/RPC/DeleteAccountRequest.swift (in target 'FirebaseAuth' from project 'Firebase')

SwiftCompile normal arm64 /Users/emanuelflury/Library/Developer/Xcode/DerivedData/TaxedGmbH_IOS-gerngfqzuwudosgobknlgtoawnlj/SourcePackages/checkouts/firebase-ios-sdk/FirebaseAuth/Sources/Swift/AuthProvider/PhoneAuthProvider.swift (in target 'FirebaseAuth' from project 'Firebase')
    cd /Users/emanuelflury/github/TaxedGmbH_IOS/TaxedGmbH_IOS.xcodeproj
    

SwiftCompile normal arm64 /Users/emanuelflury/Library/Developer/Xcode/DerivedData/TaxedGmbH_IOS-gerngfqzuwudosgobknlgtoawnlj/SourcePackages/checkouts/firebase-ios-sdk/FirebaseAuth/Sources/Swift/AuthProvider/TwitterAuthProvider.swift (in target 'FirebaseAuth' from project 'Firebase')
    cd /Users/emanuelflury/github/TaxedGmbH_IOS/TaxedGmbH_IOS.xcodeproj
    

SwiftCompile normal arm64 /Users/emanuelflury/Library/Developer/Xcode/DerivedData/TaxedGmbH_IOS-gerngfqzuwudosgobknlgtoawnlj/SourcePackages/checkouts/firebase-ios-sdk/FirebaseAuth/Sources/Swift/Backend/AuthBackend.swift (in target 'FirebaseAuth' from project 'Firebase')
    cd /Users/emanuelflury/github/TaxedGmbH_IOS/TaxedGmbH_IOS.xcodeproj
    

SwiftCompile normal arm64 /Users/emanuelflury/Library/Developer/Xcode/DerivedData/TaxedGmbH_IOS-gerngfqzuwudosgobknlgtoawnlj/SourcePackages/checkouts/firebase-ios-sdk/FirebaseAuth/Sources/Swift/Backend/AuthBackendRPCIssuer.swift (in target 'FirebaseAuth' from project 'Firebase')
    cd /Users/emanuelflury/github/TaxedGmbH_IOS/TaxedGmbH_IOS.xcodeproj
    

SwiftCompile normal arm64 /Users/emanuelflury/Library/Developer/Xcode/DerivedData/TaxedGmbH_IOS-gerngfqzuwudosgobknlgtoawnlj/SourcePackages/checkouts/firebase-ios-sdk/FirebaseAuth/Sources/Swift/Backend/AuthRPCRequest.swift (in target 'FirebaseAuth' from project 'Firebase')
    cd /Users/emanuelflury/github/TaxedGmbH_IOS/TaxedGmbH_IOS.xcodeproj
    

SwiftCompile normal arm64 /Users/emanuelflury/Library/Developer/Xcode/DerivedData/TaxedGmbH_IOS-gerngfqzuwudosgobknlgtoawnlj/SourcePackages/checkouts/firebase-ios-sdk/FirebaseAuth/Sources/Swift/Backend/AuthRPCResponse.swift (in target 'FirebaseAuth' from project 'Firebase')
    cd /Users/emanuelflury/github/TaxedGmbH_IOS/TaxedGmbH_IOS.xcodeproj
    

SwiftCompile normal arm64 /Users/emanuelflury/Library/Developer/Xcode/DerivedData/TaxedGmbH_IOS-gerngfqzuwudosgobknlgtoawnlj/SourcePackages/checkouts/firebase-ios-sdk/FirebaseAuth/Sources/Swift/Backend/AuthRequestConfiguration.swift (in target 'FirebaseAuth' from project 'Firebase')
    cd /Users/emanuelflury/github/TaxedGmbH_IOS/TaxedGmbH_IOS.xcodeproj
    

SwiftCompile normal arm64 /Users/emanuelflury/Library/Developer/Xcode/DerivedData/TaxedGmbH_IOS-gerngfqzuwudosgobknlgtoawnlj/SourcePackages/checkouts/firebase-ios-sdk/FirebaseAuth/Sources/Swift/Backend/IdentityToolkitRequest.swift (in target 'FirebaseAuth' from project 'Firebase')
    cd /Users/emanuelflury/github/TaxedGmbH_IOS/TaxedGmbH_IOS.xcodeproj
    

SwiftCompile normal arm64 /Users/emanuelflury/Library/Developer/Xcode/DerivedData/TaxedGmbH_IOS-gerngfqzuwudosgobknlgtoawnlj/SourcePackages/checkouts/firebase-ios-sdk/FirebaseAuth/Sources/Swift/Backend/RPC/AuthMFAResponse.swift (in target 'FirebaseAuth' from project 'Firebase')
    cd /Users/emanuelflury/github/TaxedGmbH_IOS/TaxedGmbH_IOS.xcodeproj
    

SwiftCompile normal arm64 /Users/emanuelflury/Library/Developer/Xcode/DerivedData/TaxedGmbH_IOS-gerngfqzuwudosgobknlgtoawnlj/SourcePackages/checkouts/firebase-ios-sdk/FirebaseAuth/Sources/Swift/Backend/RPC/CreateAuthURIRequest.swift (in target 'FirebaseAuth' from project 'Firebase')
    cd /Users/emanuelflury/github/TaxedGmbH_IOS/TaxedGmbH_IOS.xcodeproj
    

SwiftCompile normal arm64 /Users/emanuelflury/Library/Developer/Xcode/DerivedData/TaxedGmbH_IOS-gerngfqzuwudosgobknlgtoawnlj/SourcePackages/checkouts/firebase-ios-sdk/FirebaseAuth/Sources/Swift/Backend/RPC/CreateAuthURIResponse.swift (in target 'FirebaseAuth' from project 'Firebase')
    cd /Users/emanuelflury/github/TaxedGmbH_IOS/TaxedGmbH_IOS.xcodeproj
    

SwiftCompile normal arm64 /Users/emanuelflury/Library/Developer/Xcode/DerivedData/TaxedGmbH_IOS-gerngfqzuwudosgobknlgtoawnlj/SourcePackages/checkouts/firebase-ios-sdk/FirebaseAuth/Sources/Swift/Backend/RPC/DeleteAccountRequest.swift (in target 'FirebaseAuth' from project 'Firebase')
    cd /Users/emanuelflury/github/TaxedGmbH_IOS/TaxedGmbH_IOS.xcodeproj
    

SwiftCompile normal arm64 Compiling\ Base64URLEncodedStringExtension.swift,\ MultiFactor.swift,\ MultiFactorAssertion.swift,\ MultiFactorInfo.swift,\ MultiFactorResolver.swift,\ MultiFactorSession.swift,\ PhoneMultiFactorAssertion.swift,\ PhoneMultiFactorGenerator.swift,\ PhoneMultiFactorInfo.swift,\ TOTPMultFactorAssertion.swift,\ TOTPMultiFactorGenerator.swift /Users/emanuelflury/Library/Developer/Xcode/DerivedData/TaxedGmbH_IOS-gerngfqzuwudosgobknlgtoawnlj/SourcePackages/checkouts/firebase-ios-sdk/FirebaseAuth/Sources/Swift/Base64URLEncodedStringExtension.swift /Users/emanuelflury/Library/Developer/Xcode/DerivedData/TaxedGmbH_IOS-gerngfqzuwudosgobknlgtoawnlj/SourcePackages/checkouts/firebase-ios-sdk/FirebaseAuth/Sources/Swift/MultiFactor/MultiFactor.swift /Users/emanuelflury/Library/Developer/Xcode/DerivedData/TaxedGmbH_IOS-gerngfqzuwudosgobknlgtoawnlj/SourcePackages/checkouts/firebase-ios-sdk/FirebaseAuth/Sources/Swift/MultiFactor/MultiFactorAssertion.swift /Users/emanuelflury/Library/Developer/Xcode/DerivedData/TaxedGmbH_IOS-gerngfqzuwudosgobknlgtoawnlj/SourcePackages/checkouts/firebase-ios-sdk/FirebaseAuth/Sources/Swift/MultiFactor/MultiFactorInfo.swift /Users/emanuelflury/Library/Developer/Xcode/DerivedData/TaxedGmbH_IOS-gerngfqzuwudosgobknlgtoawnlj/SourcePackages/checkouts/firebase-ios-sdk/FirebaseAuth/Sources/Swift/MultiFactor/MultiFactorResolver.swift /Users/emanuelflury/Library/Developer/Xcode/DerivedData/TaxedGmbH_IOS-gerngfqzuwudosgobknlgtoawnlj/SourcePackages/checkouts/firebase-ios-sdk/FirebaseAuth/Sources/Swift/MultiFactor/MultiFactorSession.swift /Users/emanuelflury/Library/Developer/Xcode/DerivedData/TaxedGmbH_IOS-gerngfqzuwudosgobknlgtoawnlj/SourcePackages/checkouts/firebase-ios-sdk/FirebaseAuth/Sources/Swift/MultiFactor/Phone/PhoneMultiFactorAssertion.swift /Users/emanuelflury/Library/Developer/Xcode/DerivedData/TaxedGmbH_IOS-gerngfqzuwudosgobknlgtoawnlj/SourcePackages/checkouts/firebase-ios-sdk/FirebaseAuth/Sources/Swift/MultiFactor/Phone/PhoneMultiFactorGenerator.swift /Users/emanuelflury/Library/Developer/Xcode/DerivedData/TaxedGmbH_IOS-gerngfqzuwudosgobknlgtoawnlj/SourcePackages/checkouts/firebase-ios-sdk/FirebaseAuth/Sources/Swift/MultiFactor/Phone/PhoneMultiFactorInfo.swift /Users/emanuelflury/Library/Developer/Xcode/DerivedData/TaxedGmbH_IOS-gerngfqzuwudosgobknlgtoawnlj/SourcePackages/checkouts/firebase-ios-sdk/FirebaseAuth/Sources/Swift/MultiFactor/TOTP/TOTPMultFactorAssertion.swift /Users/emanuelflury/Library/Developer/Xcode/DerivedData/TaxedGmbH_IOS-gerngfqzuwudosgobknlgtoawnlj/SourcePackages/checkouts/firebase-ios-sdk/FirebaseAuth/Sources/Swift/MultiFactor/TOTP/TOTPMultiFactorGenerator.swift (in target 'FirebaseAuth' from project 'Firebase')

SwiftCompile normal arm64 /Users/emanuelflury/Library/Developer/Xcode/DerivedData/TaxedGmbH_IOS-gerngfqzuwudosgobknlgtoawnlj/SourcePackages/checkouts/firebase-ios-sdk/FirebaseAuth/Sources/Swift/Base64URLEncodedStringExtension.swift (in target 'FirebaseAuth' from project 'Firebase')
    cd /Users/emanuelflury/github/TaxedGmbH_IOS/TaxedGmbH_IOS.xcodeproj
    

SwiftCompile normal arm64 /Users/emanuelflury/Library/Developer/Xcode/DerivedData/TaxedGmbH_IOS-gerngfqzuwudosgobknlgtoawnlj/SourcePackages/checkouts/firebase-ios-sdk/FirebaseAuth/Sources/Swift/MultiFactor/MultiFactor.swift (in target 'FirebaseAuth' from project 'Firebase')
    cd /Users/emanuelflury/github/TaxedGmbH_IOS/TaxedGmbH_IOS.xcodeproj
    

SwiftCompile normal arm64 /Users/emanuelflury/Library/Developer/Xcode/DerivedData/TaxedGmbH_IOS-gerngfqzuwudosgobknlgtoawnlj/SourcePackages/checkouts/firebase-ios-sdk/FirebaseAuth/Sources/Swift/MultiFactor/MultiFactorAssertion.swift (in target 'FirebaseAuth' from project 'Firebase')
    cd /Users/emanuelflury/github/TaxedGmbH_IOS/TaxedGmbH_IOS.xcodeproj
    

SwiftCompile normal arm64 /Users/emanuelflury/Library/Developer/Xcode/DerivedData/TaxedGmbH_IOS-gerngfqzuwudosgobknlgtoawnlj/SourcePackages/checkouts/firebase-ios-sdk/FirebaseAuth/Sources/Swift/MultiFactor/MultiFactorInfo.swift (in target 'FirebaseAuth' from project 'Firebase')
    cd /Users/emanuelflury/github/TaxedGmbH_IOS/TaxedGmbH_IOS.xcodeproj
    

SwiftCompile normal arm64 /Users/emanuelflury/Library/Developer/Xcode/DerivedData/TaxedGmbH_IOS-gerngfqzuwudosgobknlgtoawnlj/SourcePackages/checkouts/firebase-ios-sdk/FirebaseAuth/Sources/Swift/MultiFactor/MultiFactorResolver.swift (in target 'FirebaseAuth' from project 'Firebase')
    cd /Users/emanuelflury/github/TaxedGmbH_IOS/TaxedGmbH_IOS.xcodeproj
    

SwiftCompile normal arm64 /Users/emanuelflury/Library/Developer/Xcode/DerivedData/TaxedGmbH_IOS-gerngfqzuwudosgobknlgtoawnlj/SourcePackages/checkouts/firebase-ios-sdk/FirebaseAuth/Sources/Swift/MultiFactor/MultiFactorSession.swift (in target 'FirebaseAuth' from project 'Firebase')
    cd /Users/emanuelflury/github/TaxedGmbH_IOS/TaxedGmbH_IOS.xcodeproj
    

SwiftCompile normal arm64 /Users/emanuelflury/Library/Developer/Xcode/DerivedData/TaxedGmbH_IOS-gerngfqzuwudosgobknlgtoawnlj/SourcePackages/checkouts/firebase-ios-sdk/FirebaseAuth/Sources/Swift/MultiFactor/Phone/PhoneMultiFactorAssertion.swift (in target 'FirebaseAuth' from project 'Firebase')
    cd /Users/emanuelflury/github/TaxedGmbH_IOS/TaxedGmbH_IOS.xcodeproj
    

SwiftCompile normal arm64 /Users/emanuelflury/Library/Developer/Xcode/DerivedData/TaxedGmbH_IOS-gerngfqzuwudosgobknlgtoawnlj/SourcePackages/checkouts/firebase-ios-sdk/FirebaseAuth/Sources/Swift/MultiFactor/Phone/PhoneMultiFactorGenerator.swift (in target 'FirebaseAuth' from project 'Firebase')
    cd /Users/emanuelflury/github/TaxedGmbH_IOS/TaxedGmbH_IOS.xcodeproj
    

SwiftCompile normal arm64 /Users/emanuelflury/Library/Developer/Xcode/DerivedData/TaxedGmbH_IOS-gerngfqzuwudosgobknlgtoawnlj/SourcePackages/checkouts/firebase-ios-sdk/FirebaseAuth/Sources/Swift/MultiFactor/Phone/PhoneMultiFactorInfo.swift (in target 'FirebaseAuth' from project 'Firebase')
    cd /Users/emanuelflury/github/TaxedGmbH_IOS/TaxedGmbH_IOS.xcodeproj
    

SwiftCompile normal arm64 /Users/emanuelflury/Library/Developer/Xcode/DerivedData/TaxedGmbH_IOS-gerngfqzuwudosgobknlgtoawnlj/SourcePackages/checkouts/firebase-ios-sdk/FirebaseAuth/Sources/Swift/MultiFactor/TOTP/TOTPMultFactorAssertion.swift (in target 'FirebaseAuth' from project 'Firebase')
    cd /Users/emanuelflury/github/TaxedGmbH_IOS/TaxedGmbH_IOS.xcodeproj
    

SwiftCompile normal arm64 /Users/emanuelflury/Library/Developer/Xcode/DerivedData/TaxedGmbH_IOS-gerngfqzuwudosgobknlgtoawnlj/SourcePackages/checkouts/firebase-ios-sdk/FirebaseAuth/Sources/Swift/MultiFactor/TOTP/TOTPMultiFactorGenerator.swift (in target 'FirebaseAuth' from project 'Firebase')
    cd /Users/emanuelflury/github/TaxedGmbH_IOS/TaxedGmbH_IOS.xcodeproj
    

SwiftCompile normal arm64 Compiling\ SignUpNewUserResponse.swift,\ VerifyAssertionRequest.swift,\ VerifyAssertionResponse.swift,\ VerifyCustomTokenRequest.swift,\ VerifyCustomTokenResponse.swift,\ VerifyPasswordRequest.swift,\ VerifyPasswordResponse.swift,\ VerifyPhoneNumberRequest.swift,\ VerifyPhoneNumberResponse.swift,\ VerifyClientRequest.swift,\ VerifyClientResponse.swift /Users/emanuelflury/Library/Developer/Xcode/DerivedData/TaxedGmbH_IOS-gerngfqzuwudosgobknlgtoawnlj/SourcePackages/checkouts/firebase-ios-sdk/FirebaseAuth/Sources/Swift/Backend/RPC/SignUpNewUserResponse.swift /Users/emanuelflury/Library/Developer/Xcode/DerivedData/TaxedGmbH_IOS-gerngfqzuwudosgobknlgtoawnlj/SourcePackages/checkouts/firebase-ios-sdk/FirebaseAuth/Sources/Swift/Backend/RPC/VerifyAssertionRequest.swift /Users/emanuelflury/Library/Developer/Xcode/DerivedData/TaxedGmbH_IOS-gerngfqzuwudosgobknlgtoawnlj/SourcePackages/checkouts/firebase-ios-sdk/FirebaseAuth/Sources/Swift/Backend/RPC/VerifyAssertionResponse.swift /Users/emanuelflury/Library/Developer/Xcode/DerivedData/TaxedGmbH_IOS-gerngfqzuwudosgobknlgtoawnlj/SourcePackages/checkouts/firebase-ios-sdk/FirebaseAuth/Sources/Swift/Backend/RPC/VerifyCustomTokenRequest.swift /Users/emanuelflury/Library/Developer/Xcode/DerivedData/TaxedGmbH_IOS-gerngfqzuwudosgobknlgtoawnlj/SourcePackages/checkouts/firebase-ios-sdk/FirebaseAuth/Sources/Swift/Backend/RPC/VerifyCustomTokenResponse.swift /Users/emanuelflury/Library/Developer/Xcode/DerivedData/TaxedGmbH_IOS-gerngfqzuwudosgobknlgtoawnlj/SourcePackages/checkouts/firebase-ios-sdk/FirebaseAuth/Sources/Swift/Backend/RPC/VerifyPasswordRequest.swift /Users/emanuelflury/Library/Developer/Xcode/DerivedData/TaxedGmbH_IOS-gerngfqzuwudosgobknlgtoawnlj/SourcePackages/checkouts/firebase-ios-sdk/FirebaseAuth/Sources/Swift/Backend/RPC/VerifyPasswordResponse.swift /Users/emanuelflury/Library/Developer/Xcode/DerivedData/TaxedGmbH_IOS-gerngfqzuwudosgobknlgtoawnlj/SourcePackages/checkouts/firebase-ios-sdk/FirebaseAuth/Sources/Swift/Backend/RPC/VerifyPhoneNumberRequest.swift /Users/emanuelflury/Library/Developer/Xcode/DerivedData/TaxedGmbH_IOS-gerngfqzuwudosgobknlgtoawnlj/SourcePackages/checkouts/firebase-ios-sdk/FirebaseAuth/Sources/Swift/Backend/RPC/VerifyPhoneNumberResponse.swift /Users/emanuelflury/Library/Developer/Xcode/DerivedData/TaxedGmbH_IOS-gerngfqzuwudosgobknlgtoawnlj/SourcePackages/checkouts/firebase-ios-sdk/FirebaseAuth/Sources/Swift/Backend/VerifyClientRequest.swift /Users/emanuelflury/Library/Developer/Xcode/DerivedData/TaxedGmbH_IOS-gerngfqzuwudosgobknlgtoawnlj/SourcePackages/checkouts/firebase-ios-sdk/FirebaseAuth/Sources/Swift/Backend/VerifyClientResponse.swift (in target 'FirebaseAuth' from project 'Firebase')

SwiftCompile normal arm64 /Users/emanuelflury/Library/Developer/Xcode/DerivedData/TaxedGmbH_IOS-gerngfqzuwudosgobknlgtoawnlj/SourcePackages/checkouts/firebase-ios-sdk/FirebaseAuth/Sources/Swift/Backend/RPC/SignUpNewUserResponse.swift (in target 'FirebaseAuth' from project 'Firebase')
    cd /Users/emanuelflury/github/TaxedGmbH_IOS/TaxedGmbH_IOS.xcodeproj
    

SwiftCompile normal arm64 /Users/emanuelflury/Library/Developer/Xcode/DerivedData/TaxedGmbH_IOS-gerngfqzuwudosgobknlgtoawnlj/SourcePackages/checkouts/firebase-ios-sdk/FirebaseAuth/Sources/Swift/Backend/RPC/VerifyAssertionRequest.swift (in target 'FirebaseAuth' from project 'Firebase')
    cd /Users/emanuelflury/github/TaxedGmbH_IOS/TaxedGmbH_IOS.xcodeproj
    

SwiftCompile normal arm64 /Users/emanuelflury/Library/Developer/Xcode/DerivedData/TaxedGmbH_IOS-gerngfqzuwudosgobknlgtoawnlj/SourcePackages/checkouts/firebase-ios-sdk/FirebaseAuth/Sources/Swift/Backend/RPC/VerifyAssertionResponse.swift (in target 'FirebaseAuth' from project 'Firebase')
    cd /Users/emanuelflury/github/TaxedGmbH_IOS/TaxedGmbH_IOS.xcodeproj
    

SwiftCompile normal arm64 /Users/emanuelflury/Library/Developer/Xcode/DerivedData/TaxedGmbH_IOS-gerngfqzuwudosgobknlgtoawnlj/SourcePackages/checkouts/firebase-ios-sdk/FirebaseAuth/Sources/Swift/Backend/RPC/VerifyCustomTokenRequest.swift (in target 'FirebaseAuth' from project 'Firebase')
    cd /Users/emanuelflury/github/TaxedGmbH_IOS/TaxedGmbH_IOS.xcodeproj
    

SwiftCompile normal arm64 /Users/emanuelflury/Library/Developer/Xcode/DerivedData/TaxedGmbH_IOS-gerngfqzuwudosgobknlgtoawnlj/SourcePackages/checkouts/firebase-ios-sdk/FirebaseAuth/Sources/Swift/Backend/RPC/VerifyCustomTokenResponse.swift (in target 'FirebaseAuth' from project 'Firebase')
    cd /Users/emanuelflury/github/TaxedGmbH_IOS/TaxedGmbH_IOS.xcodeproj
    

SwiftCompile normal arm64 /Users/emanuelflury/Library/Developer/Xcode/DerivedData/TaxedGmbH_IOS-gerngfqzuwudosgobknlgtoawnlj/SourcePackages/checkouts/firebase-ios-sdk/FirebaseAuth/Sources/Swift/Backend/RPC/VerifyPasswordRequest.swift (in target 'FirebaseAuth' from project 'Firebase')
    cd /Users/emanuelflury/github/TaxedGmbH_IOS/TaxedGmbH_IOS.xcodeproj
    

SwiftCompile normal arm64 /Users/emanuelflury/Library/Developer/Xcode/DerivedData/TaxedGmbH_IOS-gerngfqzuwudosgobknlgtoawnlj/SourcePackages/checkouts/firebase-ios-sdk/FirebaseAuth/Sources/Swift/Backend/RPC/VerifyPasswordResponse.swift (in target 'FirebaseAuth' from project 'Firebase')
    cd /Users/emanuelflury/github/TaxedGmbH_IOS/TaxedGmbH_IOS.xcodeproj
    

SwiftCompile normal arm64 /Users/emanuelflury/Library/Developer/Xcode/DerivedData/TaxedGmbH_IOS-gerngfqzuwudosgobknlgtoawnlj/SourcePackages/checkouts/firebase-ios-sdk/FirebaseAuth/Sources/Swift/Backend/RPC/VerifyPhoneNumberRequest.swift (in target 'FirebaseAuth' from project 'Firebase')
    cd /Users/emanuelflury/github/TaxedGmbH_IOS/TaxedGmbH_IOS.xcodeproj
    

SwiftCompile normal arm64 /Users/emanuelflury/Library/Developer/Xcode/DerivedData/TaxedGmbH_IOS-gerngfqzuwudosgobknlgtoawnlj/SourcePackages/checkouts/firebase-ios-sdk/FirebaseAuth/Sources/Swift/Backend/RPC/VerifyPhoneNumberResponse.swift (in target 'FirebaseAuth' from project 'Firebase')
    cd /Users/emanuelflury/github/TaxedGmbH_IOS/TaxedGmbH_IOS.xcodeproj
    

SwiftCompile normal arm64 /Users/emanuelflury/Library/Developer/Xcode/DerivedData/TaxedGmbH_IOS-gerngfqzuwudosgobknlgtoawnlj/SourcePackages/checkouts/firebase-ios-sdk/FirebaseAuth/Sources/Swift/Backend/VerifyClientRequest.swift (in target 'FirebaseAuth' from project 'Firebase')
    cd /Users/emanuelflury/github/TaxedGmbH_IOS/TaxedGmbH_IOS.xcodeproj
    

SwiftCompile normal arm64 /Users/emanuelflury/Library/Developer/Xcode/DerivedData/TaxedGmbH_IOS-gerngfqzuwudosgobknlgtoawnlj/SourcePackages/checkouts/firebase-ios-sdk/FirebaseAuth/Sources/Swift/Backend/VerifyClientResponse.swift (in target 'FirebaseAuth' from project 'Firebase')
    cd /Users/emanuelflury/github/TaxedGmbH_IOS/TaxedGmbH_IOS.xcodeproj
    

SwiftCompile normal arm64 Compiling\ resource_bundle_accessor.swift,\ ActionCodeInfo.swift,\ ActionCodeOperation.swift,\ ActionCodeSettings.swift,\ ActionCodeURL.swift,\ Auth.swift,\ AuthComponent.swift,\ AuthDataResult.swift,\ AuthDispatcher.swift,\ AuthGlobalWorkQueue.swift,\ AuthOperationType.swift,\ AuthSettings.swift /Users/emanuelflury/Library/Developer/Xcode/DerivedData/TaxedGmbH_IOS-gerngfqzuwudosgobknlgtoawnlj/Build/Intermediates.noindex/Firebase.build/Debug-iphoneos/FirebaseAuth.build/DerivedSources/resource_bundle_accessor.swift /Users/emanuelflury/Library/Developer/Xcode/DerivedData/TaxedGmbH_IOS-gerngfqzuwudosgobknlgtoawnlj/SourcePackages/checkouts/firebase-ios-sdk/FirebaseAuth/Sources/Swift/ActionCode/ActionCodeInfo.swift /Users/emanuelflury/Library/Developer/Xcode/DerivedData/TaxedGmbH_IOS-gerngfqzuwudosgobknlgtoawnlj/SourcePackages/checkouts/firebase-ios-sdk/FirebaseAuth/Sources/Swift/ActionCode/ActionCodeOperation.swift /Users/emanuelflury/Library/Developer/Xcode/DerivedData/TaxedGmbH_IOS-gerngfqzuwudosgobknlgtoawnlj/SourcePackages/checkouts/firebase-ios-sdk/FirebaseAuth/Sources/Swift/ActionCode/ActionCodeSettings.swift /Users/emanuelflury/Library/Developer/Xcode/DerivedData/TaxedGmbH_IOS-gerngfqzuwudosgobknlgtoawnlj/SourcePackages/checkouts/firebase-ios-sdk/FirebaseAuth/Sources/Swift/ActionCode/ActionCodeURL.swift /Users/emanuelflury/Library/Developer/Xcode/DerivedData/TaxedGmbH_IOS-gerngfqzuwudosgobknlgtoawnlj/SourcePackages/checkouts/firebase-ios-sdk/FirebaseAuth/Sources/Swift/Auth/Auth.swift /Users/emanuelflury/Library/Developer/Xcode/DerivedData/TaxedGmbH_IOS-gerngfqzuwudosgobknlgtoawnlj/SourcePackages/checkouts/firebase-ios-sdk/FirebaseAuth/Sources/Swift/Auth/AuthComponent.swift /Users/emanuelflury/Library/Developer/Xcode/DerivedData/TaxedGmbH_IOS-gerngfqzuwudosgobknlgtoawnlj/SourcePackages/checkouts/firebase-ios-sdk/FirebaseAuth/Sources/Swift/Auth/AuthDataResult.swift /Users/emanuelflury/Library/Developer/Xcode/DerivedData/TaxedGmbH_IOS-gerngfqzuwudosgobknlgtoawnlj/SourcePackages/checkouts/firebase-ios-sdk/FirebaseAuth/Sources/Swift/Auth/AuthDispatcher.swift /Users/emanuelflury/Library/Developer/Xcode/DerivedData/TaxedGmbH_IOS-gerngfqzuwudosgobknlgtoawnlj/SourcePackages/checkouts/firebase-ios-sdk/FirebaseAuth/Sources/Swift/Auth/AuthGlobalWorkQueue.swift /Users/emanuelflury/Library/Developer/Xcode/DerivedData/TaxedGmbH_IOS-gerngfqzuwudosgobknlgtoawnlj/SourcePackages/checkouts/firebase-ios-sdk/FirebaseAuth/Sources/Swift/Auth/AuthOperationType.swift /Users/emanuelflury/Library/Developer/Xcode/DerivedData/TaxedGmbH_IOS-gerngfqzuwudosgobknlgtoawnlj/SourcePackages/checkouts/firebase-ios-sdk/FirebaseAuth/Sources/Swift/Auth/AuthSettings.swift (in target 'FirebaseAuth' from project 'Firebase')
SwiftCompile normal arm64 /Users/emanuelflury/Library/Developer/Xcode/DerivedData/TaxedGmbH_IOS-gerngfqzuwudosgobknlgtoawnlj/Build/Intermediates.noindex/Firebase.build/Debug-iphoneos/FirebaseAuth.build/DerivedSources/resource_bundle_accessor.swift (in target 'FirebaseAuth' from project 'Firebase')
    cd /Users/emanuelflury/github/TaxedGmbH_IOS/TaxedGmbH_IOS.xcodeproj
    

SwiftCompile normal arm64 /Users/emanuelflury/Library/Developer/Xcode/DerivedData/TaxedGmbH_IOS-gerngfqzuwudosgobknlgtoawnlj/SourcePackages/checkouts/firebase-ios-sdk/FirebaseAuth/Sources/Swift/ActionCode/ActionCodeInfo.swift (in target 'FirebaseAuth' from project 'Firebase')
    cd /Users/emanuelflury/github/TaxedGmbH_IOS/TaxedGmbH_IOS.xcodeproj
    

SwiftCompile normal arm64 /Users/emanuelflury/Library/Developer/Xcode/DerivedData/TaxedGmbH_IOS-gerngfqzuwudosgobknlgtoawnlj/SourcePackages/checkouts/firebase-ios-sdk/FirebaseAuth/Sources/Swift/ActionCode/ActionCodeOperation.swift (in target 'FirebaseAuth' from project 'Firebase')
    cd /Users/emanuelflury/github/TaxedGmbH_IOS/TaxedGmbH_IOS.xcodeproj
    

SwiftCompile normal arm64 /Users/emanuelflury/Library/Developer/Xcode/DerivedData/TaxedGmbH_IOS-gerngfqzuwudosgobknlgtoawnlj/SourcePackages/checkouts/firebase-ios-sdk/FirebaseAuth/Sources/Swift/ActionCode/ActionCodeSettings.swift (in target 'FirebaseAuth' from project 'Firebase')
    cd /Users/emanuelflury/github/TaxedGmbH_IOS/TaxedGmbH_IOS.xcodeproj
    

SwiftCompile normal arm64 /Users/emanuelflury/Library/Developer/Xcode/DerivedData/TaxedGmbH_IOS-gerngfqzuwudosgobknlgtoawnlj/SourcePackages/checkouts/firebase-ios-sdk/FirebaseAuth/Sources/Swift/ActionCode/ActionCodeURL.swift (in target 'FirebaseAuth' from project 'Firebase')
    cd /Users/emanuelflury/github/TaxedGmbH_IOS/TaxedGmbH_IOS.xcodeproj
    

SwiftCompile normal arm64 /Users/emanuelflury/Library/Developer/Xcode/DerivedData/TaxedGmbH_IOS-gerngfqzuwudosgobknlgtoawnlj/SourcePackages/checkouts/firebase-ios-sdk/FirebaseAuth/Sources/Swift/Auth/Auth.swift (in target 'FirebaseAuth' from project 'Firebase')
    cd /Users/emanuelflury/github/TaxedGmbH_IOS/TaxedGmbH_IOS.xcodeproj
    

SwiftCompile normal arm64 /Users/emanuelflury/Library/Developer/Xcode/DerivedData/TaxedGmbH_IOS-gerngfqzuwudosgobknlgtoawnlj/SourcePackages/checkouts/firebase-ios-sdk/FirebaseAuth/Sources/Swift/Auth/AuthComponent.swift (in target 'FirebaseAuth' from project 'Firebase')
    cd /Users/emanuelflury/github/TaxedGmbH_IOS/TaxedGmbH_IOS.xcodeproj
    

SwiftCompile normal arm64 /Users/emanuelflury/Library/Developer/Xcode/DerivedData/TaxedGmbH_IOS-gerngfqzuwudosgobknlgtoawnlj/SourcePackages/checkouts/firebase-ios-sdk/FirebaseAuth/Sources/Swift/Auth/AuthDataResult.swift (in target 'FirebaseAuth' from project 'Firebase')
    cd /Users/emanuelflury/github/TaxedGmbH_IOS/TaxedGmbH_IOS.xcodeproj
    

SwiftCompile normal arm64 /Users/emanuelflury/Library/Developer/Xcode/DerivedData/TaxedGmbH_IOS-gerngfqzuwudosgobknlgtoawnlj/SourcePackages/checkouts/firebase-ios-sdk/FirebaseAuth/Sources/Swift/Auth/AuthDispatcher.swift (in target 'FirebaseAuth' from project 'Firebase')
    cd /Users/emanuelflury/github/TaxedGmbH_IOS/TaxedGmbH_IOS.xcodeproj
    

SwiftCompile normal arm64 /Users/emanuelflury/Library/Developer/Xcode/DerivedData/TaxedGmbH_IOS-gerngfqzuwudosgobknlgtoawnlj/SourcePackages/checkouts/firebase-ios-sdk/FirebaseAuth/Sources/Swift/Auth/AuthGlobalWorkQueue.swift (in target 'FirebaseAuth' from project 'Firebase')
    cd /Users/emanuelflury/github/TaxedGmbH_IOS/TaxedGmbH_IOS.xcodeproj
    

SwiftCompile normal arm64 /Users/emanuelflury/Library/Developer/Xcode/DerivedData/TaxedGmbH_IOS-gerngfqzuwudosgobknlgtoawnlj/SourcePackages/checkouts/firebase-ios-sdk/FirebaseAuth/Sources/Swift/Auth/AuthOperationType.swift (in target 'FirebaseAuth' from project 'Firebase')
    cd /Users/emanuelflury/github/TaxedGmbH_IOS/TaxedGmbH_IOS.xcodeproj
    

SwiftCompile normal arm64 /Users/emanuelflury/Library/Developer/Xcode/DerivedData/TaxedGmbH_IOS-gerngfqzuwudosgobknlgtoawnlj/SourcePackages/checkouts/firebase-ios-sdk/FirebaseAuth/Sources/Swift/Auth/AuthSettings.swift (in target 'FirebaseAuth' from project 'Firebase')
    cd /Users/emanuelflury/github/TaxedGmbH_IOS/TaxedGmbH_IOS.xcodeproj
    

SwiftCompile normal arm64 Compiling\ DeleteAccountResponse.swift,\ EmailLinkSignInRequest.swift,\ EmailLinkSignInResponse.swift,\ GetAccountInfoRequest.swift,\ GetAccountInfoResponse.swift,\ GetOOBConfirmationCodeRequest.swift,\ GetOOBConfirmationCodeResponse.swift,\ GetProjectConfigRequest.swift,\ GetProjectConfigResponse.swift,\ GetRecaptchaConfigRequest.swift,\ GetRecaptchaConfigResponse.swift,\ FinalizeMFAEnrollmentRequest.swift /Users/emanuelflury/Library/Developer/Xcode/DerivedData/TaxedGmbH_IOS-gerngfqzuwudosgobknlgtoawnlj/SourcePackages/checkouts/firebase-ios-sdk/FirebaseAuth/Sources/Swift/Backend/RPC/DeleteAccountResponse.swift /Users/emanuelflury/Library/Developer/Xcode/DerivedData/TaxedGmbH_IOS-gerngfqzuwudosgobknlgtoawnlj/SourcePackages/checkouts/firebase-ios-sdk/FirebaseAuth/Sources/Swift/Backend/RPC/EmailLinkSignInRequest.swift /Users/emanuelflury/Library/Developer/Xcode/DerivedData/TaxedGmbH_IOS-gerngfqzuwudosgobknlgtoawnlj/SourcePackages/checkouts/firebase-ios-sdk/FirebaseAuth/Sources/Swift/Backend/RPC/EmailLinkSignInResponse.swift /Users/emanuelflury/Library/Developer/Xcode/DerivedData/TaxedGmbH_IOS-gerngfqzuwudosgobknlgtoawnlj/SourcePackages/checkouts/firebase-ios-sdk/FirebaseAuth/Sources/Swift/Backend/RPC/GetAccountInfoRequest.swift /Users/emanuelflury/Library/Developer/Xcode/DerivedData/TaxedGmbH_IOS-gerngfqzuwudosgobknlgtoawnlj/SourcePackages/checkouts/firebase-ios-sdk/FirebaseAuth/Sources/Swift/Backend/RPC/GetAccountInfoResponse.swift /Users/emanuelflury/Library/Developer/Xcode/DerivedData/TaxedGmbH_IOS-gerngfqzuwudosgobknlgtoawnlj/SourcePackages/checkouts/firebase-ios-sdk/FirebaseAuth/Sources/Swift/Backend/RPC/GetOOBConfirmationCodeRequest.swift /Users/emanuelflury/Library/Developer/Xcode/DerivedData/TaxedGmbH_IOS-gerngfqzuwudosgobknlgtoawnlj/SourcePackages/checkouts/firebase-ios-sdk/FirebaseAuth/Sources/Swift/Backend/RPC/GetOOBConfirmationCodeResponse.swift /Users/emanuelflury/Library/Developer/Xcode/DerivedData/TaxedGmbH_IOS-gerngfqzuwudosgobknlgtoawnlj/SourcePackages/checkouts/firebase-ios-sdk/FirebaseAuth/Sources/Swift/Backend/RPC/GetProjectConfigRequest.swift /Users/emanuelflury/Library/Developer/Xcode/DerivedData/TaxedGmbH_IOS-gerngfqzuwudosgobknlgtoawnlj/SourcePackages/checkouts/firebase-ios-sdk/FirebaseAuth/Sources/Swift/Backend/RPC/GetProjectConfigResponse.swift /Users/emanuelflury/Library/Developer/Xcode/DerivedData/TaxedGmbH_IOS-gerngfqzuwudosgobknlgtoawnlj/SourcePackages/checkouts/firebase-ios-sdk/FirebaseAuth/Sources/Swift/Backend/RPC/GetRecaptchaConfigRequest.swift /Users/emanuelflury/Library/Developer/Xcode/DerivedData/TaxedGmbH_IOS-gerngfqzuwudosgobknlgtoawnlj/SourcePackages/checkouts/firebase-ios-sdk/FirebaseAuth/Sources/Swift/Backend/RPC/GetRecaptchaConfigResponse.swift /Users/emanuelflury/Library/Developer/Xcode/DerivedData/TaxedGmbH_IOS-gerngfqzuwudosgobknlgtoawnlj/SourcePackages/checkouts/firebase-ios-sdk/FirebaseAuth/Sources/Swift/Backend/RPC/MultiFactor/Enroll/FinalizeMFAEnrollmentRequest.swift (in target 'FirebaseAuth' from project 'Firebase')

SwiftCompile normal arm64 /Users/emanuelflury/Library/Developer/Xcode/DerivedData/TaxedGmbH_IOS-gerngfqzuwudosgobknlgtoawnlj/SourcePackages/checkouts/firebase-ios-sdk/FirebaseAuth/Sources/Swift/Backend/RPC/DeleteAccountResponse.swift (in target 'FirebaseAuth' from project 'Firebase')
    cd /Users/emanuelflury/github/TaxedGmbH_IOS/TaxedGmbH_IOS.xcodeproj
    

SwiftCompile normal arm64 /Users/emanuelflury/Library/Developer/Xcode/DerivedData/TaxedGmbH_IOS-gerngfqzuwudosgobknlgtoawnlj/SourcePackages/checkouts/firebase-ios-sdk/FirebaseAuth/Sources/Swift/Backend/RPC/EmailLinkSignInRequest.swift (in target 'FirebaseAuth' from project 'Firebase')
    cd /Users/emanuelflury/github/TaxedGmbH_IOS/TaxedGmbH_IOS.xcodeproj
    

SwiftCompile normal arm64 /Users/emanuelflury/Library/Developer/Xcode/DerivedData/TaxedGmbH_IOS-gerngfqzuwudosgobknlgtoawnlj/SourcePackages/checkouts/firebase-ios-sdk/FirebaseAuth/Sources/Swift/Backend/RPC/EmailLinkSignInResponse.swift (in target 'FirebaseAuth' from project 'Firebase')
    cd /Users/emanuelflury/github/TaxedGmbH_IOS/TaxedGmbH_IOS.xcodeproj
    

SwiftCompile normal arm64 /Users/emanuelflury/Library/Developer/Xcode/DerivedData/TaxedGmbH_IOS-gerngfqzuwudosgobknlgtoawnlj/SourcePackages/checkouts/firebase-ios-sdk/FirebaseAuth/Sources/Swift/Backend/RPC/GetAccountInfoRequest.swift (in target 'FirebaseAuth' from project 'Firebase')
    cd /Users/emanuelflury/github/TaxedGmbH_IOS/TaxedGmbH_IOS.xcodeproj
    

SwiftCompile normal arm64 /Users/emanuelflury/Library/Developer/Xcode/DerivedData/TaxedGmbH_IOS-gerngfqzuwudosgobknlgtoawnlj/SourcePackages/checkouts/firebase-ios-sdk/FirebaseAuth/Sources/Swift/Backend/RPC/GetAccountInfoResponse.swift (in target 'FirebaseAuth' from project 'Firebase')
    cd /Users/emanuelflury/github/TaxedGmbH_IOS/TaxedGmbH_IOS.xcodeproj
    

SwiftCompile normal arm64 /Users/emanuelflury/Library/Developer/Xcode/DerivedData/TaxedGmbH_IOS-gerngfqzuwudosgobknlgtoawnlj/SourcePackages/checkouts/firebase-ios-sdk/FirebaseAuth/Sources/Swift/Backend/RPC/GetOOBConfirmationCodeRequest.swift (in target 'FirebaseAuth' from project 'Firebase')
    cd /Users/emanuelflury/github/TaxedGmbH_IOS/TaxedGmbH_IOS.xcodeproj
    

SwiftCompile normal arm64 /Users/emanuelflury/Library/Developer/Xcode/DerivedData/TaxedGmbH_IOS-gerngfqzuwudosgobknlgtoawnlj/SourcePackages/checkouts/firebase-ios-sdk/FirebaseAuth/Sources/Swift/Backend/RPC/GetOOBConfirmationCodeResponse.swift (in target 'FirebaseAuth' from project 'Firebase')
    cd /Users/emanuelflury/github/TaxedGmbH_IOS/TaxedGmbH_IOS.xcodeproj
    

SwiftCompile normal arm64 /Users/emanuelflury/Library/Developer/Xcode/DerivedData/TaxedGmbH_IOS-gerngfqzuwudosgobknlgtoawnlj/SourcePackages/checkouts/firebase-ios-sdk/FirebaseAuth/Sources/Swift/Backend/RPC/GetProjectConfigRequest.swift (in target 'FirebaseAuth' from project 'Firebase')
    cd /Users/emanuelflury/github/TaxedGmbH_IOS/TaxedGmbH_IOS.xcodeproj
    

SwiftCompile normal arm64 /Users/emanuelflury/Library/Developer/Xcode/DerivedData/TaxedGmbH_IOS-gerngfqzuwudosgobknlgtoawnlj/SourcePackages/checkouts/firebase-ios-sdk/FirebaseAuth/Sources/Swift/Backend/RPC/GetProjectConfigResponse.swift (in target 'FirebaseAuth' from project 'Firebase')
    cd /Users/emanuelflury/github/TaxedGmbH_IOS/TaxedGmbH_IOS.xcodeproj
    

SwiftCompile normal arm64 /Users/emanuelflury/Library/Developer/Xcode/DerivedData/TaxedGmbH_IOS-gerngfqzuwudosgobknlgtoawnlj/SourcePackages/checkouts/firebase-ios-sdk/FirebaseAuth/Sources/Swift/Backend/RPC/GetRecaptchaConfigRequest.swift (in target 'FirebaseAuth' from project 'Firebase')
    cd /Users/emanuelflury/github/TaxedGmbH_IOS/TaxedGmbH_IOS.xcodeproj
    

SwiftCompile normal arm64 /Users/emanuelflury/Library/Developer/Xcode/DerivedData/TaxedGmbH_IOS-gerngfqzuwudosgobknlgtoawnlj/SourcePackages/checkouts/firebase-ios-sdk/FirebaseAuth/Sources/Swift/Backend/RPC/GetRecaptchaConfigResponse.swift (in target 'FirebaseAuth' from project 'Firebase')
    cd /Users/emanuelflury/github/TaxedGmbH_IOS/TaxedGmbH_IOS.xcodeproj
    

SwiftCompile normal arm64 /Users/emanuelflury/Library/Developer/Xcode/DerivedData/TaxedGmbH_IOS-gerngfqzuwudosgobknlgtoawnlj/SourcePackages/checkouts/firebase-ios-sdk/FirebaseAuth/Sources/Swift/Backend/RPC/MultiFactor/Enroll/FinalizeMFAEnrollmentRequest.swift (in target 'FirebaseAuth' from project 'Firebase')
    cd /Users/emanuelflury/github/TaxedGmbH_IOS/TaxedGmbH_IOS.xcodeproj
    

PrecompileModule /Users/emanuelflury/Library/Developer/Xcode/DerivedData/TaxedGmbH_IOS-gerngfqzuwudosgobknlgtoawnlj/Build/Intermediates.noindex/ExplicitPrecompiledModules/CoreVideo-4KSS0RQHZL3D4E4Q5C5NM4J69.scan
    cd /
    builtin-precompileModule /Users/emanuelflury/Library/Developer/Xcode/DerivedData/TaxedGmbH_IOS-gerngfqzuwudosgobknlgtoawnlj/Build/Intermediates.noindex/ExplicitPrecompiledModules/CoreVideo-4KSS0RQHZL3D4E4Q5C5NM4J69.scan

SwiftDriverJobDiscovery normal arm64 Compiling DocumentID.swift, DocumentReference+Codable.swift, DocumentReference+ReadDecodable.swift (in target 'FirebaseFirestore' from project 'Firebase')

SwiftCompile normal arm64 Compiling\ AuthProtoFinalizeMFAPhoneRequestInfo.swift,\ AuthProtoFinalizeMFAPhoneResponseInfo.swift,\ AuthProtoStartMFAPhoneRequestInfo.swift,\ AuthProtoStartMFAPhoneResponseInfo.swift,\ AuthProtoFinalizeMFATOTPEnrollmentRequestInfo.swift,\ AuthProtoFinalizeMFATOTPEnrollmentResponseInfo.swift,\ AuthProtoFinalizeMFATOTPSignInRequestInfo.swift,\ AuthProtoStartMFATOTPEnrollmentRequestInfo.swift,\ AuthProtoStartMFATOTPEnrollmentResponseInfo.swift,\ ResetPasswordRequest.swift,\ ResetPasswordResponse.swift /Users/emanuelflury/Library/Developer/Xcode/DerivedData/TaxedGmbH_IOS-gerngfqzuwudosgobknlgtoawnlj/SourcePackages/checkouts/firebase-ios-sdk/FirebaseAuth/Sources/Swift/Backend/RPC/Proto/Phone/AuthProtoFinalizeMFAPhoneRequestInfo.swift /Users/emanuelflury/Library/Developer/Xcode/DerivedData/TaxedGmbH_IOS-gerngfqzuwudosgobknlgtoawnlj/SourcePackages/checkouts/firebase-ios-sdk/FirebaseAuth/Sources/Swift/Backend/RPC/Proto/Phone/AuthProtoFinalizeMFAPhoneResponseInfo.swift /Users/emanuelflury/Library/Developer/Xcode/DerivedData/TaxedGmbH_IOS-gerngfqzuwudosgobknlgtoawnlj/SourcePackages/checkouts/firebase-ios-sdk/FirebaseAuth/Sources/Swift/Backend/RPC/Proto/Phone/AuthProtoStartMFAPhoneRequestInfo.swift /Users/emanuelflury/Library/Developer/Xcode/DerivedData/TaxedGmbH_IOS-gerngfqzuwudosgobknlgtoawnlj/SourcePackages/checkouts/firebase-ios-sdk/FirebaseAuth/Sources/Swift/Backend/RPC/Proto/Phone/AuthProtoStartMFAPhoneResponseInfo.swift /Users/emanuelflury/Library/Developer/Xcode/DerivedData/TaxedGmbH_IOS-gerngfqzuwudosgobknlgtoawnlj/SourcePackages/checkouts/firebase-ios-sdk/FirebaseAuth/Sources/Swift/Backend/RPC/Proto/TOTP/AuthProtoFinalizeMFATOTPEnrollmentRequestInfo.swift /Users/emanuelflury/Library/Developer/Xcode/DerivedData/TaxedGmbH_IOS-gerngfqzuwudosgobknlgtoawnlj/SourcePackages/checkouts/firebase-ios-sdk/FirebaseAuth/Sources/Swift/Backend/RPC/Proto/TOTP/AuthProtoFinalizeMFATOTPEnrollmentResponseInfo.swift /Users/emanuelflury/Library/Developer/Xcode/DerivedData/TaxedGmbH_IOS-gerngfqzuwudosgobknlgtoawnlj/SourcePackages/checkouts/firebase-ios-sdk/FirebaseAuth/Sources/Swift/Backend/RPC/Proto/TOTP/AuthProtoFinalizeMFATOTPSignInRequestInfo.swift /Users/emanuelflury/Library/Developer/Xcode/DerivedData/TaxedGmbH_IOS-gerngfqzuwudosgobknlgtoawnlj/SourcePackages/checkouts/firebase-ios-sdk/FirebaseAuth/Sources/Swift/Backend/RPC/Proto/TOTP/AuthProtoStartMFATOTPEnrollmentRequestInfo.swift /Users/emanuelflury/Library/Developer/Xcode/DerivedData/TaxedGmbH_IOS-gerngfqzuwudosgobknlgtoawnlj/SourcePackages/checkouts/firebase-ios-sdk/FirebaseAuth/Sources/Swift/Backend/RPC/Proto/TOTP/AuthProtoStartMFATOTPEnrollmentResponseInfo.swift /Users/emanuelflury/Library/Developer/Xcode/DerivedData/TaxedGmbH_IOS-gerngfqzuwudosgobknlgtoawnlj/SourcePackages/checkouts/firebase-ios-sdk/FirebaseAuth/Sources/Swift/Backend/RPC/ResetPasswordRequest.swift /Users/emanuelflury/Library/Developer/Xcode/DerivedData/TaxedGmbH_IOS-gerngfqzuwudosgobknlgtoawnlj/SourcePackages/checkouts/firebase-ios-sdk/FirebaseAuth/Sources/Swift/Backend/RPC/ResetPasswordResponse.swift (in target 'FirebaseAuth' from project 'Firebase')

SwiftCompile normal arm64 /Users/emanuelflury/Library/Developer/Xcode/DerivedData/TaxedGmbH_IOS-gerngfqzuwudosgobknlgtoawnlj/SourcePackages/checkouts/firebase-ios-sdk/FirebaseAuth/Sources/Swift/Backend/RPC/Proto/Phone/AuthProtoFinalizeMFAPhoneRequestInfo.swift (in target 'FirebaseAuth' from project 'Firebase')
    cd /Users/emanuelflury/github/TaxedGmbH_IOS/TaxedGmbH_IOS.xcodeproj
    

SwiftCompile normal arm64 /Users/emanuelflury/Library/Developer/Xcode/DerivedData/TaxedGmbH_IOS-gerngfqzuwudosgobknlgtoawnlj/SourcePackages/checkouts/firebase-ios-sdk/FirebaseAuth/Sources/Swift/Backend/RPC/Proto/Phone/AuthProtoFinalizeMFAPhoneResponseInfo.swift (in target 'FirebaseAuth' from project 'Firebase')
    cd /Users/emanuelflury/github/TaxedGmbH_IOS/TaxedGmbH_IOS.xcodeproj
    

SwiftCompile normal arm64 /Users/emanuelflury/Library/Developer/Xcode/DerivedData/TaxedGmbH_IOS-gerngfqzuwudosgobknlgtoawnlj/SourcePackages/checkouts/firebase-ios-sdk/FirebaseAuth/Sources/Swift/Backend/RPC/Proto/Phone/AuthProtoStartMFAPhoneRequestInfo.swift (in target 'FirebaseAuth' from project 'Firebase')
    cd /Users/emanuelflury/github/TaxedGmbH_IOS/TaxedGmbH_IOS.xcodeproj
    

SwiftCompile normal arm64 /Users/emanuelflury/Library/Developer/Xcode/DerivedData/TaxedGmbH_IOS-gerngfqzuwudosgobknlgtoawnlj/SourcePackages/checkouts/firebase-ios-sdk/FirebaseAuth/Sources/Swift/Backend/RPC/Proto/Phone/AuthProtoStartMFAPhoneResponseInfo.swift (in target 'FirebaseAuth' from project 'Firebase')
    cd /Users/emanuelflury/github/TaxedGmbH_IOS/TaxedGmbH_IOS.xcodeproj
    

SwiftCompile normal arm64 /Users/emanuelflury/Library/Developer/Xcode/DerivedData/TaxedGmbH_IOS-gerngfqzuwudosgobknlgtoawnlj/SourcePackages/checkouts/firebase-ios-sdk/FirebaseAuth/Sources/Swift/Backend/RPC/Proto/TOTP/AuthProtoFinalizeMFATOTPEnrollmentRequestInfo.swift (in target 'FirebaseAuth' from project 'Firebase')
    cd /Users/emanuelflury/github/TaxedGmbH_IOS/TaxedGmbH_IOS.xcodeproj
    

SwiftCompile normal arm64 /Users/emanuelflury/Library/Developer/Xcode/DerivedData/TaxedGmbH_IOS-gerngfqzuwudosgobknlgtoawnlj/SourcePackages/checkouts/firebase-ios-sdk/FirebaseAuth/Sources/Swift/Backend/RPC/Proto/TOTP/AuthProtoFinalizeMFATOTPEnrollmentResponseInfo.swift (in target 'FirebaseAuth' from project 'Firebase')
    cd /Users/emanuelflury/github/TaxedGmbH_IOS/TaxedGmbH_IOS.xcodeproj
    

SwiftCompile normal arm64 /Users/emanuelflury/Library/Developer/Xcode/DerivedData/TaxedGmbH_IOS-gerngfqzuwudosgobknlgtoawnlj/SourcePackages/checkouts/firebase-ios-sdk/FirebaseAuth/Sources/Swift/Backend/RPC/Proto/TOTP/AuthProtoFinalizeMFATOTPSignInRequestInfo.swift (in target 'FirebaseAuth' from project 'Firebase')
    cd /Users/emanuelflury/github/TaxedGmbH_IOS/TaxedGmbH_IOS.xcodeproj
    

SwiftCompile normal arm64 /Users/emanuelflury/Library/Developer/Xcode/DerivedData/TaxedGmbH_IOS-gerngfqzuwudosgobknlgtoawnlj/SourcePackages/checkouts/firebase-ios-sdk/FirebaseAuth/Sources/Swift/Backend/RPC/Proto/TOTP/AuthProtoStartMFATOTPEnrollmentRequestInfo.swift (in target 'FirebaseAuth' from project 'Firebase')
    cd /Users/emanuelflury/github/TaxedGmbH_IOS/TaxedGmbH_IOS.xcodeproj
    

SwiftCompile normal arm64 /Users/emanuelflury/Library/Developer/Xcode/DerivedData/TaxedGmbH_IOS-gerngfqzuwudosgobknlgtoawnlj/SourcePackages/checkouts/firebase-ios-sdk/FirebaseAuth/Sources/Swift/Backend/RPC/Proto/TOTP/AuthProtoStartMFATOTPEnrollmentResponseInfo.swift (in target 'FirebaseAuth' from project 'Firebase')
    cd /Users/emanuelflury/github/TaxedGmbH_IOS/TaxedGmbH_IOS.xcodeproj
    

SwiftCompile normal arm64 /Users/emanuelflury/Library/Developer/Xcode/DerivedData/TaxedGmbH_IOS-gerngfqzuwudosgobknlgtoawnlj/SourcePackages/checkouts/firebase-ios-sdk/FirebaseAuth/Sources/Swift/Backend/RPC/ResetPasswordRequest.swift (in target 'FirebaseAuth' from project 'Firebase')
    cd /Users/emanuelflury/github/TaxedGmbH_IOS/TaxedGmbH_IOS.xcodeproj
    

SwiftCompile normal arm64 /Users/emanuelflury/Library/Developer/Xcode/DerivedData/TaxedGmbH_IOS-gerngfqzuwudosgobknlgtoawnlj/SourcePackages/checkouts/firebase-ios-sdk/FirebaseAuth/Sources/Swift/Backend/RPC/ResetPasswordResponse.swift (in target 'FirebaseAuth' from project 'Firebase')
    cd /Users/emanuelflury/github/TaxedGmbH_IOS/TaxedGmbH_IOS.xcodeproj
    

SwiftDriverJobDiscovery normal arm64 Compiling FirestoreQuery.swift, FirestoreQueryObservable.swift (in target 'FirebaseFirestore' from project 'Firebase')

SwiftCompile normal arm64 Compiling\ FinalizeMFAEnrollmentResponse.swift,\ StartMFAEnrollmentRequest.swift,\ StartMFAEnrollmentResponse.swift,\ FinalizeMFASignInRequest.swift,\ FinalizeMFASignInResponse.swift,\ StartMFASignInRequest.swift,\ StartMFASignInResponse.swift,\ WithdrawMFARequest.swift,\ WithdrawMFAResponse.swift,\ AuthProto.swift,\ AuthProtoMFAEnrollment.swift /Users/emanuelflury/Library/Developer/Xcode/DerivedData/TaxedGmbH_IOS-gerngfqzuwudosgobknlgtoawnlj/SourcePackages/checkouts/firebase-ios-sdk/FirebaseAuth/Sources/Swift/Backend/RPC/MultiFactor/Enroll/FinalizeMFAEnrollmentResponse.swift /Users/emanuelflury/Library/Developer/Xcode/DerivedData/TaxedGmbH_IOS-gerngfqzuwudosgobknlgtoawnlj/SourcePackages/checkouts/firebase-ios-sdk/FirebaseAuth/Sources/Swift/Backend/RPC/MultiFactor/Enroll/StartMFAEnrollmentRequest.swift /Users/emanuelflury/Library/Developer/Xcode/DerivedData/TaxedGmbH_IOS-gerngfqzuwudosgobknlgtoawnlj/SourcePackages/checkouts/firebase-ios-sdk/FirebaseAuth/Sources/Swift/Backend/RPC/MultiFactor/Enroll/StartMFAEnrollmentResponse.swift /Users/emanuelflury/Library/Developer/Xcode/DerivedData/TaxedGmbH_IOS-gerngfqzuwudosgobknlgtoawnlj/SourcePackages/checkouts/firebase-ios-sdk/FirebaseAuth/Sources/Swift/Backend/RPC/MultiFactor/SignIn/FinalizeMFASignInRequest.swift /Users/emanuelflury/Library/Developer/Xcode/DerivedData/TaxedGmbH_IOS-gerngfqzuwudosgobknlgtoawnlj/SourcePackages/checkouts/firebase-ios-sdk/FirebaseAuth/Sources/Swift/Backend/RPC/MultiFactor/SignIn/FinalizeMFASignInResponse.swift /Users/emanuelflury/Library/Developer/Xcode/DerivedData/TaxedGmbH_IOS-gerngfqzuwudosgobknlgtoawnlj/SourcePackages/checkouts/firebase-ios-sdk/FirebaseAuth/Sources/Swift/Backend/RPC/MultiFactor/SignIn/StartMFASignInRequest.swift /Users/emanuelflury/Library/Developer/Xcode/DerivedData/TaxedGmbH_IOS-gerngfqzuwudosgobknlgtoawnlj/SourcePackages/checkouts/firebase-ios-sdk/FirebaseAuth/Sources/Swift/Backend/RPC/MultiFactor/SignIn/StartMFASignInResponse.swift /Users/emanuelflury/Library/Developer/Xcode/DerivedData/TaxedGmbH_IOS-gerngfqzuwudosgobknlgtoawnlj/SourcePackages/checkouts/firebase-ios-sdk/FirebaseAuth/Sources/Swift/Backend/RPC/MultiFactor/Unenroll/WithdrawMFARequest.swift /Users/emanuelflury/Library/Developer/Xcode/DerivedData/TaxedGmbH_IOS-gerngfqzuwudosgobknlgtoawnlj/SourcePackages/checkouts/firebase-ios-sdk/FirebaseAuth/Sources/Swift/Backend/RPC/MultiFactor/Unenroll/WithdrawMFAResponse.swift /Users/emanuelflury/Library/Developer/Xcode/DerivedData/TaxedGmbH_IOS-gerngfqzuwudosgobknlgtoawnlj/SourcePackages/checkouts/firebase-ios-sdk/FirebaseAuth/Sources/Swift/Backend/RPC/Proto/AuthProto.swift /Users/emanuelflury/Library/Developer/Xcode/DerivedData/TaxedGmbH_IOS-gerngfqzuwudosgobknlgtoawnlj/SourcePackages/checkouts/firebase-ios-sdk/FirebaseAuth/Sources/Swift/Backend/RPC/Proto/AuthProtoMFAEnrollment.swift (in target 'FirebaseAuth' from project 'Firebase')

SwiftCompile normal arm64 /Users/emanuelflury/Library/Developer/Xcode/DerivedData/TaxedGmbH_IOS-gerngfqzuwudosgobknlgtoawnlj/SourcePackages/checkouts/firebase-ios-sdk/FirebaseAuth/Sources/Swift/Backend/RPC/MultiFactor/Enroll/FinalizeMFAEnrollmentResponse.swift (in target 'FirebaseAuth' from project 'Firebase')
    cd /Users/emanuelflury/github/TaxedGmbH_IOS/TaxedGmbH_IOS.xcodeproj
    

SwiftCompile normal arm64 /Users/emanuelflury/Library/Developer/Xcode/DerivedData/TaxedGmbH_IOS-gerngfqzuwudosgobknlgtoawnlj/SourcePackages/checkouts/firebase-ios-sdk/FirebaseAuth/Sources/Swift/Backend/RPC/MultiFactor/Enroll/StartMFAEnrollmentRequest.swift (in target 'FirebaseAuth' from project 'Firebase')
    cd /Users/emanuelflury/github/TaxedGmbH_IOS/TaxedGmbH_IOS.xcodeproj
    

SwiftCompile normal arm64 /Users/emanuelflury/Library/Developer/Xcode/DerivedData/TaxedGmbH_IOS-gerngfqzuwudosgobknlgtoawnlj/SourcePackages/checkouts/firebase-ios-sdk/FirebaseAuth/Sources/Swift/Backend/RPC/MultiFactor/Enroll/StartMFAEnrollmentResponse.swift (in target 'FirebaseAuth' from project 'Firebase')
    cd /Users/emanuelflury/github/TaxedGmbH_IOS/TaxedGmbH_IOS.xcodeproj
    

SwiftCompile normal arm64 /Users/emanuelflury/Library/Developer/Xcode/DerivedData/TaxedGmbH_IOS-gerngfqzuwudosgobknlgtoawnlj/SourcePackages/checkouts/firebase-ios-sdk/FirebaseAuth/Sources/Swift/Backend/RPC/MultiFactor/SignIn/FinalizeMFASignInRequest.swift (in target 'FirebaseAuth' from project 'Firebase')
    cd /Users/emanuelflury/github/TaxedGmbH_IOS/TaxedGmbH_IOS.xcodeproj
    

SwiftCompile normal arm64 /Users/emanuelflury/Library/Developer/Xcode/DerivedData/TaxedGmbH_IOS-gerngfqzuwudosgobknlgtoawnlj/SourcePackages/checkouts/firebase-ios-sdk/FirebaseAuth/Sources/Swift/Backend/RPC/MultiFactor/SignIn/FinalizeMFASignInResponse.swift (in target 'FirebaseAuth' from project 'Firebase')
    cd /Users/emanuelflury/github/TaxedGmbH_IOS/TaxedGmbH_IOS.xcodeproj
    

SwiftCompile normal arm64 /Users/emanuelflury/Library/Developer/Xcode/DerivedData/TaxedGmbH_IOS-gerngfqzuwudosgobknlgtoawnlj/SourcePackages/checkouts/firebase-ios-sdk/FirebaseAuth/Sources/Swift/Backend/RPC/MultiFactor/SignIn/StartMFASignInRequest.swift (in target 'FirebaseAuth' from project 'Firebase')
    cd /Users/emanuelflury/github/TaxedGmbH_IOS/TaxedGmbH_IOS.xcodeproj
    

SwiftCompile normal arm64 /Users/emanuelflury/Library/Developer/Xcode/DerivedData/TaxedGmbH_IOS-gerngfqzuwudosgobknlgtoawnlj/SourcePackages/checkouts/firebase-ios-sdk/FirebaseAuth/Sources/Swift/Backend/RPC/MultiFactor/SignIn/StartMFASignInResponse.swift (in target 'FirebaseAuth' from project 'Firebase')
    cd /Users/emanuelflury/github/TaxedGmbH_IOS/TaxedGmbH_IOS.xcodeproj
    

SwiftCompile normal arm64 /Users/emanuelflury/Library/Developer/Xcode/DerivedData/TaxedGmbH_IOS-gerngfqzuwudosgobknlgtoawnlj/SourcePackages/checkouts/firebase-ios-sdk/FirebaseAuth/Sources/Swift/Backend/RPC/MultiFactor/Unenroll/WithdrawMFARequest.swift (in target 'FirebaseAuth' from project 'Firebase')
    cd /Users/emanuelflury/github/TaxedGmbH_IOS/TaxedGmbH_IOS.xcodeproj
    

SwiftCompile normal arm64 /Users/emanuelflury/Library/Developer/Xcode/DerivedData/TaxedGmbH_IOS-gerngfqzuwudosgobknlgtoawnlj/SourcePackages/checkouts/firebase-ios-sdk/FirebaseAuth/Sources/Swift/Backend/RPC/MultiFactor/Unenroll/WithdrawMFAResponse.swift (in target 'FirebaseAuth' from project 'Firebase')
    cd /Users/emanuelflury/github/TaxedGmbH_IOS/TaxedGmbH_IOS.xcodeproj
    

SwiftCompile normal arm64 /Users/emanuelflury/Library/Developer/Xcode/DerivedData/TaxedGmbH_IOS-gerngfqzuwudosgobknlgtoawnlj/SourcePackages/checkouts/firebase-ios-sdk/FirebaseAuth/Sources/Swift/Backend/RPC/Proto/AuthProto.swift (in target 'FirebaseAuth' from project 'Firebase')
    cd /Users/emanuelflury/github/TaxedGmbH_IOS/TaxedGmbH_IOS.xcodeproj
    

SwiftCompile normal arm64 /Users/emanuelflury/Library/Developer/Xcode/DerivedData/TaxedGmbH_IOS-gerngfqzuwudosgobknlgtoawnlj/SourcePackages/checkouts/firebase-ios-sdk/FirebaseAuth/Sources/Swift/Backend/RPC/Proto/AuthProtoMFAEnrollment.swift (in target 'FirebaseAuth' from project 'Firebase')
    cd /Users/emanuelflury/github/TaxedGmbH_IOS/TaxedGmbH_IOS.xcodeproj
    

PrecompileModule /Users/emanuelflury/Library/Developer/Xcode/DerivedData/TaxedGmbH_IOS-gerngfqzuwudosgobknlgtoawnlj/Build/Intermediates.noindex/ExplicitPrecompiledModules/QuartzCore-AE4MMWAEW7T7AUI8EC92QC5XY.scan
    cd /
    builtin-precompileModule /Users/emanuelflury/Library/Developer/Xcode/DerivedData/TaxedGmbH_IOS-gerngfqzuwudosgobknlgtoawnlj/Build/Intermediates.noindex/ExplicitPrecompiledModules/QuartzCore-AE4MMWAEW7T7AUI8EC92QC5XY.scan

SwiftDriverJobDiscovery normal arm64 Compiling DocumentReference+WriteEncodable.swift, DocumentSnapshot+ReadDecodable.swift, EncoderDecoder.swift (in target 'FirebaseFirestore' from project 'Firebase')

PrecompileModule /Users/emanuelflury/Library/Developer/Xcode/DerivedData/TaxedGmbH_IOS-gerngfqzuwudosgobknlgtoawnlj/Build/Intermediates.noindex/ExplicitPrecompiledModules/CoreImage-EEJHNQOXQ4M2LKAAPW1CRR67C.scan
    cd /
    builtin-precompileModule /Users/emanuelflury/Library/Developer/Xcode/DerivedData/TaxedGmbH_IOS-gerngfqzuwudosgobknlgtoawnlj/Build/Intermediates.noindex/ExplicitPrecompiledModules/CoreImage-EEJHNQOXQ4M2LKAAPW1CRR67C.scan

SwiftDriverJobDiscovery normal arm64 Compiling GeoPoint+Codable.swift, ServerTimestamp.swift (in target 'FirebaseFirestore' from project 'Firebase')

SwiftCompile normal arm64 Compiling\ RevokeTokenRequest.swift,\ RevokeTokenResponse.swift,\ SecureTokenRequest.swift,\ SecureTokenResponse.swift,\ SendVerificationTokenRequest.swift,\ SendVerificationTokenResponse.swift,\ SetAccountInfoRequest.swift,\ SetAccountInfoResponse.swift,\ SignInWithGameCenterRequest.swift,\ SignInWithGameCenterResponse.swift,\ SignUpNewUserRequest.swift /Users/emanuelflury/Library/Developer/Xcode/DerivedData/TaxedGmbH_IOS-gerngfqzuwudosgobknlgtoawnlj/SourcePackages/checkouts/firebase-ios-sdk/FirebaseAuth/Sources/Swift/Backend/RPC/RevokeTokenRequest.swift /Users/emanuelflury/Library/Developer/Xcode/DerivedData/TaxedGmbH_IOS-gerngfqzuwudosgobknlgtoawnlj/SourcePackages/checkouts/firebase-ios-sdk/FirebaseAuth/Sources/Swift/Backend/RPC/RevokeTokenResponse.swift /Users/emanuelflury/Library/Developer/Xcode/DerivedData/TaxedGmbH_IOS-gerngfqzuwudosgobknlgtoawnlj/SourcePackages/checkouts/firebase-ios-sdk/FirebaseAuth/Sources/Swift/Backend/RPC/SecureTokenRequest.swift /Users/emanuelflury/Library/Developer/Xcode/DerivedData/TaxedGmbH_IOS-gerngfqzuwudosgobknlgtoawnlj/SourcePackages/checkouts/firebase-ios-sdk/FirebaseAuth/Sources/Swift/Backend/RPC/SecureTokenResponse.swift /Users/emanuelflury/Library/Developer/Xcode/DerivedData/TaxedGmbH_IOS-gerngfqzuwudosgobknlgtoawnlj/SourcePackages/checkouts/firebase-ios-sdk/FirebaseAuth/Sources/Swift/Backend/RPC/SendVerificationTokenRequest.swift /Users/emanuelflury/Library/Developer/Xcode/DerivedData/TaxedGmbH_IOS-gerngfqzuwudosgobknlgtoawnlj/SourcePackages/checkouts/firebase-ios-sdk/FirebaseAuth/Sources/Swift/Backend/RPC/SendVerificationTokenResponse.swift /Users/emanuelflury/Library/Developer/Xcode/DerivedData/TaxedGmbH_IOS-gerngfqzuwudosgobknlgtoawnlj/SourcePackages/checkouts/firebase-ios-sdk/FirebaseAuth/Sources/Swift/Backend/RPC/SetAccountInfoRequest.swift /Users/emanuelflury/Library/Developer/Xcode/DerivedData/TaxedGmbH_IOS-gerngfqzuwudosgobknlgtoawnlj/SourcePackages/checkouts/firebase-ios-sdk/FirebaseAuth/Sources/Swift/Backend/RPC/SetAccountInfoResponse.swift /Users/emanuelflury/Library/Developer/Xcode/DerivedData/TaxedGmbH_IOS-gerngfqzuwudosgobknlgtoawnlj/SourcePackages/checkouts/firebase-ios-sdk/FirebaseAuth/Sources/Swift/Backend/RPC/SignInWithGameCenterRequest.swift /Users/emanuelflury/Library/Developer/Xcode/DerivedData/TaxedGmbH_IOS-gerngfqzuwudosgobknlgtoawnlj/SourcePackages/checkouts/firebase-ios-sdk/FirebaseAuth/Sources/Swift/Backend/RPC/SignInWithGameCenterResponse.swift /Users/emanuelflury/Library/Developer/Xcode/DerivedData/TaxedGmbH_IOS-gerngfqzuwudosgobknlgtoawnlj/SourcePackages/checkouts/firebase-ios-sdk/FirebaseAuth/Sources/Swift/Backend/RPC/SignUpNewUserRequest.swift (in target 'FirebaseAuth' from project 'Firebase')

SwiftCompile normal arm64 /Users/emanuelflury/Library/Developer/Xcode/DerivedData/TaxedGmbH_IOS-gerngfqzuwudosgobknlgtoawnlj/SourcePackages/checkouts/firebase-ios-sdk/FirebaseAuth/Sources/Swift/Backend/RPC/RevokeTokenRequest.swift (in target 'FirebaseAuth' from project 'Firebase')
    cd /Users/emanuelflury/github/TaxedGmbH_IOS/TaxedGmbH_IOS.xcodeproj
    

SwiftCompile normal arm64 /Users/emanuelflury/Library/Developer/Xcode/DerivedData/TaxedGmbH_IOS-gerngfqzuwudosgobknlgtoawnlj/SourcePackages/checkouts/firebase-ios-sdk/FirebaseAuth/Sources/Swift/Backend/RPC/RevokeTokenResponse.swift (in target 'FirebaseAuth' from project 'Firebase')
    cd /Users/emanuelflury/github/TaxedGmbH_IOS/TaxedGmbH_IOS.xcodeproj
    

SwiftCompile normal arm64 /Users/emanuelflury/Library/Developer/Xcode/DerivedData/TaxedGmbH_IOS-gerngfqzuwudosgobknlgtoawnlj/SourcePackages/checkouts/firebase-ios-sdk/FirebaseAuth/Sources/Swift/Backend/RPC/SecureTokenRequest.swift (in target 'FirebaseAuth' from project 'Firebase')
    cd /Users/emanuelflury/github/TaxedGmbH_IOS/TaxedGmbH_IOS.xcodeproj
    

SwiftCompile normal arm64 /Users/emanuelflury/Library/Developer/Xcode/DerivedData/TaxedGmbH_IOS-gerngfqzuwudosgobknlgtoawnlj/SourcePackages/checkouts/firebase-ios-sdk/FirebaseAuth/Sources/Swift/Backend/RPC/SecureTokenResponse.swift (in target 'FirebaseAuth' from project 'Firebase')
    cd /Users/emanuelflury/github/TaxedGmbH_IOS/TaxedGmbH_IOS.xcodeproj
    

SwiftCompile normal arm64 /Users/emanuelflury/Library/Developer/Xcode/DerivedData/TaxedGmbH_IOS-gerngfqzuwudosgobknlgtoawnlj/SourcePackages/checkouts/firebase-ios-sdk/FirebaseAuth/Sources/Swift/Backend/RPC/SendVerificationTokenRequest.swift (in target 'FirebaseAuth' from project 'Firebase')
    cd /Users/emanuelflury/github/TaxedGmbH_IOS/TaxedGmbH_IOS.xcodeproj
    

SwiftCompile normal arm64 /Users/emanuelflury/Library/Developer/Xcode/DerivedData/TaxedGmbH_IOS-gerngfqzuwudosgobknlgtoawnlj/SourcePackages/checkouts/firebase-ios-sdk/FirebaseAuth/Sources/Swift/Backend/RPC/SendVerificationTokenResponse.swift (in target 'FirebaseAuth' from project 'Firebase')
    cd /Users/emanuelflury/github/TaxedGmbH_IOS/TaxedGmbH_IOS.xcodeproj
    

SwiftCompile normal arm64 /Users/emanuelflury/Library/Developer/Xcode/DerivedData/TaxedGmbH_IOS-gerngfqzuwudosgobknlgtoawnlj/SourcePackages/checkouts/firebase-ios-sdk/FirebaseAuth/Sources/Swift/Backend/RPC/SetAccountInfoRequest.swift (in target 'FirebaseAuth' from project 'Firebase')
    cd /Users/emanuelflury/github/TaxedGmbH_IOS/TaxedGmbH_IOS.xcodeproj
    

SwiftCompile normal arm64 /Users/emanuelflury/Library/Developer/Xcode/DerivedData/TaxedGmbH_IOS-gerngfqzuwudosgobknlgtoawnlj/SourcePackages/checkouts/firebase-ios-sdk/FirebaseAuth/Sources/Swift/Backend/RPC/SetAccountInfoResponse.swift (in target 'FirebaseAuth' from project 'Firebase')
    cd /Users/emanuelflury/github/TaxedGmbH_IOS/TaxedGmbH_IOS.xcodeproj
    

SwiftCompile normal arm64 /Users/emanuelflury/Library/Developer/Xcode/DerivedData/TaxedGmbH_IOS-gerngfqzuwudosgobknlgtoawnlj/SourcePackages/checkouts/firebase-ios-sdk/FirebaseAuth/Sources/Swift/Backend/RPC/SignInWithGameCenterRequest.swift (in target 'FirebaseAuth' from project 'Firebase')
    cd /Users/emanuelflury/github/TaxedGmbH_IOS/TaxedGmbH_IOS.xcodeproj
    

SwiftCompile normal arm64 /Users/emanuelflury/Library/Developer/Xcode/DerivedData/TaxedGmbH_IOS-gerngfqzuwudosgobknlgtoawnlj/SourcePackages/checkouts/firebase-ios-sdk/FirebaseAuth/Sources/Swift/Backend/RPC/SignInWithGameCenterResponse.swift (in target 'FirebaseAuth' from project 'Firebase')
    cd /Users/emanuelflury/github/TaxedGmbH_IOS/TaxedGmbH_IOS.xcodeproj
    

SwiftCompile normal arm64 /Users/emanuelflury/Library/Developer/Xcode/DerivedData/TaxedGmbH_IOS-gerngfqzuwudosgobknlgtoawnlj/SourcePackages/checkouts/firebase-ios-sdk/FirebaseAuth/Sources/Swift/Backend/RPC/SignUpNewUserRequest.swift (in target 'FirebaseAuth' from project 'Firebase')
    cd /Users/emanuelflury/github/TaxedGmbH_IOS/TaxedGmbH_IOS.xcodeproj
    

SwiftDriverJobDiscovery normal arm64 Compiling resource_bundle_accessor.swift, CollectionReference+AsyncAwait.swift, Firestore+AsyncAwait.swift (in target 'FirebaseFirestore' from project 'Firebase')

SwiftDriver\ Compilation FirebaseFirestore normal arm64 com.apple.xcode.tools.swift.compiler (in target 'FirebaseFirestore' from project 'Firebase')
    cd /Users/emanuelflury/github/TaxedGmbH_IOS/TaxedGmbH_IOS.xcodeproj
    builtin-Swift-Compilation -- /Applications/Xcode.app/Contents/Developer/Toolchains/XcodeDefault.xctoolchain/usr/bin/swiftc -module-name FirebaseFirestore -Onone -enforce-exclusivity\=checked @/Users/emanuelflury/Library/Developer/Xcode/DerivedData/TaxedGmbH_IOS-gerngfqzuwudosgobknlgtoawnlj/Build/Intermediates.noindex/Firebase.build/Debug-iphoneos/FirebaseFirestore.build/Objects-normal/arm64/FirebaseFirestore.SwiftFileList -DSWIFT_PACKAGE -DDEBUG -DSWIFT_MODULE_RESOURCE_BUNDLE_AVAILABLE -Xcc -fmodule-map-file\=/Users/emanuelflury/Library/Developer/Xcode/DerivedData/TaxedGmbH_IOS-gerngfqzuwudosgobknlgtoawnlj/Build/Intermediates.noindex/GeneratedModuleMaps-iphoneos/GoogleUtilities-NSData.modulemap -Xcc -fmodule-map-file\=/Users/emanuelflury/Library/Developer/Xcode/DerivedData/TaxedGmbH_IOS-gerngfqzuwudosgobknlgtoawnlj/Build/Intermediates.noindex/GeneratedModuleMaps-iphoneos/GoogleUtilities-Environment.modulemap -Xcc -fmodule-map-file\=/Users/emanuelflury/Library/Developer/Xcode/DerivedData/TaxedGmbH_IOS-gerngfqzuwudosgobknlgtoawnlj/Build/Intermediates.noindex/GeneratedModuleMaps-iphoneos/third-party-IsAppEncrypted.modulemap -Xcc -fmodule-map-file\=/Users/emanuelflury/Library/Developer/Xcode/DerivedData/TaxedGmbH_IOS-gerngfqzuwudosgobknlgtoawnlj/Build/Intermediates.noindex/GeneratedModuleMaps-iphoneos/GoogleUtilities-Logger.modulemap -Xcc -fmodule-map-file\=/Users/emanuelflury/Library/Developer/Xcode/DerivedData/TaxedGmbH_IOS-gerngfqzuwudosgobknlgtoawnlj/Build/Intermediates.noindex/GeneratedModuleMaps-iphoneos/abslWrapper.modulemap -Xcc -fmodule-map-file\=/Users/emanuelflury/Library/Developer/Xcode/DerivedData/TaxedGmbH_IOS-gerngfqzuwudosgobknlgtoawnlj/Build/Intermediates.noindex/GeneratedModuleMaps-iphoneos/opensslWrapper.modulemap -Xcc -fmodule-map-file\=/Users/emanuelflury/Library/Developer/Xcode/DerivedData/TaxedGmbH_IOS-gerngfqzuwudosgobknlgtoawnlj/Build/Intermediates.noindex/GeneratedModuleMaps-iphoneos/grpcWrapper.modulemap -Xcc -fmodule-map-file\=/Users/emanuelflury/Library/Developer/Xcode/DerivedData/TaxedGmbH_IOS-gerngfqzuwudosgobknlgtoawnlj/Build/Intermediates.noindex/GeneratedModuleMaps-iphoneos/grpcppWrapper.modulemap -Xcc -fmodule-map-file\=/Users/emanuelflury/Library/Developer/Xcode/DerivedData/TaxedGmbH_IOS-gerngfqzuwudosgobknlgtoawnlj/Build/Intermediates.noindex/GeneratedModuleMaps-iphoneos/nanopb.modulemap -Xcc -fmodule-map-file\=/Users/emanuelflury/Library/Developer/Xcode/DerivedData/TaxedGmbH_IOS-gerngfqzuwudosgobknlgtoawnlj/Build/Intermediates.noindex/GeneratedModuleMaps-iphoneos/leveldb.modulemap -Xcc -fmodule-map-file\=/Users/emanuelflury/Library/Developer/Xcode/DerivedData/TaxedGmbH_IOS-gerngfqzuwudosgobknlgtoawnlj/Build/Intermediates.noindex/GeneratedModuleMaps-iphoneos/FirebaseCoreExtension.modulemap -Xcc -fmodule-map-file\=/Users/emanuelflury/Library/Developer/Xcode/DerivedData/TaxedGmbH_IOS-gerngfqzuwudosgobknlgtoawnlj/Build/Intermediates.noindex/GeneratedModuleMaps-iphoneos/FirebaseCore.modulemap -Xcc -fmodule-map-file\=/Users/emanuelflury/Library/Developer/Xcode/DerivedData/TaxedGmbH_IOS-gerngfqzuwudosgobknlgtoawnlj/Build/Intermediates.noindex/GeneratedModuleMaps-iphoneos/FirebaseAppCheckInterop.modulemap -Xcc -fmodule-map-file\=/Users/emanuelflury/Library/Developer/Xcode/DerivedData/TaxedGmbH_IOS-gerngfqzuwudosgobknlgtoawnlj/Build/Intermediates.noindex/GeneratedModuleMaps-iphoneos/FirebaseFirestoreInternalWrapper.modulemap -DXcode -plugin-path /Applications/Xcode.app/Contents/Developer/Toolchains/XcodeDefault.xctoolchain/usr/lib/swift/host/plugins/testing -enable-experimental-feature DebugDescriptionMacro -sdk /Applications/Xcode.app/Contents/Developer/Platforms/iPhoneOS.platform/Developer/SDKs/iPhoneOS26.1.sdk -target arm64-apple-ios15.0 -g -module-cache-path /Users/emanuelflury/Library/Developer/Xcode/DerivedData/ModuleCache.noindex -Xfrontend -serialize-debugging-options -profile-coverage-mapping -profile-generate -enable-testing -suppress-warnings -index-store-path /Users/emanuelflury/Library/Developer/Xcode/DerivedData/TaxedGmbH_IOS-gerngfqzuwudosgobknlgtoawnlj/Index.noindex/DataStore -Xcc -D_LIBCPP_HARDENING_MODE\=_LIBCPP_HARDENING_MODE_DEBUG -swift-version 5 -I /Users/emanuelflury/Library/Developer/Xcode/DerivedData/TaxedGmbH_IOS-gerngfqzuwudosgobknlgtoawnlj/Build/Products/Debug-iphoneos -Isystem /Applications/Xcode.app/Contents/Developer/Platforms/iPhoneOS.platform/Developer/usr/lib -F /Users/emanuelflury/Library/Developer/Xcode/DerivedData/TaxedGmbH_IOS-gerngfqzuwudosgobknlgtoawnlj/Build/Products/Debug-iphoneos/PackageFrameworks -F /Users/emanuelflury/Library/Developer/Xcode/DerivedData/TaxedGmbH_IOS-gerngfqzuwudosgobknlgtoawnlj/Build/Products/Debug-iphoneos/PackageFrameworks -F /Users/emanuelflury/Library/Developer/Xcode/DerivedData/TaxedGmbH_IOS-gerngfqzuwudosgobknlgtoawnlj/Build/Products/Debug-iphoneos/PackageFrameworks -F /Users/emanuelflury/Library/Developer/Xcode/DerivedData/TaxedGmbH_IOS-gerngfqzuwudosgobknlgtoawnlj/Build/Products/Debug-iphoneos/PackageFrameworks -F /Users/emanuelflury/Library/Developer/Xcode/DerivedData/TaxedGmbH_IOS-gerngfqzuwudosgobknlgtoawnlj/Build/Products/Debug-iphoneos/PackageFrameworks -F /Users/emanuelflury/Library/Developer/Xcode/DerivedData/TaxedGmbH_IOS-gerngfqzuwudosgobknlgtoawnlj/Build/Products/Debug-iphoneos/PackageFrameworks -F /Users/emanuelflury/Library/Developer/Xcode/DerivedData/TaxedGmbH_IOS-gerngfqzuwudosgobknlgtoawnlj/Build/Products/Debug-iphoneos/PackageFrameworks -F /Users/emanuelflury/Library/Developer/Xcode/DerivedData/TaxedGmbH_IOS-gerngfqzuwudosgobknlgtoawnlj/Build/Products/Debug-iphoneos/PackageFrameworks -F /Users/emanuelflury/Library/Developer/Xcode/DerivedData/TaxedGmbH_IOS-gerngfqzuwudosgobknlgtoawnlj/Build/Products/Debug-iphoneos/PackageFrameworks -F /Users/emanuelflury/Library/Developer/Xcode/DerivedData/TaxedGmbH_IOS-gerngfqzuwudosgobknlgtoawnlj/Build/Products/Debug-iphoneos/PackageFrameworks -F /Users/emanuelflury/Library/Developer/Xcode/DerivedData/TaxedGmbH_IOS-gerngfqzuwudosgobknlgtoawnlj/Build/Products/Debug-iphoneos/PackageFrameworks -F /Users/emanuelflury/Library/Developer/Xcode/DerivedData/TaxedGmbH_IOS-gerngfqzuwudosgobknlgtoawnlj/Build/Products/Debug-iphoneos/PackageFrameworks -F /Users/emanuelflury/Library/Developer/Xcode/DerivedData/TaxedGmbH_IOS-gerngfqzuwudosgobknlgtoawnlj/Build/Products/Debug-iphoneos/PackageFrameworks -F /Users/emanuelflury/Library/Developer/Xcode/DerivedData/TaxedGmbH_IOS-gerngfqzuwudosgobknlgtoawnlj/Build/Products/Debug-iphoneos/PackageFrameworks -F /Users/emanuelflury/Library/Developer/Xcode/DerivedData/TaxedGmbH_IOS-gerngfqzuwudosgobknlgtoawnlj/Build/Products/Debug-iphoneos/PackageFrameworks -F /Users/emanuelflury/Library/Developer/Xcode/DerivedData/TaxedGmbH_IOS-gerngfqzuwudosgobknlgtoawnlj/Build/Products/Debug-iphoneos/PackageFrameworks -F /Users/emanuelflury/Library/Developer/Xcode/DerivedData/TaxedGmbH_IOS-gerngfqzuwudosgobknlgtoawnlj/Build/Products/Debug-iphoneos/PackageFrameworks -F /Users/emanuelflury/Library/Developer/Xcode/DerivedData/TaxedGmbH_IOS-gerngfqzuwudosgobknlgtoawnlj/Build/Products/Debug-iphoneos -F /Applications/Xcode.app/Contents/Developer/Platforms/iPhoneOS.platform/Developer/Library/Frameworks -F /Applications/Xcode.app/Contents/Developer/Platforms/iPhoneOS.platform/Developer/SDKs/iPhoneOS26.1.sdk/Developer/Library/Frameworks -c -j12 -enable-batch-mode -incremental -Xcc -ivfsstatcache -Xcc /Users/emanuelflury/Library/Developer/Xcode/DerivedData/SDKStatCaches.noindex/iphoneos26.1-23B77-69b33fc7382b27d9b5d46e82a00f8e78.sdkstatcache -output-file-map /Users/emanuelflury/Library/Developer/Xcode/DerivedData/TaxedGmbH_IOS-gerngfqzuwudosgobknlgtoawnlj/Build/Intermediates.noindex/Firebase.build/Debug-iphoneos/FirebaseFirestore.build/Objects-normal/arm64/FirebaseFirestore-OutputFileMap.json -use-frontend-parseable-output -save-temps -no-color-diagnostics -explicit-module-build -module-cache-path /Users/emanuelflury/Library/Developer/Xcode/DerivedData/TaxedGmbH_IOS-gerngfqzuwudosgobknlgtoawnlj/Build/Intermediates.noindex/SwiftExplicitPrecompiledModules -clang-scanner-module-cache-path /Users/emanuelflury/Library/Developer/Xcode/DerivedData/ModuleCache.noindex -sdk-module-cache-path /Users/emanuelflury/Library/Developer/Xcode/DerivedData/ModuleCache.noindex -serialize-diagnostics -emit-dependencies -emit-module -emit-module-path /Users/emanuelflury/Library/Developer/Xcode/DerivedData/TaxedGmbH_IOS-gerngfqzuwudosgobknlgtoawnlj/Build/Intermediates.noindex/Firebase.build/Debug-iphoneos/FirebaseFirestore.build/Objects-normal/arm64/FirebaseFirestore.swiftmodule -user-module-version 12.6.0 -validate-clang-modules-once -clang-build-session-file /Users/emanuelflury/Library/Developer/Xcode/DerivedData/ModuleCache.noindex/Session.modulevalidation -package-name firebase_ios_sdk -Xcc -I/Users/emanuelflury/Library/Developer/Xcode/DerivedData/TaxedGmbH_IOS-gerngfqzuwudosgobknlgtoawnlj/Build/Intermediates.noindex/Firebase.build/Debug-iphoneos/FirebaseFirestore.build/swift-overrides.hmap -emit-const-values -Xfrontend -const-gather-protocols-file -Xfrontend /Users/emanuelflury/Library/Developer/Xcode/DerivedData/TaxedGmbH_IOS-gerngfqzuwudosgobknlgtoawnlj/Build/Intermediates.noindex/Firebase.build/Debug-iphoneos/FirebaseFirestore.build/Objects-normal/arm64/FirebaseFirestore_const_extract_protocols.json -Xcc -I/Users/emanuelflury/Library/Developer/Xcode/DerivedData/TaxedGmbH_IOS-gerngfqzuwudosgobknlgtoawnlj/SourcePackages/checkouts/GoogleUtilities/GoogleUtilities/NSData+zlib/Public -Xcc -I/Users/emanuelflury/Library/Developer/Xcode/DerivedData/TaxedGmbH_IOS-gerngfqzuwudosgobknlgtoawnlj/SourcePackages/checkouts/GoogleUtilities/GoogleUtilities/Environment/Public -Xcc -I/Users/emanuelflury/Library/Developer/Xcode/DerivedData/TaxedGmbH_IOS-gerngfqzuwudosgobknlgtoawnlj/SourcePackages/checkouts/GoogleUtilities/third_party/IsAppEncrypted/Public -Xcc -I/Users/emanuelflury/Library/Developer/Xcode/DerivedData/TaxedGmbH_IOS-gerngfqzuwudosgobknlgtoawnlj/SourcePackages/checkouts/GoogleUtilities/GoogleUtilities/Logger/Public -Xcc -I/Users/emanuelflury/Library/Developer/Xcode/DerivedData/TaxedGmbH_IOS-gerngfqzuwudosgobknlgtoawnlj/SourcePackages/checkouts/abseil-cpp-binary/absl-Wrapper/include -Xcc -I/Users/emanuelflury/Library/Developer/Xcode/DerivedData/TaxedGmbH_IOS-gerngfqzuwudosgobknlgtoawnlj/SourcePackages/checkouts/grpc-binary/openssl-grpc-Wrapper/include -Xcc -I/Users/emanuelflury/Library/Developer/Xcode/DerivedData/TaxedGmbH_IOS-gerngfqzuwudosgobknlgtoawnlj/SourcePackages/checkouts/grpc-binary/grpc-Wrapper/include -Xcc -I/Users/emanuelflury/Library/Developer/Xcode/DerivedData/TaxedGmbH_IOS-gerngfqzuwudosgobknlgtoawnlj/SourcePackages/checkouts/grpc-binary/grpcpp-Wrapper/include -Xcc -I/Users/emanuelflury/Library/Developer/Xcode/DerivedData/TaxedGmbH_IOS-gerngfqzuwudosgobknlgtoawnlj/SourcePackages/checkouts/nanopb/spm_headers -Xcc -I/Users/emanuelflury/Library/Developer/Xcode/DerivedData/TaxedGmbH_IOS-gerngfqzuwudosgobknlgtoawnlj/SourcePackages/checkouts/leveldb/include -Xcc -I/Users/emanuelflury/Library/Developer/Xcode/DerivedData/TaxedGmbH_IOS-gerngfqzuwudosgobknlgtoawnlj/SourcePackages/checkouts/firebase-ios-sdk/FirebaseCore/Extension -Xcc -I/Users/emanuelflury/Library/Developer/Xcode/DerivedData/TaxedGmbH_IOS-gerngfqzuwudosgobknlgtoawnlj/SourcePackages/checkouts/firebase-ios-sdk/FirebaseCore/Sources/Public -Xcc -I/Users/emanuelflury/Library/Developer/Xcode/DerivedData/TaxedGmbH_IOS-gerngfqzuwudosgobknlgtoawnlj/SourcePackages/checkouts/firebase-ios-sdk/CoreOnly/Sources -Xcc -I/Users/emanuelflury/Library/Developer/Xcode/DerivedData/TaxedGmbH_IOS-gerngfqzuwudosgobknlgtoawnlj/SourcePackages/checkouts/firebase-ios-sdk/FirebaseAppCheck/Interop/Public -Xcc -I/Users/emanuelflury/Library/Developer/Xcode/DerivedData/TaxedGmbH_IOS-gerngfqzuwudosgobknlgtoawnlj/SourcePackages/checkouts/firebase-ios-sdk/FirebaseFirestoreInternal -Xcc -I/Users/emanuelflury/Library/Developer/Xcode/DerivedData/TaxedGmbH_IOS-gerngfqzuwudosgobknlgtoawnlj/Build/Products/Debug-iphoneos/include -Xcc -I/Users/emanuelflury/Library/Developer/Xcode/DerivedData/TaxedGmbH_IOS-gerngfqzuwudosgobknlgtoawnlj/Build/Intermediates.noindex/Firebase.build/Debug-iphoneos/FirebaseFirestore.build/DerivedSources-normal/arm64 -Xcc -I/Users/emanuelflury/Library/Developer/Xcode/DerivedData/TaxedGmbH_IOS-gerngfqzuwudosgobknlgtoawnlj/Build/Intermediates.noindex/Firebase.build/Debug-iphoneos/FirebaseFirestore.build/DerivedSources/arm64 -Xcc -I/Users/emanuelflury/Library/Developer/Xcode/DerivedData/TaxedGmbH_IOS-gerngfqzuwudosgobknlgtoawnlj/Build/Intermediates.noindex/Firebase.build/Debug-iphoneos/FirebaseFirestore.build/DerivedSources -Xcc -DSWIFT_PACKAGE -Xcc -DDEBUG\=1 -emit-objc-header -emit-objc-header-path /Users/emanuelflury/Library/Developer/Xcode/DerivedData/TaxedGmbH_IOS-gerngfqzuwudosgobknlgtoawnlj/Build/Intermediates.noindex/Firebase.build/Debug-iphoneos/FirebaseFirestore.build/Objects-normal/arm64/FirebaseFirestore-Swift.h -working-directory /Users/emanuelflury/github/TaxedGmbH_IOS/TaxedGmbH_IOS.xcodeproj -experimental-emit-module-separately -disable-cmo

SwiftCompile normal arm64 Compiling\ AuthNotificationManager.swift,\ AuthStoredUserManager.swift,\ SecureTokenService.swift,\ AdditionalUserInfo.swift,\ User.swift,\ UserInfo.swift,\ UserInfoImpl.swift,\ UserMetadata.swift,\ UserProfileChangeRequest.swift,\ UserProfileUpdate.swift,\ AuthCondition.swift /Users/emanuelflury/Library/Developer/Xcode/DerivedData/TaxedGmbH_IOS-gerngfqzuwudosgobknlgtoawnlj/SourcePackages/checkouts/firebase-ios-sdk/FirebaseAuth/Sources/Swift/SystemService/AuthNotificationManager.swift /Users/emanuelflury/Library/Developer/Xcode/DerivedData/TaxedGmbH_IOS-gerngfqzuwudosgobknlgtoawnlj/SourcePackages/checkouts/firebase-ios-sdk/FirebaseAuth/Sources/Swift/SystemService/AuthStoredUserManager.swift /Users/emanuelflury/Library/Developer/Xcode/DerivedData/TaxedGmbH_IOS-gerngfqzuwudosgobknlgtoawnlj/SourcePackages/checkouts/firebase-ios-sdk/FirebaseAuth/Sources/Swift/SystemService/SecureTokenService.swift /Users/emanuelflury/Library/Developer/Xcode/DerivedData/TaxedGmbH_IOS-gerngfqzuwudosgobknlgtoawnlj/SourcePackages/checkouts/firebase-ios-sdk/FirebaseAuth/Sources/Swift/User/AdditionalUserInfo.swift /Users/emanuelflury/Library/Developer/Xcode/DerivedData/TaxedGmbH_IOS-gerngfqzuwudosgobknlgtoawnlj/SourcePackages/checkouts/firebase-ios-sdk/FirebaseAuth/Sources/Swift/User/User.swift /Users/emanuelflury/Library/Developer/Xcode/DerivedData/TaxedGmbH_IOS-gerngfqzuwudosgobknlgtoawnlj/SourcePackages/checkouts/firebase-ios-sdk/FirebaseAuth/Sources/Swift/User/UserInfo.swift /Users/emanuelflury/Library/Developer/Xcode/DerivedData/TaxedGmbH_IOS-gerngfqzuwudosgobknlgtoawnlj/SourcePackages/checkouts/firebase-ios-sdk/FirebaseAuth/Sources/Swift/User/UserInfoImpl.swift /Users/emanuelflury/Library/Developer/Xcode/DerivedData/TaxedGmbH_IOS-gerngfqzuwudosgobknlgtoawnlj/SourcePackages/checkouts/firebase-ios-sdk/FirebaseAuth/Sources/Swift/User/UserMetadata.swift /Users/emanuelflury/Library/Developer/Xcode/DerivedData/TaxedGmbH_IOS-gerngfqzuwudosgobknlgtoawnlj/SourcePackages/checkouts/firebase-ios-sdk/FirebaseAuth/Sources/Swift/User/UserProfileChangeRequest.swift /Users/emanuelflury/Library/Developer/Xcode/DerivedData/TaxedGmbH_IOS-gerngfqzuwudosgobknlgtoawnlj/SourcePackages/checkouts/firebase-ios-sdk/FirebaseAuth/Sources/Swift/User/UserProfileUpdate.swift /Users/emanuelflury/Library/Developer/Xcode/DerivedData/TaxedGmbH_IOS-gerngfqzuwudosgobknlgtoawnlj/SourcePackages/checkouts/firebase-ios-sdk/FirebaseAuth/Sources/Swift/Utilities/AuthCondition.swift (in target 'FirebaseAuth' from project 'Firebase')
SwiftCompile normal arm64 /Users/emanuelflury/Library/Developer/Xcode/DerivedData/TaxedGmbH_IOS-gerngfqzuwudosgobknlgtoawnlj/SourcePackages/checkouts/firebase-ios-sdk/FirebaseAuth/Sources/Swift/SystemService/AuthNotificationManager.swift (in target 'FirebaseAuth' from project 'Firebase')
    cd /Users/emanuelflury/github/TaxedGmbH_IOS/TaxedGmbH_IOS.xcodeproj
    

SwiftCompile normal arm64 /Users/emanuelflury/Library/Developer/Xcode/DerivedData/TaxedGmbH_IOS-gerngfqzuwudosgobknlgtoawnlj/SourcePackages/checkouts/firebase-ios-sdk/FirebaseAuth/Sources/Swift/SystemService/AuthStoredUserManager.swift (in target 'FirebaseAuth' from project 'Firebase')
    cd /Users/emanuelflury/github/TaxedGmbH_IOS/TaxedGmbH_IOS.xcodeproj
    

SwiftCompile normal arm64 /Users/emanuelflury/Library/Developer/Xcode/DerivedData/TaxedGmbH_IOS-gerngfqzuwudosgobknlgtoawnlj/SourcePackages/checkouts/firebase-ios-sdk/FirebaseAuth/Sources/Swift/SystemService/SecureTokenService.swift (in target 'FirebaseAuth' from project 'Firebase')
    cd /Users/emanuelflury/github/TaxedGmbH_IOS/TaxedGmbH_IOS.xcodeproj
    

SwiftCompile normal arm64 /Users/emanuelflury/Library/Developer/Xcode/DerivedData/TaxedGmbH_IOS-gerngfqzuwudosgobknlgtoawnlj/SourcePackages/checkouts/firebase-ios-sdk/FirebaseAuth/Sources/Swift/User/AdditionalUserInfo.swift (in target 'FirebaseAuth' from project 'Firebase')
    cd /Users/emanuelflury/github/TaxedGmbH_IOS/TaxedGmbH_IOS.xcodeproj
    

SwiftCompile normal arm64 /Users/emanuelflury/Library/Developer/Xcode/DerivedData/TaxedGmbH_IOS-gerngfqzuwudosgobknlgtoawnlj/SourcePackages/checkouts/firebase-ios-sdk/FirebaseAuth/Sources/Swift/User/User.swift (in target 'FirebaseAuth' from project 'Firebase')
    cd /Users/emanuelflury/github/TaxedGmbH_IOS/TaxedGmbH_IOS.xcodeproj
    

SwiftCompile normal arm64 /Users/emanuelflury/Library/Developer/Xcode/DerivedData/TaxedGmbH_IOS-gerngfqzuwudosgobknlgtoawnlj/SourcePackages/checkouts/firebase-ios-sdk/FirebaseAuth/Sources/Swift/User/UserInfo.swift (in target 'FirebaseAuth' from project 'Firebase')
    cd /Users/emanuelflury/github/TaxedGmbH_IOS/TaxedGmbH_IOS.xcodeproj
    

SwiftCompile normal arm64 /Users/emanuelflury/Library/Developer/Xcode/DerivedData/TaxedGmbH_IOS-gerngfqzuwudosgobknlgtoawnlj/SourcePackages/checkouts/firebase-ios-sdk/FirebaseAuth/Sources/Swift/User/UserInfoImpl.swift (in target 'FirebaseAuth' from project 'Firebase')
    cd /Users/emanuelflury/github/TaxedGmbH_IOS/TaxedGmbH_IOS.xcodeproj
    

SwiftCompile normal arm64 /Users/emanuelflury/Library/Developer/Xcode/DerivedData/TaxedGmbH_IOS-gerngfqzuwudosgobknlgtoawnlj/SourcePackages/checkouts/firebase-ios-sdk/FirebaseAuth/Sources/Swift/User/UserMetadata.swift (in target 'FirebaseAuth' from project 'Firebase')
    cd /Users/emanuelflury/github/TaxedGmbH_IOS/TaxedGmbH_IOS.xcodeproj
    

SwiftCompile normal arm64 /Users/emanuelflury/Library/Developer/Xcode/DerivedData/TaxedGmbH_IOS-gerngfqzuwudosgobknlgtoawnlj/SourcePackages/checkouts/firebase-ios-sdk/FirebaseAuth/Sources/Swift/User/UserProfileChangeRequest.swift (in target 'FirebaseAuth' from project 'Firebase')
    cd /Users/emanuelflury/github/TaxedGmbH_IOS/TaxedGmbH_IOS.xcodeproj
    

SwiftCompile normal arm64 /Users/emanuelflury/Library/Developer/Xcode/DerivedData/TaxedGmbH_IOS-gerngfqzuwudosgobknlgtoawnlj/SourcePackages/checkouts/firebase-ios-sdk/FirebaseAuth/Sources/Swift/User/UserProfileUpdate.swift (in target 'FirebaseAuth' from project 'Firebase')
    cd /Users/emanuelflury/github/TaxedGmbH_IOS/TaxedGmbH_IOS.xcodeproj
    

SwiftCompile normal arm64 /Users/emanuelflury/Library/Developer/Xcode/DerivedData/TaxedGmbH_IOS-gerngfqzuwudosgobknlgtoawnlj/SourcePackages/checkouts/firebase-ios-sdk/FirebaseAuth/Sources/Swift/Utilities/AuthCondition.swift (in target 'FirebaseAuth' from project 'Firebase')
    cd /Users/emanuelflury/github/TaxedGmbH_IOS/TaxedGmbH_IOS.xcodeproj
    

SwiftCompile normal arm64 Compiling\ TOTPMultiFactorInfo.swift,\ TOTPSecret.swift,\ AuthKeychainServices.swift,\ AuthKeychainStorage.swift,\ AuthKeychainStorageReal.swift,\ AuthUserDefaults.swift,\ AuthAPNSToken.swift,\ AuthAPNSTokenManager.swift,\ AuthAPNSTokenType.swift,\ AuthAppCredential.swift,\ AuthAppCredentialManager.swift /Users/emanuelflury/Library/Developer/Xcode/DerivedData/TaxedGmbH_IOS-gerngfqzuwudosgobknlgtoawnlj/SourcePackages/checkouts/firebase-ios-sdk/FirebaseAuth/Sources/Swift/MultiFactor/TOTP/TOTPMultiFactorInfo.swift /Users/emanuelflury/Library/Developer/Xcode/DerivedData/TaxedGmbH_IOS-gerngfqzuwudosgobknlgtoawnlj/SourcePackages/checkouts/firebase-ios-sdk/FirebaseAuth/Sources/Swift/MultiFactor/TOTP/TOTPSecret.swift /Users/emanuelflury/Library/Developer/Xcode/DerivedData/TaxedGmbH_IOS-gerngfqzuwudosgobknlgtoawnlj/SourcePackages/checkouts/firebase-ios-sdk/FirebaseAuth/Sources/Swift/Storage/AuthKeychainServices.swift /Users/emanuelflury/Library/Developer/Xcode/DerivedData/TaxedGmbH_IOS-gerngfqzuwudosgobknlgtoawnlj/SourcePackages/checkouts/firebase-ios-sdk/FirebaseAuth/Sources/Swift/Storage/AuthKeychainStorage.swift /Users/emanuelflury/Library/Developer/Xcode/DerivedData/TaxedGmbH_IOS-gerngfqzuwudosgobknlgtoawnlj/SourcePackages/checkouts/firebase-ios-sdk/FirebaseAuth/Sources/Swift/Storage/AuthKeychainStorageReal.swift /Users/emanuelflury/Library/Developer/Xcode/DerivedData/TaxedGmbH_IOS-gerngfqzuwudosgobknlgtoawnlj/SourcePackages/checkouts/firebase-ios-sdk/FirebaseAuth/Sources/Swift/Storage/AuthUserDefaults.swift /Users/emanuelflury/Library/Developer/Xcode/DerivedData/TaxedGmbH_IOS-gerngfqzuwudosgobknlgtoawnlj/SourcePackages/checkouts/firebase-ios-sdk/FirebaseAuth/Sources/Swift/SystemService/AuthAPNSToken.swift /Users/emanuelflury/Library/Developer/Xcode/DerivedData/TaxedGmbH_IOS-gerngfqzuwudosgobknlgtoawnlj/SourcePackages/checkouts/firebase-ios-sdk/FirebaseAuth/Sources/Swift/SystemService/AuthAPNSTokenManager.swift /Users/emanuelflury/Library/Developer/Xcode/DerivedData/TaxedGmbH_IOS-gerngfqzuwudosgobknlgtoawnlj/SourcePackages/checkouts/firebase-ios-sdk/FirebaseAuth/Sources/Swift/SystemService/AuthAPNSTokenType.swift /Users/emanuelflury/Library/Developer/Xcode/DerivedData/TaxedGmbH_IOS-gerngfqzuwudosgobknlgtoawnlj/SourcePackages/checkouts/firebase-ios-sdk/FirebaseAuth/Sources/Swift/SystemService/AuthAppCredential.swift /Users/emanuelflury/Library/Developer/Xcode/DerivedData/TaxedGmbH_IOS-gerngfqzuwudosgobknlgtoawnlj/SourcePackages/checkouts/firebase-ios-sdk/FirebaseAuth/Sources/Swift/SystemService/AuthAppCredentialManager.swift (in target 'FirebaseAuth' from project 'Firebase')

SwiftCompile normal arm64 /Users/emanuelflury/Library/Developer/Xcode/DerivedData/TaxedGmbH_IOS-gerngfqzuwudosgobknlgtoawnlj/SourcePackages/checkouts/firebase-ios-sdk/FirebaseAuth/Sources/Swift/MultiFactor/TOTP/TOTPMultiFactorInfo.swift (in target 'FirebaseAuth' from project 'Firebase')
    cd /Users/emanuelflury/github/TaxedGmbH_IOS/TaxedGmbH_IOS.xcodeproj
    

SwiftCompile normal arm64 /Users/emanuelflury/Library/Developer/Xcode/DerivedData/TaxedGmbH_IOS-gerngfqzuwudosgobknlgtoawnlj/SourcePackages/checkouts/firebase-ios-sdk/FirebaseAuth/Sources/Swift/MultiFactor/TOTP/TOTPSecret.swift (in target 'FirebaseAuth' from project 'Firebase')
    cd /Users/emanuelflury/github/TaxedGmbH_IOS/TaxedGmbH_IOS.xcodeproj
    

SwiftCompile normal arm64 /Users/emanuelflury/Library/Developer/Xcode/DerivedData/TaxedGmbH_IOS-gerngfqzuwudosgobknlgtoawnlj/SourcePackages/checkouts/firebase-ios-sdk/FirebaseAuth/Sources/Swift/Storage/AuthKeychainServices.swift (in target 'FirebaseAuth' from project 'Firebase')
    cd /Users/emanuelflury/github/TaxedGmbH_IOS/TaxedGmbH_IOS.xcodeproj
    

SwiftCompile normal arm64 /Users/emanuelflury/Library/Developer/Xcode/DerivedData/TaxedGmbH_IOS-gerngfqzuwudosgobknlgtoawnlj/SourcePackages/checkouts/firebase-ios-sdk/FirebaseAuth/Sources/Swift/Storage/AuthKeychainStorage.swift (in target 'FirebaseAuth' from project 'Firebase')
    cd /Users/emanuelflury/github/TaxedGmbH_IOS/TaxedGmbH_IOS.xcodeproj
    

SwiftCompile normal arm64 /Users/emanuelflury/Library/Developer/Xcode/DerivedData/TaxedGmbH_IOS-gerngfqzuwudosgobknlgtoawnlj/SourcePackages/checkouts/firebase-ios-sdk/FirebaseAuth/Sources/Swift/Storage/AuthKeychainStorageReal.swift (in target 'FirebaseAuth' from project 'Firebase')
    cd /Users/emanuelflury/github/TaxedGmbH_IOS/TaxedGmbH_IOS.xcodeproj
    

SwiftCompile normal arm64 /Users/emanuelflury/Library/Developer/Xcode/DerivedData/TaxedGmbH_IOS-gerngfqzuwudosgobknlgtoawnlj/SourcePackages/checkouts/firebase-ios-sdk/FirebaseAuth/Sources/Swift/Storage/AuthUserDefaults.swift (in target 'FirebaseAuth' from project 'Firebase')
    cd /Users/emanuelflury/github/TaxedGmbH_IOS/TaxedGmbH_IOS.xcodeproj
    

SwiftCompile normal arm64 /Users/emanuelflury/Library/Developer/Xcode/DerivedData/TaxedGmbH_IOS-gerngfqzuwudosgobknlgtoawnlj/SourcePackages/checkouts/firebase-ios-sdk/FirebaseAuth/Sources/Swift/SystemService/AuthAPNSToken.swift (in target 'FirebaseAuth' from project 'Firebase')
    cd /Users/emanuelflury/github/TaxedGmbH_IOS/TaxedGmbH_IOS.xcodeproj
    

SwiftCompile normal arm64 /Users/emanuelflury/Library/Developer/Xcode/DerivedData/TaxedGmbH_IOS-gerngfqzuwudosgobknlgtoawnlj/SourcePackages/checkouts/firebase-ios-sdk/FirebaseAuth/Sources/Swift/SystemService/AuthAPNSTokenManager.swift (in target 'FirebaseAuth' from project 'Firebase')
    cd /Users/emanuelflury/github/TaxedGmbH_IOS/TaxedGmbH_IOS.xcodeproj
    

SwiftCompile normal arm64 /Users/emanuelflury/Library/Developer/Xcode/DerivedData/TaxedGmbH_IOS-gerngfqzuwudosgobknlgtoawnlj/SourcePackages/checkouts/firebase-ios-sdk/FirebaseAuth/Sources/Swift/SystemService/AuthAPNSTokenType.swift (in target 'FirebaseAuth' from project 'Firebase')
    cd /Users/emanuelflury/github/TaxedGmbH_IOS/TaxedGmbH_IOS.xcodeproj
    

SwiftCompile normal arm64 /Users/emanuelflury/Library/Developer/Xcode/DerivedData/TaxedGmbH_IOS-gerngfqzuwudosgobknlgtoawnlj/SourcePackages/checkouts/firebase-ios-sdk/FirebaseAuth/Sources/Swift/SystemService/AuthAppCredential.swift (in target 'FirebaseAuth' from project 'Firebase')
    cd /Users/emanuelflury/github/TaxedGmbH_IOS/TaxedGmbH_IOS.xcodeproj
    

SwiftCompile normal arm64 /Users/emanuelflury/Library/Developer/Xcode/DerivedData/TaxedGmbH_IOS-gerngfqzuwudosgobknlgtoawnlj/SourcePackages/checkouts/firebase-ios-sdk/FirebaseAuth/Sources/Swift/SystemService/AuthAppCredentialManager.swift (in target 'FirebaseAuth' from project 'Firebase')
    cd /Users/emanuelflury/github/TaxedGmbH_IOS/TaxedGmbH_IOS.xcodeproj
    

PrecompileModule /Users/emanuelflury/Library/Developer/Xcode/DerivedData/TaxedGmbH_IOS-gerngfqzuwudosgobknlgtoawnlj/Build/Intermediates.noindex/ExplicitPrecompiledModules/UIKit-C7O9SKPR4IIUYURVZM3KTRHIS.scan
    cd /
    builtin-precompileModule /Users/emanuelflury/Library/Developer/Xcode/DerivedData/TaxedGmbH_IOS-gerngfqzuwudosgobknlgtoawnlj/Build/Intermediates.noindex/ExplicitPrecompiledModules/UIKit-C7O9SKPR4IIUYURVZM3KTRHIS.scan

SwiftDriverJobDiscovery normal arm64 Compiling AuthProtoFinalizeMFAPhoneRequestInfo.swift, AuthProtoFinalizeMFAPhoneResponseInfo.swift, AuthProtoStartMFAPhoneRequestInfo.swift, AuthProtoStartMFAPhoneResponseInfo.swift, AuthProtoFinalizeMFATOTPEnrollmentRequestInfo.swift, AuthProtoFinalizeMFATOTPEnrollmentResponseInfo.swift, AuthProtoFinalizeMFATOTPSignInRequestInfo.swift, AuthProtoStartMFATOTPEnrollmentRequestInfo.swift, AuthProtoStartMFATOTPEnrollmentResponseInfo.swift, ResetPasswordRequest.swift, ResetPasswordResponse.swift (in target 'FirebaseAuth' from project 'Firebase')

SwiftCompile normal arm64 Compiling\ AuthTokenResult.swift,\ AuthCredential.swift,\ AuthProviderID.swift,\ EmailAuthProvider.swift,\ FacebookAuthProvider.swift,\ FederatedAuthProvider.swift,\ GameCenterAuthProvider.swift,\ GitHubAuthProvider.swift,\ GoogleAuthProvider.swift,\ OAuthCredential.swift,\ OAuthProvider.swift,\ PhoneAuthCredential.swift /Users/emanuelflury/Library/Developer/Xcode/DerivedData/TaxedGmbH_IOS-gerngfqzuwudosgobknlgtoawnlj/SourcePackages/checkouts/firebase-ios-sdk/FirebaseAuth/Sources/Swift/Auth/AuthTokenResult.swift /Users/emanuelflury/Library/Developer/Xcode/DerivedData/TaxedGmbH_IOS-gerngfqzuwudosgobknlgtoawnlj/SourcePackages/checkouts/firebase-ios-sdk/FirebaseAuth/Sources/Swift/AuthProvider/AuthCredential.swift /Users/emanuelflury/Library/Developer/Xcode/DerivedData/TaxedGmbH_IOS-gerngfqzuwudosgobknlgtoawnlj/SourcePackages/checkouts/firebase-ios-sdk/FirebaseAuth/Sources/Swift/AuthProvider/AuthProviderID.swift /Users/emanuelflury/Library/Developer/Xcode/DerivedData/TaxedGmbH_IOS-gerngfqzuwudosgobknlgtoawnlj/SourcePackages/checkouts/firebase-ios-sdk/FirebaseAuth/Sources/Swift/AuthProvider/EmailAuthProvider.swift /Users/emanuelflury/Library/Developer/Xcode/DerivedData/TaxedGmbH_IOS-gerngfqzuwudosgobknlgtoawnlj/SourcePackages/checkouts/firebase-ios-sdk/FirebaseAuth/Sources/Swift/AuthProvider/FacebookAuthProvider.swift /Users/emanuelflury/Library/Developer/Xcode/DerivedData/TaxedGmbH_IOS-gerngfqzuwudosgobknlgtoawnlj/SourcePackages/checkouts/firebase-ios-sdk/FirebaseAuth/Sources/Swift/AuthProvider/FederatedAuthProvider.swift /Users/emanuelflury/Library/Developer/Xcode/DerivedData/TaxedGmbH_IOS-gerngfqzuwudosgobknlgtoawnlj/SourcePackages/checkouts/firebase-ios-sdk/FirebaseAuth/Sources/Swift/AuthProvider/GameCenterAuthProvider.swift /Users/emanuelflury/Library/Developer/Xcode/DerivedData/TaxedGmbH_IOS-gerngfqzuwudosgobknlgtoawnlj/SourcePackages/checkouts/firebase-ios-sdk/FirebaseAuth/Sources/Swift/AuthProvider/GitHubAuthProvider.swift /Users/emanuelflury/Library/Developer/Xcode/DerivedData/TaxedGmbH_IOS-gerngfqzuwudosgobknlgtoawnlj/SourcePackages/checkouts/firebase-ios-sdk/FirebaseAuth/Sources/Swift/AuthProvider/GoogleAuthProvider.swift /Users/emanuelflury/Library/Developer/Xcode/DerivedData/TaxedGmbH_IOS-gerngfqzuwudosgobknlgtoawnlj/SourcePackages/checkouts/firebase-ios-sdk/FirebaseAuth/Sources/Swift/AuthProvider/OAuthCredential.swift /Users/emanuelflury/Library/Developer/Xcode/DerivedData/TaxedGmbH_IOS-gerngfqzuwudosgobknlgtoawnlj/SourcePackages/checkouts/firebase-ios-sdk/FirebaseAuth/Sources/Swift/AuthProvider/OAuthProvider.swift /Users/emanuelflury/Library/Developer/Xcode/DerivedData/TaxedGmbH_IOS-gerngfqzuwudosgobknlgtoawnlj/SourcePackages/checkouts/firebase-ios-sdk/FirebaseAuth/Sources/Swift/AuthProvider/PhoneAuthCredential.swift (in target 'FirebaseAuth' from project 'Firebase')

SwiftCompile normal arm64 /Users/emanuelflury/Library/Developer/Xcode/DerivedData/TaxedGmbH_IOS-gerngfqzuwudosgobknlgtoawnlj/SourcePackages/checkouts/firebase-ios-sdk/FirebaseAuth/Sources/Swift/Auth/AuthTokenResult.swift (in target 'FirebaseAuth' from project 'Firebase')
    cd /Users/emanuelflury/github/TaxedGmbH_IOS/TaxedGmbH_IOS.xcodeproj
    

SwiftCompile normal arm64 /Users/emanuelflury/Library/Developer/Xcode/DerivedData/TaxedGmbH_IOS-gerngfqzuwudosgobknlgtoawnlj/SourcePackages/checkouts/firebase-ios-sdk/FirebaseAuth/Sources/Swift/AuthProvider/AuthCredential.swift (in target 'FirebaseAuth' from project 'Firebase')
    cd /Users/emanuelflury/github/TaxedGmbH_IOS/TaxedGmbH_IOS.xcodeproj
    

SwiftCompile normal arm64 /Users/emanuelflury/Library/Developer/Xcode/DerivedData/TaxedGmbH_IOS-gerngfqzuwudosgobknlgtoawnlj/SourcePackages/checkouts/firebase-ios-sdk/FirebaseAuth/Sources/Swift/AuthProvider/AuthProviderID.swift (in target 'FirebaseAuth' from project 'Firebase')
    cd /Users/emanuelflury/github/TaxedGmbH_IOS/TaxedGmbH_IOS.xcodeproj
    

SwiftCompile normal arm64 /Users/emanuelflury/Library/Developer/Xcode/DerivedData/TaxedGmbH_IOS-gerngfqzuwudosgobknlgtoawnlj/SourcePackages/checkouts/firebase-ios-sdk/FirebaseAuth/Sources/Swift/AuthProvider/EmailAuthProvider.swift (in target 'FirebaseAuth' from project 'Firebase')
    cd /Users/emanuelflury/github/TaxedGmbH_IOS/TaxedGmbH_IOS.xcodeproj
    

SwiftCompile normal arm64 /Users/emanuelflury/Library/Developer/Xcode/DerivedData/TaxedGmbH_IOS-gerngfqzuwudosgobknlgtoawnlj/SourcePackages/checkouts/firebase-ios-sdk/FirebaseAuth/Sources/Swift/AuthProvider/FacebookAuthProvider.swift (in target 'FirebaseAuth' from project 'Firebase')
    cd /Users/emanuelflury/github/TaxedGmbH_IOS/TaxedGmbH_IOS.xcodeproj
    

SwiftCompile normal arm64 /Users/emanuelflury/Library/Developer/Xcode/DerivedData/TaxedGmbH_IOS-gerngfqzuwudosgobknlgtoawnlj/SourcePackages/checkouts/firebase-ios-sdk/FirebaseAuth/Sources/Swift/AuthProvider/FederatedAuthProvider.swift (in target 'FirebaseAuth' from project 'Firebase')
    cd /Users/emanuelflury/github/TaxedGmbH_IOS/TaxedGmbH_IOS.xcodeproj
    

SwiftCompile normal arm64 /Users/emanuelflury/Library/Developer/Xcode/DerivedData/TaxedGmbH_IOS-gerngfqzuwudosgobknlgtoawnlj/SourcePackages/checkouts/firebase-ios-sdk/FirebaseAuth/Sources/Swift/AuthProvider/GameCenterAuthProvider.swift (in target 'FirebaseAuth' from project 'Firebase')
    cd /Users/emanuelflury/github/TaxedGmbH_IOS/TaxedGmbH_IOS.xcodeproj
    

SwiftCompile normal arm64 /Users/emanuelflury/Library/Developer/Xcode/DerivedData/TaxedGmbH_IOS-gerngfqzuwudosgobknlgtoawnlj/SourcePackages/checkouts/firebase-ios-sdk/FirebaseAuth/Sources/Swift/AuthProvider/GitHubAuthProvider.swift (in target 'FirebaseAuth' from project 'Firebase')
    cd /Users/emanuelflury/github/TaxedGmbH_IOS/TaxedGmbH_IOS.xcodeproj
    

SwiftCompile normal arm64 /Users/emanuelflury/Library/Developer/Xcode/DerivedData/TaxedGmbH_IOS-gerngfqzuwudosgobknlgtoawnlj/SourcePackages/checkouts/firebase-ios-sdk/FirebaseAuth/Sources/Swift/AuthProvider/GoogleAuthProvider.swift (in target 'FirebaseAuth' from project 'Firebase')
    cd /Users/emanuelflury/github/TaxedGmbH_IOS/TaxedGmbH_IOS.xcodeproj
    

SwiftCompile normal arm64 /Users/emanuelflury/Library/Developer/Xcode/DerivedData/TaxedGmbH_IOS-gerngfqzuwudosgobknlgtoawnlj/SourcePackages/checkouts/firebase-ios-sdk/FirebaseAuth/Sources/Swift/AuthProvider/OAuthCredential.swift (in target 'FirebaseAuth' from project 'Firebase')
    cd /Users/emanuelflury/github/TaxedGmbH_IOS/TaxedGmbH_IOS.xcodeproj
    

SwiftCompile normal arm64 /Users/emanuelflury/Library/Developer/Xcode/DerivedData/TaxedGmbH_IOS-gerngfqzuwudosgobknlgtoawnlj/SourcePackages/checkouts/firebase-ios-sdk/FirebaseAuth/Sources/Swift/AuthProvider/OAuthProvider.swift (in target 'FirebaseAuth' from project 'Firebase')
    cd /Users/emanuelflury/github/TaxedGmbH_IOS/TaxedGmbH_IOS.xcodeproj
    

SwiftCompile normal arm64 /Users/emanuelflury/Library/Developer/Xcode/DerivedData/TaxedGmbH_IOS-gerngfqzuwudosgobknlgtoawnlj/SourcePackages/checkouts/firebase-ios-sdk/FirebaseAuth/Sources/Swift/AuthProvider/PhoneAuthCredential.swift (in target 'FirebaseAuth' from project 'Firebase')
    cd /Users/emanuelflury/github/TaxedGmbH_IOS/TaxedGmbH_IOS.xcodeproj
    

SwiftDriverJobDiscovery normal arm64 Compiling FinalizeMFAEnrollmentResponse.swift, StartMFAEnrollmentRequest.swift, StartMFAEnrollmentResponse.swift, FinalizeMFASignInRequest.swift, FinalizeMFASignInResponse.swift, StartMFASignInRequest.swift, StartMFASignInResponse.swift, WithdrawMFARequest.swift, WithdrawMFAResponse.swift, AuthProto.swift, AuthProtoMFAEnrollment.swift (in target 'FirebaseAuth' from project 'Firebase')

SwiftDriverJobDiscovery normal arm64 Emitting module for FirebaseAuth (in target 'FirebaseAuth' from project 'Firebase')

SwiftDriver\ Compilation\ Requirements FirebaseAuth normal arm64 com.apple.xcode.tools.swift.compiler (in target 'FirebaseAuth' from project 'Firebase')
    cd /Users/emanuelflury/github/TaxedGmbH_IOS/TaxedGmbH_IOS.xcodeproj
    builtin-Swift-Compilation-Requirements -- /Applications/Xcode.app/Contents/Developer/Toolchains/XcodeDefault.xctoolchain/usr/bin/swiftc -module-name FirebaseAuth -Onone -enforce-exclusivity\=checked @/Users/emanuelflury/Library/Developer/Xcode/DerivedData/TaxedGmbH_IOS-gerngfqzuwudosgobknlgtoawnlj/Build/Intermediates.noindex/Firebase.build/Debug-iphoneos/FirebaseAuth.build/Objects-normal/arm64/FirebaseAuth.SwiftFileList -DSWIFT_PACKAGE -DDEBUG -DSWIFT_MODULE_RESOURCE_BUNDLE_AVAILABLE -Xcc -fmodule-map-file\=/Users/emanuelflury/Library/Developer/Xcode/DerivedData/TaxedGmbH_IOS-gerngfqzuwudosgobknlgtoawnlj/Build/Intermediates.noindex/GeneratedModuleMaps-iphoneos/RecaptchaInterop.modulemap -Xcc -fmodule-map-file\=/Users/emanuelflury/Library/Developer/Xcode/DerivedData/TaxedGmbH_IOS-gerngfqzuwudosgobknlgtoawnlj/Build/Intermediates.noindex/GeneratedModuleMaps-iphoneos/GoogleUtilities-Network.modulemap -Xcc -fmodule-map-file\=/Users/emanuelflury/Library/Developer/Xcode/DerivedData/TaxedGmbH_IOS-gerngfqzuwudosgobknlgtoawnlj/Build/Intermediates.noindex/GeneratedModuleMaps-iphoneos/GoogleUtilities-Reachability.modulemap -Xcc -fmodule-map-file\=/Users/emanuelflury/Library/Developer/Xcode/DerivedData/TaxedGmbH_IOS-gerngfqzuwudosgobknlgtoawnlj/Build/Intermediates.noindex/GeneratedModuleMaps-iphoneos/GoogleUtilities-NSData.modulemap -Xcc -fmodule-map-file\=/Users/emanuelflury/Library/Developer/Xcode/DerivedData/TaxedGmbH_IOS-gerngfqzuwudosgobknlgtoawnlj/Build/Intermediates.noindex/GeneratedModuleMaps-iphoneos/GoogleUtilities-Logger.modulemap -Xcc -fmodule-map-file\=/Users/emanuelflury/Library/Developer/Xcode/DerivedData/TaxedGmbH_IOS-gerngfqzuwudosgobknlgtoawnlj/Build/Intermediates.noindex/GeneratedModuleMaps-iphoneos/GoogleUtilities-Environment.modulemap -Xcc -fmodule-map-file\=/Users/emanuelflury/Library/Developer/Xcode/DerivedData/TaxedGmbH_IOS-gerngfqzuwudosgobknlgtoawnlj/Build/Intermediates.noindex/GeneratedModuleMaps-iphoneos/third-party-IsAppEncrypted.modulemap -Xcc -fmodule-map-file\=/Users/emanuelflury/Library/Developer/Xcode/DerivedData/TaxedGmbH_IOS-gerngfqzuwudosgobknlgtoawnlj/Build/Intermediates.noindex/GeneratedModuleMaps-iphoneos/GoogleUtilities-AppDelegateSwizzler.modulemap -Xcc -fmodule-map-file\=/Users/emanuelflury/Library/Developer/Xcode/DerivedData/TaxedGmbH_IOS-gerngfqzuwudosgobknlgtoawnlj/Build/Intermediates.noindex/GeneratedModuleMaps-iphoneos/GTMSessionFetcherCore.modulemap -Xcc -fmodule-map-file\=/Users/emanuelflury/Library/Developer/Xcode/DerivedData/TaxedGmbH_IOS-gerngfqzuwudosgobknlgtoawnlj/Build/Intermediates.noindex/GeneratedModuleMaps-iphoneos/FirebaseCoreExtension.modulemap -Xcc -fmodule-map-file\=/Users/emanuelflury/Library/Developer/Xcode/DerivedData/TaxedGmbH_IOS-gerngfqzuwudosgobknlgtoawnlj/Build/Intermediates.noindex/GeneratedModuleMaps-iphoneos/FirebaseCore.modulemap -Xcc -fmodule-map-file\=/Users/emanuelflury/Library/Developer/Xcode/DerivedData/TaxedGmbH_IOS-gerngfqzuwudosgobknlgtoawnlj/Build/Intermediates.noindex/GeneratedModuleMaps-iphoneos/FirebaseAuthInternal.modulemap -Xcc -fmodule-map-file\=/Users/emanuelflury/Library/Developer/Xcode/DerivedData/TaxedGmbH_IOS-gerngfqzuwudosgobknlgtoawnlj/Build/Intermediates.noindex/GeneratedModuleMaps-iphoneos/FirebaseAuthInterop.modulemap -Xcc -fmodule-map-file\=/Users/emanuelflury/Library/Developer/Xcode/DerivedData/TaxedGmbH_IOS-gerngfqzuwudosgobknlgtoawnlj/Build/Intermediates.noindex/GeneratedModuleMaps-iphoneos/FirebaseAppCheckInterop.modulemap -DXcode -plugin-path /Applications/Xcode.app/Contents/Developer/Toolchains/XcodeDefault.xctoolchain/usr/lib/swift/host/plugins/testing -enable-experimental-feature DebugDescriptionMacro -sdk /Applications/Xcode.app/Contents/Developer/Platforms/iPhoneOS.platform/Developer/SDKs/iPhoneOS26.1.sdk -target arm64-apple-ios15.0 -g -module-cache-path /Users/emanuelflury/Library/Developer/Xcode/DerivedData/ModuleCache.noindex -Xfrontend -serialize-debugging-options -profile-coverage-mapping -profile-generate -enable-testing -suppress-warnings -index-store-path /Users/emanuelflury/Library/Developer/Xcode/DerivedData/TaxedGmbH_IOS-gerngfqzuwudosgobknlgtoawnlj/Index.noindex/DataStore -Xcc -D_LIBCPP_HARDENING_MODE\=_LIBCPP_HARDENING_MODE_DEBUG -swift-version 5 -I /Users/emanuelflury/Library/Developer/Xcode/DerivedData/TaxedGmbH_IOS-gerngfqzuwudosgobknlgtoawnlj/Build/Products/Debug-iphoneos -Isystem /Applications/Xcode.app/Contents/Developer/Platforms/iPhoneOS.platform/Developer/usr/lib -F /Users/emanuelflury/Library/Developer/Xcode/DerivedData/TaxedGmbH_IOS-gerngfqzuwudosgobknlgtoawnlj/Build/Products/Debug-iphoneos/PackageFrameworks -F /Users/emanuelflury/Library/Developer/Xcode/DerivedData/TaxedGmbH_IOS-gerngfqzuwudosgobknlgtoawnlj/Build/Products/Debug-iphoneos/PackageFrameworks -F /Users/emanuelflury/Library/Developer/Xcode/DerivedData/TaxedGmbH_IOS-gerngfqzuwudosgobknlgtoawnlj/Build/Products/Debug-iphoneos/PackageFrameworks -F /Users/emanuelflury/Library/Developer/Xcode/DerivedData/TaxedGmbH_IOS-gerngfqzuwudosgobknlgtoawnlj/Build/Products/Debug-iphoneos/PackageFrameworks -F /Users/emanuelflury/Library/Developer/Xcode/DerivedData/TaxedGmbH_IOS-gerngfqzuwudosgobknlgtoawnlj/Build/Products/Debug-iphoneos/PackageFrameworks -F /Users/emanuelflury/Library/Developer/Xcode/DerivedData/TaxedGmbH_IOS-gerngfqzuwudosgobknlgtoawnlj/Build/Products/Debug-iphoneos/PackageFrameworks -F /Users/emanuelflury/Library/Developer/Xcode/DerivedData/TaxedGmbH_IOS-gerngfqzuwudosgobknlgtoawnlj/Build/Products/Debug-iphoneos/PackageFrameworks -F /Users/emanuelflury/Library/Developer/Xcode/DerivedData/TaxedGmbH_IOS-gerngfqzuwudosgobknlgtoawnlj/Build/Products/Debug-iphoneos/PackageFrameworks -F /Users/emanuelflury/Library/Developer/Xcode/DerivedData/TaxedGmbH_IOS-gerngfqzuwudosgobknlgtoawnlj/Build/Products/Debug-iphoneos/PackageFrameworks -F /Users/emanuelflury/Library/Developer/Xcode/DerivedData/TaxedGmbH_IOS-gerngfqzuwudosgobknlgtoawnlj/Build/Products/Debug-iphoneos/PackageFrameworks -F /Users/emanuelflury/Library/Developer/Xcode/DerivedData/TaxedGmbH_IOS-gerngfqzuwudosgobknlgtoawnlj/Build/Products/Debug-iphoneos/PackageFrameworks -F /Users/emanuelflury/Library/Developer/Xcode/DerivedData/TaxedGmbH_IOS-gerngfqzuwudosgobknlgtoawnlj/Build/Products/Debug-iphoneos/PackageFrameworks -F /Users/emanuelflury/Library/Developer/Xcode/DerivedData/TaxedGmbH_IOS-gerngfqzuwudosgobknlgtoawnlj/Build/Products/Debug-iphoneos/PackageFrameworks -F /Users/emanuelflury/Library/Developer/Xcode/DerivedData/TaxedGmbH_IOS-gerngfqzuwudosgobknlgtoawnlj/Build/Products/Debug-iphoneos/PackageFrameworks -F /Users/emanuelflury/Library/Developer/Xcode/DerivedData/TaxedGmbH_IOS-gerngfqzuwudosgobknlgtoawnlj/Build/Products/Debug-iphoneos/PackageFrameworks -F /Users/emanuelflury/Library/Developer/Xcode/DerivedData/TaxedGmbH_IOS-gerngfqzuwudosgobknlgtoawnlj/Build/Products/Debug-iphoneos/PackageFrameworks -F /Users/emanuelflury/Library/Developer/Xcode/DerivedData/TaxedGmbH_IOS-gerngfqzuwudosgobknlgtoawnlj/Build/Products/Debug-iphoneos -F /Applications/Xcode.app/Contents/Developer/Platforms/iPhoneOS.platform/Developer/Library/Frameworks -F /Applications/Xcode.app/Contents/Developer/Platforms/iPhoneOS.platform/Developer/SDKs/iPhoneOS26.1.sdk/Developer/Library/Frameworks -c -j12 -enable-batch-mode -incremental -Xcc -ivfsstatcache -Xcc /Users/emanuelflury/Library/Developer/Xcode/DerivedData/SDKStatCaches.noindex/iphoneos26.1-23B77-69b33fc7382b27d9b5d46e82a00f8e78.sdkstatcache -output-file-map /Users/emanuelflury/Library/Developer/Xcode/DerivedData/TaxedGmbH_IOS-gerngfqzuwudosgobknlgtoawnlj/Build/Intermediates.noindex/Firebase.build/Debug-iphoneos/FirebaseAuth.build/Objects-normal/arm64/FirebaseAuth-OutputFileMap.json -use-frontend-parseable-output -save-temps -no-color-diagnostics -explicit-module-build -module-cache-path /Users/emanuelflury/Library/Developer/Xcode/DerivedData/TaxedGmbH_IOS-gerngfqzuwudosgobknlgtoawnlj/Build/Intermediates.noindex/SwiftExplicitPrecompiledModules -clang-scanner-module-cache-path /Users/emanuelflury/Library/Developer/Xcode/DerivedData/ModuleCache.noindex -sdk-module-cache-path /Users/emanuelflury/Library/Developer/Xcode/DerivedData/ModuleCache.noindex -serialize-diagnostics -emit-dependencies -emit-module -emit-module-path /Users/emanuelflury/Library/Developer/Xcode/DerivedData/TaxedGmbH_IOS-gerngfqzuwudosgobknlgtoawnlj/Build/Intermediates.noindex/Firebase.build/Debug-iphoneos/FirebaseAuth.build/Objects-normal/arm64/FirebaseAuth.swiftmodule -user-module-version 12.6.0 -validate-clang-modules-once -clang-build-session-file /Users/emanuelflury/Library/Developer/Xcode/DerivedData/ModuleCache.noindex/Session.modulevalidation -package-name firebase_ios_sdk -Xcc -I/Users/emanuelflury/Library/Developer/Xcode/DerivedData/TaxedGmbH_IOS-gerngfqzuwudosgobknlgtoawnlj/Build/Intermediates.noindex/Firebase.build/Debug-iphoneos/FirebaseAuth.build/swift-overrides.hmap -emit-const-values -Xfrontend -const-gather-protocols-file -Xfrontend /Users/emanuelflury/Library/Developer/Xcode/DerivedData/TaxedGmbH_IOS-gerngfqzuwudosgobknlgtoawnlj/Build/Intermediates.noindex/Firebase.build/Debug-iphoneos/FirebaseAuth.build/Objects-normal/arm64/FirebaseAuth_const_extract_protocols.json -Xcc -I/Users/emanuelflury/Library/Developer/Xcode/DerivedData/TaxedGmbH_IOS-gerngfqzuwudosgobknlgtoawnlj/SourcePackages/checkouts/interop-ios-for-google-sdks/RecaptchaEnterprise/RecaptchaInterop/Public -Xcc -I/Users/emanuelflury/Library/Developer/Xcode/DerivedData/TaxedGmbH_IOS-gerngfqzuwudosgobknlgtoawnlj/SourcePackages/checkouts/GoogleUtilities/GoogleUtilities/Network/Public -Xcc -I/Users/emanuelflury/Library/Developer/Xcode/DerivedData/TaxedGmbH_IOS-gerngfqzuwudosgobknlgtoawnlj/SourcePackages/checkouts/GoogleUtilities/GoogleUtilities/Reachability/Public -Xcc -I/Users/emanuelflury/Library/Developer/Xcode/DerivedData/TaxedGmbH_IOS-gerngfqzuwudosgobknlgtoawnlj/SourcePackages/checkouts/GoogleUtilities/GoogleUtilities/NSData+zlib/Public -Xcc -I/Users/emanuelflury/Library/Developer/Xcode/DerivedData/TaxedGmbH_IOS-gerngfqzuwudosgobknlgtoawnlj/SourcePackages/checkouts/GoogleUtilities/GoogleUtilities/Logger/Public -Xcc -I/Users/emanuelflury/Library/Developer/Xcode/DerivedData/TaxedGmbH_IOS-gerngfqzuwudosgobknlgtoawnlj/SourcePackages/checkouts/GoogleUtilities/GoogleUtilities/Environment/Public -Xcc -I/Users/emanuelflury/Library/Developer/Xcode/DerivedData/TaxedGmbH_IOS-gerngfqzuwudosgobknlgtoawnlj/SourcePackages/checkouts/GoogleUtilities/third_party/IsAppEncrypted/Public -Xcc -I/Users/emanuelflury/Library/Developer/Xcode/DerivedData/TaxedGmbH_IOS-gerngfqzuwudosgobknlgtoawnlj/SourcePackages/checkouts/GoogleUtilities/GoogleUtilities/AppDelegateSwizzler/Public -Xcc -I/Users/emanuelflury/Library/Developer/Xcode/DerivedData/TaxedGmbH_IOS-gerngfqzuwudosgobknlgtoawnlj/SourcePackages/checkouts/gtm-session-fetcher/Sources/Core/Public -Xcc -I/Users/emanuelflury/Library/Developer/Xcode/DerivedData/TaxedGmbH_IOS-gerngfqzuwudosgobknlgtoawnlj/SourcePackages/checkouts/firebase-ios-sdk/FirebaseCore/Extension -Xcc -I/Users/emanuelflury/Library/Developer/Xcode/DerivedData/TaxedGmbH_IOS-gerngfqzuwudosgobknlgtoawnlj/SourcePackages/checkouts/firebase-ios-sdk/FirebaseCore/Sources/Public -Xcc -I/Users/emanuelflury/Library/Developer/Xcode/DerivedData/TaxedGmbH_IOS-gerngfqzuwudosgobknlgtoawnlj/SourcePackages/checkouts/firebase-ios-sdk/CoreOnly/Sources -Xcc -I/Users/emanuelflury/Library/Developer/Xcode/DerivedData/TaxedGmbH_IOS-gerngfqzuwudosgobknlgtoawnlj/SourcePackages/checkouts/firebase-ios-sdk/FirebaseAuth/Sources/Public -Xcc -I/Users/emanuelflury/Library/Developer/Xcode/DerivedData/TaxedGmbH_IOS-gerngfqzuwudosgobknlgtoawnlj/SourcePackages/checkouts/firebase-ios-sdk/FirebaseAuth/Interop/Public -Xcc -I/Users/emanuelflury/Library/Developer/Xcode/DerivedData/TaxedGmbH_IOS-gerngfqzuwudosgobknlgtoawnlj/SourcePackages/checkouts/firebase-ios-sdk/FirebaseAppCheck/Interop/Public -Xcc -I/Users/emanuelflury/Library/Developer/Xcode/DerivedData/TaxedGmbH_IOS-gerngfqzuwudosgobknlgtoawnlj/Build/Products/Debug-iphoneos/include -Xcc -I/Users/emanuelflury/Library/Developer/Xcode/DerivedData/TaxedGmbH_IOS-gerngfqzuwudosgobknlgtoawnlj/Build/Intermediates.noindex/Firebase.build/Debug-iphoneos/FirebaseAuth.build/DerivedSources-normal/arm64 -Xcc -I/Users/emanuelflury/Library/Developer/Xcode/DerivedData/TaxedGmbH_IOS-gerngfqzuwudosgobknlgtoawnlj/Build/Intermediates.noindex/Firebase.build/Debug-iphoneos/FirebaseAuth.build/DerivedSources/arm64 -Xcc -I/Users/emanuelflury/Library/Developer/Xcode/DerivedData/TaxedGmbH_IOS-gerngfqzuwudosgobknlgtoawnlj/Build/Intermediates.noindex/Firebase.build/Debug-iphoneos/FirebaseAuth.build/DerivedSources -Xcc -DSWIFT_PACKAGE -Xcc -DDEBUG\=1 -emit-objc-header -emit-objc-header-path /Users/emanuelflury/Library/Developer/Xcode/DerivedData/TaxedGmbH_IOS-gerngfqzuwudosgobknlgtoawnlj/Build/Intermediates.noindex/Firebase.build/Debug-iphoneos/FirebaseAuth.build/Objects-normal/arm64/FirebaseAuth-Swift.h -working-directory /Users/emanuelflury/github/TaxedGmbH_IOS/TaxedGmbH_IOS.xcodeproj -experimental-emit-module-separately -disable-cmo

SwiftMergeGeneratedHeaders /Users/emanuelflury/Library/Developer/Xcode/DerivedData/TaxedGmbH_IOS-gerngfqzuwudosgobknlgtoawnlj/Build/Intermediates.noindex/GeneratedModuleMaps-iphoneos/FirebaseAuth-Swift.h /Users/emanuelflury/Library/Developer/Xcode/DerivedData/TaxedGmbH_IOS-gerngfqzuwudosgobknlgtoawnlj/Build/Intermediates.noindex/Firebase.build/Debug-iphoneos/FirebaseAuth.build/Objects-normal/arm64/FirebaseAuth-Swift.h (in target 'FirebaseAuth' from project 'Firebase')
    cd /Users/emanuelflury/Library/Developer/Xcode/DerivedData/TaxedGmbH_IOS-gerngfqzuwudosgobknlgtoawnlj/SourcePackages/checkouts/firebase-ios-sdk
    builtin-swiftHeaderTool -arch arm64 /Users/emanuelflury/Library/Developer/Xcode/DerivedData/TaxedGmbH_IOS-gerngfqzuwudosgobknlgtoawnlj/Build/Intermediates.noindex/Firebase.build/Debug-iphoneos/FirebaseAuth.build/Objects-normal/arm64/FirebaseAuth-Swift.h -o /Users/emanuelflury/Library/Developer/Xcode/DerivedData/TaxedGmbH_IOS-gerngfqzuwudosgobknlgtoawnlj/Build/Intermediates.noindex/GeneratedModuleMaps-iphoneos/FirebaseAuth-Swift.h

Copy /Users/emanuelflury/Library/Developer/Xcode/DerivedData/TaxedGmbH_IOS-gerngfqzuwudosgobknlgtoawnlj/Build/Products/Debug-iphoneos/FirebaseAuth.swiftmodule/arm64-apple-ios.swiftmodule /Users/emanuelflury/Library/Developer/Xcode/DerivedData/TaxedGmbH_IOS-gerngfqzuwudosgobknlgtoawnlj/Build/Intermediates.noindex/Firebase.build/Debug-iphoneos/FirebaseAuth.build/Objects-normal/arm64/FirebaseAuth.swiftmodule (in target 'FirebaseAuth' from project 'Firebase')
    cd /Users/emanuelflury/Library/Developer/Xcode/DerivedData/TaxedGmbH_IOS-gerngfqzuwudosgobknlgtoawnlj/SourcePackages/checkouts/firebase-ios-sdk
    builtin-copy -exclude .DS_Store -exclude CVS -exclude .svn -exclude .git -exclude .hg -resolve-src-symlinks -rename /Users/emanuelflury/Library/Developer/Xcode/DerivedData/TaxedGmbH_IOS-gerngfqzuwudosgobknlgtoawnlj/Build/Intermediates.noindex/Firebase.build/Debug-iphoneos/FirebaseAuth.build/Objects-normal/arm64/FirebaseAuth.swiftmodule /Users/emanuelflury/Library/Developer/Xcode/DerivedData/TaxedGmbH_IOS-gerngfqzuwudosgobknlgtoawnlj/Build/Products/Debug-iphoneos/FirebaseAuth.swiftmodule/arm64-apple-ios.swiftmodule

Copy /Users/emanuelflury/Library/Developer/Xcode/DerivedData/TaxedGmbH_IOS-gerngfqzuwudosgobknlgtoawnlj/Build/Products/Debug-iphoneos/FirebaseAuth.swiftmodule/arm64-apple-ios.swiftdoc /Users/emanuelflury/Library/Developer/Xcode/DerivedData/TaxedGmbH_IOS-gerngfqzuwudosgobknlgtoawnlj/Build/Intermediates.noindex/Firebase.build/Debug-iphoneos/FirebaseAuth.build/Objects-normal/arm64/FirebaseAuth.swiftdoc (in target 'FirebaseAuth' from project 'Firebase')
    cd /Users/emanuelflury/Library/Developer/Xcode/DerivedData/TaxedGmbH_IOS-gerngfqzuwudosgobknlgtoawnlj/SourcePackages/checkouts/firebase-ios-sdk
    builtin-copy -exclude .DS_Store -exclude CVS -exclude .svn -exclude .git -exclude .hg -resolve-src-symlinks -rename /Users/emanuelflury/Library/Developer/Xcode/DerivedData/TaxedGmbH_IOS-gerngfqzuwudosgobknlgtoawnlj/Build/Intermediates.noindex/Firebase.build/Debug-iphoneos/FirebaseAuth.build/Objects-normal/arm64/FirebaseAuth.swiftdoc /Users/emanuelflury/Library/Developer/Xcode/DerivedData/TaxedGmbH_IOS-gerngfqzuwudosgobknlgtoawnlj/Build/Products/Debug-iphoneos/FirebaseAuth.swiftmodule/arm64-apple-ios.swiftdoc

Copy /Users/emanuelflury/Library/Developer/Xcode/DerivedData/TaxedGmbH_IOS-gerngfqzuwudosgobknlgtoawnlj/Build/Products/Debug-iphoneos/FirebaseAuth.swiftmodule/arm64-apple-ios.abi.json /Users/emanuelflury/Library/Developer/Xcode/DerivedData/TaxedGmbH_IOS-gerngfqzuwudosgobknlgtoawnlj/Build/Intermediates.noindex/Firebase.build/Debug-iphoneos/FirebaseAuth.build/Objects-normal/arm64/FirebaseAuth.abi.json (in target 'FirebaseAuth' from project 'Firebase')
    cd /Users/emanuelflury/Library/Developer/Xcode/DerivedData/TaxedGmbH_IOS-gerngfqzuwudosgobknlgtoawnlj/SourcePackages/checkouts/firebase-ios-sdk
    builtin-copy -exclude .DS_Store -exclude CVS -exclude .svn -exclude .git -exclude .hg -resolve-src-symlinks -rename /Users/emanuelflury/Library/Developer/Xcode/DerivedData/TaxedGmbH_IOS-gerngfqzuwudosgobknlgtoawnlj/Build/Intermediates.noindex/Firebase.build/Debug-iphoneos/FirebaseAuth.build/Objects-normal/arm64/FirebaseAuth.abi.json /Users/emanuelflury/Library/Developer/Xcode/DerivedData/TaxedGmbH_IOS-gerngfqzuwudosgobknlgtoawnlj/Build/Products/Debug-iphoneos/FirebaseAuth.swiftmodule/arm64-apple-ios.abi.json

Copy /Users/emanuelflury/Library/Developer/Xcode/DerivedData/TaxedGmbH_IOS-gerngfqzuwudosgobknlgtoawnlj/Build/Products/Debug-iphoneos/FirebaseAuth.swiftmodule/Project/arm64-apple-ios.swiftsourceinfo /Users/emanuelflury/Library/Developer/Xcode/DerivedData/TaxedGmbH_IOS-gerngfqzuwudosgobknlgtoawnlj/Build/Intermediates.noindex/Firebase.build/Debug-iphoneos/FirebaseAuth.build/Objects-normal/arm64/FirebaseAuth.swiftsourceinfo (in target 'FirebaseAuth' from project 'Firebase')
    cd /Users/emanuelflury/Library/Developer/Xcode/DerivedData/TaxedGmbH_IOS-gerngfqzuwudosgobknlgtoawnlj/SourcePackages/checkouts/firebase-ios-sdk
    builtin-copy -exclude .DS_Store -exclude CVS -exclude .svn -exclude .git -exclude .hg -resolve-src-symlinks -rename /Users/emanuelflury/Library/Developer/Xcode/DerivedData/TaxedGmbH_IOS-gerngfqzuwudosgobknlgtoawnlj/Build/Intermediates.noindex/Firebase.build/Debug-iphoneos/FirebaseAuth.build/Objects-normal/arm64/FirebaseAuth.swiftsourceinfo /Users/emanuelflury/Library/Developer/Xcode/DerivedData/TaxedGmbH_IOS-gerngfqzuwudosgobknlgtoawnlj/Build/Products/Debug-iphoneos/FirebaseAuth.swiftmodule/Project/arm64-apple-ios.swiftsourceinfo

ProcessProductPackaging /Users/emanuelflury/Library/Developer/Xcode/UserData/Provisioning\ Profiles/93c9ab65-3c29-4aa4-937c-314a51a0710f.mobileprovision /Users/emanuelflury/Library/Developer/Xcode/DerivedData/TaxedGmbH_IOS-gerngfqzuwudosgobknlgtoawnlj/Build/Products/Debug-iphoneos/TaxedGmbH_IOS.app/embedded.mobileprovision (in target 'TaxedGmbH_IOS' from project 'TaxedGmbH_IOS')
    cd /Users/emanuelflury/github/TaxedGmbH_IOS
    builtin-productPackagingUtility /Users/emanuelflury/Library/Developer/Xcode/UserData/Provisioning\ Profiles/93c9ab65-3c29-4aa4-937c-314a51a0710f.mobileprovision -o /Users/emanuelflury/Library/Developer/Xcode/DerivedData/TaxedGmbH_IOS-gerngfqzuwudosgobknlgtoawnlj/Build/Products/Debug-iphoneos/TaxedGmbH_IOS.app/embedded.mobileprovision

ProcessProductPackaging "" /Users/emanuelflury/Library/Developer/Xcode/DerivedData/TaxedGmbH_IOS-gerngfqzuwudosgobknlgtoawnlj/Build/Intermediates.noindex/TaxedGmbH_IOS.build/Debug-iphoneos/TaxedGmbH_IOS.build/TaxedGmbH_IOS.app.xcent (in target 'TaxedGmbH_IOS' from project 'TaxedGmbH_IOS')
    cd /Users/emanuelflury/github/TaxedGmbH_IOS
    
    Entitlements:
    
    {
    "application-identifier" = "8784L7RY33.com.taxed.app";
    "com.apple.developer.team-identifier" = 8784L7RY33;
    "get-task-allow" = 1;
}
    
    builtin-productPackagingUtility -entitlements -format xml -o /Users/emanuelflury/Library/Developer/Xcode/DerivedData/TaxedGmbH_IOS-gerngfqzuwudosgobknlgtoawnlj/Build/Intermediates.noindex/TaxedGmbH_IOS.build/Debug-iphoneos/TaxedGmbH_IOS.build/TaxedGmbH_IOS.app.xcent

ScanDependencies /Users/emanuelflury/Library/Developer/Xcode/DerivedData/TaxedGmbH_IOS-gerngfqzuwudosgobknlgtoawnlj/Build/Intermediates.noindex/Firebase.build/Debug-iphoneos/FirebaseFirestoreTarget.build/Objects-normal/arm64/dummy.o /Users/emanuelflury/Library/Developer/Xcode/DerivedData/TaxedGmbH_IOS-gerngfqzuwudosgobknlgtoawnlj/SourcePackages/checkouts/firebase-ios-sdk/SwiftPM-PlatformExclude/FirebaseFirestoreWrap/dummy.m normal arm64 objective-c com.apple.compilers.llvm.clang.1_0.compiler (in target 'FirebaseFirestoreTarget' from project 'Firebase')
    cd /Users/emanuelflury/github/TaxedGmbH_IOS/TaxedGmbH_IOS.xcodeproj
    
    Using response file: /Users/emanuelflury/Library/Developer/Xcode/DerivedData/TaxedGmbH_IOS-gerngfqzuwudosgobknlgtoawnlj/Build/Intermediates.noindex/Firebase.build/Debug-iphoneos/FirebaseFirestoreTarget.build/Objects-normal/arm64/e6072d4f65d7061329687fe24e3d63a7-common-args.resp
    
    builtin-ScanDependencies -o /Users/emanuelflury/Library/Developer/Xcode/DerivedData/TaxedGmbH_IOS-gerngfqzuwudosgobknlgtoawnlj/Build/Intermediates.noindex/Firebase.build/Debug-iphoneos/FirebaseFirestoreTarget.build/Objects-normal/arm64/dummy.o.scan -- /Applications/Xcode.app/Contents/Developer/Toolchains/XcodeDefault.xctoolchain/usr/bin/clang -x objective-c -ivfsstatcache /Users/emanuelflury/Library/Developer/Xcode/DerivedData/SDKStatCaches.noindex/iphoneos26.1-23B77-69b33fc7382b27d9b5d46e82a00f8e78.sdkstatcache -fmessage-length\=0 -fdiagnostics-show-note-include-stack -fmacro-backtrace-limit\=0 -fno-color-diagnostics -fmodules-prune-interval\=86400 -fmodules-prune-after\=345600 -fbuild-session-file\=/Users/emanuelflury/Library/Developer/Xcode/DerivedData/ModuleCache.noindex/Session.modulevalidation -fmodules-validate-once-per-build-session -Wnon-modular-include-in-framework-module -Werror\=non-modular-include-in-framework-module -Wno-trigraphs -Wno-missing-field-initializers -Wno-missing-prototypes -Wno-return-type -Wno-implicit-atomic-properties -Wno-objc-interface-ivars -Wno-arc-repeated-use-of-weak -Wno-missing-braces -Wparentheses -Wswitch -Wno-unused-function -Wno-unused-label -Wno-unused-parameter -Wno-unused-variable -Wunused-value -Wno-empty-body -Wno-uninitialized -Wno-unknown-pragmas -w -Wno-shadow -Wno-four-char-constants -Wno-conversion -Wno-constant-conversion -Wno-int-conversion -Wno-bool-conversion -Wno-enum-conversion -Wno-float-conversion -Wno-non-literal-null-conversion -Wno-objc-literal-conversion -Wshorten-64-to-32 -Wpointer-sign -Wno-newline-eof -Wno-selector -Wno-strict-selector-match -Wno-undeclared-selector -Wno-deprecated-implementations -Wno-implicit-fallthrough -fstrict-aliasing -Wprotocol -Wdeprecated-declarations -Wno-sign-conversion -Wno-infinite-recursion -Wno-comma -Wno-block-capture-autoreleasing -Wno-strict-prototypes -Wno-semicolon-before-method-body -index-store-path /Users/emanuelflury/Library/Developer/Xcode/DerivedData/TaxedGmbH_IOS-gerngfqzuwudosgobknlgtoawnlj/Index.noindex/DataStore @/Users/emanuelflury/Library/Developer/Xcode/DerivedData/TaxedGmbH_IOS-gerngfqzuwudosgobknlgtoawnlj/Build/Intermediates.noindex/Firebase.build/Debug-iphoneos/FirebaseFirestoreTarget.build/Objects-normal/arm64/e6072d4f65d7061329687fe24e3d63a7-common-args.resp -MMD -MT dependencies -MF /Users/emanuelflury/Library/Developer/Xcode/DerivedData/TaxedGmbH_IOS-gerngfqzuwudosgobknlgtoawnlj/Build/Intermediates.noindex/Firebase.build/Debug-iphoneos/FirebaseFirestoreTarget.build/Objects-normal/arm64/dummy.d --serialize-diagnostics /Users/emanuelflury/Library/Developer/Xcode/DerivedData/TaxedGmbH_IOS-gerngfqzuwudosgobknlgtoawnlj/Build/Intermediates.noindex/Firebase.build/Debug-iphoneos/FirebaseFirestoreTarget.build/Objects-normal/arm64/dummy.dia -c /Users/emanuelflury/Library/Developer/Xcode/DerivedData/TaxedGmbH_IOS-gerngfqzuwudosgobknlgtoawnlj/SourcePackages/checkouts/firebase-ios-sdk/SwiftPM-PlatformExclude/FirebaseFirestoreWrap/dummy.m -o /Users/emanuelflury/Library/Developer/Xcode/DerivedData/TaxedGmbH_IOS-gerngfqzuwudosgobknlgtoawnlj/Build/Intermediates.noindex/Firebase.build/Debug-iphoneos/FirebaseFirestoreTarget.build/Objects-normal/arm64/dummy.o -index-unit-output-path /Firebase.build/Debug-iphoneos/FirebaseFirestoreTarget.build/Objects-normal/arm64/dummy.o

ProcessProductPackagingDER /Users/emanuelflury/Library/Developer/Xcode/DerivedData/TaxedGmbH_IOS-gerngfqzuwudosgobknlgtoawnlj/Build/Intermediates.noindex/TaxedGmbH_IOS.build/Debug-iphoneos/TaxedGmbH_IOS.build/TaxedGmbH_IOS.app.xcent /Users/emanuelflury/Library/Developer/Xcode/DerivedData/TaxedGmbH_IOS-gerngfqzuwudosgobknlgtoawnlj/Build/Intermediates.noindex/TaxedGmbH_IOS.build/Debug-iphoneos/TaxedGmbH_IOS.build/TaxedGmbH_IOS.app.xcent.der (in target 'TaxedGmbH_IOS' from project 'TaxedGmbH_IOS')
    cd /Users/emanuelflury/github/TaxedGmbH_IOS
    /usr/bin/derq query -f xml -i /Users/emanuelflury/Library/Developer/Xcode/DerivedData/TaxedGmbH_IOS-gerngfqzuwudosgobknlgtoawnlj/Build/Intermediates.noindex/TaxedGmbH_IOS.build/Debug-iphoneos/TaxedGmbH_IOS.build/TaxedGmbH_IOS.app.xcent -o /Users/emanuelflury/Library/Developer/Xcode/DerivedData/TaxedGmbH_IOS-gerngfqzuwudosgobknlgtoawnlj/Build/Intermediates.noindex/TaxedGmbH_IOS.build/Debug-iphoneos/TaxedGmbH_IOS.build/TaxedGmbH_IOS.app.xcent.der --raw

PrecompileModule /Users/emanuelflury/Library/Developer/Xcode/DerivedData/TaxedGmbH_IOS-gerngfqzuwudosgobknlgtoawnlj/Build/Intermediates.noindex/ExplicitPrecompiledModules/ptrcheck-F0BOIWKHIXVDQVRVY4BZ2RNJV.scan
    cd /
    builtin-precompileModule /Users/emanuelflury/Library/Developer/Xcode/DerivedData/TaxedGmbH_IOS-gerngfqzuwudosgobknlgtoawnlj/Build/Intermediates.noindex/ExplicitPrecompiledModules/ptrcheck-F0BOIWKHIXVDQVRVY4BZ2RNJV.scan

PrecompileModule /Users/emanuelflury/Library/Developer/Xcode/DerivedData/TaxedGmbH_IOS-gerngfqzuwudosgobknlgtoawnlj/Build/Intermediates.noindex/ExplicitPrecompiledModules/_AvailabilityInternal-AKEF4N4TAD3HP8VBZQ3PP5DU5.scan
    cd /
    builtin-precompileModule /Users/emanuelflury/Library/Developer/Xcode/DerivedData/TaxedGmbH_IOS-gerngfqzuwudosgobknlgtoawnlj/Build/Intermediates.noindex/ExplicitPrecompiledModules/_AvailabilityInternal-AKEF4N4TAD3HP8VBZQ3PP5DU5.scan

PrecompileModule /Users/emanuelflury/Library/Developer/Xcode/DerivedData/TaxedGmbH_IOS-gerngfqzuwudosgobknlgtoawnlj/Build/Intermediates.noindex/ExplicitPrecompiledModules/_DarwinFoundation1-E4XSMW6WTV6GBLZRZ79JDLSYY.scan
    cd /
    builtin-precompileModule /Users/emanuelflury/Library/Developer/Xcode/DerivedData/TaxedGmbH_IOS-gerngfqzuwudosgobknlgtoawnlj/Build/Intermediates.noindex/ExplicitPrecompiledModules/_DarwinFoundation1-E4XSMW6WTV6GBLZRZ79JDLSYY.scan

SwiftDriverJobDiscovery normal arm64 Compiling DeleteAccountResponse.swift, EmailLinkSignInRequest.swift, EmailLinkSignInResponse.swift, GetAccountInfoRequest.swift, GetAccountInfoResponse.swift, GetOOBConfirmationCodeRequest.swift, GetOOBConfirmationCodeResponse.swift, GetProjectConfigRequest.swift, GetProjectConfigResponse.swift, GetRecaptchaConfigRequest.swift, GetRecaptchaConfigResponse.swift, FinalizeMFAEnrollmentRequest.swift (in target 'FirebaseAuth' from project 'Firebase')

MkDir /Users/emanuelflury/Library/Developer/Xcode/DerivedData/TaxedGmbH_IOS-gerngfqzuwudosgobknlgtoawnlj/Build/Intermediates.noindex/TaxedGmbH_IOS.build/Debug-iphoneos/TaxedGmbH_IOS.build/assetcatalog_output/unthinned (in target 'TaxedGmbH_IOS' from project 'TaxedGmbH_IOS')
    cd /Users/emanuelflury/github/TaxedGmbH_IOS
    /bin/mkdir -p /Users/emanuelflury/Library/Developer/Xcode/DerivedData/TaxedGmbH_IOS-gerngfqzuwudosgobknlgtoawnlj/Build/Intermediates.noindex/TaxedGmbH_IOS.build/Debug-iphoneos/TaxedGmbH_IOS.build/assetcatalog_output/unthinned

MkDir /Users/emanuelflury/Library/Developer/Xcode/DerivedData/TaxedGmbH_IOS-gerngfqzuwudosgobknlgtoawnlj/Build/Intermediates.noindex/TaxedGmbH_IOS.build/Debug-iphoneos/TaxedGmbH_IOS.build/assetcatalog_output/thinned (in target 'TaxedGmbH_IOS' from project 'TaxedGmbH_IOS')
    cd /Users/emanuelflury/github/TaxedGmbH_IOS
    /bin/mkdir -p /Users/emanuelflury/Library/Developer/Xcode/DerivedData/TaxedGmbH_IOS-gerngfqzuwudosgobknlgtoawnlj/Build/Intermediates.noindex/TaxedGmbH_IOS.build/Debug-iphoneos/TaxedGmbH_IOS.build/assetcatalog_output/thinned

GenerateAssetSymbols /Users/emanuelflury/github/TaxedGmbH_IOS/TaxedGmbH_IOS/Resources/Assets/Assets.xcassets (in target 'TaxedGmbH_IOS' from project 'TaxedGmbH_IOS')
    cd /Users/emanuelflury/github/TaxedGmbH_IOS
    /Applications/Xcode.app/Contents/Developer/usr/bin/actool /Users/emanuelflury/github/TaxedGmbH_IOS/TaxedGmbH_IOS/Resources/Assets/Assets.xcassets --compile /Users/emanuelflury/Library/Developer/Xcode/DerivedData/TaxedGmbH_IOS-gerngfqzuwudosgobknlgtoawnlj/Build/Products/Debug-iphoneos/TaxedGmbH_IOS.app --output-format human-readable-text --notices --warnings --export-dependency-info /Users/emanuelflury/Library/Developer/Xcode/DerivedData/TaxedGmbH_IOS-gerngfqzuwudosgobknlgtoawnlj/Build/Intermediates.noindex/TaxedGmbH_IOS.build/Debug-iphoneos/TaxedGmbH_IOS.build/assetcatalog_dependencies --output-partial-info-plist /Users/emanuelflury/Library/Developer/Xcode/DerivedData/TaxedGmbH_IOS-gerngfqzuwudosgobknlgtoawnlj/Build/Intermediates.noindex/TaxedGmbH_IOS.build/Debug-iphoneos/TaxedGmbH_IOS.build/assetcatalog_generated_info.plist --app-icon AppIcon --accent-color AccentColor --compress-pngs --enable-on-demand-resources YES --development-region en --target-device iphone --minimum-deployment-target 17.0 --platform iphoneos --bundle-identifier com.taxed.app --generate-swift-asset-symbols /Users/emanuelflury/Library/Developer/Xcode/DerivedData/TaxedGmbH_IOS-gerngfqzuwudosgobknlgtoawnlj/Build/Intermediates.noindex/TaxedGmbH_IOS.build/Debug-iphoneos/TaxedGmbH_IOS.build/DerivedSources/GeneratedAssetSymbols.swift --generate-objc-asset-symbols /Users/emanuelflury/Library/Developer/Xcode/DerivedData/TaxedGmbH_IOS-gerngfqzuwudosgobknlgtoawnlj/Build/Intermediates.noindex/TaxedGmbH_IOS.build/Debug-iphoneos/TaxedGmbH_IOS.build/DerivedSources/GeneratedAssetSymbols.h --generate-asset-symbol-index /Users/emanuelflury/Library/Developer/Xcode/DerivedData/TaxedGmbH_IOS-gerngfqzuwudosgobknlgtoawnlj/Build/Intermediates.noindex/TaxedGmbH_IOS.build/Debug-iphoneos/TaxedGmbH_IOS.build/DerivedSources/GeneratedAssetSymbols-Index.plist
/* com.apple.actool.compilation-results */
/Users/emanuelflury/Library/Developer/Xcode/DerivedData/TaxedGmbH_IOS-gerngfqzuwudosgobknlgtoawnlj/Build/Intermediates.noindex/TaxedGmbH_IOS.build/Debug-iphoneos/TaxedGmbH_IOS.build/DerivedSources/GeneratedAssetSymbols-Index.plist
/Users/emanuelflury/Library/Developer/Xcode/DerivedData/TaxedGmbH_IOS-gerngfqzuwudosgobknlgtoawnlj/Build/Intermediates.noindex/TaxedGmbH_IOS.build/Debug-iphoneos/TaxedGmbH_IOS.build/DerivedSources/GeneratedAssetSymbols.h
/Users/emanuelflury/Library/Developer/Xcode/DerivedData/TaxedGmbH_IOS-gerngfqzuwudosgobknlgtoawnlj/Build/Intermediates.noindex/TaxedGmbH_IOS.build/Debug-iphoneos/TaxedGmbH_IOS.build/DerivedSources/GeneratedAssetSymbols.swift


CompileC /Users/emanuelflury/Library/Developer/Xcode/DerivedData/TaxedGmbH_IOS-gerngfqzuwudosgobknlgtoawnlj/Build/Intermediates.noindex/Firebase.build/Debug-iphoneos/FirebaseFirestoreTarget.build/Objects-normal/arm64/dummy.o /Users/emanuelflury/Library/Developer/Xcode/DerivedData/TaxedGmbH_IOS-gerngfqzuwudosgobknlgtoawnlj/SourcePackages/checkouts/firebase-ios-sdk/SwiftPM-PlatformExclude/FirebaseFirestoreWrap/dummy.m normal arm64 objective-c com.apple.compilers.llvm.clang.1_0.compiler (in target 'FirebaseFirestoreTarget' from project 'Firebase')
    cd /Users/emanuelflury/github/TaxedGmbH_IOS/TaxedGmbH_IOS.xcodeproj
    
    Using response file: /Users/emanuelflury/Library/Developer/Xcode/DerivedData/TaxedGmbH_IOS-gerngfqzuwudosgobknlgtoawnlj/Build/Intermediates.noindex/Firebase.build/Debug-iphoneos/FirebaseFirestoreTarget.build/Objects-normal/arm64/e6072d4f65d7061329687fe24e3d63a7-common-args.resp
    
    /Applications/Xcode.app/Contents/Developer/Toolchains/XcodeDefault.xctoolchain/usr/bin/clang -x objective-c -ivfsstatcache /Users/emanuelflury/Library/Developer/Xcode/DerivedData/SDKStatCaches.noindex/iphoneos26.1-23B77-69b33fc7382b27d9b5d46e82a00f8e78.sdkstatcache -fmessage-length\=0 -fdiagnostics-show-note-include-stack -fmacro-backtrace-limit\=0 -fno-color-diagnostics -fmodules-prune-interval\=86400 -fmodules-prune-after\=345600 -fbuild-session-file\=/Users/emanuelflury/Library/Developer/Xcode/DerivedData/ModuleCache.noindex/Session.modulevalidation -fmodules-validate-once-per-build-session -Wnon-modular-include-in-framework-module -Werror\=non-modular-include-in-framework-module -Wno-trigraphs -Wno-missing-field-initializers -Wno-missing-prototypes -Wno-return-type -Wno-implicit-atomic-properties -Wno-objc-interface-ivars -Wno-arc-repeated-use-of-weak -Wno-missing-braces -Wparentheses -Wswitch -Wno-unused-function -Wno-unused-label -Wno-unused-parameter -Wno-unused-variable -Wunused-value -Wno-empty-body -Wno-uninitialized -Wno-unknown-pragmas -w -Wno-shadow -Wno-four-char-constants -Wno-conversion -Wno-constant-conversion -Wno-int-conversion -Wno-bool-conversion -Wno-enum-conversion -Wno-float-conversion -Wno-non-literal-null-conversion -Wno-objc-literal-conversion -Wshorten-64-to-32 -Wpointer-sign -Wno-newline-eof -Wno-selector -Wno-strict-selector-match -Wno-undeclared-selector -Wno-deprecated-implementations -Wno-implicit-fallthrough -fstrict-aliasing -Wprotocol -Wdeprecated-declarations -Wno-sign-conversion -Wno-infinite-recursion -Wno-comma -Wno-block-capture-autoreleasing -Wno-strict-prototypes -Wno-semicolon-before-method-body -index-store-path /Users/emanuelflury/Library/Developer/Xcode/DerivedData/TaxedGmbH_IOS-gerngfqzuwudosgobknlgtoawnlj/Index.noindex/DataStore @/Users/emanuelflury/Library/Developer/Xcode/DerivedData/TaxedGmbH_IOS-gerngfqzuwudosgobknlgtoawnlj/Build/Intermediates.noindex/Firebase.build/Debug-iphoneos/FirebaseFirestoreTarget.build/Objects-normal/arm64/e6072d4f65d7061329687fe24e3d63a7-common-args.resp -MMD -MT dependencies -MF /Users/emanuelflury/Library/Developer/Xcode/DerivedData/TaxedGmbH_IOS-gerngfqzuwudosgobknlgtoawnlj/Build/Intermediates.noindex/Firebase.build/Debug-iphoneos/FirebaseFirestoreTarget.build/Objects-normal/arm64/dummy.d --serialize-diagnostics /Users/emanuelflury/Library/Developer/Xcode/DerivedData/TaxedGmbH_IOS-gerngfqzuwudosgobknlgtoawnlj/Build/Intermediates.noindex/Firebase.build/Debug-iphoneos/FirebaseFirestoreTarget.build/Objects-normal/arm64/dummy.dia -c /Users/emanuelflury/Library/Developer/Xcode/DerivedData/TaxedGmbH_IOS-gerngfqzuwudosgobknlgtoawnlj/SourcePackages/checkouts/firebase-ios-sdk/SwiftPM-PlatformExclude/FirebaseFirestoreWrap/dummy.m -o /Users/emanuelflury/Library/Developer/Xcode/DerivedData/TaxedGmbH_IOS-gerngfqzuwudosgobknlgtoawnlj/Build/Intermediates.noindex/Firebase.build/Debug-iphoneos/FirebaseFirestoreTarget.build/Objects-normal/arm64/dummy.o -index-unit-output-path /Firebase.build/Debug-iphoneos/FirebaseFirestoreTarget.build/Objects-normal/arm64/dummy.o

CompileAssetCatalogVariant thinned /Users/emanuelflury/Library/Developer/Xcode/DerivedData/TaxedGmbH_IOS-gerngfqzuwudosgobknlgtoawnlj/Build/Products/Debug-iphoneos/TaxedGmbH_IOS.app /Users/emanuelflury/github/TaxedGmbH_IOS/TaxedGmbH_IOS/Resources/Assets/Assets.xcassets (in target 'TaxedGmbH_IOS' from project 'TaxedGmbH_IOS')
    cd /Users/emanuelflury/github/TaxedGmbH_IOS
    /Applications/Xcode.app/Contents/Developer/usr/bin/actool /Users/emanuelflury/github/TaxedGmbH_IOS/TaxedGmbH_IOS/Resources/Assets/Assets.xcassets --compile /Users/emanuelflury/Library/Developer/Xcode/DerivedData/TaxedGmbH_IOS-gerngfqzuwudosgobknlgtoawnlj/Build/Intermediates.noindex/TaxedGmbH_IOS.build/Debug-iphoneos/TaxedGmbH_IOS.build/assetcatalog_output/thinned --output-format human-readable-text --notices --warnings --export-dependency-info /Users/emanuelflury/Library/Developer/Xcode/DerivedData/TaxedGmbH_IOS-gerngfqzuwudosgobknlgtoawnlj/Build/Intermediates.noindex/TaxedGmbH_IOS.build/Debug-iphoneos/TaxedGmbH_IOS.build/assetcatalog_dependencies_thinned --output-partial-info-plist /Users/emanuelflury/Library/Developer/Xcode/DerivedData/TaxedGmbH_IOS-gerngfqzuwudosgobknlgtoawnlj/Build/Intermediates.noindex/TaxedGmbH_IOS.build/Debug-iphoneos/TaxedGmbH_IOS.build/assetcatalog_generated_info.plist_thinned --app-icon AppIcon --accent-color AccentColor --compress-pngs --enable-on-demand-resources YES --development-region en --target-device iphone --minimum-deployment-target 17.0 --platform iphoneos

SwiftDriver TaxedGmbH_IOS normal arm64 com.apple.xcode.tools.swift.compiler (in target 'TaxedGmbH_IOS' from project 'TaxedGmbH_IOS')
    cd /Users/emanuelflury/github/TaxedGmbH_IOS
    builtin-SwiftDriver -- /Applications/Xcode.app/Contents/Developer/Toolchains/XcodeDefault.xctoolchain/usr/bin/swiftc -module-name TaxedGmbH_IOS -Onone -enforce-exclusivity\=checked @/Users/emanuelflury/Library/Developer/Xcode/DerivedData/TaxedGmbH_IOS-gerngfqzuwudosgobknlgtoawnlj/Build/Intermediates.noindex/TaxedGmbH_IOS.build/Debug-iphoneos/TaxedGmbH_IOS.build/Objects-normal/arm64/TaxedGmbH_IOS.SwiftFileList -DDEBUG -Xcc -fmodule-map-file\=/Users/emanuelflury/Library/Developer/Xcode/DerivedData/TaxedGmbH_IOS-gerngfqzuwudosgobknlgtoawnlj/Build/Intermediates.noindex/GeneratedModuleMaps-iphoneos/RecaptchaInterop.modulemap -Xcc -fmodule-map-file\=/Users/emanuelflury/Library/Developer/Xcode/DerivedData/TaxedGmbH_IOS-gerngfqzuwudosgobknlgtoawnlj/Build/Intermediates.noindex/GeneratedModuleMaps-iphoneos/FirebaseAuthInternal.modulemap -Xcc -fmodule-map-file\=/Users/emanuelflury/Library/Developer/Xcode/DerivedData/TaxedGmbH_IOS-gerngfqzuwudosgobknlgtoawnlj/Build/Intermediates.noindex/GeneratedModuleMaps-iphoneos/abslWrapper.modulemap -Xcc -fmodule-map-file\=/Users/emanuelflury/Library/Developer/Xcode/DerivedData/TaxedGmbH_IOS-gerngfqzuwudosgobknlgtoawnlj/Build/Intermediates.noindex/GeneratedModuleMaps-iphoneos/opensslWrapper.modulemap -Xcc -fmodule-map-file\=/Users/emanuelflury/Library/Developer/Xcode/DerivedData/TaxedGmbH_IOS-gerngfqzuwudosgobknlgtoawnlj/Build/Intermediates.noindex/GeneratedModuleMaps-iphoneos/grpcWrapper.modulemap -Xcc -fmodule-map-file\=/Users/emanuelflury/Library/Developer/Xcode/DerivedData/TaxedGmbH_IOS-gerngfqzuwudosgobknlgtoawnlj/Build/Intermediates.noindex/GeneratedModuleMaps-iphoneos/grpcppWrapper.modulemap -Xcc -fmodule-map-file\=/Users/emanuelflury/Library/Developer/Xcode/DerivedData/TaxedGmbH_IOS-gerngfqzuwudosgobknlgtoawnlj/Build/Intermediates.noindex/GeneratedModuleMaps-iphoneos/leveldb.modulemap -Xcc -fmodule-map-file\=/Users/emanuelflury/Library/Developer/Xcode/DerivedData/TaxedGmbH_IOS-gerngfqzuwudosgobknlgtoawnlj/Build/Intermediates.noindex/GeneratedModuleMaps-iphoneos/FirebaseFirestoreInternalWrapper.modulemap -Xcc -fmodule-map-file\=/Users/emanuelflury/Library/Developer/Xcode/DerivedData/TaxedGmbH_IOS-gerngfqzuwudosgobknlgtoawnlj/Build/Intermediates.noindex/GeneratedModuleMaps-iphoneos/FirebaseFirestoreTarget.modulemap -Xcc -fmodule-map-file\=/Users/emanuelflury/Library/Developer/Xcode/DerivedData/TaxedGmbH_IOS-gerngfqzuwudosgobknlgtoawnlj/Build/Intermediates.noindex/GeneratedModuleMaps-iphoneos/GoogleAdsOnDeviceConversionTarget.modulemap -Xcc -fmodule-map-file\=/Users/emanuelflury/Library/Developer/Xcode/DerivedData/TaxedGmbH_IOS-gerngfqzuwudosgobknlgtoawnlj/Build/Intermediates.noindex/GeneratedModuleMaps-iphoneos/GoogleAppMeasurementTarget.modulemap -Xcc -fmodule-map-file\=/Users/emanuelflury/Library/Developer/Xcode/DerivedData/TaxedGmbH_IOS-gerngfqzuwudosgobknlgtoawnlj/Build/Intermediates.noindex/GeneratedModuleMaps-iphoneos/GoogleUtilities-MethodSwizzler.modulemap -Xcc -fmodule-map-file\=/Users/emanuelflury/Library/Developer/Xcode/DerivedData/TaxedGmbH_IOS-gerngfqzuwudosgobknlgtoawnlj/Build/Intermediates.noindex/GeneratedModuleMaps-iphoneos/FirebaseAnalyticsWrapper.modulemap -Xcc -fmodule-map-file\=/Users/emanuelflury/Library/Developer/Xcode/DerivedData/TaxedGmbH_IOS-gerngfqzuwudosgobknlgtoawnlj/Build/Intermediates.noindex/GeneratedModuleMaps-iphoneos/FirebaseAnalyticsTarget.modulemap -Xcc -fmodule-map-file\=/Users/emanuelflury/Library/Developer/Xcode/DerivedData/TaxedGmbH_IOS-gerngfqzuwudosgobknlgtoawnlj/Build/Intermediates.noindex/GeneratedModuleMaps-iphoneos/GTMSessionFetcherCore.modulemap -Xcc -fmodule-map-file\=/Users/emanuelflury/Library/Developer/Xcode/DerivedData/TaxedGmbH_IOS-gerngfqzuwudosgobknlgtoawnlj/Build/Intermediates.noindex/GeneratedModuleMaps-iphoneos/FirebaseMessagingInterop.modulemap -Xcc -fmodule-map-file\=/Users/emanuelflury/Library/Developer/Xcode/DerivedData/TaxedGmbH_IOS-gerngfqzuwudosgobknlgtoawnlj/Build/Intermediates.noindex/GeneratedModuleMaps-iphoneos/FirebaseCoreExtension.modulemap -Xcc -fmodule-map-file\=/Users/emanuelflury/Library/Developer/Xcode/DerivedData/TaxedGmbH_IOS-gerngfqzuwudosgobknlgtoawnlj/Build/Intermediates.noindex/GeneratedModuleMaps-iphoneos/FirebaseAuthInterop.modulemap -Xcc -fmodule-map-file\=/Users/emanuelflury/Library/Developer/Xcode/DerivedData/TaxedGmbH_IOS-gerngfqzuwudosgobknlgtoawnlj/Build/Intermediates.noindex/GeneratedModuleMaps-iphoneos/FirebaseAppCheckInterop.modulemap -Xcc -fmodule-map-file\=/Users/emanuelflury/Library/Developer/Xcode/DerivedData/TaxedGmbH_IOS-gerngfqzuwudosgobknlgtoawnlj/Build/Intermediates.noindex/GeneratedModuleMaps-iphoneos/GoogleUtilities-UserDefaults.modulemap -Xcc -fmodule-map-file\=/Users/emanuelflury/Library/Developer/Xcode/DerivedData/TaxedGmbH_IOS-gerngfqzuwudosgobknlgtoawnlj/Build/Intermediates.noindex/GeneratedModuleMaps-iphoneos/GoogleUtilities-Network.modulemap -Xcc -fmodule-map-file\=/Users/emanuelflury/Library/Developer/Xcode/DerivedData/TaxedGmbH_IOS-gerngfqzuwudosgobknlgtoawnlj/Build/Intermediates.noindex/GeneratedModuleMaps-iphoneos/GoogleUtilities-NSData.modulemap -Xcc -fmodule-map-file\=/Users/emanuelflury/Library/Developer/Xcode/DerivedData/TaxedGmbH_IOS-gerngfqzuwudosgobknlgtoawnlj/Build/Intermediates.noindex/GeneratedModuleMaps-iphoneos/GoogleUtilities-AppDelegateSwizzler.modulemap -Xcc -fmodule-map-file\=/Users/emanuelflury/Library/Developer/Xcode/DerivedData/TaxedGmbH_IOS-gerngfqzuwudosgobknlgtoawnlj/Build/Intermediates.noindex/GeneratedModuleMaps-iphoneos/GoogleUtilities-Logger.modulemap -Xcc -fmodule-map-file\=/Users/emanuelflury/Library/Developer/Xcode/DerivedData/TaxedGmbH_IOS-gerngfqzuwudosgobknlgtoawnlj/Build/Intermediates.noindex/GeneratedModuleMaps-iphoneos/GoogleUtilities-Environment.modulemap -Xcc -fmodule-map-file\=/Users/emanuelflury/Library/Developer/Xcode/DerivedData/TaxedGmbH_IOS-gerngfqzuwudosgobknlgtoawnlj/Build/Intermediates.noindex/GeneratedModuleMaps-iphoneos/third-party-IsAppEncrypted.modulemap -Xcc -fmodule-map-file\=/Users/emanuelflury/Library/Developer/Xcode/DerivedData/TaxedGmbH_IOS-gerngfqzuwudosgobknlgtoawnlj/Build/Intermediates.noindex/GeneratedModuleMaps-iphoneos/GoogleUtilities-Reachability.modulemap -Xcc -fmodule-map-file\=/Users/emanuelflury/Library/Developer/Xcode/DerivedData/TaxedGmbH_IOS-gerngfqzuwudosgobknlgtoawnlj/Build/Intermediates.noindex/GeneratedModuleMaps-iphoneos/GoogleDataTransport.modulemap -Xcc -fmodule-map-file\=/Users/emanuelflury/Library/Developer/Xcode/DerivedData/TaxedGmbH_IOS-gerngfqzuwudosgobknlgtoawnlj/Build/Intermediates.noindex/GeneratedModuleMaps-iphoneos/nanopb.modulemap -Xcc -fmodule-map-file\=/Users/emanuelflury/Library/Developer/Xcode/DerivedData/TaxedGmbH_IOS-gerngfqzuwudosgobknlgtoawnlj/Build/Intermediates.noindex/GeneratedModuleMaps-iphoneos/FirebaseInstallations.modulemap -Xcc -fmodule-map-file\=/Users/emanuelflury/Library/Developer/Xcode/DerivedData/TaxedGmbH_IOS-gerngfqzuwudosgobknlgtoawnlj/Build/Intermediates.noindex/GeneratedModuleMaps-iphoneos/FirebaseCore.modulemap -Xcc -fmodule-map-file\=/Users/emanuelflury/Library/Developer/Xcode/DerivedData/TaxedGmbH_IOS-gerngfqzuwudosgobknlgtoawnlj/Build/Intermediates.noindex/GeneratedModuleMaps-iphoneos/FirebaseMessaging.modulemap -default-isolation\=MainActor -enable-bare-slash-regex -enable-upcoming-feature DisableOutwardActorInference -enable-upcoming-feature InferSendableFromCaptures -enable-upcoming-feature GlobalActorIsolatedTypesUsability -enable-upcoming-feature MemberImportVisibility -enable-upcoming-feature InferIsolatedConformances -enable-upcoming-feature NonisolatedNonsendingByDefault -enable-experimental-feature DebugDescriptionMacro -sdk /Applications/Xcode.app/Contents/Developer/Platforms/iPhoneOS.platform/Developer/SDKs/iPhoneOS26.1.sdk -target arm64-apple-ios17.0 -g -module-cache-path /Users/emanuelflury/Library/Developer/Xcode/DerivedData/ModuleCache.noindex -Xfrontend -serialize-debugging-options -profile-coverage-mapping -profile-generate -enable-testing -index-store-path /Users/emanuelflury/Library/Developer/Xcode/DerivedData/TaxedGmbH_IOS-gerngfqzuwudosgobknlgtoawnlj/Index.noindex/DataStore -Xcc -D_LIBCPP_HARDENING_MODE\=_LIBCPP_HARDENING_MODE_DEBUG -swift-version 5 -I /Users/emanuelflury/Library/Developer/Xcode/DerivedData/TaxedGmbH_IOS-gerngfqzuwudosgobknlgtoawnlj/Build/Products/Debug-iphoneos -F /Users/emanuelflury/Library/Developer/Xcode/DerivedData/TaxedGmbH_IOS-gerngfqzuwudosgobknlgtoawnlj/Build/Products/Debug-iphoneos/PackageFrameworks -F /Users/emanuelflury/Library/Developer/Xcode/DerivedData/TaxedGmbH_IOS-gerngfqzuwudosgobknlgtoawnlj/Build/Products/Debug-iphoneos/PackageFrameworks -F /Users/emanuelflury/Library/Developer/Xcode/DerivedData/TaxedGmbH_IOS-gerngfqzuwudosgobknlgtoawnlj/Build/Products/Debug-iphoneos/PackageFrameworks -F /Users/emanuelflury/Library/Developer/Xcode/DerivedData/TaxedGmbH_IOS-gerngfqzuwudosgobknlgtoawnlj/Build/Products/Debug-iphoneos/PackageFrameworks -F /Users/emanuelflury/Library/Developer/Xcode/DerivedData/TaxedGmbH_IOS-gerngfqzuwudosgobknlgtoawnlj/Build/Products/Debug-iphoneos/PackageFrameworks -F /Users/emanuelflury/Library/Developer/Xcode/DerivedData/TaxedGmbH_IOS-gerngfqzuwudosgobknlgtoawnlj/Build/Products/Debug-iphoneos/PackageFrameworks -F /Users/emanuelflury/Library/Developer/Xcode/DerivedData/TaxedGmbH_IOS-gerngfqzuwudosgobknlgtoawnlj/Build/Products/Debug-iphoneos/PackageFrameworks -F /Users/emanuelflury/Library/Developer/Xcode/DerivedData/TaxedGmbH_IOS-gerngfqzuwudosgobknlgtoawnlj/Build/Products/Debug-iphoneos/PackageFrameworks -F /Users/emanuelflury/Library/Developer/Xcode/DerivedData/TaxedGmbH_IOS-gerngfqzuwudosgobknlgtoawnlj/Build/Products/Debug-iphoneos/PackageFrameworks -F /Users/emanuelflury/Library/Developer/Xcode/DerivedData/TaxedGmbH_IOS-gerngfqzuwudosgobknlgtoawnlj/Build/Products/Debug-iphoneos/PackageFrameworks -F /Users/emanuelflury/Library/Developer/Xcode/DerivedData/TaxedGmbH_IOS-gerngfqzuwudosgobknlgtoawnlj/Build/Products/Debug-iphoneos/PackageFrameworks -F /Users/emanuelflury/Library/Developer/Xcode/DerivedData/TaxedGmbH_IOS-gerngfqzuwudosgobknlgtoawnlj/Build/Products/Debug-iphoneos/PackageFrameworks -F /Users/emanuelflury/Library/Developer/Xcode/DerivedData/TaxedGmbH_IOS-gerngfqzuwudosgobknlgtoawnlj/Build/Products/Debug-iphoneos/PackageFrameworks -F /Users/emanuelflury/Library/Developer/Xcode/DerivedData/TaxedGmbH_IOS-gerngfqzuwudosgobknlgtoawnlj/Build/Products/Debug-iphoneos/PackageFrameworks -F /Users/emanuelflury/Library/Developer/Xcode/DerivedData/TaxedGmbH_IOS-gerngfqzuwudosgobknlgtoawnlj/Build/Products/Debug-iphoneos/PackageFrameworks -F /Users/emanuelflury/Library/Developer/Xcode/DerivedData/TaxedGmbH_IOS-gerngfqzuwudosgobknlgtoawnlj/Build/Products/Debug-iphoneos/PackageFrameworks -F /Users/emanuelflury/Library/Developer/Xcode/DerivedData/TaxedGmbH_IOS-gerngfqzuwudosgobknlgtoawnlj/Build/Products/Debug-iphoneos/PackageFrameworks -F /Users/emanuelflury/Library/Developer/Xcode/DerivedData/TaxedGmbH_IOS-gerngfqzuwudosgobknlgtoawnlj/Build/Products/Debug-iphoneos/PackageFrameworks -F /Users/emanuelflury/Library/Developer/Xcode/DerivedData/TaxedGmbH_IOS-gerngfqzuwudosgobknlgtoawnlj/Build/Products/Debug-iphoneos/PackageFrameworks -F /Users/emanuelflury/Library/Developer/Xcode/DerivedData/TaxedGmbH_IOS-gerngfqzuwudosgobknlgtoawnlj/Build/Products/Debug-iphoneos/PackageFrameworks -F /Users/emanuelflury/Library/Developer/Xcode/DerivedData/TaxedGmbH_IOS-gerngfqzuwudosgobknlgtoawnlj/Build/Products/Debug-iphoneos/PackageFrameworks -F /Users/emanuelflury/Library/Developer/Xcode/DerivedData/TaxedGmbH_IOS-gerngfqzuwudosgobknlgtoawnlj/Build/Products/Debug-iphoneos/PackageFrameworks -F /Users/emanuelflury/Library/Developer/Xcode/DerivedData/TaxedGmbH_IOS-gerngfqzuwudosgobknlgtoawnlj/Build/Products/Debug-iphoneos/PackageFrameworks -F /Users/emanuelflury/Library/Developer/Xcode/DerivedData/TaxedGmbH_IOS-gerngfqzuwudosgobknlgtoawnlj/Build/Products/Debug-iphoneos/PackageFrameworks -F /Users/emanuelflury/Library/Developer/Xcode/DerivedData/TaxedGmbH_IOS-gerngfqzuwudosgobknlgtoawnlj/Build/Products/Debug-iphoneos/PackageFrameworks -F /Users/emanuelflury/Library/Developer/Xcode/DerivedData/TaxedGmbH_IOS-gerngfqzuwudosgobknlgtoawnlj/Build/Products/Debug-iphoneos/PackageFrameworks -F /Users/emanuelflury/Library/Developer/Xcode/DerivedData/TaxedGmbH_IOS-gerngfqzuwudosgobknlgtoawnlj/Build/Products/Debug-iphoneos/PackageFrameworks -F /Users/emanuelflury/Library/Developer/Xcode/DerivedData/TaxedGmbH_IOS-gerngfqzuwudosgobknlgtoawnlj/Build/Products/Debug-iphoneos/PackageFrameworks -F /Users/emanuelflury/Library/Developer/Xcode/DerivedData/TaxedGmbH_IOS-gerngfqzuwudosgobknlgtoawnlj/Build/Products/Debug-iphoneos/PackageFrameworks -F /Users/emanuelflury/Library/Developer/Xcode/DerivedData/TaxedGmbH_IOS-gerngfqzuwudosgobknlgtoawnlj/Build/Products/Debug-iphoneos/PackageFrameworks -F /Users/emanuelflury/Library/Developer/Xcode/DerivedData/TaxedGmbH_IOS-gerngfqzuwudosgobknlgtoawnlj/Build/Products/Debug-iphoneos/PackageFrameworks -F /Users/emanuelflury/Library/Developer/Xcode/DerivedData/TaxedGmbH_IOS-gerngfqzuwudosgobknlgtoawnlj/Build/Products/Debug-iphoneos/PackageFrameworks -F /Users/emanuelflury/Library/Developer/Xcode/DerivedData/TaxedGmbH_IOS-gerngfqzuwudosgobknlgtoawnlj/Build/Products/Debug-iphoneos/PackageFrameworks -F /Users/emanuelflury/Library/Developer/Xcode/DerivedData/TaxedGmbH_IOS-gerngfqzuwudosgobknlgtoawnlj/Build/Products/Debug-iphoneos/PackageFrameworks -F /Users/emanuelflury/Library/Developer/Xcode/DerivedData/TaxedGmbH_IOS-gerngfqzuwudosgobknlgtoawnlj/Build/Products/Debug-iphoneos/PackageFrameworks -F /Users/emanuelflury/Library/Developer/Xcode/DerivedData/TaxedGmbH_IOS-gerngfqzuwudosgobknlgtoawnlj/Build/Products/Debug-iphoneos/PackageFrameworks -F /Users/emanuelflury/Library/Developer/Xcode/DerivedData/TaxedGmbH_IOS-gerngfqzuwudosgobknlgtoawnlj/Build/Products/Debug-iphoneos/PackageFrameworks -F /Users/emanuelflury/Library/Developer/Xcode/DerivedData/TaxedGmbH_IOS-gerngfqzuwudosgobknlgtoawnlj/Build/Products/Debug-iphoneos/PackageFrameworks -F /Users/emanuelflury/Library/Developer/Xcode/DerivedData/TaxedGmbH_IOS-gerngfqzuwudosgobknlgtoawnlj/Build/Products/Debug-iphoneos/PackageFrameworks -F /Users/emanuelflury/Library/Developer/Xcode/DerivedData/TaxedGmbH_IOS-gerngfqzuwudosgobknlgtoawnlj/Build/Products/Debug-iphoneos/PackageFrameworks -F /Users/emanuelflury/Library/Developer/Xcode/DerivedData/TaxedGmbH_IOS-gerngfqzuwudosgobknlgtoawnlj/Build/Products/Debug-iphoneos -emit-localized-strings -emit-localized-strings-path /Users/emanuelflury/Library/Developer/Xcode/DerivedData/TaxedGmbH_IOS-gerngfqzuwudosgobknlgtoawnlj/Build/Intermediates.noindex/TaxedGmbH_IOS.build/Debug-iphoneos/TaxedGmbH_IOS.build/Objects-normal/arm64 -c -j12 -enable-batch-mode -incremental -Xcc -ivfsstatcache -Xcc /Users/emanuelflury/Library/Developer/Xcode/DerivedData/SDKStatCaches.noindex/iphoneos26.1-23B77-69b33fc7382b27d9b5d46e82a00f8e78.sdkstatcache -output-file-map /Users/emanuelflury/Library/Developer/Xcode/DerivedData/TaxedGmbH_IOS-gerngfqzuwudosgobknlgtoawnlj/Build/Intermediates.noindex/TaxedGmbH_IOS.build/Debug-iphoneos/TaxedGmbH_IOS.build/Objects-normal/arm64/TaxedGmbH_IOS-OutputFileMap.json -use-frontend-parseable-output -save-temps -no-color-diagnostics -explicit-module-build -module-cache-path /Users/emanuelflury/Library/Developer/Xcode/DerivedData/TaxedGmbH_IOS-gerngfqzuwudosgobknlgtoawnlj/Build/Intermediates.noindex/SwiftExplicitPrecompiledModules -clang-scanner-module-cache-path /Users/emanuelflury/Library/Developer/Xcode/DerivedData/ModuleCache.noindex -sdk-module-cache-path /Users/emanuelflury/Library/Developer/Xcode/DerivedData/ModuleCache.noindex -serialize-diagnostics -emit-dependencies -emit-module -emit-module-path /Users/emanuelflury/Library/Developer/Xcode/DerivedData/TaxedGmbH_IOS-gerngfqzuwudosgobknlgtoawnlj/Build/Intermediates.noindex/TaxedGmbH_IOS.build/Debug-iphoneos/TaxedGmbH_IOS.build/Objects-normal/arm64/TaxedGmbH_IOS.swiftmodule -validate-clang-modules-once -clang-build-session-file /Users/emanuelflury/Library/Developer/Xcode/DerivedData/ModuleCache.noindex/Session.modulevalidation -Xcc -I/Users/emanuelflury/Library/Developer/Xcode/DerivedData/TaxedGmbH_IOS-gerngfqzuwudosgobknlgtoawnlj/Build/Intermediates.noindex/TaxedGmbH_IOS.build/Debug-iphoneos/TaxedGmbH_IOS.build/swift-overrides.hmap -emit-const-values -Xfrontend -const-gather-protocols-file -Xfrontend /Users/emanuelflury/Library/Developer/Xcode/DerivedData/TaxedGmbH_IOS-gerngfqzuwudosgobknlgtoawnlj/Build/Intermediates.noindex/TaxedGmbH_IOS.build/Debug-iphoneos/TaxedGmbH_IOS.build/Objects-normal/arm64/TaxedGmbH_IOS_const_extract_protocols.json -Xcc -iquote -Xcc /Users/emanuelflury/Library/Developer/Xcode/DerivedData/TaxedGmbH_IOS-gerngfqzuwudosgobknlgtoawnlj/Build/Intermediates.noindex/TaxedGmbH_IOS.build/Debug-iphoneos/TaxedGmbH_IOS.build/TaxedGmbH_IOS-generated-files.hmap -Xcc -I/Users/emanuelflury/Library/Developer/Xcode/DerivedData/TaxedGmbH_IOS-gerngfqzuwudosgobknlgtoawnlj/Build/Intermediates.noindex/TaxedGmbH_IOS.build/Debug-iphoneos/TaxedGmbH_IOS.build/TaxedGmbH_IOS-own-target-headers.hmap -Xcc -I/Users/emanuelflury/Library/Developer/Xcode/DerivedData/TaxedGmbH_IOS-gerngfqzuwudosgobknlgtoawnlj/Build/Intermediates.noindex/TaxedGmbH_IOS.build/Debug-iphoneos/TaxedGmbH_IOS.build/TaxedGmbH_IOS-all-non-framework-target-headers.hmap -Xcc -ivfsoverlay -Xcc /Users/emanuelflury/Library/Developer/Xcode/DerivedData/TaxedGmbH_IOS-gerngfqzuwudosgobknlgtoawnlj/Build/Intermediates.noindex/TaxedGmbH_IOS.build/Debug-iphoneos/TaxedGmbH_IOS-455a548ebb4bd5c370c51b93d3292e34-VFS-iphoneos/all-product-headers.yaml -Xcc -iquote -Xcc /Users/emanuelflury/Library/Developer/Xcode/DerivedData/TaxedGmbH_IOS-gerngfqzuwudosgobknlgtoawnlj/Build/Intermediates.noindex/TaxedGmbH_IOS.build/Debug-iphoneos/TaxedGmbH_IOS.build/TaxedGmbH_IOS-project-headers.hmap -Xcc -I/Users/emanuelflury/Library/Developer/Xcode/DerivedData/TaxedGmbH_IOS-gerngfqzuwudosgobknlgtoawnlj/SourcePackages/checkouts/interop-ios-for-google-sdks/RecaptchaEnterprise/RecaptchaInterop/Public -Xcc -I/Users/emanuelflury/Library/Developer/Xcode/DerivedData/TaxedGmbH_IOS-gerngfqzuwudosgobknlgtoawnlj/SourcePackages/checkouts/firebase-ios-sdk/FirebaseAuth/Sources/Public -Xcc -I/Users/emanuelflury/Library/Developer/Xcode/DerivedData/TaxedGmbH_IOS-gerngfqzuwudosgobknlgtoawnlj/SourcePackages/checkouts/abseil-cpp-binary/absl-Wrapper/include -Xcc -I/Users/emanuelflury/Library/Developer/Xcode/DerivedData/TaxedGmbH_IOS-gerngfqzuwudosgobknlgtoawnlj/SourcePackages/checkouts/grpc-binary/openssl-grpc-Wrapper/include -Xcc -I/Users/emanuelflury/Library/Developer/Xcode/DerivedData/TaxedGmbH_IOS-gerngfqzuwudosgobknlgtoawnlj/SourcePackages/checkouts/grpc-binary/grpc-Wrapper/include -Xcc -I/Users/emanuelflury/Library/Developer/Xcode/DerivedData/TaxedGmbH_IOS-gerngfqzuwudosgobknlgtoawnlj/SourcePackages/checkouts/grpc-binary/grpcpp-Wrapper/include -Xcc -I/Users/emanuelflury/Library/Developer/Xcode/DerivedData/TaxedGmbH_IOS-gerngfqzuwudosgobknlgtoawnlj/SourcePackages/checkouts/leveldb/include -Xcc -I/Users/emanuelflury/Library/Developer/Xcode/DerivedData/TaxedGmbH_IOS-gerngfqzuwudosgobknlgtoawnlj/SourcePackages/checkouts/firebase-ios-sdk/FirebaseFirestoreInternal -Xcc -I/Users/emanuelflury/Library/Developer/Xcode/DerivedData/TaxedGmbH_IOS-gerngfqzuwudosgobknlgtoawnlj/SourcePackages/checkouts/firebase-ios-sdk/SwiftPM-PlatformExclude/FirebaseFirestoreWrap/include -Xcc -I/Users/emanuelflury/Library/Developer/Xcode/DerivedData/TaxedGmbH_IOS-gerngfqzuwudosgobknlgtoawnlj/SourcePackages/checkouts/google-ads-on-device-conversion-ios-sdk/GoogleAdsOnDeviceConversionWrapper/include -Xcc -I/Users/emanuelflury/Library/Developer/Xcode/DerivedData/TaxedGmbH_IOS-gerngfqzuwudosgobknlgtoawnlj/SourcePackages/checkouts/GoogleAppMeasurement/GoogleAppMeasurementWrapper/include -Xcc -I/Users/emanuelflury/Library/Developer/Xcode/DerivedData/TaxedGmbH_IOS-gerngfqzuwudosgobknlgtoawnlj/SourcePackages/checkouts/GoogleUtilities/GoogleUtilities/MethodSwizzler/Public -Xcc -I/Users/emanuelflury/Library/Developer/Xcode/DerivedData/TaxedGmbH_IOS-gerngfqzuwudosgobknlgtoawnlj/SourcePackages/checkouts/firebase-ios-sdk/FirebaseAnalyticsWrapper/include -Xcc -I/Users/emanuelflury/Library/Developer/Xcode/DerivedData/TaxedGmbH_IOS-gerngfqzuwudosgobknlgtoawnlj/SourcePackages/checkouts/firebase-ios-sdk/SwiftPM-PlatformExclude/FirebaseAnalyticsWrap/include -Xcc -I/Users/emanuelflury/Library/Developer/Xcode/DerivedData/TaxedGmbH_IOS-gerngfqzuwudosgobknlgtoawnlj/SourcePackages/checkouts/gtm-session-fetcher/Sources/Core/Public -Xcc -I/Users/emanuelflury/Library/Developer/Xcode/DerivedData/TaxedGmbH_IOS-gerngfqzuwudosgobknlgtoawnlj/SourcePackages/checkouts/firebase-ios-sdk/FirebaseMessaging/Interop -Xcc -I/Users/emanuelflury/Library/Developer/Xcode/DerivedData/TaxedGmbH_IOS-gerngfqzuwudosgobknlgtoawnlj/SourcePackages/checkouts/firebase-ios-sdk/FirebaseCore/Extension -Xcc -I/Users/emanuelflury/Library/Developer/Xcode/DerivedData/TaxedGmbH_IOS-gerngfqzuwudosgobknlgtoawnlj/SourcePackages/checkouts/firebase-ios-sdk/FirebaseAuth/Interop/Public -Xcc -I/Users/emanuelflury/Library/Developer/Xcode/DerivedData/TaxedGmbH_IOS-gerngfqzuwudosgobknlgtoawnlj/SourcePackages/checkouts/firebase-ios-sdk/FirebaseAppCheck/Interop/Public -Xcc -I/Users/emanuelflury/Library/Developer/Xcode/DerivedData/TaxedGmbH_IOS-gerngfqzuwudosgobknlgtoawnlj/SourcePackages/checkouts/promises/Sources/FBLPromises/include -Xcc -I/Users/emanuelflury/Library/Developer/Xcode/DerivedData/TaxedGmbH_IOS-gerngfqzuwudosgobknlgtoawnlj/SourcePackages/checkouts/GoogleUtilities/GoogleUtilities/UserDefaults/Public -Xcc -I/Users/emanuelflury/Library/Developer/Xcode/DerivedData/TaxedGmbH_IOS-gerngfqzuwudosgobknlgtoawnlj/SourcePackages/checkouts/GoogleUtilities/GoogleUtilities/Network/Public -Xcc -I/Users/emanuelflury/Library/Developer/Xcode/DerivedData/TaxedGmbH_IOS-gerngfqzuwudosgobknlgtoawnlj/SourcePackages/checkouts/GoogleUtilities/GoogleUtilities/NSData+zlib/Public -Xcc -I/Users/emanuelflury/Library/Developer/Xcode/DerivedData/TaxedGmbH_IOS-gerngfqzuwudosgobknlgtoawnlj/SourcePackages/checkouts/GoogleUtilities/GoogleUtilities/AppDelegateSwizzler/Public -Xcc -I/Users/emanuelflury/Library/Developer/Xcode/DerivedData/TaxedGmbH_IOS-gerngfqzuwudosgobknlgtoawnlj/SourcePackages/checkouts/GoogleUtilities/GoogleUtilities/Logger/Public -Xcc -I/Users/emanuelflury/Library/Developer/Xcode/DerivedData/TaxedGmbH_IOS-gerngfqzuwudosgobknlgtoawnlj/SourcePackages/checkouts/GoogleUtilities/GoogleUtilities/Environment/Public -Xcc -I/Users/emanuelflury/Library/Developer/Xcode/DerivedData/TaxedGmbH_IOS-gerngfqzuwudosgobknlgtoawnlj/SourcePackages/checkouts/GoogleUtilities/third_party/IsAppEncrypted/Public -Xcc -I/Users/emanuelflury/Library/Developer/Xcode/DerivedData/TaxedGmbH_IOS-gerngfqzuwudosgobknlgtoawnlj/SourcePackages/checkouts/GoogleUtilities/GoogleUtilities/Reachability/Public -Xcc -I/Users/emanuelflury/Library/Developer/Xcode/DerivedData/TaxedGmbH_IOS-gerngfqzuwudosgobknlgtoawnlj/SourcePackages/checkouts/GoogleDataTransport/GoogleDataTransport/GDTCORLibrary/Public -Xcc -I/Users/emanuelflury/Library/Developer/Xcode/DerivedData/TaxedGmbH_IOS-gerngfqzuwudosgobknlgtoawnlj/SourcePackages/checkouts/nanopb/spm_headers -Xcc -I/Users/emanuelflury/Library/Developer/Xcode/DerivedData/TaxedGmbH_IOS-gerngfqzuwudosgobknlgtoawnlj/SourcePackages/checkouts/firebase-ios-sdk/FirebaseInstallations/Source/Library/Public -Xcc -I/Users/emanuelflury/Library/Developer/Xcode/DerivedData/TaxedGmbH_IOS-gerngfqzuwudosgobknlgtoawnlj/SourcePackages/checkouts/firebase-ios-sdk/FirebaseCore/Sources/Public -Xcc -I/Users/emanuelflury/Library/Developer/Xcode/DerivedData/TaxedGmbH_IOS-gerngfqzuwudosgobknlgtoawnlj/SourcePackages/checkouts/firebase-ios-sdk/CoreOnly/Sources -Xcc -I/Users/emanuelflury/Library/Developer/Xcode/DerivedData/TaxedGmbH_IOS-gerngfqzuwudosgobknlgtoawnlj/SourcePackages/checkouts/firebase-ios-sdk/FirebaseMessaging/Sources/Public -Xcc -I/Users/emanuelflury/Library/Developer/Xcode/DerivedData/TaxedGmbH_IOS-gerngfqzuwudosgobknlgtoawnlj/Build/Products/Debug-iphoneos/include -Xcc -I/Users/emanuelflury/Library/Developer/Xcode/DerivedData/TaxedGmbH_IOS-gerngfqzuwudosgobknlgtoawnlj/Build/Intermediates.noindex/TaxedGmbH_IOS.build/Debug-iphoneos/TaxedGmbH_IOS.build/DerivedSources-normal/arm64 -Xcc -I/Users/emanuelflury/Library/Developer/Xcode/DerivedData/TaxedGmbH_IOS-gerngfqzuwudosgobknlgtoawnlj/Build/Intermediates.noindex/TaxedGmbH_IOS.build/Debug-iphoneos/TaxedGmbH_IOS.build/DerivedSources/arm64 -Xcc -I/Users/emanuelflury/Library/Developer/Xcode/DerivedData/TaxedGmbH_IOS-gerngfqzuwudosgobknlgtoawnlj/Build/Intermediates.noindex/TaxedGmbH_IOS.build/Debug-iphoneos/TaxedGmbH_IOS.build/DerivedSources -Xcc -DDEBUG\=1 -emit-objc-header -emit-objc-header-path /Users/emanuelflury/Library/Developer/Xcode/DerivedData/TaxedGmbH_IOS-gerngfqzuwudosgobknlgtoawnlj/Build/Intermediates.noindex/TaxedGmbH_IOS.build/Debug-iphoneos/TaxedGmbH_IOS.build/Objects-normal/arm64/TaxedGmbH_IOS-Swift.h -working-directory /Users/emanuelflury/github/TaxedGmbH_IOS -experimental-emit-module-separately -disable-cmo

SwiftDriverJobDiscovery normal arm64 Compiling Base64URLEncodedStringExtension.swift, MultiFactor.swift, MultiFactorAssertion.swift, MultiFactorInfo.swift, MultiFactorResolver.swift, MultiFactorSession.swift, PhoneMultiFactorAssertion.swift, PhoneMultiFactorGenerator.swift, PhoneMultiFactorInfo.swift, TOTPMultFactorAssertion.swift, TOTPMultiFactorGenerator.swift (in target 'FirebaseAuth' from project 'Firebase')

SwiftDriverJobDiscovery normal arm64 Compiling SignUpNewUserResponse.swift, VerifyAssertionRequest.swift, VerifyAssertionResponse.swift, VerifyCustomTokenRequest.swift, VerifyCustomTokenResponse.swift, VerifyPasswordRequest.swift, VerifyPasswordResponse.swift, VerifyPhoneNumberRequest.swift, VerifyPhoneNumberResponse.swift, VerifyClientRequest.swift, VerifyClientResponse.swift (in target 'FirebaseAuth' from project 'Firebase')

SwiftDriverJobDiscovery normal arm64 Compiling RevokeTokenRequest.swift, RevokeTokenResponse.swift, SecureTokenRequest.swift, SecureTokenResponse.swift, SendVerificationTokenRequest.swift, SendVerificationTokenResponse.swift, SetAccountInfoRequest.swift, SetAccountInfoResponse.swift, SignInWithGameCenterRequest.swift, SignInWithGameCenterResponse.swift, SignUpNewUserRequest.swift (in target 'FirebaseAuth' from project 'Firebase')

CompileC /Users/emanuelflury/Library/Developer/Xcode/DerivedData/TaxedGmbH_IOS-gerngfqzuwudosgobknlgtoawnlj/Build/Intermediates.noindex/Firebase.build/Debug-iphoneos/FirebaseCore.build/Objects-normal/arm64/FIRApp.o /Users/emanuelflury/Library/Developer/Xcode/DerivedData/TaxedGmbH_IOS-gerngfqzuwudosgobknlgtoawnlj/SourcePackages/checkouts/firebase-ios-sdk/FirebaseCore/Sources/FIRApp.m normal arm64 objective-c com.apple.compilers.llvm.clang.1_0.compiler (in target 'FirebaseCore' from project 'Firebase')
    cd /Users/emanuelflury/github/TaxedGmbH_IOS/TaxedGmbH_IOS.xcodeproj
    
    Using response file: /Users/emanuelflury/Library/Developer/Xcode/DerivedData/TaxedGmbH_IOS-gerngfqzuwudosgobknlgtoawnlj/Build/Intermediates.noindex/Firebase.build/Debug-iphoneos/FirebaseCore.build/Objects-normal/arm64/e6072d4f65d7061329687fe24e3d63a7-common-args.resp
    
    /Applications/Xcode.app/Contents/Developer/Toolchains/XcodeDefault.xctoolchain/usr/bin/clang -x objective-c -ivfsstatcache /Users/emanuelflury/Library/Developer/Xcode/DerivedData/SDKStatCaches.noindex/iphoneos26.1-23B77-69b33fc7382b27d9b5d46e82a00f8e78.sdkstatcache -fmessage-length\=0 -fdiagnostics-show-note-include-stack -fmacro-backtrace-limit\=0 -fno-color-diagnostics -fmodules-prune-interval\=86400 -fmodules-prune-after\=345600 -fbuild-session-file\=/Users/emanuelflury/Library/Developer/Xcode/DerivedData/ModuleCache.noindex/Session.modulevalidation -fmodules-validate-once-per-build-session -Wnon-modular-include-in-framework-module -Werror\=non-modular-include-in-framework-module -Wno-trigraphs -Wno-missing-field-initializers -Wno-missing-prototypes -Wno-return-type -Wno-implicit-atomic-properties -Wno-objc-interface-ivars -Wno-arc-repeated-use-of-weak -Wno-missing-braces -Wparentheses -Wswitch -Wno-unused-function -Wno-unused-label -Wno-unused-parameter -Wno-unused-variable -Wunused-value -Wno-empty-body -Wno-uninitialized -Wno-unknown-pragmas -w -Wno-shadow -Wno-four-char-constants -Wno-conversion -Wno-constant-conversion -Wno-int-conversion -Wno-bool-conversion -Wno-enum-conversion -Wno-float-conversion -Wno-non-literal-null-conversion -Wno-objc-literal-conversion -Wshorten-64-to-32 -Wpointer-sign -Wno-newline-eof -Wno-selector -Wno-strict-selector-match -Wno-undeclared-selector -Wno-deprecated-implementations -Wno-implicit-fallthrough -fstrict-aliasing -Wprotocol -Wdeprecated-declarations -Wno-sign-conversion -Wno-infinite-recursion -Wno-comma -Wno-block-capture-autoreleasing -Wno-strict-prototypes -Wno-semicolon-before-method-body -index-store-path /Users/emanuelflury/Library/Developer/Xcode/DerivedData/TaxedGmbH_IOS-gerngfqzuwudosgobknlgtoawnlj/Index.noindex/DataStore @/Users/emanuelflury/Library/Developer/Xcode/DerivedData/TaxedGmbH_IOS-gerngfqzuwudosgobknlgtoawnlj/Build/Intermediates.noindex/Firebase.build/Debug-iphoneos/FirebaseCore.build/Objects-normal/arm64/e6072d4f65d7061329687fe24e3d63a7-common-args.resp -include /Users/emanuelflury/Library/Developer/Xcode/DerivedData/TaxedGmbH_IOS-gerngfqzuwudosgobknlgtoawnlj/Build/Intermediates.noindex/Firebase.build/Debug-iphoneos/FirebaseCore.build/DerivedSources/resource_bundle_accessor.h -MMD -MT dependencies -MF /Users/emanuelflury/Library/Developer/Xcode/DerivedData/TaxedGmbH_IOS-gerngfqzuwudosgobknlgtoawnlj/Build/Intermediates.noindex/Firebase.build/Debug-iphoneos/FirebaseCore.build/Objects-normal/arm64/FIRApp.d --serialize-diagnostics /Users/emanuelflury/Library/Developer/Xcode/DerivedData/TaxedGmbH_IOS-gerngfqzuwudosgobknlgtoawnlj/Build/Intermediates.noindex/Firebase.build/Debug-iphoneos/FirebaseCore.build/Objects-normal/arm64/FIRApp.dia -c /Users/emanuelflury/Library/Developer/Xcode/DerivedData/TaxedGmbH_IOS-gerngfqzuwudosgobknlgtoawnlj/SourcePackages/checkouts/firebase-ios-sdk/FirebaseCore/Sources/FIRApp.m -o /Users/emanuelflury/Library/Developer/Xcode/DerivedData/TaxedGmbH_IOS-gerngfqzuwudosgobknlgtoawnlj/Build/Intermediates.noindex/Firebase.build/Debug-iphoneos/FirebaseCore.build/Objects-normal/arm64/FIRApp.o -index-unit-output-path /Firebase.build/Debug-iphoneos/FirebaseCore.build/Objects-normal/arm64/FIRApp.o

SwiftDriverJobDiscovery normal arm64 Compiling TOTPMultiFactorInfo.swift, TOTPSecret.swift, AuthKeychainServices.swift, AuthKeychainStorage.swift, AuthKeychainStorageReal.swift, AuthUserDefaults.swift, AuthAPNSToken.swift, AuthAPNSTokenManager.swift, AuthAPNSTokenType.swift, AuthAppCredential.swift, AuthAppCredentialManager.swift (in target 'FirebaseAuth' from project 'Firebase')

Ld /Users/emanuelflury/Library/Developer/Xcode/DerivedData/TaxedGmbH_IOS-gerngfqzuwudosgobknlgtoawnlj/Build/Products/Debug-iphoneos/FirebaseCore.o normal (in target 'FirebaseCore' from project 'Firebase')
    cd /Users/emanuelflury/Library/Developer/Xcode/DerivedData/TaxedGmbH_IOS-gerngfqzuwudosgobknlgtoawnlj/SourcePackages/checkouts/firebase-ios-sdk
    /Applications/Xcode.app/Contents/Developer/Toolchains/XcodeDefault.xctoolchain/usr/bin/clang -Xlinker -reproducible -target arm64-apple-ios15.0 -r -isysroot /Applications/Xcode.app/Contents/Developer/Platforms/iPhoneOS.platform/Developer/SDKs/iPhoneOS26.1.sdk -O0 -w -L/Users/emanuelflury/Library/Developer/Xcode/DerivedData/TaxedGmbH_IOS-gerngfqzuwudosgobknlgtoawnlj/Build/Intermediates.noindex/EagerLinkingTBDs/Debug-iphoneos -L/Users/emanuelflury/Library/Developer/Xcode/DerivedData/TaxedGmbH_IOS-gerngfqzuwudosgobknlgtoawnlj/Build/Products/Debug-iphoneos -L/Applications/Xcode.app/Contents/Developer/Platforms/iPhoneOS.platform/Developer/usr/lib -F/Users/emanuelflury/Library/Developer/Xcode/DerivedData/TaxedGmbH_IOS-gerngfqzuwudosgobknlgtoawnlj/Build/Intermediates.noindex/EagerLinkingTBDs/Debug-iphoneos -F/Users/emanuelflury/Library/Developer/Xcode/DerivedData/TaxedGmbH_IOS-gerngfqzuwudosgobknlgtoawnlj/Build/Products/Debug-iphoneos/PackageFrameworks -F/Users/emanuelflury/Library/Developer/Xcode/DerivedData/TaxedGmbH_IOS-gerngfqzuwudosgobknlgtoawnlj/Build/Products/Debug-iphoneos/PackageFrameworks -F/Users/emanuelflury/Library/Developer/Xcode/DerivedData/TaxedGmbH_IOS-gerngfqzuwudosgobknlgtoawnlj/Build/Products/Debug-iphoneos/PackageFrameworks -F/Users/emanuelflury/Library/Developer/Xcode/DerivedData/TaxedGmbH_IOS-gerngfqzuwudosgobknlgtoawnlj/Build/Products/Debug-iphoneos/PackageFrameworks -F/Users/emanuelflury/Library/Developer/Xcode/DerivedData/TaxedGmbH_IOS-gerngfqzuwudosgobknlgtoawnlj/Build/Products/Debug-iphoneos/PackageFrameworks -F/Users/emanuelflury/Library/Developer/Xcode/DerivedData/TaxedGmbH_IOS-gerngfqzuwudosgobknlgtoawnlj/Build/Products/Debug-iphoneos/PackageFrameworks -F/Users/emanuelflury/Library/Developer/Xcode/DerivedData/TaxedGmbH_IOS-gerngfqzuwudosgobknlgtoawnlj/Build/Products/Debug-iphoneos -iframework /Applications/Xcode.app/Contents/Developer/Platforms/iPhoneOS.platform/Developer/Library/Frameworks -iframework /Applications/Xcode.app/Contents/Developer/Platforms/iPhoneOS.platform/Developer/SDKs/iPhoneOS26.1.sdk/Developer/Library/Frameworks -filelist /Users/emanuelflury/Library/Developer/Xcode/DerivedData/TaxedGmbH_IOS-gerngfqzuwudosgobknlgtoawnlj/Build/Intermediates.noindex/Firebase.build/Debug-iphoneos/FirebaseCore.build/Objects-normal/arm64/FirebaseCore.LinkFileList -nostdlib -Xlinker -object_path_lto -Xlinker /Users/emanuelflury/Library/Developer/Xcode/DerivedData/TaxedGmbH_IOS-gerngfqzuwudosgobknlgtoawnlj/Build/Intermediates.noindex/Firebase.build/Debug-iphoneos/FirebaseCore.build/Objects-normal/arm64/FirebaseCore_lto.o -rdynamic -Xlinker -no_deduplicate -Xlinker -debug_variant -Xlinker -dependency_info -Xlinker /Users/emanuelflury/Library/Developer/Xcode/DerivedData/TaxedGmbH_IOS-gerngfqzuwudosgobknlgtoawnlj/Build/Intermediates.noindex/Firebase.build/Debug-iphoneos/FirebaseCore.build/Objects-normal/arm64/FirebaseCore_dependency_info.dat -fobjc-arc -fobjc-link-runtime -o /Users/emanuelflury/Library/Developer/Xcode/DerivedData/TaxedGmbH_IOS-gerngfqzuwudosgobknlgtoawnlj/Build/Products/Debug-iphoneos/FirebaseCore.o

RegisterExecutionPolicyException /Users/emanuelflury/Library/Developer/Xcode/DerivedData/TaxedGmbH_IOS-gerngfqzuwudosgobknlgtoawnlj/Build/Products/Debug-iphoneos/FirebaseCore.o (in target 'FirebaseCore' from project 'Firebase')
    cd /Users/emanuelflury/Library/Developer/Xcode/DerivedData/TaxedGmbH_IOS-gerngfqzuwudosgobknlgtoawnlj/SourcePackages/checkouts/firebase-ios-sdk
    builtin-RegisterExecutionPolicyException /Users/emanuelflury/Library/Developer/Xcode/DerivedData/TaxedGmbH_IOS-gerngfqzuwudosgobknlgtoawnlj/Build/Products/Debug-iphoneos/FirebaseCore.o

Ld /Users/emanuelflury/Library/Developer/Xcode/DerivedData/TaxedGmbH_IOS-gerngfqzuwudosgobknlgtoawnlj/Build/Products/Debug-iphoneos/FirebaseStorage.o normal (in target 'FirebaseStorage' from project 'Firebase')
    cd /Users/emanuelflury/Library/Developer/Xcode/DerivedData/TaxedGmbH_IOS-gerngfqzuwudosgobknlgtoawnlj/SourcePackages/checkouts/firebase-ios-sdk
    /Applications/Xcode.app/Contents/Developer/Toolchains/XcodeDefault.xctoolchain/usr/bin/clang -Xlinker -reproducible -target arm64-apple-ios15.0 -r -isysroot /Applications/Xcode.app/Contents/Developer/Platforms/iPhoneOS.platform/Developer/SDKs/iPhoneOS26.1.sdk -O0 -w -L/Users/emanuelflury/Library/Developer/Xcode/DerivedData/TaxedGmbH_IOS-gerngfqzuwudosgobknlgtoawnlj/Build/Intermediates.noindex/EagerLinkingTBDs/Debug-iphoneos -L/Users/emanuelflury/Library/Developer/Xcode/DerivedData/TaxedGmbH_IOS-gerngfqzuwudosgobknlgtoawnlj/Build/Products/Debug-iphoneos -L/Applications/Xcode.app/Contents/Developer/Platforms/iPhoneOS.platform/Developer/usr/lib -F/Users/emanuelflury/Library/Developer/Xcode/DerivedData/TaxedGmbH_IOS-gerngfqzuwudosgobknlgtoawnlj/Build/Intermediates.noindex/EagerLinkingTBDs/Debug-iphoneos -F/Users/emanuelflury/Library/Developer/Xcode/DerivedData/TaxedGmbH_IOS-gerngfqzuwudosgobknlgtoawnlj/Build/Products/Debug-iphoneos/PackageFrameworks -F/Users/emanuelflury/Library/Developer/Xcode/DerivedData/TaxedGmbH_IOS-gerngfqzuwudosgobknlgtoawnlj/Build/Products/Debug-iphoneos/PackageFrameworks -F/Users/emanuelflury/Library/Developer/Xcode/DerivedData/TaxedGmbH_IOS-gerngfqzuwudosgobknlgtoawnlj/Build/Products/Debug-iphoneos/PackageFrameworks -F/Users/emanuelflury/Library/Developer/Xcode/DerivedData/TaxedGmbH_IOS-gerngfqzuwudosgobknlgtoawnlj/Build/Products/Debug-iphoneos/PackageFrameworks -F/Users/emanuelflury/Library/Developer/Xcode/DerivedData/TaxedGmbH_IOS-gerngfqzuwudosgobknlgtoawnlj/Build/Products/Debug-iphoneos/PackageFrameworks -F/Users/emanuelflury/Library/Developer/Xcode/DerivedData/TaxedGmbH_IOS-gerngfqzuwudosgobknlgtoawnlj/Build/Products/Debug-iphoneos/PackageFrameworks -F/Users/emanuelflury/Library/Developer/Xcode/DerivedData/TaxedGmbH_IOS-gerngfqzuwudosgobknlgtoawnlj/Build/Products/Debug-iphoneos/PackageFrameworks -F/Users/emanuelflury/Library/Developer/Xcode/DerivedData/TaxedGmbH_IOS-gerngfqzuwudosgobknlgtoawnlj/Build/Products/Debug-iphoneos/PackageFrameworks -F/Users/emanuelflury/Library/Developer/Xcode/DerivedData/TaxedGmbH_IOS-gerngfqzuwudosgobknlgtoawnlj/Build/Products/Debug-iphoneos/PackageFrameworks -F/Users/emanuelflury/Library/Developer/Xcode/DerivedData/TaxedGmbH_IOS-gerngfqzuwudosgobknlgtoawnlj/Build/Products/Debug-iphoneos/PackageFrameworks -F/Users/emanuelflury/Library/Developer/Xcode/DerivedData/TaxedGmbH_IOS-gerngfqzuwudosgobknlgtoawnlj/Build/Products/Debug-iphoneos/PackageFrameworks -F/Users/emanuelflury/Library/Developer/Xcode/DerivedData/TaxedGmbH_IOS-gerngfqzuwudosgobknlgtoawnlj/Build/Products/Debug-iphoneos -iframework /Applications/Xcode.app/Contents/Developer/Platforms/iPhoneOS.platform/Developer/Library/Frameworks -iframework /Applications/Xcode.app/Contents/Developer/Platforms/iPhoneOS.platform/Developer/SDKs/iPhoneOS26.1.sdk/Developer/Library/Frameworks -filelist /Users/emanuelflury/Library/Developer/Xcode/DerivedData/TaxedGmbH_IOS-gerngfqzuwudosgobknlgtoawnlj/Build/Intermediates.noindex/Firebase.build/Debug-iphoneos/FirebaseStorage.build/Objects-normal/arm64/FirebaseStorage.LinkFileList -nostdlib -Xlinker -object_path_lto -Xlinker /Users/emanuelflury/Library/Developer/Xcode/DerivedData/TaxedGmbH_IOS-gerngfqzuwudosgobknlgtoawnlj/Build/Intermediates.noindex/Firebase.build/Debug-iphoneos/FirebaseStorage.build/Objects-normal/arm64/FirebaseStorage_lto.o -rdynamic -Xlinker -no_deduplicate -Xlinker -debug_variant -Xlinker -dependency_info -Xlinker /Users/emanuelflury/Library/Developer/Xcode/DerivedData/TaxedGmbH_IOS-gerngfqzuwudosgobknlgtoawnlj/Build/Intermediates.noindex/Firebase.build/Debug-iphoneos/FirebaseStorage.build/Objects-normal/arm64/FirebaseStorage_dependency_info.dat -fobjc-link-runtime -L/Applications/Xcode.app/Contents/Developer/Toolchains/XcodeDefault.xctoolchain/usr/lib/swift/iphoneos -L/usr/lib/swift -Xlinker -add_ast_path -Xlinker /Users/emanuelflury/Library/Developer/Xcode/DerivedData/TaxedGmbH_IOS-gerngfqzuwudosgobknlgtoawnlj/Build/Intermediates.noindex/Firebase.build/Debug-iphoneos/FirebaseStorage.build/Objects-normal/arm64/FirebaseStorage.swiftmodule @/Users/emanuelflury/Library/Developer/Xcode/DerivedData/TaxedGmbH_IOS-gerngfqzuwudosgobknlgtoawnlj/Build/Intermediates.noindex/Firebase.build/Debug-iphoneos/FirebaseStorage.build/Objects-normal/arm64/FirebaseStorage-linker-args.resp -o /Users/emanuelflury/Library/Developer/Xcode/DerivedData/TaxedGmbH_IOS-gerngfqzuwudosgobknlgtoawnlj/Build/Products/Debug-iphoneos/FirebaseStorage.o

Ld /Users/emanuelflury/Library/Developer/Xcode/DerivedData/TaxedGmbH_IOS-gerngfqzuwudosgobknlgtoawnlj/Build/Products/Debug-iphoneos/FirebaseInstallations.o normal (in target 'FirebaseInstallations' from project 'Firebase')
    cd /Users/emanuelflury/Library/Developer/Xcode/DerivedData/TaxedGmbH_IOS-gerngfqzuwudosgobknlgtoawnlj/SourcePackages/checkouts/firebase-ios-sdk
    /Applications/Xcode.app/Contents/Developer/Toolchains/XcodeDefault.xctoolchain/usr/bin/clang -Xlinker -reproducible -target arm64-apple-ios15.0 -r -isysroot /Applications/Xcode.app/Contents/Developer/Platforms/iPhoneOS.platform/Developer/SDKs/iPhoneOS26.1.sdk -O0 -w -L/Users/emanuelflury/Library/Developer/Xcode/DerivedData/TaxedGmbH_IOS-gerngfqzuwudosgobknlgtoawnlj/Build/Intermediates.noindex/EagerLinkingTBDs/Debug-iphoneos -L/Users/emanuelflury/Library/Developer/Xcode/DerivedData/TaxedGmbH_IOS-gerngfqzuwudosgobknlgtoawnlj/Build/Products/Debug-iphoneos -L/Applications/Xcode.app/Contents/Developer/Platforms/iPhoneOS.platform/Developer/usr/lib -F/Users/emanuelflury/Library/Developer/Xcode/DerivedData/TaxedGmbH_IOS-gerngfqzuwudosgobknlgtoawnlj/Build/Intermediates.noindex/EagerLinkingTBDs/Debug-iphoneos -F/Users/emanuelflury/Library/Developer/Xcode/DerivedData/TaxedGmbH_IOS-gerngfqzuwudosgobknlgtoawnlj/Build/Products/Debug-iphoneos/PackageFrameworks -F/Users/emanuelflury/Library/Developer/Xcode/DerivedData/TaxedGmbH_IOS-gerngfqzuwudosgobknlgtoawnlj/Build/Products/Debug-iphoneos/PackageFrameworks -F/Users/emanuelflury/Library/Developer/Xcode/DerivedData/TaxedGmbH_IOS-gerngfqzuwudosgobknlgtoawnlj/Build/Products/Debug-iphoneos/PackageFrameworks -F/Users/emanuelflury/Library/Developer/Xcode/DerivedData/TaxedGmbH_IOS-gerngfqzuwudosgobknlgtoawnlj/Build/Products/Debug-iphoneos/PackageFrameworks -F/Users/emanuelflury/Library/Developer/Xcode/DerivedData/TaxedGmbH_IOS-gerngfqzuwudosgobknlgtoawnlj/Build/Products/Debug-iphoneos/PackageFrameworks -F/Users/emanuelflury/Library/Developer/Xcode/DerivedData/TaxedGmbH_IOS-gerngfqzuwudosgobknlgtoawnlj/Build/Products/Debug-iphoneos/PackageFrameworks -F/Users/emanuelflury/Library/Developer/Xcode/DerivedData/TaxedGmbH_IOS-gerngfqzuwudosgobknlgtoawnlj/Build/Products/Debug-iphoneos/PackageFrameworks -F/Users/emanuelflury/Library/Developer/Xcode/DerivedData/TaxedGmbH_IOS-gerngfqzuwudosgobknlgtoawnlj/Build/Products/Debug-iphoneos/PackageFrameworks -F/Users/emanuelflury/Library/Developer/Xcode/DerivedData/TaxedGmbH_IOS-gerngfqzuwudosgobknlgtoawnlj/Build/Products/Debug-iphoneos/PackageFrameworks -F/Users/emanuelflury/Library/Developer/Xcode/DerivedData/TaxedGmbH_IOS-gerngfqzuwudosgobknlgtoawnlj/Build/Products/Debug-iphoneos -iframework /Applications/Xcode.app/Contents/Developer/Platforms/iPhoneOS.platform/Developer/Library/Frameworks -iframework /Applications/Xcode.app/Contents/Developer/Platforms/iPhoneOS.platform/Developer/SDKs/iPhoneOS26.1.sdk/Developer/Library/Frameworks -filelist /Users/emanuelflury/Library/Developer/Xcode/DerivedData/TaxedGmbH_IOS-gerngfqzuwudosgobknlgtoawnlj/Build/Intermediates.noindex/Firebase.build/Debug-iphoneos/FirebaseInstallations.build/Objects-normal/arm64/FirebaseInstallations.LinkFileList -nostdlib -Xlinker -object_path_lto -Xlinker /Users/emanuelflury/Library/Developer/Xcode/DerivedData/TaxedGmbH_IOS-gerngfqzuwudosgobknlgtoawnlj/Build/Intermediates.noindex/Firebase.build/Debug-iphoneos/FirebaseInstallations.build/Objects-normal/arm64/FirebaseInstallations_lto.o -rdynamic -Xlinker -no_deduplicate -Xlinker -debug_variant -Xlinker -dependency_info -Xlinker /Users/emanuelflury/Library/Developer/Xcode/DerivedData/TaxedGmbH_IOS-gerngfqzuwudosgobknlgtoawnlj/Build/Intermediates.noindex/Firebase.build/Debug-iphoneos/FirebaseInstallations.build/Objects-normal/arm64/FirebaseInstallations_dependency_info.dat -fobjc-arc -fobjc-link-runtime -o /Users/emanuelflury/Library/Developer/Xcode/DerivedData/TaxedGmbH_IOS-gerngfqzuwudosgobknlgtoawnlj/Build/Products/Debug-iphoneos/FirebaseInstallations.o

Ld /Users/emanuelflury/Library/Developer/Xcode/DerivedData/TaxedGmbH_IOS-gerngfqzuwudosgobknlgtoawnlj/Build/Products/Debug-iphoneos/FirebaseFunctions.o normal (in target 'FirebaseFunctions' from project 'Firebase')
    cd /Users/emanuelflury/Library/Developer/Xcode/DerivedData/TaxedGmbH_IOS-gerngfqzuwudosgobknlgtoawnlj/SourcePackages/checkouts/firebase-ios-sdk
    /Applications/Xcode.app/Contents/Developer/Toolchains/XcodeDefault.xctoolchain/usr/bin/clang -Xlinker -reproducible -target arm64-apple-ios15.0 -r -isysroot /Applications/Xcode.app/Contents/Developer/Platforms/iPhoneOS.platform/Developer/SDKs/iPhoneOS26.1.sdk -O0 -w -L/Users/emanuelflury/Library/Developer/Xcode/DerivedData/TaxedGmbH_IOS-gerngfqzuwudosgobknlgtoawnlj/Build/Intermediates.noindex/EagerLinkingTBDs/Debug-iphoneos -L/Users/emanuelflury/Library/Developer/Xcode/DerivedData/TaxedGmbH_IOS-gerngfqzuwudosgobknlgtoawnlj/Build/Products/Debug-iphoneos -L/Applications/Xcode.app/Contents/Developer/Platforms/iPhoneOS.platform/Developer/usr/lib -F/Users/emanuelflury/Library/Developer/Xcode/DerivedData/TaxedGmbH_IOS-gerngfqzuwudosgobknlgtoawnlj/Build/Intermediates.noindex/EagerLinkingTBDs/Debug-iphoneos -F/Users/emanuelflury/Library/Developer/Xcode/DerivedData/TaxedGmbH_IOS-gerngfqzuwudosgobknlgtoawnlj/Build/Products/Debug-iphoneos/PackageFrameworks -F/Users/emanuelflury/Library/Developer/Xcode/DerivedData/TaxedGmbH_IOS-gerngfqzuwudosgobknlgtoawnlj/Build/Products/Debug-iphoneos/PackageFrameworks -F/Users/emanuelflury/Library/Developer/Xcode/DerivedData/TaxedGmbH_IOS-gerngfqzuwudosgobknlgtoawnlj/Build/Products/Debug-iphoneos/PackageFrameworks -F/Users/emanuelflury/Library/Developer/Xcode/DerivedData/TaxedGmbH_IOS-gerngfqzuwudosgobknlgtoawnlj/Build/Products/Debug-iphoneos/PackageFrameworks -F/Users/emanuelflury/Library/Developer/Xcode/DerivedData/TaxedGmbH_IOS-gerngfqzuwudosgobknlgtoawnlj/Build/Products/Debug-iphoneos/PackageFrameworks -F/Users/emanuelflury/Library/Developer/Xcode/DerivedData/TaxedGmbH_IOS-gerngfqzuwudosgobknlgtoawnlj/Build/Products/Debug-iphoneos/PackageFrameworks -F/Users/emanuelflury/Library/Developer/Xcode/DerivedData/TaxedGmbH_IOS-gerngfqzuwudosgobknlgtoawnlj/Build/Products/Debug-iphoneos/PackageFrameworks -F/Users/emanuelflury/Library/Developer/Xcode/DerivedData/TaxedGmbH_IOS-gerngfqzuwudosgobknlgtoawnlj/Build/Products/Debug-iphoneos/PackageFrameworks -F/Users/emanuelflury/Library/Developer/Xcode/DerivedData/TaxedGmbH_IOS-gerngfqzuwudosgobknlgtoawnlj/Build/Products/Debug-iphoneos/PackageFrameworks -F/Users/emanuelflury/Library/Developer/Xcode/DerivedData/TaxedGmbH_IOS-gerngfqzuwudosgobknlgtoawnlj/Build/Products/Debug-iphoneos/PackageFrameworks -F/Users/emanuelflury/Library/Developer/Xcode/DerivedData/TaxedGmbH_IOS-gerngfqzuwudosgobknlgtoawnlj/Build/Products/Debug-iphoneos/PackageFrameworks -F/Users/emanuelflury/Library/Developer/Xcode/DerivedData/TaxedGmbH_IOS-gerngfqzuwudosgobknlgtoawnlj/Build/Products/Debug-iphoneos/PackageFrameworks -F/Users/emanuelflury/Library/Developer/Xcode/DerivedData/TaxedGmbH_IOS-gerngfqzuwudosgobknlgtoawnlj/Build/Products/Debug-iphoneos/PackageFrameworks -F/Users/emanuelflury/Library/Developer/Xcode/DerivedData/TaxedGmbH_IOS-gerngfqzuwudosgobknlgtoawnlj/Build/Products/Debug-iphoneos -iframework /Applications/Xcode.app/Contents/Developer/Platforms/iPhoneOS.platform/Developer/Library/Frameworks -iframework /Applications/Xcode.app/Contents/Developer/Platforms/iPhoneOS.platform/Developer/SDKs/iPhoneOS26.1.sdk/Developer/Library/Frameworks -filelist /Users/emanuelflury/Library/Developer/Xcode/DerivedData/TaxedGmbH_IOS-gerngfqzuwudosgobknlgtoawnlj/Build/Intermediates.noindex/Firebase.build/Debug-iphoneos/FirebaseFunctions.build/Objects-normal/arm64/FirebaseFunctions.LinkFileList -nostdlib -Xlinker -object_path_lto -Xlinker /Users/emanuelflury/Library/Developer/Xcode/DerivedData/TaxedGmbH_IOS-gerngfqzuwudosgobknlgtoawnlj/Build/Intermediates.noindex/Firebase.build/Debug-iphoneos/FirebaseFunctions.build/Objects-normal/arm64/FirebaseFunctions_lto.o -rdynamic -Xlinker -no_deduplicate -Xlinker -debug_variant -Xlinker -dependency_info -Xlinker /Users/emanuelflury/Library/Developer/Xcode/DerivedData/TaxedGmbH_IOS-gerngfqzuwudosgobknlgtoawnlj/Build/Intermediates.noindex/Firebase.build/Debug-iphoneos/FirebaseFunctions.build/Objects-normal/arm64/FirebaseFunctions_dependency_info.dat -fobjc-link-runtime -L/Applications/Xcode.app/Contents/Developer/Toolchains/XcodeDefault.xctoolchain/usr/lib/swift/iphoneos -L/usr/lib/swift -Xlinker -add_ast_path -Xlinker /Users/emanuelflury/Library/Developer/Xcode/DerivedData/TaxedGmbH_IOS-gerngfqzuwudosgobknlgtoawnlj/Build/Intermediates.noindex/Firebase.build/Debug-iphoneos/FirebaseFunctions.build/Objects-normal/arm64/FirebaseFunctions.swiftmodule @/Users/emanuelflury/Library/Developer/Xcode/DerivedData/TaxedGmbH_IOS-gerngfqzuwudosgobknlgtoawnlj/Build/Intermediates.noindex/Firebase.build/Debug-iphoneos/FirebaseFunctions.build/Objects-normal/arm64/FirebaseFunctions-linker-args.resp -o /Users/emanuelflury/Library/Developer/Xcode/DerivedData/TaxedGmbH_IOS-gerngfqzuwudosgobknlgtoawnlj/Build/Products/Debug-iphoneos/FirebaseFunctions.o

Ld /Users/emanuelflury/Library/Developer/Xcode/DerivedData/TaxedGmbH_IOS-gerngfqzuwudosgobknlgtoawnlj/Build/Products/Debug-iphoneos/FirebaseFirestore.o normal (in target 'FirebaseFirestore' from project 'Firebase')
    cd /Users/emanuelflury/Library/Developer/Xcode/DerivedData/TaxedGmbH_IOS-gerngfqzuwudosgobknlgtoawnlj/SourcePackages/checkouts/firebase-ios-sdk
    /Applications/Xcode.app/Contents/Developer/Toolchains/XcodeDefault.xctoolchain/usr/bin/clang -Xlinker -reproducible -target arm64-apple-ios15.0 -r -isysroot /Applications/Xcode.app/Contents/Developer/Platforms/iPhoneOS.platform/Developer/SDKs/iPhoneOS26.1.sdk -O0 -w -L/Users/emanuelflury/Library/Developer/Xcode/DerivedData/TaxedGmbH_IOS-gerngfqzuwudosgobknlgtoawnlj/Build/Intermediates.noindex/EagerLinkingTBDs/Debug-iphoneos -L/Users/emanuelflury/Library/Developer/Xcode/DerivedData/TaxedGmbH_IOS-gerngfqzuwudosgobknlgtoawnlj/Build/Products/Debug-iphoneos -L/Applications/Xcode.app/Contents/Developer/Platforms/iPhoneOS.platform/Developer/usr/lib -F/Users/emanuelflury/Library/Developer/Xcode/DerivedData/TaxedGmbH_IOS-gerngfqzuwudosgobknlgtoawnlj/Build/Intermediates.noindex/EagerLinkingTBDs/Debug-iphoneos -F/Users/emanuelflury/Library/Developer/Xcode/DerivedData/TaxedGmbH_IOS-gerngfqzuwudosgobknlgtoawnlj/Build/Products/Debug-iphoneos/PackageFrameworks -F/Users/emanuelflury/Library/Developer/Xcode/DerivedData/TaxedGmbH_IOS-gerngfqzuwudosgobknlgtoawnlj/Build/Products/Debug-iphoneos/PackageFrameworks -F/Users/emanuelflury/Library/Developer/Xcode/DerivedData/TaxedGmbH_IOS-gerngfqzuwudosgobknlgtoawnlj/Build/Products/Debug-iphoneos/PackageFrameworks -F/Users/emanuelflury/Library/Developer/Xcode/DerivedData/TaxedGmbH_IOS-gerngfqzuwudosgobknlgtoawnlj/Build/Products/Debug-iphoneos/PackageFrameworks -F/Users/emanuelflury/Library/Developer/Xcode/DerivedData/TaxedGmbH_IOS-gerngfqzuwudosgobknlgtoawnlj/Build/Products/Debug-iphoneos/PackageFrameworks -F/Users/emanuelflury/Library/Developer/Xcode/DerivedData/TaxedGmbH_IOS-gerngfqzuwudosgobknlgtoawnlj/Build/Products/Debug-iphoneos/PackageFrameworks -F/Users/emanuelflury/Library/Developer/Xcode/DerivedData/TaxedGmbH_IOS-gerngfqzuwudosgobknlgtoawnlj/Build/Products/Debug-iphoneos/PackageFrameworks -F/Users/emanuelflury/Library/Developer/Xcode/DerivedData/TaxedGmbH_IOS-gerngfqzuwudosgobknlgtoawnlj/Build/Products/Debug-iphoneos/PackageFrameworks -F/Users/emanuelflury/Library/Developer/Xcode/DerivedData/TaxedGmbH_IOS-gerngfqzuwudosgobknlgtoawnlj/Build/Products/Debug-iphoneos/PackageFrameworks -F/Users/emanuelflury/Library/Developer/Xcode/DerivedData/TaxedGmbH_IOS-gerngfqzuwudosgobknlgtoawnlj/Build/Products/Debug-iphoneos/PackageFrameworks -F/Users/emanuelflury/Library/Developer/Xcode/DerivedData/TaxedGmbH_IOS-gerngfqzuwudosgobknlgtoawnlj/Build/Products/Debug-iphoneos/PackageFrameworks -F/Users/emanuelflury/Library/Developer/Xcode/DerivedData/TaxedGmbH_IOS-gerngfqzuwudosgobknlgtoawnlj/Build/Products/Debug-iphoneos/PackageFrameworks -F/Users/emanuelflury/Library/Developer/Xcode/DerivedData/TaxedGmbH_IOS-gerngfqzuwudosgobknlgtoawnlj/Build/Products/Debug-iphoneos/PackageFrameworks -F/Users/emanuelflury/Library/Developer/Xcode/DerivedData/TaxedGmbH_IOS-gerngfqzuwudosgobknlgtoawnlj/Build/Products/Debug-iphoneos/PackageFrameworks -F/Users/emanuelflury/Library/Developer/Xcode/DerivedData/TaxedGmbH_IOS-gerngfqzuwudosgobknlgtoawnlj/Build/Products/Debug-iphoneos/PackageFrameworks -F/Users/emanuelflury/Library/Developer/Xcode/DerivedData/TaxedGmbH_IOS-gerngfqzuwudosgobknlgtoawnlj/Build/Products/Debug-iphoneos/PackageFrameworks -F/Users/emanuelflury/Library/Developer/Xcode/DerivedData/TaxedGmbH_IOS-gerngfqzuwudosgobknlgtoawnlj/Build/Products/Debug-iphoneos/PackageFrameworks -F/Users/emanuelflury/Library/Developer/Xcode/DerivedData/TaxedGmbH_IOS-gerngfqzuwudosgobknlgtoawnlj/Build/Products/Debug-iphoneos -iframework /Applications/Xcode.app/Contents/Developer/Platforms/iPhoneOS.platform/Developer/Library/Frameworks -iframework /Applications/Xcode.app/Contents/Developer/Platforms/iPhoneOS.platform/Developer/SDKs/iPhoneOS26.1.sdk/Developer/Library/Frameworks -filelist /Users/emanuelflury/Library/Developer/Xcode/DerivedData/TaxedGmbH_IOS-gerngfqzuwudosgobknlgtoawnlj/Build/Intermediates.noindex/Firebase.build/Debug-iphoneos/FirebaseFirestore.build/Objects-normal/arm64/FirebaseFirestore.LinkFileList -nostdlib -Xlinker -object_path_lto -Xlinker /Users/emanuelflury/Library/Developer/Xcode/DerivedData/TaxedGmbH_IOS-gerngfqzuwudosgobknlgtoawnlj/Build/Intermediates.noindex/Firebase.build/Debug-iphoneos/FirebaseFirestore.build/Objects-normal/arm64/FirebaseFirestore_lto.o -rdynamic -Xlinker -no_deduplicate -Xlinker -debug_variant -Xlinker -dependency_info -Xlinker /Users/emanuelflury/Library/Developer/Xcode/DerivedData/TaxedGmbH_IOS-gerngfqzuwudosgobknlgtoawnlj/Build/Intermediates.noindex/Firebase.build/Debug-iphoneos/FirebaseFirestore.build/Objects-normal/arm64/FirebaseFirestore_dependency_info.dat -fobjc-link-runtime -L/Applications/Xcode.app/Contents/Developer/Toolchains/XcodeDefault.xctoolchain/usr/lib/swift/iphoneos -L/usr/lib/swift -Xlinker -add_ast_path -Xlinker /Users/emanuelflury/Library/Developer/Xcode/DerivedData/TaxedGmbH_IOS-gerngfqzuwudosgobknlgtoawnlj/Build/Intermediates.noindex/Firebase.build/Debug-iphoneos/FirebaseFirestore.build/Objects-normal/arm64/FirebaseFirestore.swiftmodule @/Users/emanuelflury/Library/Developer/Xcode/DerivedData/TaxedGmbH_IOS-gerngfqzuwudosgobknlgtoawnlj/Build/Intermediates.noindex/Firebase.build/Debug-iphoneos/FirebaseFirestore.build/Objects-normal/arm64/FirebaseFirestore-linker-args.resp -o /Users/emanuelflury/Library/Developer/Xcode/DerivedData/TaxedGmbH_IOS-gerngfqzuwudosgobknlgtoawnlj/Build/Products/Debug-iphoneos/FirebaseFirestore.o

ExtractAppIntentsMetadata (in target 'FirebaseFunctions' from project 'Firebase')
    cd /Users/emanuelflury/Library/Developer/Xcode/DerivedData/TaxedGmbH_IOS-gerngfqzuwudosgobknlgtoawnlj/SourcePackages/checkouts/firebase-ios-sdk
    /Applications/Xcode.app/Contents/Developer/Toolchains/XcodeDefault.xctoolchain/usr/bin/appintentsmetadataprocessor --toolchain-dir /Applications/Xcode.app/Contents/Developer/Toolchains/XcodeDefault.xctoolchain --module-name FirebaseFunctions --sdk-root /Applications/Xcode.app/Contents/Developer/Platforms/iPhoneOS.platform/Developer/SDKs/iPhoneOS26.1.sdk --xcode-version 17B55 --platform-family iOS --deployment-target 15.0 --bundle-identifier firebase-ios-sdk.FirebaseFunctions --output /Users/emanuelflury/Library/Developer/Xcode/DerivedData/TaxedGmbH_IOS-gerngfqzuwudosgobknlgtoawnlj/Build/Products/Debug-iphoneos/FirebaseFunctions.appintents --target-triple arm64-apple-ios15.0 --binary-file /Users/emanuelflury/Library/Developer/Xcode/DerivedData/TaxedGmbH_IOS-gerngfqzuwudosgobknlgtoawnlj/Build/Products/Debug-iphoneos/FirebaseFunctions.o --dependency-file /Users/emanuelflury/Library/Developer/Xcode/DerivedData/TaxedGmbH_IOS-gerngfqzuwudosgobknlgtoawnlj/Build/Intermediates.noindex/Firebase.build/Debug-iphoneos/FirebaseFunctions.build/Objects-normal/arm64/FirebaseFunctions_dependency_info.dat --stringsdata-file /Users/emanuelflury/Library/Developer/Xcode/DerivedData/TaxedGmbH_IOS-gerngfqzuwudosgobknlgtoawnlj/Build/Intermediates.noindex/Firebase.build/Debug-iphoneos/FirebaseFunctions.build/Objects-normal/arm64/ExtractedAppShortcutsMetadata.stringsdata --source-file-list /Users/emanuelflury/Library/Developer/Xcode/DerivedData/TaxedGmbH_IOS-gerngfqzuwudosgobknlgtoawnlj/Build/Intermediates.noindex/Firebase.build/Debug-iphoneos/FirebaseFunctions.build/Objects-normal/arm64/FirebaseFunctions.SwiftFileList --metadata-file-list /Users/emanuelflury/Library/Developer/Xcode/DerivedData/TaxedGmbH_IOS-gerngfqzuwudosgobknlgtoawnlj/Build/Intermediates.noindex/Firebase.build/Debug-iphoneos/FirebaseFunctions.build/FirebaseFunctions.DependencyMetadataFileList --static-metadata-file-list /Users/emanuelflury/Library/Developer/Xcode/DerivedData/TaxedGmbH_IOS-gerngfqzuwudosgobknlgtoawnlj/Build/Intermediates.noindex/Firebase.build/Debug-iphoneos/FirebaseFunctions.build/FirebaseFunctions.DependencyStaticMetadataFileList --swift-const-vals-list /Users/emanuelflury/Library/Developer/Xcode/DerivedData/TaxedGmbH_IOS-gerngfqzuwudosgobknlgtoawnlj/Build/Intermediates.noindex/Firebase.build/Debug-iphoneos/FirebaseFunctions.build/Objects-normal/arm64/FirebaseFunctions.SwiftConstValuesFileList --force --compile-time-extraction --deployment-aware-processing --validate-assistant-intents --no-app-shortcuts-localization
2025-12-04 19:37:46.417 appintentsmetadataprocessor[95834:1038594] Starting appintentsmetadataprocessor export
2025-12-04 19:37:46.870 appintentsmetadataprocessor[95834:1038594] Extracted no relevant App Intents symbols, skipping writing output

RegisterExecutionPolicyException /Users/emanuelflury/Library/Developer/Xcode/DerivedData/TaxedGmbH_IOS-gerngfqzuwudosgobknlgtoawnlj/Build/Products/Debug-iphoneos/FirebaseInstallations.o (in target 'FirebaseInstallations' from project 'Firebase')
    cd /Users/emanuelflury/Library/Developer/Xcode/DerivedData/TaxedGmbH_IOS-gerngfqzuwudosgobknlgtoawnlj/SourcePackages/checkouts/firebase-ios-sdk
    builtin-RegisterExecutionPolicyException /Users/emanuelflury/Library/Developer/Xcode/DerivedData/TaxedGmbH_IOS-gerngfqzuwudosgobknlgtoawnlj/Build/Products/Debug-iphoneos/FirebaseInstallations.o

Ld /Users/emanuelflury/Library/Developer/Xcode/DerivedData/TaxedGmbH_IOS-gerngfqzuwudosgobknlgtoawnlj/Build/Products/Debug-iphoneos/FirebaseAnalyticsWrapper.o normal (in target 'FirebaseAnalyticsWrapper' from project 'Firebase')
    cd /Users/emanuelflury/Library/Developer/Xcode/DerivedData/TaxedGmbH_IOS-gerngfqzuwudosgobknlgtoawnlj/SourcePackages/checkouts/firebase-ios-sdk
    /Applications/Xcode.app/Contents/Developer/Toolchains/XcodeDefault.xctoolchain/usr/bin/clang -Xlinker -reproducible -target arm64-apple-ios15.0 -r -isysroot /Applications/Xcode.app/Contents/Developer/Platforms/iPhoneOS.platform/Developer/SDKs/iPhoneOS26.1.sdk -O0 -w -L/Users/emanuelflury/Library/Developer/Xcode/DerivedData/TaxedGmbH_IOS-gerngfqzuwudosgobknlgtoawnlj/Build/Intermediates.noindex/EagerLinkingTBDs/Debug-iphoneos -L/Users/emanuelflury/Library/Developer/Xcode/DerivedData/TaxedGmbH_IOS-gerngfqzuwudosgobknlgtoawnlj/Build/Products/Debug-iphoneos -L/Applications/Xcode.app/Contents/Developer/Platforms/iPhoneOS.platform/Developer/usr/lib -F/Users/emanuelflury/Library/Developer/Xcode/DerivedData/TaxedGmbH_IOS-gerngfqzuwudosgobknlgtoawnlj/Build/Intermediates.noindex/EagerLinkingTBDs/Debug-iphoneos -F/Users/emanuelflury/Library/Developer/Xcode/DerivedData/TaxedGmbH_IOS-gerngfqzuwudosgobknlgtoawnlj/Build/Products/Debug-iphoneos/PackageFrameworks -F/Users/emanuelflury/Library/Developer/Xcode/DerivedData/TaxedGmbH_IOS-gerngfqzuwudosgobknlgtoawnlj/Build/Products/Debug-iphoneos/PackageFrameworks -F/Users/emanuelflury/Library/Developer/Xcode/DerivedData/TaxedGmbH_IOS-gerngfqzuwudosgobknlgtoawnlj/Build/Products/Debug-iphoneos/PackageFrameworks -F/Users/emanuelflury/Library/Developer/Xcode/DerivedData/TaxedGmbH_IOS-gerngfqzuwudosgobknlgtoawnlj/Build/Products/Debug-iphoneos/PackageFrameworks -F/Users/emanuelflury/Library/Developer/Xcode/DerivedData/TaxedGmbH_IOS-gerngfqzuwudosgobknlgtoawnlj/Build/Products/Debug-iphoneos/PackageFrameworks -F/Users/emanuelflury/Library/Developer/Xcode/DerivedData/TaxedGmbH_IOS-gerngfqzuwudosgobknlgtoawnlj/Build/Products/Debug-iphoneos/PackageFrameworks -F/Users/emanuelflury/Library/Developer/Xcode/DerivedData/TaxedGmbH_IOS-gerngfqzuwudosgobknlgtoawnlj/Build/Products/Debug-iphoneos/PackageFrameworks -F/Users/emanuelflury/Library/Developer/Xcode/DerivedData/TaxedGmbH_IOS-gerngfqzuwudosgobknlgtoawnlj/Build/Products/Debug-iphoneos/PackageFrameworks -F/Users/emanuelflury/Library/Developer/Xcode/DerivedData/TaxedGmbH_IOS-gerngfqzuwudosgobknlgtoawnlj/Build/Products/Debug-iphoneos/PackageFrameworks -F/Users/emanuelflury/Library/Developer/Xcode/DerivedData/TaxedGmbH_IOS-gerngfqzuwudosgobknlgtoawnlj/Build/Products/Debug-iphoneos/PackageFrameworks -F/Users/emanuelflury/Library/Developer/Xcode/DerivedData/TaxedGmbH_IOS-gerngfqzuwudosgobknlgtoawnlj/Build/Products/Debug-iphoneos/PackageFrameworks -F/Users/emanuelflury/Library/Developer/Xcode/DerivedData/TaxedGmbH_IOS-gerngfqzuwudosgobknlgtoawnlj/Build/Products/Debug-iphoneos/PackageFrameworks -F/Users/emanuelflury/Library/Developer/Xcode/DerivedData/TaxedGmbH_IOS-gerngfqzuwudosgobknlgtoawnlj/Build/Products/Debug-iphoneos/PackageFrameworks -F/Users/emanuelflury/Library/Developer/Xcode/DerivedData/TaxedGmbH_IOS-gerngfqzuwudosgobknlgtoawnlj/Build/Products/Debug-iphoneos/PackageFrameworks -F/Users/emanuelflury/Library/Developer/Xcode/DerivedData/TaxedGmbH_IOS-gerngfqzuwudosgobknlgtoawnlj/Build/Products/Debug-iphoneos/PackageFrameworks -F/Users/emanuelflury/Library/Developer/Xcode/DerivedData/TaxedGmbH_IOS-gerngfqzuwudosgobknlgtoawnlj/Build/Products/Debug-iphoneos/PackageFrameworks -F/Users/emanuelflury/Library/Developer/Xcode/DerivedData/TaxedGmbH_IOS-gerngfqzuwudosgobknlgtoawnlj/Build/Products/Debug-iphoneos/PackageFrameworks -F/Users/emanuelflury/Library/Developer/Xcode/DerivedData/TaxedGmbH_IOS-gerngfqzuwudosgobknlgtoawnlj/Build/Products/Debug-iphoneos -iframework /Applications/Xcode.app/Contents/Developer/Platforms/iPhoneOS.platform/Developer/Library/Frameworks -iframework /Applications/Xcode.app/Contents/Developer/Platforms/iPhoneOS.platform/Developer/SDKs/iPhoneOS26.1.sdk/Developer/Library/Frameworks -filelist /Users/emanuelflury/Library/Developer/Xcode/DerivedData/TaxedGmbH_IOS-gerngfqzuwudosgobknlgtoawnlj/Build/Intermediates.noindex/Firebase.build/Debug-iphoneos/FirebaseAnalyticsWrapper.build/Objects-normal/arm64/FirebaseAnalyticsWrapper.LinkFileList -nostdlib -Xlinker -object_path_lto -Xlinker /Users/emanuelflury/Library/Developer/Xcode/DerivedData/TaxedGmbH_IOS-gerngfqzuwudosgobknlgtoawnlj/Build/Intermediates.noindex/Firebase.build/Debug-iphoneos/FirebaseAnalyticsWrapper.build/Objects-normal/arm64/FirebaseAnalyticsWrapper_lto.o -rdynamic -Xlinker -no_deduplicate -Xlinker -debug_variant -Xlinker -dependency_info -Xlinker /Users/emanuelflury/Library/Developer/Xcode/DerivedData/TaxedGmbH_IOS-gerngfqzuwudosgobknlgtoawnlj/Build/Intermediates.noindex/Firebase.build/Debug-iphoneos/FirebaseAnalyticsWrapper.build/Objects-normal/arm64/FirebaseAnalyticsWrapper_dependency_info.dat -fobjc-arc -fobjc-link-runtime -o /Users/emanuelflury/Library/Developer/Xcode/DerivedData/TaxedGmbH_IOS-gerngfqzuwudosgobknlgtoawnlj/Build/Products/Debug-iphoneos/FirebaseAnalyticsWrapper.o

Ld /Users/emanuelflury/Library/Developer/Xcode/DerivedData/TaxedGmbH_IOS-gerngfqzuwudosgobknlgtoawnlj/Build/Products/Debug-iphoneos/FirebaseMessaging.o normal (in target 'FirebaseMessaging' from project 'Firebase')
    cd /Users/emanuelflury/Library/Developer/Xcode/DerivedData/TaxedGmbH_IOS-gerngfqzuwudosgobknlgtoawnlj/SourcePackages/checkouts/firebase-ios-sdk
    /Applications/Xcode.app/Contents/Developer/Toolchains/XcodeDefault.xctoolchain/usr/bin/clang -Xlinker -reproducible -target arm64-apple-ios15.0 -r -isysroot /Applications/Xcode.app/Contents/Developer/Platforms/iPhoneOS.platform/Developer/SDKs/iPhoneOS26.1.sdk -O0 -w -L/Users/emanuelflury/Library/Developer/Xcode/DerivedData/TaxedGmbH_IOS-gerngfqzuwudosgobknlgtoawnlj/Build/Intermediates.noindex/EagerLinkingTBDs/Debug-iphoneos -L/Users/emanuelflury/Library/Developer/Xcode/DerivedData/TaxedGmbH_IOS-gerngfqzuwudosgobknlgtoawnlj/Build/Products/Debug-iphoneos -L/Applications/Xcode.app/Contents/Developer/Platforms/iPhoneOS.platform/Developer/usr/lib -F/Users/emanuelflury/Library/Developer/Xcode/DerivedData/TaxedGmbH_IOS-gerngfqzuwudosgobknlgtoawnlj/Build/Intermediates.noindex/EagerLinkingTBDs/Debug-iphoneos -F/Users/emanuelflury/Library/Developer/Xcode/DerivedData/TaxedGmbH_IOS-gerngfqzuwudosgobknlgtoawnlj/Build/Products/Debug-iphoneos/PackageFrameworks -F/Users/emanuelflury/Library/Developer/Xcode/DerivedData/TaxedGmbH_IOS-gerngfqzuwudosgobknlgtoawnlj/Build/Products/Debug-iphoneos/PackageFrameworks -F/Users/emanuelflury/Library/Developer/Xcode/DerivedData/TaxedGmbH_IOS-gerngfqzuwudosgobknlgtoawnlj/Build/Products/Debug-iphoneos/PackageFrameworks -F/Users/emanuelflury/Library/Developer/Xcode/DerivedData/TaxedGmbH_IOS-gerngfqzuwudosgobknlgtoawnlj/Build/Products/Debug-iphoneos/PackageFrameworks -F/Users/emanuelflury/Library/Developer/Xcode/DerivedData/TaxedGmbH_IOS-gerngfqzuwudosgobknlgtoawnlj/Build/Products/Debug-iphoneos/PackageFrameworks -F/Users/emanuelflury/Library/Developer/Xcode/DerivedData/TaxedGmbH_IOS-gerngfqzuwudosgobknlgtoawnlj/Build/Products/Debug-iphoneos/PackageFrameworks -F/Users/emanuelflury/Library/Developer/Xcode/DerivedData/TaxedGmbH_IOS-gerngfqzuwudosgobknlgtoawnlj/Build/Products/Debug-iphoneos/PackageFrameworks -F/Users/emanuelflury/Library/Developer/Xcode/DerivedData/TaxedGmbH_IOS-gerngfqzuwudosgobknlgtoawnlj/Build/Products/Debug-iphoneos/PackageFrameworks -F/Users/emanuelflury/Library/Developer/Xcode/DerivedData/TaxedGmbH_IOS-gerngfqzuwudosgobknlgtoawnlj/Build/Products/Debug-iphoneos/PackageFrameworks -F/Users/emanuelflury/Library/Developer/Xcode/DerivedData/TaxedGmbH_IOS-gerngfqzuwudosgobknlgtoawnlj/Build/Products/Debug-iphoneos/PackageFrameworks -F/Users/emanuelflury/Library/Developer/Xcode/DerivedData/TaxedGmbH_IOS-gerngfqzuwudosgobknlgtoawnlj/Build/Products/Debug-iphoneos/PackageFrameworks -F/Users/emanuelflury/Library/Developer/Xcode/DerivedData/TaxedGmbH_IOS-gerngfqzuwudosgobknlgtoawnlj/Build/Products/Debug-iphoneos/PackageFrameworks -F/Users/emanuelflury/Library/Developer/Xcode/DerivedData/TaxedGmbH_IOS-gerngfqzuwudosgobknlgtoawnlj/Build/Products/Debug-iphoneos/PackageFrameworks -F/Users/emanuelflury/Library/Developer/Xcode/DerivedData/TaxedGmbH_IOS-gerngfqzuwudosgobknlgtoawnlj/Build/Products/Debug-iphoneos/PackageFrameworks -F/Users/emanuelflury/Library/Developer/Xcode/DerivedData/TaxedGmbH_IOS-gerngfqzuwudosgobknlgtoawnlj/Build/Products/Debug-iphoneos/PackageFrameworks -F/Users/emanuelflury/Library/Developer/Xcode/DerivedData/TaxedGmbH_IOS-gerngfqzuwudosgobknlgtoawnlj/Build/Products/Debug-iphoneos -iframework /Applications/Xcode.app/Contents/Developer/Platforms/iPhoneOS.platform/Developer/Library/Frameworks -iframework /Applications/Xcode.app/Contents/Developer/Platforms/iPhoneOS.platform/Developer/SDKs/iPhoneOS26.1.sdk/Developer/Library/Frameworks -filelist /Users/emanuelflury/Library/Developer/Xcode/DerivedData/TaxedGmbH_IOS-gerngfqzuwudosgobknlgtoawnlj/Build/Intermediates.noindex/Firebase.build/Debug-iphoneos/FirebaseMessaging.build/Objects-normal/arm64/FirebaseMessaging.LinkFileList -nostdlib -Xlinker -object_path_lto -Xlinker /Users/emanuelflury/Library/Developer/Xcode/DerivedData/TaxedGmbH_IOS-gerngfqzuwudosgobknlgtoawnlj/Build/Intermediates.noindex/Firebase.build/Debug-iphoneos/FirebaseMessaging.build/Objects-normal/arm64/FirebaseMessaging_lto.o -rdynamic -Xlinker -no_deduplicate -Xlinker -debug_variant -Xlinker -dependency_info -Xlinker /Users/emanuelflury/Library/Developer/Xcode/DerivedData/TaxedGmbH_IOS-gerngfqzuwudosgobknlgtoawnlj/Build/Intermediates.noindex/Firebase.build/Debug-iphoneos/FirebaseMessaging.build/Objects-normal/arm64/FirebaseMessaging_dependency_info.dat -fobjc-arc -fobjc-link-runtime -o /Users/emanuelflury/Library/Developer/Xcode/DerivedData/TaxedGmbH_IOS-gerngfqzuwudosgobknlgtoawnlj/Build/Products/Debug-iphoneos/FirebaseMessaging.o

ExtractAppIntentsMetadata (in target 'FirebaseFirestore' from project 'Firebase')
    cd /Users/emanuelflury/Library/Developer/Xcode/DerivedData/TaxedGmbH_IOS-gerngfqzuwudosgobknlgtoawnlj/SourcePackages/checkouts/firebase-ios-sdk
    /Applications/Xcode.app/Contents/Developer/Toolchains/XcodeDefault.xctoolchain/usr/bin/appintentsmetadataprocessor --toolchain-dir /Applications/Xcode.app/Contents/Developer/Toolchains/XcodeDefault.xctoolchain --module-name FirebaseFirestore --sdk-root /Applications/Xcode.app/Contents/Developer/Platforms/iPhoneOS.platform/Developer/SDKs/iPhoneOS26.1.sdk --xcode-version 17B55 --platform-family iOS --deployment-target 15.0 --bundle-identifier firebase-ios-sdk.FirebaseFirestore --output /Users/emanuelflury/Library/Developer/Xcode/DerivedData/TaxedGmbH_IOS-gerngfqzuwudosgobknlgtoawnlj/Build/Products/Debug-iphoneos/FirebaseFirestore.appintents --target-triple arm64-apple-ios15.0 --binary-file /Users/emanuelflury/Library/Developer/Xcode/DerivedData/TaxedGmbH_IOS-gerngfqzuwudosgobknlgtoawnlj/Build/Products/Debug-iphoneos/FirebaseFirestore.o --dependency-file /Users/emanuelflury/Library/Developer/Xcode/DerivedData/TaxedGmbH_IOS-gerngfqzuwudosgobknlgtoawnlj/Build/Intermediates.noindex/Firebase.build/Debug-iphoneos/FirebaseFirestore.build/Objects-normal/arm64/FirebaseFirestore_dependency_info.dat --stringsdata-file /Users/emanuelflury/Library/Developer/Xcode/DerivedData/TaxedGmbH_IOS-gerngfqzuwudosgobknlgtoawnlj/Build/Intermediates.noindex/Firebase.build/Debug-iphoneos/FirebaseFirestore.build/Objects-normal/arm64/ExtractedAppShortcutsMetadata.stringsdata --source-file-list /Users/emanuelflury/Library/Developer/Xcode/DerivedData/TaxedGmbH_IOS-gerngfqzuwudosgobknlgtoawnlj/Build/Intermediates.noindex/Firebase.build/Debug-iphoneos/FirebaseFirestore.build/Objects-normal/arm64/FirebaseFirestore.SwiftFileList --metadata-file-list /Users/emanuelflury/Library/Developer/Xcode/DerivedData/TaxedGmbH_IOS-gerngfqzuwudosgobknlgtoawnlj/Build/Intermediates.noindex/Firebase.build/Debug-iphoneos/FirebaseFirestore.build/FirebaseFirestore.DependencyMetadataFileList --static-metadata-file-list /Users/emanuelflury/Library/Developer/Xcode/DerivedData/TaxedGmbH_IOS-gerngfqzuwudosgobknlgtoawnlj/Build/Intermediates.noindex/Firebase.build/Debug-iphoneos/FirebaseFirestore.build/FirebaseFirestore.DependencyStaticMetadataFileList --swift-const-vals-list /Users/emanuelflury/Library/Developer/Xcode/DerivedData/TaxedGmbH_IOS-gerngfqzuwudosgobknlgtoawnlj/Build/Intermediates.noindex/Firebase.build/Debug-iphoneos/FirebaseFirestore.build/Objects-normal/arm64/FirebaseFirestore.SwiftConstValuesFileList --force --compile-time-extraction --deployment-aware-processing --validate-assistant-intents --no-app-shortcuts-localization
2025-12-04 19:37:46.438 appintentsmetadataprocessor[95837:1038601] Starting appintentsmetadataprocessor export
2025-12-04 19:37:46.883 appintentsmetadataprocessor[95837:1038601] Extracted no relevant App Intents symbols, skipping writing output

ExtractAppIntentsMetadata (in target 'FirebaseStorage' from project 'Firebase')
    cd /Users/emanuelflury/Library/Developer/Xcode/DerivedData/TaxedGmbH_IOS-gerngfqzuwudosgobknlgtoawnlj/SourcePackages/checkouts/firebase-ios-sdk
    /Applications/Xcode.app/Contents/Developer/Toolchains/XcodeDefault.xctoolchain/usr/bin/appintentsmetadataprocessor --toolchain-dir /Applications/Xcode.app/Contents/Developer/Toolchains/XcodeDefault.xctoolchain --module-name FirebaseStorage --sdk-root /Applications/Xcode.app/Contents/Developer/Platforms/iPhoneOS.platform/Developer/SDKs/iPhoneOS26.1.sdk --xcode-version 17B55 --platform-family iOS --deployment-target 15.0 --bundle-identifier firebase-ios-sdk.FirebaseStorage --output /Users/emanuelflury/Library/Developer/Xcode/DerivedData/TaxedGmbH_IOS-gerngfqzuwudosgobknlgtoawnlj/Build/Products/Debug-iphoneos/FirebaseStorage.appintents --target-triple arm64-apple-ios15.0 --binary-file /Users/emanuelflury/Library/Developer/Xcode/DerivedData/TaxedGmbH_IOS-gerngfqzuwudosgobknlgtoawnlj/Build/Products/Debug-iphoneos/FirebaseStorage.o --dependency-file /Users/emanuelflury/Library/Developer/Xcode/DerivedData/TaxedGmbH_IOS-gerngfqzuwudosgobknlgtoawnlj/Build/Intermediates.noindex/Firebase.build/Debug-iphoneos/FirebaseStorage.build/Objects-normal/arm64/FirebaseStorage_dependency_info.dat --stringsdata-file /Users/emanuelflury/Library/Developer/Xcode/DerivedData/TaxedGmbH_IOS-gerngfqzuwudosgobknlgtoawnlj/Build/Intermediates.noindex/Firebase.build/Debug-iphoneos/FirebaseStorage.build/Objects-normal/arm64/ExtractedAppShortcutsMetadata.stringsdata --source-file-list /Users/emanuelflury/Library/Developer/Xcode/DerivedData/TaxedGmbH_IOS-gerngfqzuwudosgobknlgtoawnlj/Build/Intermediates.noindex/Firebase.build/Debug-iphoneos/FirebaseStorage.build/Objects-normal/arm64/FirebaseStorage.SwiftFileList --metadata-file-list /Users/emanuelflury/Library/Developer/Xcode/DerivedData/TaxedGmbH_IOS-gerngfqzuwudosgobknlgtoawnlj/Build/Intermediates.noindex/Firebase.build/Debug-iphoneos/FirebaseStorage.build/FirebaseStorage.DependencyMetadataFileList --static-metadata-file-list /Users/emanuelflury/Library/Developer/Xcode/DerivedData/TaxedGmbH_IOS-gerngfqzuwudosgobknlgtoawnlj/Build/Intermediates.noindex/Firebase.build/Debug-iphoneos/FirebaseStorage.build/FirebaseStorage.DependencyStaticMetadataFileList --swift-const-vals-list /Users/emanuelflury/Library/Developer/Xcode/DerivedData/TaxedGmbH_IOS-gerngfqzuwudosgobknlgtoawnlj/Build/Intermediates.noindex/Firebase.build/Debug-iphoneos/FirebaseStorage.build/Objects-normal/arm64/FirebaseStorage.SwiftConstValuesFileList --force --compile-time-extraction --deployment-aware-processing --validate-assistant-intents --no-app-shortcuts-localization
2025-12-04 19:37:46.438 appintentsmetadataprocessor[95838:1038602] Starting appintentsmetadataprocessor export
2025-12-04 19:37:46.885 appintentsmetadataprocessor[95838:1038602] Extracted no relevant App Intents symbols, skipping writing output

RegisterExecutionPolicyException /Users/emanuelflury/Library/Developer/Xcode/DerivedData/TaxedGmbH_IOS-gerngfqzuwudosgobknlgtoawnlj/Build/Products/Debug-iphoneos/FirebaseAnalyticsWrapper.o (in target 'FirebaseAnalyticsWrapper' from project 'Firebase')
    cd /Users/emanuelflury/Library/Developer/Xcode/DerivedData/TaxedGmbH_IOS-gerngfqzuwudosgobknlgtoawnlj/SourcePackages/checkouts/firebase-ios-sdk
    builtin-RegisterExecutionPolicyException /Users/emanuelflury/Library/Developer/Xcode/DerivedData/TaxedGmbH_IOS-gerngfqzuwudosgobknlgtoawnlj/Build/Products/Debug-iphoneos/FirebaseAnalyticsWrapper.o

Ld /Users/emanuelflury/Library/Developer/Xcode/DerivedData/TaxedGmbH_IOS-gerngfqzuwudosgobknlgtoawnlj/Build/Products/Debug-iphoneos/FirebaseAnalyticsTarget.o normal (in target 'FirebaseAnalyticsTarget' from project 'Firebase')
    cd /Users/emanuelflury/Library/Developer/Xcode/DerivedData/TaxedGmbH_IOS-gerngfqzuwudosgobknlgtoawnlj/SourcePackages/checkouts/firebase-ios-sdk
    /Applications/Xcode.app/Contents/Developer/Toolchains/XcodeDefault.xctoolchain/usr/bin/clang -Xlinker -reproducible -target arm64-apple-ios15.0 -r -isysroot /Applications/Xcode.app/Contents/Developer/Platforms/iPhoneOS.platform/Developer/SDKs/iPhoneOS26.1.sdk -O0 -w -L/Users/emanuelflury/Library/Developer/Xcode/DerivedData/TaxedGmbH_IOS-gerngfqzuwudosgobknlgtoawnlj/Build/Intermediates.noindex/EagerLinkingTBDs/Debug-iphoneos -L/Users/emanuelflury/Library/Developer/Xcode/DerivedData/TaxedGmbH_IOS-gerngfqzuwudosgobknlgtoawnlj/Build/Products/Debug-iphoneos -L/Applications/Xcode.app/Contents/Developer/Platforms/iPhoneOS.platform/Developer/usr/lib -F/Users/emanuelflury/Library/Developer/Xcode/DerivedData/TaxedGmbH_IOS-gerngfqzuwudosgobknlgtoawnlj/Build/Intermediates.noindex/EagerLinkingTBDs/Debug-iphoneos -F/Users/emanuelflury/Library/Developer/Xcode/DerivedData/TaxedGmbH_IOS-gerngfqzuwudosgobknlgtoawnlj/Build/Products/Debug-iphoneos/PackageFrameworks -F/Users/emanuelflury/Library/Developer/Xcode/DerivedData/TaxedGmbH_IOS-gerngfqzuwudosgobknlgtoawnlj/Build/Products/Debug-iphoneos/PackageFrameworks -F/Users/emanuelflury/Library/Developer/Xcode/DerivedData/TaxedGmbH_IOS-gerngfqzuwudosgobknlgtoawnlj/Build/Products/Debug-iphoneos/PackageFrameworks -F/Users/emanuelflury/Library/Developer/Xcode/DerivedData/TaxedGmbH_IOS-gerngfqzuwudosgobknlgtoawnlj/Build/Products/Debug-iphoneos/PackageFrameworks -F/Users/emanuelflury/Library/Developer/Xcode/DerivedData/TaxedGmbH_IOS-gerngfqzuwudosgobknlgtoawnlj/Build/Products/Debug-iphoneos/PackageFrameworks -F/Users/emanuelflury/Library/Developer/Xcode/DerivedData/TaxedGmbH_IOS-gerngfqzuwudosgobknlgtoawnlj/Build/Products/Debug-iphoneos/PackageFrameworks -F/Users/emanuelflury/Library/Developer/Xcode/DerivedData/TaxedGmbH_IOS-gerngfqzuwudosgobknlgtoawnlj/Build/Products/Debug-iphoneos/PackageFrameworks -F/Users/emanuelflury/Library/Developer/Xcode/DerivedData/TaxedGmbH_IOS-gerngfqzuwudosgobknlgtoawnlj/Build/Products/Debug-iphoneos/PackageFrameworks -F/Users/emanuelflury/Library/Developer/Xcode/DerivedData/TaxedGmbH_IOS-gerngfqzuwudosgobknlgtoawnlj/Build/Products/Debug-iphoneos/PackageFrameworks -F/Users/emanuelflury/Library/Developer/Xcode/DerivedData/TaxedGmbH_IOS-gerngfqzuwudosgobknlgtoawnlj/Build/Products/Debug-iphoneos/PackageFrameworks -F/Users/emanuelflury/Library/Developer/Xcode/DerivedData/TaxedGmbH_IOS-gerngfqzuwudosgobknlgtoawnlj/Build/Products/Debug-iphoneos/PackageFrameworks -F/Users/emanuelflury/Library/Developer/Xcode/DerivedData/TaxedGmbH_IOS-gerngfqzuwudosgobknlgtoawnlj/Build/Products/Debug-iphoneos/PackageFrameworks -F/Users/emanuelflury/Library/Developer/Xcode/DerivedData/TaxedGmbH_IOS-gerngfqzuwudosgobknlgtoawnlj/Build/Products/Debug-iphoneos/PackageFrameworks -F/Users/emanuelflury/Library/Developer/Xcode/DerivedData/TaxedGmbH_IOS-gerngfqzuwudosgobknlgtoawnlj/Build/Products/Debug-iphoneos/PackageFrameworks -F/Users/emanuelflury/Library/Developer/Xcode/DerivedData/TaxedGmbH_IOS-gerngfqzuwudosgobknlgtoawnlj/Build/Products/Debug-iphoneos/PackageFrameworks -F/Users/emanuelflury/Library/Developer/Xcode/DerivedData/TaxedGmbH_IOS-gerngfqzuwudosgobknlgtoawnlj/Build/Products/Debug-iphoneos/PackageFrameworks -F/Users/emanuelflury/Library/Developer/Xcode/DerivedData/TaxedGmbH_IOS-gerngfqzuwudosgobknlgtoawnlj/Build/Products/Debug-iphoneos/PackageFrameworks -F/Users/emanuelflury/Library/Developer/Xcode/DerivedData/TaxedGmbH_IOS-gerngfqzuwudosgobknlgtoawnlj/Build/Products/Debug-iphoneos/PackageFrameworks -F/Users/emanuelflury/Library/Developer/Xcode/DerivedData/TaxedGmbH_IOS-gerngfqzuwudosgobknlgtoawnlj/Build/Products/Debug-iphoneos -iframework /Applications/Xcode.app/Contents/Developer/Platforms/iPhoneOS.platform/Developer/Library/Frameworks -iframework /Applications/Xcode.app/Contents/Developer/Platforms/iPhoneOS.platform/Developer/SDKs/iPhoneOS26.1.sdk/Developer/Library/Frameworks -filelist /Users/emanuelflury/Library/Developer/Xcode/DerivedData/TaxedGmbH_IOS-gerngfqzuwudosgobknlgtoawnlj/Build/Intermediates.noindex/Firebase.build/Debug-iphoneos/FirebaseAnalyticsTarget.build/Objects-normal/arm64/FirebaseAnalyticsTarget.LinkFileList -nostdlib -Xlinker -object_path_lto -Xlinker /Users/emanuelflury/Library/Developer/Xcode/DerivedData/TaxedGmbH_IOS-gerngfqzuwudosgobknlgtoawnlj/Build/Intermediates.noindex/Firebase.build/Debug-iphoneos/FirebaseAnalyticsTarget.build/Objects-normal/arm64/FirebaseAnalyticsTarget_lto.o -rdynamic -Xlinker -no_deduplicate -Xlinker -debug_variant -Xlinker -dependency_info -Xlinker /Users/emanuelflury/Library/Developer/Xcode/DerivedData/TaxedGmbH_IOS-gerngfqzuwudosgobknlgtoawnlj/Build/Intermediates.noindex/Firebase.build/Debug-iphoneos/FirebaseAnalyticsTarget.build/Objects-normal/arm64/FirebaseAnalyticsTarget_dependency_info.dat -fobjc-arc -fobjc-link-runtime -o /Users/emanuelflury/Library/Developer/Xcode/DerivedData/TaxedGmbH_IOS-gerngfqzuwudosgobknlgtoawnlj/Build/Products/Debug-iphoneos/FirebaseAnalyticsTarget.o

RegisterExecutionPolicyException /Users/emanuelflury/Library/Developer/Xcode/DerivedData/TaxedGmbH_IOS-gerngfqzuwudosgobknlgtoawnlj/Build/Products/Debug-iphoneos/FirebaseMessaging.o (in target 'FirebaseMessaging' from project 'Firebase')
    cd /Users/emanuelflury/Library/Developer/Xcode/DerivedData/TaxedGmbH_IOS-gerngfqzuwudosgobknlgtoawnlj/SourcePackages/checkouts/firebase-ios-sdk
    builtin-RegisterExecutionPolicyException /Users/emanuelflury/Library/Developer/Xcode/DerivedData/TaxedGmbH_IOS-gerngfqzuwudosgobknlgtoawnlj/Build/Products/Debug-iphoneos/FirebaseMessaging.o

RegisterExecutionPolicyException /Users/emanuelflury/Library/Developer/Xcode/DerivedData/TaxedGmbH_IOS-gerngfqzuwudosgobknlgtoawnlj/Build/Products/Debug-iphoneos/FirebaseAnalyticsTarget.o (in target 'FirebaseAnalyticsTarget' from project 'Firebase')
    cd /Users/emanuelflury/Library/Developer/Xcode/DerivedData/TaxedGmbH_IOS-gerngfqzuwudosgobknlgtoawnlj/SourcePackages/checkouts/firebase-ios-sdk
    builtin-RegisterExecutionPolicyException /Users/emanuelflury/Library/Developer/Xcode/DerivedData/TaxedGmbH_IOS-gerngfqzuwudosgobknlgtoawnlj/Build/Products/Debug-iphoneos/FirebaseAnalyticsTarget.o

SwiftDriverJobDiscovery normal arm64 Compiling PhoneAuthProvider.swift, TwitterAuthProvider.swift, AuthBackend.swift, AuthBackendRPCIssuer.swift, AuthRPCRequest.swift, AuthRPCResponse.swift, AuthRequestConfiguration.swift, IdentityToolkitRequest.swift, AuthMFAResponse.swift, CreateAuthURIRequest.swift, CreateAuthURIResponse.swift, DeleteAccountRequest.swift (in target 'FirebaseAuth' from project 'Firebase')

RegisterExecutionPolicyException /Users/emanuelflury/Library/Developer/Xcode/DerivedData/TaxedGmbH_IOS-gerngfqzuwudosgobknlgtoawnlj/Build/Products/Debug-iphoneos/FirebaseFunctions.o (in target 'FirebaseFunctions' from project 'Firebase')
    cd /Users/emanuelflury/Library/Developer/Xcode/DerivedData/TaxedGmbH_IOS-gerngfqzuwudosgobknlgtoawnlj/SourcePackages/checkouts/firebase-ios-sdk
    builtin-RegisterExecutionPolicyException /Users/emanuelflury/Library/Developer/Xcode/DerivedData/TaxedGmbH_IOS-gerngfqzuwudosgobknlgtoawnlj/Build/Products/Debug-iphoneos/FirebaseFunctions.o

RegisterExecutionPolicyException /Users/emanuelflury/Library/Developer/Xcode/DerivedData/TaxedGmbH_IOS-gerngfqzuwudosgobknlgtoawnlj/Build/Products/Debug-iphoneos/FirebaseFirestore.o (in target 'FirebaseFirestore' from project 'Firebase')
    cd /Users/emanuelflury/Library/Developer/Xcode/DerivedData/TaxedGmbH_IOS-gerngfqzuwudosgobknlgtoawnlj/SourcePackages/checkouts/firebase-ios-sdk
    builtin-RegisterExecutionPolicyException /Users/emanuelflury/Library/Developer/Xcode/DerivedData/TaxedGmbH_IOS-gerngfqzuwudosgobknlgtoawnlj/Build/Products/Debug-iphoneos/FirebaseFirestore.o

RegisterExecutionPolicyException /Users/emanuelflury/Library/Developer/Xcode/DerivedData/TaxedGmbH_IOS-gerngfqzuwudosgobknlgtoawnlj/Build/Products/Debug-iphoneos/FirebaseStorage.o (in target 'FirebaseStorage' from project 'Firebase')
    cd /Users/emanuelflury/Library/Developer/Xcode/DerivedData/TaxedGmbH_IOS-gerngfqzuwudosgobknlgtoawnlj/SourcePackages/checkouts/firebase-ios-sdk
    builtin-RegisterExecutionPolicyException /Users/emanuelflury/Library/Developer/Xcode/DerivedData/TaxedGmbH_IOS-gerngfqzuwudosgobknlgtoawnlj/Build/Products/Debug-iphoneos/FirebaseStorage.o

Ld /Users/emanuelflury/Library/Developer/Xcode/DerivedData/TaxedGmbH_IOS-gerngfqzuwudosgobknlgtoawnlj/Build/Products/Debug-iphoneos/FirebaseFirestoreTarget.o normal (in target 'FirebaseFirestoreTarget' from project 'Firebase')
    cd /Users/emanuelflury/Library/Developer/Xcode/DerivedData/TaxedGmbH_IOS-gerngfqzuwudosgobknlgtoawnlj/SourcePackages/checkouts/firebase-ios-sdk
    /Applications/Xcode.app/Contents/Developer/Toolchains/XcodeDefault.xctoolchain/usr/bin/clang -Xlinker -reproducible -target arm64-apple-ios15.0 -r -isysroot /Applications/Xcode.app/Contents/Developer/Platforms/iPhoneOS.platform/Developer/SDKs/iPhoneOS26.1.sdk -O0 -w -L/Users/emanuelflury/Library/Developer/Xcode/DerivedData/TaxedGmbH_IOS-gerngfqzuwudosgobknlgtoawnlj/Build/Intermediates.noindex/EagerLinkingTBDs/Debug-iphoneos -L/Users/emanuelflury/Library/Developer/Xcode/DerivedData/TaxedGmbH_IOS-gerngfqzuwudosgobknlgtoawnlj/Build/Products/Debug-iphoneos -L/Applications/Xcode.app/Contents/Developer/Platforms/iPhoneOS.platform/Developer/usr/lib -F/Users/emanuelflury/Library/Developer/Xcode/DerivedData/TaxedGmbH_IOS-gerngfqzuwudosgobknlgtoawnlj/Build/Intermediates.noindex/EagerLinkingTBDs/Debug-iphoneos -F/Users/emanuelflury/Library/Developer/Xcode/DerivedData/TaxedGmbH_IOS-gerngfqzuwudosgobknlgtoawnlj/Build/Products/Debug-iphoneos/PackageFrameworks -F/Users/emanuelflury/Library/Developer/Xcode/DerivedData/TaxedGmbH_IOS-gerngfqzuwudosgobknlgtoawnlj/Build/Products/Debug-iphoneos/PackageFrameworks -F/Users/emanuelflury/Library/Developer/Xcode/DerivedData/TaxedGmbH_IOS-gerngfqzuwudosgobknlgtoawnlj/Build/Products/Debug-iphoneos/PackageFrameworks -F/Users/emanuelflury/Library/Developer/Xcode/DerivedData/TaxedGmbH_IOS-gerngfqzuwudosgobknlgtoawnlj/Build/Products/Debug-iphoneos/PackageFrameworks -F/Users/emanuelflury/Library/Developer/Xcode/DerivedData/TaxedGmbH_IOS-gerngfqzuwudosgobknlgtoawnlj/Build/Products/Debug-iphoneos/PackageFrameworks -F/Users/emanuelflury/Library/Developer/Xcode/DerivedData/TaxedGmbH_IOS-gerngfqzuwudosgobknlgtoawnlj/Build/Products/Debug-iphoneos/PackageFrameworks -F/Users/emanuelflury/Library/Developer/Xcode/DerivedData/TaxedGmbH_IOS-gerngfqzuwudosgobknlgtoawnlj/Build/Products/Debug-iphoneos/PackageFrameworks -F/Users/emanuelflury/Library/Developer/Xcode/DerivedData/TaxedGmbH_IOS-gerngfqzuwudosgobknlgtoawnlj/Build/Products/Debug-iphoneos/PackageFrameworks -F/Users/emanuelflury/Library/Developer/Xcode/DerivedData/TaxedGmbH_IOS-gerngfqzuwudosgobknlgtoawnlj/Build/Products/Debug-iphoneos/PackageFrameworks -F/Users/emanuelflury/Library/Developer/Xcode/DerivedData/TaxedGmbH_IOS-gerngfqzuwudosgobknlgtoawnlj/Build/Products/Debug-iphoneos/PackageFrameworks -F/Users/emanuelflury/Library/Developer/Xcode/DerivedData/TaxedGmbH_IOS-gerngfqzuwudosgobknlgtoawnlj/Build/Products/Debug-iphoneos/PackageFrameworks -F/Users/emanuelflury/Library/Developer/Xcode/DerivedData/TaxedGmbH_IOS-gerngfqzuwudosgobknlgtoawnlj/Build/Products/Debug-iphoneos/PackageFrameworks -F/Users/emanuelflury/Library/Developer/Xcode/DerivedData/TaxedGmbH_IOS-gerngfqzuwudosgobknlgtoawnlj/Build/Products/Debug-iphoneos/PackageFrameworks -F/Users/emanuelflury/Library/Developer/Xcode/DerivedData/TaxedGmbH_IOS-gerngfqzuwudosgobknlgtoawnlj/Build/Products/Debug-iphoneos/PackageFrameworks -F/Users/emanuelflury/Library/Developer/Xcode/DerivedData/TaxedGmbH_IOS-gerngfqzuwudosgobknlgtoawnlj/Build/Products/Debug-iphoneos/PackageFrameworks -F/Users/emanuelflury/Library/Developer/Xcode/DerivedData/TaxedGmbH_IOS-gerngfqzuwudosgobknlgtoawnlj/Build/Products/Debug-iphoneos/PackageFrameworks -F/Users/emanuelflury/Library/Developer/Xcode/DerivedData/TaxedGmbH_IOS-gerngfqzuwudosgobknlgtoawnlj/Build/Products/Debug-iphoneos/PackageFrameworks -F/Users/emanuelflury/Library/Developer/Xcode/DerivedData/TaxedGmbH_IOS-gerngfqzuwudosgobknlgtoawnlj/Build/Products/Debug-iphoneos/PackageFrameworks -F/Users/emanuelflury/Library/Developer/Xcode/DerivedData/TaxedGmbH_IOS-gerngfqzuwudosgobknlgtoawnlj/Build/Products/Debug-iphoneos -iframework /Applications/Xcode.app/Contents/Developer/Platforms/iPhoneOS.platform/Developer/Library/Frameworks -iframework /Applications/Xcode.app/Contents/Developer/Platforms/iPhoneOS.platform/Developer/SDKs/iPhoneOS26.1.sdk/Developer/Library/Frameworks -filelist /Users/emanuelflury/Library/Developer/Xcode/DerivedData/TaxedGmbH_IOS-gerngfqzuwudosgobknlgtoawnlj/Build/Intermediates.noindex/Firebase.build/Debug-iphoneos/FirebaseFirestoreTarget.build/Objects-normal/arm64/FirebaseFirestoreTarget.LinkFileList -nostdlib -Xlinker -object_path_lto -Xlinker /Users/emanuelflury/Library/Developer/Xcode/DerivedData/TaxedGmbH_IOS-gerngfqzuwudosgobknlgtoawnlj/Build/Intermediates.noindex/Firebase.build/Debug-iphoneos/FirebaseFirestoreTarget.build/Objects-normal/arm64/FirebaseFirestoreTarget_lto.o -rdynamic -Xlinker -no_deduplicate -Xlinker -debug_variant -Xlinker -dependency_info -Xlinker /Users/emanuelflury/Library/Developer/Xcode/DerivedData/TaxedGmbH_IOS-gerngfqzuwudosgobknlgtoawnlj/Build/Intermediates.noindex/Firebase.build/Debug-iphoneos/FirebaseFirestoreTarget.build/Objects-normal/arm64/FirebaseFirestoreTarget_dependency_info.dat -fobjc-arc -fobjc-link-runtime -o /Users/emanuelflury/Library/Developer/Xcode/DerivedData/TaxedGmbH_IOS-gerngfqzuwudosgobknlgtoawnlj/Build/Products/Debug-iphoneos/FirebaseFirestoreTarget.o

RegisterExecutionPolicyException /Users/emanuelflury/Library/Developer/Xcode/DerivedData/TaxedGmbH_IOS-gerngfqzuwudosgobknlgtoawnlj/Build/Products/Debug-iphoneos/FirebaseFirestoreTarget.o (in target 'FirebaseFirestoreTarget' from project 'Firebase')
    cd /Users/emanuelflury/Library/Developer/Xcode/DerivedData/TaxedGmbH_IOS-gerngfqzuwudosgobknlgtoawnlj/SourcePackages/checkouts/firebase-ios-sdk
    builtin-RegisterExecutionPolicyException /Users/emanuelflury/Library/Developer/Xcode/DerivedData/TaxedGmbH_IOS-gerngfqzuwudosgobknlgtoawnlj/Build/Products/Debug-iphoneos/FirebaseFirestoreTarget.o

SwiftDriverJobDiscovery normal arm64 Compiling AuthDefaultUIDelegate.swift, AuthErrorUtils.swift, AuthErrors.swift, AuthInternalErrors.swift, AuthLog.swift, AuthRecaptchaVerifier.swift, AuthUIDelegate.swift, AuthURLPresenter.swift, AuthWebUtils.swift, AuthWebView.swift, AuthWebViewController.swift (in target 'FirebaseAuth' from project 'Firebase')

SwiftExplicitDependencyGeneratePcm arm64 /Users/emanuelflury/Library/Developer/Xcode/DerivedData/TaxedGmbH_IOS-gerngfqzuwudosgobknlgtoawnlj/Build/Intermediates.noindex/SwiftExplicitPrecompiledModules/FirebaseInstallations-81JRK17QSGCMO35MXQF4LCYCR.pcm

SwiftExplicitDependencyGeneratePcm arm64 /Users/emanuelflury/Library/Developer/Xcode/DerivedData/TaxedGmbH_IOS-gerngfqzuwudosgobknlgtoawnlj/Build/Intermediates.noindex/SwiftExplicitPrecompiledModules/FirebaseAnalytics-AUN2PI3ZXV5V6KNYVRY5TU3DM.pcm

SwiftExplicitDependencyGeneratePcm arm64 /Users/emanuelflury/Library/Developer/Xcode/DerivedData/TaxedGmbH_IOS-gerngfqzuwudosgobknlgtoawnlj/Build/Intermediates.noindex/SwiftExplicitPrecompiledModules/GoogleUtilities_Environment-4VYTA9STEGNH8XNMF8XV2L2N2.pcm

SwiftExplicitDependencyGeneratePcm arm64 /Users/emanuelflury/Library/Developer/Xcode/DerivedData/TaxedGmbH_IOS-gerngfqzuwudosgobknlgtoawnlj/Build/Intermediates.noindex/SwiftExplicitPrecompiledModules/FirebaseAppCheckInterop-ED8DSHYQJVC0FS0HMDSB48PNS.pcm

SwiftExplicitDependencyGeneratePcm arm64 /Users/emanuelflury/Library/Developer/Xcode/DerivedData/TaxedGmbH_IOS-gerngfqzuwudosgobknlgtoawnlj/Build/Intermediates.noindex/SwiftExplicitPrecompiledModules/FirebaseAuthInterop-1HKNAZ40DTGFOEWT5439QT9YQ.pcm

SwiftExplicitDependencyGeneratePcm arm64 /Users/emanuelflury/Library/Developer/Xcode/DerivedData/TaxedGmbH_IOS-gerngfqzuwudosgobknlgtoawnlj/Build/Intermediates.noindex/SwiftExplicitPrecompiledModules/GTMSessionFetcherCore-9DMF5IM37HBJW4V3478J8U1SB.pcm

SwiftExplicitDependencyGeneratePcm arm64 /Users/emanuelflury/Library/Developer/Xcode/DerivedData/TaxedGmbH_IOS-gerngfqzuwudosgobknlgtoawnlj/Build/Intermediates.noindex/SwiftExplicitPrecompiledModules/RecaptchaInterop-4OYQQA89P7ZPLM0ZNNL1G1L8P.pcm

SwiftExplicitDependencyGeneratePcm arm64 /Users/emanuelflury/Library/Developer/Xcode/DerivedData/TaxedGmbH_IOS-gerngfqzuwudosgobknlgtoawnlj/Build/Intermediates.noindex/SwiftExplicitPrecompiledModules/GoogleUtilities_AppDelegateSwizzler-DQI8V7WU0JA0AULAEXZYM8NJ8.pcm

SwiftExplicitDependencyGeneratePcm arm64 /Users/emanuelflury/Library/Developer/Xcode/DerivedData/TaxedGmbH_IOS-gerngfqzuwudosgobknlgtoawnlj/Build/Intermediates.noindex/SwiftExplicitPrecompiledModules/FirebaseMessagingInterop-4MTVKTIG3FSKNSHMPD7AIW1OG.pcm

SwiftExplicitDependencyGeneratePcm arm64 /Users/emanuelflury/Library/Developer/Xcode/DerivedData/TaxedGmbH_IOS-gerngfqzuwudosgobknlgtoawnlj/Build/Intermediates.noindex/SwiftExplicitPrecompiledModules/FirebaseFirestoreInternal-DAMAU9UYK0HR1FHFYV71D5NIN.pcm

SwiftExplicitDependencyGeneratePcm arm64 /Users/emanuelflury/Library/Developer/Xcode/DerivedData/TaxedGmbH_IOS-gerngfqzuwudosgobknlgtoawnlj/Build/Intermediates.noindex/SwiftExplicitPrecompiledModules/FirebaseAuthInternal-33N8S2IIFXE6EB1OLNDYX5XFD.pcm

SwiftExplicitDependencyGeneratePcm arm64 /Users/emanuelflury/Library/Developer/Xcode/DerivedData/TaxedGmbH_IOS-gerngfqzuwudosgobknlgtoawnlj/Build/Intermediates.noindex/SwiftExplicitPrecompiledModules/GoogleUtilities_NSData-MR9U2G2GAC8UN0YHO72T6QKV.pcm

SwiftExplicitDependencyGeneratePcm arm64 /Users/emanuelflury/Library/Developer/Xcode/DerivedData/TaxedGmbH_IOS-gerngfqzuwudosgobknlgtoawnlj/Build/Intermediates.noindex/SwiftExplicitPrecompiledModules/FirebaseMessaging-418LVRT3N341MP3J7IW4IZ39H.pcm

SwiftExplicitDependencyGeneratePcm arm64 /Users/emanuelflury/Library/Developer/Xcode/DerivedData/TaxedGmbH_IOS-gerngfqzuwudosgobknlgtoawnlj/Build/Intermediates.noindex/SwiftExplicitPrecompiledModules/FirebaseCore-5M8AJ9XX6ILMOPHEVWMYGYCW3.pcm

SwiftExplicitDependencyCompileModuleFromInterface arm64 /Users/emanuelflury/Library/Developer/Xcode/DerivedData/TaxedGmbH_IOS-gerngfqzuwudosgobknlgtoawnlj/Build/Intermediates.noindex/SwiftExplicitPrecompiledModules/FirebaseAnalytics-D3WTNAHT7R5U.swiftmodule

SwiftExplicitDependencyGeneratePcm arm64 /Users/emanuelflury/Library/Developer/Xcode/DerivedData/TaxedGmbH_IOS-gerngfqzuwudosgobknlgtoawnlj/Build/Intermediates.noindex/SwiftExplicitPrecompiledModules/FirebaseCoreExtension-3VHB4GQGDYVXGEG6BXTI86COZ.pcm

SwiftExplicitDependencyGeneratePcm arm64 /Users/emanuelflury/Library/Developer/Xcode/DerivedData/TaxedGmbH_IOS-gerngfqzuwudosgobknlgtoawnlj/Build/Intermediates.noindex/SwiftExplicitPrecompiledModules/FirebaseFirestoreInternalWrapper-EQIL18PAFCE77WDT8GMXGW8LN.pcm

SwiftExplicitDependencyGeneratePcm arm64 /Users/emanuelflury/Library/Developer/Xcode/DerivedData/TaxedGmbH_IOS-gerngfqzuwudosgobknlgtoawnlj/Build/Intermediates.noindex/SwiftExplicitPrecompiledModules/Firebase-DB4HJXZMC6EKELHYCK1ETULSC.pcm

SwiftCompile normal arm64 Compiling\ URLCleanupUtility.swift,\ AuthenticationView.swift,\ AuthenticationView_LiquidGlass.swift,\ PasswordResetView.swift,\ PasswordResetView_LiquidGlass.swift,\ PhoneVerificationView.swift,\ PhoneVerificationView_LiquidGlass.swift,\ ExpertChatView.swift,\ AnnotatablePDFView.swift /Users/emanuelflury/github/TaxedGmbH_IOS/TaxedGmbH_IOS/Utilities/URLCleanupUtility.swift /Users/emanuelflury/github/TaxedGmbH_IOS/TaxedGmbH_IOS/Views/Authentication/AuthenticationView.swift /Users/emanuelflury/github/TaxedGmbH_IOS/TaxedGmbH_IOS/Views/Authentication/AuthenticationView_LiquidGlass.swift /Users/emanuelflury/github/TaxedGmbH_IOS/TaxedGmbH_IOS/Views/Authentication/PasswordResetView.swift /Users/emanuelflury/github/TaxedGmbH_IOS/TaxedGmbH_IOS/Views/Authentication/PasswordResetView_LiquidGlass.swift /Users/emanuelflury/github/TaxedGmbH_IOS/TaxedGmbH_IOS/Views/Authentication/PhoneVerificationView.swift /Users/emanuelflury/github/TaxedGmbH_IOS/TaxedGmbH_IOS/Views/Authentication/PhoneVerificationView_LiquidGlass.swift /Users/emanuelflury/github/TaxedGmbH_IOS/TaxedGmbH_IOS/Views/Chat/ExpertChatView.swift /Users/emanuelflury/github/TaxedGmbH_IOS/TaxedGmbH_IOS/Views/Components/AnnotatablePDFView.swift (in target 'TaxedGmbH_IOS' from project 'TaxedGmbH_IOS')
SwiftCompile normal arm64 /Users/emanuelflury/github/TaxedGmbH_IOS/TaxedGmbH_IOS/Utilities/URLCleanupUtility.swift (in target 'TaxedGmbH_IOS' from project 'TaxedGmbH_IOS')
    cd /Users/emanuelflury/github/TaxedGmbH_IOS
    

SwiftCompile normal arm64 /Users/emanuelflury/github/TaxedGmbH_IOS/TaxedGmbH_IOS/Views/Authentication/AuthenticationView.swift (in target 'TaxedGmbH_IOS' from project 'TaxedGmbH_IOS')
    cd /Users/emanuelflury/github/TaxedGmbH_IOS
    

SwiftCompile normal arm64 /Users/emanuelflury/github/TaxedGmbH_IOS/TaxedGmbH_IOS/Views/Authentication/AuthenticationView_LiquidGlass.swift (in target 'TaxedGmbH_IOS' from project 'TaxedGmbH_IOS')
    cd /Users/emanuelflury/github/TaxedGmbH_IOS
    

SwiftCompile normal arm64 /Users/emanuelflury/github/TaxedGmbH_IOS/TaxedGmbH_IOS/Views/Authentication/PasswordResetView.swift (in target 'TaxedGmbH_IOS' from project 'TaxedGmbH_IOS')
    cd /Users/emanuelflury/github/TaxedGmbH_IOS
    

SwiftCompile normal arm64 /Users/emanuelflury/github/TaxedGmbH_IOS/TaxedGmbH_IOS/Views/Authentication/PasswordResetView_LiquidGlass.swift (in target 'TaxedGmbH_IOS' from project 'TaxedGmbH_IOS')
    cd /Users/emanuelflury/github/TaxedGmbH_IOS
    

SwiftCompile normal arm64 /Users/emanuelflury/github/TaxedGmbH_IOS/TaxedGmbH_IOS/Views/Authentication/PhoneVerificationView.swift (in target 'TaxedGmbH_IOS' from project 'TaxedGmbH_IOS')
    cd /Users/emanuelflury/github/TaxedGmbH_IOS
    

SwiftCompile normal arm64 /Users/emanuelflury/github/TaxedGmbH_IOS/TaxedGmbH_IOS/Views/Authentication/PhoneVerificationView_LiquidGlass.swift (in target 'TaxedGmbH_IOS' from project 'TaxedGmbH_IOS')
    cd /Users/emanuelflury/github/TaxedGmbH_IOS
    

SwiftCompile normal arm64 /Users/emanuelflury/github/TaxedGmbH_IOS/TaxedGmbH_IOS/Views/Chat/ExpertChatView.swift (in target 'TaxedGmbH_IOS' from project 'TaxedGmbH_IOS')
    cd /Users/emanuelflury/github/TaxedGmbH_IOS
    

SwiftCompile normal arm64 /Users/emanuelflury/github/TaxedGmbH_IOS/TaxedGmbH_IOS/Views/Components/AnnotatablePDFView.swift (in target 'TaxedGmbH_IOS' from project 'TaxedGmbH_IOS')
    cd /Users/emanuelflury/github/TaxedGmbH_IOS
    

SwiftCompile normal arm64 Compiling\ CoverSheetService.swift,\ CrashReportingService.swift,\ DocumentManager.swift,\ DocumentProcessorService.swift,\ FirestoreService.swift,\ LocalizationService.swift,\ NotificationService.swift,\ PDFRegenerationService.swift,\ PhoneVerificationService.swift /Users/emanuelflury/github/TaxedGmbH_IOS/TaxedGmbH_IOS/Services/CoverSheetService.swift /Users/emanuelflury/github/TaxedGmbH_IOS/TaxedGmbH_IOS/Services/CrashReportingService.swift /Users/emanuelflury/github/TaxedGmbH_IOS/TaxedGmbH_IOS/Services/DocumentManager.swift /Users/emanuelflury/github/TaxedGmbH_IOS/TaxedGmbH_IOS/Services/DocumentProcessorService.swift /Users/emanuelflury/github/TaxedGmbH_IOS/TaxedGmbH_IOS/Services/FirestoreService.swift /Users/emanuelflury/github/TaxedGmbH_IOS/TaxedGmbH_IOS/Services/LocalizationService.swift /Users/emanuelflury/github/TaxedGmbH_IOS/TaxedGmbH_IOS/Services/NotificationService.swift /Users/emanuelflury/github/TaxedGmbH_IOS/TaxedGmbH_IOS/Services/PDFRegenerationService.swift /Users/emanuelflury/github/TaxedGmbH_IOS/TaxedGmbH_IOS/Services/PhoneVerificationService.swift (in target 'TaxedGmbH_IOS' from project 'TaxedGmbH_IOS')
SwiftCompile normal arm64 /Users/emanuelflury/github/TaxedGmbH_IOS/TaxedGmbH_IOS/Services/CoverSheetService.swift (in target 'TaxedGmbH_IOS' from project 'TaxedGmbH_IOS')
    cd /Users/emanuelflury/github/TaxedGmbH_IOS
    
/Users/emanuelflury/github/TaxedGmbH_IOS/TaxedGmbH_IOS/Services/CoverSheetService.swift:611:13: warning: variable 'y' was never mutated; consider changing to 'let' constant
        var y = startY
        ~~~ ^
        let
/Users/emanuelflury/github/TaxedGmbH_IOS/TaxedGmbH_IOS/Services/CoverSheetService.swift:627:38: warning: immutable value 'canton' was never used; consider replacing with '_' or removing it
        if let index = taxIndex, let canton = user.canton {
                                 ~~~~^~~~~~
                                 _
/Users/emanuelflury/github/TaxedGmbH_IOS/TaxedGmbH_IOS/Services/CoverSheetService.swift:1052:20: warning: immutable value 'url' was never used; consider replacing with '_' or removing it
               let url = URL(string: processedUrl) {
               ~~~~^~~
               _
/Users/emanuelflury/github/TaxedGmbH_IOS/TaxedGmbH_IOS/Services/CoverSheetService.swift:1460:13: warning: immutable value 'disclaimerAttributes' was never used; consider replacing with '_' or removing it
        let disclaimerAttributes: [NSAttributedString.Key: Any] = [
            ^~~~~~~~~~~~~~~~~~~~
            _

SwiftCompile normal arm64 /Users/emanuelflury/github/TaxedGmbH_IOS/TaxedGmbH_IOS/Services/CrashReportingService.swift (in target 'TaxedGmbH_IOS' from project 'TaxedGmbH_IOS')
    cd /Users/emanuelflury/github/TaxedGmbH_IOS
    

SwiftCompile normal arm64 /Users/emanuelflury/github/TaxedGmbH_IOS/TaxedGmbH_IOS/Services/DocumentManager.swift (in target 'TaxedGmbH_IOS' from project 'TaxedGmbH_IOS')
    cd /Users/emanuelflury/github/TaxedGmbH_IOS
    
/Users/emanuelflury/github/TaxedGmbH_IOS/TaxedGmbH_IOS/Services/DocumentManager.swift:36:37: warning: left side of nil coalescing operator '??' has non-optional type 'Date', so the right side is never used
                (document.updatedAt ?? document.uploadedAt) >= thirtyDaysAgo
                 ~~~~~~~~~~~~~~~~~~~^~~~~~~~~~~~~~~~~~~~~~
                                   
/Users/emanuelflury/github/TaxedGmbH_IOS/TaxedGmbH_IOS/Services/DocumentManager.swift:40:44: warning: left side of nil coalescing operator '??' has non-optional type 'Date', so the right side is never used
                let date1 = doc1.updatedAt ?? doc1.uploadedAt
                            ~~~~~~~~~~~~~~~^~~~~~~~~~~~~~~~~~
                                          
/Users/emanuelflury/github/TaxedGmbH_IOS/TaxedGmbH_IOS/Services/DocumentManager.swift:41:44: warning: left side of nil coalescing operator '??' has non-optional type 'Date', so the right side is never used
                let date2 = doc2.updatedAt ?? doc2.uploadedAt
                            ~~~~~~~~~~~~~~~^~~~~~~~~~~~~~~~~~
                                          

SwiftCompile normal arm64 /Users/emanuelflury/github/TaxedGmbH_IOS/TaxedGmbH_IOS/Services/DocumentProcessorService.swift (in target 'TaxedGmbH_IOS' from project 'TaxedGmbH_IOS')
    cd /Users/emanuelflury/github/TaxedGmbH_IOS
    

SwiftCompile normal arm64 /Users/emanuelflury/github/TaxedGmbH_IOS/TaxedGmbH_IOS/Services/FirestoreService.swift (in target 'TaxedGmbH_IOS' from project 'TaxedGmbH_IOS')
    cd /Users/emanuelflury/github/TaxedGmbH_IOS
    

SwiftCompile normal arm64 /Users/emanuelflury/github/TaxedGmbH_IOS/TaxedGmbH_IOS/Services/LocalizationService.swift (in target 'TaxedGmbH_IOS' from project 'TaxedGmbH_IOS')
    cd /Users/emanuelflury/github/TaxedGmbH_IOS
    

SwiftCompile normal arm64 /Users/emanuelflury/github/TaxedGmbH_IOS/TaxedGmbH_IOS/Services/NotificationService.swift (in target 'TaxedGmbH_IOS' from project 'TaxedGmbH_IOS')
    cd /Users/emanuelflury/github/TaxedGmbH_IOS
    

SwiftCompile normal arm64 /Users/emanuelflury/github/TaxedGmbH_IOS/TaxedGmbH_IOS/Services/PDFRegenerationService.swift (in target 'TaxedGmbH_IOS' from project 'TaxedGmbH_IOS')
    cd /Users/emanuelflury/github/TaxedGmbH_IOS
    

SwiftCompile normal arm64 /Users/emanuelflury/github/TaxedGmbH_IOS/TaxedGmbH_IOS/Services/PhoneVerificationService.swift (in target 'TaxedGmbH_IOS' from project 'TaxedGmbH_IOS')
    cd /Users/emanuelflury/github/TaxedGmbH_IOS
    
/Users/emanuelflury/github/TaxedGmbH_IOS/TaxedGmbH_IOS/Services/PhoneVerificationService.swift:93:64: warning: main actor-isolated static property 'default' can not be referenced from a nonisolated context
    func formatForDisplay(_ phone: String, country: Country = .default) -> String {
                                                               ^
/Users/emanuelflury/github/TaxedGmbH_IOS/TaxedGmbH_IOS/Models/Country.swift:182:16: note: static property declared here
    static var `default`: Country {
               ^

SwiftEmitModule normal arm64 Emitting\ module\ for\ TaxedGmbH_IOS (in target 'TaxedGmbH_IOS' from project 'TaxedGmbH_IOS')

EmitSwiftModule normal arm64 (in target 'TaxedGmbH_IOS' from project 'TaxedGmbH_IOS')
    cd /Users/emanuelflury/github/TaxedGmbH_IOS
    
/Users/emanuelflury/github/TaxedGmbH_IOS/TaxedGmbH_IOS/Services/PhoneVerificationService.swift:93:64: warning: main actor-isolated static property 'default' can not be referenced from a nonisolated context
    func formatForDisplay(_ phone: String, country: Country = .default) -> String {
                                                               ^
/Users/emanuelflury/github/TaxedGmbH_IOS/TaxedGmbH_IOS/Models/Country.swift:182:16: note: static property declared here
    static var `default`: Country {
               ^

SwiftCompile normal arm64 Compiling\ TaxIndexMapping.swift,\ User.swift,\ Workspace.swift,\ AccessibilityManager.swift,\ AuthenticationService.swift,\ BiometricAuthService.swift,\ ChatService.swift,\ ChecklistService.swift,\ ClaimsService.swift /Users/emanuelflury/github/TaxedGmbH_IOS/TaxedGmbH_IOS/Models/TaxIndexMapping.swift /Users/emanuelflury/github/TaxedGmbH_IOS/TaxedGmbH_IOS/Models/User.swift /Users/emanuelflury/github/TaxedGmbH_IOS/TaxedGmbH_IOS/Models/Workspace.swift /Users/emanuelflury/github/TaxedGmbH_IOS/TaxedGmbH_IOS/Services/AccessibilityManager.swift /Users/emanuelflury/github/TaxedGmbH_IOS/TaxedGmbH_IOS/Services/AuthenticationService.swift /Users/emanuelflury/github/TaxedGmbH_IOS/TaxedGmbH_IOS/Services/BiometricAuthService.swift /Users/emanuelflury/github/TaxedGmbH_IOS/TaxedGmbH_IOS/Services/ChatService.swift /Users/emanuelflury/github/TaxedGmbH_IOS/TaxedGmbH_IOS/Services/ChecklistService.swift /Users/emanuelflury/github/TaxedGmbH_IOS/TaxedGmbH_IOS/Services/ClaimsService.swift (in target 'TaxedGmbH_IOS' from project 'TaxedGmbH_IOS')

SwiftCompile normal arm64 /Users/emanuelflury/github/TaxedGmbH_IOS/TaxedGmbH_IOS/Models/TaxIndexMapping.swift (in target 'TaxedGmbH_IOS' from project 'TaxedGmbH_IOS')
    cd /Users/emanuelflury/github/TaxedGmbH_IOS
    
/Users/emanuelflury/github/TaxedGmbH_IOS/TaxedGmbH_IOS/Services/BiometricAuthService.swift:160:68: warning: main actor-isolated property 'isAuthenticated' cannot be accessed from outside of the actor; this is an error in the Swift 6 language mode
                        continuation.resume(returning: authService.isAuthenticated)
                        ~~~~~~~~~~~~~~~~~~~~~~~~~~~~~~~~~~~~~~~~~~~^~~~~~~~~~~~~~~~
                        await 

SwiftCompile normal arm64 /Users/emanuelflury/github/TaxedGmbH_IOS/TaxedGmbH_IOS/Models/User.swift (in target 'TaxedGmbH_IOS' from project 'TaxedGmbH_IOS')
    cd /Users/emanuelflury/github/TaxedGmbH_IOS
    
/Users/emanuelflury/github/TaxedGmbH_IOS/TaxedGmbH_IOS/Services/BiometricAuthService.swift:160:68: warning: main actor-isolated property 'isAuthenticated' cannot be accessed from outside of the actor; this is an error in the Swift 6 language mode
                        continuation.resume(returning: authService.isAuthenticated)
                        ~~~~~~~~~~~~~~~~~~~~~~~~~~~~~~~~~~~~~~~~~~~^~~~~~~~~~~~~~~~
                        await 

SwiftCompile normal arm64 /Users/emanuelflury/github/TaxedGmbH_IOS/TaxedGmbH_IOS/Models/Workspace.swift (in target 'TaxedGmbH_IOS' from project 'TaxedGmbH_IOS')
    cd /Users/emanuelflury/github/TaxedGmbH_IOS
    
/Users/emanuelflury/github/TaxedGmbH_IOS/TaxedGmbH_IOS/Services/BiometricAuthService.swift:160:68: warning: main actor-isolated property 'isAuthenticated' cannot be accessed from outside of the actor; this is an error in the Swift 6 language mode
                        continuation.resume(returning: authService.isAuthenticated)
                        ~~~~~~~~~~~~~~~~~~~~~~~~~~~~~~~~~~~~~~~~~~~^~~~~~~~~~~~~~~~
                        await 

SwiftCompile normal arm64 /Users/emanuelflury/github/TaxedGmbH_IOS/TaxedGmbH_IOS/Services/AccessibilityManager.swift (in target 'TaxedGmbH_IOS' from project 'TaxedGmbH_IOS')
    cd /Users/emanuelflury/github/TaxedGmbH_IOS
    
/Users/emanuelflury/github/TaxedGmbH_IOS/TaxedGmbH_IOS/Services/BiometricAuthService.swift:160:68: warning: main actor-isolated property 'isAuthenticated' cannot be accessed from outside of the actor; this is an error in the Swift 6 language mode
                        continuation.resume(returning: authService.isAuthenticated)
                        ~~~~~~~~~~~~~~~~~~~~~~~~~~~~~~~~~~~~~~~~~~~^~~~~~~~~~~~~~~~
                        await 

SwiftCompile normal arm64 /Users/emanuelflury/github/TaxedGmbH_IOS/TaxedGmbH_IOS/Services/AuthenticationService.swift (in target 'TaxedGmbH_IOS' from project 'TaxedGmbH_IOS')
    cd /Users/emanuelflury/github/TaxedGmbH_IOS
    
/Users/emanuelflury/github/TaxedGmbH_IOS/TaxedGmbH_IOS/Services/BiometricAuthService.swift:160:68: warning: main actor-isolated property 'isAuthenticated' cannot be accessed from outside of the actor; this is an error in the Swift 6 language mode
                        continuation.resume(returning: authService.isAuthenticated)
                        ~~~~~~~~~~~~~~~~~~~~~~~~~~~~~~~~~~~~~~~~~~~^~~~~~~~~~~~~~~~
                        await 

SwiftCompile normal arm64 /Users/emanuelflury/github/TaxedGmbH_IOS/TaxedGmbH_IOS/Services/BiometricAuthService.swift (in target 'TaxedGmbH_IOS' from project 'TaxedGmbH_IOS')
    cd /Users/emanuelflury/github/TaxedGmbH_IOS
    
/Users/emanuelflury/github/TaxedGmbH_IOS/TaxedGmbH_IOS/Services/BiometricAuthService.swift:160:68: warning: main actor-isolated property 'isAuthenticated' cannot be accessed from outside of the actor; this is an error in the Swift 6 language mode
                        continuation.resume(returning: authService.isAuthenticated)
                        ~~~~~~~~~~~~~~~~~~~~~~~~~~~~~~~~~~~~~~~~~~~^~~~~~~~~~~~~~~~
                        await 

SwiftCompile normal arm64 /Users/emanuelflury/github/TaxedGmbH_IOS/TaxedGmbH_IOS/Services/ChatService.swift (in target 'TaxedGmbH_IOS' from project 'TaxedGmbH_IOS')
    cd /Users/emanuelflury/github/TaxedGmbH_IOS
    
/Users/emanuelflury/github/TaxedGmbH_IOS/TaxedGmbH_IOS/Services/BiometricAuthService.swift:160:68: warning: main actor-isolated property 'isAuthenticated' cannot be accessed from outside of the actor; this is an error in the Swift 6 language mode
                        continuation.resume(returning: authService.isAuthenticated)
                        ~~~~~~~~~~~~~~~~~~~~~~~~~~~~~~~~~~~~~~~~~~~^~~~~~~~~~~~~~~~
                        await 

SwiftCompile normal arm64 /Users/emanuelflury/github/TaxedGmbH_IOS/TaxedGmbH_IOS/Services/ChecklistService.swift (in target 'TaxedGmbH_IOS' from project 'TaxedGmbH_IOS')
    cd /Users/emanuelflury/github/TaxedGmbH_IOS
    
/Users/emanuelflury/github/TaxedGmbH_IOS/TaxedGmbH_IOS/Services/BiometricAuthService.swift:160:68: warning: main actor-isolated property 'isAuthenticated' cannot be accessed from outside of the actor; this is an error in the Swift 6 language mode
                        continuation.resume(returning: authService.isAuthenticated)
                        ~~~~~~~~~~~~~~~~~~~~~~~~~~~~~~~~~~~~~~~~~~~^~~~~~~~~~~~~~~~
                        await 

SwiftCompile normal arm64 /Users/emanuelflury/github/TaxedGmbH_IOS/TaxedGmbH_IOS/Services/ClaimsService.swift (in target 'TaxedGmbH_IOS' from project 'TaxedGmbH_IOS')
    cd /Users/emanuelflury/github/TaxedGmbH_IOS
    
/Users/emanuelflury/github/TaxedGmbH_IOS/TaxedGmbH_IOS/Services/BiometricAuthService.swift:160:68: warning: main actor-isolated property 'isAuthenticated' cannot be accessed from outside of the actor; this is an error in the Swift 6 language mode
                        continuation.resume(returning: authService.isAuthenticated)
                        ~~~~~~~~~~~~~~~~~~~~~~~~~~~~~~~~~~~~~~~~~~~^~~~~~~~~~~~~~~~
                        await 

SwiftCompile normal arm64 Compiling\ SpeechRecognitionService.swift,\ StorageService.swift,\ TaxFormFieldService.swift,\ TaxIndexService.swift,\ ThemeManager.swift,\ WorkspaceManager.swift,\ AccessibilityModifiers.swift,\ ArrayExtensions.swift,\ ErrorHandler.swift /Users/emanuelflury/github/TaxedGmbH_IOS/TaxedGmbH_IOS/Services/SpeechRecognitionService.swift /Users/emanuelflury/github/TaxedGmbH_IOS/TaxedGmbH_IOS/Services/StorageService.swift /Users/emanuelflury/github/TaxedGmbH_IOS/TaxedGmbH_IOS/Services/TaxFormFieldService.swift /Users/emanuelflury/github/TaxedGmbH_IOS/TaxedGmbH_IOS/Services/TaxIndexService.swift /Users/emanuelflury/github/TaxedGmbH_IOS/TaxedGmbH_IOS/Services/ThemeManager.swift /Users/emanuelflury/github/TaxedGmbH_IOS/TaxedGmbH_IOS/Services/WorkspaceManager.swift /Users/emanuelflury/github/TaxedGmbH_IOS/TaxedGmbH_IOS/Utilities/AccessibilityModifiers.swift /Users/emanuelflury/github/TaxedGmbH_IOS/TaxedGmbH_IOS/Utilities/ArrayExtensions.swift /Users/emanuelflury/github/TaxedGmbH_IOS/TaxedGmbH_IOS/Utilities/ErrorHandler.swift (in target 'TaxedGmbH_IOS' from project 'TaxedGmbH_IOS')

SwiftCompile normal arm64 /Users/emanuelflury/github/TaxedGmbH_IOS/TaxedGmbH_IOS/Services/SpeechRecognitionService.swift (in target 'TaxedGmbH_IOS' from project 'TaxedGmbH_IOS')
    cd /Users/emanuelflury/github/TaxedGmbH_IOS
    

SwiftCompile normal arm64 /Users/emanuelflury/github/TaxedGmbH_IOS/TaxedGmbH_IOS/Services/StorageService.swift (in target 'TaxedGmbH_IOS' from project 'TaxedGmbH_IOS')
    cd /Users/emanuelflury/github/TaxedGmbH_IOS
    

SwiftCompile normal arm64 /Users/emanuelflury/github/TaxedGmbH_IOS/TaxedGmbH_IOS/Services/TaxFormFieldService.swift (in target 'TaxedGmbH_IOS' from project 'TaxedGmbH_IOS')
    cd /Users/emanuelflury/github/TaxedGmbH_IOS
    

SwiftCompile normal arm64 /Users/emanuelflury/github/TaxedGmbH_IOS/TaxedGmbH_IOS/Services/TaxIndexService.swift (in target 'TaxedGmbH_IOS' from project 'TaxedGmbH_IOS')
    cd /Users/emanuelflury/github/TaxedGmbH_IOS
    

SwiftCompile normal arm64 /Users/emanuelflury/github/TaxedGmbH_IOS/TaxedGmbH_IOS/Services/ThemeManager.swift (in target 'TaxedGmbH_IOS' from project 'TaxedGmbH_IOS')
    cd /Users/emanuelflury/github/TaxedGmbH_IOS
    

SwiftCompile normal arm64 /Users/emanuelflury/github/TaxedGmbH_IOS/TaxedGmbH_IOS/Services/WorkspaceManager.swift (in target 'TaxedGmbH_IOS' from project 'TaxedGmbH_IOS')
    cd /Users/emanuelflury/github/TaxedGmbH_IOS
    

SwiftCompile normal arm64 /Users/emanuelflury/github/TaxedGmbH_IOS/TaxedGmbH_IOS/Utilities/AccessibilityModifiers.swift (in target 'TaxedGmbH_IOS' from project 'TaxedGmbH_IOS')
    cd /Users/emanuelflury/github/TaxedGmbH_IOS
    

SwiftCompile normal arm64 /Users/emanuelflury/github/TaxedGmbH_IOS/TaxedGmbH_IOS/Utilities/ArrayExtensions.swift (in target 'TaxedGmbH_IOS' from project 'TaxedGmbH_IOS')
    cd /Users/emanuelflury/github/TaxedGmbH_IOS
    

SwiftCompile normal arm64 /Users/emanuelflury/github/TaxedGmbH_IOS/TaxedGmbH_IOS/Utilities/ErrorHandler.swift (in target 'TaxedGmbH_IOS' from project 'TaxedGmbH_IOS')
    cd /Users/emanuelflury/github/TaxedGmbH_IOS
    

SwiftCompile normal arm64 Compiling\ AboutView.swift,\ ContentView.swift,\ DashboardView.swift,\ MainTabView.swift,\ MoreView.swift,\ ExpatOnboardingView.swift,\ ProcessStageView.swift,\ AccountManagementView.swift,\ AccountSecurityView.swift /Users/emanuelflury/github/TaxedGmbH_IOS/TaxedGmbH_IOS/Views/Main/AboutView.swift /Users/emanuelflury/github/TaxedGmbH_IOS/TaxedGmbH_IOS/Views/Main/ContentView.swift /Users/emanuelflury/github/TaxedGmbH_IOS/TaxedGmbH_IOS/Views/Main/DashboardView.swift /Users/emanuelflury/github/TaxedGmbH_IOS/TaxedGmbH_IOS/Views/Main/MainTabView.swift /Users/emanuelflury/github/TaxedGmbH_IOS/TaxedGmbH_IOS/Views/Main/MoreView.swift /Users/emanuelflury/github/TaxedGmbH_IOS/TaxedGmbH_IOS/Views/Onboarding/ExpatOnboardingView.swift /Users/emanuelflury/github/TaxedGmbH_IOS/TaxedGmbH_IOS/Views/Process/ProcessStageView.swift /Users/emanuelflury/github/TaxedGmbH_IOS/TaxedGmbH_IOS/Views/Settings/AccountManagementView.swift /Users/emanuelflury/github/TaxedGmbH_IOS/TaxedGmbH_IOS/Views/Settings/AccountSecurityView.swift (in target 'TaxedGmbH_IOS' from project 'TaxedGmbH_IOS')
Failed frontend command:
/Applications/Xcode.app/Contents/Developer/Toolchains/XcodeDefault.xctoolchain/usr/bin/swift-frontend -frontend -c /Users/emanuelflury/github/TaxedGmbH_IOS/TaxedGmbH_IOS/App/TaxedGmbH_IOSApp.swift /Users/emanuelflury/github/TaxedGmbH_IOS/TaxedGmbH_IOS/Constants/AppConstants.swift /Users/emanuelflury/github/TaxedGmbH_IOS/TaxedGmbH_IOS/Data/TaxFormFieldSeedData.swift /Users/emanuelflury/github/TaxedGmbH_IOS/TaxedGmbH_IOS/Extensions/Date+Extensions.swift /Users/emanuelflury/github/TaxedGmbH_IOS/TaxedGmbH_IOS/Extensions/DesignTokens.swift /Users/emanuelflury/github/TaxedGmbH_IOS/TaxedGmbH_IOS/Extensions/String+Extensions.swift /Users/emanuelflury/github/TaxedGmbH_IOS/TaxedGmbH_IOS/Extensions/TaxCategoryType+FormFields.swift /Users/emanuelflury/github/TaxedGmbH_IOS/TaxedGmbH_IOS/Extensions/ViewModifiers.swift /Users/emanuelflury/github/TaxedGmbH_IOS/TaxedGmbH_IOS/Helpers/FormatterHelper.swift /Users/emanuelflury/github/TaxedGmbH_IOS/TaxedGmbH_IOS/Helpers/MediaPicker.swift /Users/emanuelflury/github/TaxedGmbH_IOS/TaxedGmbH_IOS/Helpers/SwissCantonHelper.swift /Users/emanuelflury/github/TaxedGmbH_IOS/TaxedGmbH_IOS/Helpers/ValidationHelper.swift /Users/emanuelflury/github/TaxedGmbH_IOS/TaxedGmbH_IOS/Models/CategoryConfiguration.swift /Users/emanuelflury/github/TaxedGmbH_IOS/TaxedGmbH_IOS/Models/ChatMessage.swift /Users/emanuelflury/github/TaxedGmbH_IOS/TaxedGmbH_IOS/Models/Conversation.swift /Users/emanuelflury/github/TaxedGmbH_IOS/TaxedGmbH_IOS/Models/Country.swift /Users/emanuelflury/github/TaxedGmbH_IOS/TaxedGmbH_IOS/Models/ForeignIncome.swift /Users/emanuelflury/github/TaxedGmbH_IOS/TaxedGmbH_IOS/Models/PDFAnnotationRect.swift /Users/emanuelflury/github/TaxedGmbH_IOS/TaxedGmbH_IOS/Models/TaxDocument.swift /Users/emanuelflury/github/TaxedGmbH_IOS/TaxedGmbH_IOS/Models/TaxFormField.swift /Users/emanuelflury/github/TaxedGmbH_IOS/TaxedGmbH_IOS/Models/TaxIndexMapping.swift /Users/emanuelflury/github/TaxedGmbH_IOS/TaxedGmbH_IOS/Models/User.swift /Users/emanuelflury/github/TaxedGmbH_IOS/TaxedGmbH_IOS/Models/Workspace.swift /Users/emanuelflury/github/TaxedGmbH_IOS/TaxedGmbH_IOS/Services/AccessibilityManager.swift /Users/emanuelflury/github/TaxedGmbH_IOS/TaxedGmbH_IOS/Services/AuthenticationService.swift /Users/emanuelflury/github/TaxedGmbH_IOS/TaxedGmbH_IOS/Services/BiometricAuthService.swift /Users/emanuelflury/github/TaxedGmbH_IOS/TaxedGmbH_IOS/Services/ChatService.swift /Users/emanuelflury/github/TaxedGmbH_IOS/TaxedGmbH_IOS/Services/ChecklistService.swift /Users/emanuelflury/github/TaxedGmbH_IOS/TaxedGmbH_IOS/Services/ClaimsService.swift /Users/emanuelflury/github/TaxedGmbH_IOS/TaxedGmbH_IOS/Services/CoverSheetService.swift /Users/emanuelflury/github/TaxedGmbH_IOS/TaxedGmbH_IOS/Services/CrashReportingService.swift /Users/emanuelflury/github/TaxedGmbH_IOS/TaxedGmbH_IOS/Services/DocumentManager.swift /Users/emanuelflury/github/TaxedGmbH_IOS/TaxedGmbH_IOS/Services/DocumentProcessorService.swift /Users/emanuelflury/github/TaxedGmbH_IOS/TaxedGmbH_IOS/Services/FirestoreService.swift /Users/emanuelflury/github/TaxedGmbH_IOS/TaxedGmbH_IOS/Services/LocalizationService.swift /Users/emanuelflury/github/TaxedGmbH_IOS/TaxedGmbH_IOS/Services/NotificationService.swift /Users/emanuelflury/github/TaxedGmbH_IOS/TaxedGmbH_IOS/Services/PDFRegenerationService.swift /Users/emanuelflury/github/TaxedGmbH_IOS/TaxedGmbH_IOS/Services/PhoneVerificationService.swift /Users/emanuelflury/github/TaxedGmbH_IOS/TaxedGmbH_IOS/Services/SpeechRecognitionService.swift /Users/emanuelflury/github/TaxedGmbH_IOS/TaxedGmbH_IOS/Services/StorageService.swift /Users/emanuelflury/github/TaxedGmbH_IOS/TaxedGmbH_IOS/Services/TaxFormFieldService.swift /Users/emanuelflury/github/TaxedGmbH_IOS/TaxedGmbH_IOS/Services/TaxIndexService.swift /Users/emanuelflury/github/TaxedGmbH_IOS/TaxedGmbH_IOS/Services/ThemeManager.swift /Users/emanuelflury/github/TaxedGmbH_IOS/TaxedGmbH_IOS/Services/WorkspaceManager.swift /Users/emanuelflury/github/TaxedGmbH_IOS/TaxedGmbH_IOS/Utilities/AccessibilityModifiers.swift /Users/emanuelflury/github/TaxedGmbH_IOS/TaxedGmbH_IOS/Utilities/ArrayExtensions.swift /Users/emanuelflury/github/TaxedGmbH_IOS/TaxedGmbH_IOS/Utilities/ErrorHandler.swift /Users/emanuelflury/github/TaxedGmbH_IOS/TaxedGmbH_IOS/Utilities/URLCleanupUtility.swift /Users/emanuelflury/github/TaxedGmbH_IOS/TaxedGmbH_IOS/Views/Authentication/AuthenticationView.swift /Users/emanuelflury/github/TaxedGmbH_IOS/TaxedGmbH_IOS/Views/Authentication/AuthenticationView_LiquidGlass.swift /Users/emanuelflury/github/TaxedGmbH_IOS/TaxedGmbH_IOS/Views/Authentication/PasswordResetView.swift /Users/emanuelflury/github/TaxedGmbH_IOS/TaxedGmbH_IOS/Views/Authentication/PasswordResetView_LiquidGlass.swift /Users/emanuelflury/github/TaxedGmbH_IOS/TaxedGmbH_IOS/Views/Authentication/PhoneVerificationView.swift /Users/emanuelflury/github/TaxedGmbH_IOS/TaxedGmbH_IOS/Views/Authentication/PhoneVerificationView_LiquidGlass.swift /Users/emanuelflury/github/TaxedGmbH_IOS/TaxedGmbH_IOS/Views/Chat/ExpertChatView.swift /Users/emanuelflury/github/TaxedGmbH_IOS/TaxedGmbH_IOS/Views/Components/AnnotatablePDFView.swift /Users/emanuelflury/github/TaxedGmbH_IOS/TaxedGmbH_IOS/Views/Components/AnnotationToolbar.swift /Users/emanuelflury/github/TaxedGmbH_IOS/TaxedGmbH_IOS/Views/Components/BrandedFooterView.swift /Users/emanuelflury/github/TaxedGmbH_IOS/TaxedGmbH_IOS/Views/Components/ButtonStyles.swift /Users/emanuelflury/github/TaxedGmbH_IOS/TaxedGmbH_IOS/Views/Components/CategoryPickerView.swift /Users/emanuelflury/github/TaxedGmbH_IOS/TaxedGmbH_IOS/Views/Components/CategorySelectorSheet.swift /Users/emanuelflury/github/TaxedGmbH_IOS/TaxedGmbH_IOS/Views/Components/CountryPickerView.swift /Users/emanuelflury/github/TaxedGmbH_IOS/TaxedGmbH_IOS/Views/Components/CustomizableCategoryCard.swift /Users/emanuelflury/github/TaxedGmbH_IOS/TaxedGmbH_IOS/Views/Components/DynamicTaxFieldsView.swift /Users/emanuelflury/github/TaxedGmbH_IOS/TaxedGmbH_IOS/Views/Components/EmptyStateView.swift /Users/emanuelflury/github/TaxedGmbH_IOS/TaxedGmbH_IOS/Views/Components/FinancialInputView.swift /Users/emanuelflury/github/TaxedGmbH_IOS/TaxedGmbH_IOS/Views/Components/GlassCard.swift /Users/emanuelflury/github/TaxedGmbH_IOS/TaxedGmbH_IOS/Views/Components/QuickVoiceNoteWidget.swift /Users/emanuelflury/github/TaxedGmbH_IOS/TaxedGmbH_IOS/Views/Components/SectionHeaderView.swift /Users/emanuelflury/github/TaxedGmbH_IOS/TaxedGmbH_IOS/Views/Components/SplitViewContainer.swift /Users/emanuelflury/github/TaxedGmbH_IOS/TaxedGmbH_IOS/Views/Components/VoiceInputView.swift /Users/emanuelflury/github/TaxedGmbH_IOS/TaxedGmbH_IOS/Views/Documents/AllDocumentsView.swift /Users/emanuelflury/github/TaxedGmbH_IOS/TaxedGmbH_IOS/Views/Documents/CameraPicker.swift /Users/emanuelflury/github/TaxedGmbH_IOS/TaxedGmbH_IOS/Views/Documents/DocumentDetailView.swift /Users/emanuelflury/github/TaxedGmbH_IOS/TaxedGmbH_IOS/Views/Documents/DocumentListView.swift /Users/emanuelflury/github/TaxedGmbH_IOS/TaxedGmbH_IOS/Views/Documents/DocumentUploadView.swift /Users/emanuelflury/github/TaxedGmbH_IOS/TaxedGmbH_IOS/Views/Documents/ImagePicker.swift /Users/emanuelflury/github/TaxedGmbH_IOS/TaxedGmbH_IOS/Views/Documents/PDFViewerRepresentable.swift /Users/emanuelflury/github/TaxedGmbH_IOS/TaxedGmbH_IOS/Views/Documents/RemapDocumentSheet.swift /Users/emanuelflury/github/TaxedGmbH_IOS/TaxedGmbH_IOS/Views/Documents/SwipeableDocumentCard.swift /Users/emanuelflury/github/TaxedGmbH_IOS/TaxedGmbH_IOS/Views/Expat/UnifiedExpatCenterView.swift /Users/emanuelflury/github/TaxedGmbH_IOS/TaxedGmbH_IOS/Views/Legal/PrivacyPolicyView.swift /Users/emanuelflury/github/TaxedGmbH_IOS/TaxedGmbH_IOS/Views/Legal/TermsOfServiceView.swift -primary-file /Users/emanuelflury/github/TaxedGmbH_IOS/TaxedGmbH_IOS/Views/Main/AboutView.swift -primary-file /Users/emanuelflury/github/TaxedGmbH_IOS/TaxedGmbH_IOS/Views/Main/ContentView.swift -primary-file /Users/emanuelflury/github/TaxedGmbH_IOS/TaxedGmbH_IOS/Views/Main/DashboardView.swift -primary-file /Users/emanuelflury/github/TaxedGmbH_IOS/TaxedGmbH_IOS/Views/Main/MainTabView.swift -primary-file /Users/emanuelflury/github/TaxedGmbH_IOS/TaxedGmbH_IOS/Views/Main/MoreView.swift -primary-file /Users/emanuelflury/github/TaxedGmbH_IOS/TaxedGmbH_IOS/Views/Onboarding/ExpatOnboardingView.swift -primary-file /Users/emanuelflury/github/TaxedGmbH_IOS/TaxedGmbH_IOS/Views/Process/ProcessStageView.swift -primary-file /Users/emanuelflury/github/TaxedGmbH_IOS/TaxedGmbH_IOS/Views/Settings/AccountManagementView.swift -primary-file /Users/emanuelflury/github/TaxedGmbH_IOS/TaxedGmbH_IOS/Views/Settings/AccountSecurityView.swift /Users/emanuelflury/github/TaxedGmbH_IOS/TaxedGmbH_IOS/Views/Settings/AppearanceSettingsView.swift /Users/emanuelflury/github/TaxedGmbH_IOS/TaxedGmbH_IOS/Views/Settings/CantonSettingsView.swift /Users/emanuelflury/github/TaxedGmbH_IOS/TaxedGmbH_IOS/Views/Settings/ContactView.swift /Users/emanuelflury/github/TaxedGmbH_IOS/TaxedGmbH_IOS/Views/Settings/DataManagementView.swift /Users/emanuelflury/github/TaxedGmbH_IOS/TaxedGmbH_IOS/Views/Settings/DetailedNotificationSettingsView.swift /Users/emanuelflury/github/TaxedGmbH_IOS/TaxedGmbH_IOS/Views/Settings/EnhancedProfileView.swift /Users/emanuelflury/github/TaxedGmbH_IOS/TaxedGmbH_IOS/Views/Settings/ExpertConnectionView.swift /Users/emanuelflury/github/TaxedGmbH_IOS/TaxedGmbH_IOS/Views/Settings/HelpView.swift /Users/emanuelflury/github/TaxedGmbH_IOS/TaxedGmbH_IOS/Views/Settings/LanguagePickerView.swift /Users/emanuelflury/github/TaxedGmbH_IOS/TaxedGmbH_IOS/Views/Settings/NotificationSettingsView.swift /Users/emanuelflury/github/TaxedGmbH_IOS/TaxedGmbH_IOS/Views/Settings/PlaceholderViews.swift /Users/emanuelflury/github/TaxedGmbH_IOS/TaxedGmbH_IOS/Views/Settings/ProfileView.swift /Users/emanuelflury/github/TaxedGmbH_IOS/TaxedGmbH_IOS/Views/Settings/SettingsView.swift /Users/emanuelflury/github/TaxedGmbH_IOS/TaxedGmbH_IOS/Views/Settings/TaxDeadlinesView.swift /Users/emanuelflury/github/TaxedGmbH_IOS/TaxedGmbH_IOS/Views/Settings/TaxSettingsView.swift /Users/emanuelflury/github/TaxedGmbH_IOS/TaxedGmbH_IOS/Views/Settings/UnifiedProfileView.swift /Users/emanuelflury/github/TaxedGmbH_IOS/TaxedGmbH_IOS/Views/Workspace/CreateWorkspaceView.swift /Users/emanuelflury/Library/Developer/Xcode/DerivedData/TaxedGmbH_IOS-gerngfqzuwudosgobknlgtoawnlj/Build/Intermediates.noindex/TaxedGmbH_IOS.build/Debug-iphoneos/TaxedGmbH_IOS.build/DerivedSources/GeneratedAssetSymbols.swift -supplementary-output-file-map /Users/emanuelflury/Library/Developer/Xcode/DerivedData/TaxedGmbH_IOS-gerngfqzuwudosgobknlgtoawnlj/Build/Intermediates.noindex/TaxedGmbH_IOS.build/Debug-iphoneos/TaxedGmbH_IOS.build/Objects-normal/arm64/supplementaryOutputs-26 -emit-localized-strings -emit-localized-strings-path /Users/emanuelflury/Library/Developer/Xcode/DerivedData/TaxedGmbH_IOS-gerngfqzuwudosgobknlgtoawnlj/Build/Intermediates.noindex/TaxedGmbH_IOS.build/Debug-iphoneos/TaxedGmbH_IOS.build/Objects-normal/arm64 -target arm64-apple-ios17.0 -module-can-import-version DeveloperToolsSupport 23.0.4 23.0.4 -module-can-import FirebaseMessaging -module-can-import-version SwiftUI 7.1.13.1 7.1.13 -module-can-import-version UIKit 9126.1.12.1 9126.1.12 -disable-cross-import-overlay-search -swift-module-cross-import AuthenticationServices /Applications/Xcode.app/Contents/Developer/Platforms/iPhoneOS.platform/Developer/SDKs/iPhoneOS.sdk/System/Cryptexes/OS/System/Library/Frameworks/AuthenticationServices.framework/Modules/AuthenticationServices.swiftcrossimport/SwiftUI.swiftoverlay -swift-module-cross-import AuthenticationServices /Applications/Xcode.app/Contents/Developer/Platforms/iPhoneOS.platform/Developer/SDKs/iPhoneOS26.1.sdk/System/Library/Frameworks/AuthenticationServices.framework/Modules/AuthenticationServices.swiftcrossimport/SwiftUI.swiftoverlay -swift-module-cross-import PhotosUI /Applications/Xcode.app/Contents/Developer/Platforms/iPhoneOS.platform/Developer/SDKs/iPhoneOS.sdk/System/Library/Frameworks/PhotosUI.framework/Modules/PhotosUI.swiftcrossimport/SwiftUI.swiftoverlay -swift-module-cross-import PhotosUI /Applications/Xcode.app/Contents/Developer/Platforms/iPhoneOS.platform/Developer/SDKs/iPhoneOS.sdk/System/Library/Frameworks/PhotosUI.framework/Modules/PhotosUI.swiftcrossimport/WidgetKit.swiftoverlay -swift-module-cross-import PhotosUI /Applications/Xcode.app/Contents/Developer/Platforms/iPhoneOS.platform/Developer/SDKs/iPhoneOS26.1.sdk/System/Library/Frameworks/PhotosUI.framework/Modules/PhotosUI.swiftcrossimport/SwiftUI.swiftoverlay -swift-module-cross-import PhotosUI /Applications/Xcode.app/Contents/Developer/Platforms/iPhoneOS.platform/Developer/SDKs/iPhoneOS26.1.sdk/System/Library/Frameworks/PhotosUI.framework/Modules/PhotosUI.swiftcrossimport/WidgetKit.swiftoverlay -load-resolved-plugin /Applications/Xcode.app/Contents/Developer/Platforms/iPhoneOS.platform/Developer/usr/lib/swift/host/plugins/libFoundationMacros.dylib\#/Applications/Xcode.app/Contents/Developer/Platforms/iPhoneOS.platform/Developer/usr/bin/swift-plugin-server\#FoundationMacros -load-resolved-plugin /Applications/Xcode.app/Contents/Developer/Platforms/iPhoneOS.platform/Developer/usr/lib/swift/host/plugins/libObservationMacros.dylib\#/Applications/Xcode.app/Contents/Developer/Platforms/iPhoneOS.platform/Developer/usr/bin/swift-plugin-server\#ObservationMacros -load-resolved-plugin /Applications/Xcode.app/Contents/Developer/Platforms/iPhoneOS.platform/Developer/usr/lib/swift/host/plugins/libPreviewsMacros.dylib\#/Applications/Xcode.app/Contents/Developer/Platforms/iPhoneOS.platform/Developer/usr/bin/swift-plugin-server\#PreviewsMacros -load-resolved-plugin /Applications/Xcode.app/Contents/Developer/Platforms/iPhoneOS.platform/Developer/usr/lib/swift/host/plugins/libSwiftMacros.dylib\#/Applications/Xcode.app/Contents/Developer/Platforms/iPhoneOS.platform/Developer/usr/bin/swift-plugin-server\#SwiftMacros -load-resolved-plugin /Applications/Xcode.app/Contents/Developer/Platforms/iPhoneOS.platform/Developer/usr/lib/swift/host/plugins/libSwiftUIMacros.dylib\#/Applications/Xcode.app/Contents/Developer/Platforms/iPhoneOS.platform/Developer/usr/bin/swift-plugin-server\#SwiftUIMacros -disable-implicit-swift-modules -Xcc -fno-implicit-modules -Xcc -fno-implicit-module-maps -explicit-swift-module-map-file /Users/emanuelflury/Library/Developer/Xcode/DerivedData/TaxedGmbH_IOS-gerngfqzuwudosgobknlgtoawnlj/Build/Intermediates.noindex/TaxedGmbH_IOS.build/Debug-iphoneos/TaxedGmbH_IOS.build/Objects-normal/arm64/TaxedGmbH_IOS-dependencies-1.json -Xllvm -aarch64-use-tbi -enable-objc-interop -stack-check -sdk /Applications/Xcode.app/Contents/Developer/Platforms/iPhoneOS.platform/Developer/SDKs/iPhoneOS26.1.sdk -I /Users/emanuelflury/Library/Developer/Xcode/DerivedData/TaxedGmbH_IOS-gerngfqzuwudosgobknlgtoawnlj/Build/Products/Debug-iphoneos -F /Users/emanuelflury/Library/Developer/Xcode/DerivedData/TaxedGmbH_IOS-gerngfqzuwudosgobknlgtoawnlj/Build/Products/Debug-iphoneos/PackageFrameworks -F /Users/emanuelflury/Library/Developer/Xcode/DerivedData/TaxedGmbH_IOS-gerngfqzuwudosgobknlgtoawnlj/Build/Products/Debug-iphoneos/PackageFrameworks -F /Users/emanuelflury/Library/Developer/Xcode/DerivedData/TaxedGmbH_IOS-gerngfqzuwudosgobknlgtoawnlj/Build/Products/Debug-iphoneos/PackageFrameworks -F /Users/emanuelflury/Library/Developer/Xcode/DerivedData/TaxedGmbH_IOS-gerngfqzuwudosgobknlgtoawnlj/Build/Products/Debug-iphoneos/PackageFrameworks -F /Users/emanuelflury/Library/Developer/Xcode/DerivedData/TaxedGmbH_IOS-gerngfqzuwudosgobknlgtoawnlj/Build/Products/Debug-iphoneos/PackageFrameworks -F /Users/emanuelflury/Library/Developer/Xcode/DerivedData/TaxedGmbH_IOS-gerngfqzuwudosgobknlgtoawnlj/Build/Products/Debug-iphoneos/PackageFrameworks -F /Users/emanuelflury/Library/Developer/Xcode/DerivedData/TaxedGmbH_IOS-gerngfqzuwudosgobknlgtoawnlj/Build/Products/Debug-iphoneos/PackageFrameworks -F /Users/emanuelflury/Library/Developer/Xcode/DerivedData/TaxedGmbH_IOS-gerngfqzuwudosgobknlgtoawnlj/Build/Products/Debug-iphoneos/PackageFrameworks -F /Users/emanuelflury/Library/Developer/Xcode/DerivedData/TaxedGmbH_IOS-gerngfqzuwudosgobknlgtoawnlj/Build/Products/Debug-iphoneos/PackageFrameworks -F /Users/emanuelflury/Library/Developer/Xcode/DerivedData/TaxedGmbH_IOS-gerngfqzuwudosgobknlgtoawnlj/Build/Products/Debug-iphoneos/PackageFrameworks -F /Users/emanuelflury/Library/Developer/Xcode/DerivedData/TaxedGmbH_IOS-gerngfqzuwudosgobknlgtoawnlj/Build/Products/Debug-iphoneos/PackageFrameworks -F /Users/emanuelflury/Library/Developer/Xcode/DerivedData/TaxedGmbH_IOS-gerngfqzuwudosgobknlgtoawnlj/Build/Products/Debug-iphoneos/PackageFrameworks -F /Users/emanuelflury/Library/Developer/Xcode/DerivedData/TaxedGmbH_IOS-gerngfqzuwudosgobknlgtoawnlj/Build/Products/Debug-iphoneos/PackageFrameworks -F /Users/emanuelflury/Library/Developer/Xcode/DerivedData/TaxedGmbH_IOS-gerngfqzuwudosgobknlgtoawnlj/Build/Products/Debug-iphoneos/PackageFrameworks -F /Users/emanuelflury/Library/Developer/Xcode/DerivedData/TaxedGmbH_IOS-gerngfqzuwudosgobknlgtoawnlj/Build/Products/Debug-iphoneos/PackageFrameworks -F /Users/emanuelflury/Library/Developer/Xcode/DerivedData/TaxedGmbH_IOS-gerngfqzuwudosgobknlgtoawnlj/Build/Products/Debug-iphoneos/PackageFrameworks -F /Users/emanuelflury/Library/Developer/Xcode/DerivedData/TaxedGmbH_IOS-gerngfqzuwudosgobknlgtoawnlj/Build/Products/Debug-iphoneos/PackageFrameworks -F /Users/emanuelflury/Library/Developer/Xcode/DerivedData/TaxedGmbH_IOS-gerngfqzuwudosgobknlgtoawnlj/Build/Products/Debug-iphoneos/PackageFrameworks -F /Users/emanuelflury/Library/Developer/Xcode/DerivedData/TaxedGmbH_IOS-gerngfqzuwudosgobknlgtoawnlj/Build/Products/Debug-iphoneos/PackageFrameworks -F /Users/emanuelflury/Library/Developer/Xcode/DerivedData/TaxedGmbH_IOS-gerngfqzuwudosgobknlgtoawnlj/Build/Products/Debug-iphoneos/PackageFrameworks -F /Users/emanuelflury/Library/Developer/Xcode/DerivedData/TaxedGmbH_IOS-gerngfqzuwudosgobknlgtoawnlj/Build/Products/Debug-iphoneos/PackageFrameworks -F /Users/emanuelflury/Library/Developer/Xcode/DerivedData/TaxedGmbH_IOS-gerngfqzuwudosgobknlgtoawnlj/Build/Products/Debug-iphoneos/PackageFrameworks -F /Users/emanuelflury/Library/Developer/Xcode/DerivedData/TaxedGmbH_IOS-gerngfqzuwudosgobknlgtoawnlj/Build/Products/Debug-iphoneos/PackageFrameworks -F /Users/emanuelflury/Library/Developer/Xcode/DerivedData/TaxedGmbH_IOS-gerngfqzuwudosgobknlgtoawnlj/Build/Products/Debug-iphoneos/PackageFrameworks -F /Users/emanuelflury/Library/Developer/Xcode/DerivedData/TaxedGmbH_IOS-gerngfqzuwudosgobknlgtoawnlj/Build/Products/Debug-iphoneos/PackageFrameworks -F /Users/emanuelflury/Library/Developer/Xcode/DerivedData/TaxedGmbH_IOS-gerngfqzuwudosgobknlgtoawnlj/Build/Products/Debug-iphoneos/PackageFrameworks -F /Users/emanuelflury/Library/Developer/Xcode/DerivedData/TaxedGmbH_IOS-gerngfqzuwudosgobknlgtoawnlj/Build/Products/Debug-iphoneos/PackageFrameworks -F /Users/emanuelflury/Library/Developer/Xcode/DerivedData/TaxedGmbH_IOS-gerngfqzuwudosgobknlgtoawnlj/Build/Products/Debug-iphoneos/PackageFrameworks -F /Users/emanuelflury/Library/Developer/Xcode/DerivedData/TaxedGmbH_IOS-gerngfqzuwudosgobknlgtoawnlj/Build/Products/Debug-iphoneos/PackageFrameworks -F /Users/emanuelflury/Library/Developer/Xcode/DerivedData/TaxedGmbH_IOS-gerngfqzuwudosgobknlgtoawnlj/Build/Products/Debug-iphoneos/PackageFrameworks -F /Users/emanuelflury/Library/Developer/Xcode/DerivedData/TaxedGmbH_IOS-gerngfqzuwudosgobknlgtoawnlj/Build/Products/Debug-iphoneos/PackageFrameworks -F /Users/emanuelflury/Library/Developer/Xcode/DerivedData/TaxedGmbH_IOS-gerngfqzuwudosgobknlgtoawnlj/Build/Products/Debug-iphoneos/PackageFrameworks -F /Users/emanuelflury/Library/Developer/Xcode/DerivedData/TaxedGmbH_IOS-gerngfqzuwudosgobknlgtoawnlj/Build/Products/Debug-iphoneos/PackageFrameworks -F /Users/emanuelflury/Library/Developer/Xcode/DerivedData/TaxedGmbH_IOS-gerngfqzuwudosgobknlgtoawnlj/Build/Products/Debug-iphoneos/PackageFrameworks -F /Users/emanuelflury/Library/Developer/Xcode/DerivedData/TaxedGmbH_IOS-gerngfqzuwudosgobknlgtoawnlj/Build/Products/Debug-iphoneos/PackageFrameworks -F /Users/emanuelflury/Library/Developer/Xcode/DerivedData/TaxedGmbH_IOS-gerngfqzuwudosgobknlgtoawnlj/Build/Products/Debug-iphoneos/PackageFrameworks -F /Users/emanuelflury/Library/Developer/Xcode/DerivedData/TaxedGmbH_IOS-gerngfqzuwudosgobknlgtoawnlj/Build/Products/Debug-iphoneos/PackageFrameworks -F /Users/emanuelflury/Library/Developer/Xcode/DerivedData/TaxedGmbH_IOS-gerngfqzuwudosgobknlgtoawnlj/Build/Products/Debug-iphoneos/PackageFrameworks -F /Users/emanuelflury/Library/Developer/Xcode/DerivedData/TaxedGmbH_IOS-gerngfqzuwudosgobknlgtoawnlj/Build/Products/Debug-iphoneos/PackageFrameworks -F /Users/emanuelflury/Library/Developer/Xcode/DerivedData/TaxedGmbH_IOS-gerngfqzuwudosgobknlgtoawnlj/Build/Products/Debug-iphoneos/PackageFrameworks -F /Users/emanuelflury/Library/Developer/Xcode/DerivedData/TaxedGmbH_IOS-gerngfqzuwudosgobknlgtoawnlj/Build/Products/Debug-iphoneos -no-color-diagnostics -Xcc -fno-color-diagnostics -enable-testing -g -debug-info-format\=dwarf -dwarf-version\=4 -module-cache-path /Users/emanuelflury/Library/Developer/Xcode/DerivedData/TaxedGmbH_IOS-gerngfqzuwudosgobknlgtoawnlj/Build/Intermediates.noindex/SwiftExplicitPrecompiledModules -profile-generate -profile-coverage-mapping -swift-version 5 -enforce-exclusivity\=checked -Onone -D DEBUG -serialize-debugging-options -const-gather-protocols-file /Users/emanuelflury/Library/Developer/Xcode/DerivedData/TaxedGmbH_IOS-gerngfqzuwudosgobknlgtoawnlj/Build/Intermediates.noindex/TaxedGmbH_IOS.build/Debug-iphoneos/TaxedGmbH_IOS.build/Objects-normal/arm64/TaxedGmbH_IOS_const_extract_protocols.json -enable-upcoming-feature DisableOutwardActorInference -enable-upcoming-feature InferSendableFromCaptures -enable-upcoming-feature GlobalActorIsolatedTypesUsability -enable-upcoming-feature MemberImportVisibility -enable-upcoming-feature InferIsolatedConformances -enable-upcoming-feature NonisolatedNonsendingByDefault -enable-experimental-feature DebugDescriptionMacro -enable-bare-slash-regex -default-isolation\=MainActor -empty-abi-descriptor -validate-clang-modules-once -clang-build-session-file /Users/emanuelflury/Library/Developer/Xcode/DerivedData/ModuleCache.noindex/Session.modulevalidation -Xcc -working-directory -Xcc /Users/emanuelflury/github/TaxedGmbH_IOS -enable-anonymous-context-mangled-names -file-compilation-dir /Users/emanuelflury/github/TaxedGmbH_IOS -Xcc -fmodule-map-file\=/Users/emanuelflury/Library/Developer/Xcode/DerivedData/TaxedGmbH_IOS-gerngfqzuwudosgobknlgtoawnlj/Build/Intermediates.noindex/GeneratedModuleMaps-iphoneos/RecaptchaInterop.modulemap -Xcc -fmodule-map-file\=/Users/emanuelflury/Library/Developer/Xcode/DerivedData/TaxedGmbH_IOS-gerngfqzuwudosgobknlgtoawnlj/Build/Intermediates.noindex/GeneratedModuleMaps-iphoneos/FirebaseAuthInternal.modulemap -Xcc -fmodule-map-file\=/Users/emanuelflury/Library/Developer/Xcode/DerivedData/TaxedGmbH_IOS-gerngfqzuwudosgobknlgtoawnlj/Build/Intermediates.noindex/GeneratedModuleMaps-iphoneos/abslWrapper.modulemap -Xcc -fmodule-map-file\=/Users/emanuelflury/Library/Developer/Xcode/DerivedData/TaxedGmbH_IOS-gerngfqzuwudosgobknlgtoawnlj/Build/Intermediates.noindex/GeneratedModuleMaps-iphoneos/opensslWrapper.modulemap -Xcc -fmodule-map-file\=/Users/emanuelflury/Library/Developer/Xcode/DerivedData/TaxedGmbH_IOS-gerngfqzuwudosgobknlgtoawnlj/Build/Intermediates.noindex/GeneratedModuleMaps-iphoneos/grpcWrapper.modulemap -Xcc -fmodule-map-file\=/Users/emanuelflury/Library/Developer/Xcode/DerivedData/TaxedGmbH_IOS-gerngfqzuwudosgobknlgtoawnlj/Build/Intermediates.noindex/GeneratedModuleMaps-iphoneos/grpcppWrapper.modulemap -Xcc -fmodule-map-file\=/Users/emanuelflury/Library/Developer/Xcode/DerivedData/TaxedGmbH_IOS-gerngfqzuwudosgobknlgtoawnlj/Build/Intermediates.noindex/GeneratedModuleMaps-iphoneos/leveldb.modulemap -Xcc -fmodule-map-file\=/Users/emanuelflury/Library/Developer/Xcode/DerivedData/TaxedGmbH_IOS-gerngfqzuwudosgobknlgtoawnlj/Build/Intermediates.noindex/GeneratedModuleMaps-iphoneos/FirebaseFirestoreInternalWrapper.modulemap -Xcc -fmodule-map-file\=/Users/emanuelflury/Library/Developer/Xcode/DerivedData/TaxedGmbH_IOS-gerngfqzuwudosgobknlgtoawnlj/Build/Intermediates.noindex/GeneratedModuleMaps-iphoneos/FirebaseFirestoreTarget.modulemap -Xcc -fmodule-map-file\=/Users/emanuelflury/Library/Developer/Xcode/DerivedData/TaxedGmbH_IOS-gerngfqzuwudosgobknlgtoawnlj/Build/Intermediates.noindex/GeneratedModuleMaps-iphoneos/GoogleAdsOnDeviceConversionTarget.modulemap -Xcc -fmodule-map-file\=/Users/emanuelflury/Library/Developer/Xcode/DerivedData/TaxedGmbH_IOS-gerngfqzuwudosgobknlgtoawnlj/Build/Intermediates.noindex/GeneratedModuleMaps-iphoneos/GoogleAppMeasurementTarget.modulemap -Xcc -fmodule-map-file\=/Users/emanuelflury/Library/Developer/Xcode/DerivedData/TaxedGmbH_IOS-gerngfqzuwudosgobknlgtoawnlj/Build/Intermediates.noindex/GeneratedModuleMaps-iphoneos/GoogleUtilities-MethodSwizzler.modulemap -Xcc -fmodule-map-file\=/Users/emanuelflury/Library/Developer/Xcode/DerivedData/TaxedGmbH_IOS-gerngfqzuwudosgobknlgtoawnlj/Build/Intermediates.noindex/GeneratedModuleMaps-iphoneos/FirebaseAnalyticsWrapper.modulemap -Xcc -fmodule-map-file\=/Users/emanuelflury/Library/Developer/Xcode/DerivedData/TaxedGmbH_IOS-gerngfqzuwudosgobknlgtoawnlj/Build/Intermediates.noindex/GeneratedModuleMaps-iphoneos/FirebaseAnalyticsTarget.modulemap -Xcc -fmodule-map-file\=/Users/emanuelflury/Library/Developer/Xcode/DerivedData/TaxedGmbH_IOS-gerngfqzuwudosgobknlgtoawnlj/Build/Intermediates.noindex/GeneratedModuleMaps-iphoneos/GTMSessionFetcherCore.modulemap -Xcc -fmodule-map-file\=/Users/emanuelflury/Library/Developer/Xcode/DerivedData/TaxedGmbH_IOS-gerngfqzuwudosgobknlgtoawnlj/Build/Intermediates.noindex/GeneratedModuleMaps-iphoneos/FirebaseMessagingInterop.modulemap -Xcc -fmodule-map-file\=/Users/emanuelflury/Library/Developer/Xcode/DerivedData/TaxedGmbH_IOS-gerngfqzuwudosgobknlgtoawnlj/Build/Intermediates.noindex/GeneratedModuleMaps-iphoneos/FirebaseCoreExtension.modulemap -Xcc -fmodule-map-file\=/Users/emanuelflury/Library/Developer/Xcode/DerivedData/TaxedGmbH_IOS-gerngfqzuwudosgobknlgtoawnlj/Build/Intermediates.noindex/GeneratedModuleMaps-iphoneos/FirebaseAuthInterop.modulemap -Xcc -fmodule-map-file\=/Users/emanuelflury/Library/Developer/Xcode/DerivedData/TaxedGmbH_IOS-gerngfqzuwudosgobknlgtoawnlj/Build/Intermediates.noindex/GeneratedModuleMaps-iphoneos/FirebaseAppCheckInterop.modulemap -Xcc -fmodule-map-file\=/Users/emanuelflury/Library/Developer/Xcode/DerivedData/TaxedGmbH_IOS-gerngfqzuwudosgobknlgtoawnlj/Build/Intermediates.noindex/GeneratedModuleMaps-iphoneos/GoogleUtilities-UserDefaults.modulemap -Xcc -fmodule-map-file\=/Users/emanuelflury/Library/Developer/Xcode/DerivedData/TaxedGmbH_IOS-gerngfqzuwudosgobknlgtoawnlj/Build/Intermediates.noindex/GeneratedModuleMaps-iphoneos/GoogleUtilities-Network.modulemap -Xcc -fmodule-map-file\=/Users/emanuelflury/Library/Developer/Xcode/DerivedData/TaxedGmbH_IOS-gerngfqzuwudosgobknlgtoawnlj/Build/Intermediates.noindex/GeneratedModuleMaps-iphoneos/GoogleUtilities-NSData.modulemap -Xcc -fmodule-map-file\=/Users/emanuelflury/Library/Developer/Xcode/DerivedData/TaxedGmbH_IOS-gerngfqzuwudosgobknlgtoawnlj/Build/Intermediates.noindex/GeneratedModuleMaps-iphoneos/GoogleUtilities-AppDelegateSwizzler.modulemap -Xcc -fmodule-map-file\=/Users/emanuelflury/Library/Developer/Xcode/DerivedData/TaxedGmbH_IOS-gerngfqzuwudosgobknlgtoawnlj/Build/Intermediates.noindex/GeneratedModuleMaps-iphoneos/GoogleUtilities-Logger.modulemap -Xcc -fmodule-map-file\=/Users/emanuelflury/Library/Developer/Xcode/DerivedData/TaxedGmbH_IOS-gerngfqzuwudosgobknlgtoawnlj/Build/Intermediates.noindex/GeneratedModuleMaps-iphoneos/GoogleUtilities-Environment.modulemap -Xcc -fmodule-map-file\=/Users/emanuelflury/Library/Developer/Xcode/DerivedData/TaxedGmbH_IOS-gerngfqzuwudosgobknlgtoawnlj/Build/Intermediates.noindex/GeneratedModuleMaps-iphoneos/third-party-IsAppEncrypted.modulemap -Xcc -fmodule-map-file\=/Users/emanuelflury/Library/Developer/Xcode/DerivedData/TaxedGmbH_IOS-gerngfqzuwudosgobknlgtoawnlj/Build/Intermediates.noindex/GeneratedModuleMaps-iphoneos/GoogleUtilities-Reachability.modulemap -Xcc -fmodule-map-file\=/Users/emanuelflury/Library/Developer/Xcode/DerivedData/TaxedGmbH_IOS-gerngfqzuwudosgobknlgtoawnlj/Build/Intermediates.noindex/GeneratedModuleMaps-iphoneos/GoogleDataTransport.modulemap -Xcc -fmodule-map-file\=/Users/emanuelflury/Library/Developer/Xcode/DerivedData/TaxedGmbH_IOS-gerngfqzuwudosgobknlgtoawnlj/Build/Intermediates.noindex/GeneratedModuleMaps-iphoneos/nanopb.modulemap -Xcc -fmodule-map-file\=/Users/emanuelflury/Library/Developer/Xcode/DerivedData/TaxedGmbH_IOS-gerngfqzuwudosgobknlgtoawnlj/Build/Intermediates.noindex/GeneratedModuleMaps-iphoneos/FirebaseInstallations.modulemap -Xcc -fmodule-map-file\=/Users/emanuelflury/Library/Developer/Xcode/DerivedData/TaxedGmbH_IOS-gerngfqzuwudosgobknlgtoawnlj/Build/Intermediates.noindex/GeneratedModuleMaps-iphoneos/FirebaseCore.modulemap -Xcc -fmodule-map-file\=/Users/emanuelflury/Library/Developer/Xcode/DerivedData/TaxedGmbH_IOS-gerngfqzuwudosgobknlgtoawnlj/Build/Intermediates.noindex/GeneratedModuleMaps-iphoneos/FirebaseMessaging.modulemap -Xcc -D_LIBCPP_HARDENING_MODE\=_LIBCPP_HARDENING_MODE_DEBUG -Xcc -ivfsstatcache -Xcc /Users/emanuelflury/Library/Developer/Xcode/DerivedData/SDKStatCaches.noindex/iphoneos26.1-23B77-69b33fc7382b27d9b5d46e82a00f8e78.sdkstatcache -Xcc -I/Users/emanuelflury/Library/Developer/Xcode/DerivedData/TaxedGmbH_IOS-gerngfqzuwudosgobknlgtoawnlj/Build/Intermediates.noindex/TaxedGmbH_IOS.build/Debug-iphoneos/TaxedGmbH_IOS.build/swift-overrides.hmap -Xcc -iquote -Xcc /Users/emanuelflury/Library/Developer/Xcode/DerivedData/TaxedGmbH_IOS-gerngfqzuwudosgobknlgtoawnlj/Build/Intermediates.noindex/TaxedGmbH_IOS.build/Debug-iphoneos/TaxedGmbH_IOS.build/TaxedGmbH_IOS-generated-files.hmap -Xcc -I/Users/emanuelflury/Library/Developer/Xcode/DerivedData/TaxedGmbH_IOS-gerngfqzuwudosgobknlgtoawnlj/Build/Intermediates.noindex/TaxedGmbH_IOS.build/Debug-iphoneos/TaxedGmbH_IOS.build/TaxedGmbH_IOS-own-target-headers.hmap -Xcc -I/Users/emanuelflury/Library/Developer/Xcode/DerivedData/TaxedGmbH_IOS-gerngfqzuwudosgobknlgtoawnlj/Build/Intermediates.noindex/TaxedGmbH_IOS.build/Debug-iphoneos/TaxedGmbH_IOS.build/TaxedGmbH_IOS-all-non-framework-target-headers.hmap -Xcc -ivfsoverlay -Xcc /Users/emanuelflury/Library/Developer/Xcode/DerivedData/TaxedGmbH_IOS-gerngfqzuwudosgobknlgtoawnlj/Build/Intermediates.noindex/TaxedGmbH_IOS.build/Debug-iphoneos/TaxedGmbH_IOS-455a548ebb4bd5c370c51b93d3292e34-VFS-iphoneos/all-product-headers.yaml -Xcc -iquote -Xcc /Users/emanuelflury/Library/Developer/Xcode/DerivedData/TaxedGmbH_IOS-gerngfqzuwudosgobknlgtoawnlj/Build/Intermediates.noindex/TaxedGmbH_IOS.build/Debug-iphoneos/TaxedGmbH_IOS.build/TaxedGmbH_IOS-project-headers.hmap -Xcc -I/Users/emanuelflury/Library/Developer/Xcode/DerivedData/TaxedGmbH_IOS-gerngfqzuwudosgobknlgtoawnlj/SourcePackages/checkouts/interop-ios-for-google-sdks/RecaptchaEnterprise/RecaptchaInterop/Public -Xcc -I/Users/emanuelflury/Library/Developer/Xcode/DerivedData/TaxedGmbH_IOS-gerngfqzuwudosgobknlgtoawnlj/SourcePackages/checkouts/firebase-ios-sdk/FirebaseAuth/Sources/Public -Xcc -I/Users/emanuelflury/Library/Developer/Xcode/DerivedData/TaxedGmbH_IOS-gerngfqzuwudosgobknlgtoawnlj/SourcePackages/checkouts/abseil-cpp-binary/absl-Wrapper/include -Xcc -I/Users/emanuelflury/Library/Developer/Xcode/DerivedData/TaxedGmbH_IOS-gerngfqzuwudosgobknlgtoawnlj/SourcePackages/checkouts/grpc-binary/openssl-grpc-Wrapper/include -Xcc -I/Users/emanuelflury/Library/Developer/Xcode/DerivedData/TaxedGmbH_IOS-gerngfqzuwudosgobknlgtoawnlj/SourcePackages/checkouts/grpc-binary/grpc-Wrapper/include -Xcc -I/Users/emanuelflury/Library/Developer/Xcode/DerivedData/TaxedGmbH_IOS-gerngfqzuwudosgobknlgtoawnlj/SourcePackages/checkouts/grpc-binary/grpcpp-Wrapper/include -Xcc -I/Users/emanuelflury/Library/Developer/Xcode/DerivedData/TaxedGmbH_IOS-gerngfqzuwudosgobknlgtoawnlj/SourcePackages/checkouts/leveldb/include -Xcc -I/Users/emanuelflury/Library/Developer/Xcode/DerivedData/TaxedGmbH_IOS-gerngfqzuwudosgobknlgtoawnlj/SourcePackages/checkouts/firebase-ios-sdk/FirebaseFirestoreInternal -Xcc -I/Users/emanuelflury/Library/Developer/Xcode/DerivedData/TaxedGmbH_IOS-gerngfqzuwudosgobknlgtoawnlj/SourcePackages/checkouts/firebase-ios-sdk/SwiftPM-PlatformExclude/FirebaseFirestoreWrap/include -Xcc -I/Users/emanuelflury/Library/Developer/Xcode/DerivedData/TaxedGmbH_IOS-gerngfqzuwudosgobknlgtoawnlj/SourcePackages/checkouts/google-ads-on-device-conversion-ios-sdk/GoogleAdsOnDeviceConversionWrapper/include -Xcc -I/Users/emanuelflury/Library/Developer/Xcode/DerivedData/TaxedGmbH_IOS-gerngfqzuwudosgobknlgtoawnlj/SourcePackages/checkouts/GoogleAppMeasurement/GoogleAppMeasurementWrapper/include -Xcc -I/Users/emanuelflury/Library/Developer/Xcode/DerivedData/TaxedGmbH_IOS-gerngfqzuwudosgobknlgtoawnlj/SourcePackages/checkouts/GoogleUtilities/GoogleUtilities/MethodSwizzler/Public -Xcc -I/Users/emanuelflury/Library/Developer/Xcode/DerivedData/TaxedGmbH_IOS-gerngfqzuwudosgobknlgtoawnlj/SourcePackages/checkouts/firebase-ios-sdk/FirebaseAnalyticsWrapper/include -Xcc -I/Users/emanuelflury/Library/Developer/Xcode/DerivedData/TaxedGmbH_IOS-gerngfqzuwudosgobknlgtoawnlj/SourcePackages/checkouts/firebase-ios-sdk/SwiftPM-PlatformExclude/FirebaseAnalyticsWrap/include -Xcc -I/Users/emanuelflury/Library/Developer/Xcode/DerivedData/TaxedGmbH_IOS-gerngfqzuwudosgobknlgtoawnlj/SourcePackages/checkouts/gtm-session-fetcher/Sources/Core/Public -Xcc -I/Users/emanuelflury/Library/Developer/Xcode/DerivedData/TaxedGmbH_IOS-gerngfqzuwudosgobknlgtoawnlj/SourcePackages/checkouts/firebase-ios-sdk/FirebaseMessaging/Interop -Xcc -I/Users/emanuelflury/Library/Developer/Xcode/DerivedData/TaxedGmbH_IOS-gerngfqzuwudosgobknlgtoawnlj/SourcePackages/checkouts/firebase-ios-sdk/FirebaseCore/Extension -Xcc -I/Users/emanuelflury/Library/Developer/Xcode/DerivedData/TaxedGmbH_IOS-gerngfqzuwudosgobknlgtoawnlj/SourcePackages/checkouts/firebase-ios-sdk/FirebaseAuth/Interop/Public -Xcc -I/Users/emanuelflury/Library/Developer/Xcode/DerivedData/TaxedGmbH_IOS-gerngfqzuwudosgobknlgtoawnlj/SourcePackages/checkouts/firebase-ios-sdk/FirebaseAppCheck/Interop/Public -Xcc -I/Users/emanuelflury/Library/Developer/Xcode/DerivedData/TaxedGmbH_IOS-gerngfqzuwudosgobknlgtoawnlj/SourcePackages/checkouts/promises/Sources/FBLPromises/include -Xcc -I/Users/emanuelflury/Library/Developer/Xcode/DerivedData/TaxedGmbH_IOS-gerngfqzuwudosgobknlgtoawnlj/SourcePackages/checkouts/GoogleUtilities/GoogleUtilities/UserDefaults/Public -Xcc -I/Users/emanuelflury/Library/Developer/Xcode/DerivedData/TaxedGmbH_IOS-gerngfqzuwudosgobknlgtoawnlj/SourcePackages/checkouts/GoogleUtilities/GoogleUtilities/Network/Public -Xcc -I/Users/emanuelflury/Library/Developer/Xcode/DerivedData/TaxedGmbH_IOS-gerngfqzuwudosgobknlgtoawnlj/SourcePackages/checkouts/GoogleUtilities/GoogleUtilities/NSData+zlib/Public -Xcc -I/Users/emanuelflury/Library/Developer/Xcode/DerivedData/TaxedGmbH_IOS-gerngfqzuwudosgobknlgtoawnlj/SourcePackages/checkouts/GoogleUtilities/GoogleUtilities/AppDelegateSwizzler/Public -Xcc -I/Users/emanuelflury/Library/Developer/Xcode/DerivedData/TaxedGmbH_IOS-gerngfqzuwudosgobknlgtoawnlj/SourcePackages/checkouts/GoogleUtilities/GoogleUtilities/Logger/Public -Xcc -I/Users/emanuelflury/Library/Developer/Xcode/DerivedData/TaxedGmbH_IOS-gerngfqzuwudosgobknlgtoawnlj/SourcePackages/checkouts/GoogleUtilities/GoogleUtilities/Environment/Public -Xcc -I/Users/emanuelflury/Library/Developer/Xcode/DerivedData/TaxedGmbH_IOS-gerngfqzuwudosgobknlgtoawnlj/SourcePackages/checkouts/GoogleUtilities/third_party/IsAppEncrypted/Public -Xcc -I/Users/emanuelflury/Library/Developer/Xcode/DerivedData/TaxedGmbH_IOS-gerngfqzuwudosgobknlgtoawnlj/SourcePackages/checkouts/GoogleUtilities/GoogleUtilities/Reachability/Public -Xcc -I/Users/emanuelflury/Library/Developer/Xcode/DerivedData/TaxedGmbH_IOS-gerngfqzuwudosgobknlgtoawnlj/SourcePackages/checkouts/GoogleDataTransport/GoogleDataTransport/GDTCORLibrary/Public -Xcc -I/Users/emanuelflury/Library/Developer/Xcode/DerivedData/TaxedGmbH_IOS-gerngfqzuwudosgobknlgtoawnlj/SourcePackages/checkouts/nanopb/spm_headers -Xcc -I/Users/emanuelflury/Library/Developer/Xcode/DerivedData/TaxedGmbH_IOS-gerngfqzuwudosgobknlgtoawnlj/SourcePackages/checkouts/firebase-ios-sdk/FirebaseInstallations/Source/Library/Public -Xcc -I/Users/emanuelflury/Library/Developer/Xcode/DerivedData/TaxedGmbH_IOS-gerngfqzuwudosgobknlgtoawnlj/SourcePackages/checkouts/firebase-ios-sdk/FirebaseCore/Sources/Public -Xcc -I/Users/emanuelflury/Library/Developer/Xcode/DerivedData/TaxedGmbH_IOS-gerngfqzuwudosgobknlgtoawnlj/SourcePackages/checkouts/firebase-ios-sdk/CoreOnly/Sources -Xcc -I/Users/emanuelflury/Library/Developer/Xcode/DerivedData/TaxedGmbH_IOS-gerngfqzuwudosgobknlgtoawnlj/SourcePackages/checkouts/firebase-ios-sdk/FirebaseMessaging/Sources/Public -Xcc -I/Users/emanuelflury/Library/Developer/Xcode/DerivedData/TaxedGmbH_IOS-gerngfqzuwudosgobknlgtoawnlj/Build/Products/Debug-iphoneos/include -Xcc -I/Users/emanuelflury/Library/Developer/Xcode/DerivedData/TaxedGmbH_IOS-gerngfqzuwudosgobknlgtoawnlj/Build/Intermediates.noindex/TaxedGmbH_IOS.build/Debug-iphoneos/TaxedGmbH_IOS.build/DerivedSources-normal/arm64 -Xcc -I/Users/emanuelflury/Library/Developer/Xcode/DerivedData/TaxedGmbH_IOS-gerngfqzuwudosgobknlgtoawnlj/Build/Intermediates.noindex/TaxedGmbH_IOS.build/Debug-iphoneos/TaxedGmbH_IOS.build/DerivedSources/arm64 -Xcc -I/Users/emanuelflury/Library/Developer/Xcode/DerivedData/TaxedGmbH_IOS-gerngfqzuwudosgobknlgtoawnlj/Build/Intermediates.noindex/TaxedGmbH_IOS.build/Debug-iphoneos/TaxedGmbH_IOS.build/DerivedSources -Xcc -DDEBUG\=1 -no-auto-bridging-header-chaining -module-name TaxedGmbH_IOS -frontend-parseable-output -disable-clang-spi -target-sdk-version 26.1 -target-sdk-name iphoneos26.1 -clang-target arm64-apple-ios26.1 -in-process-plugin-server-path /Applications/Xcode.app/Contents/Developer/Toolchains/XcodeDefault.xctoolchain/usr/lib/swift/host/libSwiftInProcPluginServer.dylib -o /Users/emanuelflury/Library/Developer/Xcode/DerivedData/TaxedGmbH_IOS-gerngfqzuwudosgobknlgtoawnlj/Build/Intermediates.noindex/TaxedGmbH_IOS.build/Debug-iphoneos/TaxedGmbH_IOS.build/Objects-normal/arm64/AboutView.o -o /Users/emanuelflury/Library/Developer/Xcode/DerivedData/TaxedGmbH_IOS-gerngfqzuwudosgobknlgtoawnlj/Build/Intermediates.noindex/TaxedGmbH_IOS.build/Debug-iphoneos/TaxedGmbH_IOS.build/Objects-normal/arm64/ContentView.o -o /Users/emanuelflury/Library/Developer/Xcode/DerivedData/TaxedGmbH_IOS-gerngfqzuwudosgobknlgtoawnlj/Build/Intermediates.noindex/TaxedGmbH_IOS.build/Debug-iphoneos/TaxedGmbH_IOS.build/Objects-normal/arm64/DashboardView.o -o /Users/emanuelflury/Library/Developer/Xcode/DerivedData/TaxedGmbH_IOS-gerngfqzuwudosgobknlgtoawnlj/Build/Intermediates.noindex/TaxedGmbH_IOS.build/Debug-iphoneos/TaxedGmbH_IOS.build/Objects-normal/arm64/MainTabView.o -o /Users/emanuelflury/Library/Developer/Xcode/DerivedData/TaxedGmbH_IOS-gerngfqzuwudosgobknlgtoawnlj/Build/Intermediates.noindex/TaxedGmbH_IOS.build/Debug-iphoneos/TaxedGmbH_IOS.build/Objects-normal/arm64/MoreView.o -o /Users/emanuelflury/Library/Developer/Xcode/DerivedData/TaxedGmbH_IOS-gerngfqzuwudosgobknlgtoawnlj/Build/Intermediates.noindex/TaxedGmbH_IOS.build/Debug-iphoneos/TaxedGmbH_IOS.build/Objects-normal/arm64/ExpatOnboardingView.o -o /Users/emanuelflury/Library/Developer/Xcode/DerivedData/TaxedGmbH_IOS-gerngfqzuwudosgobknlgtoawnlj/Build/Intermediates.noindex/TaxedGmbH_IOS.build/Debug-iphoneos/TaxedGmbH_IOS.build/Objects-normal/arm64/ProcessStageView.o -o /Users/emanuelflury/Library/Developer/Xcode/DerivedData/TaxedGmbH_IOS-gerngfqzuwudosgobknlgtoawnlj/Build/Intermediates.noindex/TaxedGmbH_IOS.build/Debug-iphoneos/TaxedGmbH_IOS.build/Objects-normal/arm64/AccountManagementView.o -o /Users/emanuelflury/Library/Developer/Xcode/DerivedData/TaxedGmbH_IOS-gerngfqzuwudosgobknlgtoawnlj/Build/Intermediates.noindex/TaxedGmbH_IOS.build/Debug-iphoneos/TaxedGmbH_IOS.build/Objects-normal/arm64/AccountSecurityView.o -index-unit-output-path /TaxedGmbH_IOS.build/Debug-iphoneos/TaxedGmbH_IOS.build/Objects-normal/arm64/AboutView.o -index-unit-output-path /TaxedGmbH_IOS.build/Debug-iphoneos/TaxedGmbH_IOS.build/Objects-normal/arm64/ContentView.o -index-unit-output-path /TaxedGmbH_IOS.build/Debug-iphoneos/TaxedGmbH_IOS.build/Objects-normal/arm64/DashboardView.o -index-unit-output-path /TaxedGmbH_IOS.build/Debug-iphoneos/TaxedGmbH_IOS.build/Objects-normal/arm64/MainTabView.o -index-unit-output-path /TaxedGmbH_IOS.build/Debug-iphoneos/TaxedGmbH_IOS.build/Objects-normal/arm64/MoreView.o -index-unit-output-path /TaxedGmbH_IOS.build/Debug-iphoneos/TaxedGmbH_IOS.build/Objects-normal/arm64/ExpatOnboardingView.o -index-unit-output-path /TaxedGmbH_IOS.build/Debug-iphoneos/TaxedGmbH_IOS.build/Objects-normal/arm64/ProcessStageView.o -index-unit-output-path /TaxedGmbH_IOS.build/Debug-iphoneos/TaxedGmbH_IOS.build/Objects-normal/arm64/AccountManagementView.o -index-unit-output-path /TaxedGmbH_IOS.build/Debug-iphoneos/TaxedGmbH_IOS.build/Objects-normal/arm64/AccountSecurityView.o -index-store-path /Users/emanuelflury/Library/Developer/Xcode/DerivedData/TaxedGmbH_IOS-gerngfqzuwudosgobknlgtoawnlj/Index.noindex/DataStore -index-system-modules

SwiftCompile normal arm64 /Users/emanuelflury/github/TaxedGmbH_IOS/TaxedGmbH_IOS/Views/Main/AboutView.swift (in target 'TaxedGmbH_IOS' from project 'TaxedGmbH_IOS')
    cd /Users/emanuelflury/github/TaxedGmbH_IOS
    

SwiftCompile normal arm64 /Users/emanuelflury/github/TaxedGmbH_IOS/TaxedGmbH_IOS/Views/Main/ContentView.swift (in target 'TaxedGmbH_IOS' from project 'TaxedGmbH_IOS')
    cd /Users/emanuelflury/github/TaxedGmbH_IOS
    

SwiftCompile normal arm64 /Users/emanuelflury/github/TaxedGmbH_IOS/TaxedGmbH_IOS/Views/Main/DashboardView.swift (in target 'TaxedGmbH_IOS' from project 'TaxedGmbH_IOS')
    cd /Users/emanuelflury/github/TaxedGmbH_IOS
    
/Users/emanuelflury/github/TaxedGmbH_IOS/TaxedGmbH_IOS/Views/Main/DashboardView.swift:265:68: error: cannot convert value of type 'Set<TaxCategoryType>' to expected argument type '[TaxCategoryType]'
                    categoryGroupSection(group: group, categories: categoriesInGroup)
                                                                   ^

SwiftCompile normal arm64 /Users/emanuelflury/github/TaxedGmbH_IOS/TaxedGmbH_IOS/Views/Main/MainTabView.swift (in target 'TaxedGmbH_IOS' from project 'TaxedGmbH_IOS')
    cd /Users/emanuelflury/github/TaxedGmbH_IOS
    

SwiftCompile normal arm64 /Users/emanuelflury/github/TaxedGmbH_IOS/TaxedGmbH_IOS/Views/Main/MoreView.swift (in target 'TaxedGmbH_IOS' from project 'TaxedGmbH_IOS')
    cd /Users/emanuelflury/github/TaxedGmbH_IOS
    

SwiftCompile normal arm64 /Users/emanuelflury/github/TaxedGmbH_IOS/TaxedGmbH_IOS/Views/Onboarding/ExpatOnboardingView.swift (in target 'TaxedGmbH_IOS' from project 'TaxedGmbH_IOS')
    cd /Users/emanuelflury/github/TaxedGmbH_IOS
    

SwiftCompile normal arm64 /Users/emanuelflury/github/TaxedGmbH_IOS/TaxedGmbH_IOS/Views/Process/ProcessStageView.swift (in target 'TaxedGmbH_IOS' from project 'TaxedGmbH_IOS')
    cd /Users/emanuelflury/github/TaxedGmbH_IOS
    

SwiftCompile normal arm64 /Users/emanuelflury/github/TaxedGmbH_IOS/TaxedGmbH_IOS/Views/Settings/AccountManagementView.swift (in target 'TaxedGmbH_IOS' from project 'TaxedGmbH_IOS')
    cd /Users/emanuelflury/github/TaxedGmbH_IOS
    

SwiftCompile normal arm64 /Users/emanuelflury/github/TaxedGmbH_IOS/TaxedGmbH_IOS/Views/Settings/AccountSecurityView.swift (in target 'TaxedGmbH_IOS' from project 'TaxedGmbH_IOS')
    cd /Users/emanuelflury/github/TaxedGmbH_IOS
    

SwiftCompile normal arm64 Compiling\ TaxedGmbH_IOSApp.swift,\ AppConstants.swift,\ TaxFormFieldSeedData.swift,\ Date+Extensions.swift,\ DesignTokens.swift,\ String+Extensions.swift,\ TaxCategoryType+FormFields.swift,\ ViewModifiers.swift,\ FormatterHelper.swift,\ MediaPicker.swift /Users/emanuelflury/github/TaxedGmbH_IOS/TaxedGmbH_IOS/App/TaxedGmbH_IOSApp.swift /Users/emanuelflury/github/TaxedGmbH_IOS/TaxedGmbH_IOS/Constants/AppConstants.swift /Users/emanuelflury/github/TaxedGmbH_IOS/TaxedGmbH_IOS/Data/TaxFormFieldSeedData.swift /Users/emanuelflury/github/TaxedGmbH_IOS/TaxedGmbH_IOS/Extensions/Date+Extensions.swift /Users/emanuelflury/github/TaxedGmbH_IOS/TaxedGmbH_IOS/Extensions/DesignTokens.swift /Users/emanuelflury/github/TaxedGmbH_IOS/TaxedGmbH_IOS/Extensions/String+Extensions.swift /Users/emanuelflury/github/TaxedGmbH_IOS/TaxedGmbH_IOS/Extensions/TaxCategoryType+FormFields.swift /Users/emanuelflury/github/TaxedGmbH_IOS/TaxedGmbH_IOS/Extensions/ViewModifiers.swift /Users/emanuelflury/github/TaxedGmbH_IOS/TaxedGmbH_IOS/Helpers/FormatterHelper.swift /Users/emanuelflury/github/TaxedGmbH_IOS/TaxedGmbH_IOS/Helpers/MediaPicker.swift (in target 'TaxedGmbH_IOS' from project 'TaxedGmbH_IOS')

SwiftCompile normal arm64 /Users/emanuelflury/github/TaxedGmbH_IOS/TaxedGmbH_IOS/App/TaxedGmbH_IOSApp.swift (in target 'TaxedGmbH_IOS' from project 'TaxedGmbH_IOS')
    cd /Users/emanuelflury/github/TaxedGmbH_IOS
    

SwiftCompile normal arm64 /Users/emanuelflury/github/TaxedGmbH_IOS/TaxedGmbH_IOS/Constants/AppConstants.swift (in target 'TaxedGmbH_IOS' from project 'TaxedGmbH_IOS')
    cd /Users/emanuelflury/github/TaxedGmbH_IOS
    

SwiftCompile normal arm64 /Users/emanuelflury/github/TaxedGmbH_IOS/TaxedGmbH_IOS/Data/TaxFormFieldSeedData.swift (in target 'TaxedGmbH_IOS' from project 'TaxedGmbH_IOS')
    cd /Users/emanuelflury/github/TaxedGmbH_IOS
    

SwiftCompile normal arm64 /Users/emanuelflury/github/TaxedGmbH_IOS/TaxedGmbH_IOS/Extensions/Date+Extensions.swift (in target 'TaxedGmbH_IOS' from project 'TaxedGmbH_IOS')
    cd /Users/emanuelflury/github/TaxedGmbH_IOS
    

SwiftCompile normal arm64 /Users/emanuelflury/github/TaxedGmbH_IOS/TaxedGmbH_IOS/Extensions/DesignTokens.swift (in target 'TaxedGmbH_IOS' from project 'TaxedGmbH_IOS')
    cd /Users/emanuelflury/github/TaxedGmbH_IOS
    

SwiftCompile normal arm64 /Users/emanuelflury/github/TaxedGmbH_IOS/TaxedGmbH_IOS/Extensions/String+Extensions.swift (in target 'TaxedGmbH_IOS' from project 'TaxedGmbH_IOS')
    cd /Users/emanuelflury/github/TaxedGmbH_IOS
    

SwiftCompile normal arm64 /Users/emanuelflury/github/TaxedGmbH_IOS/TaxedGmbH_IOS/Extensions/TaxCategoryType+FormFields.swift (in target 'TaxedGmbH_IOS' from project 'TaxedGmbH_IOS')
    cd /Users/emanuelflury/github/TaxedGmbH_IOS
    

SwiftCompile normal arm64 /Users/emanuelflury/github/TaxedGmbH_IOS/TaxedGmbH_IOS/Extensions/ViewModifiers.swift (in target 'TaxedGmbH_IOS' from project 'TaxedGmbH_IOS')
    cd /Users/emanuelflury/github/TaxedGmbH_IOS
    

SwiftCompile normal arm64 /Users/emanuelflury/github/TaxedGmbH_IOS/TaxedGmbH_IOS/Helpers/FormatterHelper.swift (in target 'TaxedGmbH_IOS' from project 'TaxedGmbH_IOS')
    cd /Users/emanuelflury/github/TaxedGmbH_IOS
    

SwiftCompile normal arm64 /Users/emanuelflury/github/TaxedGmbH_IOS/TaxedGmbH_IOS/Helpers/MediaPicker.swift (in target 'TaxedGmbH_IOS' from project 'TaxedGmbH_IOS')
    cd /Users/emanuelflury/github/TaxedGmbH_IOS
    

SwiftCompile normal arm64 Compiling\ SwissCantonHelper.swift,\ ValidationHelper.swift,\ CategoryConfiguration.swift,\ ChatMessage.swift,\ Conversation.swift,\ Country.swift,\ ForeignIncome.swift,\ PDFAnnotationRect.swift,\ TaxDocument.swift,\ TaxFormField.swift /Users/emanuelflury/github/TaxedGmbH_IOS/TaxedGmbH_IOS/Helpers/SwissCantonHelper.swift /Users/emanuelflury/github/TaxedGmbH_IOS/TaxedGmbH_IOS/Helpers/ValidationHelper.swift /Users/emanuelflury/github/TaxedGmbH_IOS/TaxedGmbH_IOS/Models/CategoryConfiguration.swift /Users/emanuelflury/github/TaxedGmbH_IOS/TaxedGmbH_IOS/Models/ChatMessage.swift /Users/emanuelflury/github/TaxedGmbH_IOS/TaxedGmbH_IOS/Models/Conversation.swift /Users/emanuelflury/github/TaxedGmbH_IOS/TaxedGmbH_IOS/Models/Country.swift /Users/emanuelflury/github/TaxedGmbH_IOS/TaxedGmbH_IOS/Models/ForeignIncome.swift /Users/emanuelflury/github/TaxedGmbH_IOS/TaxedGmbH_IOS/Models/PDFAnnotationRect.swift /Users/emanuelflury/github/TaxedGmbH_IOS/TaxedGmbH_IOS/Models/TaxDocument.swift /Users/emanuelflury/github/TaxedGmbH_IOS/TaxedGmbH_IOS/Models/TaxFormField.swift (in target 'TaxedGmbH_IOS' from project 'TaxedGmbH_IOS')

SwiftCompile normal arm64 /Users/emanuelflury/github/TaxedGmbH_IOS/TaxedGmbH_IOS/Helpers/SwissCantonHelper.swift (in target 'TaxedGmbH_IOS' from project 'TaxedGmbH_IOS')
    cd /Users/emanuelflury/github/TaxedGmbH_IOS
    

SwiftCompile normal arm64 /Users/emanuelflury/github/TaxedGmbH_IOS/TaxedGmbH_IOS/Helpers/ValidationHelper.swift (in target 'TaxedGmbH_IOS' from project 'TaxedGmbH_IOS')
    cd /Users/emanuelflury/github/TaxedGmbH_IOS
    

SwiftCompile normal arm64 /Users/emanuelflury/github/TaxedGmbH_IOS/TaxedGmbH_IOS/Models/CategoryConfiguration.swift (in target 'TaxedGmbH_IOS' from project 'TaxedGmbH_IOS')
    cd /Users/emanuelflury/github/TaxedGmbH_IOS
    

SwiftCompile normal arm64 /Users/emanuelflury/github/TaxedGmbH_IOS/TaxedGmbH_IOS/Models/ChatMessage.swift (in target 'TaxedGmbH_IOS' from project 'TaxedGmbH_IOS')
    cd /Users/emanuelflury/github/TaxedGmbH_IOS
    

SwiftCompile normal arm64 /Users/emanuelflury/github/TaxedGmbH_IOS/TaxedGmbH_IOS/Models/Conversation.swift (in target 'TaxedGmbH_IOS' from project 'TaxedGmbH_IOS')
    cd /Users/emanuelflury/github/TaxedGmbH_IOS
    

SwiftCompile normal arm64 /Users/emanuelflury/github/TaxedGmbH_IOS/TaxedGmbH_IOS/Models/Country.swift (in target 'TaxedGmbH_IOS' from project 'TaxedGmbH_IOS')
    cd /Users/emanuelflury/github/TaxedGmbH_IOS
    

SwiftCompile normal arm64 /Users/emanuelflury/github/TaxedGmbH_IOS/TaxedGmbH_IOS/Models/ForeignIncome.swift (in target 'TaxedGmbH_IOS' from project 'TaxedGmbH_IOS')
    cd /Users/emanuelflury/github/TaxedGmbH_IOS
    

SwiftCompile normal arm64 /Users/emanuelflury/github/TaxedGmbH_IOS/TaxedGmbH_IOS/Models/PDFAnnotationRect.swift (in target 'TaxedGmbH_IOS' from project 'TaxedGmbH_IOS')
    cd /Users/emanuelflury/github/TaxedGmbH_IOS
    

SwiftCompile normal arm64 /Users/emanuelflury/github/TaxedGmbH_IOS/TaxedGmbH_IOS/Models/TaxDocument.swift (in target 'TaxedGmbH_IOS' from project 'TaxedGmbH_IOS')
    cd /Users/emanuelflury/github/TaxedGmbH_IOS
    

SwiftCompile normal arm64 /Users/emanuelflury/github/TaxedGmbH_IOS/TaxedGmbH_IOS/Models/TaxFormField.swift (in target 'TaxedGmbH_IOS' from project 'TaxedGmbH_IOS')
    cd /Users/emanuelflury/github/TaxedGmbH_IOS
    

SwiftCompile normal arm64 Compiling\ NotificationSettingsView.swift,\ PlaceholderViews.swift,\ ProfileView.swift,\ SettingsView.swift,\ TaxDeadlinesView.swift,\ TaxSettingsView.swift,\ UnifiedProfileView.swift,\ CreateWorkspaceView.swift,\ GeneratedAssetSymbols.swift /Users/emanuelflury/github/TaxedGmbH_IOS/TaxedGmbH_IOS/Views/Settings/NotificationSettingsView.swift /Users/emanuelflury/github/TaxedGmbH_IOS/TaxedGmbH_IOS/Views/Settings/PlaceholderViews.swift /Users/emanuelflury/github/TaxedGmbH_IOS/TaxedGmbH_IOS/Views/Settings/ProfileView.swift /Users/emanuelflury/github/TaxedGmbH_IOS/TaxedGmbH_IOS/Views/Settings/SettingsView.swift /Users/emanuelflury/github/TaxedGmbH_IOS/TaxedGmbH_IOS/Views/Settings/TaxDeadlinesView.swift /Users/emanuelflury/github/TaxedGmbH_IOS/TaxedGmbH_IOS/Views/Settings/TaxSettingsView.swift /Users/emanuelflury/github/TaxedGmbH_IOS/TaxedGmbH_IOS/Views/Settings/UnifiedProfileView.swift /Users/emanuelflury/github/TaxedGmbH_IOS/TaxedGmbH_IOS/Views/Workspace/CreateWorkspaceView.swift /Users/emanuelflury/Library/Developer/Xcode/DerivedData/TaxedGmbH_IOS-gerngfqzuwudosgobknlgtoawnlj/Build/Intermediates.noindex/TaxedGmbH_IOS.build/Debug-iphoneos/TaxedGmbH_IOS.build/DerivedSources/GeneratedAssetSymbols.swift (in target 'TaxedGmbH_IOS' from project 'TaxedGmbH_IOS')

SwiftCompile normal arm64 /Users/emanuelflury/github/TaxedGmbH_IOS/TaxedGmbH_IOS/Views/Settings/NotificationSettingsView.swift (in target 'TaxedGmbH_IOS' from project 'TaxedGmbH_IOS')
    cd /Users/emanuelflury/github/TaxedGmbH_IOS
    

SwiftCompile normal arm64 /Users/emanuelflury/github/TaxedGmbH_IOS/TaxedGmbH_IOS/Views/Settings/PlaceholderViews.swift (in target 'TaxedGmbH_IOS' from project 'TaxedGmbH_IOS')
    cd /Users/emanuelflury/github/TaxedGmbH_IOS
    

SwiftCompile normal arm64 /Users/emanuelflury/github/TaxedGmbH_IOS/TaxedGmbH_IOS/Views/Settings/ProfileView.swift (in target 'TaxedGmbH_IOS' from project 'TaxedGmbH_IOS')
    cd /Users/emanuelflury/github/TaxedGmbH_IOS
    

SwiftCompile normal arm64 /Users/emanuelflury/github/TaxedGmbH_IOS/TaxedGmbH_IOS/Views/Settings/SettingsView.swift (in target 'TaxedGmbH_IOS' from project 'TaxedGmbH_IOS')
    cd /Users/emanuelflury/github/TaxedGmbH_IOS
    

SwiftCompile normal arm64 /Users/emanuelflury/github/TaxedGmbH_IOS/TaxedGmbH_IOS/Views/Settings/TaxDeadlinesView.swift (in target 'TaxedGmbH_IOS' from project 'TaxedGmbH_IOS')
    cd /Users/emanuelflury/github/TaxedGmbH_IOS
    

SwiftCompile normal arm64 /Users/emanuelflury/github/TaxedGmbH_IOS/TaxedGmbH_IOS/Views/Settings/TaxSettingsView.swift (in target 'TaxedGmbH_IOS' from project 'TaxedGmbH_IOS')
    cd /Users/emanuelflury/github/TaxedGmbH_IOS
    

SwiftCompile normal arm64 /Users/emanuelflury/github/TaxedGmbH_IOS/TaxedGmbH_IOS/Views/Settings/UnifiedProfileView.swift (in target 'TaxedGmbH_IOS' from project 'TaxedGmbH_IOS')
    cd /Users/emanuelflury/github/TaxedGmbH_IOS
    

SwiftCompile normal arm64 /Users/emanuelflury/github/TaxedGmbH_IOS/TaxedGmbH_IOS/Views/Workspace/CreateWorkspaceView.swift (in target 'TaxedGmbH_IOS' from project 'TaxedGmbH_IOS')
    cd /Users/emanuelflury/github/TaxedGmbH_IOS
    

SwiftCompile normal arm64 /Users/emanuelflury/Library/Developer/Xcode/DerivedData/TaxedGmbH_IOS-gerngfqzuwudosgobknlgtoawnlj/Build/Intermediates.noindex/TaxedGmbH_IOS.build/Debug-iphoneos/TaxedGmbH_IOS.build/DerivedSources/GeneratedAssetSymbols.swift (in target 'TaxedGmbH_IOS' from project 'TaxedGmbH_IOS')
    cd /Users/emanuelflury/github/TaxedGmbH_IOS
    

SwiftDriverJobDiscovery normal arm64 Compiling AuthTokenResult.swift, AuthCredential.swift, AuthProviderID.swift, EmailAuthProvider.swift, FacebookAuthProvider.swift, FederatedAuthProvider.swift, GameCenterAuthProvider.swift, GitHubAuthProvider.swift, GoogleAuthProvider.swift, OAuthCredential.swift, OAuthProvider.swift, PhoneAuthCredential.swift (in target 'FirebaseAuth' from project 'Firebase')

SwiftCompile normal arm64 Compiling\ FinancialInputView.swift,\ GlassCard.swift,\ QuickVoiceNoteWidget.swift,\ SectionHeaderView.swift,\ SplitViewContainer.swift,\ VoiceInputView.swift,\ AllDocumentsView.swift,\ CameraPicker.swift,\ DocumentDetailView.swift /Users/emanuelflury/github/TaxedGmbH_IOS/TaxedGmbH_IOS/Views/Components/FinancialInputView.swift /Users/emanuelflury/github/TaxedGmbH_IOS/TaxedGmbH_IOS/Views/Components/GlassCard.swift /Users/emanuelflury/github/TaxedGmbH_IOS/TaxedGmbH_IOS/Views/Components/QuickVoiceNoteWidget.swift /Users/emanuelflury/github/TaxedGmbH_IOS/TaxedGmbH_IOS/Views/Components/SectionHeaderView.swift /Users/emanuelflury/github/TaxedGmbH_IOS/TaxedGmbH_IOS/Views/Components/SplitViewContainer.swift /Users/emanuelflury/github/TaxedGmbH_IOS/TaxedGmbH_IOS/Views/Components/VoiceInputView.swift /Users/emanuelflury/github/TaxedGmbH_IOS/TaxedGmbH_IOS/Views/Documents/AllDocumentsView.swift /Users/emanuelflury/github/TaxedGmbH_IOS/TaxedGmbH_IOS/Views/Documents/CameraPicker.swift /Users/emanuelflury/github/TaxedGmbH_IOS/TaxedGmbH_IOS/Views/Documents/DocumentDetailView.swift (in target 'TaxedGmbH_IOS' from project 'TaxedGmbH_IOS')

SwiftCompile normal arm64 /Users/emanuelflury/github/TaxedGmbH_IOS/TaxedGmbH_IOS/Views/Components/FinancialInputView.swift (in target 'TaxedGmbH_IOS' from project 'TaxedGmbH_IOS')
    cd /Users/emanuelflury/github/TaxedGmbH_IOS
    

SwiftCompile normal arm64 /Users/emanuelflury/github/TaxedGmbH_IOS/TaxedGmbH_IOS/Views/Components/GlassCard.swift (in target 'TaxedGmbH_IOS' from project 'TaxedGmbH_IOS')
    cd /Users/emanuelflury/github/TaxedGmbH_IOS
    

SwiftCompile normal arm64 /Users/emanuelflury/github/TaxedGmbH_IOS/TaxedGmbH_IOS/Views/Components/QuickVoiceNoteWidget.swift (in target 'TaxedGmbH_IOS' from project 'TaxedGmbH_IOS')
    cd /Users/emanuelflury/github/TaxedGmbH_IOS
    

SwiftCompile normal arm64 /Users/emanuelflury/github/TaxedGmbH_IOS/TaxedGmbH_IOS/Views/Components/SectionHeaderView.swift (in target 'TaxedGmbH_IOS' from project 'TaxedGmbH_IOS')
    cd /Users/emanuelflury/github/TaxedGmbH_IOS
    

SwiftCompile normal arm64 /Users/emanuelflury/github/TaxedGmbH_IOS/TaxedGmbH_IOS/Views/Components/SplitViewContainer.swift (in target 'TaxedGmbH_IOS' from project 'TaxedGmbH_IOS')
    cd /Users/emanuelflury/github/TaxedGmbH_IOS
    

SwiftCompile normal arm64 /Users/emanuelflury/github/TaxedGmbH_IOS/TaxedGmbH_IOS/Views/Components/VoiceInputView.swift (in target 'TaxedGmbH_IOS' from project 'TaxedGmbH_IOS')
    cd /Users/emanuelflury/github/TaxedGmbH_IOS
    

SwiftCompile normal arm64 /Users/emanuelflury/github/TaxedGmbH_IOS/TaxedGmbH_IOS/Views/Documents/AllDocumentsView.swift (in target 'TaxedGmbH_IOS' from project 'TaxedGmbH_IOS')
    cd /Users/emanuelflury/github/TaxedGmbH_IOS
    

SwiftCompile normal arm64 /Users/emanuelflury/github/TaxedGmbH_IOS/TaxedGmbH_IOS/Views/Documents/CameraPicker.swift (in target 'TaxedGmbH_IOS' from project 'TaxedGmbH_IOS')
    cd /Users/emanuelflury/github/TaxedGmbH_IOS
    

SwiftCompile normal arm64 /Users/emanuelflury/github/TaxedGmbH_IOS/TaxedGmbH_IOS/Views/Documents/DocumentDetailView.swift (in target 'TaxedGmbH_IOS' from project 'TaxedGmbH_IOS')
    cd /Users/emanuelflury/github/TaxedGmbH_IOS
    

SwiftDriverJobDiscovery normal arm64 Compiling resource_bundle_accessor.swift, ActionCodeInfo.swift, ActionCodeOperation.swift, ActionCodeSettings.swift, ActionCodeURL.swift, Auth.swift, AuthComponent.swift, AuthDataResult.swift, AuthDispatcher.swift, AuthGlobalWorkQueue.swift, AuthOperationType.swift, AuthSettings.swift (in target 'FirebaseAuth' from project 'Firebase')

SwiftCompile normal arm64 Compiling\ DocumentListView.swift,\ DocumentUploadView.swift,\ ImagePicker.swift,\ PDFViewerRepresentable.swift,\ RemapDocumentSheet.swift,\ SwipeableDocumentCard.swift,\ UnifiedExpatCenterView.swift,\ PrivacyPolicyView.swift,\ TermsOfServiceView.swift /Users/emanuelflury/github/TaxedGmbH_IOS/TaxedGmbH_IOS/Views/Documents/DocumentListView.swift /Users/emanuelflury/github/TaxedGmbH_IOS/TaxedGmbH_IOS/Views/Documents/DocumentUploadView.swift /Users/emanuelflury/github/TaxedGmbH_IOS/TaxedGmbH_IOS/Views/Documents/ImagePicker.swift /Users/emanuelflury/github/TaxedGmbH_IOS/TaxedGmbH_IOS/Views/Documents/PDFViewerRepresentable.swift /Users/emanuelflury/github/TaxedGmbH_IOS/TaxedGmbH_IOS/Views/Documents/RemapDocumentSheet.swift /Users/emanuelflury/github/TaxedGmbH_IOS/TaxedGmbH_IOS/Views/Documents/SwipeableDocumentCard.swift /Users/emanuelflury/github/TaxedGmbH_IOS/TaxedGmbH_IOS/Views/Expat/UnifiedExpatCenterView.swift /Users/emanuelflury/github/TaxedGmbH_IOS/TaxedGmbH_IOS/Views/Legal/PrivacyPolicyView.swift /Users/emanuelflury/github/TaxedGmbH_IOS/TaxedGmbH_IOS/Views/Legal/TermsOfServiceView.swift (in target 'TaxedGmbH_IOS' from project 'TaxedGmbH_IOS')

SwiftCompile normal arm64 /Users/emanuelflury/github/TaxedGmbH_IOS/TaxedGmbH_IOS/Views/Documents/DocumentListView.swift (in target 'TaxedGmbH_IOS' from project 'TaxedGmbH_IOS')
    cd /Users/emanuelflury/github/TaxedGmbH_IOS
    

SwiftCompile normal arm64 /Users/emanuelflury/github/TaxedGmbH_IOS/TaxedGmbH_IOS/Views/Documents/DocumentUploadView.swift (in target 'TaxedGmbH_IOS' from project 'TaxedGmbH_IOS')
    cd /Users/emanuelflury/github/TaxedGmbH_IOS
    

SwiftCompile normal arm64 /Users/emanuelflury/github/TaxedGmbH_IOS/TaxedGmbH_IOS/Views/Documents/ImagePicker.swift (in target 'TaxedGmbH_IOS' from project 'TaxedGmbH_IOS')
    cd /Users/emanuelflury/github/TaxedGmbH_IOS
    

SwiftCompile normal arm64 /Users/emanuelflury/github/TaxedGmbH_IOS/TaxedGmbH_IOS/Views/Documents/PDFViewerRepresentable.swift (in target 'TaxedGmbH_IOS' from project 'TaxedGmbH_IOS')
    cd /Users/emanuelflury/github/TaxedGmbH_IOS
    

SwiftCompile normal arm64 /Users/emanuelflury/github/TaxedGmbH_IOS/TaxedGmbH_IOS/Views/Documents/RemapDocumentSheet.swift (in target 'TaxedGmbH_IOS' from project 'TaxedGmbH_IOS')
    cd /Users/emanuelflury/github/TaxedGmbH_IOS
    

SwiftCompile normal arm64 /Users/emanuelflury/github/TaxedGmbH_IOS/TaxedGmbH_IOS/Views/Documents/SwipeableDocumentCard.swift (in target 'TaxedGmbH_IOS' from project 'TaxedGmbH_IOS')
    cd /Users/emanuelflury/github/TaxedGmbH_IOS
    

SwiftCompile normal arm64 /Users/emanuelflury/github/TaxedGmbH_IOS/TaxedGmbH_IOS/Views/Expat/UnifiedExpatCenterView.swift (in target 'TaxedGmbH_IOS' from project 'TaxedGmbH_IOS')
    cd /Users/emanuelflury/github/TaxedGmbH_IOS
    

SwiftCompile normal arm64 /Users/emanuelflury/github/TaxedGmbH_IOS/TaxedGmbH_IOS/Views/Legal/PrivacyPolicyView.swift (in target 'TaxedGmbH_IOS' from project 'TaxedGmbH_IOS')
    cd /Users/emanuelflury/github/TaxedGmbH_IOS
    

SwiftCompile normal arm64 /Users/emanuelflury/github/TaxedGmbH_IOS/TaxedGmbH_IOS/Views/Legal/TermsOfServiceView.swift (in target 'TaxedGmbH_IOS' from project 'TaxedGmbH_IOS')
    cd /Users/emanuelflury/github/TaxedGmbH_IOS
    

SwiftDriverJobDiscovery normal arm64 Compiling AuthNotificationManager.swift, AuthStoredUserManager.swift, SecureTokenService.swift, AdditionalUserInfo.swift, User.swift, UserInfo.swift, UserInfoImpl.swift, UserMetadata.swift, UserProfileChangeRequest.swift, UserProfileUpdate.swift, AuthCondition.swift (in target 'FirebaseAuth' from project 'Firebase')

SwiftCompile normal arm64 Compiling\ AppearanceSettingsView.swift,\ CantonSettingsView.swift,\ ContactView.swift,\ DataManagementView.swift,\ DetailedNotificationSettingsView.swift,\ EnhancedProfileView.swift,\ ExpertConnectionView.swift,\ HelpView.swift,\ LanguagePickerView.swift /Users/emanuelflury/github/TaxedGmbH_IOS/TaxedGmbH_IOS/Views/Settings/AppearanceSettingsView.swift /Users/emanuelflury/github/TaxedGmbH_IOS/TaxedGmbH_IOS/Views/Settings/CantonSettingsView.swift /Users/emanuelflury/github/TaxedGmbH_IOS/TaxedGmbH_IOS/Views/Settings/ContactView.swift /Users/emanuelflury/github/TaxedGmbH_IOS/TaxedGmbH_IOS/Views/Settings/DataManagementView.swift /Users/emanuelflury/github/TaxedGmbH_IOS/TaxedGmbH_IOS/Views/Settings/DetailedNotificationSettingsView.swift /Users/emanuelflury/github/TaxedGmbH_IOS/TaxedGmbH_IOS/Views/Settings/EnhancedProfileView.swift /Users/emanuelflury/github/TaxedGmbH_IOS/TaxedGmbH_IOS/Views/Settings/ExpertConnectionView.swift /Users/emanuelflury/github/TaxedGmbH_IOS/TaxedGmbH_IOS/Views/Settings/HelpView.swift /Users/emanuelflury/github/TaxedGmbH_IOS/TaxedGmbH_IOS/Views/Settings/LanguagePickerView.swift (in target 'TaxedGmbH_IOS' from project 'TaxedGmbH_IOS')

SwiftCompile normal arm64 /Users/emanuelflury/github/TaxedGmbH_IOS/TaxedGmbH_IOS/Views/Settings/AppearanceSettingsView.swift (in target 'TaxedGmbH_IOS' from project 'TaxedGmbH_IOS')
    cd /Users/emanuelflury/github/TaxedGmbH_IOS
    

SwiftCompile normal arm64 /Users/emanuelflury/github/TaxedGmbH_IOS/TaxedGmbH_IOS/Views/Settings/CantonSettingsView.swift (in target 'TaxedGmbH_IOS' from project 'TaxedGmbH_IOS')
    cd /Users/emanuelflury/github/TaxedGmbH_IOS
    

SwiftCompile normal arm64 /Users/emanuelflury/github/TaxedGmbH_IOS/TaxedGmbH_IOS/Views/Settings/ContactView.swift (in target 'TaxedGmbH_IOS' from project 'TaxedGmbH_IOS')
    cd /Users/emanuelflury/github/TaxedGmbH_IOS
    

SwiftCompile normal arm64 /Users/emanuelflury/github/TaxedGmbH_IOS/TaxedGmbH_IOS/Views/Settings/DataManagementView.swift (in target 'TaxedGmbH_IOS' from project 'TaxedGmbH_IOS')
    cd /Users/emanuelflury/github/TaxedGmbH_IOS
    

SwiftCompile normal arm64 /Users/emanuelflury/github/TaxedGmbH_IOS/TaxedGmbH_IOS/Views/Settings/DetailedNotificationSettingsView.swift (in target 'TaxedGmbH_IOS' from project 'TaxedGmbH_IOS')
    cd /Users/emanuelflury/github/TaxedGmbH_IOS
    

SwiftCompile normal arm64 /Users/emanuelflury/github/TaxedGmbH_IOS/TaxedGmbH_IOS/Views/Settings/EnhancedProfileView.swift (in target 'TaxedGmbH_IOS' from project 'TaxedGmbH_IOS')
    cd /Users/emanuelflury/github/TaxedGmbH_IOS
    

SwiftCompile normal arm64 /Users/emanuelflury/github/TaxedGmbH_IOS/TaxedGmbH_IOS/Views/Settings/ExpertConnectionView.swift (in target 'TaxedGmbH_IOS' from project 'TaxedGmbH_IOS')
    cd /Users/emanuelflury/github/TaxedGmbH_IOS
    

SwiftCompile normal arm64 /Users/emanuelflury/github/TaxedGmbH_IOS/TaxedGmbH_IOS/Views/Settings/HelpView.swift (in target 'TaxedGmbH_IOS' from project 'TaxedGmbH_IOS')
    cd /Users/emanuelflury/github/TaxedGmbH_IOS
    

SwiftCompile normal arm64 /Users/emanuelflury/github/TaxedGmbH_IOS/TaxedGmbH_IOS/Views/Settings/LanguagePickerView.swift (in target 'TaxedGmbH_IOS' from project 'TaxedGmbH_IOS')
    cd /Users/emanuelflury/github/TaxedGmbH_IOS
    

SwiftDriverJobDiscovery normal arm64 Compiling SwissCantonHelper.swift, ValidationHelper.swift, CategoryConfiguration.swift, ChatMessage.swift, Conversation.swift, Country.swift, ForeignIncome.swift, PDFAnnotationRect.swift, TaxDocument.swift, TaxFormField.swift (in target 'TaxedGmbH_IOS' from project 'TaxedGmbH_IOS')

SwiftCompile normal arm64 Compiling\ AnnotationToolbar.swift,\ BrandedFooterView.swift,\ ButtonStyles.swift,\ CategoryPickerView.swift,\ CategorySelectorSheet.swift,\ CountryPickerView.swift,\ CustomizableCategoryCard.swift,\ DynamicTaxFieldsView.swift,\ EmptyStateView.swift /Users/emanuelflury/github/TaxedGmbH_IOS/TaxedGmbH_IOS/Views/Components/AnnotationToolbar.swift /Users/emanuelflury/github/TaxedGmbH_IOS/TaxedGmbH_IOS/Views/Components/BrandedFooterView.swift /Users/emanuelflury/github/TaxedGmbH_IOS/TaxedGmbH_IOS/Views/Components/ButtonStyles.swift /Users/emanuelflury/github/TaxedGmbH_IOS/TaxedGmbH_IOS/Views/Components/CategoryPickerView.swift /Users/emanuelflury/github/TaxedGmbH_IOS/TaxedGmbH_IOS/Views/Components/CategorySelectorSheet.swift /Users/emanuelflury/github/TaxedGmbH_IOS/TaxedGmbH_IOS/Views/Components/CountryPickerView.swift /Users/emanuelflury/github/TaxedGmbH_IOS/TaxedGmbH_IOS/Views/Components/CustomizableCategoryCard.swift /Users/emanuelflury/github/TaxedGmbH_IOS/TaxedGmbH_IOS/Views/Components/DynamicTaxFieldsView.swift /Users/emanuelflury/github/TaxedGmbH_IOS/TaxedGmbH_IOS/Views/Components/EmptyStateView.swift (in target 'TaxedGmbH_IOS' from project 'TaxedGmbH_IOS')

SwiftCompile normal arm64 /Users/emanuelflury/github/TaxedGmbH_IOS/TaxedGmbH_IOS/Views/Components/AnnotationToolbar.swift (in target 'TaxedGmbH_IOS' from project 'TaxedGmbH_IOS')
    cd /Users/emanuelflury/github/TaxedGmbH_IOS
    

SwiftCompile normal arm64 /Users/emanuelflury/github/TaxedGmbH_IOS/TaxedGmbH_IOS/Views/Components/BrandedFooterView.swift (in target 'TaxedGmbH_IOS' from project 'TaxedGmbH_IOS')
    cd /Users/emanuelflury/github/TaxedGmbH_IOS
    

SwiftCompile normal arm64 /Users/emanuelflury/github/TaxedGmbH_IOS/TaxedGmbH_IOS/Views/Components/ButtonStyles.swift (in target 'TaxedGmbH_IOS' from project 'TaxedGmbH_IOS')
    cd /Users/emanuelflury/github/TaxedGmbH_IOS
    

SwiftCompile normal arm64 /Users/emanuelflury/github/TaxedGmbH_IOS/TaxedGmbH_IOS/Views/Components/CategoryPickerView.swift (in target 'TaxedGmbH_IOS' from project 'TaxedGmbH_IOS')
    cd /Users/emanuelflury/github/TaxedGmbH_IOS
    

SwiftCompile normal arm64 /Users/emanuelflury/github/TaxedGmbH_IOS/TaxedGmbH_IOS/Views/Components/CategorySelectorSheet.swift (in target 'TaxedGmbH_IOS' from project 'TaxedGmbH_IOS')
    cd /Users/emanuelflury/github/TaxedGmbH_IOS
    

SwiftCompile normal arm64 /Users/emanuelflury/github/TaxedGmbH_IOS/TaxedGmbH_IOS/Views/Components/CountryPickerView.swift (in target 'TaxedGmbH_IOS' from project 'TaxedGmbH_IOS')
    cd /Users/emanuelflury/github/TaxedGmbH_IOS
    

SwiftCompile normal arm64 /Users/emanuelflury/github/TaxedGmbH_IOS/TaxedGmbH_IOS/Views/Components/CustomizableCategoryCard.swift (in target 'TaxedGmbH_IOS' from project 'TaxedGmbH_IOS')
    cd /Users/emanuelflury/github/TaxedGmbH_IOS
    

SwiftCompile normal arm64 /Users/emanuelflury/github/TaxedGmbH_IOS/TaxedGmbH_IOS/Views/Components/DynamicTaxFieldsView.swift (in target 'TaxedGmbH_IOS' from project 'TaxedGmbH_IOS')
    cd /Users/emanuelflury/github/TaxedGmbH_IOS
    

SwiftCompile normal arm64 /Users/emanuelflury/github/TaxedGmbH_IOS/TaxedGmbH_IOS/Views/Components/EmptyStateView.swift (in target 'TaxedGmbH_IOS' from project 'TaxedGmbH_IOS')
    cd /Users/emanuelflury/github/TaxedGmbH_IOS
    

SwiftDriverJobDiscovery normal arm64 Emitting module for TaxedGmbH_IOS (in target 'TaxedGmbH_IOS' from project 'TaxedGmbH_IOS')

SwiftDriver\ Compilation\ Requirements TaxedGmbH_IOS normal arm64 com.apple.xcode.tools.swift.compiler (in target 'TaxedGmbH_IOS' from project 'TaxedGmbH_IOS')
    cd /Users/emanuelflury/github/TaxedGmbH_IOS
    builtin-Swift-Compilation-Requirements -- /Applications/Xcode.app/Contents/Developer/Toolchains/XcodeDefault.xctoolchain/usr/bin/swiftc -module-name TaxedGmbH_IOS -Onone -enforce-exclusivity\=checked @/Users/emanuelflury/Library/Developer/Xcode/DerivedData/TaxedGmbH_IOS-gerngfqzuwudosgobknlgtoawnlj/Build/Intermediates.noindex/TaxedGmbH_IOS.build/Debug-iphoneos/TaxedGmbH_IOS.build/Objects-normal/arm64/TaxedGmbH_IOS.SwiftFileList -DDEBUG -Xcc -fmodule-map-file\=/Users/emanuelflury/Library/Developer/Xcode/DerivedData/TaxedGmbH_IOS-gerngfqzuwudosgobknlgtoawnlj/Build/Intermediates.noindex/GeneratedModuleMaps-iphoneos/RecaptchaInterop.modulemap -Xcc -fmodule-map-file\=/Users/emanuelflury/Library/Developer/Xcode/DerivedData/TaxedGmbH_IOS-gerngfqzuwudosgobknlgtoawnlj/Build/Intermediates.noindex/GeneratedModuleMaps-iphoneos/FirebaseAuthInternal.modulemap -Xcc -fmodule-map-file\=/Users/emanuelflury/Library/Developer/Xcode/DerivedData/TaxedGmbH_IOS-gerngfqzuwudosgobknlgtoawnlj/Build/Intermediates.noindex/GeneratedModuleMaps-iphoneos/abslWrapper.modulemap -Xcc -fmodule-map-file\=/Users/emanuelflury/Library/Developer/Xcode/DerivedData/TaxedGmbH_IOS-gerngfqzuwudosgobknlgtoawnlj/Build/Intermediates.noindex/GeneratedModuleMaps-iphoneos/opensslWrapper.modulemap -Xcc -fmodule-map-file\=/Users/emanuelflury/Library/Developer/Xcode/DerivedData/TaxedGmbH_IOS-gerngfqzuwudosgobknlgtoawnlj/Build/Intermediates.noindex/GeneratedModuleMaps-iphoneos/grpcWrapper.modulemap -Xcc -fmodule-map-file\=/Users/emanuelflury/Library/Developer/Xcode/DerivedData/TaxedGmbH_IOS-gerngfqzuwudosgobknlgtoawnlj/Build/Intermediates.noindex/GeneratedModuleMaps-iphoneos/grpcppWrapper.modulemap -Xcc -fmodule-map-file\=/Users/emanuelflury/Library/Developer/Xcode/DerivedData/TaxedGmbH_IOS-gerngfqzuwudosgobknlgtoawnlj/Build/Intermediates.noindex/GeneratedModuleMaps-iphoneos/leveldb.modulemap -Xcc -fmodule-map-file\=/Users/emanuelflury/Library/Developer/Xcode/DerivedData/TaxedGmbH_IOS-gerngfqzuwudosgobknlgtoawnlj/Build/Intermediates.noindex/GeneratedModuleMaps-iphoneos/FirebaseFirestoreInternalWrapper.modulemap -Xcc -fmodule-map-file\=/Users/emanuelflury/Library/Developer/Xcode/DerivedData/TaxedGmbH_IOS-gerngfqzuwudosgobknlgtoawnlj/Build/Intermediates.noindex/GeneratedModuleMaps-iphoneos/FirebaseFirestoreTarget.modulemap -Xcc -fmodule-map-file\=/Users/emanuelflury/Library/Developer/Xcode/DerivedData/TaxedGmbH_IOS-gerngfqzuwudosgobknlgtoawnlj/Build/Intermediates.noindex/GeneratedModuleMaps-iphoneos/GoogleAdsOnDeviceConversionTarget.modulemap -Xcc -fmodule-map-file\=/Users/emanuelflury/Library/Developer/Xcode/DerivedData/TaxedGmbH_IOS-gerngfqzuwudosgobknlgtoawnlj/Build/Intermediates.noindex/GeneratedModuleMaps-iphoneos/GoogleAppMeasurementTarget.modulemap -Xcc -fmodule-map-file\=/Users/emanuelflury/Library/Developer/Xcode/DerivedData/TaxedGmbH_IOS-gerngfqzuwudosgobknlgtoawnlj/Build/Intermediates.noindex/GeneratedModuleMaps-iphoneos/GoogleUtilities-MethodSwizzler.modulemap -Xcc -fmodule-map-file\=/Users/emanuelflury/Library/Developer/Xcode/DerivedData/TaxedGmbH_IOS-gerngfqzuwudosgobknlgtoawnlj/Build/Intermediates.noindex/GeneratedModuleMaps-iphoneos/FirebaseAnalyticsWrapper.modulemap -Xcc -fmodule-map-file\=/Users/emanuelflury/Library/Developer/Xcode/DerivedData/TaxedGmbH_IOS-gerngfqzuwudosgobknlgtoawnlj/Build/Intermediates.noindex/GeneratedModuleMaps-iphoneos/FirebaseAnalyticsTarget.modulemap -Xcc -fmodule-map-file\=/Users/emanuelflury/Library/Developer/Xcode/DerivedData/TaxedGmbH_IOS-gerngfqzuwudosgobknlgtoawnlj/Build/Intermediates.noindex/GeneratedModuleMaps-iphoneos/GTMSessionFetcherCore.modulemap -Xcc -fmodule-map-file\=/Users/emanuelflury/Library/Developer/Xcode/DerivedData/TaxedGmbH_IOS-gerngfqzuwudosgobknlgtoawnlj/Build/Intermediates.noindex/GeneratedModuleMaps-iphoneos/FirebaseMessagingInterop.modulemap -Xcc -fmodule-map-file\=/Users/emanuelflury/Library/Developer/Xcode/DerivedData/TaxedGmbH_IOS-gerngfqzuwudosgobknlgtoawnlj/Build/Intermediates.noindex/GeneratedModuleMaps-iphoneos/FirebaseCoreExtension.modulemap -Xcc -fmodule-map-file\=/Users/emanuelflury/Library/Developer/Xcode/DerivedData/TaxedGmbH_IOS-gerngfqzuwudosgobknlgtoawnlj/Build/Intermediates.noindex/GeneratedModuleMaps-iphoneos/FirebaseAuthInterop.modulemap -Xcc -fmodule-map-file\=/Users/emanuelflury/Library/Developer/Xcode/DerivedData/TaxedGmbH_IOS-gerngfqzuwudosgobknlgtoawnlj/Build/Intermediates.noindex/GeneratedModuleMaps-iphoneos/FirebaseAppCheckInterop.modulemap -Xcc -fmodule-map-file\=/Users/emanuelflury/Library/Developer/Xcode/DerivedData/TaxedGmbH_IOS-gerngfqzuwudosgobknlgtoawnlj/Build/Intermediates.noindex/GeneratedModuleMaps-iphoneos/GoogleUtilities-UserDefaults.modulemap -Xcc -fmodule-map-file\=/Users/emanuelflury/Library/Developer/Xcode/DerivedData/TaxedGmbH_IOS-gerngfqzuwudosgobknlgtoawnlj/Build/Intermediates.noindex/GeneratedModuleMaps-iphoneos/GoogleUtilities-Network.modulemap -Xcc -fmodule-map-file\=/Users/emanuelflury/Library/Developer/Xcode/DerivedData/TaxedGmbH_IOS-gerngfqzuwudosgobknlgtoawnlj/Build/Intermediates.noindex/GeneratedModuleMaps-iphoneos/GoogleUtilities-NSData.modulemap -Xcc -fmodule-map-file\=/Users/emanuelflury/Library/Developer/Xcode/DerivedData/TaxedGmbH_IOS-gerngfqzuwudosgobknlgtoawnlj/Build/Intermediates.noindex/GeneratedModuleMaps-iphoneos/GoogleUtilities-AppDelegateSwizzler.modulemap -Xcc -fmodule-map-file\=/Users/emanuelflury/Library/Developer/Xcode/DerivedData/TaxedGmbH_IOS-gerngfqzuwudosgobknlgtoawnlj/Build/Intermediates.noindex/GeneratedModuleMaps-iphoneos/GoogleUtilities-Logger.modulemap -Xcc -fmodule-map-file\=/Users/emanuelflury/Library/Developer/Xcode/DerivedData/TaxedGmbH_IOS-gerngfqzuwudosgobknlgtoawnlj/Build/Intermediates.noindex/GeneratedModuleMaps-iphoneos/GoogleUtilities-Environment.modulemap -Xcc -fmodule-map-file\=/Users/emanuelflury/Library/Developer/Xcode/DerivedData/TaxedGmbH_IOS-gerngfqzuwudosgobknlgtoawnlj/Build/Intermediates.noindex/GeneratedModuleMaps-iphoneos/third-party-IsAppEncrypted.modulemap -Xcc -fmodule-map-file\=/Users/emanuelflury/Library/Developer/Xcode/DerivedData/TaxedGmbH_IOS-gerngfqzuwudosgobknlgtoawnlj/Build/Intermediates.noindex/GeneratedModuleMaps-iphoneos/GoogleUtilities-Reachability.modulemap -Xcc -fmodule-map-file\=/Users/emanuelflury/Library/Developer/Xcode/DerivedData/TaxedGmbH_IOS-gerngfqzuwudosgobknlgtoawnlj/Build/Intermediates.noindex/GeneratedModuleMaps-iphoneos/GoogleDataTransport.modulemap -Xcc -fmodule-map-file\=/Users/emanuelflury/Library/Developer/Xcode/DerivedData/TaxedGmbH_IOS-gerngfqzuwudosgobknlgtoawnlj/Build/Intermediates.noindex/GeneratedModuleMaps-iphoneos/nanopb.modulemap -Xcc -fmodule-map-file\=/Users/emanuelflury/Library/Developer/Xcode/DerivedData/TaxedGmbH_IOS-gerngfqzuwudosgobknlgtoawnlj/Build/Intermediates.noindex/GeneratedModuleMaps-iphoneos/FirebaseInstallations.modulemap -Xcc -fmodule-map-file\=/Users/emanuelflury/Library/Developer/Xcode/DerivedData/TaxedGmbH_IOS-gerngfqzuwudosgobknlgtoawnlj/Build/Intermediates.noindex/GeneratedModuleMaps-iphoneos/FirebaseCore.modulemap -Xcc -fmodule-map-file\=/Users/emanuelflury/Library/Developer/Xcode/DerivedData/TaxedGmbH_IOS-gerngfqzuwudosgobknlgtoawnlj/Build/Intermediates.noindex/GeneratedModuleMaps-iphoneos/FirebaseMessaging.modulemap -default-isolation\=MainActor -enable-bare-slash-regex -enable-upcoming-feature DisableOutwardActorInference -enable-upcoming-feature InferSendableFromCaptures -enable-upcoming-feature GlobalActorIsolatedTypesUsability -enable-upcoming-feature MemberImportVisibility -enable-upcoming-feature InferIsolatedConformances -enable-upcoming-feature NonisolatedNonsendingByDefault -enable-experimental-feature DebugDescriptionMacro -sdk /Applications/Xcode.app/Contents/Developer/Platforms/iPhoneOS.platform/Developer/SDKs/iPhoneOS26.1.sdk -target arm64-apple-ios17.0 -g -module-cache-path /Users/emanuelflury/Library/Developer/Xcode/DerivedData/ModuleCache.noindex -Xfrontend -serialize-debugging-options -profile-coverage-mapping -profile-generate -enable-testing -index-store-path /Users/emanuelflury/Library/Developer/Xcode/DerivedData/TaxedGmbH_IOS-gerngfqzuwudosgobknlgtoawnlj/Index.noindex/DataStore -Xcc -D_LIBCPP_HARDENING_MODE\=_LIBCPP_HARDENING_MODE_DEBUG -swift-version 5 -I /Users/emanuelflury/Library/Developer/Xcode/DerivedData/TaxedGmbH_IOS-gerngfqzuwudosgobknlgtoawnlj/Build/Products/Debug-iphoneos -F /Users/emanuelflury/Library/Developer/Xcode/DerivedData/TaxedGmbH_IOS-gerngfqzuwudosgobknlgtoawnlj/Build/Products/Debug-iphoneos/PackageFrameworks -F /Users/emanuelflury/Library/Developer/Xcode/DerivedData/TaxedGmbH_IOS-gerngfqzuwudosgobknlgtoawnlj/Build/Products/Debug-iphoneos/PackageFrameworks -F /Users/emanuelflury/Library/Developer/Xcode/DerivedData/TaxedGmbH_IOS-gerngfqzuwudosgobknlgtoawnlj/Build/Products/Debug-iphoneos/PackageFrameworks -F /Users/emanuelflury/Library/Developer/Xcode/DerivedData/TaxedGmbH_IOS-gerngfqzuwudosgobknlgtoawnlj/Build/Products/Debug-iphoneos/PackageFrameworks -F /Users/emanuelflury/Library/Developer/Xcode/DerivedData/TaxedGmbH_IOS-gerngfqzuwudosgobknlgtoawnlj/Build/Products/Debug-iphoneos/PackageFrameworks -F /Users/emanuelflury/Library/Developer/Xcode/DerivedData/TaxedGmbH_IOS-gerngfqzuwudosgobknlgtoawnlj/Build/Products/Debug-iphoneos/PackageFrameworks -F /Users/emanuelflury/Library/Developer/Xcode/DerivedData/TaxedGmbH_IOS-gerngfqzuwudosgobknlgtoawnlj/Build/Products/Debug-iphoneos/PackageFrameworks -F /Users/emanuelflury/Library/Developer/Xcode/DerivedData/TaxedGmbH_IOS-gerngfqzuwudosgobknlgtoawnlj/Build/Products/Debug-iphoneos/PackageFrameworks -F /Users/emanuelflury/Library/Developer/Xcode/DerivedData/TaxedGmbH_IOS-gerngfqzuwudosgobknlgtoawnlj/Build/Products/Debug-iphoneos/PackageFrameworks -F /Users/emanuelflury/Library/Developer/Xcode/DerivedData/TaxedGmbH_IOS-gerngfqzuwudosgobknlgtoawnlj/Build/Products/Debug-iphoneos/PackageFrameworks -F /Users/emanuelflury/Library/Developer/Xcode/DerivedData/TaxedGmbH_IOS-gerngfqzuwudosgobknlgtoawnlj/Build/Products/Debug-iphoneos/PackageFrameworks -F /Users/emanuelflury/Library/Developer/Xcode/DerivedData/TaxedGmbH_IOS-gerngfqzuwudosgobknlgtoawnlj/Build/Products/Debug-iphoneos/PackageFrameworks -F /Users/emanuelflury/Library/Developer/Xcode/DerivedData/TaxedGmbH_IOS-gerngfqzuwudosgobknlgtoawnlj/Build/Products/Debug-iphoneos/PackageFrameworks -F /Users/emanuelflury/Library/Developer/Xcode/DerivedData/TaxedGmbH_IOS-gerngfqzuwudosgobknlgtoawnlj/Build/Products/Debug-iphoneos/PackageFrameworks -F /Users/emanuelflury/Library/Developer/Xcode/DerivedData/TaxedGmbH_IOS-gerngfqzuwudosgobknlgtoawnlj/Build/Products/Debug-iphoneos/PackageFrameworks -F /Users/emanuelflury/Library/Developer/Xcode/DerivedData/TaxedGmbH_IOS-gerngfqzuwudosgobknlgtoawnlj/Build/Products/Debug-iphoneos/PackageFrameworks -F /Users/emanuelflury/Library/Developer/Xcode/DerivedData/TaxedGmbH_IOS-gerngfqzuwudosgobknlgtoawnlj/Build/Products/Debug-iphoneos/PackageFrameworks -F /Users/emanuelflury/Library/Developer/Xcode/DerivedData/TaxedGmbH_IOS-gerngfqzuwudosgobknlgtoawnlj/Build/Products/Debug-iphoneos/PackageFrameworks -F /Users/emanuelflury/Library/Developer/Xcode/DerivedData/TaxedGmbH_IOS-gerngfqzuwudosgobknlgtoawnlj/Build/Products/Debug-iphoneos/PackageFrameworks -F /Users/emanuelflury/Library/Developer/Xcode/DerivedData/TaxedGmbH_IOS-gerngfqzuwudosgobknlgtoawnlj/Build/Products/Debug-iphoneos/PackageFrameworks -F /Users/emanuelflury/Library/Developer/Xcode/DerivedData/TaxedGmbH_IOS-gerngfqzuwudosgobknlgtoawnlj/Build/Products/Debug-iphoneos/PackageFrameworks -F /Users/emanuelflury/Library/Developer/Xcode/DerivedData/TaxedGmbH_IOS-gerngfqzuwudosgobknlgtoawnlj/Build/Products/Debug-iphoneos/PackageFrameworks -F /Users/emanuelflury/Library/Developer/Xcode/DerivedData/TaxedGmbH_IOS-gerngfqzuwudosgobknlgtoawnlj/Build/Products/Debug-iphoneos/PackageFrameworks -F /Users/emanuelflury/Library/Developer/Xcode/DerivedData/TaxedGmbH_IOS-gerngfqzuwudosgobknlgtoawnlj/Build/Products/Debug-iphoneos/PackageFrameworks -F /Users/emanuelflury/Library/Developer/Xcode/DerivedData/TaxedGmbH_IOS-gerngfqzuwudosgobknlgtoawnlj/Build/Products/Debug-iphoneos/PackageFrameworks -F /Users/emanuelflury/Library/Developer/Xcode/DerivedData/TaxedGmbH_IOS-gerngfqzuwudosgobknlgtoawnlj/Build/Products/Debug-iphoneos/PackageFrameworks -F /Users/emanuelflury/Library/Developer/Xcode/DerivedData/TaxedGmbH_IOS-gerngfqzuwudosgobknlgtoawnlj/Build/Products/Debug-iphoneos/PackageFrameworks -F /Users/emanuelflury/Library/Developer/Xcode/DerivedData/TaxedGmbH_IOS-gerngfqzuwudosgobknlgtoawnlj/Build/Products/Debug-iphoneos/PackageFrameworks -F /Users/emanuelflury/Library/Developer/Xcode/DerivedData/TaxedGmbH_IOS-gerngfqzuwudosgobknlgtoawnlj/Build/Products/Debug-iphoneos/PackageFrameworks -F /Users/emanuelflury/Library/Developer/Xcode/DerivedData/TaxedGmbH_IOS-gerngfqzuwudosgobknlgtoawnlj/Build/Products/Debug-iphoneos/PackageFrameworks -F /Users/emanuelflury/Library/Developer/Xcode/DerivedData/TaxedGmbH_IOS-gerngfqzuwudosgobknlgtoawnlj/Build/Products/Debug-iphoneos/PackageFrameworks -F /Users/emanuelflury/Library/Developer/Xcode/DerivedData/TaxedGmbH_IOS-gerngfqzuwudosgobknlgtoawnlj/Build/Products/Debug-iphoneos/PackageFrameworks -F /Users/emanuelflury/Library/Developer/Xcode/DerivedData/TaxedGmbH_IOS-gerngfqzuwudosgobknlgtoawnlj/Build/Products/Debug-iphoneos/PackageFrameworks -F /Users/emanuelflury/Library/Developer/Xcode/DerivedData/TaxedGmbH_IOS-gerngfqzuwudosgobknlgtoawnlj/Build/Products/Debug-iphoneos/PackageFrameworks -F /Users/emanuelflury/Library/Developer/Xcode/DerivedData/TaxedGmbH_IOS-gerngfqzuwudosgobknlgtoawnlj/Build/Products/Debug-iphoneos/PackageFrameworks -F /Users/emanuelflury/Library/Developer/Xcode/DerivedData/TaxedGmbH_IOS-gerngfqzuwudosgobknlgtoawnlj/Build/Products/Debug-iphoneos/PackageFrameworks -F /Users/emanuelflury/Library/Developer/Xcode/DerivedData/TaxedGmbH_IOS-gerngfqzuwudosgobknlgtoawnlj/Build/Products/Debug-iphoneos/PackageFrameworks -F /Users/emanuelflury/Library/Developer/Xcode/DerivedData/TaxedGmbH_IOS-gerngfqzuwudosgobknlgtoawnlj/Build/Products/Debug-iphoneos/PackageFrameworks -F /Users/emanuelflury/Library/Developer/Xcode/DerivedData/TaxedGmbH_IOS-gerngfqzuwudosgobknlgtoawnlj/Build/Products/Debug-iphoneos/PackageFrameworks -F /Users/emanuelflury/Library/Developer/Xcode/DerivedData/TaxedGmbH_IOS-gerngfqzuwudosgobknlgtoawnlj/Build/Products/Debug-iphoneos/PackageFrameworks -F /Users/emanuelflury/Library/Developer/Xcode/DerivedData/TaxedGmbH_IOS-gerngfqzuwudosgobknlgtoawnlj/Build/Products/Debug-iphoneos -emit-localized-strings -emit-localized-strings-path /Users/emanuelflury/Library/Developer/Xcode/DerivedData/TaxedGmbH_IOS-gerngfqzuwudosgobknlgtoawnlj/Build/Intermediates.noindex/TaxedGmbH_IOS.build/Debug-iphoneos/TaxedGmbH_IOS.build/Objects-normal/arm64 -c -j12 -enable-batch-mode -incremental -Xcc -ivfsstatcache -Xcc /Users/emanuelflury/Library/Developer/Xcode/DerivedData/SDKStatCaches.noindex/iphoneos26.1-23B77-69b33fc7382b27d9b5d46e82a00f8e78.sdkstatcache -output-file-map /Users/emanuelflury/Library/Developer/Xcode/DerivedData/TaxedGmbH_IOS-gerngfqzuwudosgobknlgtoawnlj/Build/Intermediates.noindex/TaxedGmbH_IOS.build/Debug-iphoneos/TaxedGmbH_IOS.build/Objects-normal/arm64/TaxedGmbH_IOS-OutputFileMap.json -use-frontend-parseable-output -save-temps -no-color-diagnostics -explicit-module-build -module-cache-path /Users/emanuelflury/Library/Developer/Xcode/DerivedData/TaxedGmbH_IOS-gerngfqzuwudosgobknlgtoawnlj/Build/Intermediates.noindex/SwiftExplicitPrecompiledModules -clang-scanner-module-cache-path /Users/emanuelflury/Library/Developer/Xcode/DerivedData/ModuleCache.noindex -sdk-module-cache-path /Users/emanuelflury/Library/Developer/Xcode/DerivedData/ModuleCache.noindex -serialize-diagnostics -emit-dependencies -emit-module -emit-module-path /Users/emanuelflury/Library/Developer/Xcode/DerivedData/TaxedGmbH_IOS-gerngfqzuwudosgobknlgtoawnlj/Build/Intermediates.noindex/TaxedGmbH_IOS.build/Debug-iphoneos/TaxedGmbH_IOS.build/Objects-normal/arm64/TaxedGmbH_IOS.swiftmodule -validate-clang-modules-once -clang-build-session-file /Users/emanuelflury/Library/Developer/Xcode/DerivedData/ModuleCache.noindex/Session.modulevalidation -Xcc -I/Users/emanuelflury/Library/Developer/Xcode/DerivedData/TaxedGmbH_IOS-gerngfqzuwudosgobknlgtoawnlj/Build/Intermediates.noindex/TaxedGmbH_IOS.build/Debug-iphoneos/TaxedGmbH_IOS.build/swift-overrides.hmap -emit-const-values -Xfrontend -const-gather-protocols-file -Xfrontend /Users/emanuelflury/Library/Developer/Xcode/DerivedData/TaxedGmbH_IOS-gerngfqzuwudosgobknlgtoawnlj/Build/Intermediates.noindex/TaxedGmbH_IOS.build/Debug-iphoneos/TaxedGmbH_IOS.build/Objects-normal/arm64/TaxedGmbH_IOS_const_extract_protocols.json -Xcc -iquote -Xcc /Users/emanuelflury/Library/Developer/Xcode/DerivedData/TaxedGmbH_IOS-gerngfqzuwudosgobknlgtoawnlj/Build/Intermediates.noindex/TaxedGmbH_IOS.build/Debug-iphoneos/TaxedGmbH_IOS.build/TaxedGmbH_IOS-generated-files.hmap -Xcc -I/Users/emanuelflury/Library/Developer/Xcode/DerivedData/TaxedGmbH_IOS-gerngfqzuwudosgobknlgtoawnlj/Build/Intermediates.noindex/TaxedGmbH_IOS.build/Debug-iphoneos/TaxedGmbH_IOS.build/TaxedGmbH_IOS-own-target-headers.hmap -Xcc -I/Users/emanuelflury/Library/Developer/Xcode/DerivedData/TaxedGmbH_IOS-gerngfqzuwudosgobknlgtoawnlj/Build/Intermediates.noindex/TaxedGmbH_IOS.build/Debug-iphoneos/TaxedGmbH_IOS.build/TaxedGmbH_IOS-all-non-framework-target-headers.hmap -Xcc -ivfsoverlay -Xcc /Users/emanuelflury/Library/Developer/Xcode/DerivedData/TaxedGmbH_IOS-gerngfqzuwudosgobknlgtoawnlj/Build/Intermediates.noindex/TaxedGmbH_IOS.build/Debug-iphoneos/TaxedGmbH_IOS-455a548ebb4bd5c370c51b93d3292e34-VFS-iphoneos/all-product-headers.yaml -Xcc -iquote -Xcc /Users/emanuelflury/Library/Developer/Xcode/DerivedData/TaxedGmbH_IOS-gerngfqzuwudosgobknlgtoawnlj/Build/Intermediates.noindex/TaxedGmbH_IOS.build/Debug-iphoneos/TaxedGmbH_IOS.build/TaxedGmbH_IOS-project-headers.hmap -Xcc -I/Users/emanuelflury/Library/Developer/Xcode/DerivedData/TaxedGmbH_IOS-gerngfqzuwudosgobknlgtoawnlj/SourcePackages/checkouts/interop-ios-for-google-sdks/RecaptchaEnterprise/RecaptchaInterop/Public -Xcc -I/Users/emanuelflury/Library/Developer/Xcode/DerivedData/TaxedGmbH_IOS-gerngfqzuwudosgobknlgtoawnlj/SourcePackages/checkouts/firebase-ios-sdk/FirebaseAuth/Sources/Public -Xcc -I/Users/emanuelflury/Library/Developer/Xcode/DerivedData/TaxedGmbH_IOS-gerngfqzuwudosgobknlgtoawnlj/SourcePackages/checkouts/abseil-cpp-binary/absl-Wrapper/include -Xcc -I/Users/emanuelflury/Library/Developer/Xcode/DerivedData/TaxedGmbH_IOS-gerngfqzuwudosgobknlgtoawnlj/SourcePackages/checkouts/grpc-binary/openssl-grpc-Wrapper/include -Xcc -I/Users/emanuelflury/Library/Developer/Xcode/DerivedData/TaxedGmbH_IOS-gerngfqzuwudosgobknlgtoawnlj/SourcePackages/checkouts/grpc-binary/grpc-Wrapper/include -Xcc -I/Users/emanuelflury/Library/Developer/Xcode/DerivedData/TaxedGmbH_IOS-gerngfqzuwudosgobknlgtoawnlj/SourcePackages/checkouts/grpc-binary/grpcpp-Wrapper/include -Xcc -I/Users/emanuelflury/Library/Developer/Xcode/DerivedData/TaxedGmbH_IOS-gerngfqzuwudosgobknlgtoawnlj/SourcePackages/checkouts/leveldb/include -Xcc -I/Users/emanuelflury/Library/Developer/Xcode/DerivedData/TaxedGmbH_IOS-gerngfqzuwudosgobknlgtoawnlj/SourcePackages/checkouts/firebase-ios-sdk/FirebaseFirestoreInternal -Xcc -I/Users/emanuelflury/Library/Developer/Xcode/DerivedData/TaxedGmbH_IOS-gerngfqzuwudosgobknlgtoawnlj/SourcePackages/checkouts/firebase-ios-sdk/SwiftPM-PlatformExclude/FirebaseFirestoreWrap/include -Xcc -I/Users/emanuelflury/Library/Developer/Xcode/DerivedData/TaxedGmbH_IOS-gerngfqzuwudosgobknlgtoawnlj/SourcePackages/checkouts/google-ads-on-device-conversion-ios-sdk/GoogleAdsOnDeviceConversionWrapper/include -Xcc -I/Users/emanuelflury/Library/Developer/Xcode/DerivedData/TaxedGmbH_IOS-gerngfqzuwudosgobknlgtoawnlj/SourcePackages/checkouts/GoogleAppMeasurement/GoogleAppMeasurementWrapper/include -Xcc -I/Users/emanuelflury/Library/Developer/Xcode/DerivedData/TaxedGmbH_IOS-gerngfqzuwudosgobknlgtoawnlj/SourcePackages/checkouts/GoogleUtilities/GoogleUtilities/MethodSwizzler/Public -Xcc -I/Users/emanuelflury/Library/Developer/Xcode/DerivedData/TaxedGmbH_IOS-gerngfqzuwudosgobknlgtoawnlj/SourcePackages/checkouts/firebase-ios-sdk/FirebaseAnalyticsWrapper/include -Xcc -I/Users/emanuelflury/Library/Developer/Xcode/DerivedData/TaxedGmbH_IOS-gerngfqzuwudosgobknlgtoawnlj/SourcePackages/checkouts/firebase-ios-sdk/SwiftPM-PlatformExclude/FirebaseAnalyticsWrap/include -Xcc -I/Users/emanuelflury/Library/Developer/Xcode/DerivedData/TaxedGmbH_IOS-gerngfqzuwudosgobknlgtoawnlj/SourcePackages/checkouts/gtm-session-fetcher/Sources/Core/Public -Xcc -I/Users/emanuelflury/Library/Developer/Xcode/DerivedData/TaxedGmbH_IOS-gerngfqzuwudosgobknlgtoawnlj/SourcePackages/checkouts/firebase-ios-sdk/FirebaseMessaging/Interop -Xcc -I/Users/emanuelflury/Library/Developer/Xcode/DerivedData/TaxedGmbH_IOS-gerngfqzuwudosgobknlgtoawnlj/SourcePackages/checkouts/firebase-ios-sdk/FirebaseCore/Extension -Xcc -I/Users/emanuelflury/Library/Developer/Xcode/DerivedData/TaxedGmbH_IOS-gerngfqzuwudosgobknlgtoawnlj/SourcePackages/checkouts/firebase-ios-sdk/FirebaseAuth/Interop/Public -Xcc -I/Users/emanuelflury/Library/Developer/Xcode/DerivedData/TaxedGmbH_IOS-gerngfqzuwudosgobknlgtoawnlj/SourcePackages/checkouts/firebase-ios-sdk/FirebaseAppCheck/Interop/Public -Xcc -I/Users/emanuelflury/Library/Developer/Xcode/DerivedData/TaxedGmbH_IOS-gerngfqzuwudosgobknlgtoawnlj/SourcePackages/checkouts/promises/Sources/FBLPromises/include -Xcc -I/Users/emanuelflury/Library/Developer/Xcode/DerivedData/TaxedGmbH_IOS-gerngfqzuwudosgobknlgtoawnlj/SourcePackages/checkouts/GoogleUtilities/GoogleUtilities/UserDefaults/Public -Xcc -I/Users/emanuelflury/Library/Developer/Xcode/DerivedData/TaxedGmbH_IOS-gerngfqzuwudosgobknlgtoawnlj/SourcePackages/checkouts/GoogleUtilities/GoogleUtilities/Network/Public -Xcc -I/Users/emanuelflury/Library/Developer/Xcode/DerivedData/TaxedGmbH_IOS-gerngfqzuwudosgobknlgtoawnlj/SourcePackages/checkouts/GoogleUtilities/GoogleUtilities/NSData+zlib/Public -Xcc -I/Users/emanuelflury/Library/Developer/Xcode/DerivedData/TaxedGmbH_IOS-gerngfqzuwudosgobknlgtoawnlj/SourcePackages/checkouts/GoogleUtilities/GoogleUtilities/AppDelegateSwizzler/Public -Xcc -I/Users/emanuelflury/Library/Developer/Xcode/DerivedData/TaxedGmbH_IOS-gerngfqzuwudosgobknlgtoawnlj/SourcePackages/checkouts/GoogleUtilities/GoogleUtilities/Logger/Public -Xcc -I/Users/emanuelflury/Library/Developer/Xcode/DerivedData/TaxedGmbH_IOS-gerngfqzuwudosgobknlgtoawnlj/SourcePackages/checkouts/GoogleUtilities/GoogleUtilities/Environment/Public -Xcc -I/Users/emanuelflury/Library/Developer/Xcode/DerivedData/TaxedGmbH_IOS-gerngfqzuwudosgobknlgtoawnlj/SourcePackages/checkouts/GoogleUtilities/third_party/IsAppEncrypted/Public -Xcc -I/Users/emanuelflury/Library/Developer/Xcode/DerivedData/TaxedGmbH_IOS-gerngfqzuwudosgobknlgtoawnlj/SourcePackages/checkouts/GoogleUtilities/GoogleUtilities/Reachability/Public -Xcc -I/Users/emanuelflury/Library/Developer/Xcode/DerivedData/TaxedGmbH_IOS-gerngfqzuwudosgobknlgtoawnlj/SourcePackages/checkouts/GoogleDataTransport/GoogleDataTransport/GDTCORLibrary/Public -Xcc -I/Users/emanuelflury/Library/Developer/Xcode/DerivedData/TaxedGmbH_IOS-gerngfqzuwudosgobknlgtoawnlj/SourcePackages/checkouts/nanopb/spm_headers -Xcc -I/Users/emanuelflury/Library/Developer/Xcode/DerivedData/TaxedGmbH_IOS-gerngfqzuwudosgobknlgtoawnlj/SourcePackages/checkouts/firebase-ios-sdk/FirebaseInstallations/Source/Library/Public -Xcc -I/Users/emanuelflury/Library/Developer/Xcode/DerivedData/TaxedGmbH_IOS-gerngfqzuwudosgobknlgtoawnlj/SourcePackages/checkouts/firebase-ios-sdk/FirebaseCore/Sources/Public -Xcc -I/Users/emanuelflury/Library/Developer/Xcode/DerivedData/TaxedGmbH_IOS-gerngfqzuwudosgobknlgtoawnlj/SourcePackages/checkouts/firebase-ios-sdk/CoreOnly/Sources -Xcc -I/Users/emanuelflury/Library/Developer/Xcode/DerivedData/TaxedGmbH_IOS-gerngfqzuwudosgobknlgtoawnlj/SourcePackages/checkouts/firebase-ios-sdk/FirebaseMessaging/Sources/Public -Xcc -I/Users/emanuelflury/Library/Developer/Xcode/DerivedData/TaxedGmbH_IOS-gerngfqzuwudosgobknlgtoawnlj/Build/Products/Debug-iphoneos/include -Xcc -I/Users/emanuelflury/Library/Developer/Xcode/DerivedData/TaxedGmbH_IOS-gerngfqzuwudosgobknlgtoawnlj/Build/Intermediates.noindex/TaxedGmbH_IOS.build/Debug-iphoneos/TaxedGmbH_IOS.build/DerivedSources-normal/arm64 -Xcc -I/Users/emanuelflury/Library/Developer/Xcode/DerivedData/TaxedGmbH_IOS-gerngfqzuwudosgobknlgtoawnlj/Build/Intermediates.noindex/TaxedGmbH_IOS.build/Debug-iphoneos/TaxedGmbH_IOS.build/DerivedSources/arm64 -Xcc -I/Users/emanuelflury/Library/Developer/Xcode/DerivedData/TaxedGmbH_IOS-gerngfqzuwudosgobknlgtoawnlj/Build/Intermediates.noindex/TaxedGmbH_IOS.build/Debug-iphoneos/TaxedGmbH_IOS.build/DerivedSources -Xcc -DDEBUG\=1 -emit-objc-header -emit-objc-header-path /Users/emanuelflury/Library/Developer/Xcode/DerivedData/TaxedGmbH_IOS-gerngfqzuwudosgobknlgtoawnlj/Build/Intermediates.noindex/TaxedGmbH_IOS.build/Debug-iphoneos/TaxedGmbH_IOS.build/Objects-normal/arm64/TaxedGmbH_IOS-Swift.h -working-directory /Users/emanuelflury/github/TaxedGmbH_IOS -experimental-emit-module-separately -disable-cmo

SwiftDriverJobDiscovery normal arm64 Compiling TaxedGmbH_IOSApp.swift, AppConstants.swift, TaxFormFieldSeedData.swift, Date+Extensions.swift, DesignTokens.swift, String+Extensions.swift, TaxCategoryType+FormFields.swift, ViewModifiers.swift, FormatterHelper.swift, MediaPicker.swift (in target 'TaxedGmbH_IOS' from project 'TaxedGmbH_IOS')

SwiftDriver\ Compilation FirebaseAuth normal arm64 com.apple.xcode.tools.swift.compiler (in target 'FirebaseAuth' from project 'Firebase')
    cd /Users/emanuelflury/github/TaxedGmbH_IOS/TaxedGmbH_IOS.xcodeproj
    builtin-Swift-Compilation -- /Applications/Xcode.app/Contents/Developer/Toolchains/XcodeDefault.xctoolchain/usr/bin/swiftc -module-name FirebaseAuth -Onone -enforce-exclusivity\=checked @/Users/emanuelflury/Library/Developer/Xcode/DerivedData/TaxedGmbH_IOS-gerngfqzuwudosgobknlgtoawnlj/Build/Intermediates.noindex/Firebase.build/Debug-iphoneos/FirebaseAuth.build/Objects-normal/arm64/FirebaseAuth.SwiftFileList -DSWIFT_PACKAGE -DDEBUG -DSWIFT_MODULE_RESOURCE_BUNDLE_AVAILABLE -Xcc -fmodule-map-file\=/Users/emanuelflury/Library/Developer/Xcode/DerivedData/TaxedGmbH_IOS-gerngfqzuwudosgobknlgtoawnlj/Build/Intermediates.noindex/GeneratedModuleMaps-iphoneos/RecaptchaInterop.modulemap -Xcc -fmodule-map-file\=/Users/emanuelflury/Library/Developer/Xcode/DerivedData/TaxedGmbH_IOS-gerngfqzuwudosgobknlgtoawnlj/Build/Intermediates.noindex/GeneratedModuleMaps-iphoneos/GoogleUtilities-Network.modulemap -Xcc -fmodule-map-file\=/Users/emanuelflury/Library/Developer/Xcode/DerivedData/TaxedGmbH_IOS-gerngfqzuwudosgobknlgtoawnlj/Build/Intermediates.noindex/GeneratedModuleMaps-iphoneos/GoogleUtilities-Reachability.modulemap -Xcc -fmodule-map-file\=/Users/emanuelflury/Library/Developer/Xcode/DerivedData/TaxedGmbH_IOS-gerngfqzuwudosgobknlgtoawnlj/Build/Intermediates.noindex/GeneratedModuleMaps-iphoneos/GoogleUtilities-NSData.modulemap -Xcc -fmodule-map-file\=/Users/emanuelflury/Library/Developer/Xcode/DerivedData/TaxedGmbH_IOS-gerngfqzuwudosgobknlgtoawnlj/Build/Intermediates.noindex/GeneratedModuleMaps-iphoneos/GoogleUtilities-Logger.modulemap -Xcc -fmodule-map-file\=/Users/emanuelflury/Library/Developer/Xcode/DerivedData/TaxedGmbH_IOS-gerngfqzuwudosgobknlgtoawnlj/Build/Intermediates.noindex/GeneratedModuleMaps-iphoneos/GoogleUtilities-Environment.modulemap -Xcc -fmodule-map-file\=/Users/emanuelflury/Library/Developer/Xcode/DerivedData/TaxedGmbH_IOS-gerngfqzuwudosgobknlgtoawnlj/Build/Intermediates.noindex/GeneratedModuleMaps-iphoneos/third-party-IsAppEncrypted.modulemap -Xcc -fmodule-map-file\=/Users/emanuelflury/Library/Developer/Xcode/DerivedData/TaxedGmbH_IOS-gerngfqzuwudosgobknlgtoawnlj/Build/Intermediates.noindex/GeneratedModuleMaps-iphoneos/GoogleUtilities-AppDelegateSwizzler.modulemap -Xcc -fmodule-map-file\=/Users/emanuelflury/Library/Developer/Xcode/DerivedData/TaxedGmbH_IOS-gerngfqzuwudosgobknlgtoawnlj/Build/Intermediates.noindex/GeneratedModuleMaps-iphoneos/GTMSessionFetcherCore.modulemap -Xcc -fmodule-map-file\=/Users/emanuelflury/Library/Developer/Xcode/DerivedData/TaxedGmbH_IOS-gerngfqzuwudosgobknlgtoawnlj/Build/Intermediates.noindex/GeneratedModuleMaps-iphoneos/FirebaseCoreExtension.modulemap -Xcc -fmodule-map-file\=/Users/emanuelflury/Library/Developer/Xcode/DerivedData/TaxedGmbH_IOS-gerngfqzuwudosgobknlgtoawnlj/Build/Intermediates.noindex/GeneratedModuleMaps-iphoneos/FirebaseCore.modulemap -Xcc -fmodule-map-file\=/Users/emanuelflury/Library/Developer/Xcode/DerivedData/TaxedGmbH_IOS-gerngfqzuwudosgobknlgtoawnlj/Build/Intermediates.noindex/GeneratedModuleMaps-iphoneos/FirebaseAuthInternal.modulemap -Xcc -fmodule-map-file\=/Users/emanuelflury/Library/Developer/Xcode/DerivedData/TaxedGmbH_IOS-gerngfqzuwudosgobknlgtoawnlj/Build/Intermediates.noindex/GeneratedModuleMaps-iphoneos/FirebaseAuthInterop.modulemap -Xcc -fmodule-map-file\=/Users/emanuelflury/Library/Developer/Xcode/DerivedData/TaxedGmbH_IOS-gerngfqzuwudosgobknlgtoawnlj/Build/Intermediates.noindex/GeneratedModuleMaps-iphoneos/FirebaseAppCheckInterop.modulemap -DXcode -plugin-path /Applications/Xcode.app/Contents/Developer/Toolchains/XcodeDefault.xctoolchain/usr/lib/swift/host/plugins/testing -enable-experimental-feature DebugDescriptionMacro -sdk /Applications/Xcode.app/Contents/Developer/Platforms/iPhoneOS.platform/Developer/SDKs/iPhoneOS26.1.sdk -target arm64-apple-ios15.0 -g -module-cache-path /Users/emanuelflury/Library/Developer/Xcode/DerivedData/ModuleCache.noindex -Xfrontend -serialize-debugging-options -profile-coverage-mapping -profile-generate -enable-testing -suppress-warnings -index-store-path /Users/emanuelflury/Library/Developer/Xcode/DerivedData/TaxedGmbH_IOS-gerngfqzuwudosgobknlgtoawnlj/Index.noindex/DataStore -Xcc -D_LIBCPP_HARDENING_MODE\=_LIBCPP_HARDENING_MODE_DEBUG -swift-version 5 -I /Users/emanuelflury/Library/Developer/Xcode/DerivedData/TaxedGmbH_IOS-gerngfqzuwudosgobknlgtoawnlj/Build/Products/Debug-iphoneos -Isystem /Applications/Xcode.app/Contents/Developer/Platforms/iPhoneOS.platform/Developer/usr/lib -F /Users/emanuelflury/Library/Developer/Xcode/DerivedData/TaxedGmbH_IOS-gerngfqzuwudosgobknlgtoawnlj/Build/Products/Debug-iphoneos/PackageFrameworks -F /Users/emanuelflury/Library/Developer/Xcode/DerivedData/TaxedGmbH_IOS-gerngfqzuwudosgobknlgtoawnlj/Build/Products/Debug-iphoneos/PackageFrameworks -F /Users/emanuelflury/Library/Developer/Xcode/DerivedData/TaxedGmbH_IOS-gerngfqzuwudosgobknlgtoawnlj/Build/Products/Debug-iphoneos/PackageFrameworks -F /Users/emanuelflury/Library/Developer/Xcode/DerivedData/TaxedGmbH_IOS-gerngfqzuwudosgobknlgtoawnlj/Build/Products/Debug-iphoneos/PackageFrameworks -F /Users/emanuelflury/Library/Developer/Xcode/DerivedData/TaxedGmbH_IOS-gerngfqzuwudosgobknlgtoawnlj/Build/Products/Debug-iphoneos/PackageFrameworks -F /Users/emanuelflury/Library/Developer/Xcode/DerivedData/TaxedGmbH_IOS-gerngfqzuwudosgobknlgtoawnlj/Build/Products/Debug-iphoneos/PackageFrameworks -F /Users/emanuelflury/Library/Developer/Xcode/DerivedData/TaxedGmbH_IOS-gerngfqzuwudosgobknlgtoawnlj/Build/Products/Debug-iphoneos/PackageFrameworks -F /Users/emanuelflury/Library/Developer/Xcode/DerivedData/TaxedGmbH_IOS-gerngfqzuwudosgobknlgtoawnlj/Build/Products/Debug-iphoneos/PackageFrameworks -F /Users/emanuelflury/Library/Developer/Xcode/DerivedData/TaxedGmbH_IOS-gerngfqzuwudosgobknlgtoawnlj/Build/Products/Debug-iphoneos/PackageFrameworks -F /Users/emanuelflury/Library/Developer/Xcode/DerivedData/TaxedGmbH_IOS-gerngfqzuwudosgobknlgtoawnlj/Build/Products/Debug-iphoneos/PackageFrameworks -F /Users/emanuelflury/Library/Developer/Xcode/DerivedData/TaxedGmbH_IOS-gerngfqzuwudosgobknlgtoawnlj/Build/Products/Debug-iphoneos/PackageFrameworks -F /Users/emanuelflury/Library/Developer/Xcode/DerivedData/TaxedGmbH_IOS-gerngfqzuwudosgobknlgtoawnlj/Build/Products/Debug-iphoneos/PackageFrameworks -F /Users/emanuelflury/Library/Developer/Xcode/DerivedData/TaxedGmbH_IOS-gerngfqzuwudosgobknlgtoawnlj/Build/Products/Debug-iphoneos/PackageFrameworks -F /Users/emanuelflury/Library/Developer/Xcode/DerivedData/TaxedGmbH_IOS-gerngfqzuwudosgobknlgtoawnlj/Build/Products/Debug-iphoneos/PackageFrameworks -F /Users/emanuelflury/Library/Developer/Xcode/DerivedData/TaxedGmbH_IOS-gerngfqzuwudosgobknlgtoawnlj/Build/Products/Debug-iphoneos/PackageFrameworks -F /Users/emanuelflury/Library/Developer/Xcode/DerivedData/TaxedGmbH_IOS-gerngfqzuwudosgobknlgtoawnlj/Build/Products/Debug-iphoneos/PackageFrameworks -F /Users/emanuelflury/Library/Developer/Xcode/DerivedData/TaxedGmbH_IOS-gerngfqzuwudosgobknlgtoawnlj/Build/Products/Debug-iphoneos -F /Applications/Xcode.app/Contents/Developer/Platforms/iPhoneOS.platform/Developer/Library/Frameworks -F /Applications/Xcode.app/Contents/Developer/Platforms/iPhoneOS.platform/Developer/SDKs/iPhoneOS26.1.sdk/Developer/Library/Frameworks -c -j12 -enable-batch-mode -incremental -Xcc -ivfsstatcache -Xcc /Users/emanuelflury/Library/Developer/Xcode/DerivedData/SDKStatCaches.noindex/iphoneos26.1-23B77-69b33fc7382b27d9b5d46e82a00f8e78.sdkstatcache -output-file-map /Users/emanuelflury/Library/Developer/Xcode/DerivedData/TaxedGmbH_IOS-gerngfqzuwudosgobknlgtoawnlj/Build/Intermediates.noindex/Firebase.build/Debug-iphoneos/FirebaseAuth.build/Objects-normal/arm64/FirebaseAuth-OutputFileMap.json -use-frontend-parseable-output -save-temps -no-color-diagnostics -explicit-module-build -module-cache-path /Users/emanuelflury/Library/Developer/Xcode/DerivedData/TaxedGmbH_IOS-gerngfqzuwudosgobknlgtoawnlj/Build/Intermediates.noindex/SwiftExplicitPrecompiledModules -clang-scanner-module-cache-path /Users/emanuelflury/Library/Developer/Xcode/DerivedData/ModuleCache.noindex -sdk-module-cache-path /Users/emanuelflury/Library/Developer/Xcode/DerivedData/ModuleCache.noindex -serialize-diagnostics -emit-dependencies -emit-module -emit-module-path /Users/emanuelflury/Library/Developer/Xcode/DerivedData/TaxedGmbH_IOS-gerngfqzuwudosgobknlgtoawnlj/Build/Intermediates.noindex/Firebase.build/Debug-iphoneos/FirebaseAuth.build/Objects-normal/arm64/FirebaseAuth.swiftmodule -user-module-version 12.6.0 -validate-clang-modules-once -clang-build-session-file /Users/emanuelflury/Library/Developer/Xcode/DerivedData/ModuleCache.noindex/Session.modulevalidation -package-name firebase_ios_sdk -Xcc -I/Users/emanuelflury/Library/Developer/Xcode/DerivedData/TaxedGmbH_IOS-gerngfqzuwudosgobknlgtoawnlj/Build/Intermediates.noindex/Firebase.build/Debug-iphoneos/FirebaseAuth.build/swift-overrides.hmap -emit-const-values -Xfrontend -const-gather-protocols-file -Xfrontend /Users/emanuelflury/Library/Developer/Xcode/DerivedData/TaxedGmbH_IOS-gerngfqzuwudosgobknlgtoawnlj/Build/Intermediates.noindex/Firebase.build/Debug-iphoneos/FirebaseAuth.build/Objects-normal/arm64/FirebaseAuth_const_extract_protocols.json -Xcc -I/Users/emanuelflury/Library/Developer/Xcode/DerivedData/TaxedGmbH_IOS-gerngfqzuwudosgobknlgtoawnlj/SourcePackages/checkouts/interop-ios-for-google-sdks/RecaptchaEnterprise/RecaptchaInterop/Public -Xcc -I/Users/emanuelflury/Library/Developer/Xcode/DerivedData/TaxedGmbH_IOS-gerngfqzuwudosgobknlgtoawnlj/SourcePackages/checkouts/GoogleUtilities/GoogleUtilities/Network/Public -Xcc -I/Users/emanuelflury/Library/Developer/Xcode/DerivedData/TaxedGmbH_IOS-gerngfqzuwudosgobknlgtoawnlj/SourcePackages/checkouts/GoogleUtilities/GoogleUtilities/Reachability/Public -Xcc -I/Users/emanuelflury/Library/Developer/Xcode/DerivedData/TaxedGmbH_IOS-gerngfqzuwudosgobknlgtoawnlj/SourcePackages/checkouts/GoogleUtilities/GoogleUtilities/NSData+zlib/Public -Xcc -I/Users/emanuelflury/Library/Developer/Xcode/DerivedData/TaxedGmbH_IOS-gerngfqzuwudosgobknlgtoawnlj/SourcePackages/checkouts/GoogleUtilities/GoogleUtilities/Logger/Public -Xcc -I/Users/emanuelflury/Library/Developer/Xcode/DerivedData/TaxedGmbH_IOS-gerngfqzuwudosgobknlgtoawnlj/SourcePackages/checkouts/GoogleUtilities/GoogleUtilities/Environment/Public -Xcc -I/Users/emanuelflury/Library/Developer/Xcode/DerivedData/TaxedGmbH_IOS-gerngfqzuwudosgobknlgtoawnlj/SourcePackages/checkouts/GoogleUtilities/third_party/IsAppEncrypted/Public -Xcc -I/Users/emanuelflury/Library/Developer/Xcode/DerivedData/TaxedGmbH_IOS-gerngfqzuwudosgobknlgtoawnlj/SourcePackages/checkouts/GoogleUtilities/GoogleUtilities/AppDelegateSwizzler/Public -Xcc -I/Users/emanuelflury/Library/Developer/Xcode/DerivedData/TaxedGmbH_IOS-gerngfqzuwudosgobknlgtoawnlj/SourcePackages/checkouts/gtm-session-fetcher/Sources/Core/Public -Xcc -I/Users/emanuelflury/Library/Developer/Xcode/DerivedData/TaxedGmbH_IOS-gerngfqzuwudosgobknlgtoawnlj/SourcePackages/checkouts/firebase-ios-sdk/FirebaseCore/Extension -Xcc -I/Users/emanuelflury/Library/Developer/Xcode/DerivedData/TaxedGmbH_IOS-gerngfqzuwudosgobknlgtoawnlj/SourcePackages/checkouts/firebase-ios-sdk/FirebaseCore/Sources/Public -Xcc -I/Users/emanuelflury/Library/Developer/Xcode/DerivedData/TaxedGmbH_IOS-gerngfqzuwudosgobknlgtoawnlj/SourcePackages/checkouts/firebase-ios-sdk/CoreOnly/Sources -Xcc -I/Users/emanuelflury/Library/Developer/Xcode/DerivedData/TaxedGmbH_IOS-gerngfqzuwudosgobknlgtoawnlj/SourcePackages/checkouts/firebase-ios-sdk/FirebaseAuth/Sources/Public -Xcc -I/Users/emanuelflury/Library/Developer/Xcode/DerivedData/TaxedGmbH_IOS-gerngfqzuwudosgobknlgtoawnlj/SourcePackages/checkouts/firebase-ios-sdk/FirebaseAuth/Interop/Public -Xcc -I/Users/emanuelflury/Library/Developer/Xcode/DerivedData/TaxedGmbH_IOS-gerngfqzuwudosgobknlgtoawnlj/SourcePackages/checkouts/firebase-ios-sdk/FirebaseAppCheck/Interop/Public -Xcc -I/Users/emanuelflury/Library/Developer/Xcode/DerivedData/TaxedGmbH_IOS-gerngfqzuwudosgobknlgtoawnlj/Build/Products/Debug-iphoneos/include -Xcc -I/Users/emanuelflury/Library/Developer/Xcode/DerivedData/TaxedGmbH_IOS-gerngfqzuwudosgobknlgtoawnlj/Build/Intermediates.noindex/Firebase.build/Debug-iphoneos/FirebaseAuth.build/DerivedSources-normal/arm64 -Xcc -I/Users/emanuelflury/Library/Developer/Xcode/DerivedData/TaxedGmbH_IOS-gerngfqzuwudosgobknlgtoawnlj/Build/Intermediates.noindex/Firebase.build/Debug-iphoneos/FirebaseAuth.build/DerivedSources/arm64 -Xcc -I/Users/emanuelflury/Library/Developer/Xcode/DerivedData/TaxedGmbH_IOS-gerngfqzuwudosgobknlgtoawnlj/Build/Intermediates.noindex/Firebase.build/Debug-iphoneos/FirebaseAuth.build/DerivedSources -Xcc -DSWIFT_PACKAGE -Xcc -DDEBUG\=1 -emit-objc-header -emit-objc-header-path /Users/emanuelflury/Library/Developer/Xcode/DerivedData/TaxedGmbH_IOS-gerngfqzuwudosgobknlgtoawnlj/Build/Intermediates.noindex/Firebase.build/Debug-iphoneos/FirebaseAuth.build/Objects-normal/arm64/FirebaseAuth-Swift.h -working-directory /Users/emanuelflury/github/TaxedGmbH_IOS/TaxedGmbH_IOS.xcodeproj -experimental-emit-module-separately -disable-cmo

SwiftMergeGeneratedHeaders /Users/emanuelflury/Library/Developer/Xcode/DerivedData/TaxedGmbH_IOS-gerngfqzuwudosgobknlgtoawnlj/Build/Intermediates.noindex/TaxedGmbH_IOS.build/Debug-iphoneos/TaxedGmbH_IOS.build/DerivedSources/TaxedGmbH_IOS-Swift.h /Users/emanuelflury/Library/Developer/Xcode/DerivedData/TaxedGmbH_IOS-gerngfqzuwudosgobknlgtoawnlj/Build/Intermediates.noindex/TaxedGmbH_IOS.build/Debug-iphoneos/TaxedGmbH_IOS.build/Objects-normal/arm64/TaxedGmbH_IOS-Swift.h (in target 'TaxedGmbH_IOS' from project 'TaxedGmbH_IOS')
    cd /Users/emanuelflury/github/TaxedGmbH_IOS
    builtin-swiftHeaderTool -arch arm64 /Users/emanuelflury/Library/Developer/Xcode/DerivedData/TaxedGmbH_IOS-gerngfqzuwudosgobknlgtoawnlj/Build/Intermediates.noindex/TaxedGmbH_IOS.build/Debug-iphoneos/TaxedGmbH_IOS.build/Objects-normal/arm64/TaxedGmbH_IOS-Swift.h -o /Users/emanuelflury/Library/Developer/Xcode/DerivedData/TaxedGmbH_IOS-gerngfqzuwudosgobknlgtoawnlj/Build/Intermediates.noindex/TaxedGmbH_IOS.build/Debug-iphoneos/TaxedGmbH_IOS.build/DerivedSources/TaxedGmbH_IOS-Swift.h

Copy /Users/emanuelflury/Library/Developer/Xcode/DerivedData/TaxedGmbH_IOS-gerngfqzuwudosgobknlgtoawnlj/Build/Products/Debug-iphoneos/TaxedGmbH_IOS.swiftmodule/arm64-apple-ios.swiftmodule /Users/emanuelflury/Library/Developer/Xcode/DerivedData/TaxedGmbH_IOS-gerngfqzuwudosgobknlgtoawnlj/Build/Intermediates.noindex/TaxedGmbH_IOS.build/Debug-iphoneos/TaxedGmbH_IOS.build/Objects-normal/arm64/TaxedGmbH_IOS.swiftmodule (in target 'TaxedGmbH_IOS' from project 'TaxedGmbH_IOS')
    cd /Users/emanuelflury/github/TaxedGmbH_IOS
    builtin-copy -exclude .DS_Store -exclude CVS -exclude .svn -exclude .git -exclude .hg -resolve-src-symlinks -rename /Users/emanuelflury/Library/Developer/Xcode/DerivedData/TaxedGmbH_IOS-gerngfqzuwudosgobknlgtoawnlj/Build/Intermediates.noindex/TaxedGmbH_IOS.build/Debug-iphoneos/TaxedGmbH_IOS.build/Objects-normal/arm64/TaxedGmbH_IOS.swiftmodule /Users/emanuelflury/Library/Developer/Xcode/DerivedData/TaxedGmbH_IOS-gerngfqzuwudosgobknlgtoawnlj/Build/Products/Debug-iphoneos/TaxedGmbH_IOS.swiftmodule/arm64-apple-ios.swiftmodule

Copy /Users/emanuelflury/Library/Developer/Xcode/DerivedData/TaxedGmbH_IOS-gerngfqzuwudosgobknlgtoawnlj/Build/Products/Debug-iphoneos/TaxedGmbH_IOS.swiftmodule/arm64-apple-ios.swiftdoc /Users/emanuelflury/Library/Developer/Xcode/DerivedData/TaxedGmbH_IOS-gerngfqzuwudosgobknlgtoawnlj/Build/Intermediates.noindex/TaxedGmbH_IOS.build/Debug-iphoneos/TaxedGmbH_IOS.build/Objects-normal/arm64/TaxedGmbH_IOS.swiftdoc (in target 'TaxedGmbH_IOS' from project 'TaxedGmbH_IOS')
    cd /Users/emanuelflury/github/TaxedGmbH_IOS
    builtin-copy -exclude .DS_Store -exclude CVS -exclude .svn -exclude .git -exclude .hg -resolve-src-symlinks -rename /Users/emanuelflury/Library/Developer/Xcode/DerivedData/TaxedGmbH_IOS-gerngfqzuwudosgobknlgtoawnlj/Build/Intermediates.noindex/TaxedGmbH_IOS.build/Debug-iphoneos/TaxedGmbH_IOS.build/Objects-normal/arm64/TaxedGmbH_IOS.swiftdoc /Users/emanuelflury/Library/Developer/Xcode/DerivedData/TaxedGmbH_IOS-gerngfqzuwudosgobknlgtoawnlj/Build/Products/Debug-iphoneos/TaxedGmbH_IOS.swiftmodule/arm64-apple-ios.swiftdoc

Copy /Users/emanuelflury/Library/Developer/Xcode/DerivedData/TaxedGmbH_IOS-gerngfqzuwudosgobknlgtoawnlj/Build/Products/Debug-iphoneos/TaxedGmbH_IOS.swiftmodule/arm64-apple-ios.abi.json /Users/emanuelflury/Library/Developer/Xcode/DerivedData/TaxedGmbH_IOS-gerngfqzuwudosgobknlgtoawnlj/Build/Intermediates.noindex/TaxedGmbH_IOS.build/Debug-iphoneos/TaxedGmbH_IOS.build/Objects-normal/arm64/TaxedGmbH_IOS.abi.json (in target 'TaxedGmbH_IOS' from project 'TaxedGmbH_IOS')
    cd /Users/emanuelflury/github/TaxedGmbH_IOS
    builtin-copy -exclude .DS_Store -exclude CVS -exclude .svn -exclude .git -exclude .hg -resolve-src-symlinks -rename /Users/emanuelflury/Library/Developer/Xcode/DerivedData/TaxedGmbH_IOS-gerngfqzuwudosgobknlgtoawnlj/Build/Intermediates.noindex/TaxedGmbH_IOS.build/Debug-iphoneos/TaxedGmbH_IOS.build/Objects-normal/arm64/TaxedGmbH_IOS.abi.json /Users/emanuelflury/Library/Developer/Xcode/DerivedData/TaxedGmbH_IOS-gerngfqzuwudosgobknlgtoawnlj/Build/Products/Debug-iphoneos/TaxedGmbH_IOS.swiftmodule/arm64-apple-ios.abi.json

Copy /Users/emanuelflury/Library/Developer/Xcode/DerivedData/TaxedGmbH_IOS-gerngfqzuwudosgobknlgtoawnlj/Build/Products/Debug-iphoneos/TaxedGmbH_IOS.swiftmodule/Project/arm64-apple-ios.swiftsourceinfo /Users/emanuelflury/Library/Developer/Xcode/DerivedData/TaxedGmbH_IOS-gerngfqzuwudosgobknlgtoawnlj/Build/Intermediates.noindex/TaxedGmbH_IOS.build/Debug-iphoneos/TaxedGmbH_IOS.build/Objects-normal/arm64/TaxedGmbH_IOS.swiftsourceinfo (in target 'TaxedGmbH_IOS' from project 'TaxedGmbH_IOS')
    cd /Users/emanuelflury/github/TaxedGmbH_IOS
    builtin-copy -exclude .DS_Store -exclude CVS -exclude .svn -exclude .git -exclude .hg -resolve-src-symlinks -rename /Users/emanuelflury/Library/Developer/Xcode/DerivedData/TaxedGmbH_IOS-gerngfqzuwudosgobknlgtoawnlj/Build/Intermediates.noindex/TaxedGmbH_IOS.build/Debug-iphoneos/TaxedGmbH_IOS.build/Objects-normal/arm64/TaxedGmbH_IOS.swiftsourceinfo /Users/emanuelflury/Library/Developer/Xcode/DerivedData/TaxedGmbH_IOS-gerngfqzuwudosgobknlgtoawnlj/Build/Products/Debug-iphoneos/TaxedGmbH_IOS.swiftmodule/Project/arm64-apple-ios.swiftsourceinfo

Ld /Users/emanuelflury/Library/Developer/Xcode/DerivedData/TaxedGmbH_IOS-gerngfqzuwudosgobknlgtoawnlj/Build/Products/Debug-iphoneos/FirebaseAuth.o normal (in target 'FirebaseAuth' from project 'Firebase')
    cd /Users/emanuelflury/Library/Developer/Xcode/DerivedData/TaxedGmbH_IOS-gerngfqzuwudosgobknlgtoawnlj/SourcePackages/checkouts/firebase-ios-sdk
    /Applications/Xcode.app/Contents/Developer/Toolchains/XcodeDefault.xctoolchain/usr/bin/clang -Xlinker -reproducible -target arm64-apple-ios15.0 -r -isysroot /Applications/Xcode.app/Contents/Developer/Platforms/iPhoneOS.platform/Developer/SDKs/iPhoneOS26.1.sdk -O0 -w -L/Users/emanuelflury/Library/Developer/Xcode/DerivedData/TaxedGmbH_IOS-gerngfqzuwudosgobknlgtoawnlj/Build/Intermediates.noindex/EagerLinkingTBDs/Debug-iphoneos -L/Users/emanuelflury/Library/Developer/Xcode/DerivedData/TaxedGmbH_IOS-gerngfqzuwudosgobknlgtoawnlj/Build/Products/Debug-iphoneos -L/Applications/Xcode.app/Contents/Developer/Platforms/iPhoneOS.platform/Developer/usr/lib -F/Users/emanuelflury/Library/Developer/Xcode/DerivedData/TaxedGmbH_IOS-gerngfqzuwudosgobknlgtoawnlj/Build/Intermediates.noindex/EagerLinkingTBDs/Debug-iphoneos -F/Users/emanuelflury/Library/Developer/Xcode/DerivedData/TaxedGmbH_IOS-gerngfqzuwudosgobknlgtoawnlj/Build/Products/Debug-iphoneos/PackageFrameworks -F/Users/emanuelflury/Library/Developer/Xcode/DerivedData/TaxedGmbH_IOS-gerngfqzuwudosgobknlgtoawnlj/Build/Products/Debug-iphoneos/PackageFrameworks -F/Users/emanuelflury/Library/Developer/Xcode/DerivedData/TaxedGmbH_IOS-gerngfqzuwudosgobknlgtoawnlj/Build/Products/Debug-iphoneos/PackageFrameworks -F/Users/emanuelflury/Library/Developer/Xcode/DerivedData/TaxedGmbH_IOS-gerngfqzuwudosgobknlgtoawnlj/Build/Products/Debug-iphoneos/PackageFrameworks -F/Users/emanuelflury/Library/Developer/Xcode/DerivedData/TaxedGmbH_IOS-gerngfqzuwudosgobknlgtoawnlj/Build/Products/Debug-iphoneos/PackageFrameworks -F/Users/emanuelflury/Library/Developer/Xcode/DerivedData/TaxedGmbH_IOS-gerngfqzuwudosgobknlgtoawnlj/Build/Products/Debug-iphoneos/PackageFrameworks -F/Users/emanuelflury/Library/Developer/Xcode/DerivedData/TaxedGmbH_IOS-gerngfqzuwudosgobknlgtoawnlj/Build/Products/Debug-iphoneos/PackageFrameworks -F/Users/emanuelflury/Library/Developer/Xcode/DerivedData/TaxedGmbH_IOS-gerngfqzuwudosgobknlgtoawnlj/Build/Products/Debug-iphoneos/PackageFrameworks -F/Users/emanuelflury/Library/Developer/Xcode/DerivedData/TaxedGmbH_IOS-gerngfqzuwudosgobknlgtoawnlj/Build/Products/Debug-iphoneos/PackageFrameworks -F/Users/emanuelflury/Library/Developer/Xcode/DerivedData/TaxedGmbH_IOS-gerngfqzuwudosgobknlgtoawnlj/Build/Products/Debug-iphoneos/PackageFrameworks -F/Users/emanuelflury/Library/Developer/Xcode/DerivedData/TaxedGmbH_IOS-gerngfqzuwudosgobknlgtoawnlj/Build/Products/Debug-iphoneos/PackageFrameworks -F/Users/emanuelflury/Library/Developer/Xcode/DerivedData/TaxedGmbH_IOS-gerngfqzuwudosgobknlgtoawnlj/Build/Products/Debug-iphoneos/PackageFrameworks -F/Users/emanuelflury/Library/Developer/Xcode/DerivedData/TaxedGmbH_IOS-gerngfqzuwudosgobknlgtoawnlj/Build/Products/Debug-iphoneos/PackageFrameworks -F/Users/emanuelflury/Library/Developer/Xcode/DerivedData/TaxedGmbH_IOS-gerngfqzuwudosgobknlgtoawnlj/Build/Products/Debug-iphoneos/PackageFrameworks -F/Users/emanuelflury/Library/Developer/Xcode/DerivedData/TaxedGmbH_IOS-gerngfqzuwudosgobknlgtoawnlj/Build/Products/Debug-iphoneos/PackageFrameworks -F/Users/emanuelflury/Library/Developer/Xcode/DerivedData/TaxedGmbH_IOS-gerngfqzuwudosgobknlgtoawnlj/Build/Products/Debug-iphoneos/PackageFrameworks -F/Users/emanuelflury/Library/Developer/Xcode/DerivedData/TaxedGmbH_IOS-gerngfqzuwudosgobknlgtoawnlj/Build/Products/Debug-iphoneos -iframework /Applications/Xcode.app/Contents/Developer/Platforms/iPhoneOS.platform/Developer/Library/Frameworks -iframework /Applications/Xcode.app/Contents/Developer/Platforms/iPhoneOS.platform/Developer/SDKs/iPhoneOS26.1.sdk/Developer/Library/Frameworks -filelist /Users/emanuelflury/Library/Developer/Xcode/DerivedData/TaxedGmbH_IOS-gerngfqzuwudosgobknlgtoawnlj/Build/Intermediates.noindex/Firebase.build/Debug-iphoneos/FirebaseAuth.build/Objects-normal/arm64/FirebaseAuth.LinkFileList -nostdlib -Xlinker -object_path_lto -Xlinker /Users/emanuelflury/Library/Developer/Xcode/DerivedData/TaxedGmbH_IOS-gerngfqzuwudosgobknlgtoawnlj/Build/Intermediates.noindex/Firebase.build/Debug-iphoneos/FirebaseAuth.build/Objects-normal/arm64/FirebaseAuth_lto.o -rdynamic -Xlinker -no_deduplicate -Xlinker -debug_variant -Xlinker -dependency_info -Xlinker /Users/emanuelflury/Library/Developer/Xcode/DerivedData/TaxedGmbH_IOS-gerngfqzuwudosgobknlgtoawnlj/Build/Intermediates.noindex/Firebase.build/Debug-iphoneos/FirebaseAuth.build/Objects-normal/arm64/FirebaseAuth_dependency_info.dat -fobjc-link-runtime -L/Applications/Xcode.app/Contents/Developer/Toolchains/XcodeDefault.xctoolchain/usr/lib/swift/iphoneos -L/usr/lib/swift -Xlinker -add_ast_path -Xlinker /Users/emanuelflury/Library/Developer/Xcode/DerivedData/TaxedGmbH_IOS-gerngfqzuwudosgobknlgtoawnlj/Build/Intermediates.noindex/Firebase.build/Debug-iphoneos/FirebaseAuth.build/Objects-normal/arm64/FirebaseAuth.swiftmodule @/Users/emanuelflury/Library/Developer/Xcode/DerivedData/TaxedGmbH_IOS-gerngfqzuwudosgobknlgtoawnlj/Build/Intermediates.noindex/Firebase.build/Debug-iphoneos/FirebaseAuth.build/Objects-normal/arm64/FirebaseAuth-linker-args.resp -o /Users/emanuelflury/Library/Developer/Xcode/DerivedData/TaxedGmbH_IOS-gerngfqzuwudosgobknlgtoawnlj/Build/Products/Debug-iphoneos/FirebaseAuth.o

ExtractAppIntentsMetadata (in target 'FirebaseAuth' from project 'Firebase')
    cd /Users/emanuelflury/Library/Developer/Xcode/DerivedData/TaxedGmbH_IOS-gerngfqzuwudosgobknlgtoawnlj/SourcePackages/checkouts/firebase-ios-sdk
    /Applications/Xcode.app/Contents/Developer/Toolchains/XcodeDefault.xctoolchain/usr/bin/appintentsmetadataprocessor --toolchain-dir /Applications/Xcode.app/Contents/Developer/Toolchains/XcodeDefault.xctoolchain --module-name FirebaseAuth --sdk-root /Applications/Xcode.app/Contents/Developer/Platforms/iPhoneOS.platform/Developer/SDKs/iPhoneOS26.1.sdk --xcode-version 17B55 --platform-family iOS --deployment-target 15.0 --bundle-identifier firebase-ios-sdk.FirebaseAuth --output /Users/emanuelflury/Library/Developer/Xcode/DerivedData/TaxedGmbH_IOS-gerngfqzuwudosgobknlgtoawnlj/Build/Products/Debug-iphoneos/FirebaseAuth.appintents --target-triple arm64-apple-ios15.0 --binary-file /Users/emanuelflury/Library/Developer/Xcode/DerivedData/TaxedGmbH_IOS-gerngfqzuwudosgobknlgtoawnlj/Build/Products/Debug-iphoneos/FirebaseAuth.o --dependency-file /Users/emanuelflury/Library/Developer/Xcode/DerivedData/TaxedGmbH_IOS-gerngfqzuwudosgobknlgtoawnlj/Build/Intermediates.noindex/Firebase.build/Debug-iphoneos/FirebaseAuth.build/Objects-normal/arm64/FirebaseAuth_dependency_info.dat --stringsdata-file /Users/emanuelflury/Library/Developer/Xcode/DerivedData/TaxedGmbH_IOS-gerngfqzuwudosgobknlgtoawnlj/Build/Intermediates.noindex/Firebase.build/Debug-iphoneos/FirebaseAuth.build/Objects-normal/arm64/ExtractedAppShortcutsMetadata.stringsdata --source-file-list /Users/emanuelflury/Library/Developer/Xcode/DerivedData/TaxedGmbH_IOS-gerngfqzuwudosgobknlgtoawnlj/Build/Intermediates.noindex/Firebase.build/Debug-iphoneos/FirebaseAuth.build/Objects-normal/arm64/FirebaseAuth.SwiftFileList --metadata-file-list /Users/emanuelflury/Library/Developer/Xcode/DerivedData/TaxedGmbH_IOS-gerngfqzuwudosgobknlgtoawnlj/Build/Intermediates.noindex/Firebase.build/Debug-iphoneos/FirebaseAuth.build/FirebaseAuth.DependencyMetadataFileList --static-metadata-file-list /Users/emanuelflury/Library/Developer/Xcode/DerivedData/TaxedGmbH_IOS-gerngfqzuwudosgobknlgtoawnlj/Build/Intermediates.noindex/Firebase.build/Debug-iphoneos/FirebaseAuth.build/FirebaseAuth.DependencyStaticMetadataFileList --swift-const-vals-list /Users/emanuelflury/Library/Developer/Xcode/DerivedData/TaxedGmbH_IOS-gerngfqzuwudosgobknlgtoawnlj/Build/Intermediates.noindex/Firebase.build/Debug-iphoneos/FirebaseAuth.build/Objects-normal/arm64/FirebaseAuth.SwiftConstValuesFileList --force --compile-time-extraction --deployment-aware-processing --validate-assistant-intents --no-app-shortcuts-localization
2025-12-04 19:37:57.797 appintentsmetadataprocessor[95898:1039146] Starting appintentsmetadataprocessor export
2025-12-04 19:37:58.342 appintentsmetadataprocessor[95898:1039146] Extracted no relevant App Intents symbols, skipping writing output

SwiftDriverJobDiscovery normal arm64 Compiling SpeechRecognitionService.swift, StorageService.swift, TaxFormFieldService.swift, TaxIndexService.swift, ThemeManager.swift, WorkspaceManager.swift, AccessibilityModifiers.swift, ArrayExtensions.swift, ErrorHandler.swift (in target 'TaxedGmbH_IOS' from project 'TaxedGmbH_IOS')

RegisterExecutionPolicyException /Users/emanuelflury/Library/Developer/Xcode/DerivedData/TaxedGmbH_IOS-gerngfqzuwudosgobknlgtoawnlj/Build/Products/Debug-iphoneos/FirebaseAuth.o (in target 'FirebaseAuth' from project 'Firebase')
    cd /Users/emanuelflury/Library/Developer/Xcode/DerivedData/TaxedGmbH_IOS-gerngfqzuwudosgobknlgtoawnlj/SourcePackages/checkouts/firebase-ios-sdk
    builtin-RegisterExecutionPolicyException /Users/emanuelflury/Library/Developer/Xcode/DerivedData/TaxedGmbH_IOS-gerngfqzuwudosgobknlgtoawnlj/Build/Products/Debug-iphoneos/FirebaseAuth.o

CpResource /Users/emanuelflury/Library/Developer/Xcode/DerivedData/TaxedGmbH_IOS-gerngfqzuwudosgobknlgtoawnlj/Build/Products/Debug-iphoneos/TaxedGmbH_IOS.app/settings.local.json /Users/emanuelflury/github/TaxedGmbH_IOS/TaxedGmbH_IOS/.claude/settings.local.json (in target 'TaxedGmbH_IOS' from project 'TaxedGmbH_IOS')
    cd /Users/emanuelflury/github/TaxedGmbH_IOS
    builtin-copy -exclude .DS_Store -exclude CVS -exclude .svn -exclude .git -exclude .hg -resolve-src-symlinks /Users/emanuelflury/github/TaxedGmbH_IOS/TaxedGmbH_IOS/.claude/settings.local.json /Users/emanuelflury/Library/Developer/Xcode/DerivedData/TaxedGmbH_IOS-gerngfqzuwudosgobknlgtoawnlj/Build/Products/Debug-iphoneos/TaxedGmbH_IOS.app

CpResource /Users/emanuelflury/Library/Developer/Xcode/DerivedData/TaxedGmbH_IOS-gerngfqzuwudosgobknlgtoawnlj/Build/Products/Debug-iphoneos/TaxedGmbH_IOS.app/WorkspaceManager.swift.backup /Users/emanuelflury/github/TaxedGmbH_IOS/TaxedGmbH_IOS/Services/WorkspaceManager.swift.backup (in target 'TaxedGmbH_IOS' from project 'TaxedGmbH_IOS')
    cd /Users/emanuelflury/github/TaxedGmbH_IOS
    builtin-copy -exclude .DS_Store -exclude CVS -exclude .svn -exclude .git -exclude .hg -resolve-src-symlinks /Users/emanuelflury/github/TaxedGmbH_IOS/TaxedGmbH_IOS/Services/WorkspaceManager.swift.backup /Users/emanuelflury/Library/Developer/Xcode/DerivedData/TaxedGmbH_IOS-gerngfqzuwudosgobknlgtoawnlj/Build/Products/Debug-iphoneos/TaxedGmbH_IOS.app

Ld /Users/emanuelflury/Library/Developer/Xcode/DerivedData/TaxedGmbH_IOS-gerngfqzuwudosgobknlgtoawnlj/Build/Products/Debug-iphoneos/TaxedGmbH_IOS.app/__preview.dylib normal (in target 'TaxedGmbH_IOS' from project 'TaxedGmbH_IOS')
    cd /Users/emanuelflury/github/TaxedGmbH_IOS
    /Applications/Xcode.app/Contents/Developer/Toolchains/XcodeDefault.xctoolchain/usr/bin/clang -Xlinker -reproducible -target arm64-apple-ios17.0 -dynamiclib -isysroot /Applications/Xcode.app/Contents/Developer/Platforms/iPhoneOS.platform/Developer/SDKs/iPhoneOS26.1.sdk -O0 -L/Users/emanuelflury/Library/Developer/Xcode/DerivedData/TaxedGmbH_IOS-gerngfqzuwudosgobknlgtoawnlj/Build/Products/Debug-iphoneos -F/Users/emanuelflury/Library/Developer/Xcode/DerivedData/TaxedGmbH_IOS-gerngfqzuwudosgobknlgtoawnlj/Build/Products/Debug-iphoneos/PackageFrameworks -F/Users/emanuelflury/Library/Developer/Xcode/DerivedData/TaxedGmbH_IOS-gerngfqzuwudosgobknlgtoawnlj/Build/Products/Debug-iphoneos/PackageFrameworks -F/Users/emanuelflury/Library/Developer/Xcode/DerivedData/TaxedGmbH_IOS-gerngfqzuwudosgobknlgtoawnlj/Build/Products/Debug-iphoneos/PackageFrameworks -F/Users/emanuelflury/Library/Developer/Xcode/DerivedData/TaxedGmbH_IOS-gerngfqzuwudosgobknlgtoawnlj/Build/Products/Debug-iphoneos/PackageFrameworks -F/Users/emanuelflury/Library/Developer/Xcode/DerivedData/TaxedGmbH_IOS-gerngfqzuwudosgobknlgtoawnlj/Build/Products/Debug-iphoneos/PackageFrameworks -F/Users/emanuelflury/Library/Developer/Xcode/DerivedData/TaxedGmbH_IOS-gerngfqzuwudosgobknlgtoawnlj/Build/Products/Debug-iphoneos/PackageFrameworks -F/Users/emanuelflury/Library/Developer/Xcode/DerivedData/TaxedGmbH_IOS-gerngfqzuwudosgobknlgtoawnlj/Build/Products/Debug-iphoneos/PackageFrameworks -F/Users/emanuelflury/Library/Developer/Xcode/DerivedData/TaxedGmbH_IOS-gerngfqzuwudosgobknlgtoawnlj/Build/Products/Debug-iphoneos/PackageFrameworks -F/Users/emanuelflury/Library/Developer/Xcode/DerivedData/TaxedGmbH_IOS-gerngfqzuwudosgobknlgtoawnlj/Build/Products/Debug-iphoneos/PackageFrameworks -F/Users/emanuelflury/Library/Developer/Xcode/DerivedData/TaxedGmbH_IOS-gerngfqzuwudosgobknlgtoawnlj/Build/Products/Debug-iphoneos/PackageFrameworks -F/Users/emanuelflury/Library/Developer/Xcode/DerivedData/TaxedGmbH_IOS-gerngfqzuwudosgobknlgtoawnlj/Build/Products/Debug-iphoneos/PackageFrameworks -F/Users/emanuelflury/Library/Developer/Xcode/DerivedData/TaxedGmbH_IOS-gerngfqzuwudosgobknlgtoawnlj/Build/Products/Debug-iphoneos/PackageFrameworks -F/Users/emanuelflury/Library/Developer/Xcode/DerivedData/TaxedGmbH_IOS-gerngfqzuwudosgobknlgtoawnlj/Build/Products/Debug-iphoneos/PackageFrameworks -F/Users/emanuelflury/Library/Developer/Xcode/DerivedData/TaxedGmbH_IOS-gerngfqzuwudosgobknlgtoawnlj/Build/Products/Debug-iphoneos/PackageFrameworks -F/Users/emanuelflury/Library/Developer/Xcode/DerivedData/TaxedGmbH_IOS-gerngfqzuwudosgobknlgtoawnlj/Build/Products/Debug-iphoneos/PackageFrameworks -F/Users/emanuelflury/Library/Developer/Xcode/DerivedData/TaxedGmbH_IOS-gerngfqzuwudosgobknlgtoawnlj/Build/Products/Debug-iphoneos/PackageFrameworks -F/Users/emanuelflury/Library/Developer/Xcode/DerivedData/TaxedGmbH_IOS-gerngfqzuwudosgobknlgtoawnlj/Build/Products/Debug-iphoneos/PackageFrameworks -F/Users/emanuelflury/Library/Developer/Xcode/DerivedData/TaxedGmbH_IOS-gerngfqzuwudosgobknlgtoawnlj/Build/Products/Debug-iphoneos/PackageFrameworks -F/Users/emanuelflury/Library/Developer/Xcode/DerivedData/TaxedGmbH_IOS-gerngfqzuwudosgobknlgtoawnlj/Build/Products/Debug-iphoneos/PackageFrameworks -F/Users/emanuelflury/Library/Developer/Xcode/DerivedData/TaxedGmbH_IOS-gerngfqzuwudosgobknlgtoawnlj/Build/Products/Debug-iphoneos/PackageFrameworks -F/Users/emanuelflury/Library/Developer/Xcode/DerivedData/TaxedGmbH_IOS-gerngfqzuwudosgobknlgtoawnlj/Build/Products/Debug-iphoneos/PackageFrameworks -F/Users/emanuelflury/Library/Developer/Xcode/DerivedData/TaxedGmbH_IOS-gerngfqzuwudosgobknlgtoawnlj/Build/Products/Debug-iphoneos/PackageFrameworks -F/Users/emanuelflury/Library/Developer/Xcode/DerivedData/TaxedGmbH_IOS-gerngfqzuwudosgobknlgtoawnlj/Build/Products/Debug-iphoneos/PackageFrameworks -F/Users/emanuelflury/Library/Developer/Xcode/DerivedData/TaxedGmbH_IOS-gerngfqzuwudosgobknlgtoawnlj/Build/Products/Debug-iphoneos/PackageFrameworks -F/Users/emanuelflury/Library/Developer/Xcode/DerivedData/TaxedGmbH_IOS-gerngfqzuwudosgobknlgtoawnlj/Build/Products/Debug-iphoneos/PackageFrameworks -F/Users/emanuelflury/Library/Developer/Xcode/DerivedData/TaxedGmbH_IOS-gerngfqzuwudosgobknlgtoawnlj/Build/Products/Debug-iphoneos/PackageFrameworks -F/Users/emanuelflury/Library/Developer/Xcode/DerivedData/TaxedGmbH_IOS-gerngfqzuwudosgobknlgtoawnlj/Build/Products/Debug-iphoneos/PackageFrameworks -F/Users/emanuelflury/Library/Developer/Xcode/DerivedData/TaxedGmbH_IOS-gerngfqzuwudosgobknlgtoawnlj/Build/Products/Debug-iphoneos/PackageFrameworks -F/Users/emanuelflury/Library/Developer/Xcode/DerivedData/TaxedGmbH_IOS-gerngfqzuwudosgobknlgtoawnlj/Build/Products/Debug-iphoneos/PackageFrameworks -F/Users/emanuelflury/Library/Developer/Xcode/DerivedData/TaxedGmbH_IOS-gerngfqzuwudosgobknlgtoawnlj/Build/Products/Debug-iphoneos/PackageFrameworks -F/Users/emanuelflury/Library/Developer/Xcode/DerivedData/TaxedGmbH_IOS-gerngfqzuwudosgobknlgtoawnlj/Build/Products/Debug-iphoneos/PackageFrameworks -F/Users/emanuelflury/Library/Developer/Xcode/DerivedData/TaxedGmbH_IOS-gerngfqzuwudosgobknlgtoawnlj/Build/Products/Debug-iphoneos/PackageFrameworks -F/Users/emanuelflury/Library/Developer/Xcode/DerivedData/TaxedGmbH_IOS-gerngfqzuwudosgobknlgtoawnlj/Build/Products/Debug-iphoneos/PackageFrameworks -F/Users/emanuelflury/Library/Developer/Xcode/DerivedData/TaxedGmbH_IOS-gerngfqzuwudosgobknlgtoawnlj/Build/Products/Debug-iphoneos/PackageFrameworks -F/Users/emanuelflury/Library/Developer/Xcode/DerivedData/TaxedGmbH_IOS-gerngfqzuwudosgobknlgtoawnlj/Build/Products/Debug-iphoneos/PackageFrameworks -F/Users/emanuelflury/Library/Developer/Xcode/DerivedData/TaxedGmbH_IOS-gerngfqzuwudosgobknlgtoawnlj/Build/Products/Debug-iphoneos/PackageFrameworks -F/Users/emanuelflury/Library/Developer/Xcode/DerivedData/TaxedGmbH_IOS-gerngfqzuwudosgobknlgtoawnlj/Build/Products/Debug-iphoneos/PackageFrameworks -F/Users/emanuelflury/Library/Developer/Xcode/DerivedData/TaxedGmbH_IOS-gerngfqzuwudosgobknlgtoawnlj/Build/Products/Debug-iphoneos/PackageFrameworks -F/Users/emanuelflury/Library/Developer/Xcode/DerivedData/TaxedGmbH_IOS-gerngfqzuwudosgobknlgtoawnlj/Build/Products/Debug-iphoneos/PackageFrameworks -F/Users/emanuelflury/Library/Developer/Xcode/DerivedData/TaxedGmbH_IOS-gerngfqzuwudosgobknlgtoawnlj/Build/Products/Debug-iphoneos/PackageFrameworks -F/Users/emanuelflury/Library/Developer/Xcode/DerivedData/TaxedGmbH_IOS-gerngfqzuwudosgobknlgtoawnlj/Build/Products/Debug-iphoneos -install_name @rpath/TaxedGmbH_IOS.debug.dylib -dead_strip -rdynamic -Xlinker -no_deduplicate -Xlinker -debug_variant -Xlinker -dependency_info -Xlinker /Users/emanuelflury/Library/Developer/Xcode/DerivedData/TaxedGmbH_IOS-gerngfqzuwudosgobknlgtoawnlj/Build/Intermediates.noindex/TaxedGmbH_IOS.build/Debug-iphoneos/TaxedGmbH_IOS.build/Objects-normal/arm64/TaxedGmbH_IOS_dependency_info.dat -Xlinker -no_adhoc_codesign -o /Users/emanuelflury/Library/Developer/Xcode/DerivedData/TaxedGmbH_IOS-gerngfqzuwudosgobknlgtoawnlj/Build/Products/Debug-iphoneos/TaxedGmbH_IOS.app/__preview.dylib

CpResource /Users/emanuelflury/Library/Developer/Xcode/DerivedData/TaxedGmbH_IOS-gerngfqzuwudosgobknlgtoawnlj/Build/Products/Debug-iphoneos/TaxedGmbH_IOS.app/TaxFormFieldService.swift.backup /Users/emanuelflury/github/TaxedGmbH_IOS/TaxedGmbH_IOS/Services/TaxFormFieldService.swift.backup (in target 'TaxedGmbH_IOS' from project 'TaxedGmbH_IOS')
    cd /Users/emanuelflury/github/TaxedGmbH_IOS
    builtin-copy -exclude .DS_Store -exclude CVS -exclude .svn -exclude .git -exclude .hg -resolve-src-symlinks /Users/emanuelflury/github/TaxedGmbH_IOS/TaxedGmbH_IOS/Services/TaxFormFieldService.swift.backup /Users/emanuelflury/Library/Developer/Xcode/DerivedData/TaxedGmbH_IOS-gerngfqzuwudosgobknlgtoawnlj/Build/Products/Debug-iphoneos/TaxedGmbH_IOS.app

CpResource /Users/emanuelflury/Library/Developer/Xcode/DerivedData/TaxedGmbH_IOS-gerngfqzuwudosgobknlgtoawnlj/Build/Products/Debug-iphoneos/TaxedGmbH_IOS.app/TRANSLATION_QUALITY_SAMPLES.md /Users/emanuelflury/github/TaxedGmbH_IOS/TaxedGmbH_IOS/TRANSLATION_QUALITY_SAMPLES.md (in target 'TaxedGmbH_IOS' from project 'TaxedGmbH_IOS')
    cd /Users/emanuelflury/github/TaxedGmbH_IOS
    builtin-copy -exclude .DS_Store -exclude CVS -exclude .svn -exclude .git -exclude .hg -resolve-src-symlinks /Users/emanuelflury/github/TaxedGmbH_IOS/TaxedGmbH_IOS/TRANSLATION_QUALITY_SAMPLES.md /Users/emanuelflury/Library/Developer/Xcode/DerivedData/TaxedGmbH_IOS-gerngfqzuwudosgobknlgtoawnlj/Build/Products/Debug-iphoneos/TaxedGmbH_IOS.app

CpResource /Users/emanuelflury/Library/Developer/Xcode/DerivedData/TaxedGmbH_IOS-gerngfqzuwudosgobknlgtoawnlj/Build/Products/Debug-iphoneos/TaxedGmbH_IOS.app/TRANSLATION_MERGE_INSTRUCTIONS.md /Users/emanuelflury/github/TaxedGmbH_IOS/TaxedGmbH_IOS/TRANSLATION_MERGE_INSTRUCTIONS.md (in target 'TaxedGmbH_IOS' from project 'TaxedGmbH_IOS')
    cd /Users/emanuelflury/github/TaxedGmbH_IOS
    builtin-copy -exclude .DS_Store -exclude CVS -exclude .svn -exclude .git -exclude .hg -resolve-src-symlinks /Users/emanuelflury/github/TaxedGmbH_IOS/TaxedGmbH_IOS/TRANSLATION_MERGE_INSTRUCTIONS.md /Users/emanuelflury/Library/Developer/Xcode/DerivedData/TaxedGmbH_IOS-gerngfqzuwudosgobknlgtoawnlj/Build/Products/Debug-iphoneos/TaxedGmbH_IOS.app

CpResource /Users/emanuelflury/Library/Developer/Xcode/DerivedData/TaxedGmbH_IOS-gerngfqzuwudosgobknlgtoawnlj/Build/Products/Debug-iphoneos/TaxedGmbH_IOS.app/PDFRegenerationService.swift.backup /Users/emanuelflury/github/TaxedGmbH_IOS/TaxedGmbH_IOS/Services/PDFRegenerationService.swift.backup (in target 'TaxedGmbH_IOS' from project 'TaxedGmbH_IOS')
    cd /Users/emanuelflury/github/TaxedGmbH_IOS
    builtin-copy -exclude .DS_Store -exclude CVS -exclude .svn -exclude .git -exclude .hg -resolve-src-symlinks /Users/emanuelflury/github/TaxedGmbH_IOS/TaxedGmbH_IOS/Services/PDFRegenerationService.swift.backup /Users/emanuelflury/Library/Developer/Xcode/DerivedData/TaxedGmbH_IOS-gerngfqzuwudosgobknlgtoawnlj/Build/Products/Debug-iphoneos/TaxedGmbH_IOS.app

CpResource /Users/emanuelflury/Library/Developer/Xcode/DerivedData/TaxedGmbH_IOS-gerngfqzuwudosgobknlgtoawnlj/Build/Products/Debug-iphoneos/TaxedGmbH_IOS.app/DocumentUploadView.swift.backup /Users/emanuelflury/github/TaxedGmbH_IOS/TaxedGmbH_IOS/Views/Documents/DocumentUploadView.swift.backup (in target 'TaxedGmbH_IOS' from project 'TaxedGmbH_IOS')
    cd /Users/emanuelflury/github/TaxedGmbH_IOS
    builtin-copy -exclude .DS_Store -exclude CVS -exclude .svn -exclude .git -exclude .hg -resolve-src-symlinks /Users/emanuelflury/github/TaxedGmbH_IOS/TaxedGmbH_IOS/Views/Documents/DocumentUploadView.swift.backup /Users/emanuelflury/Library/Developer/Xcode/DerivedData/TaxedGmbH_IOS-gerngfqzuwudosgobknlgtoawnlj/Build/Products/Debug-iphoneos/TaxedGmbH_IOS.app

CpResource /Users/emanuelflury/Library/Developer/Xcode/DerivedData/TaxedGmbH_IOS-gerngfqzuwudosgobknlgtoawnlj/Build/Products/Debug-iphoneos/TaxedGmbH_IOS.app/ClaimsService.swift.backup /Users/emanuelflury/github/TaxedGmbH_IOS/TaxedGmbH_IOS/Services/ClaimsService.swift.backup (in target 'TaxedGmbH_IOS' from project 'TaxedGmbH_IOS')
    cd /Users/emanuelflury/github/TaxedGmbH_IOS
    builtin-copy -exclude .DS_Store -exclude CVS -exclude .svn -exclude .git -exclude .hg -resolve-src-symlinks /Users/emanuelflury/github/TaxedGmbH_IOS/TaxedGmbH_IOS/Services/ClaimsService.swift.backup /Users/emanuelflury/Library/Developer/Xcode/DerivedData/TaxedGmbH_IOS-gerngfqzuwudosgobknlgtoawnlj/Build/Products/Debug-iphoneos/TaxedGmbH_IOS.app

CpResource /Users/emanuelflury/Library/Developer/Xcode/DerivedData/TaxedGmbH_IOS-gerngfqzuwudosgobknlgtoawnlj/Build/Products/Debug-iphoneos/TaxedGmbH_IOS.app/AuthenticationView.swift.backup /Users/emanuelflury/github/TaxedGmbH_IOS/TaxedGmbH_IOS/Views/Authentication/AuthenticationView.swift.backup (in target 'TaxedGmbH_IOS' from project 'TaxedGmbH_IOS')
    cd /Users/emanuelflury/github/TaxedGmbH_IOS
    builtin-copy -exclude .DS_Store -exclude CVS -exclude .svn -exclude .git -exclude .hg -resolve-src-symlinks /Users/emanuelflury/github/TaxedGmbH_IOS/TaxedGmbH_IOS/Views/Authentication/AuthenticationView.swift.backup /Users/emanuelflury/Library/Developer/Xcode/DerivedData/TaxedGmbH_IOS-gerngfqzuwudosgobknlgtoawnlj/Build/Products/Debug-iphoneos/TaxedGmbH_IOS.app

CpResource /Users/emanuelflury/Library/Developer/Xcode/DerivedData/TaxedGmbH_IOS-gerngfqzuwudosgobknlgtoawnlj/Build/Products/Debug-iphoneos/TaxedGmbH_IOS.app/AuthenticationService.swift.backup /Users/emanuelflury/github/TaxedGmbH_IOS/TaxedGmbH_IOS/Services/AuthenticationService.swift.backup (in target 'TaxedGmbH_IOS' from project 'TaxedGmbH_IOS')
    cd /Users/emanuelflury/github/TaxedGmbH_IOS
    builtin-copy -exclude .DS_Store -exclude CVS -exclude .svn -exclude .git -exclude .hg -resolve-src-symlinks /Users/emanuelflury/github/TaxedGmbH_IOS/TaxedGmbH_IOS/Services/AuthenticationService.swift.backup /Users/emanuelflury/Library/Developer/Xcode/DerivedData/TaxedGmbH_IOS-gerngfqzuwudosgobknlgtoawnlj/Build/Products/Debug-iphoneos/TaxedGmbH_IOS.app

CopyStringsFile /Users/emanuelflury/Library/Developer/Xcode/DerivedData/TaxedGmbH_IOS-gerngfqzuwudosgobknlgtoawnlj/Build/Products/Debug-iphoneos/TaxedGmbH_IOS.app/it.lproj/Localizable.strings /Users/emanuelflury/github/TaxedGmbH_IOS/TaxedGmbH_IOS/it.lproj/Localizable.strings (in target 'TaxedGmbH_IOS' from project 'TaxedGmbH_IOS')
    cd /Users/emanuelflury/github/TaxedGmbH_IOS
    builtin-copyStrings --validate --outputencoding binary --outfilename Localizable.strings --outdir /Users/emanuelflury/Library/Developer/Xcode/DerivedData/TaxedGmbH_IOS-gerngfqzuwudosgobknlgtoawnlj/Build/Products/Debug-iphoneos/TaxedGmbH_IOS.app/it.lproj -- /Users/emanuelflury/github/TaxedGmbH_IOS/TaxedGmbH_IOS/it.lproj/Localizable.strings
/Users/emanuelflury/github/TaxedGmbH_IOS/TaxedGmbH_IOS/it.lproj/Localizable.strings:1:1: note: detected encoding of input file as Unicode (UTF-8) (in target 'TaxedGmbH_IOS' from project 'TaxedGmbH_IOS')

CopyStringsFile /Users/emanuelflury/Library/Developer/Xcode/DerivedData/TaxedGmbH_IOS-gerngfqzuwudosgobknlgtoawnlj/Build/Products/Debug-iphoneos/TaxedGmbH_IOS.app/it.lproj/InfoPlist.strings /Users/emanuelflury/github/TaxedGmbH_IOS/TaxedGmbH_IOS/it.lproj/InfoPlist.strings (in target 'TaxedGmbH_IOS' from project 'TaxedGmbH_IOS')
    cd /Users/emanuelflury/github/TaxedGmbH_IOS
    builtin-copyStrings --validate --outputencoding binary --outfilename InfoPlist.strings --outdir /Users/emanuelflury/Library/Developer/Xcode/DerivedData/TaxedGmbH_IOS-gerngfqzuwudosgobknlgtoawnlj/Build/Products/Debug-iphoneos/TaxedGmbH_IOS.app/it.lproj -- /Users/emanuelflury/github/TaxedGmbH_IOS/TaxedGmbH_IOS/it.lproj/InfoPlist.strings
/Users/emanuelflury/github/TaxedGmbH_IOS/TaxedGmbH_IOS/it.lproj/InfoPlist.strings:1:1: note: detected encoding of input file as Unicode (UTF-8) (in target 'TaxedGmbH_IOS' from project 'TaxedGmbH_IOS')

CopyStringsFile /Users/emanuelflury/Library/Developer/Xcode/DerivedData/TaxedGmbH_IOS-gerngfqzuwudosgobknlgtoawnlj/Build/Products/Debug-iphoneos/TaxedGmbH_IOS.app/fr.lproj/Localizable.strings /Users/emanuelflury/github/TaxedGmbH_IOS/TaxedGmbH_IOS/fr.lproj/Localizable.strings (in target 'TaxedGmbH_IOS' from project 'TaxedGmbH_IOS')
    cd /Users/emanuelflury/github/TaxedGmbH_IOS
    builtin-copyStrings --validate --outputencoding binary --outfilename Localizable.strings --outdir /Users/emanuelflury/Library/Developer/Xcode/DerivedData/TaxedGmbH_IOS-gerngfqzuwudosgobknlgtoawnlj/Build/Products/Debug-iphoneos/TaxedGmbH_IOS.app/fr.lproj -- /Users/emanuelflury/github/TaxedGmbH_IOS/TaxedGmbH_IOS/fr.lproj/Localizable.strings
/Users/emanuelflury/github/TaxedGmbH_IOS/TaxedGmbH_IOS/fr.lproj/Localizable.strings:1:1: note: detected encoding of input file as Unicode (UTF-8) (in target 'TaxedGmbH_IOS' from project 'TaxedGmbH_IOS')

CopyStringsFile /Users/emanuelflury/Library/Developer/Xcode/DerivedData/TaxedGmbH_IOS-gerngfqzuwudosgobknlgtoawnlj/Build/Products/Debug-iphoneos/TaxedGmbH_IOS.app/fr.lproj/InfoPlist.strings /Users/emanuelflury/github/TaxedGmbH_IOS/TaxedGmbH_IOS/fr.lproj/InfoPlist.strings (in target 'TaxedGmbH_IOS' from project 'TaxedGmbH_IOS')
    cd /Users/emanuelflury/github/TaxedGmbH_IOS
    builtin-copyStrings --validate --outputencoding binary --outfilename InfoPlist.strings --outdir /Users/emanuelflury/Library/Developer/Xcode/DerivedData/TaxedGmbH_IOS-gerngfqzuwudosgobknlgtoawnlj/Build/Products/Debug-iphoneos/TaxedGmbH_IOS.app/fr.lproj -- /Users/emanuelflury/github/TaxedGmbH_IOS/TaxedGmbH_IOS/fr.lproj/InfoPlist.strings
/Users/emanuelflury/github/TaxedGmbH_IOS/TaxedGmbH_IOS/fr.lproj/InfoPlist.strings:1:1: note: detected encoding of input file as Unicode (UTF-8) (in target 'TaxedGmbH_IOS' from project 'TaxedGmbH_IOS')

CopyStringsFile /Users/emanuelflury/Library/Developer/Xcode/DerivedData/TaxedGmbH_IOS-gerngfqzuwudosgobknlgtoawnlj/Build/Products/Debug-iphoneos/TaxedGmbH_IOS.app/en.lproj/Localizable.strings /Users/emanuelflury/github/TaxedGmbH_IOS/TaxedGmbH_IOS/en.lproj/Localizable.strings (in target 'TaxedGmbH_IOS' from project 'TaxedGmbH_IOS')
    cd /Users/emanuelflury/github/TaxedGmbH_IOS
    builtin-copyStrings --validate --outputencoding binary --outfilename Localizable.strings --outdir /Users/emanuelflury/Library/Developer/Xcode/DerivedData/TaxedGmbH_IOS-gerngfqzuwudosgobknlgtoawnlj/Build/Products/Debug-iphoneos/TaxedGmbH_IOS.app/en.lproj -- /Users/emanuelflury/github/TaxedGmbH_IOS/TaxedGmbH_IOS/en.lproj/Localizable.strings
/Users/emanuelflury/github/TaxedGmbH_IOS/TaxedGmbH_IOS/en.lproj/Localizable.strings:1:1: note: detected encoding of input file as Unicode (UTF-8) (in target 'TaxedGmbH_IOS' from project 'TaxedGmbH_IOS')

CopyStringsFile /Users/emanuelflury/Library/Developer/Xcode/DerivedData/TaxedGmbH_IOS-gerngfqzuwudosgobknlgtoawnlj/Build/Products/Debug-iphoneos/TaxedGmbH_IOS.app/en.lproj/InfoPlist.strings /Users/emanuelflury/github/TaxedGmbH_IOS/TaxedGmbH_IOS/en.lproj/InfoPlist.strings (in target 'TaxedGmbH_IOS' from project 'TaxedGmbH_IOS')
    cd /Users/emanuelflury/github/TaxedGmbH_IOS
    builtin-copyStrings --validate --outputencoding binary --outfilename InfoPlist.strings --outdir /Users/emanuelflury/Library/Developer/Xcode/DerivedData/TaxedGmbH_IOS-gerngfqzuwudosgobknlgtoawnlj/Build/Products/Debug-iphoneos/TaxedGmbH_IOS.app/en.lproj -- /Users/emanuelflury/github/TaxedGmbH_IOS/TaxedGmbH_IOS/en.lproj/InfoPlist.strings
/Users/emanuelflury/github/TaxedGmbH_IOS/TaxedGmbH_IOS/en.lproj/InfoPlist.strings:1:1: note: detected encoding of input file as Unicode (UTF-8) (in target 'TaxedGmbH_IOS' from project 'TaxedGmbH_IOS')

CopyStringsFile /Users/emanuelflury/Library/Developer/Xcode/DerivedData/TaxedGmbH_IOS-gerngfqzuwudosgobknlgtoawnlj/Build/Products/Debug-iphoneos/TaxedGmbH_IOS.app/de.lproj/Localizable.strings /Users/emanuelflury/github/TaxedGmbH_IOS/TaxedGmbH_IOS/de.lproj/Localizable.strings (in target 'TaxedGmbH_IOS' from project 'TaxedGmbH_IOS')
    cd /Users/emanuelflury/github/TaxedGmbH_IOS
    builtin-copyStrings --validate --outputencoding binary --outfilename Localizable.strings --outdir /Users/emanuelflury/Library/Developer/Xcode/DerivedData/TaxedGmbH_IOS-gerngfqzuwudosgobknlgtoawnlj/Build/Products/Debug-iphoneos/TaxedGmbH_IOS.app/de.lproj -- /Users/emanuelflury/github/TaxedGmbH_IOS/TaxedGmbH_IOS/de.lproj/Localizable.strings
/Users/emanuelflury/github/TaxedGmbH_IOS/TaxedGmbH_IOS/de.lproj/Localizable.strings:1:1: note: detected encoding of input file as Unicode (UTF-8) (in target 'TaxedGmbH_IOS' from project 'TaxedGmbH_IOS')

SwiftDriverJobDiscovery normal arm64 Compiling TaxIndexMapping.swift, User.swift, Workspace.swift, AccessibilityManager.swift, AuthenticationService.swift, BiometricAuthService.swift, ChatService.swift, ChecklistService.swift, ClaimsService.swift (in target 'TaxedGmbH_IOS' from project 'TaxedGmbH_IOS')

CopyStringsFile /Users/emanuelflury/Library/Developer/Xcode/DerivedData/TaxedGmbH_IOS-gerngfqzuwudosgobknlgtoawnlj/Build/Products/Debug-iphoneos/TaxedGmbH_IOS.app/de.lproj/InfoPlist.strings /Users/emanuelflury/github/TaxedGmbH_IOS/TaxedGmbH_IOS/de.lproj/InfoPlist.strings (in target 'TaxedGmbH_IOS' from project 'TaxedGmbH_IOS')
    cd /Users/emanuelflury/github/TaxedGmbH_IOS
    builtin-copyStrings --validate --outputencoding binary --outfilename InfoPlist.strings --outdir /Users/emanuelflury/Library/Developer/Xcode/DerivedData/TaxedGmbH_IOS-gerngfqzuwudosgobknlgtoawnlj/Build/Products/Debug-iphoneos/TaxedGmbH_IOS.app/de.lproj -- /Users/emanuelflury/github/TaxedGmbH_IOS/TaxedGmbH_IOS/de.lproj/InfoPlist.strings
/Users/emanuelflury/github/TaxedGmbH_IOS/TaxedGmbH_IOS/de.lproj/InfoPlist.strings:1:1: note: detected encoding of input file as Unicode (UTF-8) (in target 'TaxedGmbH_IOS' from project 'TaxedGmbH_IOS')

CopyPlistFile /Users/emanuelflury/Library/Developer/Xcode/DerivedData/TaxedGmbH_IOS-gerngfqzuwudosgobknlgtoawnlj/Build/Products/Debug-iphoneos/TaxedGmbH_IOS.app/GoogleService-Info.plist /Users/emanuelflury/github/TaxedGmbH_IOS/TaxedGmbH_IOS/Resources/GoogleService-Info.plist (in target 'TaxedGmbH_IOS' from project 'TaxedGmbH_IOS')
    cd /Users/emanuelflury/github/TaxedGmbH_IOS
    builtin-copyPlist --convert binary1 --outdir /Users/emanuelflury/Library/Developer/Xcode/DerivedData/TaxedGmbH_IOS-gerngfqzuwudosgobknlgtoawnlj/Build/Products/Debug-iphoneos/TaxedGmbH_IOS.app -- /Users/emanuelflury/github/TaxedGmbH_IOS/TaxedGmbH_IOS/Resources/GoogleService-Info.plist

Copy /Users/emanuelflury/Library/Developer/Xcode/DerivedData/TaxedGmbH_IOS-gerngfqzuwudosgobknlgtoawnlj/Build/Products/Debug-iphoneos/TaxedGmbH_IOS.app/nanopb_nanopb.bundle /Users/emanuelflury/Library/Developer/Xcode/DerivedData/TaxedGmbH_IOS-gerngfqzuwudosgobknlgtoawnlj/Build/Products/Debug-iphoneos/nanopb_nanopb.bundle (in target 'TaxedGmbH_IOS' from project 'TaxedGmbH_IOS')
    cd /Users/emanuelflury/github/TaxedGmbH_IOS
    builtin-copy -exclude .DS_Store -exclude CVS -exclude .svn -exclude .git -exclude .hg -resolve-src-symlinks /Users/emanuelflury/Library/Developer/Xcode/DerivedData/TaxedGmbH_IOS-gerngfqzuwudosgobknlgtoawnlj/Build/Products/Debug-iphoneos/nanopb_nanopb.bundle /Users/emanuelflury/Library/Developer/Xcode/DerivedData/TaxedGmbH_IOS-gerngfqzuwudosgobknlgtoawnlj/Build/Products/Debug-iphoneos/TaxedGmbH_IOS.app

Copy /Users/emanuelflury/Library/Developer/Xcode/DerivedData/TaxedGmbH_IOS-gerngfqzuwudosgobknlgtoawnlj/Build/Products/Debug-iphoneos/TaxedGmbH_IOS.app/leveldb_leveldb.bundle /Users/emanuelflury/Library/Developer/Xcode/DerivedData/TaxedGmbH_IOS-gerngfqzuwudosgobknlgtoawnlj/Build/Products/Debug-iphoneos/leveldb_leveldb.bundle (in target 'TaxedGmbH_IOS' from project 'TaxedGmbH_IOS')
    cd /Users/emanuelflury/github/TaxedGmbH_IOS
    builtin-copy -exclude .DS_Store -exclude CVS -exclude .svn -exclude .git -exclude .hg -resolve-src-symlinks /Users/emanuelflury/Library/Developer/Xcode/DerivedData/TaxedGmbH_IOS-gerngfqzuwudosgobknlgtoawnlj/Build/Products/Debug-iphoneos/leveldb_leveldb.bundle /Users/emanuelflury/Library/Developer/Xcode/DerivedData/TaxedGmbH_IOS-gerngfqzuwudosgobknlgtoawnlj/Build/Products/Debug-iphoneos/TaxedGmbH_IOS.app

Copy /Users/emanuelflury/Library/Developer/Xcode/DerivedData/TaxedGmbH_IOS-gerngfqzuwudosgobknlgtoawnlj/Build/Products/Debug-iphoneos/TaxedGmbH_IOS.app/gRPC_opensslWrapper.bundle /Users/emanuelflury/Library/Developer/Xcode/DerivedData/TaxedGmbH_IOS-gerngfqzuwudosgobknlgtoawnlj/Build/Products/Debug-iphoneos/gRPC_opensslWrapper.bundle (in target 'TaxedGmbH_IOS' from project 'TaxedGmbH_IOS')
    cd /Users/emanuelflury/github/TaxedGmbH_IOS
    builtin-copy -exclude .DS_Store -exclude CVS -exclude .svn -exclude .git -exclude .hg -resolve-src-symlinks /Users/emanuelflury/Library/Developer/Xcode/DerivedData/TaxedGmbH_IOS-gerngfqzuwudosgobknlgtoawnlj/Build/Products/Debug-iphoneos/gRPC_opensslWrapper.bundle /Users/emanuelflury/Library/Developer/Xcode/DerivedData/TaxedGmbH_IOS-gerngfqzuwudosgobknlgtoawnlj/Build/Products/Debug-iphoneos/TaxedGmbH_IOS.app

Copy /Users/emanuelflury/Library/Developer/Xcode/DerivedData/TaxedGmbH_IOS-gerngfqzuwudosgobknlgtoawnlj/Build/Products/Debug-iphoneos/TaxedGmbH_IOS.app/gRPC_grpcppWrapper.bundle /Users/emanuelflury/Library/Developer/Xcode/DerivedData/TaxedGmbH_IOS-gerngfqzuwudosgobknlgtoawnlj/Build/Products/Debug-iphoneos/gRPC_grpcppWrapper.bundle (in target 'TaxedGmbH_IOS' from project 'TaxedGmbH_IOS')
    cd /Users/emanuelflury/github/TaxedGmbH_IOS
    builtin-copy -exclude .DS_Store -exclude CVS -exclude .svn -exclude .git -exclude .hg -resolve-src-symlinks /Users/emanuelflury/Library/Developer/Xcode/DerivedData/TaxedGmbH_IOS-gerngfqzuwudosgobknlgtoawnlj/Build/Products/Debug-iphoneos/gRPC_grpcppWrapper.bundle /Users/emanuelflury/Library/Developer/Xcode/DerivedData/TaxedGmbH_IOS-gerngfqzuwudosgobknlgtoawnlj/Build/Products/Debug-iphoneos/TaxedGmbH_IOS.app

Copy /Users/emanuelflury/Library/Developer/Xcode/DerivedData/TaxedGmbH_IOS-gerngfqzuwudosgobknlgtoawnlj/Build/Products/Debug-iphoneos/TaxedGmbH_IOS.app/gRPC_grpcWrapper.bundle /Users/emanuelflury/Library/Developer/Xcode/DerivedData/TaxedGmbH_IOS-gerngfqzuwudosgobknlgtoawnlj/Build/Products/Debug-iphoneos/gRPC_grpcWrapper.bundle (in target 'TaxedGmbH_IOS' from project 'TaxedGmbH_IOS')
    cd /Users/emanuelflury/github/TaxedGmbH_IOS
    builtin-copy -exclude .DS_Store -exclude CVS -exclude .svn -exclude .git -exclude .hg -resolve-src-symlinks /Users/emanuelflury/Library/Developer/Xcode/DerivedData/TaxedGmbH_IOS-gerngfqzuwudosgobknlgtoawnlj/Build/Products/Debug-iphoneos/gRPC_grpcWrapper.bundle /Users/emanuelflury/Library/Developer/Xcode/DerivedData/TaxedGmbH_IOS-gerngfqzuwudosgobknlgtoawnlj/Build/Products/Debug-iphoneos/TaxedGmbH_IOS.app

Copy /Users/emanuelflury/Library/Developer/Xcode/DerivedData/TaxedGmbH_IOS-gerngfqzuwudosgobknlgtoawnlj/Build/Products/Debug-iphoneos/TaxedGmbH_IOS.app/abseil_abslWrapper.bundle /Users/emanuelflury/Library/Developer/Xcode/DerivedData/TaxedGmbH_IOS-gerngfqzuwudosgobknlgtoawnlj/Build/Products/Debug-iphoneos/abseil_abslWrapper.bundle (in target 'TaxedGmbH_IOS' from project 'TaxedGmbH_IOS')
    cd /Users/emanuelflury/github/TaxedGmbH_IOS
    builtin-copy -exclude .DS_Store -exclude CVS -exclude .svn -exclude .git -exclude .hg -resolve-src-symlinks /Users/emanuelflury/Library/Developer/Xcode/DerivedData/TaxedGmbH_IOS-gerngfqzuwudosgobknlgtoawnlj/Build/Products/Debug-iphoneos/abseil_abslWrapper.bundle /Users/emanuelflury/Library/Developer/Xcode/DerivedData/TaxedGmbH_IOS-gerngfqzuwudosgobknlgtoawnlj/Build/Products/Debug-iphoneos/TaxedGmbH_IOS.app

Copy /Users/emanuelflury/Library/Developer/Xcode/DerivedData/TaxedGmbH_IOS-gerngfqzuwudosgobknlgtoawnlj/Build/Products/Debug-iphoneos/TaxedGmbH_IOS.app/Promises_FBLPromises.bundle /Users/emanuelflury/Library/Developer/Xcode/DerivedData/TaxedGmbH_IOS-gerngfqzuwudosgobknlgtoawnlj/Build/Products/Debug-iphoneos/Promises_FBLPromises.bundle (in target 'TaxedGmbH_IOS' from project 'TaxedGmbH_IOS')
    cd /Users/emanuelflury/github/TaxedGmbH_IOS
    builtin-copy -exclude .DS_Store -exclude CVS -exclude .svn -exclude .git -exclude .hg -resolve-src-symlinks /Users/emanuelflury/Library/Developer/Xcode/DerivedData/TaxedGmbH_IOS-gerngfqzuwudosgobknlgtoawnlj/Build/Products/Debug-iphoneos/Promises_FBLPromises.bundle /Users/emanuelflury/Library/Developer/Xcode/DerivedData/TaxedGmbH_IOS-gerngfqzuwudosgobknlgtoawnlj/Build/Products/Debug-iphoneos/TaxedGmbH_IOS.app

Copy /Users/emanuelflury/Library/Developer/Xcode/DerivedData/TaxedGmbH_IOS-gerngfqzuwudosgobknlgtoawnlj/Build/Products/Debug-iphoneos/TaxedGmbH_IOS.app/GoogleUtilities_GoogleUtilities-UserDefaults.bundle /Users/emanuelflury/Library/Developer/Xcode/DerivedData/TaxedGmbH_IOS-gerngfqzuwudosgobknlgtoawnlj/Build/Products/Debug-iphoneos/GoogleUtilities_GoogleUtilities-UserDefaults.bundle (in target 'TaxedGmbH_IOS' from project 'TaxedGmbH_IOS')
    cd /Users/emanuelflury/github/TaxedGmbH_IOS
    builtin-copy -exclude .DS_Store -exclude CVS -exclude .svn -exclude .git -exclude .hg -resolve-src-symlinks /Users/emanuelflury/Library/Developer/Xcode/DerivedData/TaxedGmbH_IOS-gerngfqzuwudosgobknlgtoawnlj/Build/Products/Debug-iphoneos/GoogleUtilities_GoogleUtilities-UserDefaults.bundle /Users/emanuelflury/Library/Developer/Xcode/DerivedData/TaxedGmbH_IOS-gerngfqzuwudosgobknlgtoawnlj/Build/Products/Debug-iphoneos/TaxedGmbH_IOS.app

Copy /Users/emanuelflury/Library/Developer/Xcode/DerivedData/TaxedGmbH_IOS-gerngfqzuwudosgobknlgtoawnlj/Build/Products/Debug-iphoneos/TaxedGmbH_IOS.app/GoogleUtilities_GoogleUtilities-Reachability.bundle /Users/emanuelflury/Library/Developer/Xcode/DerivedData/TaxedGmbH_IOS-gerngfqzuwudosgobknlgtoawnlj/Build/Products/Debug-iphoneos/GoogleUtilities_GoogleUtilities-Reachability.bundle (in target 'TaxedGmbH_IOS' from project 'TaxedGmbH_IOS')
    cd /Users/emanuelflury/github/TaxedGmbH_IOS
    builtin-copy -exclude .DS_Store -exclude CVS -exclude .svn -exclude .git -exclude .hg -resolve-src-symlinks /Users/emanuelflury/Library/Developer/Xcode/DerivedData/TaxedGmbH_IOS-gerngfqzuwudosgobknlgtoawnlj/Build/Products/Debug-iphoneos/GoogleUtilities_GoogleUtilities-Reachability.bundle /Users/emanuelflury/Library/Developer/Xcode/DerivedData/TaxedGmbH_IOS-gerngfqzuwudosgobknlgtoawnlj/Build/Products/Debug-iphoneos/TaxedGmbH_IOS.app

Copy /Users/emanuelflury/Library/Developer/Xcode/DerivedData/TaxedGmbH_IOS-gerngfqzuwudosgobknlgtoawnlj/Build/Products/Debug-iphoneos/TaxedGmbH_IOS.app/GoogleUtilities_GoogleUtilities-Network.bundle /Users/emanuelflury/Library/Developer/Xcode/DerivedData/TaxedGmbH_IOS-gerngfqzuwudosgobknlgtoawnlj/Build/Products/Debug-iphoneos/GoogleUtilities_GoogleUtilities-Network.bundle (in target 'TaxedGmbH_IOS' from project 'TaxedGmbH_IOS')
    cd /Users/emanuelflury/github/TaxedGmbH_IOS
    builtin-copy -exclude .DS_Store -exclude CVS -exclude .svn -exclude .git -exclude .hg -resolve-src-symlinks /Users/emanuelflury/Library/Developer/Xcode/DerivedData/TaxedGmbH_IOS-gerngfqzuwudosgobknlgtoawnlj/Build/Products/Debug-iphoneos/GoogleUtilities_GoogleUtilities-Network.bundle /Users/emanuelflury/Library/Developer/Xcode/DerivedData/TaxedGmbH_IOS-gerngfqzuwudosgobknlgtoawnlj/Build/Products/Debug-iphoneos/TaxedGmbH_IOS.app

Copy /Users/emanuelflury/Library/Developer/Xcode/DerivedData/TaxedGmbH_IOS-gerngfqzuwudosgobknlgtoawnlj/Build/Products/Debug-iphoneos/TaxedGmbH_IOS.app/GoogleUtilities_GoogleUtilities-NSData.bundle /Users/emanuelflury/Library/Developer/Xcode/DerivedData/TaxedGmbH_IOS-gerngfqzuwudosgobknlgtoawnlj/Build/Products/Debug-iphoneos/GoogleUtilities_GoogleUtilities-NSData.bundle (in target 'TaxedGmbH_IOS' from project 'TaxedGmbH_IOS')
    cd /Users/emanuelflury/github/TaxedGmbH_IOS
    builtin-copy -exclude .DS_Store -exclude CVS -exclude .svn -exclude .git -exclude .hg -resolve-src-symlinks /Users/emanuelflury/Library/Developer/Xcode/DerivedData/TaxedGmbH_IOS-gerngfqzuwudosgobknlgtoawnlj/Build/Products/Debug-iphoneos/GoogleUtilities_GoogleUtilities-NSData.bundle /Users/emanuelflury/Library/Developer/Xcode/DerivedData/TaxedGmbH_IOS-gerngfqzuwudosgobknlgtoawnlj/Build/Products/Debug-iphoneos/TaxedGmbH_IOS.app

Copy /Users/emanuelflury/Library/Developer/Xcode/DerivedData/TaxedGmbH_IOS-gerngfqzuwudosgobknlgtoawnlj/Build/Products/Debug-iphoneos/TaxedGmbH_IOS.app/GoogleUtilities_GoogleUtilities-MethodSwizzler.bundle /Users/emanuelflury/Library/Developer/Xcode/DerivedData/TaxedGmbH_IOS-gerngfqzuwudosgobknlgtoawnlj/Build/Products/Debug-iphoneos/GoogleUtilities_GoogleUtilities-MethodSwizzler.bundle (in target 'TaxedGmbH_IOS' from project 'TaxedGmbH_IOS')
    cd /Users/emanuelflury/github/TaxedGmbH_IOS
    builtin-copy -exclude .DS_Store -exclude CVS -exclude .svn -exclude .git -exclude .hg -resolve-src-symlinks /Users/emanuelflury/Library/Developer/Xcode/DerivedData/TaxedGmbH_IOS-gerngfqzuwudosgobknlgtoawnlj/Build/Products/Debug-iphoneos/GoogleUtilities_GoogleUtilities-MethodSwizzler.bundle /Users/emanuelflury/Library/Developer/Xcode/DerivedData/TaxedGmbH_IOS-gerngfqzuwudosgobknlgtoawnlj/Build/Products/Debug-iphoneos/TaxedGmbH_IOS.app

Copy /Users/emanuelflury/Library/Developer/Xcode/DerivedData/TaxedGmbH_IOS-gerngfqzuwudosgobknlgtoawnlj/Build/Products/Debug-iphoneos/TaxedGmbH_IOS.app/GoogleUtilities_GoogleUtilities-Logger.bundle /Users/emanuelflury/Library/Developer/Xcode/DerivedData/TaxedGmbH_IOS-gerngfqzuwudosgobknlgtoawnlj/Build/Products/Debug-iphoneos/GoogleUtilities_GoogleUtilities-Logger.bundle (in target 'TaxedGmbH_IOS' from project 'TaxedGmbH_IOS')
    cd /Users/emanuelflury/github/TaxedGmbH_IOS
    builtin-copy -exclude .DS_Store -exclude CVS -exclude .svn -exclude .git -exclude .hg -resolve-src-symlinks /Users/emanuelflury/Library/Developer/Xcode/DerivedData/TaxedGmbH_IOS-gerngfqzuwudosgobknlgtoawnlj/Build/Products/Debug-iphoneos/GoogleUtilities_GoogleUtilities-Logger.bundle /Users/emanuelflury/Library/Developer/Xcode/DerivedData/TaxedGmbH_IOS-gerngfqzuwudosgobknlgtoawnlj/Build/Products/Debug-iphoneos/TaxedGmbH_IOS.app

Copy /Users/emanuelflury/Library/Developer/Xcode/DerivedData/TaxedGmbH_IOS-gerngfqzuwudosgobknlgtoawnlj/Build/Products/Debug-iphoneos/TaxedGmbH_IOS.app/GoogleUtilities_GoogleUtilities-Environment.bundle /Users/emanuelflury/Library/Developer/Xcode/DerivedData/TaxedGmbH_IOS-gerngfqzuwudosgobknlgtoawnlj/Build/Products/Debug-iphoneos/GoogleUtilities_GoogleUtilities-Environment.bundle (in target 'TaxedGmbH_IOS' from project 'TaxedGmbH_IOS')
    cd /Users/emanuelflury/github/TaxedGmbH_IOS
    builtin-copy -exclude .DS_Store -exclude CVS -exclude .svn -exclude .git -exclude .hg -resolve-src-symlinks /Users/emanuelflury/Library/Developer/Xcode/DerivedData/TaxedGmbH_IOS-gerngfqzuwudosgobknlgtoawnlj/Build/Products/Debug-iphoneos/GoogleUtilities_GoogleUtilities-Environment.bundle /Users/emanuelflury/Library/Developer/Xcode/DerivedData/TaxedGmbH_IOS-gerngfqzuwudosgobknlgtoawnlj/Build/Products/Debug-iphoneos/TaxedGmbH_IOS.app

Copy /Users/emanuelflury/Library/Developer/Xcode/DerivedData/TaxedGmbH_IOS-gerngfqzuwudosgobknlgtoawnlj/Build/Products/Debug-iphoneos/TaxedGmbH_IOS.app/GoogleUtilities_GoogleUtilities-AppDelegateSwizzler.bundle /Users/emanuelflury/Library/Developer/Xcode/DerivedData/TaxedGmbH_IOS-gerngfqzuwudosgobknlgtoawnlj/Build/Products/Debug-iphoneos/GoogleUtilities_GoogleUtilities-AppDelegateSwizzler.bundle (in target 'TaxedGmbH_IOS' from project 'TaxedGmbH_IOS')
    cd /Users/emanuelflury/github/TaxedGmbH_IOS
    builtin-copy -exclude .DS_Store -exclude CVS -exclude .svn -exclude .git -exclude .hg -resolve-src-symlinks /Users/emanuelflury/Library/Developer/Xcode/DerivedData/TaxedGmbH_IOS-gerngfqzuwudosgobknlgtoawnlj/Build/Products/Debug-iphoneos/GoogleUtilities_GoogleUtilities-AppDelegateSwizzler.bundle /Users/emanuelflury/Library/Developer/Xcode/DerivedData/TaxedGmbH_IOS-gerngfqzuwudosgobknlgtoawnlj/Build/Products/Debug-iphoneos/TaxedGmbH_IOS.app

Copy /Users/emanuelflury/Library/Developer/Xcode/DerivedData/TaxedGmbH_IOS-gerngfqzuwudosgobknlgtoawnlj/Build/Products/Debug-iphoneos/TaxedGmbH_IOS.app/GoogleDataTransport_GoogleDataTransport.bundle /Users/emanuelflury/Library/Developer/Xcode/DerivedData/TaxedGmbH_IOS-gerngfqzuwudosgobknlgtoawnlj/Build/Products/Debug-iphoneos/GoogleDataTransport_GoogleDataTransport.bundle (in target 'TaxedGmbH_IOS' from project 'TaxedGmbH_IOS')
    cd /Users/emanuelflury/github/TaxedGmbH_IOS
    builtin-copy -exclude .DS_Store -exclude CVS -exclude .svn -exclude .git -exclude .hg -resolve-src-symlinks /Users/emanuelflury/Library/Developer/Xcode/DerivedData/TaxedGmbH_IOS-gerngfqzuwudosgobknlgtoawnlj/Build/Products/Debug-iphoneos/GoogleDataTransport_GoogleDataTransport.bundle /Users/emanuelflury/Library/Developer/Xcode/DerivedData/TaxedGmbH_IOS-gerngfqzuwudosgobknlgtoawnlj/Build/Products/Debug-iphoneos/TaxedGmbH_IOS.app

Copy /Users/emanuelflury/Library/Developer/Xcode/DerivedData/TaxedGmbH_IOS-gerngfqzuwudosgobknlgtoawnlj/Build/Products/Debug-iphoneos/TaxedGmbH_IOS.app/GTMSessionFetcher_GTMSessionFetcherCore.bundle /Users/emanuelflury/Library/Developer/Xcode/DerivedData/TaxedGmbH_IOS-gerngfqzuwudosgobknlgtoawnlj/Build/Products/Debug-iphoneos/GTMSessionFetcher_GTMSessionFetcherCore.bundle (in target 'TaxedGmbH_IOS' from project 'TaxedGmbH_IOS')
    cd /Users/emanuelflury/github/TaxedGmbH_IOS
    builtin-copy -exclude .DS_Store -exclude CVS -exclude .svn -exclude .git -exclude .hg -resolve-src-symlinks /Users/emanuelflury/Library/Developer/Xcode/DerivedData/TaxedGmbH_IOS-gerngfqzuwudosgobknlgtoawnlj/Build/Products/Debug-iphoneos/GTMSessionFetcher_GTMSessionFetcherCore.bundle /Users/emanuelflury/Library/Developer/Xcode/DerivedData/TaxedGmbH_IOS-gerngfqzuwudosgobknlgtoawnlj/Build/Products/Debug-iphoneos/TaxedGmbH_IOS.app

Copy /Users/emanuelflury/Library/Developer/Xcode/DerivedData/TaxedGmbH_IOS-gerngfqzuwudosgobknlgtoawnlj/Build/Products/Debug-iphoneos/TaxedGmbH_IOS.app/Frameworks/openssl_grpc.framework /Users/emanuelflury/Library/Developer/Xcode/DerivedData/TaxedGmbH_IOS-gerngfqzuwudosgobknlgtoawnlj/SourcePackages/artifacts/grpc-binary/openssl_grpc/openssl_grpc.xcframework/ios-arm64/openssl_grpc.framework (in target 'TaxedGmbH_IOS' from project 'TaxedGmbH_IOS')
    cd /Users/emanuelflury/github/TaxedGmbH_IOS
    builtin-copy -exclude .DS_Store -exclude CVS -exclude .svn -exclude .git -exclude .hg -exclude Headers -exclude PrivateHeaders -exclude Modules -exclude \*.tbd -bitcode-strip all -bitcode-strip-tool /Applications/Xcode.app/Contents/Developer/Toolchains/XcodeDefault.xctoolchain/usr/bin/bitcode_strip -resolve-src-symlinks -remove-static-executable /Users/emanuelflury/Library/Developer/Xcode/DerivedData/TaxedGmbH_IOS-gerngfqzuwudosgobknlgtoawnlj/SourcePackages/artifacts/grpc-binary/openssl_grpc/openssl_grpc.xcframework/ios-arm64/openssl_grpc.framework /Users/emanuelflury/Library/Developer/Xcode/DerivedData/TaxedGmbH_IOS-gerngfqzuwudosgobknlgtoawnlj/Build/Products/Debug-iphoneos/TaxedGmbH_IOS.app/Frameworks
note: Injecting stub binary into codeless framework (in target 'TaxedGmbH_IOS' from project 'TaxedGmbH_IOS')
    /Applications/Xcode.app/Contents/Developer/Toolchains/XcodeDefault.xctoolchain/usr/bin/clang -isysroot /Applications/Xcode.app/Contents/Developer/Platforms/iPhoneOS.platform/Developer/SDKs/iPhoneOS26.1.sdk -x c -c /dev/null -target arm64-apple-ios100.0 -o /private/var/folders/92/z2syy5b52tj2jqcdl3m8xmkh0000gn/T/swbuild.tmp.Di3VL4No/Data.noindex/arm64-apple.o
    /Applications/Xcode.app/Contents/Developer/Toolchains/XcodeDefault.xctoolchain/usr/bin/clang -isysroot /Applications/Xcode.app/Contents/Developer/Platforms/iPhoneOS.platform/Developer/SDKs/iPhoneOS26.1.sdk -dynamiclib -Xlinker -adhoc_codesign -target arm64-apple-ios100.0 -o /private/var/folders/92/z2syy5b52tj2jqcdl3m8xmkh0000gn/T/swbuild.tmp.Di3VL4No/Data.noindex/arm64-apple /private/var/folders/92/z2syy5b52tj2jqcdl3m8xmkh0000gn/T/swbuild.tmp.Di3VL4No/Data.noindex/arm64-apple.o
    /Applications/Xcode.app/Contents/Developer/Toolchains/XcodeDefault.xctoolchain/usr/bin/lipo -create -output /Users/emanuelflury/Library/Developer/Xcode/DerivedData/TaxedGmbH_IOS-gerngfqzuwudosgobknlgtoawnlj/Build/Products/Debug-iphoneos/TaxedGmbH_IOS.app/Frameworks/openssl_grpc.framework/openssl_grpc /private/var/folders/92/z2syy5b52tj2jqcdl3m8xmkh0000gn/T/swbuild.tmp.Di3VL4No/Data.noindex/arm64-apple

Copy /Users/emanuelflury/Library/Developer/Xcode/DerivedData/TaxedGmbH_IOS-gerngfqzuwudosgobknlgtoawnlj/Build/Products/Debug-iphoneos/TaxedGmbH_IOS.app/Frameworks/grpc.framework /Users/emanuelflury/Library/Developer/Xcode/DerivedData/TaxedGmbH_IOS-gerngfqzuwudosgobknlgtoawnlj/SourcePackages/artifacts/grpc-binary/grpc/grpc.xcframework/ios-arm64/grpc.framework (in target 'TaxedGmbH_IOS' from project 'TaxedGmbH_IOS')
    cd /Users/emanuelflury/github/TaxedGmbH_IOS
    builtin-copy -exclude .DS_Store -exclude CVS -exclude .svn -exclude .git -exclude .hg -exclude Headers -exclude PrivateHeaders -exclude Modules -exclude \*.tbd -bitcode-strip all -bitcode-strip-tool /Applications/Xcode.app/Contents/Developer/Toolchains/XcodeDefault.xctoolchain/usr/bin/bitcode_strip -resolve-src-symlinks -remove-static-executable /Users/emanuelflury/Library/Developer/Xcode/DerivedData/TaxedGmbH_IOS-gerngfqzuwudosgobknlgtoawnlj/SourcePackages/artifacts/grpc-binary/grpc/grpc.xcframework/ios-arm64/grpc.framework /Users/emanuelflury/Library/Developer/Xcode/DerivedData/TaxedGmbH_IOS-gerngfqzuwudosgobknlgtoawnlj/Build/Products/Debug-iphoneos/TaxedGmbH_IOS.app/Frameworks
note: Injecting stub binary into codeless framework (in target 'TaxedGmbH_IOS' from project 'TaxedGmbH_IOS')
    /Applications/Xcode.app/Contents/Developer/Toolchains/XcodeDefault.xctoolchain/usr/bin/clang -isysroot /Applications/Xcode.app/Contents/Developer/Platforms/iPhoneOS.platform/Developer/SDKs/iPhoneOS26.1.sdk -x c -c /dev/null -target arm64-apple-ios100.0 -o /private/var/folders/92/z2syy5b52tj2jqcdl3m8xmkh0000gn/T/swbuild.tmp.Oy3MWQXp/Data.noindex/arm64-apple.o
    /Applications/Xcode.app/Contents/Developer/Toolchains/XcodeDefault.xctoolchain/usr/bin/clang -isysroot /Applications/Xcode.app/Contents/Developer/Platforms/iPhoneOS.platform/Developer/SDKs/iPhoneOS26.1.sdk -dynamiclib -Xlinker -adhoc_codesign -target arm64-apple-ios100.0 -o /private/var/folders/92/z2syy5b52tj2jqcdl3m8xmkh0000gn/T/swbuild.tmp.Oy3MWQXp/Data.noindex/arm64-apple /private/var/folders/92/z2syy5b52tj2jqcdl3m8xmkh0000gn/T/swbuild.tmp.Oy3MWQXp/Data.noindex/arm64-apple.o
    /Applications/Xcode.app/Contents/Developer/Toolchains/XcodeDefault.xctoolchain/usr/bin/lipo -create -output /Users/emanuelflury/Library/Developer/Xcode/DerivedData/TaxedGmbH_IOS-gerngfqzuwudosgobknlgtoawnlj/Build/Products/Debug-iphoneos/TaxedGmbH_IOS.app/Frameworks/grpc.framework/grpc /private/var/folders/92/z2syy5b52tj2jqcdl3m8xmkh0000gn/T/swbuild.tmp.Oy3MWQXp/Data.noindex/arm64-apple

Copy /Users/emanuelflury/Library/Developer/Xcode/DerivedData/TaxedGmbH_IOS-gerngfqzuwudosgobknlgtoawnlj/Build/Products/Debug-iphoneos/TaxedGmbH_IOS.app/Frameworks/grpcpp.framework /Users/emanuelflury/Library/Developer/Xcode/DerivedData/TaxedGmbH_IOS-gerngfqzuwudosgobknlgtoawnlj/SourcePackages/artifacts/grpc-binary/grpcpp/grpcpp.xcframework/ios-arm64/grpcpp.framework (in target 'TaxedGmbH_IOS' from project 'TaxedGmbH_IOS')
    cd /Users/emanuelflury/github/TaxedGmbH_IOS
    builtin-copy -exclude .DS_Store -exclude CVS -exclude .svn -exclude .git -exclude .hg -exclude Headers -exclude PrivateHeaders -exclude Modules -exclude \*.tbd -bitcode-strip all -bitcode-strip-tool /Applications/Xcode.app/Contents/Developer/Toolchains/XcodeDefault.xctoolchain/usr/bin/bitcode_strip -resolve-src-symlinks -remove-static-executable /Users/emanuelflury/Library/Developer/Xcode/DerivedData/TaxedGmbH_IOS-gerngfqzuwudosgobknlgtoawnlj/SourcePackages/artifacts/grpc-binary/grpcpp/grpcpp.xcframework/ios-arm64/grpcpp.framework /Users/emanuelflury/Library/Developer/Xcode/DerivedData/TaxedGmbH_IOS-gerngfqzuwudosgobknlgtoawnlj/Build/Products/Debug-iphoneos/TaxedGmbH_IOS.app/Frameworks
note: Injecting stub binary into codeless framework (in target 'TaxedGmbH_IOS' from project 'TaxedGmbH_IOS')
    /Applications/Xcode.app/Contents/Developer/Toolchains/XcodeDefault.xctoolchain/usr/bin/clang -isysroot /Applications/Xcode.app/Contents/Developer/Platforms/iPhoneOS.platform/Developer/SDKs/iPhoneOS26.1.sdk -x c -c /dev/null -target arm64-apple-ios100.0 -o /private/var/folders/92/z2syy5b52tj2jqcdl3m8xmkh0000gn/T/swbuild.tmp.wgkOOvZS/Data.noindex/arm64-apple.o
    /Applications/Xcode.app/Contents/Developer/Toolchains/XcodeDefault.xctoolchain/usr/bin/clang -isysroot /Applications/Xcode.app/Contents/Developer/Platforms/iPhoneOS.platform/Developer/SDKs/iPhoneOS26.1.sdk -dynamiclib -Xlinker -adhoc_codesign -target arm64-apple-ios100.0 -o /private/var/folders/92/z2syy5b52tj2jqcdl3m8xmkh0000gn/T/swbuild.tmp.wgkOOvZS/Data.noindex/arm64-apple /private/var/folders/92/z2syy5b52tj2jqcdl3m8xmkh0000gn/T/swbuild.tmp.wgkOOvZS/Data.noindex/arm64-apple.o
    /Applications/Xcode.app/Contents/Developer/Toolchains/XcodeDefault.xctoolchain/usr/bin/lipo -create -output /Users/emanuelflury/Library/Developer/Xcode/DerivedData/TaxedGmbH_IOS-gerngfqzuwudosgobknlgtoawnlj/Build/Products/Debug-iphoneos/TaxedGmbH_IOS.app/Frameworks/grpcpp.framework/grpcpp /private/var/folders/92/z2syy5b52tj2jqcdl3m8xmkh0000gn/T/swbuild.tmp.wgkOOvZS/Data.noindex/arm64-apple

Copy /Users/emanuelflury/Library/Developer/Xcode/DerivedData/TaxedGmbH_IOS-gerngfqzuwudosgobknlgtoawnlj/Build/Products/Debug-iphoneos/TaxedGmbH_IOS.app/Frameworks/absl.framework /Users/emanuelflury/Library/Developer/Xcode/DerivedData/TaxedGmbH_IOS-gerngfqzuwudosgobknlgtoawnlj/SourcePackages/artifacts/abseil-cpp-binary/absl/absl.xcframework/ios-arm64/absl.framework (in target 'TaxedGmbH_IOS' from project 'TaxedGmbH_IOS')
    cd /Users/emanuelflury/github/TaxedGmbH_IOS
    builtin-copy -exclude .DS_Store -exclude CVS -exclude .svn -exclude .git -exclude .hg -exclude Headers -exclude PrivateHeaders -exclude Modules -exclude \*.tbd -bitcode-strip all -bitcode-strip-tool /Applications/Xcode.app/Contents/Developer/Toolchains/XcodeDefault.xctoolchain/usr/bin/bitcode_strip -resolve-src-symlinks -remove-static-executable /Users/emanuelflury/Library/Developer/Xcode/DerivedData/TaxedGmbH_IOS-gerngfqzuwudosgobknlgtoawnlj/SourcePackages/artifacts/abseil-cpp-binary/absl/absl.xcframework/ios-arm64/absl.framework /Users/emanuelflury/Library/Developer/Xcode/DerivedData/TaxedGmbH_IOS-gerngfqzuwudosgobknlgtoawnlj/Build/Products/Debug-iphoneos/TaxedGmbH_IOS.app/Frameworks
note: Injecting stub binary into codeless framework (in target 'TaxedGmbH_IOS' from project 'TaxedGmbH_IOS')
    /Applications/Xcode.app/Contents/Developer/Toolchains/XcodeDefault.xctoolchain/usr/bin/clang -isysroot /Applications/Xcode.app/Contents/Developer/Platforms/iPhoneOS.platform/Developer/SDKs/iPhoneOS26.1.sdk -x c -c /dev/null -target arm64-apple-ios100.0 -o /private/var/folders/92/z2syy5b52tj2jqcdl3m8xmkh0000gn/T/swbuild.tmp.Bo6rmUZE/Data.noindex/arm64-apple.o
    /Applications/Xcode.app/Contents/Developer/Toolchains/XcodeDefault.xctoolchain/usr/bin/clang -isysroot /Applications/Xcode.app/Contents/Developer/Platforms/iPhoneOS.platform/Developer/SDKs/iPhoneOS26.1.sdk -dynamiclib -Xlinker -adhoc_codesign -target arm64-apple-ios100.0 -o /private/var/folders/92/z2syy5b52tj2jqcdl3m8xmkh0000gn/T/swbuild.tmp.Bo6rmUZE/Data.noindex/arm64-apple /private/var/folders/92/z2syy5b52tj2jqcdl3m8xmkh0000gn/T/swbuild.tmp.Bo6rmUZE/Data.noindex/arm64-apple.o
    /Applications/Xcode.app/Contents/Developer/Toolchains/XcodeDefault.xctoolchain/usr/bin/lipo -create -output /Users/emanuelflury/Library/Developer/Xcode/DerivedData/TaxedGmbH_IOS-gerngfqzuwudosgobknlgtoawnlj/Build/Products/Debug-iphoneos/TaxedGmbH_IOS.app/Frameworks/absl.framework/absl /private/var/folders/92/z2syy5b52tj2jqcdl3m8xmkh0000gn/T/swbuild.tmp.Bo6rmUZE/Data.noindex/arm64-apple

Copy /Users/emanuelflury/Library/Developer/Xcode/DerivedData/TaxedGmbH_IOS-gerngfqzuwudosgobknlgtoawnlj/Build/Products/Debug-iphoneos/TaxedGmbH_IOS.app/Frameworks/GoogleAppMeasurementIdentitySupport.framework /Users/emanuelflury/Library/Developer/Xcode/DerivedData/TaxedGmbH_IOS-gerngfqzuwudosgobknlgtoawnlj/SourcePackages/artifacts/googleappmeasurement/GoogleAppMeasurementIdentitySupport/GoogleAppMeasurementIdentitySupport.xcframework/ios-arm64/GoogleAppMeasurementIdentitySupport.framework (in target 'TaxedGmbH_IOS' from project 'TaxedGmbH_IOS')
    cd /Users/emanuelflury/github/TaxedGmbH_IOS
    builtin-copy -exclude .DS_Store -exclude CVS -exclude .svn -exclude .git -exclude .hg -exclude Headers -exclude PrivateHeaders -exclude Modules -exclude \*.tbd -bitcode-strip all -bitcode-strip-tool /Applications/Xcode.app/Contents/Developer/Toolchains/XcodeDefault.xctoolchain/usr/bin/bitcode_strip -resolve-src-symlinks -remove-static-executable /Users/emanuelflury/Library/Developer/Xcode/DerivedData/TaxedGmbH_IOS-gerngfqzuwudosgobknlgtoawnlj/SourcePackages/artifacts/googleappmeasurement/GoogleAppMeasurementIdentitySupport/GoogleAppMeasurementIdentitySupport.xcframework/ios-arm64/GoogleAppMeasurementIdentitySupport.framework /Users/emanuelflury/Library/Developer/Xcode/DerivedData/TaxedGmbH_IOS-gerngfqzuwudosgobknlgtoawnlj/Build/Products/Debug-iphoneos/TaxedGmbH_IOS.app/Frameworks
note: Injecting stub binary into codeless framework (in target 'TaxedGmbH_IOS' from project 'TaxedGmbH_IOS')
    /Applications/Xcode.app/Contents/Developer/Toolchains/XcodeDefault.xctoolchain/usr/bin/clang -isysroot /Applications/Xcode.app/Contents/Developer/Platforms/iPhoneOS.platform/Developer/SDKs/iPhoneOS26.1.sdk -x c -c /dev/null -target arm64-apple-ios100.0 -o /private/var/folders/92/z2syy5b52tj2jqcdl3m8xmkh0000gn/T/swbuild.tmp.8Gx6ofLn/Data.noindex/arm64-apple.o
    /Applications/Xcode.app/Contents/Developer/Toolchains/XcodeDefault.xctoolchain/usr/bin/clang -isysroot /Applications/Xcode.app/Contents/Developer/Platforms/iPhoneOS.platform/Developer/SDKs/iPhoneOS26.1.sdk -dynamiclib -Xlinker -adhoc_codesign -target arm64-apple-ios100.0 -o /private/var/folders/92/z2syy5b52tj2jqcdl3m8xmkh0000gn/T/swbuild.tmp.8Gx6ofLn/Data.noindex/arm64-apple /private/var/folders/92/z2syy5b52tj2jqcdl3m8xmkh0000gn/T/swbuild.tmp.8Gx6ofLn/Data.noindex/arm64-apple.o
    /Applications/Xcode.app/Contents/Developer/Toolchains/XcodeDefault.xctoolchain/usr/bin/lipo -create -output /Users/emanuelflury/Library/Developer/Xcode/DerivedData/TaxedGmbH_IOS-gerngfqzuwudosgobknlgtoawnlj/Build/Products/Debug-iphoneos/TaxedGmbH_IOS.app/Frameworks/GoogleAppMeasurementIdentitySupport.framework/GoogleAppMeasurementIdentitySupport /private/var/folders/92/z2syy5b52tj2jqcdl3m8xmkh0000gn/T/swbuild.tmp.8Gx6ofLn/Data.noindex/arm64-apple

Copy /Users/emanuelflury/Library/Developer/Xcode/DerivedData/TaxedGmbH_IOS-gerngfqzuwudosgobknlgtoawnlj/Build/Products/Debug-iphoneos/TaxedGmbH_IOS.app/Frameworks/GoogleAppMeasurement.framework /Users/emanuelflury/Library/Developer/Xcode/DerivedData/TaxedGmbH_IOS-gerngfqzuwudosgobknlgtoawnlj/SourcePackages/artifacts/googleappmeasurement/GoogleAppMeasurement/GoogleAppMeasurement.xcframework/ios-arm64/GoogleAppMeasurement.framework (in target 'TaxedGmbH_IOS' from project 'TaxedGmbH_IOS')
    cd /Users/emanuelflury/github/TaxedGmbH_IOS
    builtin-copy -exclude .DS_Store -exclude CVS -exclude .svn -exclude .git -exclude .hg -exclude Headers -exclude PrivateHeaders -exclude Modules -exclude \*.tbd -bitcode-strip all -bitcode-strip-tool /Applications/Xcode.app/Contents/Developer/Toolchains/XcodeDefault.xctoolchain/usr/bin/bitcode_strip -resolve-src-symlinks -remove-static-executable /Users/emanuelflury/Library/Developer/Xcode/DerivedData/TaxedGmbH_IOS-gerngfqzuwudosgobknlgtoawnlj/SourcePackages/artifacts/googleappmeasurement/GoogleAppMeasurement/GoogleAppMeasurement.xcframework/ios-arm64/GoogleAppMeasurement.framework /Users/emanuelflury/Library/Developer/Xcode/DerivedData/TaxedGmbH_IOS-gerngfqzuwudosgobknlgtoawnlj/Build/Products/Debug-iphoneos/TaxedGmbH_IOS.app/Frameworks
note: Injecting stub binary into codeless framework (in target 'TaxedGmbH_IOS' from project 'TaxedGmbH_IOS')
    /Applications/Xcode.app/Contents/Developer/Toolchains/XcodeDefault.xctoolchain/usr/bin/clang -isysroot /Applications/Xcode.app/Contents/Developer/Platforms/iPhoneOS.platform/Developer/SDKs/iPhoneOS26.1.sdk -x c -c /dev/null -target arm64-apple-ios100.0 -o /private/var/folders/92/z2syy5b52tj2jqcdl3m8xmkh0000gn/T/swbuild.tmp.iEM316CY/Data.noindex/arm64-apple.o
    /Applications/Xcode.app/Contents/Developer/Toolchains/XcodeDefault.xctoolchain/usr/bin/clang -isysroot /Applications/Xcode.app/Contents/Developer/Platforms/iPhoneOS.platform/Developer/SDKs/iPhoneOS26.1.sdk -dynamiclib -Xlinker -adhoc_codesign -target arm64-apple-ios100.0 -o /private/var/folders/92/z2syy5b52tj2jqcdl3m8xmkh0000gn/T/swbuild.tmp.iEM316CY/Data.noindex/arm64-apple /private/var/folders/92/z2syy5b52tj2jqcdl3m8xmkh0000gn/T/swbuild.tmp.iEM316CY/Data.noindex/arm64-apple.o
    /Applications/Xcode.app/Contents/Developer/Toolchains/XcodeDefault.xctoolchain/usr/bin/lipo -create -output /Users/emanuelflury/Library/Developer/Xcode/DerivedData/TaxedGmbH_IOS-gerngfqzuwudosgobknlgtoawnlj/Build/Products/Debug-iphoneos/TaxedGmbH_IOS.app/Frameworks/GoogleAppMeasurement.framework/GoogleAppMeasurement /private/var/folders/92/z2syy5b52tj2jqcdl3m8xmkh0000gn/T/swbuild.tmp.iEM316CY/Data.noindex/arm64-apple

Copy /Users/emanuelflury/Library/Developer/Xcode/DerivedData/TaxedGmbH_IOS-gerngfqzuwudosgobknlgtoawnlj/Build/Products/Debug-iphoneos/TaxedGmbH_IOS.app/Frameworks/GoogleAdsOnDeviceConversion.framework /Users/emanuelflury/Library/Developer/Xcode/DerivedData/TaxedGmbH_IOS-gerngfqzuwudosgobknlgtoawnlj/SourcePackages/artifacts/google-ads-on-device-conversion-ios-sdk/GoogleAdsOnDeviceConversion/GoogleAdsOnDeviceConversion.xcframework/ios-arm64/GoogleAdsOnDeviceConversion.framework (in target 'TaxedGmbH_IOS' from project 'TaxedGmbH_IOS')
    cd /Users/emanuelflury/github/TaxedGmbH_IOS
    builtin-copy -exclude .DS_Store -exclude CVS -exclude .svn -exclude .git -exclude .hg -exclude Headers -exclude PrivateHeaders -exclude Modules -exclude \*.tbd -bitcode-strip all -bitcode-strip-tool /Applications/Xcode.app/Contents/Developer/Toolchains/XcodeDefault.xctoolchain/usr/bin/bitcode_strip -resolve-src-symlinks -remove-static-executable /Users/emanuelflury/Library/Developer/Xcode/DerivedData/TaxedGmbH_IOS-gerngfqzuwudosgobknlgtoawnlj/SourcePackages/artifacts/google-ads-on-device-conversion-ios-sdk/GoogleAdsOnDeviceConversion/GoogleAdsOnDeviceConversion.xcframework/ios-arm64/GoogleAdsOnDeviceConversion.framework /Users/emanuelflury/Library/Developer/Xcode/DerivedData/TaxedGmbH_IOS-gerngfqzuwudosgobknlgtoawnlj/Build/Products/Debug-iphoneos/TaxedGmbH_IOS.app/Frameworks
note: Injecting stub binary into codeless framework (in target 'TaxedGmbH_IOS' from project 'TaxedGmbH_IOS')
    /Applications/Xcode.app/Contents/Developer/Toolchains/XcodeDefault.xctoolchain/usr/bin/clang -isysroot /Applications/Xcode.app/Contents/Developer/Platforms/iPhoneOS.platform/Developer/SDKs/iPhoneOS26.1.sdk -x c -c /dev/null -target arm64-apple-ios100.0 -o /private/var/folders/92/z2syy5b52tj2jqcdl3m8xmkh0000gn/T/swbuild.tmp.gh9YSBM0/Data.noindex/arm64-apple.o
    /Applications/Xcode.app/Contents/Developer/Toolchains/XcodeDefault.xctoolchain/usr/bin/clang -isysroot /Applications/Xcode.app/Contents/Developer/Platforms/iPhoneOS.platform/Developer/SDKs/iPhoneOS26.1.sdk -dynamiclib -Xlinker -adhoc_codesign -target arm64-apple-ios100.0 -o /private/var/folders/92/z2syy5b52tj2jqcdl3m8xmkh0000gn/T/swbuild.tmp.gh9YSBM0/Data.noindex/arm64-apple /private/var/folders/92/z2syy5b52tj2jqcdl3m8xmkh0000gn/T/swbuild.tmp.gh9YSBM0/Data.noindex/arm64-apple.o
    /Applications/Xcode.app/Contents/Developer/Toolchains/XcodeDefault.xctoolchain/usr/bin/lipo -create -output /Users/emanuelflury/Library/Developer/Xcode/DerivedData/TaxedGmbH_IOS-gerngfqzuwudosgobknlgtoawnlj/Build/Products/Debug-iphoneos/TaxedGmbH_IOS.app/Frameworks/GoogleAdsOnDeviceConversion.framework/GoogleAdsOnDeviceConversion /private/var/folders/92/z2syy5b52tj2jqcdl3m8xmkh0000gn/T/swbuild.tmp.gh9YSBM0/Data.noindex/arm64-apple

Copy /Users/emanuelflury/Library/Developer/Xcode/DerivedData/TaxedGmbH_IOS-gerngfqzuwudosgobknlgtoawnlj/Build/Products/Debug-iphoneos/TaxedGmbH_IOS.app/Frameworks/FirebaseFirestoreInternal.framework /Users/emanuelflury/Library/Developer/Xcode/DerivedData/TaxedGmbH_IOS-gerngfqzuwudosgobknlgtoawnlj/SourcePackages/artifacts/firebase-ios-sdk/FirebaseFirestoreInternal/FirebaseFirestoreInternal.xcframework/ios-arm64/FirebaseFirestoreInternal.framework (in target 'TaxedGmbH_IOS' from project 'TaxedGmbH_IOS')
    cd /Users/emanuelflury/github/TaxedGmbH_IOS
    builtin-copy -exclude .DS_Store -exclude CVS -exclude .svn -exclude .git -exclude .hg -exclude Headers -exclude PrivateHeaders -exclude Modules -exclude \*.tbd -bitcode-strip all -bitcode-strip-tool /Applications/Xcode.app/Contents/Developer/Toolchains/XcodeDefault.xctoolchain/usr/bin/bitcode_strip -resolve-src-symlinks -remove-static-executable /Users/emanuelflury/Library/Developer/Xcode/DerivedData/TaxedGmbH_IOS-gerngfqzuwudosgobknlgtoawnlj/SourcePackages/artifacts/firebase-ios-sdk/FirebaseFirestoreInternal/FirebaseFirestoreInternal.xcframework/ios-arm64/FirebaseFirestoreInternal.framework /Users/emanuelflury/Library/Developer/Xcode/DerivedData/TaxedGmbH_IOS-gerngfqzuwudosgobknlgtoawnlj/Build/Products/Debug-iphoneos/TaxedGmbH_IOS.app/Frameworks
note: Injecting stub binary into codeless framework (in target 'TaxedGmbH_IOS' from project 'TaxedGmbH_IOS')
    /Applications/Xcode.app/Contents/Developer/Toolchains/XcodeDefault.xctoolchain/usr/bin/clang -isysroot /Applications/Xcode.app/Contents/Developer/Platforms/iPhoneOS.platform/Developer/SDKs/iPhoneOS26.1.sdk -x c -c /dev/null -target arm64-apple-ios100.0 -o /private/var/folders/92/z2syy5b52tj2jqcdl3m8xmkh0000gn/T/swbuild.tmp.pjiH43aY/Data.noindex/arm64-apple.o
    /Applications/Xcode.app/Contents/Developer/Toolchains/XcodeDefault.xctoolchain/usr/bin/clang -isysroot /Applications/Xcode.app/Contents/Developer/Platforms/iPhoneOS.platform/Developer/SDKs/iPhoneOS26.1.sdk -dynamiclib -Xlinker -adhoc_codesign -target arm64-apple-ios100.0 -o /private/var/folders/92/z2syy5b52tj2jqcdl3m8xmkh0000gn/T/swbuild.tmp.pjiH43aY/Data.noindex/arm64-apple /private/var/folders/92/z2syy5b52tj2jqcdl3m8xmkh0000gn/T/swbuild.tmp.pjiH43aY/Data.noindex/arm64-apple.o
    /Applications/Xcode.app/Contents/Developer/Toolchains/XcodeDefault.xctoolchain/usr/bin/lipo -create -output /Users/emanuelflury/Library/Developer/Xcode/DerivedData/TaxedGmbH_IOS-gerngfqzuwudosgobknlgtoawnlj/Build/Products/Debug-iphoneos/TaxedGmbH_IOS.app/Frameworks/FirebaseFirestoreInternal.framework/FirebaseFirestoreInternal /private/var/folders/92/z2syy5b52tj2jqcdl3m8xmkh0000gn/T/swbuild.tmp.pjiH43aY/Data.noindex/arm64-apple

Copy /Users/emanuelflury/Library/Developer/Xcode/DerivedData/TaxedGmbH_IOS-gerngfqzuwudosgobknlgtoawnlj/Build/Products/Debug-iphoneos/TaxedGmbH_IOS.app/Frameworks/FirebaseAnalytics.framework /Users/emanuelflury/Library/Developer/Xcode/DerivedData/TaxedGmbH_IOS-gerngfqzuwudosgobknlgtoawnlj/SourcePackages/artifacts/firebase-ios-sdk/FirebaseAnalytics/FirebaseAnalytics.xcframework/ios-arm64/FirebaseAnalytics.framework (in target 'TaxedGmbH_IOS' from project 'TaxedGmbH_IOS')
    cd /Users/emanuelflury/github/TaxedGmbH_IOS
    builtin-copy -exclude .DS_Store -exclude CVS -exclude .svn -exclude .git -exclude .hg -exclude Headers -exclude PrivateHeaders -exclude Modules -exclude \*.tbd -bitcode-strip all -bitcode-strip-tool /Applications/Xcode.app/Contents/Developer/Toolchains/XcodeDefault.xctoolchain/usr/bin/bitcode_strip -resolve-src-symlinks -remove-static-executable /Users/emanuelflury/Library/Developer/Xcode/DerivedData/TaxedGmbH_IOS-gerngfqzuwudosgobknlgtoawnlj/SourcePackages/artifacts/firebase-ios-sdk/FirebaseAnalytics/FirebaseAnalytics.xcframework/ios-arm64/FirebaseAnalytics.framework /Users/emanuelflury/Library/Developer/Xcode/DerivedData/TaxedGmbH_IOS-gerngfqzuwudosgobknlgtoawnlj/Build/Products/Debug-iphoneos/TaxedGmbH_IOS.app/Frameworks
note: Injecting stub binary into codeless framework (in target 'TaxedGmbH_IOS' from project 'TaxedGmbH_IOS')
    /Applications/Xcode.app/Contents/Developer/Toolchains/XcodeDefault.xctoolchain/usr/bin/clang -isysroot /Applications/Xcode.app/Contents/Developer/Platforms/iPhoneOS.platform/Developer/SDKs/iPhoneOS26.1.sdk -x c -c /dev/null -target arm64-apple-ios100.0 -o /private/var/folders/92/z2syy5b52tj2jqcdl3m8xmkh0000gn/T/swbuild.tmp.TOql5v3I/Data.noindex/arm64-apple.o
    /Applications/Xcode.app/Contents/Developer/Toolchains/XcodeDefault.xctoolchain/usr/bin/clang -isysroot /Applications/Xcode.app/Contents/Developer/Platforms/iPhoneOS.platform/Developer/SDKs/iPhoneOS26.1.sdk -dynamiclib -Xlinker -adhoc_codesign -target arm64-apple-ios100.0 -o /private/var/folders/92/z2syy5b52tj2jqcdl3m8xmkh0000gn/T/swbuild.tmp.TOql5v3I/Data.noindex/arm64-apple /private/var/folders/92/z2syy5b52tj2jqcdl3m8xmkh0000gn/T/swbuild.tmp.TOql5v3I/Data.noindex/arm64-apple.o
    /Applications/Xcode.app/Contents/Developer/Toolchains/XcodeDefault.xctoolchain/usr/bin/lipo -create -output /Users/emanuelflury/Library/Developer/Xcode/DerivedData/TaxedGmbH_IOS-gerngfqzuwudosgobknlgtoawnlj/Build/Products/Debug-iphoneos/TaxedGmbH_IOS.app/Frameworks/FirebaseAnalytics.framework/FirebaseAnalytics /private/var/folders/92/z2syy5b52tj2jqcdl3m8xmkh0000gn/T/swbuild.tmp.TOql5v3I/Data.noindex/arm64-apple

Copy /Users/emanuelflury/Library/Developer/Xcode/DerivedData/TaxedGmbH_IOS-gerngfqzuwudosgobknlgtoawnlj/Build/Products/Debug-iphoneos/TaxedGmbH_IOS.app/Firebase_FirebaseMessaging.bundle /Users/emanuelflury/Library/Developer/Xcode/DerivedData/TaxedGmbH_IOS-gerngfqzuwudosgobknlgtoawnlj/Build/Products/Debug-iphoneos/Firebase_FirebaseMessaging.bundle (in target 'TaxedGmbH_IOS' from project 'TaxedGmbH_IOS')
    cd /Users/emanuelflury/github/TaxedGmbH_IOS
    builtin-copy -exclude .DS_Store -exclude CVS -exclude .svn -exclude .git -exclude .hg -resolve-src-symlinks /Users/emanuelflury/Library/Developer/Xcode/DerivedData/TaxedGmbH_IOS-gerngfqzuwudosgobknlgtoawnlj/Build/Products/Debug-iphoneos/Firebase_FirebaseMessaging.bundle /Users/emanuelflury/Library/Developer/Xcode/DerivedData/TaxedGmbH_IOS-gerngfqzuwudosgobknlgtoawnlj/Build/Products/Debug-iphoneos/TaxedGmbH_IOS.app

Copy /Users/emanuelflury/Library/Developer/Xcode/DerivedData/TaxedGmbH_IOS-gerngfqzuwudosgobknlgtoawnlj/Build/Products/Debug-iphoneos/TaxedGmbH_IOS.app/Firebase_FirebaseInstallations.bundle /Users/emanuelflury/Library/Developer/Xcode/DerivedData/TaxedGmbH_IOS-gerngfqzuwudosgobknlgtoawnlj/Build/Products/Debug-iphoneos/Firebase_FirebaseInstallations.bundle (in target 'TaxedGmbH_IOS' from project 'TaxedGmbH_IOS')
    cd /Users/emanuelflury/github/TaxedGmbH_IOS
    builtin-copy -exclude .DS_Store -exclude CVS -exclude .svn -exclude .git -exclude .hg -resolve-src-symlinks /Users/emanuelflury/Library/Developer/Xcode/DerivedData/TaxedGmbH_IOS-gerngfqzuwudosgobknlgtoawnlj/Build/Products/Debug-iphoneos/Firebase_FirebaseInstallations.bundle /Users/emanuelflury/Library/Developer/Xcode/DerivedData/TaxedGmbH_IOS-gerngfqzuwudosgobknlgtoawnlj/Build/Products/Debug-iphoneos/TaxedGmbH_IOS.app

Copy /Users/emanuelflury/Library/Developer/Xcode/DerivedData/TaxedGmbH_IOS-gerngfqzuwudosgobknlgtoawnlj/Build/Products/Debug-iphoneos/TaxedGmbH_IOS.app/Firebase_FirebaseFirestore.bundle /Users/emanuelflury/Library/Developer/Xcode/DerivedData/TaxedGmbH_IOS-gerngfqzuwudosgobknlgtoawnlj/Build/Products/Debug-iphoneos/Firebase_FirebaseFirestore.bundle (in target 'TaxedGmbH_IOS' from project 'TaxedGmbH_IOS')
    cd /Users/emanuelflury/github/TaxedGmbH_IOS
    builtin-copy -exclude .DS_Store -exclude CVS -exclude .svn -exclude .git -exclude .hg -resolve-src-symlinks /Users/emanuelflury/Library/Developer/Xcode/DerivedData/TaxedGmbH_IOS-gerngfqzuwudosgobknlgtoawnlj/Build/Products/Debug-iphoneos/Firebase_FirebaseFirestore.bundle /Users/emanuelflury/Library/Developer/Xcode/DerivedData/TaxedGmbH_IOS-gerngfqzuwudosgobknlgtoawnlj/Build/Products/Debug-iphoneos/TaxedGmbH_IOS.app

Copy /Users/emanuelflury/Library/Developer/Xcode/DerivedData/TaxedGmbH_IOS-gerngfqzuwudosgobknlgtoawnlj/Build/Products/Debug-iphoneos/TaxedGmbH_IOS.app/Firebase_FirebaseCoreInternal.bundle /Users/emanuelflury/Library/Developer/Xcode/DerivedData/TaxedGmbH_IOS-gerngfqzuwudosgobknlgtoawnlj/Build/Products/Debug-iphoneos/Firebase_FirebaseCoreInternal.bundle (in target 'TaxedGmbH_IOS' from project 'TaxedGmbH_IOS')
    cd /Users/emanuelflury/github/TaxedGmbH_IOS
    builtin-copy -exclude .DS_Store -exclude CVS -exclude .svn -exclude .git -exclude .hg -resolve-src-symlinks /Users/emanuelflury/Library/Developer/Xcode/DerivedData/TaxedGmbH_IOS-gerngfqzuwudosgobknlgtoawnlj/Build/Products/Debug-iphoneos/Firebase_FirebaseCoreInternal.bundle /Users/emanuelflury/Library/Developer/Xcode/DerivedData/TaxedGmbH_IOS-gerngfqzuwudosgobknlgtoawnlj/Build/Products/Debug-iphoneos/TaxedGmbH_IOS.app

Copy /Users/emanuelflury/Library/Developer/Xcode/DerivedData/TaxedGmbH_IOS-gerngfqzuwudosgobknlgtoawnlj/Build/Products/Debug-iphoneos/TaxedGmbH_IOS.app/Firebase_FirebaseCoreExtension.bundle /Users/emanuelflury/Library/Developer/Xcode/DerivedData/TaxedGmbH_IOS-gerngfqzuwudosgobknlgtoawnlj/Build/Products/Debug-iphoneos/Firebase_FirebaseCoreExtension.bundle (in target 'TaxedGmbH_IOS' from project 'TaxedGmbH_IOS')
    cd /Users/emanuelflury/github/TaxedGmbH_IOS
    builtin-copy -exclude .DS_Store -exclude CVS -exclude .svn -exclude .git -exclude .hg -resolve-src-symlinks /Users/emanuelflury/Library/Developer/Xcode/DerivedData/TaxedGmbH_IOS-gerngfqzuwudosgobknlgtoawnlj/Build/Products/Debug-iphoneos/Firebase_FirebaseCoreExtension.bundle /Users/emanuelflury/Library/Developer/Xcode/DerivedData/TaxedGmbH_IOS-gerngfqzuwudosgobknlgtoawnlj/Build/Products/Debug-iphoneos/TaxedGmbH_IOS.app

Copy /Users/emanuelflury/Library/Developer/Xcode/DerivedData/TaxedGmbH_IOS-gerngfqzuwudosgobknlgtoawnlj/Build/Products/Debug-iphoneos/TaxedGmbH_IOS.app/Firebase_FirebaseCore.bundle /Users/emanuelflury/Library/Developer/Xcode/DerivedData/TaxedGmbH_IOS-gerngfqzuwudosgobknlgtoawnlj/Build/Products/Debug-iphoneos/Firebase_FirebaseCore.bundle (in target 'TaxedGmbH_IOS' from project 'TaxedGmbH_IOS')
    cd /Users/emanuelflury/github/TaxedGmbH_IOS
    builtin-copy -exclude .DS_Store -exclude CVS -exclude .svn -exclude .git -exclude .hg -resolve-src-symlinks /Users/emanuelflury/Library/Developer/Xcode/DerivedData/TaxedGmbH_IOS-gerngfqzuwudosgobknlgtoawnlj/Build/Products/Debug-iphoneos/Firebase_FirebaseCore.bundle /Users/emanuelflury/Library/Developer/Xcode/DerivedData/TaxedGmbH_IOS-gerngfqzuwudosgobknlgtoawnlj/Build/Products/Debug-iphoneos/TaxedGmbH_IOS.app

Copy /Users/emanuelflury/Library/Developer/Xcode/DerivedData/TaxedGmbH_IOS-gerngfqzuwudosgobknlgtoawnlj/Build/Products/Debug-iphoneos/TaxedGmbH_IOS.app/Firebase_FirebaseAuth.bundle /Users/emanuelflury/Library/Developer/Xcode/DerivedData/TaxedGmbH_IOS-gerngfqzuwudosgobknlgtoawnlj/Build/Products/Debug-iphoneos/Firebase_FirebaseAuth.bundle (in target 'TaxedGmbH_IOS' from project 'TaxedGmbH_IOS')
    cd /Users/emanuelflury/github/TaxedGmbH_IOS
    builtin-copy -exclude .DS_Store -exclude CVS -exclude .svn -exclude .git -exclude .hg -resolve-src-symlinks /Users/emanuelflury/Library/Developer/Xcode/DerivedData/TaxedGmbH_IOS-gerngfqzuwudosgobknlgtoawnlj/Build/Products/Debug-iphoneos/Firebase_FirebaseAuth.bundle /Users/emanuelflury/Library/Developer/Xcode/DerivedData/TaxedGmbH_IOS-gerngfqzuwudosgobknlgtoawnlj/Build/Products/Debug-iphoneos/TaxedGmbH_IOS.app

CodeSign /Users/emanuelflury/Library/Developer/Xcode/DerivedData/TaxedGmbH_IOS-gerngfqzuwudosgobknlgtoawnlj/Build/Products/Debug-iphoneos/TaxedGmbH_IOS.app/Frameworks/openssl_grpc.framework (in target 'TaxedGmbH_IOS' from project 'TaxedGmbH_IOS')
    cd /Users/emanuelflury/github/TaxedGmbH_IOS
    
    Signing Identity:     "Apple Development: Emanuel Flury (4P5NUJGAA6)"
    Provisioning Profile: "iOS Team Provisioning Profile: com.taxed.app"
                          (93c9ab65-3c29-4aa4-937c-314a51a0710f)
    
    /usr/bin/codesign --force --sign AC32BFDEDB67954DA5B4B6F3219E2D79695882A9 --timestamp\=none --preserve-metadata\=identifier,entitlements,flags --generate-entitlement-der /Users/emanuelflury/Library/Developer/Xcode/DerivedData/TaxedGmbH_IOS-gerngfqzuwudosgobknlgtoawnlj/Build/Products/Debug-iphoneos/TaxedGmbH_IOS.app/Frameworks/openssl_grpc.framework
/Users/emanuelflury/Library/Developer/Xcode/DerivedData/TaxedGmbH_IOS-gerngfqzuwudosgobknlgtoawnlj/Build/Products/Debug-iphoneos/TaxedGmbH_IOS.app/Frameworks/openssl_grpc.framework: replacing existing signature

CodeSign /Users/emanuelflury/Library/Developer/Xcode/DerivedData/TaxedGmbH_IOS-gerngfqzuwudosgobknlgtoawnlj/Build/Products/Debug-iphoneos/TaxedGmbH_IOS.app/Frameworks/grpcpp.framework (in target 'TaxedGmbH_IOS' from project 'TaxedGmbH_IOS')
    cd /Users/emanuelflury/github/TaxedGmbH_IOS
    
    Signing Identity:     "Apple Development: Emanuel Flury (4P5NUJGAA6)"
    Provisioning Profile: "iOS Team Provisioning Profile: com.taxed.app"
                          (93c9ab65-3c29-4aa4-937c-314a51a0710f)
    
    /usr/bin/codesign --force --sign AC32BFDEDB67954DA5B4B6F3219E2D79695882A9 --timestamp\=none --preserve-metadata\=identifier,entitlements,flags --generate-entitlement-der /Users/emanuelflury/Library/Developer/Xcode/DerivedData/TaxedGmbH_IOS-gerngfqzuwudosgobknlgtoawnlj/Build/Products/Debug-iphoneos/TaxedGmbH_IOS.app/Frameworks/grpcpp.framework
/Users/emanuelflury/Library/Developer/Xcode/DerivedData/TaxedGmbH_IOS-gerngfqzuwudosgobknlgtoawnlj/Build/Products/Debug-iphoneos/TaxedGmbH_IOS.app/Frameworks/grpcpp.framework: replacing existing signature

CodeSign /Users/emanuelflury/Library/Developer/Xcode/DerivedData/TaxedGmbH_IOS-gerngfqzuwudosgobknlgtoawnlj/Build/Products/Debug-iphoneos/TaxedGmbH_IOS.app/Frameworks/grpc.framework (in target 'TaxedGmbH_IOS' from project 'TaxedGmbH_IOS')
    cd /Users/emanuelflury/github/TaxedGmbH_IOS
    
    Signing Identity:     "Apple Development: Emanuel Flury (4P5NUJGAA6)"
    Provisioning Profile: "iOS Team Provisioning Profile: com.taxed.app"
                          (93c9ab65-3c29-4aa4-937c-314a51a0710f)
    
    /usr/bin/codesign --force --sign AC32BFDEDB67954DA5B4B6F3219E2D79695882A9 --timestamp\=none --preserve-metadata\=identifier,entitlements,flags --generate-entitlement-der /Users/emanuelflury/Library/Developer/Xcode/DerivedData/TaxedGmbH_IOS-gerngfqzuwudosgobknlgtoawnlj/Build/Products/Debug-iphoneos/TaxedGmbH_IOS.app/Frameworks/grpc.framework
/Users/emanuelflury/Library/Developer/Xcode/DerivedData/TaxedGmbH_IOS-gerngfqzuwudosgobknlgtoawnlj/Build/Products/Debug-iphoneos/TaxedGmbH_IOS.app/Frameworks/grpc.framework: replacing existing signature

CodeSign /Users/emanuelflury/Library/Developer/Xcode/DerivedData/TaxedGmbH_IOS-gerngfqzuwudosgobknlgtoawnlj/Build/Products/Debug-iphoneos/TaxedGmbH_IOS.app/Frameworks/absl.framework (in target 'TaxedGmbH_IOS' from project 'TaxedGmbH_IOS')
    cd /Users/emanuelflury/github/TaxedGmbH_IOS
    
    Signing Identity:     "Apple Development: Emanuel Flury (4P5NUJGAA6)"
    Provisioning Profile: "iOS Team Provisioning Profile: com.taxed.app"
                          (93c9ab65-3c29-4aa4-937c-314a51a0710f)
    
    /usr/bin/codesign --force --sign AC32BFDEDB67954DA5B4B6F3219E2D79695882A9 --timestamp\=none --preserve-metadata\=identifier,entitlements,flags --generate-entitlement-der /Users/emanuelflury/Library/Developer/Xcode/DerivedData/TaxedGmbH_IOS-gerngfqzuwudosgobknlgtoawnlj/Build/Products/Debug-iphoneos/TaxedGmbH_IOS.app/Frameworks/absl.framework

** BUILD FAILED **


The following build commands failed:
	SwiftCompile normal arm64 Compiling\ AboutView.swift,\ ContentView.swift,\ DashboardView.swift,\ MainTabView.swift,\ MoreView.swift,\ ExpatOnboardingView.swift,\ ProcessStageView.swift,\ AccountManagementView.swift,\ AccountSecurityView.swift /Users/emanuelflury/github/TaxedGmbH_IOS/TaxedGmbH_IOS/Views/Main/AboutView.swift /Users/emanuelflury/github/TaxedGmbH_IOS/TaxedGmbH_IOS/Views/Main/ContentView.swift /Users/emanuelflury/github/TaxedGmbH_IOS/TaxedGmbH_IOS/Views/Main/DashboardView.swift /Users/emanuelflury/github/TaxedGmbH_IOS/TaxedGmbH_IOS/Views/Main/MainTabView.swift /Users/emanuelflury/github/TaxedGmbH_IOS/TaxedGmbH_IOS/Views/Main/MoreView.swift /Users/emanuelflury/github/TaxedGmbH_IOS/TaxedGmbH_IOS/Views/Onboarding/ExpatOnboardingView.swift /Users/emanuelflury/github/TaxedGmbH_IOS/TaxedGmbH_IOS/Views/Process/ProcessStageView.swift /Users/emanuelflury/github/TaxedGmbH_IOS/TaxedGmbH_IOS/Views/Settings/AccountManagementView.swift /Users/emanuelflury/github/TaxedGmbH_IOS/TaxedGmbH_IOS/Views/Settings/AccountSecurityView.swift (in target 'TaxedGmbH_IOS' from project 'TaxedGmbH_IOS')
	SwiftCompile normal arm64 /Users/emanuelflury/github/TaxedGmbH_IOS/TaxedGmbH_IOS/Views/Main/DashboardView.swift (in target 'TaxedGmbH_IOS' from project 'TaxedGmbH_IOS')
	Building project TaxedGmbH_IOS with scheme TaxedGmbH_IOS
(3 failures)
